[0.000000] (-) TimerEvent: {}
[0.003106] (simple_robot) JobQueued: {'identifier': 'simple_robot', 'dependencies': OrderedDict()}
[0.003361] (simple_robot) JobStarted: {'identifier': 'simple_robot'}
[0.043681] (simple_robot) JobProgress: {'identifier': 'simple_robot', 'progress': 'cmake'}
[0.044721] (simple_robot) Command: {'cmd': ['/usr/bin/cmake', '/home/martina/rp_project/robot-programming-project/src/simple_robot', '-DCMAKE_INSTALL_PREFIX=/home/martina/rp_project/robot-programming-project/src/simple_robot/install/simple_robot'], 'cwd': '/home/martina/rp_project/robot-programming-project/src/simple_robot/build/simple_robot', 'env': OrderedDict([('GJS_DEBUG_TOPICS', 'JS ERROR;JS LOG'), ('LESSOPEN', '| /usr/bin/env /usr/bin/lesspipe %s 2>/dev/null'), ('CONDA_PROMPT_MODIFIER', '(base)'), ('LC_TIME', 'it_IT.UTF-8'), ('USER', 'martina'), ('XDG_SESSION_TYPE', 'wayland'), ('GIT_ASKPASS', '/usr/share/code/resources/app/extensions/git/dist/askpass.sh'), ('SHLVL', '2'), ('LD_LIBRARY_PATH', '/opt/ros/humble/opt/rviz_ogre_vendor/lib:/opt/ros/humble/lib/x86_64-linux-gnu:/opt/ros/humble/lib::/home/martina/.mujoco/mujoco210/bin:/usr/lib/nvidia:~/anaconda3/lib'), ('HOME', '/home/martina'), ('OLDPWD', '/home/martina/rp_project/robot-programming-project/src/simple_robot'), ('CHROME_DESKTOP', 'code.desktop'), ('TERMINFO', '/home/martina/.terminfo'), ('LESS', '-iRFXMx4'), ('CONDA_SHLVL', '1'), ('DESKTOP_SESSION', 'ubuntu'), ('TERM_PROGRAM_VERSION', '1.97.2'), ('GIO_LAUNCHED_DESKTOP_FILE', '/usr/share/applications/code.desktop'), ('LSCOLORS', 'ExGxDxDxCxDxDxFxFxexEx'), ('GTK_MODULES', 'gail:atk-bridge'), ('GNOME_SHELL_SESSION_MODE', 'ubuntu'), ('VSCODE_GIT_ASKPASS_MAIN', '/usr/share/code/resources/app/extensions/git/dist/askpass-main.js'), ('PAGER', 'less'), ('ROS_PYTHON_VERSION', '3'), ('LC_MONETARY', 'it_IT.UTF-8'), ('MANAGERPID', '887'), ('VSCODE_GIT_ASKPASS_NODE', '/usr/share/code/code'), ('SYSTEMD_EXEC_PID', '1152'), ('DBUS_SESSION_BUS_ADDRESS', 'unix:path=/run/user/1000/bus'), ('P9K_TTY', 'old'), ('GIO_LAUNCHED_DESKTOP_FILE_PID', '3260'), ('COLORTERM', 'truecolor'), ('_CE_M', ''), ('WAYLAND_DISPLAY', 'wayland-0'), ('INFOPATH', ''), ('ROS_DISTRO', 'humble'), ('COLCON_PREFIX_PATH', '/home/martina/rp_project/robot-programming-project/install'), ('LOGNAME', 'martina'), ('_', '/usr/bin/colcon'), ('JOURNAL_STREAM', '8:11413'), ('_P9K_SSH_TTY', '/dev/pts/2'), ('XDG_SESSION_CLASS', 'user'), ('USER_ZDOTDIR', '/home/martina'), ('ROS_VERSION', '2'), ('USERNAME', 'martina'), ('TERM', 'xterm-256color'), ('GNOME_DESKTOP_SESSION_ID', 'this-is-deprecated'), ('_CE_CONDA', ''), ('ROS_LOCALHOST_ONLY', '0'), ('PATH', '/opt/ros/humble/bin:/home/martina/.local/bin:/home/martina/.local/bin:/usr/lib/ccache:.:/home/martina/.mujoco/mujoco210/bin:/usr/lib/nvidia:/home/martina/anaconda3/condabin:/home/martina/bin:/home/martina/.local/bin:/usr/local/sbin:/usr/local/bin:/usr/sbin:/usr/bin:/sbin:/bin:/usr/games:/usr/local/games:/snap/bin:/home/martina/.cache/zsh4humans/v5/fzf/bin:/home/martina/other/install/bin'), ('SESSION_MANAGER', 'local/Martina-ThinkPad-X1-Yoga:@/tmp/.ICE-unix/1105,unix/Martina-ThinkPad-X1-Yoga:/tmp/.ICE-unix/1105'), ('INVOCATION_ID', 'abb78b4b018940349bd4da4c8fed9753'), ('LC_ADDRESS', 'it_IT.UTF-8'), ('XDG_RUNTIME_DIR', '/run/user/1000'), ('XDG_MENU_PREFIX', 'gnome-'), ('GNOME_SETUP_DISPLAY', ':1'), ('GDK_BACKEND', 'x11'), ('DISPLAY', ':0'), ('LANG', 'en_US.UTF-8'), ('LC_TELEPHONE', 'it_IT.UTF-8'), ('XDG_CURRENT_DESKTOP', 'Unity'), ('VSCODE_INJECTION', '1'), ('LD_PRELOAD', ':/usr/lib/x86_64-linux-gnu/libGLEW.so'), ('XDG_SESSION_DESKTOP', 'ubuntu'), ('XMODIFIERS', '@im=ibus'), ('XAUTHORITY', '/run/user/1000/.mutter-Xwaylandauth.L52E22'), ('TERM_PROGRAM', 'vscode'), ('VSCODE_GIT_IPC_HANDLE', '/run/user/1000/vscode-git-f640f2b3f6.sock'), ('LS_COLORS', 'fi=00:mi=00:mh=00:ln=01;36:or=01;31:di=01;34:ow=04;01;34:st=34:tw=04;34:pi=01;33:so=01;33:do=01;33:bd=01;33:cd=01;33:su=01;35:sg=01;35:ca=01;35:ex=01;32:no=38;5;248'), ('TREE_COLORS', 'fi=00:mi=00:mh=00:ln=01;36:or=01;31:di=01;34:ow=01;34:st=34:tw=34:pi=01;33:so=01;33:do=01;33:bd=01;33:cd=01;33:su=01;35:sg=01;35:ca=01;35:ex=01;32'), ('SSH_AGENT_LAUNCHER', 'gnome-keyring'), ('SSH_AUTH_SOCK', '/run/user/1000/keyring/ssh'), ('ORIGINAL_XDG_CURRENT_DESKTOP', 'ubuntu:GNOME'), ('CONDA_PYTHON_EXE', '/home/martina/anaconda3/bin/python'), ('AMENT_PREFIX_PATH', '/home/martina/rp_project/robot-programming-project/install/simple_robot:/opt/ros/humble'), ('LC_NAME', 'it_IT.UTF-8'), ('SHELL', '/usr/local/bin/zsh'), ('DEST', '/home/martina/other/install'), ('QT_ACCESSIBILITY', '1'), ('GDMSESSION', 'ubuntu'), ('CONDA_DEFAULT_ENV', 'base'), ('LC_MEASUREMENT', 'it_IT.UTF-8'), ('LC_IDENTIFICATION', 'it_IT.UTF-8'), ('GJS_DEBUG_OUTPUT', 'stderr'), ('P9K_SSH', '0'), ('QT_IM_MODULE', 'ibus'), ('VSCODE_GIT_ASKPASS_EXTRA_ARGS', ''), ('VSCODE_NONCE', 'f672ca6a-f6db-4411-8134-b3ad71667d44'), ('LC_ALL', 'en_US.UTF-8'), ('PWD', '/home/martina/rp_project/robot-programming-project/src/simple_robot/build/simple_robot'), ('GPG_TTY', '/dev/pts/2'), ('XDG_DATA_DIRS', '/usr/local/share/:/usr/share/:/var/lib/snapd/desktop'), ('ZDOTDIR', '/home/martina'), ('_P9K_TTY', '/dev/pts/2'), ('CONDA_EXE', '/home/martina/anaconda3/bin/conda'), ('LC_NUMERIC', 'it_IT.UTF-8'), ('PYTHONPATH', '/opt/ros/humble/lib/python3.10/site-packages:/opt/ros/humble/local/lib/python3.10/dist-packages:/home/martina/other/install/lib/python3.10/site-packages/'), ('LC_PAPER', 'it_IT.UTF-8'), ('CONDA_PREFIX', '/home/martina/anaconda3'), ('COLCON', '1'), ('MANPATH', '/usr/local/share/man:/home/martina/.cache/zsh4humans/v5/fzf/man:'), ('CMAKE_PREFIX_PATH', '/home/martina/rp_project/robot-programming-project/install/simple_robot:/opt/ros/humble')]), 'shell': False}
[0.100001] (-) TimerEvent: {}
[0.201839] (-) TimerEvent: {}
[0.265744] (simple_robot) StdoutLine: {'line': b'-- The C compiler identification is GNU 11.4.0\n'}
[0.301965] (-) TimerEvent: {}
[0.402419] (-) TimerEvent: {}
[0.504592] (-) TimerEvent: {}
[0.519248] (simple_robot) StdoutLine: {'line': b'-- The CXX compiler identification is GNU 11.4.0\n'}
[0.550598] (simple_robot) StdoutLine: {'line': b'-- Detecting C compiler ABI info\n'}
[0.607124] (-) TimerEvent: {}
[0.707543] (-) TimerEvent: {}
[0.780765] (simple_robot) StdoutLine: {'line': b'-- Detecting C compiler ABI info - done\n'}
[0.799829] (simple_robot) StdoutLine: {'line': b'-- Check for working C compiler: /usr/lib/ccache/cc - skipped\n'}
[0.803610] (simple_robot) StdoutLine: {'line': b'-- Detecting C compile features\n'}
[0.803919] (simple_robot) StdoutLine: {'line': b'-- Detecting C compile features - done\n'}
[0.807684] (-) TimerEvent: {}
[0.808913] (simple_robot) StdoutLine: {'line': b'-- Detecting CXX compiler ABI info\n'}
[0.907799] (-) TimerEvent: {}
[1.008208] (-) TimerEvent: {}
[1.046532] (simple_robot) StdoutLine: {'line': b'-- Detecting CXX compiler ABI info - done\n'}
[1.084502] (simple_robot) StdoutLine: {'line': b'-- Check for working CXX compiler: /usr/lib/ccache/c++ - skipped\n'}
[1.084830] (simple_robot) StdoutLine: {'line': b'-- Detecting CXX compile features\n'}
[1.084984] (simple_robot) StdoutLine: {'line': b'-- Detecting CXX compile features - done\n'}
[1.108360] (-) TimerEvent: {}
[1.124108] (simple_robot) StdoutLine: {'line': b'-- Found OpenCV: /usr (found suitable version "4.5.4", minimum required is "4.5.4") \n'}
[1.129068] (simple_robot) StdoutLine: {'line': b'-- Found ament_cmake: 1.3.11 (/opt/ros/humble/share/ament_cmake/cmake)\n'}
[1.208420] (-) TimerEvent: {}
[1.308775] (-) TimerEvent: {}
[1.409222] (-) TimerEvent: {}
[1.492655] (simple_robot) StdoutLine: {'line': b'-- Found Python3: /usr/bin/python3 (found version "3.10.12") found components: Interpreter \n'}
[1.509364] (-) TimerEvent: {}
[1.609750] (-) TimerEvent: {}
[1.710637] (-) TimerEvent: {}
[1.711466] (simple_robot) StdoutLine: {'line': b'-- Found rclcpp: 16.0.11 (/opt/ros/humble/share/rclcpp/cmake)\n'}
[1.814075] (-) TimerEvent: {}
[1.818541] (simple_robot) StdoutLine: {'line': b'-- Found rosidl_generator_c: 3.1.6 (/opt/ros/humble/share/rosidl_generator_c/cmake)\n'}
[1.834185] (simple_robot) StdoutLine: {'line': b'-- Found rosidl_adapter: 3.1.6 (/opt/ros/humble/share/rosidl_adapter/cmake)\n'}
[1.884820] (simple_robot) StdoutLine: {'line': b'-- Found rosidl_generator_cpp: 3.1.6 (/opt/ros/humble/share/rosidl_generator_cpp/cmake)\n'}
[1.916220] (-) TimerEvent: {}
[1.943449] (simple_robot) StdoutLine: {'line': b'-- Using all available rosidl_typesupport_c: rosidl_typesupport_fastrtps_c;rosidl_typesupport_introspection_c\n'}
[2.002295] (simple_robot) StdoutLine: {'line': b'-- Using all available rosidl_typesupport_cpp: rosidl_typesupport_fastrtps_cpp;rosidl_typesupport_introspection_cpp\n'}
[2.016399] (-) TimerEvent: {}
[2.118452] (-) TimerEvent: {}
[2.131048] (simple_robot) StdoutLine: {'line': b'-- Found rmw_implementation_cmake: 6.1.2 (/opt/ros/humble/share/rmw_implementation_cmake/cmake)\n'}
[2.139321] (simple_robot) StdoutLine: {'line': b'-- Found rmw_fastrtps_cpp: 6.2.7 (/opt/ros/humble/share/rmw_fastrtps_cpp/cmake)\n'}
[2.218679] (-) TimerEvent: {}
[2.319219] (-) TimerEvent: {}
[2.419748] (-) TimerEvent: {}
[2.438760] (simple_robot) StdoutLine: {'line': b'-- Found OpenSSL: /usr/lib/x86_64-linux-gnu/libcrypto.so (found version "3.0.2")  \n'}
[2.502698] (simple_robot) StdoutLine: {'line': b'-- Found FastRTPS: /opt/ros/humble/include  \n'}
[2.519858] (-) TimerEvent: {}
[2.584038] (simple_robot) StdoutLine: {'line': b"-- Using RMW implementation 'rmw_fastrtps_cpp' as default\n"}
[2.600530] (simple_robot) StdoutLine: {'line': b'-- Looking for pthread.h\n'}
[2.620034] (-) TimerEvent: {}
[2.720642] (-) TimerEvent: {}
[2.756831] (simple_robot) StdoutLine: {'line': b'-- Looking for pthread.h - found\n'}
[2.757435] (simple_robot) StdoutLine: {'line': b'-- Performing Test CMAKE_HAVE_LIBC_PTHREAD\n'}
[2.820767] (-) TimerEvent: {}
[2.921219] (-) TimerEvent: {}
[2.946921] (simple_robot) StdoutLine: {'line': b'-- Performing Test CMAKE_HAVE_LIBC_PTHREAD - Success\n'}
[2.950777] (simple_robot) StdoutLine: {'line': b'-- Found Threads: TRUE  \n'}
[3.021350] (-) TimerEvent: {}
[3.118144] (simple_robot) StdoutLine: {'line': b'-- Found geometry_msgs: 4.2.4 (/opt/ros/humble/share/geometry_msgs/cmake)\n'}
[3.121378] (-) TimerEvent: {}
[3.152129] (simple_robot) StdoutLine: {'line': b'-- Found sensor_msgs: 4.2.4 (/opt/ros/humble/share/sensor_msgs/cmake)\n'}
[3.187641] (simple_robot) StdoutLine: {'line': b'-- Found nav_msgs: 4.2.4 (/opt/ros/humble/share/nav_msgs/cmake)\n'}
[3.221489] (-) TimerEvent: {}
[3.228298] (simple_robot) StdoutLine: {'line': b'-- Found OpenCV: /usr (found version "4.5.4") \n'}
[3.321602] (-) TimerEvent: {}
[3.414429] (simple_robot) StdoutLine: {'line': b'-- DATA_DIR: /home/martina/rp_project/robot-programming-project/src/simple_robot/data\n'}
[3.415792] (simple_robot) StdoutLine: {'line': b'-- Configuring done\n'}
[3.422244] (-) TimerEvent: {}
[3.474328] (simple_robot) StdoutLine: {'line': b'-- Generating done\n'}
[3.496523] (simple_robot) StdoutLine: {'line': b'-- Build files have been written to: /home/martina/rp_project/robot-programming-project/src/simple_robot/build/simple_robot\n'}
[3.522407] (-) TimerEvent: {}
[3.527872] (simple_robot) CommandEnded: {'returncode': 0}
[3.540361] (simple_robot) JobProgress: {'identifier': 'simple_robot', 'progress': 'build'}
[3.540502] (simple_robot) Command: {'cmd': ['/usr/bin/cmake', '--build', '/home/martina/rp_project/robot-programming-project/src/simple_robot/build/simple_robot', '--', '-j4', '-l4'], 'cwd': '/home/martina/rp_project/robot-programming-project/src/simple_robot/build/simple_robot', 'env': OrderedDict([('GJS_DEBUG_TOPICS', 'JS ERROR;JS LOG'), ('LESSOPEN', '| /usr/bin/env /usr/bin/lesspipe %s 2>/dev/null'), ('CONDA_PROMPT_MODIFIER', '(base)'), ('LC_TIME', 'it_IT.UTF-8'), ('USER', 'martina'), ('XDG_SESSION_TYPE', 'wayland'), ('GIT_ASKPASS', '/usr/share/code/resources/app/extensions/git/dist/askpass.sh'), ('SHLVL', '2'), ('LD_LIBRARY_PATH', '/opt/ros/humble/opt/rviz_ogre_vendor/lib:/opt/ros/humble/lib/x86_64-linux-gnu:/opt/ros/humble/lib::/home/martina/.mujoco/mujoco210/bin:/usr/lib/nvidia:~/anaconda3/lib'), ('HOME', '/home/martina'), ('OLDPWD', '/home/martina/rp_project/robot-programming-project/src/simple_robot'), ('CHROME_DESKTOP', 'code.desktop'), ('TERMINFO', '/home/martina/.terminfo'), ('LESS', '-iRFXMx4'), ('CONDA_SHLVL', '1'), ('DESKTOP_SESSION', 'ubuntu'), ('TERM_PROGRAM_VERSION', '1.97.2'), ('GIO_LAUNCHED_DESKTOP_FILE', '/usr/share/applications/code.desktop'), ('LSCOLORS', 'ExGxDxDxCxDxDxFxFxexEx'), ('GTK_MODULES', 'gail:atk-bridge'), ('GNOME_SHELL_SESSION_MODE', 'ubuntu'), ('VSCODE_GIT_ASKPASS_MAIN', '/usr/share/code/resources/app/extensions/git/dist/askpass-main.js'), ('PAGER', 'less'), ('ROS_PYTHON_VERSION', '3'), ('LC_MONETARY', 'it_IT.UTF-8'), ('MANAGERPID', '887'), ('VSCODE_GIT_ASKPASS_NODE', '/usr/share/code/code'), ('SYSTEMD_EXEC_PID', '1152'), ('DBUS_SESSION_BUS_ADDRESS', 'unix:path=/run/user/1000/bus'), ('P9K_TTY', 'old'), ('GIO_LAUNCHED_DESKTOP_FILE_PID', '3260'), ('COLORTERM', 'truecolor'), ('_CE_M', ''), ('WAYLAND_DISPLAY', 'wayland-0'), ('INFOPATH', ''), ('ROS_DISTRO', 'humble'), ('COLCON_PREFIX_PATH', '/home/martina/rp_project/robot-programming-project/install'), ('LOGNAME', 'martina'), ('_', '/usr/bin/colcon'), ('JOURNAL_STREAM', '8:11413'), ('_P9K_SSH_TTY', '/dev/pts/2'), ('XDG_SESSION_CLASS', 'user'), ('USER_ZDOTDIR', '/home/martina'), ('ROS_VERSION', '2'), ('USERNAME', 'martina'), ('TERM', 'xterm-256color'), ('GNOME_DESKTOP_SESSION_ID', 'this-is-deprecated'), ('_CE_CONDA', ''), ('ROS_LOCALHOST_ONLY', '0'), ('PATH', '/opt/ros/humble/bin:/home/martina/.local/bin:/home/martina/.local/bin:/usr/lib/ccache:.:/home/martina/.mujoco/mujoco210/bin:/usr/lib/nvidia:/home/martina/anaconda3/condabin:/home/martina/bin:/home/martina/.local/bin:/usr/local/sbin:/usr/local/bin:/usr/sbin:/usr/bin:/sbin:/bin:/usr/games:/usr/local/games:/snap/bin:/home/martina/.cache/zsh4humans/v5/fzf/bin:/home/martina/other/install/bin'), ('SESSION_MANAGER', 'local/Martina-ThinkPad-X1-Yoga:@/tmp/.ICE-unix/1105,unix/Martina-ThinkPad-X1-Yoga:/tmp/.ICE-unix/1105'), ('INVOCATION_ID', 'abb78b4b018940349bd4da4c8fed9753'), ('LC_ADDRESS', 'it_IT.UTF-8'), ('XDG_RUNTIME_DIR', '/run/user/1000'), ('XDG_MENU_PREFIX', 'gnome-'), ('GNOME_SETUP_DISPLAY', ':1'), ('GDK_BACKEND', 'x11'), ('DISPLAY', ':0'), ('LANG', 'en_US.UTF-8'), ('LC_TELEPHONE', 'it_IT.UTF-8'), ('XDG_CURRENT_DESKTOP', 'Unity'), ('VSCODE_INJECTION', '1'), ('LD_PRELOAD', ':/usr/lib/x86_64-linux-gnu/libGLEW.so'), ('XDG_SESSION_DESKTOP', 'ubuntu'), ('XMODIFIERS', '@im=ibus'), ('XAUTHORITY', '/run/user/1000/.mutter-Xwaylandauth.L52E22'), ('TERM_PROGRAM', 'vscode'), ('VSCODE_GIT_IPC_HANDLE', '/run/user/1000/vscode-git-f640f2b3f6.sock'), ('LS_COLORS', 'fi=00:mi=00:mh=00:ln=01;36:or=01;31:di=01;34:ow=04;01;34:st=34:tw=04;34:pi=01;33:so=01;33:do=01;33:bd=01;33:cd=01;33:su=01;35:sg=01;35:ca=01;35:ex=01;32:no=38;5;248'), ('TREE_COLORS', 'fi=00:mi=00:mh=00:ln=01;36:or=01;31:di=01;34:ow=01;34:st=34:tw=34:pi=01;33:so=01;33:do=01;33:bd=01;33:cd=01;33:su=01;35:sg=01;35:ca=01;35:ex=01;32'), ('SSH_AGENT_LAUNCHER', 'gnome-keyring'), ('SSH_AUTH_SOCK', '/run/user/1000/keyring/ssh'), ('ORIGINAL_XDG_CURRENT_DESKTOP', 'ubuntu:GNOME'), ('CONDA_PYTHON_EXE', '/home/martina/anaconda3/bin/python'), ('AMENT_PREFIX_PATH', '/home/martina/rp_project/robot-programming-project/install/simple_robot:/opt/ros/humble'), ('LC_NAME', 'it_IT.UTF-8'), ('SHELL', '/usr/local/bin/zsh'), ('DEST', '/home/martina/other/install'), ('QT_ACCESSIBILITY', '1'), ('GDMSESSION', 'ubuntu'), ('CONDA_DEFAULT_ENV', 'base'), ('LC_MEASUREMENT', 'it_IT.UTF-8'), ('LC_IDENTIFICATION', 'it_IT.UTF-8'), ('GJS_DEBUG_OUTPUT', 'stderr'), ('P9K_SSH', '0'), ('QT_IM_MODULE', 'ibus'), ('VSCODE_GIT_ASKPASS_EXTRA_ARGS', ''), ('VSCODE_NONCE', 'f672ca6a-f6db-4411-8134-b3ad71667d44'), ('LC_ALL', 'en_US.UTF-8'), ('PWD', '/home/martina/rp_project/robot-programming-project/src/simple_robot/build/simple_robot'), ('GPG_TTY', '/dev/pts/2'), ('XDG_DATA_DIRS', '/usr/local/share/:/usr/share/:/var/lib/snapd/desktop'), ('ZDOTDIR', '/home/martina'), ('_P9K_TTY', '/dev/pts/2'), ('CONDA_EXE', '/home/martina/anaconda3/bin/conda'), ('LC_NUMERIC', 'it_IT.UTF-8'), ('PYTHONPATH', '/opt/ros/humble/lib/python3.10/site-packages:/opt/ros/humble/local/lib/python3.10/dist-packages:/home/martina/other/install/lib/python3.10/site-packages/'), ('LC_PAPER', 'it_IT.UTF-8'), ('CONDA_PREFIX', '/home/martina/anaconda3'), ('COLCON', '1'), ('MANPATH', '/usr/local/share/man:/home/martina/.cache/zsh4humans/v5/fzf/man:'), ('CMAKE_PREFIX_PATH', '/home/martina/rp_project/robot-programming-project/install/simple_robot:/opt/ros/humble')]), 'shell': False}
[3.622540] (-) TimerEvent: {}
[3.724492] (-) TimerEvent: {}
[3.737222] (simple_robot) StdoutLine: {'line': b'\x1b[35m\x1b[1mConsolidate compiler generated dependencies of target robot_map_node\x1b[0m\n'}
[3.751414] (simple_robot) StdoutLine: {'line': b'\x1b[35m\x1b[1mConsolidate compiler generated dependencies of target grid_map\x1b[0m\n'}
[3.825692] (-) TimerEvent: {}
[3.869932] (simple_robot) StdoutLine: {'line': b'[  8%] \x1b[32mBuilding CXX object CMakeFiles/robot_map_node.dir/src/main.cpp.o\x1b[0m\n'}
[3.912655] (simple_robot) StdoutLine: {'line': b'[ 16%] \x1b[32mBuilding CXX object src/CMakeFiles/grid_map.dir/main.cpp.o\x1b[0m\n'}
[3.926965] (-) TimerEvent: {}
[4.027426] (-) TimerEvent: {}
[4.127890] (-) TimerEvent: {}
[4.233990] (-) TimerEvent: {}
[4.334513] (-) TimerEvent: {}
[4.434984] (-) TimerEvent: {}
[4.535678] (-) TimerEvent: {}
[4.636508] (-) TimerEvent: {}
[4.737215] (-) TimerEvent: {}
[4.840601] (-) TimerEvent: {}
[4.941030] (-) TimerEvent: {}
[5.043433] (-) TimerEvent: {}
[5.143943] (-) TimerEvent: {}
[5.247636] (-) TimerEvent: {}
[5.348181] (-) TimerEvent: {}
[5.448632] (-) TimerEvent: {}
[5.549208] (-) TimerEvent: {}
[5.651664] (-) TimerEvent: {}
[5.752299] (-) TimerEvent: {}
[5.854171] (-) TimerEvent: {}
[5.955652] (-) TimerEvent: {}
[6.056504] (-) TimerEvent: {}
[6.156995] (-) TimerEvent: {}
[6.257393] (-) TimerEvent: {}
[6.360546] (-) TimerEvent: {}
[6.465418] (-) TimerEvent: {}
[6.565851] (-) TimerEvent: {}
[6.666291] (-) TimerEvent: {}
[6.766748] (-) TimerEvent: {}
[6.867176] (-) TimerEvent: {}
[6.967594] (-) TimerEvent: {}
[7.068363] (-) TimerEvent: {}
[7.169045] (-) TimerEvent: {}
[7.269703] (-) TimerEvent: {}
[7.370140] (-) TimerEvent: {}
[7.470552] (-) TimerEvent: {}
[7.571025] (-) TimerEvent: {}
[7.671434] (-) TimerEvent: {}
[7.772141] (-) TimerEvent: {}
[7.872533] (-) TimerEvent: {}
[7.972918] (-) TimerEvent: {}
[8.073298] (-) TimerEvent: {}
[8.173755] (-) TimerEvent: {}
[8.274138] (-) TimerEvent: {}
[8.374560] (-) TimerEvent: {}
[8.474950] (-) TimerEvent: {}
[8.575362] (-) TimerEvent: {}
[8.676286] (-) TimerEvent: {}
[8.776905] (-) TimerEvent: {}
[8.877296] (-) TimerEvent: {}
[8.977697] (-) TimerEvent: {}
[9.078094] (-) TimerEvent: {}
[9.178493] (-) TimerEvent: {}
[9.278890] (-) TimerEvent: {}
[9.379350] (-) TimerEvent: {}
[9.479942] (-) TimerEvent: {}
[9.580297] (-) TimerEvent: {}
[9.680696] (-) TimerEvent: {}
[9.781613] (-) TimerEvent: {}
[9.882046] (-) TimerEvent: {}
[9.982443] (-) TimerEvent: {}
[10.083060] (-) TimerEvent: {}
[10.183432] (-) TimerEvent: {}
[10.284167] (-) TimerEvent: {}
[10.384611] (-) TimerEvent: {}
[10.485685] (-) TimerEvent: {}
[10.587363] (-) TimerEvent: {}
[10.688586] (-) TimerEvent: {}
[10.788974] (-) TimerEvent: {}
[10.889313] (-) TimerEvent: {}
[10.990187] (-) TimerEvent: {}
[11.090681] (-) TimerEvent: {}
[11.191073] (-) TimerEvent: {}
[11.291880] (-) TimerEvent: {}
[11.392284] (-) TimerEvent: {}
[11.496408] (-) TimerEvent: {}
[11.596832] (-) TimerEvent: {}
[11.697911] (-) TimerEvent: {}
[11.798789] (-) TimerEvent: {}
[11.901118] (-) TimerEvent: {}
[12.002154] (-) TimerEvent: {}
[12.102610] (-) TimerEvent: {}
[12.203059] (-) TimerEvent: {}
[12.303497] (-) TimerEvent: {}
[12.403902] (-) TimerEvent: {}
[12.504788] (-) TimerEvent: {}
[12.606896] (-) TimerEvent: {}
[12.707421] (-) TimerEvent: {}
[12.810427] (-) TimerEvent: {}
[12.910874] (-) TimerEvent: {}
[13.011296] (-) TimerEvent: {}
[13.111796] (-) TimerEvent: {}
[13.212224] (-) TimerEvent: {}
[13.312671] (-) TimerEvent: {}
[13.413067] (-) TimerEvent: {}
[13.513420] (-) TimerEvent: {}
[13.613905] (-) TimerEvent: {}
[13.714530] (-) TimerEvent: {}
[13.814954] (-) TimerEvent: {}
[13.915578] (-) TimerEvent: {}
[14.016020] (-) TimerEvent: {}
[14.116478] (-) TimerEvent: {}
[14.216947] (-) TimerEvent: {}
[14.317392] (-) TimerEvent: {}
[14.417874] (-) TimerEvent: {}
[14.518887] (-) TimerEvent: {}
[14.619362] (-) TimerEvent: {}
[14.719831] (-) TimerEvent: {}
[14.820569] (-) TimerEvent: {}
[14.921173] (-) TimerEvent: {}
[15.022064] (-) TimerEvent: {}
[15.123575] (-) TimerEvent: {}
[15.224038] (-) TimerEvent: {}
[15.324417] (-) TimerEvent: {}
[15.424813] (-) TimerEvent: {}
[15.525261] (-) TimerEvent: {}
[15.625718] (-) TimerEvent: {}
[15.726180] (-) TimerEvent: {}
[15.826813] (-) TimerEvent: {}
[15.927417] (-) TimerEvent: {}
[16.027803] (-) TimerEvent: {}
[16.128256] (-) TimerEvent: {}
[16.228887] (-) TimerEvent: {}
[16.329289] (-) TimerEvent: {}
[16.430062] (-) TimerEvent: {}
[16.530422] (-) TimerEvent: {}
[16.630821] (-) TimerEvent: {}
[16.731214] (-) TimerEvent: {}
[16.831709] (-) TimerEvent: {}
[16.932634] (-) TimerEvent: {}
[17.033029] (-) TimerEvent: {}
[17.133418] (-) TimerEvent: {}
[17.233811] (-) TimerEvent: {}
[17.334701] (-) TimerEvent: {}
[17.435104] (-) TimerEvent: {}
[17.535495] (-) TimerEvent: {}
[17.635895] (-) TimerEvent: {}
[17.736313] (-) TimerEvent: {}
[17.837390] (-) TimerEvent: {}
[17.937762] (-) TimerEvent: {}
[18.038192] (-) TimerEvent: {}
[18.138613] (-) TimerEvent: {}
[18.239017] (-) TimerEvent: {}
[18.339419] (-) TimerEvent: {}
[18.439832] (-) TimerEvent: {}
[18.540240] (-) TimerEvent: {}
[18.640652] (-) TimerEvent: {}
[18.741056] (-) TimerEvent: {}
[18.841475] (-) TimerEvent: {}
[18.941871] (-) TimerEvent: {}
[19.042316] (-) TimerEvent: {}
[19.142722] (-) TimerEvent: {}
[19.243107] (-) TimerEvent: {}
[19.343630] (-) TimerEvent: {}
[19.444020] (-) TimerEvent: {}
[19.544414] (-) TimerEvent: {}
[19.644813] (-) TimerEvent: {}
[19.745301] (-) TimerEvent: {}
[19.845719] (-) TimerEvent: {}
[19.946179] (-) TimerEvent: {}
[20.047166] (-) TimerEvent: {}
[20.147587] (-) TimerEvent: {}
[20.248386] (-) TimerEvent: {}
[20.348877] (-) TimerEvent: {}
[20.449636] (-) TimerEvent: {}
[20.552412] (-) TimerEvent: {}
[20.652835] (-) TimerEvent: {}
[20.756408] (-) TimerEvent: {}
[20.859408] (-) TimerEvent: {}
[20.959864] (-) TimerEvent: {}
[21.065418] (-) TimerEvent: {}
[21.165890] (-) TimerEvent: {}
[21.266406] (-) TimerEvent: {}
[21.366942] (-) TimerEvent: {}
[21.469754] (-) TimerEvent: {}
[21.570210] (-) TimerEvent: {}
[21.670755] (-) TimerEvent: {}
[21.771662] (-) TimerEvent: {}
[21.872119] (-) TimerEvent: {}
[21.972575] (-) TimerEvent: {}
[22.073243] (-) TimerEvent: {}
[22.173719] (-) TimerEvent: {}
[22.274104] (-) TimerEvent: {}
[22.374518] (-) TimerEvent: {}
[22.474882] (-) TimerEvent: {}
[22.575263] (-) TimerEvent: {}
[22.675663] (-) TimerEvent: {}
[22.776043] (-) TimerEvent: {}
[22.876415] (-) TimerEvent: {}
[22.976902] (-) TimerEvent: {}
[23.077281] (-) TimerEvent: {}
[23.177675] (-) TimerEvent: {}
[23.278194] (-) TimerEvent: {}
[23.378692] (-) TimerEvent: {}
[23.479099] (-) TimerEvent: {}
[23.580445] (-) TimerEvent: {}
[23.681343] (-) TimerEvent: {}
[23.781761] (-) TimerEvent: {}
[23.882170] (-) TimerEvent: {}
[23.982959] (-) TimerEvent: {}
[24.083506] (-) TimerEvent: {}
[24.184180] (-) TimerEvent: {}
[24.285112] (-) TimerEvent: {}
[24.385588] (-) TimerEvent: {}
[24.486020] (-) TimerEvent: {}
[24.586501] (-) TimerEvent: {}
[24.686989] (-) TimerEvent: {}
[24.787416] (-) TimerEvent: {}
[24.888125] (-) TimerEvent: {}
[24.988490] (-) TimerEvent: {}
[25.088851] (-) TimerEvent: {}
[25.189217] (-) TimerEvent: {}
[25.289608] (-) TimerEvent: {}
[25.389987] (-) TimerEvent: {}
[25.490415] (-) TimerEvent: {}
[25.591262] (-) TimerEvent: {}
[25.692056] (-) TimerEvent: {}
[25.792406] (-) TimerEvent: {}
[25.892755] (-) TimerEvent: {}
[25.993110] (-) TimerEvent: {}
[26.093537] (-) TimerEvent: {}
[26.194124] (-) TimerEvent: {}
[26.294481] (-) TimerEvent: {}
[26.394909] (-) TimerEvent: {}
[26.495255] (-) TimerEvent: {}
[26.595833] (-) TimerEvent: {}
[26.696179] (-) TimerEvent: {}
[26.796545] (-) TimerEvent: {}
[26.896890] (-) TimerEvent: {}
[26.997295] (-) TimerEvent: {}
[27.097731] (-) TimerEvent: {}
[27.198137] (-) TimerEvent: {}
[27.298790] (-) TimerEvent: {}
[27.399194] (-) TimerEvent: {}
[27.499634] (-) TimerEvent: {}
[27.600286] (-) TimerEvent: {}
[27.700904] (-) TimerEvent: {}
[27.801292] (-) TimerEvent: {}
[27.901694] (-) TimerEvent: {}
[28.002075] (-) TimerEvent: {}
[28.102476] (-) TimerEvent: {}
[28.203157] (-) TimerEvent: {}
[28.303757] (-) TimerEvent: {}
[28.404139] (-) TimerEvent: {}
[28.504550] (-) TimerEvent: {}
[28.604951] (-) TimerEvent: {}
[28.705299] (-) TimerEvent: {}
[28.805659] (-) TimerEvent: {}
[28.906238] (-) TimerEvent: {}
[29.006614] (-) TimerEvent: {}
[29.107322] (-) TimerEvent: {}
[29.207677] (-) TimerEvent: {}
[29.310499] (-) TimerEvent: {}
[29.413415] (-) TimerEvent: {}
[29.513818] (-) TimerEvent: {}
[29.614189] (-) TimerEvent: {}
[29.714624] (-) TimerEvent: {}
[29.814988] (-) TimerEvent: {}
[29.915430] (-) TimerEvent: {}
[30.016049] (-) TimerEvent: {}
[30.116442] (-) TimerEvent: {}
[30.216797] (-) TimerEvent: {}
[30.317150] (-) TimerEvent: {}
[30.417482] (-) TimerEvent: {}
[30.517958] (-) TimerEvent: {}
[30.618561] (-) TimerEvent: {}
[30.719014] (-) TimerEvent: {}
[30.819947] (-) TimerEvent: {}
[30.920768] (-) TimerEvent: {}
[31.021359] (-) TimerEvent: {}
[31.121716] (-) TimerEvent: {}
[31.222058] (-) TimerEvent: {}
[31.322406] (-) TimerEvent: {}
[31.422750] (-) TimerEvent: {}
[31.523376] (-) TimerEvent: {}
[31.624153] (-) TimerEvent: {}
[31.724740] (-) TimerEvent: {}
[31.825086] (-) TimerEvent: {}
[31.925413] (-) TimerEvent: {}
[32.025824] (-) TimerEvent: {}
[32.126233] (-) TimerEvent: {}
[32.226812] (-) TimerEvent: {}
[32.327650] (-) TimerEvent: {}
[32.428004] (-) TimerEvent: {}
[32.528848] (-) TimerEvent: {}
[32.629202] (-) TimerEvent: {}
[32.729642] (-) TimerEvent: {}
[32.830073] (-) TimerEvent: {}
[32.930414] (-) TimerEvent: {}
[33.030849] (-) TimerEvent: {}
[33.131634] (-) TimerEvent: {}
[33.232199] (-) TimerEvent: {}
[33.332591] (-) TimerEvent: {}
[33.433012] (-) TimerEvent: {}
[33.533434] (-) TimerEvent: {}
[33.633831] (-) TimerEvent: {}
[33.734203] (-) TimerEvent: {}
[33.834660] (-) TimerEvent: {}
[33.935075] (-) TimerEvent: {}
[34.035504] (-) TimerEvent: {}
[34.135937] (-) TimerEvent: {}
[34.236438] (-) TimerEvent: {}
[34.337469] (-) TimerEvent: {}
[34.438063] (-) TimerEvent: {}
[34.538416] (-) TimerEvent: {}
[34.638848] (-) TimerEvent: {}
[34.739303] (-) TimerEvent: {}
[34.840427] (-) TimerEvent: {}
[34.940821] (-) TimerEvent: {}
[34.990020] (simple_robot) StderrLine: {'line': b'\x1b[01m\x1b[K/home/martina/rp_project/robot-programming-project/src/simple_robot/src/main.cpp:\x1b[m\x1b[K In member function \xe2\x80\x98\x1b[01m\x1b[Kvoid KeyboardControlNode::key_callback(std_msgs::msg::Int32_<std::allocator<void> >::SharedPtr)\x1b[m\x1b[K\xe2\x80\x99:\n'}
[34.991103] (simple_robot) StderrLine: {'line': b'\x1b[01m\x1b[K/home/martina/rp_project/robot-programming-project/src/simple_robot/src/main.cpp:30:26:\x1b[m\x1b[K \x1b[01;35m\x1b[Kwarning: \x1b[m\x1b[Kstatement will never be executed [\x1b[01;35m\x1b[K-Wswitch-unreachable\x1b[m\x1b[K]\n'}
[34.991325] (simple_robot) StderrLine: {'line': b'   30 |             std::cout << \x1b[01;35m\x1b[K"Key: "\x1b[m\x1b[K << key << std::endl;\n'}
[34.991504] (simple_robot) StderrLine: {'line': b'      |                          \x1b[01;35m\x1b[K^~~~~~~\x1b[m\x1b[K\n'}
[35.015409] (simple_robot) StderrLine: {'line': b'\x1b[01m\x1b[K/home/martina/rp_project/robot-programming-project/src/simple_robot/src/main.cpp:\x1b[m\x1b[K In member function \xe2\x80\x98\x1b[01m\x1b[Kvoid KeyboardControlNode::key_callback(std_msgs::msg::Int32_<std::allocator<void> >::SharedPtr)\x1b[m\x1b[K\xe2\x80\x99:\n'}
[35.015748] (simple_robot) StderrLine: {'line': b'\x1b[01m\x1b[K/home/martina/rp_project/robot-programming-project/src/simple_robot/src/main.cpp:30:26:\x1b[m\x1b[K \x1b[01;35m\x1b[Kwarning: \x1b[m\x1b[Kstatement will never be executed [\x1b[01;35m\x1b[K-Wswitch-unreachable\x1b[m\x1b[K]\n'}
[35.015964] (simple_robot) StderrLine: {'line': b'   30 |             std::cout << \x1b[01;35m\x1b[K"Key: "\x1b[m\x1b[K << key << std::endl;\n'}
[35.016201] (simple_robot) StderrLine: {'line': b'      |                          \x1b[01;35m\x1b[K^~~~~~~\x1b[m\x1b[K\n'}
[35.025183] (simple_robot) StdoutLine: {'line': b'[ 25%] \x1b[32m\x1b[1mLinking CXX shared library libgrid_map.so\x1b[0m\n'}
[35.041009] (-) TimerEvent: {}
[35.061802] (simple_robot) StdoutLine: {'line': b'[ 33%] \x1b[32m\x1b[1mLinking CXX executable robot_map_node\x1b[0m\n'}
[35.141107] (-) TimerEvent: {}
[35.241513] (-) TimerEvent: {}
[35.343445] (-) TimerEvent: {}
[35.443960] (-) TimerEvent: {}
[35.546435] (-) TimerEvent: {}
[35.647010] (-) TimerEvent: {}
[35.747694] (-) TimerEvent: {}
[35.848279] (-) TimerEvent: {}
[35.949605] (-) TimerEvent: {}
[36.050175] (-) TimerEvent: {}
[36.151811] (-) TimerEvent: {}
[36.254445] (-) TimerEvent: {}
[36.355021] (-) TimerEvent: {}
[36.457102] (-) TimerEvent: {}
[36.560477] (-) TimerEvent: {}
[36.662808] (-) TimerEvent: {}
[36.766970] (-) TimerEvent: {}
[36.875701] (-) TimerEvent: {}
[36.977090] (-) TimerEvent: {}
[37.077516] (-) TimerEvent: {}
[37.180471] (-) TimerEvent: {}
[37.281098] (-) TimerEvent: {}
[37.381662] (-) TimerEvent: {}
[37.483041] (-) TimerEvent: {}
[37.583650] (-) TimerEvent: {}
[37.687458] (-) TimerEvent: {}
[37.788053] (-) TimerEvent: {}
[37.889122] (-) TimerEvent: {}
[37.990770] (-) TimerEvent: {}
[38.091156] (-) TimerEvent: {}
[38.159569] (simple_robot) StdoutLine: {'line': b'[ 66%] Built target grid_map\n'}
[38.191289] (-) TimerEvent: {}
[38.291698] (-) TimerEvent: {}
[38.392024] (-) TimerEvent: {}
[38.492780] (-) TimerEvent: {}
[38.593200] (-) TimerEvent: {}
[38.695670] (-) TimerEvent: {}
[38.796228] (-) TimerEvent: {}
[38.896923] (-) TimerEvent: {}
[38.998200] (-) TimerEvent: {}
[39.101619] (-) TimerEvent: {}
[39.202074] (-) TimerEvent: {}
[39.303236] (-) TimerEvent: {}
[39.404213] (-) TimerEvent: {}
[39.450974] (simple_robot) StdoutLine: {'line': b'[100%] Built target robot_map_node\n'}
[39.495121] (simple_robot) CommandEnded: {'returncode': 0}
[39.499470] (simple_robot) JobProgress: {'identifier': 'simple_robot', 'progress': 'install'}
[39.504421] (-) TimerEvent: {}
[39.524502] (simple_robot) Command: {'cmd': ['/usr/bin/cmake', '--install', '/home/martina/rp_project/robot-programming-project/src/simple_robot/build/simple_robot'], 'cwd': '/home/martina/rp_project/robot-programming-project/src/simple_robot/build/simple_robot', 'env': OrderedDict([('GJS_DEBUG_TOPICS', 'JS ERROR;JS LOG'), ('LESSOPEN', '| /usr/bin/env /usr/bin/lesspipe %s 2>/dev/null'), ('CONDA_PROMPT_MODIFIER', '(base)'), ('LC_TIME', 'it_IT.UTF-8'), ('USER', 'martina'), ('XDG_SESSION_TYPE', 'wayland'), ('GIT_ASKPASS', '/usr/share/code/resources/app/extensions/git/dist/askpass.sh'), ('SHLVL', '2'), ('LD_LIBRARY_PATH', '/opt/ros/humble/opt/rviz_ogre_vendor/lib:/opt/ros/humble/lib/x86_64-linux-gnu:/opt/ros/humble/lib::/home/martina/.mujoco/mujoco210/bin:/usr/lib/nvidia:~/anaconda3/lib'), ('HOME', '/home/martina'), ('OLDPWD', '/home/martina/rp_project/robot-programming-project/src/simple_robot'), ('CHROME_DESKTOP', 'code.desktop'), ('TERMINFO', '/home/martina/.terminfo'), ('LESS', '-iRFXMx4'), ('CONDA_SHLVL', '1'), ('DESKTOP_SESSION', 'ubuntu'), ('TERM_PROGRAM_VERSION', '1.97.2'), ('GIO_LAUNCHED_DESKTOP_FILE', '/usr/share/applications/code.desktop'), ('LSCOLORS', 'ExGxDxDxCxDxDxFxFxexEx'), ('GTK_MODULES', 'gail:atk-bridge'), ('GNOME_SHELL_SESSION_MODE', 'ubuntu'), ('VSCODE_GIT_ASKPASS_MAIN', '/usr/share/code/resources/app/extensions/git/dist/askpass-main.js'), ('PAGER', 'less'), ('ROS_PYTHON_VERSION', '3'), ('LC_MONETARY', 'it_IT.UTF-8'), ('MANAGERPID', '887'), ('VSCODE_GIT_ASKPASS_NODE', '/usr/share/code/code'), ('SYSTEMD_EXEC_PID', '1152'), ('DBUS_SESSION_BUS_ADDRESS', 'unix:path=/run/user/1000/bus'), ('P9K_TTY', 'old'), ('GIO_LAUNCHED_DESKTOP_FILE_PID', '3260'), ('COLORTERM', 'truecolor'), ('_CE_M', ''), ('WAYLAND_DISPLAY', 'wayland-0'), ('INFOPATH', ''), ('ROS_DISTRO', 'humble'), ('COLCON_PREFIX_PATH', '/home/martina/rp_project/robot-programming-project/install'), ('LOGNAME', 'martina'), ('_', '/usr/bin/colcon'), ('JOURNAL_STREAM', '8:11413'), ('_P9K_SSH_TTY', '/dev/pts/2'), ('XDG_SESSION_CLASS', 'user'), ('USER_ZDOTDIR', '/home/martina'), ('ROS_VERSION', '2'), ('USERNAME', 'martina'), ('TERM', 'xterm-256color'), ('GNOME_DESKTOP_SESSION_ID', 'this-is-deprecated'), ('_CE_CONDA', ''), ('ROS_LOCALHOST_ONLY', '0'), ('PATH', '/opt/ros/humble/bin:/home/martina/.local/bin:/home/martina/.local/bin:/usr/lib/ccache:.:/home/martina/.mujoco/mujoco210/bin:/usr/lib/nvidia:/home/martina/anaconda3/condabin:/home/martina/bin:/home/martina/.local/bin:/usr/local/sbin:/usr/local/bin:/usr/sbin:/usr/bin:/sbin:/bin:/usr/games:/usr/local/games:/snap/bin:/home/martina/.cache/zsh4humans/v5/fzf/bin:/home/martina/other/install/bin'), ('SESSION_MANAGER', 'local/Martina-ThinkPad-X1-Yoga:@/tmp/.ICE-unix/1105,unix/Martina-ThinkPad-X1-Yoga:/tmp/.ICE-unix/1105'), ('INVOCATION_ID', 'abb78b4b018940349bd4da4c8fed9753'), ('LC_ADDRESS', 'it_IT.UTF-8'), ('XDG_RUNTIME_DIR', '/run/user/1000'), ('XDG_MENU_PREFIX', 'gnome-'), ('GNOME_SETUP_DISPLAY', ':1'), ('GDK_BACKEND', 'x11'), ('DISPLAY', ':0'), ('LANG', 'en_US.UTF-8'), ('LC_TELEPHONE', 'it_IT.UTF-8'), ('XDG_CURRENT_DESKTOP', 'Unity'), ('VSCODE_INJECTION', '1'), ('LD_PRELOAD', ':/usr/lib/x86_64-linux-gnu/libGLEW.so'), ('XDG_SESSION_DESKTOP', 'ubuntu'), ('XMODIFIERS', '@im=ibus'), ('XAUTHORITY', '/run/user/1000/.mutter-Xwaylandauth.L52E22'), ('TERM_PROGRAM', 'vscode'), ('VSCODE_GIT_IPC_HANDLE', '/run/user/1000/vscode-git-f640f2b3f6.sock'), ('LS_COLORS', 'fi=00:mi=00:mh=00:ln=01;36:or=01;31:di=01;34:ow=04;01;34:st=34:tw=04;34:pi=01;33:so=01;33:do=01;33:bd=01;33:cd=01;33:su=01;35:sg=01;35:ca=01;35:ex=01;32:no=38;5;248'), ('TREE_COLORS', 'fi=00:mi=00:mh=00:ln=01;36:or=01;31:di=01;34:ow=01;34:st=34:tw=34:pi=01;33:so=01;33:do=01;33:bd=01;33:cd=01;33:su=01;35:sg=01;35:ca=01;35:ex=01;32'), ('SSH_AGENT_LAUNCHER', 'gnome-keyring'), ('SSH_AUTH_SOCK', '/run/user/1000/keyring/ssh'), ('ORIGINAL_XDG_CURRENT_DESKTOP', 'ubuntu:GNOME'), ('CONDA_PYTHON_EXE', '/home/martina/anaconda3/bin/python'), ('AMENT_PREFIX_PATH', '/home/martina/rp_project/robot-programming-project/install/simple_robot:/opt/ros/humble'), ('LC_NAME', 'it_IT.UTF-8'), ('SHELL', '/usr/local/bin/zsh'), ('DEST', '/home/martina/other/install'), ('QT_ACCESSIBILITY', '1'), ('GDMSESSION', 'ubuntu'), ('CONDA_DEFAULT_ENV', 'base'), ('LC_MEASUREMENT', 'it_IT.UTF-8'), ('LC_IDENTIFICATION', 'it_IT.UTF-8'), ('GJS_DEBUG_OUTPUT', 'stderr'), ('P9K_SSH', '0'), ('QT_IM_MODULE', 'ibus'), ('VSCODE_GIT_ASKPASS_EXTRA_ARGS', ''), ('VSCODE_NONCE', 'f672ca6a-f6db-4411-8134-b3ad71667d44'), ('LC_ALL', 'en_US.UTF-8'), ('PWD', '/home/martina/rp_project/robot-programming-project/src/simple_robot/build/simple_robot'), ('GPG_TTY', '/dev/pts/2'), ('XDG_DATA_DIRS', '/usr/local/share/:/usr/share/:/var/lib/snapd/desktop'), ('ZDOTDIR', '/home/martina'), ('_P9K_TTY', '/dev/pts/2'), ('CONDA_EXE', '/home/martina/anaconda3/bin/conda'), ('LC_NUMERIC', 'it_IT.UTF-8'), ('PYTHONPATH', '/opt/ros/humble/lib/python3.10/site-packages:/opt/ros/humble/local/lib/python3.10/dist-packages:/home/martina/other/install/lib/python3.10/site-packages/'), ('LC_PAPER', 'it_IT.UTF-8'), ('CONDA_PREFIX', '/home/martina/anaconda3'), ('COLCON', '1'), ('MANPATH', '/usr/local/share/man:/home/martina/.cache/zsh4humans/v5/fzf/man:'), ('CMAKE_PREFIX_PATH', '/home/martina/rp_project/robot-programming-project/install/simple_robot:/opt/ros/humble')]), 'shell': False}
[39.549690] (simple_robot) StdoutLine: {'line': b'-- Install configuration: ""\n'}
[39.550417] (simple_robot) StdoutLine: {'line': b'-- Installing: /home/martina/rp_project/robot-programming-project/src/simple_robot/install/simple_robot/lib/simple_robot/robot_map_node\n'}
[39.569611] (simple_robot) StdoutLine: {'line': b'-- Set runtime path of "/home/martina/rp_project/robot-programming-project/src/simple_robot/install/simple_robot/lib/simple_robot/robot_map_node" to ""\n'}
[39.571233] (simple_robot) StdoutLine: {'line': b'-- Up-to-date: /home/martina/rp_project/robot-programming-project/src/simple_robot/install/simple_robot/share/ament_index/resource_index/package_run_dependencies/simple_robot\n'}
[39.572573] (simple_robot) StdoutLine: {'line': b'-- Up-to-date: /home/martina/rp_project/robot-programming-project/src/simple_robot/install/simple_robot/share/ament_index/resource_index/parent_prefix_path/simple_robot\n'}
[39.572971] (simple_robot) StdoutLine: {'line': b'-- Up-to-date: /home/martina/rp_project/robot-programming-project/src/simple_robot/install/simple_robot/share/simple_robot/environment/ament_prefix_path.sh\n'}
[39.573191] (simple_robot) StdoutLine: {'line': b'-- Installing: /home/martina/rp_project/robot-programming-project/src/simple_robot/install/simple_robot/share/simple_robot/environment/ament_prefix_path.dsv\n'}
[39.573404] (simple_robot) StdoutLine: {'line': b'-- Up-to-date: /home/martina/rp_project/robot-programming-project/src/simple_robot/install/simple_robot/share/simple_robot/environment/path.sh\n'}
[39.573596] (simple_robot) StdoutLine: {'line': b'-- Installing: /home/martina/rp_project/robot-programming-project/src/simple_robot/install/simple_robot/share/simple_robot/environment/path.dsv\n'}
[39.573802] (simple_robot) StdoutLine: {'line': b'-- Up-to-date: /home/martina/rp_project/robot-programming-project/src/simple_robot/install/simple_robot/share/simple_robot/local_setup.bash\n'}
[39.573957] (simple_robot) StdoutLine: {'line': b'-- Up-to-date: /home/martina/rp_project/robot-programming-project/src/simple_robot/install/simple_robot/share/simple_robot/local_setup.sh\n'}
[39.574105] (simple_robot) StdoutLine: {'line': b'-- Up-to-date: /home/martina/rp_project/robot-programming-project/src/simple_robot/install/simple_robot/share/simple_robot/local_setup.zsh\n'}
[39.574247] (simple_robot) StdoutLine: {'line': b'-- Installing: /home/martina/rp_project/robot-programming-project/src/simple_robot/install/simple_robot/share/simple_robot/local_setup.dsv\n'}
[39.574429] (simple_robot) StdoutLine: {'line': b'-- Installing: /home/martina/rp_project/robot-programming-project/src/simple_robot/install/simple_robot/share/simple_robot/package.dsv\n'}
[39.574581] (simple_robot) StdoutLine: {'line': b'-- Up-to-date: /home/martina/rp_project/robot-programming-project/src/simple_robot/install/simple_robot/share/ament_index/resource_index/packages/simple_robot\n'}
[39.576075] (simple_robot) StdoutLine: {'line': b'-- Up-to-date: /home/martina/rp_project/robot-programming-project/src/simple_robot/install/simple_robot/share/simple_robot/cmake/simple_robotConfig.cmake\n'}
[39.576416] (simple_robot) StdoutLine: {'line': b'-- Up-to-date: /home/martina/rp_project/robot-programming-project/src/simple_robot/install/simple_robot/share/simple_robot/cmake/simple_robotConfig-version.cmake\n'}
[39.576600] (simple_robot) StdoutLine: {'line': b'-- Up-to-date: /home/martina/rp_project/robot-programming-project/src/simple_robot/install/simple_robot/share/simple_robot/package.xml\n'}
[39.585870] (simple_robot) CommandEnded: {'returncode': 0}
[39.605735] (-) TimerEvent: {}
[39.629699] (simple_robot) JobEnded: {'identifier': 'simple_robot', 'rc': 0}
[39.630606] (-) EventReactorShutdown: {}
