[0.000000] (-) TimerEvent: {}
[0.001287] (simple_robot) JobQueued: {'identifier': 'simple_robot', 'dependencies': OrderedDict()}
[0.001479] (simple_robot) JobStarted: {'identifier': 'simple_robot'}
[0.022862] (simple_robot) JobProgress: {'identifier': 'simple_robot', 'progress': 'cmake'}
[0.024245] (simple_robot) Command: {'cmd': ['/usr/bin/cmake', '/home/martina/rp_project/robot-programming-project/src/simple_robot', '-DCMAKE_INSTALL_PREFIX=/home/martina/rp_project/robot-programming-project/src/simple_robot/install/simple_robot'], 'cwd': '/home/martina/rp_project/robot-programming-project/src/simple_robot/build/simple_robot', 'env': OrderedDict([('GJS_DEBUG_TOPICS', 'JS ERROR;JS LOG'), ('VSCODE_CWD', '/home/martina'), ('VSCODE_ESM_ENTRYPOINT', 'vs/workbench/api/node/extensionHostProcess'), ('LC_TIME', 'it_IT.UTF-8'), ('USER', 'martina'), ('VSCODE_NLS_CONFIG', '{"userLocale":"en-us","osLocale":"en-us","resolvedLanguage":"en","defaultMessagesFile":"/usr/share/code/resources/app/out/nls.messages.json","locale":"en-us","availableLanguages":{}}'), ('VSCODE_HANDLES_UNCAUGHT_ERRORS', 'true'), ('XDG_SESSION_TYPE', 'wayland'), ('SHLVL', '1'), ('CHROME_DESKTOP', 'code.desktop'), ('HOME', '/home/martina'), ('OLDPWD', '/home/martina/rp_project/robot-programming-project/src/simple_robot'), ('DESKTOP_SESSION', 'ubuntu'), ('GIO_LAUNCHED_DESKTOP_FILE', '/usr/share/applications/code.desktop'), ('VSCODE_IPC_HOOK', '/run/user/1000/vscode-7b374b6e-1.97-main.sock'), ('GNOME_SHELL_SESSION_MODE', 'ubuntu'), ('GTK_MODULES', 'gail:atk-bridge'), ('APPLICATION_INSIGHTS_NO_DIAGNOSTIC_CHANNEL', '1'), ('LC_MONETARY', 'it_IT.UTF-8'), ('MANAGERPID', '861'), ('DBUS_SESSION_BUS_ADDRESS', 'unix:path=/run/user/1000/bus'), ('SYSTEMD_EXEC_PID', '1099'), ('GIO_LAUNCHED_DESKTOP_FILE_PID', '2441'), ('VSCODE_CRASH_REPORTER_PROCESS_TYPE', 'extensionHost'), ('WAYLAND_DISPLAY', 'wayland-0'), ('VSCODE_L10N_BUNDLE_LOCATION', ''), ('LOGNAME', 'martina'), ('JOURNAL_STREAM', '8:10438'), ('_', '/usr/bin/colcon'), ('XDG_SESSION_CLASS', 'user'), ('APPLICATIONINSIGHTS_CONFIGURATION_CONTENT', '{}'), ('USERNAME', 'martina'), ('GNOME_DESKTOP_SESSION_ID', 'this-is-deprecated'), ('PATH', '/usr/local/sbin:/usr/local/bin:/usr/sbin:/usr/bin:/sbin:/bin:/usr/games:/usr/local/games:/snap/bin:/snap/bin'), ('INVOCATION_ID', 'd41eea5a77214ff18af65c9f647aefff'), ('SESSION_MANAGER', 'local/Martina-ThinkPad-X1-Yoga:@/tmp/.ICE-unix/1062,unix/Martina-ThinkPad-X1-Yoga:/tmp/.ICE-unix/1062'), ('GDK_BACKEND', 'x11'), ('GNOME_SETUP_DISPLAY', ':1'), ('LC_ADDRESS', 'it_IT.UTF-8'), ('XDG_MENU_PREFIX', 'gnome-'), ('XDG_RUNTIME_DIR', '/run/user/1000'), ('DISPLAY', ':0'), ('LANG', 'en_US.UTF-8'), ('LC_TELEPHONE', 'it_IT.UTF-8'), ('XDG_CURRENT_DESKTOP', 'Unity'), ('XAUTHORITY', '/run/user/1000/.mutter-Xwaylandauth.2DKN22'), ('XDG_SESSION_DESKTOP', 'ubuntu'), ('XMODIFIERS', '@im=ibus'), ('ORIGINAL_XDG_CURRENT_DESKTOP', 'ubuntu:GNOME'), ('SSH_AGENT_LAUNCHER', 'gnome-keyring'), ('SSH_AUTH_SOCK', '/run/user/1000/keyring/ssh'), ('LC_NAME', 'it_IT.UTF-8'), ('SHELL', '/usr/local/bin/zsh'), ('VSCODE_DOTNET_INSTALL_TOOL_ORIGINAL_HOME', '/home/martina'), ('GDMSESSION', 'ubuntu'), ('QT_ACCESSIBILITY', '1'), ('ELECTRON_RUN_AS_NODE', '1'), ('LC_MEASUREMENT', 'it_IT.UTF-8'), ('GJS_DEBUG_OUTPUT', 'stderr'), ('LC_IDENTIFICATION', 'it_IT.UTF-8'), ('QT_IM_MODULE', 'ibus'), ('LC_ALL', 'en_US.UTF-8'), ('PWD', '/home/martina/rp_project/robot-programming-project/src/simple_robot/build/simple_robot'), ('VSCODE_CODE_CACHE_PATH', '/home/martina/.config/Code/CachedData/e54c774e0add60467559eb0d1e229c6452cf8447'), ('XDG_DATA_DIRS', '/usr/local/share/:/usr/share/:/var/lib/snapd/desktop'), ('LC_NUMERIC', 'it_IT.UTF-8'), ('LC_PAPER', 'it_IT.UTF-8'), ('COLCON', '1'), ('VSCODE_PID', '2441')]), 'shell': False}
[0.096663] (-) TimerEvent: {}
[0.197078] (-) TimerEvent: {}
[0.295434] (simple_robot) StdoutLine: {'line': b'-- The C compiler identification is GNU 11.4.0\n'}
[0.297396] (-) TimerEvent: {}
[0.397803] (-) TimerEvent: {}
[0.498290] (-) TimerEvent: {}
[0.598816] (-) TimerEvent: {}
[0.610315] (simple_robot) StdoutLine: {'line': b'-- The CXX compiler identification is GNU 11.4.0\n'}
[0.664605] (simple_robot) StdoutLine: {'line': b'-- Detecting C compiler ABI info\n'}
[0.700161] (-) TimerEvent: {}
[0.800620] (-) TimerEvent: {}
[0.901070] (-) TimerEvent: {}
[1.001630] (-) TimerEvent: {}
[1.007837] (simple_robot) StdoutLine: {'line': b'-- Detecting C compiler ABI info - done\n'}
[1.091297] (simple_robot) StdoutLine: {'line': b'-- Check for working C compiler: /usr/bin/cc - skipped\n'}
[1.094749] (simple_robot) StdoutLine: {'line': b'-- Detecting C compile features\n'}
[1.098628] (simple_robot) StdoutLine: {'line': b'-- Detecting C compile features - done\n'}
[1.102646] (-) TimerEvent: {}
[1.125653] (simple_robot) StdoutLine: {'line': b'-- Detecting CXX compiler ABI info\n'}
[1.202850] (-) TimerEvent: {}
[1.306772] (-) TimerEvent: {}
[1.407262] (-) TimerEvent: {}
[1.508680] (-) TimerEvent: {}
[1.609161] (-) TimerEvent: {}
[1.681289] (simple_robot) StdoutLine: {'line': b'-- Detecting CXX compiler ABI info - done\n'}
[1.713666] (-) TimerEvent: {}
[1.771824] (simple_robot) StdoutLine: {'line': b'-- Check for working CXX compiler: /usr/bin/c++ - skipped\n'}
[1.776267] (simple_robot) StdoutLine: {'line': b'-- Detecting CXX compile features\n'}
[1.783045] (simple_robot) StdoutLine: {'line': b'-- Detecting CXX compile features - done\n'}
[1.816373] (-) TimerEvent: {}
[1.874670] (simple_robot) StdoutLine: {'line': b'-- Found OpenCV: /usr (found suitable version "4.5.4", minimum required is "4.5.4") \n'}
[1.917616] (-) TimerEvent: {}
[1.943600] (simple_robot) StderrLine: {'line': b'CMake Error at CMakeLists.txt:10 (find_package):\n'}
[1.945812] (simple_robot) StderrLine: {'line': b'  By not providing "Findament_cmake.cmake" in CMAKE_MODULE_PATH this project\n'}
[1.946471] (simple_robot) StderrLine: {'line': b'  has asked CMake to find a package configuration file provided by\n'}
[1.948159] (simple_robot) StderrLine: {'line': b'  "ament_cmake", but CMake did not find one.\n'}
[1.949778] (simple_robot) StderrLine: {'line': b'\n'}
[1.950396] (simple_robot) StderrLine: {'line': b'  Could not find a package configuration file provided by "ament_cmake" with\n'}
[1.950920] (simple_robot) StderrLine: {'line': b'  any of the following names:\n'}
[1.951435] (simple_robot) StderrLine: {'line': b'\n'}
[1.951956] (simple_robot) StderrLine: {'line': b'    ament_cmakeConfig.cmake\n'}
[1.952408] (simple_robot) StderrLine: {'line': b'    ament_cmake-config.cmake\n'}
[1.958246] (simple_robot) StderrLine: {'line': b'\n'}
[1.959121] (simple_robot) StderrLine: {'line': b'  Add the installation prefix of "ament_cmake" to CMAKE_PREFIX_PATH or set\n'}
[1.962800] (simple_robot) StderrLine: {'line': b'  "ament_cmake_DIR" to a directory containing one of the above files.  If\n'}
[1.963429] (simple_robot) StderrLine: {'line': b'  "ament_cmake" provides a separate development package or SDK, be sure it\n'}
[1.964080] (simple_robot) StderrLine: {'line': b'  has been installed.\n'}
[1.964610] (simple_robot) StderrLine: {'line': b'\n'}
[1.965192] (simple_robot) StderrLine: {'line': b'\n'}
[1.966027] (simple_robot) StdoutLine: {'line': b'-- Configuring incomplete, errors occurred!\n'}
[1.968890] (simple_robot) StdoutLine: {'line': b'See also "/home/martina/rp_project/robot-programming-project/src/simple_robot/build/simple_robot/CMakeFiles/CMakeOutput.log".\n'}
[1.969588] (simple_robot) CommandEnded: {'returncode': 1}
[2.021330] (-) TimerEvent: {}
[2.070846] (simple_robot) JobEnded: {'identifier': 'simple_robot', 'rc': 1}
[2.081978] (-) EventReactorShutdown: {}
