[0.000000] (-) TimerEvent: {}
[0.000310] (simple_robot) JobQueued: {'identifier': 'simple_robot', 'dependencies': OrderedDict()}
[0.000407] (simple_robot) JobStarted: {'identifier': 'simple_robot'}
[0.027310] (simple_robot) JobProgress: {'identifier': 'simple_robot', 'progress': 'cmake'}
[0.030680] (simple_robot) Command: {'cmd': ['/usr/bin/cmake', '/home/martina/rp_project/robot-programming-project/src/simple_robot', '-DCMAKE_INSTALL_PREFIX=/home/martina/rp_project/robot-programming-project/src/simple_robot/install/simple_robot'], 'cwd': '/home/martina/rp_project/robot-programming-project/src/simple_robot/build/simple_robot', 'env': OrderedDict([('GJS_DEBUG_TOPICS', 'JS ERROR;JS LOG'), ('LESSOPEN', '| /usr/bin/env /usr/bin/lesspipe %s 2>/dev/null'), ('CONDA_PROMPT_MODIFIER', '(base)'), ('LC_TIME', 'it_IT.UTF-8'), ('USER', 'martina'), ('XDG_SESSION_TYPE', 'wayland'), ('GIT_ASKPASS', '/usr/share/code/resources/app/extensions/git/dist/askpass.sh'), ('SHLVL', '2'), ('LD_LIBRARY_PATH', '/opt/ros/humble/opt/rviz_ogre_vendor/lib:/opt/ros/humble/lib/x86_64-linux-gnu:/opt/ros/humble/lib::/home/martina/.mujoco/mujoco210/bin:/usr/lib/nvidia:~/anaconda3/lib'), ('HOME', '/home/martina'), ('OLDPWD', '/home/martina/rp_project/robot-programming-project/src/simple_robot'), ('CHROME_DESKTOP', 'code.desktop'), ('TERMINFO', '/home/martina/.terminfo'), ('LESS', '-iRFXMx4'), ('CONDA_SHLVL', '1'), ('DESKTOP_SESSION', 'ubuntu'), ('TERM_PROGRAM_VERSION', '1.97.2'), ('GIO_LAUNCHED_DESKTOP_FILE', '/usr/share/applications/code.desktop'), ('LSCOLORS', 'ExGxDxDxCxDxDxFxFxexEx'), ('GTK_MODULES', 'gail:atk-bridge'), ('GNOME_SHELL_SESSION_MODE', 'ubuntu'), ('VSCODE_GIT_ASKPASS_MAIN', '/usr/share/code/resources/app/extensions/git/dist/askpass-main.js'), ('PAGER', 'less'), ('ROS_PYTHON_VERSION', '3'), ('LC_MONETARY', 'it_IT.UTF-8'), ('MANAGERPID', '887'), ('VSCODE_GIT_ASKPASS_NODE', '/usr/share/code/code'), ('SYSTEMD_EXEC_PID', '1152'), ('DBUS_SESSION_BUS_ADDRESS', 'unix:path=/run/user/1000/bus'), ('P9K_TTY', 'old'), ('GIO_LAUNCHED_DESKTOP_FILE_PID', '3260'), ('COLORTERM', 'truecolor'), ('_CE_M', ''), ('WAYLAND_DISPLAY', 'wayland-0'), ('INFOPATH', ''), ('ROS_DISTRO', 'humble'), ('COLCON_PREFIX_PATH', '/home/martina/rp_project/robot-programming-project/install'), ('LOGNAME', 'martina'), ('_', '/usr/bin/colcon'), ('JOURNAL_STREAM', '8:11413'), ('_P9K_SSH_TTY', '/dev/pts/7'), ('XDG_SESSION_CLASS', 'user'), ('USER_ZDOTDIR', '/home/martina'), ('ROS_VERSION', '2'), ('USERNAME', 'martina'), ('TERM', 'xterm-256color'), ('GNOME_DESKTOP_SESSION_ID', 'this-is-deprecated'), ('_CE_CONDA', ''), ('ROS_LOCALHOST_ONLY', '0'), ('PATH', '/opt/ros/humble/bin:/home/martina/.local/bin:/home/martina/.local/bin:/usr/lib/ccache:.:/home/martina/.mujoco/mujoco210/bin:/usr/lib/nvidia:/home/martina/anaconda3/condabin:/home/martina/bin:/home/martina/.local/bin:/usr/local/sbin:/usr/local/bin:/usr/sbin:/usr/bin:/sbin:/bin:/usr/games:/usr/local/games:/snap/bin:/home/martina/.cache/zsh4humans/v5/fzf/bin:/home/martina/other/install/bin'), ('SESSION_MANAGER', 'local/Martina-ThinkPad-X1-Yoga:@/tmp/.ICE-unix/1105,unix/Martina-ThinkPad-X1-Yoga:/tmp/.ICE-unix/1105'), ('INVOCATION_ID', 'abb78b4b018940349bd4da4c8fed9753'), ('LC_ADDRESS', 'it_IT.UTF-8'), ('XDG_RUNTIME_DIR', '/run/user/1000'), ('XDG_MENU_PREFIX', 'gnome-'), ('GNOME_SETUP_DISPLAY', ':1'), ('GDK_BACKEND', 'x11'), ('DISPLAY', ':0'), ('LANG', 'en_US.UTF-8'), ('LC_TELEPHONE', 'it_IT.UTF-8'), ('XDG_CURRENT_DESKTOP', 'Unity'), ('VSCODE_INJECTION', '1'), ('LD_PRELOAD', ':/usr/lib/x86_64-linux-gnu/libGLEW.so'), ('XDG_SESSION_DESKTOP', 'ubuntu'), ('XMODIFIERS', '@im=ibus'), ('XAUTHORITY', '/run/user/1000/.mutter-Xwaylandauth.L52E22'), ('TERM_PROGRAM', 'vscode'), ('VSCODE_GIT_IPC_HANDLE', '/run/user/1000/vscode-git-f640f2b3f6.sock'), ('LS_COLORS', 'fi=00:mi=00:mh=00:ln=01;36:or=01;31:di=01;34:ow=04;01;34:st=34:tw=04;34:pi=01;33:so=01;33:do=01;33:bd=01;33:cd=01;33:su=01;35:sg=01;35:ca=01;35:ex=01;32:no=38;5;248'), ('TREE_COLORS', 'fi=00:mi=00:mh=00:ln=01;36:or=01;31:di=01;34:ow=01;34:st=34:tw=34:pi=01;33:so=01;33:do=01;33:bd=01;33:cd=01;33:su=01;35:sg=01;35:ca=01;35:ex=01;32'), ('SSH_AGENT_LAUNCHER', 'gnome-keyring'), ('SSH_AUTH_SOCK', '/run/user/1000/keyring/ssh'), ('ORIGINAL_XDG_CURRENT_DESKTOP', 'ubuntu:GNOME'), ('CONDA_PYTHON_EXE', '/home/martina/anaconda3/bin/python'), ('AMENT_PREFIX_PATH', '/home/martina/rp_project/robot-programming-project/install/simple_robot:/opt/ros/humble'), ('LC_NAME', 'it_IT.UTF-8'), ('SHELL', '/usr/local/bin/zsh'), ('DEST', '/home/martina/other/install'), ('QT_ACCESSIBILITY', '1'), ('GDMSESSION', 'ubuntu'), ('CONDA_DEFAULT_ENV', 'base'), ('LC_MEASUREMENT', 'it_IT.UTF-8'), ('LC_IDENTIFICATION', 'it_IT.UTF-8'), ('GJS_DEBUG_OUTPUT', 'stderr'), ('P9K_SSH', '0'), ('QT_IM_MODULE', 'ibus'), ('VSCODE_GIT_ASKPASS_EXTRA_ARGS', ''), ('VSCODE_NONCE', '738ab651-ad75-4cde-ae7d-4724ca708aea'), ('LC_ALL', 'en_US.UTF-8'), ('PWD', '/home/martina/rp_project/robot-programming-project/src/simple_robot/build/simple_robot'), ('GPG_TTY', '/dev/pts/7'), ('XDG_DATA_DIRS', '/usr/local/share/:/usr/share/:/var/lib/snapd/desktop'), ('ZDOTDIR', '/home/martina'), ('_P9K_TTY', '/dev/pts/7'), ('CONDA_EXE', '/home/martina/anaconda3/bin/conda'), ('LC_NUMERIC', 'it_IT.UTF-8'), ('PYTHONPATH', '/opt/ros/humble/lib/python3.10/site-packages:/opt/ros/humble/local/lib/python3.10/dist-packages:/home/martina/other/install/lib/python3.10/site-packages/'), ('LC_PAPER', 'it_IT.UTF-8'), ('CONDA_PREFIX', '/home/martina/anaconda3'), ('COLCON', '1'), ('MANPATH', '/usr/local/share/man:/home/martina/.cache/zsh4humans/v5/fzf/man:'), ('CMAKE_PREFIX_PATH', '/home/martina/rp_project/robot-programming-project/install/simple_robot:/opt/ros/humble')]), 'shell': False}
[0.098870] (-) TimerEvent: {}
[0.202280] (-) TimerEvent: {}
[0.210600] (simple_robot) StdoutLine: {'line': b'-- The C compiler identification is GNU 11.4.0\n'}
[0.305256] (-) TimerEvent: {}
[0.405679] (-) TimerEvent: {}
[0.421805] (simple_robot) StdoutLine: {'line': b'-- The CXX compiler identification is GNU 11.4.0\n'}
[0.455805] (simple_robot) StdoutLine: {'line': b'-- Detecting C compiler ABI info\n'}
[0.505781] (-) TimerEvent: {}
[0.606108] (-) TimerEvent: {}
[0.622861] (simple_robot) StdoutLine: {'line': b'-- Detecting C compiler ABI info - done\n'}
[0.656550] (simple_robot) StdoutLine: {'line': b'-- Check for working C compiler: /usr/lib/ccache/cc - skipped\n'}
[0.657710] (simple_robot) StdoutLine: {'line': b'-- Detecting C compile features\n'}
[0.660193] (simple_robot) StdoutLine: {'line': b'-- Detecting C compile features - done\n'}
[0.674210] (simple_robot) StdoutLine: {'line': b'-- Detecting CXX compiler ABI info\n'}
[0.706411] (-) TimerEvent: {}
[0.806815] (-) TimerEvent: {}
[0.907569] (-) TimerEvent: {}
[0.916303] (simple_robot) StdoutLine: {'line': b'-- Detecting CXX compiler ABI info - done\n'}
[0.949584] (simple_robot) StdoutLine: {'line': b'-- Check for working CXX compiler: /usr/lib/ccache/c++ - skipped\n'}
[0.951414] (simple_robot) StdoutLine: {'line': b'-- Detecting CXX compile features\n'}
[0.951928] (simple_robot) StdoutLine: {'line': b'-- Detecting CXX compile features - done\n'}
[0.979791] (simple_robot) StdoutLine: {'line': b'-- Found OpenCV: /usr (found suitable version "4.5.4", minimum required is "4.5.4") \n'}
[0.982879] (simple_robot) StdoutLine: {'line': b'-- Found ament_cmake: 1.3.11 (/opt/ros/humble/share/ament_cmake/cmake)\n'}
[1.009368] (-) TimerEvent: {}
[1.109806] (-) TimerEvent: {}
[1.210482] (-) TimerEvent: {}
[1.295380] (simple_robot) StdoutLine: {'line': b'-- Found Python3: /usr/bin/python3 (found version "3.10.12") found components: Interpreter \n'}
[1.311248] (-) TimerEvent: {}
[1.412266] (-) TimerEvent: {}
[1.507564] (simple_robot) StdoutLine: {'line': b'-- Found rclcpp: 16.0.11 (/opt/ros/humble/share/rclcpp/cmake)\n'}
[1.512384] (-) TimerEvent: {}
[1.603031] (simple_robot) StdoutLine: {'line': b'-- Found rosidl_generator_c: 3.1.6 (/opt/ros/humble/share/rosidl_generator_c/cmake)\n'}
[1.613205] (-) TimerEvent: {}
[1.613813] (simple_robot) StdoutLine: {'line': b'-- Found rosidl_adapter: 3.1.6 (/opt/ros/humble/share/rosidl_adapter/cmake)\n'}
[1.633013] (simple_robot) StdoutLine: {'line': b'-- Found rosidl_generator_cpp: 3.1.6 (/opt/ros/humble/share/rosidl_generator_cpp/cmake)\n'}
[1.663710] (simple_robot) StdoutLine: {'line': b'-- Using all available rosidl_typesupport_c: rosidl_typesupport_fastrtps_c;rosidl_typesupport_introspection_c\n'}
[1.693561] (simple_robot) StdoutLine: {'line': b'-- Using all available rosidl_typesupport_cpp: rosidl_typesupport_fastrtps_cpp;rosidl_typesupport_introspection_cpp\n'}
[1.714010] (-) TimerEvent: {}
[1.785904] (simple_robot) StdoutLine: {'line': b'-- Found rmw_implementation_cmake: 6.1.2 (/opt/ros/humble/share/rmw_implementation_cmake/cmake)\n'}
[1.790093] (simple_robot) StdoutLine: {'line': b'-- Found rmw_fastrtps_cpp: 6.2.7 (/opt/ros/humble/share/rmw_fastrtps_cpp/cmake)\n'}
[1.815855] (-) TimerEvent: {}
[1.916720] (-) TimerEvent: {}
[2.019491] (-) TimerEvent: {}
[2.120005] (-) TimerEvent: {}
[2.150413] (simple_robot) StdoutLine: {'line': b'-- Found OpenSSL: /usr/lib/x86_64-linux-gnu/libcrypto.so (found version "3.0.2")  \n'}
[2.204864] (simple_robot) StdoutLine: {'line': b'-- Found FastRTPS: /opt/ros/humble/include  \n'}
[2.220103] (-) TimerEvent: {}
[2.287044] (simple_robot) StdoutLine: {'line': b"-- Using RMW implementation 'rmw_fastrtps_cpp' as default\n"}
[2.301854] (simple_robot) StdoutLine: {'line': b'-- Looking for pthread.h\n'}
[2.320369] (-) TimerEvent: {}
[2.420877] (-) TimerEvent: {}
[2.445039] (simple_robot) StdoutLine: {'line': b'-- Looking for pthread.h - found\n'}
[2.445507] (simple_robot) StdoutLine: {'line': b'-- Performing Test CMAKE_HAVE_LIBC_PTHREAD\n'}
[2.520998] (-) TimerEvent: {}
[2.619257] (simple_robot) StdoutLine: {'line': b'-- Performing Test CMAKE_HAVE_LIBC_PTHREAD - Success\n'}
[2.621852] (simple_robot) StdoutLine: {'line': b'-- Found Threads: TRUE  \n'}
[2.623326] (-) TimerEvent: {}
[2.723648] (-) TimerEvent: {}
[2.761841] (simple_robot) StdoutLine: {'line': b'-- Found geometry_msgs: 4.2.4 (/opt/ros/humble/share/geometry_msgs/cmake)\n'}
[2.804367] (simple_robot) StdoutLine: {'line': b'-- Found sensor_msgs: 4.2.4 (/opt/ros/humble/share/sensor_msgs/cmake)\n'}
[2.824004] (-) TimerEvent: {}
[2.854766] (simple_robot) StdoutLine: {'line': b'-- Found nav_msgs: 4.2.4 (/opt/ros/humble/share/nav_msgs/cmake)\n'}
[2.908623] (simple_robot) StdoutLine: {'line': b'-- Found OpenCV: /usr (found version "4.5.4") \n'}
[2.924112] (-) TimerEvent: {}
[3.024795] (-) TimerEvent: {}
[3.064969] (simple_robot) StdoutLine: {'line': b'-- DATA_DIR: /home/martina/rp_project/robot-programming-project/src/simple_robot/data\n'}
[3.065370] (simple_robot) StdoutLine: {'line': b'-- Configuring done\n'}
[3.116341] (simple_robot) StdoutLine: {'line': b'-- Generating done\n'}
[3.124934] (-) TimerEvent: {}
[3.133367] (simple_robot) StdoutLine: {'line': b'-- Build files have been written to: /home/martina/rp_project/robot-programming-project/src/simple_robot/build/simple_robot\n'}
[3.159731] (simple_robot) CommandEnded: {'returncode': 0}
[3.163990] (simple_robot) JobProgress: {'identifier': 'simple_robot', 'progress': 'build'}
[3.164070] (simple_robot) Command: {'cmd': ['/usr/bin/cmake', '--build', '/home/martina/rp_project/robot-programming-project/src/simple_robot/build/simple_robot', '--', '-j4', '-l4'], 'cwd': '/home/martina/rp_project/robot-programming-project/src/simple_robot/build/simple_robot', 'env': OrderedDict([('GJS_DEBUG_TOPICS', 'JS ERROR;JS LOG'), ('LESSOPEN', '| /usr/bin/env /usr/bin/lesspipe %s 2>/dev/null'), ('CONDA_PROMPT_MODIFIER', '(base)'), ('LC_TIME', 'it_IT.UTF-8'), ('USER', 'martina'), ('XDG_SESSION_TYPE', 'wayland'), ('GIT_ASKPASS', '/usr/share/code/resources/app/extensions/git/dist/askpass.sh'), ('SHLVL', '2'), ('LD_LIBRARY_PATH', '/opt/ros/humble/opt/rviz_ogre_vendor/lib:/opt/ros/humble/lib/x86_64-linux-gnu:/opt/ros/humble/lib::/home/martina/.mujoco/mujoco210/bin:/usr/lib/nvidia:~/anaconda3/lib'), ('HOME', '/home/martina'), ('OLDPWD', '/home/martina/rp_project/robot-programming-project/src/simple_robot'), ('CHROME_DESKTOP', 'code.desktop'), ('TERMINFO', '/home/martina/.terminfo'), ('LESS', '-iRFXMx4'), ('CONDA_SHLVL', '1'), ('DESKTOP_SESSION', 'ubuntu'), ('TERM_PROGRAM_VERSION', '1.97.2'), ('GIO_LAUNCHED_DESKTOP_FILE', '/usr/share/applications/code.desktop'), ('LSCOLORS', 'ExGxDxDxCxDxDxFxFxexEx'), ('GTK_MODULES', 'gail:atk-bridge'), ('GNOME_SHELL_SESSION_MODE', 'ubuntu'), ('VSCODE_GIT_ASKPASS_MAIN', '/usr/share/code/resources/app/extensions/git/dist/askpass-main.js'), ('PAGER', 'less'), ('ROS_PYTHON_VERSION', '3'), ('LC_MONETARY', 'it_IT.UTF-8'), ('MANAGERPID', '887'), ('VSCODE_GIT_ASKPASS_NODE', '/usr/share/code/code'), ('SYSTEMD_EXEC_PID', '1152'), ('DBUS_SESSION_BUS_ADDRESS', 'unix:path=/run/user/1000/bus'), ('P9K_TTY', 'old'), ('GIO_LAUNCHED_DESKTOP_FILE_PID', '3260'), ('COLORTERM', 'truecolor'), ('_CE_M', ''), ('WAYLAND_DISPLAY', 'wayland-0'), ('INFOPATH', ''), ('ROS_DISTRO', 'humble'), ('COLCON_PREFIX_PATH', '/home/martina/rp_project/robot-programming-project/install'), ('LOGNAME', 'martina'), ('_', '/usr/bin/colcon'), ('JOURNAL_STREAM', '8:11413'), ('_P9K_SSH_TTY', '/dev/pts/7'), ('XDG_SESSION_CLASS', 'user'), ('USER_ZDOTDIR', '/home/martina'), ('ROS_VERSION', '2'), ('USERNAME', 'martina'), ('TERM', 'xterm-256color'), ('GNOME_DESKTOP_SESSION_ID', 'this-is-deprecated'), ('_CE_CONDA', ''), ('ROS_LOCALHOST_ONLY', '0'), ('PATH', '/opt/ros/humble/bin:/home/martina/.local/bin:/home/martina/.local/bin:/usr/lib/ccache:.:/home/martina/.mujoco/mujoco210/bin:/usr/lib/nvidia:/home/martina/anaconda3/condabin:/home/martina/bin:/home/martina/.local/bin:/usr/local/sbin:/usr/local/bin:/usr/sbin:/usr/bin:/sbin:/bin:/usr/games:/usr/local/games:/snap/bin:/home/martina/.cache/zsh4humans/v5/fzf/bin:/home/martina/other/install/bin'), ('SESSION_MANAGER', 'local/Martina-ThinkPad-X1-Yoga:@/tmp/.ICE-unix/1105,unix/Martina-ThinkPad-X1-Yoga:/tmp/.ICE-unix/1105'), ('INVOCATION_ID', 'abb78b4b018940349bd4da4c8fed9753'), ('LC_ADDRESS', 'it_IT.UTF-8'), ('XDG_RUNTIME_DIR', '/run/user/1000'), ('XDG_MENU_PREFIX', 'gnome-'), ('GNOME_SETUP_DISPLAY', ':1'), ('GDK_BACKEND', 'x11'), ('DISPLAY', ':0'), ('LANG', 'en_US.UTF-8'), ('LC_TELEPHONE', 'it_IT.UTF-8'), ('XDG_CURRENT_DESKTOP', 'Unity'), ('VSCODE_INJECTION', '1'), ('LD_PRELOAD', ':/usr/lib/x86_64-linux-gnu/libGLEW.so'), ('XDG_SESSION_DESKTOP', 'ubuntu'), ('XMODIFIERS', '@im=ibus'), ('XAUTHORITY', '/run/user/1000/.mutter-Xwaylandauth.L52E22'), ('TERM_PROGRAM', 'vscode'), ('VSCODE_GIT_IPC_HANDLE', '/run/user/1000/vscode-git-f640f2b3f6.sock'), ('LS_COLORS', 'fi=00:mi=00:mh=00:ln=01;36:or=01;31:di=01;34:ow=04;01;34:st=34:tw=04;34:pi=01;33:so=01;33:do=01;33:bd=01;33:cd=01;33:su=01;35:sg=01;35:ca=01;35:ex=01;32:no=38;5;248'), ('TREE_COLORS', 'fi=00:mi=00:mh=00:ln=01;36:or=01;31:di=01;34:ow=01;34:st=34:tw=34:pi=01;33:so=01;33:do=01;33:bd=01;33:cd=01;33:su=01;35:sg=01;35:ca=01;35:ex=01;32'), ('SSH_AGENT_LAUNCHER', 'gnome-keyring'), ('SSH_AUTH_SOCK', '/run/user/1000/keyring/ssh'), ('ORIGINAL_XDG_CURRENT_DESKTOP', 'ubuntu:GNOME'), ('CONDA_PYTHON_EXE', '/home/martina/anaconda3/bin/python'), ('AMENT_PREFIX_PATH', '/home/martina/rp_project/robot-programming-project/install/simple_robot:/opt/ros/humble'), ('LC_NAME', 'it_IT.UTF-8'), ('SHELL', '/usr/local/bin/zsh'), ('DEST', '/home/martina/other/install'), ('QT_ACCESSIBILITY', '1'), ('GDMSESSION', 'ubuntu'), ('CONDA_DEFAULT_ENV', 'base'), ('LC_MEASUREMENT', 'it_IT.UTF-8'), ('LC_IDENTIFICATION', 'it_IT.UTF-8'), ('GJS_DEBUG_OUTPUT', 'stderr'), ('P9K_SSH', '0'), ('QT_IM_MODULE', 'ibus'), ('VSCODE_GIT_ASKPASS_EXTRA_ARGS', ''), ('VSCODE_NONCE', '738ab651-ad75-4cde-ae7d-4724ca708aea'), ('LC_ALL', 'en_US.UTF-8'), ('PWD', '/home/martina/rp_project/robot-programming-project/src/simple_robot/build/simple_robot'), ('GPG_TTY', '/dev/pts/7'), ('XDG_DATA_DIRS', '/usr/local/share/:/usr/share/:/var/lib/snapd/desktop'), ('ZDOTDIR', '/home/martina'), ('_P9K_TTY', '/dev/pts/7'), ('CONDA_EXE', '/home/martina/anaconda3/bin/conda'), ('LC_NUMERIC', 'it_IT.UTF-8'), ('PYTHONPATH', '/opt/ros/humble/lib/python3.10/site-packages:/opt/ros/humble/local/lib/python3.10/dist-packages:/home/martina/other/install/lib/python3.10/site-packages/'), ('LC_PAPER', 'it_IT.UTF-8'), ('CONDA_PREFIX', '/home/martina/anaconda3'), ('COLCON', '1'), ('MANPATH', '/usr/local/share/man:/home/martina/.cache/zsh4humans/v5/fzf/man:'), ('CMAKE_PREFIX_PATH', '/home/martina/rp_project/robot-programming-project/install/simple_robot:/opt/ros/humble')]), 'shell': False}
[3.225130] (-) TimerEvent: {}
[3.292153] (simple_robot) StdoutLine: {'line': b'\x1b[35m\x1b[1mConsolidate compiler generated dependencies of target robot_map_node\x1b[0m\n'}
[3.299997] (simple_robot) StdoutLine: {'line': b'\x1b[35m\x1b[1mConsolidate compiler generated dependencies of target grid_map\x1b[0m\n'}
[3.325246] (-) TimerEvent: {}
[3.399874] (simple_robot) StdoutLine: {'line': b'[  8%] \x1b[32mBuilding CXX object src/CMakeFiles/grid_map.dir/main.cpp.o\x1b[0m\n'}
[3.402880] (simple_robot) StdoutLine: {'line': b'[ 16%] \x1b[32mBuilding CXX object CMakeFiles/robot_map_node.dir/src/main.cpp.o\x1b[0m\n'}
[3.427253] (-) TimerEvent: {}
[3.527701] (-) TimerEvent: {}
[3.628134] (-) TimerEvent: {}
[3.728583] (-) TimerEvent: {}
[3.836401] (-) TimerEvent: {}
[3.940253] (-) TimerEvent: {}
[4.040721] (-) TimerEvent: {}
[4.141121] (-) TimerEvent: {}
[4.241944] (-) TimerEvent: {}
[4.345253] (-) TimerEvent: {}
[4.445678] (-) TimerEvent: {}
[4.546189] (-) TimerEvent: {}
[4.647208] (-) TimerEvent: {}
[4.747826] (-) TimerEvent: {}
[4.848843] (-) TimerEvent: {}
[4.949324] (-) TimerEvent: {}
[5.049776] (-) TimerEvent: {}
[5.150817] (-) TimerEvent: {}
[5.251230] (-) TimerEvent: {}
[5.351726] (-) TimerEvent: {}
[5.452792] (-) TimerEvent: {}
[5.553254] (-) TimerEvent: {}
[5.653694] (-) TimerEvent: {}
[5.754498] (-) TimerEvent: {}
[5.857202] (-) TimerEvent: {}
[5.959520] (-) TimerEvent: {}
[6.059947] (-) TimerEvent: {}
[6.161681] (-) TimerEvent: {}
[6.264416] (-) TimerEvent: {}
[6.365771] (-) TimerEvent: {}
[6.467099] (-) TimerEvent: {}
[6.567768] (-) TimerEvent: {}
[6.668448] (-) TimerEvent: {}
[6.769578] (-) TimerEvent: {}
[6.870444] (-) TimerEvent: {}
[6.971118] (-) TimerEvent: {}
[7.072056] (-) TimerEvent: {}
[7.172910] (-) TimerEvent: {}
[7.273983] (-) TimerEvent: {}
[7.374679] (-) TimerEvent: {}
[7.475076] (-) TimerEvent: {}
[7.575512] (-) TimerEvent: {}
[7.675961] (-) TimerEvent: {}
[7.777311] (-) TimerEvent: {}
[7.879628] (-) TimerEvent: {}
[7.981816] (-) TimerEvent: {}
[8.082495] (-) TimerEvent: {}
[8.183225] (-) TimerEvent: {}
[8.284423] (-) TimerEvent: {}
[8.384874] (-) TimerEvent: {}
[8.485488] (-) TimerEvent: {}
[8.585870] (-) TimerEvent: {}
[8.686717] (-) TimerEvent: {}
[8.787162] (-) TimerEvent: {}
[8.887813] (-) TimerEvent: {}
[8.988216] (-) TimerEvent: {}
[9.088616] (-) TimerEvent: {}
[9.189025] (-) TimerEvent: {}
[9.291255] (-) TimerEvent: {}
[9.391674] (-) TimerEvent: {}
[9.492133] (-) TimerEvent: {}
[9.592623] (-) TimerEvent: {}
[9.693005] (-) TimerEvent: {}
[9.793422] (-) TimerEvent: {}
[9.893802] (-) TimerEvent: {}
[9.994228] (-) TimerEvent: {}
[10.094675] (-) TimerEvent: {}
[10.198372] (-) TimerEvent: {}
[10.299341] (-) TimerEvent: {}
[10.401635] (-) TimerEvent: {}
[10.502013] (-) TimerEvent: {}
[10.602667] (-) TimerEvent: {}
[10.703095] (-) TimerEvent: {}
[10.803522] (-) TimerEvent: {}
[10.903910] (-) TimerEvent: {}
[11.004363] (-) TimerEvent: {}
[11.104823] (-) TimerEvent: {}
[11.205234] (-) TimerEvent: {}
[11.305869] (-) TimerEvent: {}
[11.406335] (-) TimerEvent: {}
[11.506985] (-) TimerEvent: {}
[11.607443] (-) TimerEvent: {}
[11.707817] (-) TimerEvent: {}
[11.808251] (-) TimerEvent: {}
[11.908889] (-) TimerEvent: {}
[12.009507] (-) TimerEvent: {}
[12.109887] (-) TimerEvent: {}
[12.210262] (-) TimerEvent: {}
[12.310654] (-) TimerEvent: {}
[12.411052] (-) TimerEvent: {}
[12.511501] (-) TimerEvent: {}
[12.612361] (-) TimerEvent: {}
[12.712749] (-) TimerEvent: {}
[12.813144] (-) TimerEvent: {}
[12.913533] (-) TimerEvent: {}
[13.014275] (-) TimerEvent: {}
[13.115188] (-) TimerEvent: {}
[13.215656] (-) TimerEvent: {}
[13.318557] (-) TimerEvent: {}
[13.418976] (-) TimerEvent: {}
[13.519720] (-) TimerEvent: {}
[13.620147] (-) TimerEvent: {}
[13.720542] (-) TimerEvent: {}
[13.820928] (-) TimerEvent: {}
[13.921327] (-) TimerEvent: {}
[14.021721] (-) TimerEvent: {}
[14.122106] (-) TimerEvent: {}
[14.222524] (-) TimerEvent: {}
[14.322926] (-) TimerEvent: {}
[14.423359] (-) TimerEvent: {}
[14.523755] (-) TimerEvent: {}
[14.624261] (-) TimerEvent: {}
[14.724646] (-) TimerEvent: {}
[14.825257] (-) TimerEvent: {}
[14.925880] (-) TimerEvent: {}
[15.026261] (-) TimerEvent: {}
[15.126899] (-) TimerEvent: {}
[15.227765] (-) TimerEvent: {}
[15.328159] (-) TimerEvent: {}
[15.428559] (-) TimerEvent: {}
[15.528942] (-) TimerEvent: {}
[15.629340] (-) TimerEvent: {}
[15.729729] (-) TimerEvent: {}
[15.830121] (-) TimerEvent: {}
[15.930511] (-) TimerEvent: {}
[16.030962] (-) TimerEvent: {}
[16.131364] (-) TimerEvent: {}
[16.231778] (-) TimerEvent: {}
[16.332221] (-) TimerEvent: {}
[16.432604] (-) TimerEvent: {}
[16.533007] (-) TimerEvent: {}
[16.633428] (-) TimerEvent: {}
[16.734231] (-) TimerEvent: {}
[16.835628] (-) TimerEvent: {}
[16.936033] (-) TimerEvent: {}
[17.036410] (-) TimerEvent: {}
[17.137342] (-) TimerEvent: {}
[17.237940] (-) TimerEvent: {}
[17.338327] (-) TimerEvent: {}
[17.438685] (-) TimerEvent: {}
[17.539089] (-) TimerEvent: {}
[17.639575] (-) TimerEvent: {}
[17.739967] (-) TimerEvent: {}
[17.840353] (-) TimerEvent: {}
[17.940731] (-) TimerEvent: {}
[18.041150] (-) TimerEvent: {}
[18.141902] (-) TimerEvent: {}
[18.242348] (-) TimerEvent: {}
[18.343066] (-) TimerEvent: {}
[18.443832] (-) TimerEvent: {}
[18.544279] (-) TimerEvent: {}
[18.644760] (-) TimerEvent: {}
[18.745235] (-) TimerEvent: {}
[18.845685] (-) TimerEvent: {}
[18.946704] (-) TimerEvent: {}
[19.047095] (-) TimerEvent: {}
[19.147667] (-) TimerEvent: {}
[19.248290] (-) TimerEvent: {}
[19.348803] (-) TimerEvent: {}
[19.449253] (-) TimerEvent: {}
[19.549638] (-) TimerEvent: {}
[19.650035] (-) TimerEvent: {}
[19.750465] (-) TimerEvent: {}
[19.850875] (-) TimerEvent: {}
[19.951610] (-) TimerEvent: {}
[20.051981] (-) TimerEvent: {}
[20.152342] (-) TimerEvent: {}
[20.252714] (-) TimerEvent: {}
[20.353199] (-) TimerEvent: {}
[20.453673] (-) TimerEvent: {}
[20.554249] (-) TimerEvent: {}
[20.654617] (-) TimerEvent: {}
[20.755012] (-) TimerEvent: {}
[20.855686] (-) TimerEvent: {}
[20.956030] (-) TimerEvent: {}
[21.058682] (-) TimerEvent: {}
[21.159371] (-) TimerEvent: {}
[21.259952] (-) TimerEvent: {}
[21.360314] (-) TimerEvent: {}
[21.460656] (-) TimerEvent: {}
[21.561236] (-) TimerEvent: {}
[21.661574] (-) TimerEvent: {}
[21.762141] (-) TimerEvent: {}
[21.862503] (-) TimerEvent: {}
[21.962848] (-) TimerEvent: {}
[22.063218] (-) TimerEvent: {}
[22.163575] (-) TimerEvent: {}
[22.263930] (-) TimerEvent: {}
[22.364245] (-) TimerEvent: {}
[22.464593] (-) TimerEvent: {}
[22.564941] (-) TimerEvent: {}
[22.665496] (-) TimerEvent: {}
[22.765863] (-) TimerEvent: {}
[22.866244] (-) TimerEvent: {}
[22.966576] (-) TimerEvent: {}
[23.066924] (-) TimerEvent: {}
[23.167915] (-) TimerEvent: {}
[23.268270] (-) TimerEvent: {}
[23.368906] (-) TimerEvent: {}
[23.469485] (-) TimerEvent: {}
[23.569877] (-) TimerEvent: {}
[23.670255] (-) TimerEvent: {}
[23.770606] (-) TimerEvent: {}
[23.870985] (-) TimerEvent: {}
[23.971330] (-) TimerEvent: {}
[24.071889] (-) TimerEvent: {}
[24.172408] (-) TimerEvent: {}
[24.272862] (-) TimerEvent: {}
[24.375677] (-) TimerEvent: {}
[24.476071] (-) TimerEvent: {}
[24.576512] (-) TimerEvent: {}
[24.677635] (-) TimerEvent: {}
[24.779433] (-) TimerEvent: {}
[24.880192] (-) TimerEvent: {}
[24.980776] (-) TimerEvent: {}
[25.081313] (-) TimerEvent: {}
[25.181682] (-) TimerEvent: {}
[25.282273] (-) TimerEvent: {}
[25.382660] (-) TimerEvent: {}
[25.483008] (-) TimerEvent: {}
[25.583426] (-) TimerEvent: {}
[25.683990] (-) TimerEvent: {}
[25.784336] (-) TimerEvent: {}
[25.884649] (-) TimerEvent: {}
[25.985060] (-) TimerEvent: {}
[26.085686] (-) TimerEvent: {}
[26.186095] (-) TimerEvent: {}
[26.286897] (-) TimerEvent: {}
[26.387319] (-) TimerEvent: {}
[26.478492] (simple_robot) StdoutLine: {'line': b'[ 25%] \x1b[32m\x1b[1mLinking CXX shared library libgrid_map.so\x1b[0m\n'}
[26.487878] (-) TimerEvent: {}
[26.588459] (-) TimerEvent: {}
[26.689082] (-) TimerEvent: {}
[26.790112] (-) TimerEvent: {}
[26.892291] (-) TimerEvent: {}
[26.994441] (-) TimerEvent: {}
[27.097971] (-) TimerEvent: {}
[27.202803] (-) TimerEvent: {}
[27.303266] (-) TimerEvent: {}
[27.406250] (-) TimerEvent: {}
[27.428749] (simple_robot) StdoutLine: {'line': b'[ 33%] \x1b[32m\x1b[1mLinking CXX executable robot_map_node\x1b[0m\n'}
[27.506379] (-) TimerEvent: {}
[27.607650] (-) TimerEvent: {}
[27.708705] (-) TimerEvent: {}
[27.812229] (-) TimerEvent: {}
[27.913026] (-) TimerEvent: {}
[28.014150] (-) TimerEvent: {}
[28.116674] (-) TimerEvent: {}
[28.219344] (-) TimerEvent: {}
[28.319814] (-) TimerEvent: {}
[28.420255] (-) TimerEvent: {}
[28.520656] (-) TimerEvent: {}
[28.621064] (-) TimerEvent: {}
[28.627261] (simple_robot) StdoutLine: {'line': b'[ 66%] Built target grid_map\n'}
[28.721206] (-) TimerEvent: {}
[28.821555] (-) TimerEvent: {}
[28.922289] (-) TimerEvent: {}
[29.022682] (-) TimerEvent: {}
[29.123845] (-) TimerEvent: {}
[29.224746] (-) TimerEvent: {}
[29.326231] (-) TimerEvent: {}
[29.426690] (-) TimerEvent: {}
[29.528192] (-) TimerEvent: {}
[29.628720] (-) TimerEvent: {}
[29.729229] (-) TimerEvent: {}
[29.829705] (-) TimerEvent: {}
[29.925445] (simple_robot) StdoutLine: {'line': b'[100%] Built target robot_map_node\n'}
[29.929847] (-) TimerEvent: {}
[29.953757] (simple_robot) CommandEnded: {'returncode': 0}
[29.955038] (simple_robot) JobProgress: {'identifier': 'simple_robot', 'progress': 'install'}
[29.973838] (simple_robot) Command: {'cmd': ['/usr/bin/cmake', '--install', '/home/martina/rp_project/robot-programming-project/src/simple_robot/build/simple_robot'], 'cwd': '/home/martina/rp_project/robot-programming-project/src/simple_robot/build/simple_robot', 'env': OrderedDict([('GJS_DEBUG_TOPICS', 'JS ERROR;JS LOG'), ('LESSOPEN', '| /usr/bin/env /usr/bin/lesspipe %s 2>/dev/null'), ('CONDA_PROMPT_MODIFIER', '(base)'), ('LC_TIME', 'it_IT.UTF-8'), ('USER', 'martina'), ('XDG_SESSION_TYPE', 'wayland'), ('GIT_ASKPASS', '/usr/share/code/resources/app/extensions/git/dist/askpass.sh'), ('SHLVL', '2'), ('LD_LIBRARY_PATH', '/opt/ros/humble/opt/rviz_ogre_vendor/lib:/opt/ros/humble/lib/x86_64-linux-gnu:/opt/ros/humble/lib::/home/martina/.mujoco/mujoco210/bin:/usr/lib/nvidia:~/anaconda3/lib'), ('HOME', '/home/martina'), ('OLDPWD', '/home/martina/rp_project/robot-programming-project/src/simple_robot'), ('CHROME_DESKTOP', 'code.desktop'), ('TERMINFO', '/home/martina/.terminfo'), ('LESS', '-iRFXMx4'), ('CONDA_SHLVL', '1'), ('DESKTOP_SESSION', 'ubuntu'), ('TERM_PROGRAM_VERSION', '1.97.2'), ('GIO_LAUNCHED_DESKTOP_FILE', '/usr/share/applications/code.desktop'), ('LSCOLORS', 'ExGxDxDxCxDxDxFxFxexEx'), ('GTK_MODULES', 'gail:atk-bridge'), ('GNOME_SHELL_SESSION_MODE', 'ubuntu'), ('VSCODE_GIT_ASKPASS_MAIN', '/usr/share/code/resources/app/extensions/git/dist/askpass-main.js'), ('PAGER', 'less'), ('ROS_PYTHON_VERSION', '3'), ('LC_MONETARY', 'it_IT.UTF-8'), ('MANAGERPID', '887'), ('VSCODE_GIT_ASKPASS_NODE', '/usr/share/code/code'), ('SYSTEMD_EXEC_PID', '1152'), ('DBUS_SESSION_BUS_ADDRESS', 'unix:path=/run/user/1000/bus'), ('P9K_TTY', 'old'), ('GIO_LAUNCHED_DESKTOP_FILE_PID', '3260'), ('COLORTERM', 'truecolor'), ('_CE_M', ''), ('WAYLAND_DISPLAY', 'wayland-0'), ('INFOPATH', ''), ('ROS_DISTRO', 'humble'), ('COLCON_PREFIX_PATH', '/home/martina/rp_project/robot-programming-project/install'), ('LOGNAME', 'martina'), ('_', '/usr/bin/colcon'), ('JOURNAL_STREAM', '8:11413'), ('_P9K_SSH_TTY', '/dev/pts/7'), ('XDG_SESSION_CLASS', 'user'), ('USER_ZDOTDIR', '/home/martina'), ('ROS_VERSION', '2'), ('USERNAME', 'martina'), ('TERM', 'xterm-256color'), ('GNOME_DESKTOP_SESSION_ID', 'this-is-deprecated'), ('_CE_CONDA', ''), ('ROS_LOCALHOST_ONLY', '0'), ('PATH', '/opt/ros/humble/bin:/home/martina/.local/bin:/home/martina/.local/bin:/usr/lib/ccache:.:/home/martina/.mujoco/mujoco210/bin:/usr/lib/nvidia:/home/martina/anaconda3/condabin:/home/martina/bin:/home/martina/.local/bin:/usr/local/sbin:/usr/local/bin:/usr/sbin:/usr/bin:/sbin:/bin:/usr/games:/usr/local/games:/snap/bin:/home/martina/.cache/zsh4humans/v5/fzf/bin:/home/martina/other/install/bin'), ('SESSION_MANAGER', 'local/Martina-ThinkPad-X1-Yoga:@/tmp/.ICE-unix/1105,unix/Martina-ThinkPad-X1-Yoga:/tmp/.ICE-unix/1105'), ('INVOCATION_ID', 'abb78b4b018940349bd4da4c8fed9753'), ('LC_ADDRESS', 'it_IT.UTF-8'), ('XDG_RUNTIME_DIR', '/run/user/1000'), ('XDG_MENU_PREFIX', 'gnome-'), ('GNOME_SETUP_DISPLAY', ':1'), ('GDK_BACKEND', 'x11'), ('DISPLAY', ':0'), ('LANG', 'en_US.UTF-8'), ('LC_TELEPHONE', 'it_IT.UTF-8'), ('XDG_CURRENT_DESKTOP', 'Unity'), ('VSCODE_INJECTION', '1'), ('LD_PRELOAD', ':/usr/lib/x86_64-linux-gnu/libGLEW.so'), ('XDG_SESSION_DESKTOP', 'ubuntu'), ('XMODIFIERS', '@im=ibus'), ('XAUTHORITY', '/run/user/1000/.mutter-Xwaylandauth.L52E22'), ('TERM_PROGRAM', 'vscode'), ('VSCODE_GIT_IPC_HANDLE', '/run/user/1000/vscode-git-f640f2b3f6.sock'), ('LS_COLORS', 'fi=00:mi=00:mh=00:ln=01;36:or=01;31:di=01;34:ow=04;01;34:st=34:tw=04;34:pi=01;33:so=01;33:do=01;33:bd=01;33:cd=01;33:su=01;35:sg=01;35:ca=01;35:ex=01;32:no=38;5;248'), ('TREE_COLORS', 'fi=00:mi=00:mh=00:ln=01;36:or=01;31:di=01;34:ow=01;34:st=34:tw=34:pi=01;33:so=01;33:do=01;33:bd=01;33:cd=01;33:su=01;35:sg=01;35:ca=01;35:ex=01;32'), ('SSH_AGENT_LAUNCHER', 'gnome-keyring'), ('SSH_AUTH_SOCK', '/run/user/1000/keyring/ssh'), ('ORIGINAL_XDG_CURRENT_DESKTOP', 'ubuntu:GNOME'), ('CONDA_PYTHON_EXE', '/home/martina/anaconda3/bin/python'), ('AMENT_PREFIX_PATH', '/home/martina/rp_project/robot-programming-project/install/simple_robot:/opt/ros/humble'), ('LC_NAME', 'it_IT.UTF-8'), ('SHELL', '/usr/local/bin/zsh'), ('DEST', '/home/martina/other/install'), ('QT_ACCESSIBILITY', '1'), ('GDMSESSION', 'ubuntu'), ('CONDA_DEFAULT_ENV', 'base'), ('LC_MEASUREMENT', 'it_IT.UTF-8'), ('LC_IDENTIFICATION', 'it_IT.UTF-8'), ('GJS_DEBUG_OUTPUT', 'stderr'), ('P9K_SSH', '0'), ('QT_IM_MODULE', 'ibus'), ('VSCODE_GIT_ASKPASS_EXTRA_ARGS', ''), ('VSCODE_NONCE', '738ab651-ad75-4cde-ae7d-4724ca708aea'), ('LC_ALL', 'en_US.UTF-8'), ('PWD', '/home/martina/rp_project/robot-programming-project/src/simple_robot/build/simple_robot'), ('GPG_TTY', '/dev/pts/7'), ('XDG_DATA_DIRS', '/usr/local/share/:/usr/share/:/var/lib/snapd/desktop'), ('ZDOTDIR', '/home/martina'), ('_P9K_TTY', '/dev/pts/7'), ('CONDA_EXE', '/home/martina/anaconda3/bin/conda'), ('LC_NUMERIC', 'it_IT.UTF-8'), ('PYTHONPATH', '/opt/ros/humble/lib/python3.10/site-packages:/opt/ros/humble/local/lib/python3.10/dist-packages:/home/martina/other/install/lib/python3.10/site-packages/'), ('LC_PAPER', 'it_IT.UTF-8'), ('CONDA_PREFIX', '/home/martina/anaconda3'), ('COLCON', '1'), ('MANPATH', '/usr/local/share/man:/home/martina/.cache/zsh4humans/v5/fzf/man:'), ('CMAKE_PREFIX_PATH', '/home/martina/rp_project/robot-programming-project/install/simple_robot:/opt/ros/humble')]), 'shell': False}
[29.995260] (simple_robot) StdoutLine: {'line': b'-- Install configuration: ""\n'}
[29.996400] (simple_robot) StdoutLine: {'line': b'-- Installing: /home/martina/rp_project/robot-programming-project/src/simple_robot/install/simple_robot/lib/simple_robot/robot_map_node\n'}
[30.005847] (simple_robot) StdoutLine: {'line': b'-- Set runtime path of "/home/martina/rp_project/robot-programming-project/src/simple_robot/install/simple_robot/lib/simple_robot/robot_map_node" to ""\n'}
[30.006155] (simple_robot) StdoutLine: {'line': b'-- Up-to-date: /home/martina/rp_project/robot-programming-project/src/simple_robot/install/simple_robot/share/ament_index/resource_index/package_run_dependencies/simple_robot\n'}
[30.006419] (simple_robot) StdoutLine: {'line': b'-- Up-to-date: /home/martina/rp_project/robot-programming-project/src/simple_robot/install/simple_robot/share/ament_index/resource_index/parent_prefix_path/simple_robot\n'}
[30.006604] (simple_robot) StdoutLine: {'line': b'-- Up-to-date: /home/martina/rp_project/robot-programming-project/src/simple_robot/install/simple_robot/share/simple_robot/environment/ament_prefix_path.sh\n'}
[30.006750] (simple_robot) StdoutLine: {'line': b'-- Installing: /home/martina/rp_project/robot-programming-project/src/simple_robot/install/simple_robot/share/simple_robot/environment/ament_prefix_path.dsv\n'}
[30.006957] (simple_robot) StdoutLine: {'line': b'-- Up-to-date: /home/martina/rp_project/robot-programming-project/src/simple_robot/install/simple_robot/share/simple_robot/environment/path.sh\n'}
[30.007355] (simple_robot) StdoutLine: {'line': b'-- Installing: /home/martina/rp_project/robot-programming-project/src/simple_robot/install/simple_robot/share/simple_robot/environment/path.dsv\n'}
[30.008027] (simple_robot) StdoutLine: {'line': b'-- Up-to-date: /home/martina/rp_project/robot-programming-project/src/simple_robot/install/simple_robot/share/simple_robot/local_setup.bash\n'}
[30.008389] (simple_robot) StdoutLine: {'line': b'-- Up-to-date: /home/martina/rp_project/robot-programming-project/src/simple_robot/install/simple_robot/share/simple_robot/local_setup.sh\n'}
[30.008684] (simple_robot) StdoutLine: {'line': b'-- Up-to-date: /home/martina/rp_project/robot-programming-project/src/simple_robot/install/simple_robot/share/simple_robot/local_setup.zsh\n'}
[30.008935] (simple_robot) StdoutLine: {'line': b'-- Installing: /home/martina/rp_project/robot-programming-project/src/simple_robot/install/simple_robot/share/simple_robot/local_setup.dsv\n'}
[30.009129] (simple_robot) StdoutLine: {'line': b'-- Installing: /home/martina/rp_project/robot-programming-project/src/simple_robot/install/simple_robot/share/simple_robot/package.dsv\n'}
[30.009347] (simple_robot) StdoutLine: {'line': b'-- Up-to-date: /home/martina/rp_project/robot-programming-project/src/simple_robot/install/simple_robot/share/ament_index/resource_index/packages/simple_robot\n'}
[30.009555] (simple_robot) StdoutLine: {'line': b'-- Up-to-date: /home/martina/rp_project/robot-programming-project/src/simple_robot/install/simple_robot/share/simple_robot/cmake/simple_robotConfig.cmake\n'}
[30.009744] (simple_robot) StdoutLine: {'line': b'-- Up-to-date: /home/martina/rp_project/robot-programming-project/src/simple_robot/install/simple_robot/share/simple_robot/cmake/simple_robotConfig-version.cmake\n'}
[30.009930] (simple_robot) StdoutLine: {'line': b'-- Up-to-date: /home/martina/rp_project/robot-programming-project/src/simple_robot/install/simple_robot/share/simple_robot/package.xml\n'}
[30.016248] (simple_robot) CommandEnded: {'returncode': 0}
[30.030048] (-) TimerEvent: {}
[30.055541] (simple_robot) JobEnded: {'identifier': 'simple_robot', 'rc': 0}
[30.056728] (-) EventReactorShutdown: {}
