[1.083s] DEBUG:colcon:Command line arguments: ['/usr/bin/colcon', 'build', '--packages-select', 'simple_robot', '--cmake-clean-cache', '--event-handlers', 'console_direct+']
[1.083s] DEBUG:colcon:Parsed command line arguments: Namespace(log_base=None, log_level=None, verb_name='build', build_base='build', install_base='install', merge_install=False, symlink_install=False, test_result_base=None, continue_on_error=False, executor='parallel', parallel_workers=4, event_handlers=['console_direct+'], ignore_user_meta=False, metas=['./colcon.meta'], base_paths=['.'], packages_ignore=None, packages_ignore_regex=None, paths=None, packages_up_to=None, packages_up_to_regex=None, packages_above=None, packages_above_and_dependencies=None, packages_above_depth=None, packages_select_by_dep=None, packages_skip_by_dep=None, packages_skip_up_to=None, packages_select_build_failed=False, packages_skip_build_finished=False, packages_select_test_failures=False, packages_skip_test_passed=False, packages_select=['simple_robot'], packages_skip=None, packages_select_regex=None, packages_skip_regex=None, packages_start=None, packages_end=None, allow_overriding=[], cmake_args=None, cmake_target=None, cmake_target_skip_unavailable=False, cmake_clean_cache=True, cmake_clean_first=False, cmake_force_configure=False, ament_cmake_args=None, catkin_cmake_args=None, catkin_skip_building_tests=False, mixin_files=None, mixin=None, verb_parser=<colcon_mixin.mixin.mixin_argument.MixinArgumentDecorator object at 0x73285bf5d9c0>, verb_extension=<colcon_core.verb.build.BuildVerb object at 0x73285bf5cfd0>, main=<bound method BuildVerb.main of <colcon_core.verb.build.BuildVerb object at 0x73285bf5cfd0>>, mixin_verb=('build',))
[2.885s] Level 1:colcon.colcon_core.package_discovery:discover_packages(colcon_meta) check parameters
[2.885s] Level 1:colcon.colcon_core.package_discovery:discover_packages(recursive) check parameters
[2.886s] Level 1:colcon.colcon_core.package_discovery:discover_packages(ignore) check parameters
[2.886s] Level 1:colcon.colcon_core.package_discovery:discover_packages(path) check parameters
[2.886s] Level 1:colcon.colcon_core.package_discovery:discover_packages(colcon_meta) discover
[2.887s] Level 1:colcon.colcon_core.package_discovery:discover_packages(recursive) discover
[2.887s] INFO:colcon.colcon_core.package_discovery:Crawling recursively for packages in '/home/martina/rp_project/robot-programming-project/src/simple_robot'
[2.888s] Level 1:colcon.colcon_core.package_identification:_identify(.) by extensions ['ignore', 'ignore_ament_install']
[2.888s] Level 1:colcon.colcon_core.package_identification:_identify(.) by extension 'ignore'
[2.889s] Level 1:colcon.colcon_core.package_identification:_identify(.) by extension 'ignore_ament_install'
[2.889s] Level 1:colcon.colcon_core.package_identification:_identify(.) by extensions ['colcon_pkg']
[2.890s] Level 1:colcon.colcon_core.package_identification:_identify(.) by extension 'colcon_pkg'
[2.890s] Level 1:colcon.colcon_core.package_identification:_identify(.) by extensions ['colcon_meta']
[2.890s] Level 1:colcon.colcon_core.package_identification:_identify(.) by extension 'colcon_meta'
[2.891s] Level 1:colcon.colcon_core.package_identification:_identify(.) by extensions ['ros']
[2.891s] Level 1:colcon.colcon_core.package_identification:_identify(.) by extension 'ros'
[3.014s] DEBUG:colcon.colcon_core.package_identification:Package '.' with type 'ros.ament_cmake' and name 'simple_robot'
[3.015s] Level 1:colcon.colcon_core.package_discovery:discover_packages(recursive) using defaults
[3.017s] Level 1:colcon.colcon_core.package_discovery:discover_packages(ignore) discover
[3.018s] Level 1:colcon.colcon_core.package_discovery:discover_packages(ignore) using defaults
[3.018s] Level 1:colcon.colcon_core.package_discovery:discover_packages(path) discover
[3.018s] Level 1:colcon.colcon_core.package_discovery:discover_packages(path) using defaults
[3.257s] Level 1:colcon.colcon_core.package_discovery:discover_packages(prefix_path) check parameters
[3.258s] Level 1:colcon.colcon_core.package_discovery:discover_packages(prefix_path) discover
[3.276s] DEBUG:colcon.colcon_installed_package_information.package_discovery:Found 1 installed packages in /home/martina/rp_project/robot-programming-project/install
[3.301s] DEBUG:colcon.colcon_installed_package_information.package_discovery:Found 271 installed packages in /opt/ros/humble
[3.332s] Level 1:colcon.colcon_core.package_discovery:discover_packages(prefix_path) using defaults
[4.167s] Level 5:colcon.colcon_core.verb:set package 'simple_robot' build argument 'cmake_args' from command line to 'None'
[4.168s] Level 5:colcon.colcon_core.verb:set package 'simple_robot' build argument 'cmake_target' from command line to 'None'
[4.168s] Level 5:colcon.colcon_core.verb:set package 'simple_robot' build argument 'cmake_target_skip_unavailable' from command line to 'False'
[4.168s] Level 5:colcon.colcon_core.verb:set package 'simple_robot' build argument 'cmake_clean_cache' from command line to 'True'
[4.168s] Level 5:colcon.colcon_core.verb:set package 'simple_robot' build argument 'cmake_clean_first' from command line to 'False'
[4.169s] Level 5:colcon.colcon_core.verb:set package 'simple_robot' build argument 'cmake_force_configure' from command line to 'False'
[4.169s] Level 5:colcon.colcon_core.verb:set package 'simple_robot' build argument 'ament_cmake_args' from command line to 'None'
[4.169s] Level 5:colcon.colcon_core.verb:set package 'simple_robot' build argument 'catkin_cmake_args' from command line to 'None'
[4.169s] Level 5:colcon.colcon_core.verb:set package 'simple_robot' build argument 'catkin_skip_building_tests' from command line to 'False'
[4.170s] DEBUG:colcon.colcon_core.verb:Building package 'simple_robot' with the following arguments: {'ament_cmake_args': None, 'build_base': '/home/martina/rp_project/robot-programming-project/src/simple_robot/build/simple_robot', 'catkin_cmake_args': None, 'catkin_skip_building_tests': False, 'cmake_args': None, 'cmake_clean_cache': True, 'cmake_clean_first': False, 'cmake_force_configure': False, 'cmake_target': None, 'cmake_target_skip_unavailable': False, 'install_base': '/home/martina/rp_project/robot-programming-project/src/simple_robot/install/simple_robot', 'merge_install': False, 'path': '/home/martina/rp_project/robot-programming-project/src/simple_robot', 'symlink_install': False, 'test_result_base': None}
[4.174s] INFO:colcon.colcon_core.executor:Executing jobs using 'parallel' executor
[4.195s] DEBUG:colcon.colcon_parallel_executor.executor.parallel:run_until_complete
[4.196s] INFO:colcon.colcon_ros.task.ament_cmake.build:Building ROS package in '/home/martina/rp_project/robot-programming-project/src/simple_robot' with build type 'ament_cmake'
[4.200s] INFO:colcon.colcon_cmake.task.cmake.build:Building CMake package in '/home/martina/rp_project/robot-programming-project/src/simple_robot'
[4.247s] INFO:colcon.colcon_core.plugin_system:Skipping extension 'colcon_core.shell.bat': Not used on non-Windows systems
[4.248s] INFO:colcon.colcon_core.shell:Skip shell extension 'powershell' for command environment: Not usable outside of PowerShell
[4.249s] DEBUG:colcon.colcon_core.shell:Skip shell extension 'dsv' for command environment
[4.429s] DEBUG:colcon.colcon_core.event_handler.log_command:Invoking command in '/home/martina/rp_project/robot-programming-project/src/simple_robot/build/simple_robot': CMAKE_PREFIX_PATH=${CMAKE_PREFIX_PATH}:/opt/ros/humble CONDA_PROMPT_MODIFIER=(base) /usr/bin/cmake /home/martina/rp_project/robot-programming-project/src/simple_robot -DCMAKE_INSTALL_PREFIX=/home/martina/rp_project/robot-programming-project/src/simple_robot/install/simple_robot
[19.322s] DEBUG:colcon.colcon_core.event_handler.log_command:Invoked command in '/home/martina/rp_project/robot-programming-project/src/simple_robot/build/simple_robot' returned '0': CMAKE_PREFIX_PATH=${CMAKE_PREFIX_PATH}:/opt/ros/humble CONDA_PROMPT_MODIFIER=(base) /usr/bin/cmake /home/martina/rp_project/robot-programming-project/src/simple_robot -DCMAKE_INSTALL_PREFIX=/home/martina/rp_project/robot-programming-project/src/simple_robot/install/simple_robot
[19.340s] DEBUG:colcon.colcon_core.event_handler.log_command:Invoking command in '/home/martina/rp_project/robot-programming-project/src/simple_robot/build/simple_robot': CMAKE_PREFIX_PATH=${CMAKE_PREFIX_PATH}:/opt/ros/humble CONDA_PROMPT_MODIFIER=(base) /usr/bin/cmake --build /home/martina/rp_project/robot-programming-project/src/simple_robot/build/simple_robot -- -j4 -l4
[22.345s] DEBUG:colcon.colcon_core.event_handler.log_command:Invoked command in '/home/martina/rp_project/robot-programming-project/src/simple_robot/build/simple_robot' returned '0': CMAKE_PREFIX_PATH=${CMAKE_PREFIX_PATH}:/opt/ros/humble CONDA_PROMPT_MODIFIER=(base) /usr/bin/cmake --build /home/martina/rp_project/robot-programming-project/src/simple_robot/build/simple_robot -- -j4 -l4
[22.452s] DEBUG:colcon.colcon_core.event_handler.log_command:Invoking command in '/home/martina/rp_project/robot-programming-project/src/simple_robot/build/simple_robot': CMAKE_PREFIX_PATH=${CMAKE_PREFIX_PATH}:/opt/ros/humble CONDA_PROMPT_MODIFIER=(base) /usr/bin/cmake --install /home/martina/rp_project/robot-programming-project/src/simple_robot/build/simple_robot
[22.644s] Level 1:colcon.colcon_core.environment:create_environment_scripts_only(simple_robot)
[22.665s] DEBUG:colcon.colcon_core.event_handler.log_command:Invoked command in '/home/martina/rp_project/robot-programming-project/src/simple_robot/build/simple_robot' returned '0': CMAKE_PREFIX_PATH=${CMAKE_PREFIX_PATH}:/opt/ros/humble CONDA_PROMPT_MODIFIER=(base) /usr/bin/cmake --install /home/martina/rp_project/robot-programming-project/src/simple_robot/build/simple_robot
[22.730s] Level 1:colcon.colcon_core.environment:checking '/home/martina/rp_project/robot-programming-project/src/simple_robot/install/simple_robot' for CMake module files
[22.752s] Level 1:colcon.colcon_core.environment:checking '/home/martina/rp_project/robot-programming-project/src/simple_robot/install/simple_robot' for CMake config files
[22.754s] Level 1:colcon.colcon_core.shell:create_environment_hook('simple_robot', 'cmake_prefix_path')
[22.759s] INFO:colcon.colcon_core.shell:Creating environment hook '/home/martina/rp_project/robot-programming-project/src/simple_robot/install/simple_robot/share/simple_robot/hook/cmake_prefix_path.ps1'
[22.778s] INFO:colcon.colcon_core.shell:Creating environment descriptor '/home/martina/rp_project/robot-programming-project/src/simple_robot/install/simple_robot/share/simple_robot/hook/cmake_prefix_path.dsv'
[22.788s] INFO:colcon.colcon_core.shell:Creating environment hook '/home/martina/rp_project/robot-programming-project/src/simple_robot/install/simple_robot/share/simple_robot/hook/cmake_prefix_path.sh'
[22.809s] Level 1:colcon.colcon_core.environment:checking '/home/martina/rp_project/robot-programming-project/src/simple_robot/install/simple_robot/lib'
[22.817s] Level 1:colcon.colcon_core.environment:checking '/home/martina/rp_project/robot-programming-project/src/simple_robot/install/simple_robot/bin'
[22.818s] Level 1:colcon.colcon_core.environment:checking '/home/martina/rp_project/robot-programming-project/src/simple_robot/install/simple_robot/lib/pkgconfig/simple_robot.pc'
[22.821s] Level 1:colcon.colcon_core.environment:checking '/home/martina/rp_project/robot-programming-project/src/simple_robot/install/simple_robot/lib/python3.10/site-packages'
[22.824s] Level 1:colcon.colcon_core.environment:checking '/home/martina/rp_project/robot-programming-project/src/simple_robot/install/simple_robot/bin'
[22.829s] INFO:colcon.colcon_core.shell:Creating package script '/home/martina/rp_project/robot-programming-project/src/simple_robot/install/simple_robot/share/simple_robot/package.ps1'
[22.837s] INFO:colcon.colcon_core.shell:Creating package descriptor '/home/martina/rp_project/robot-programming-project/src/simple_robot/install/simple_robot/share/simple_robot/package.dsv'
[22.844s] INFO:colcon.colcon_core.shell:Creating package script '/home/martina/rp_project/robot-programming-project/src/simple_robot/install/simple_robot/share/simple_robot/package.sh'
[22.852s] INFO:colcon.colcon_core.shell:Creating package script '/home/martina/rp_project/robot-programming-project/src/simple_robot/install/simple_robot/share/simple_robot/package.bash'
[22.868s] INFO:colcon.colcon_core.shell:Creating package script '/home/martina/rp_project/robot-programming-project/src/simple_robot/install/simple_robot/share/simple_robot/package.zsh'
[22.875s] Level 1:colcon.colcon_core.environment:create_file_with_runtime_dependencies(/home/martina/rp_project/robot-programming-project/src/simple_robot/install/simple_robot/share/colcon-core/packages/simple_robot)
[22.885s] Level 1:colcon.colcon_core.environment:create_environment_scripts_only(simple_robot)
[22.887s] Level 1:colcon.colcon_core.environment:checking '/home/martina/rp_project/robot-programming-project/src/simple_robot/install/simple_robot' for CMake module files
[22.892s] Level 1:colcon.colcon_core.environment:checking '/home/martina/rp_project/robot-programming-project/src/simple_robot/install/simple_robot' for CMake config files
[22.894s] Level 1:colcon.colcon_core.shell:create_environment_hook('simple_robot', 'cmake_prefix_path')
[22.897s] INFO:colcon.colcon_core.shell:Creating environment hook '/home/martina/rp_project/robot-programming-project/src/simple_robot/install/simple_robot/share/simple_robot/hook/cmake_prefix_path.ps1'
[22.903s] INFO:colcon.colcon_core.shell:Creating environment descriptor '/home/martina/rp_project/robot-programming-project/src/simple_robot/install/simple_robot/share/simple_robot/hook/cmake_prefix_path.dsv'
[22.907s] INFO:colcon.colcon_core.shell:Creating environment hook '/home/martina/rp_project/robot-programming-project/src/simple_robot/install/simple_robot/share/simple_robot/hook/cmake_prefix_path.sh'
[22.910s] Level 1:colcon.colcon_core.environment:checking '/home/martina/rp_project/robot-programming-project/src/simple_robot/install/simple_robot/lib'
[22.913s] Level 1:colcon.colcon_core.environment:checking '/home/martina/rp_project/robot-programming-project/src/simple_robot/install/simple_robot/bin'
[22.913s] Level 1:colcon.colcon_core.environment:checking '/home/martina/rp_project/robot-programming-project/src/simple_robot/install/simple_robot/lib/pkgconfig/simple_robot.pc'
[22.916s] Level 1:colcon.colcon_core.environment:checking '/home/martina/rp_project/robot-programming-project/src/simple_robot/install/simple_robot/lib/python3.10/site-packages'
[22.918s] Level 1:colcon.colcon_core.environment:checking '/home/martina/rp_project/robot-programming-project/src/simple_robot/install/simple_robot/bin'
[22.920s] INFO:colcon.colcon_core.shell:Creating package script '/home/martina/rp_project/robot-programming-project/src/simple_robot/install/simple_robot/share/simple_robot/package.ps1'
[22.925s] INFO:colcon.colcon_core.shell:Creating package descriptor '/home/martina/rp_project/robot-programming-project/src/simple_robot/install/simple_robot/share/simple_robot/package.dsv'
[22.934s] INFO:colcon.colcon_core.shell:Creating package script '/home/martina/rp_project/robot-programming-project/src/simple_robot/install/simple_robot/share/simple_robot/package.sh'
[22.943s] INFO:colcon.colcon_core.shell:Creating package script '/home/martina/rp_project/robot-programming-project/src/simple_robot/install/simple_robot/share/simple_robot/package.bash'
[22.955s] INFO:colcon.colcon_core.shell:Creating package script '/home/martina/rp_project/robot-programming-project/src/simple_robot/install/simple_robot/share/simple_robot/package.zsh'
[22.969s] Level 1:colcon.colcon_core.environment:create_file_with_runtime_dependencies(/home/martina/rp_project/robot-programming-project/src/simple_robot/install/simple_robot/share/colcon-core/packages/simple_robot)
[22.972s] DEBUG:colcon.colcon_parallel_executor.executor.parallel:closing loop
[22.977s] DEBUG:colcon.colcon_parallel_executor.executor.parallel:loop closed
[22.977s] DEBUG:colcon.colcon_parallel_executor.executor.parallel:run_until_complete finished with '0'
[22.978s] DEBUG:colcon.colcon_core.event_reactor:joining thread
[23.043s] INFO:colcon.colcon_core.plugin_system:Skipping extension 'colcon_notification.desktop_notification.terminal_notifier': Not used on non-Darwin systems
[23.045s] INFO:colcon.colcon_core.plugin_system:Skipping extension 'colcon_notification.desktop_notification.win32': Not used on non-Windows systems
[23.045s] INFO:colcon.colcon_notification.desktop_notification:Sending desktop notification using 'notify2'
[23.135s] DEBUG:colcon.colcon_core.event_reactor:joined thread
[23.140s] INFO:colcon.colcon_core.shell:Creating prefix script '/home/martina/rp_project/robot-programming-project/src/simple_robot/install/local_setup.ps1'
[23.175s] INFO:colcon.colcon_core.shell:Creating prefix util module '/home/martina/rp_project/robot-programming-project/src/simple_robot/install/_local_setup_util_ps1.py'
[23.202s] INFO:colcon.colcon_core.shell:Creating prefix chain script '/home/martina/rp_project/robot-programming-project/src/simple_robot/install/setup.ps1'
[23.209s] INFO:colcon.colcon_core.shell:Creating prefix script '/home/martina/rp_project/robot-programming-project/src/simple_robot/install/local_setup.sh'
[23.214s] INFO:colcon.colcon_core.shell:Creating prefix util module '/home/martina/rp_project/robot-programming-project/src/simple_robot/install/_local_setup_util_sh.py'
[23.218s] INFO:colcon.colcon_core.shell:Creating prefix chain script '/home/martina/rp_project/robot-programming-project/src/simple_robot/install/setup.sh'
[23.226s] INFO:colcon.colcon_core.shell:Creating prefix script '/home/martina/rp_project/robot-programming-project/src/simple_robot/install/local_setup.bash'
[23.229s] INFO:colcon.colcon_core.shell:Creating prefix chain script '/home/martina/rp_project/robot-programming-project/src/simple_robot/install/setup.bash'
[23.237s] INFO:colcon.colcon_core.shell:Creating prefix script '/home/martina/rp_project/robot-programming-project/src/simple_robot/install/local_setup.zsh'
[23.241s] INFO:colcon.colcon_core.shell:Creating prefix chain script '/home/martina/rp_project/robot-programming-project/src/simple_robot/install/setup.zsh'
