[0.000000] (-) TimerEvent: {}
[0.000755] (simple_robot) JobQueued: {'identifier': 'simple_robot', 'dependencies': OrderedDict()}
[0.000999] (simple_robot) JobStarted: {'identifier': 'simple_robot'}
[0.018819] (simple_robot) JobProgress: {'identifier': 'simple_robot', 'progress': 'cmake'}
[0.020511] (simple_robot) Command: {'cmd': ['/usr/bin/cmake', '/home/martina/rp_project/robot-programming-project/src/simple_robot', '-DCMAKE_INSTALL_PREFIX=/home/martina/rp_project/robot-programming-project/src/simple_robot/install/simple_robot'], 'cwd': '/home/martina/rp_project/robot-programming-project/src/simple_robot/build/simple_robot', 'env': OrderedDict([('GJS_DEBUG_TOPICS', 'JS ERROR;JS LOG'), ('LESSOPEN', '| /usr/bin/env /usr/bin/lesspipe %s 2>/dev/null'), ('CONDA_PROMPT_MODIFIER', '(base)'), ('LC_TIME', 'it_IT.UTF-8'), ('USER', 'martina'), ('XDG_SESSION_TYPE', 'wayland'), ('GIT_ASKPASS', '/usr/share/code/resources/app/extensions/git/dist/askpass.sh'), ('SHLVL', '2'), ('LD_LIBRARY_PATH', '/opt/ros/humble/opt/rviz_ogre_vendor/lib:/opt/ros/humble/lib/x86_64-linux-gnu:/opt/ros/humble/lib::/home/martina/.mujoco/mujoco210/bin:/usr/lib/nvidia:~/anaconda3/lib'), ('HOME', '/home/martina'), ('OLDPWD', '/home/martina/rp_project/robot-programming-project/src/simple_robot'), ('CHROME_DESKTOP', 'code.desktop'), ('TERMINFO', '/home/martina/.terminfo'), ('LESS', '-iRFXMx4'), ('CONDA_SHLVL', '1'), ('DESKTOP_SESSION', 'ubuntu'), ('TERM_PROGRAM_VERSION', '1.97.2'), ('GIO_LAUNCHED_DESKTOP_FILE', '/usr/share/applications/code.desktop'), ('LSCOLORS', 'ExGxDxDxCxDxDxFxFxexEx'), ('GTK_MODULES', 'gail:atk-bridge'), ('GNOME_SHELL_SESSION_MODE', 'ubuntu'), ('VSCODE_GIT_ASKPASS_MAIN', '/usr/share/code/resources/app/extensions/git/dist/askpass-main.js'), ('PAGER', 'less'), ('ROS_PYTHON_VERSION', '3'), ('LC_MONETARY', 'it_IT.UTF-8'), ('MANAGERPID', '887'), ('VSCODE_GIT_ASKPASS_NODE', '/usr/share/code/code'), ('SYSTEMD_EXEC_PID', '1152'), ('DBUS_SESSION_BUS_ADDRESS', 'unix:path=/run/user/1000/bus'), ('P9K_TTY', 'old'), ('GIO_LAUNCHED_DESKTOP_FILE_PID', '3260'), ('COLORTERM', 'truecolor'), ('_CE_M', ''), ('WAYLAND_DISPLAY', 'wayland-0'), ('INFOPATH', ''), ('ROS_DISTRO', 'humble'), ('COLCON_PREFIX_PATH', '/home/martina/rp_project/robot-programming-project/install:/home/martina/rp_project/robot-programming-project/src/simple_robot/install:/home/martina/rp_project/robot-programming-project/install'), ('LOGNAME', 'martina'), ('_', '/usr/bin/colcon'), ('JOURNAL_STREAM', '8:11413'), ('_P9K_SSH_TTY', '/dev/pts/3'), ('XDG_SESSION_CLASS', 'user'), ('USER_ZDOTDIR', '/home/martina'), ('ROS_VERSION', '2'), ('USERNAME', 'martina'), ('TERM', 'xterm-256color'), ('GNOME_DESKTOP_SESSION_ID', 'this-is-deprecated'), ('_CE_CONDA', ''), ('ROS_LOCALHOST_ONLY', '0'), ('PATH', '/opt/ros/humble/bin:/home/martina/.local/bin:/home/martina/.local/bin:/usr/lib/ccache:.:/home/martina/.mujoco/mujoco210/bin:/usr/lib/nvidia:/home/martina/anaconda3/condabin:/home/martina/bin:/home/martina/.local/bin:/usr/local/sbin:/usr/local/bin:/usr/sbin:/usr/bin:/sbin:/bin:/usr/games:/usr/local/games:/snap/bin:/home/martina/.cache/zsh4humans/v5/fzf/bin:/home/martina/other/install/bin'), ('SESSION_MANAGER', 'local/Martina-ThinkPad-X1-Yoga:@/tmp/.ICE-unix/1105,unix/Martina-ThinkPad-X1-Yoga:/tmp/.ICE-unix/1105'), ('INVOCATION_ID', 'abb78b4b018940349bd4da4c8fed9753'), ('LC_ADDRESS', 'it_IT.UTF-8'), ('XDG_RUNTIME_DIR', '/run/user/1000'), ('XDG_MENU_PREFIX', 'gnome-'), ('GNOME_SETUP_DISPLAY', ':1'), ('GDK_BACKEND', 'x11'), ('DISPLAY', ':0'), ('LANG', 'en_US.UTF-8'), ('LC_TELEPHONE', 'it_IT.UTF-8'), ('XDG_CURRENT_DESKTOP', 'Unity'), ('VSCODE_INJECTION', '1'), ('LD_PRELOAD', ':/usr/lib/x86_64-linux-gnu/libGLEW.so'), ('XDG_SESSION_DESKTOP', 'ubuntu'), ('XMODIFIERS', '@im=ibus'), ('XAUTHORITY', '/run/user/1000/.mutter-Xwaylandauth.L52E22'), ('TERM_PROGRAM', 'vscode'), ('VSCODE_GIT_IPC_HANDLE', '/run/user/1000/vscode-git-f640f2b3f6.sock'), ('LS_COLORS', 'fi=00:mi=00:mh=00:ln=01;36:or=01;31:di=01;34:ow=04;01;34:st=34:tw=04;34:pi=01;33:so=01;33:do=01;33:bd=01;33:cd=01;33:su=01;35:sg=01;35:ca=01;35:ex=01;32:no=38;5;248'), ('TREE_COLORS', 'fi=00:mi=00:mh=00:ln=01;36:or=01;31:di=01;34:ow=01;34:st=34:tw=34:pi=01;33:so=01;33:do=01;33:bd=01;33:cd=01;33:su=01;35:sg=01;35:ca=01;35:ex=01;32'), ('SSH_AGENT_LAUNCHER', 'gnome-keyring'), ('SSH_AUTH_SOCK', '/run/user/1000/keyring/ssh'), ('ORIGINAL_XDG_CURRENT_DESKTOP', 'ubuntu:GNOME'), ('CONDA_PYTHON_EXE', '/home/martina/anaconda3/bin/python'), ('AMENT_PREFIX_PATH', '/home/martina/rp_project/robot-programming-project/src/simple_robot/install/simple_robot:/home/martina/rp_project/robot-programming-project/install/simple_robot:/opt/ros/humble'), ('LC_NAME', 'it_IT.UTF-8'), ('SHELL', '/usr/local/bin/zsh'), ('DEST', '/home/martina/other/install'), ('QT_ACCESSIBILITY', '1'), ('GDMSESSION', 'ubuntu'), ('CONDA_DEFAULT_ENV', 'base'), ('LC_MEASUREMENT', 'it_IT.UTF-8'), ('LC_IDENTIFICATION', 'it_IT.UTF-8'), ('GJS_DEBUG_OUTPUT', 'stderr'), ('P9K_SSH', '0'), ('QT_IM_MODULE', 'ibus'), ('VSCODE_GIT_ASKPASS_EXTRA_ARGS', ''), ('VSCODE_NONCE', '1ad4f682-72d1-4075-8257-e4257286b7b3'), ('LC_ALL', 'en_US.UTF-8'), ('PWD', '/home/martina/rp_project/robot-programming-project/src/simple_robot/build/simple_robot'), ('GPG_TTY', '/dev/pts/3'), ('XDG_DATA_DIRS', '/usr/local/share/:/usr/share/:/var/lib/snapd/desktop'), ('ZDOTDIR', '/home/martina'), ('_P9K_TTY', '/dev/pts/3'), ('CONDA_EXE', '/home/martina/anaconda3/bin/conda'), ('LC_NUMERIC', 'it_IT.UTF-8'), ('PYTHONPATH', '/opt/ros/humble/lib/python3.10/site-packages:/opt/ros/humble/local/lib/python3.10/dist-packages:/home/martina/other/install/lib/python3.10/site-packages/'), ('LC_PAPER', 'it_IT.UTF-8'), ('CONDA_PREFIX', '/home/martina/anaconda3'), ('COLCON', '1'), ('MANPATH', '/usr/local/share/man:/home/martina/.cache/zsh4humans/v5/fzf/man:'), ('CMAKE_PREFIX_PATH', '/home/martina/rp_project/robot-programming-project/src/simple_robot/install/simple_robot:/home/martina/rp_project/robot-programming-project/install/simple_robot:/opt/ros/humble')]), 'shell': False}
[0.099529] (-) TimerEvent: {}
[0.162004] (simple_robot) StdoutLine: {'line': b'-- The C compiler identification is GNU 11.4.0\n'}
[0.199642] (-) TimerEvent: {}
[0.296717] (simple_robot) StdoutLine: {'line': b'-- The CXX compiler identification is GNU 11.4.0\n'}
[0.299768] (-) TimerEvent: {}
[0.321012] (simple_robot) StdoutLine: {'line': b'-- Detecting C compiler ABI info\n'}
[0.400421] (-) TimerEvent: {}
[0.489452] (simple_robot) StdoutLine: {'line': b'-- Detecting C compiler ABI info - done\n'}
[0.503329] (-) TimerEvent: {}
[0.503704] (simple_robot) StdoutLine: {'line': b'-- Check for working C compiler: /usr/lib/ccache/cc - skipped\n'}
[0.504062] (simple_robot) StdoutLine: {'line': b'-- Detecting C compile features\n'}
[0.505069] (simple_robot) StdoutLine: {'line': b'-- Detecting C compile features - done\n'}
[0.512420] (simple_robot) StdoutLine: {'line': b'-- Detecting CXX compiler ABI info\n'}
[0.603443] (-) TimerEvent: {}
[0.697286] (simple_robot) StdoutLine: {'line': b'-- Detecting CXX compiler ABI info - done\n'}
[0.703541] (-) TimerEvent: {}
[0.712036] (simple_robot) StdoutLine: {'line': b'-- Check for working CXX compiler: /usr/lib/ccache/c++ - skipped\n'}
[0.713289] (simple_robot) StdoutLine: {'line': b'-- Detecting CXX compile features\n'}
[0.713942] (simple_robot) StdoutLine: {'line': b'-- Detecting CXX compile features - done\n'}
[0.735476] (simple_robot) StdoutLine: {'line': b'-- Found OpenCV: /usr (found suitable version "4.5.4", minimum required is "4.5.4") \n'}
[0.738654] (simple_robot) StdoutLine: {'line': b'-- Found ament_cmake: 1.3.11 (/opt/ros/humble/share/ament_cmake/cmake)\n'}
[0.803644] (-) TimerEvent: {}
[0.904321] (-) TimerEvent: {}
[1.004663] (-) TimerEvent: {}
[1.045619] (simple_robot) StdoutLine: {'line': b'-- Found Python3: /usr/bin/python3 (found version "3.10.12") found components: Interpreter \n'}
[1.104790] (-) TimerEvent: {}
[1.195933] (simple_robot) StdoutLine: {'line': b'-- Found rclcpp: 16.0.11 (/opt/ros/humble/share/rclcpp/cmake)\n'}
[1.204906] (-) TimerEvent: {}
[1.268904] (simple_robot) StdoutLine: {'line': b'-- Found rosidl_generator_c: 3.1.6 (/opt/ros/humble/share/rosidl_generator_c/cmake)\n'}
[1.276989] (simple_robot) StdoutLine: {'line': b'-- Found rosidl_adapter: 3.1.6 (/opt/ros/humble/share/rosidl_adapter/cmake)\n'}
[1.291196] (simple_robot) StdoutLine: {'line': b'-- Found rosidl_generator_cpp: 3.1.6 (/opt/ros/humble/share/rosidl_generator_cpp/cmake)\n'}
[1.305307] (-) TimerEvent: {}
[1.318613] (simple_robot) StdoutLine: {'line': b'-- Using all available rosidl_typesupport_c: rosidl_typesupport_fastrtps_c;rosidl_typesupport_introspection_c\n'}
[1.351832] (simple_robot) StdoutLine: {'line': b'-- Using all available rosidl_typesupport_cpp: rosidl_typesupport_fastrtps_cpp;rosidl_typesupport_introspection_cpp\n'}
[1.405401] (-) TimerEvent: {}
[1.434019] (simple_robot) StdoutLine: {'line': b'-- Found rmw_implementation_cmake: 6.1.2 (/opt/ros/humble/share/rmw_implementation_cmake/cmake)\n'}
[1.438078] (simple_robot) StdoutLine: {'line': b'-- Found rmw_fastrtps_cpp: 6.2.7 (/opt/ros/humble/share/rmw_fastrtps_cpp/cmake)\n'}
[1.505561] (-) TimerEvent: {}
[1.605951] (-) TimerEvent: {}
[1.659923] (simple_robot) StdoutLine: {'line': b'-- Found OpenSSL: /usr/lib/x86_64-linux-gnu/libcrypto.so (found version "3.0.2")  \n'}
[1.706084] (-) TimerEvent: {}
[1.713595] (simple_robot) StdoutLine: {'line': b'-- Found FastRTPS: /opt/ros/humble/include  \n'}
[1.808305] (-) TimerEvent: {}
[1.846410] (simple_robot) StdoutLine: {'line': b"-- Using RMW implementation 'rmw_fastrtps_cpp' as default\n"}
[1.869955] (simple_robot) StdoutLine: {'line': b'-- Looking for pthread.h\n'}
[1.908425] (-) TimerEvent: {}
[2.011336] (-) TimerEvent: {}
[2.111737] (-) TimerEvent: {}
[2.112088] (simple_robot) StdoutLine: {'line': b'-- Looking for pthread.h - found\n'}
[2.117311] (simple_robot) StdoutLine: {'line': b'-- Performing Test CMAKE_HAVE_LIBC_PTHREAD\n'}
[2.211856] (-) TimerEvent: {}
[2.310639] (simple_robot) StdoutLine: {'line': b'-- Performing Test CMAKE_HAVE_LIBC_PTHREAD - Success\n'}
[2.311940] (-) TimerEvent: {}
[2.314370] (simple_robot) StdoutLine: {'line': b'-- Found Threads: TRUE  \n'}
[2.412072] (-) TimerEvent: {}
[2.442775] (simple_robot) StdoutLine: {'line': b'-- Found geometry_msgs: 4.2.4 (/opt/ros/humble/share/geometry_msgs/cmake)\n'}
[2.494742] (simple_robot) StdoutLine: {'line': b'-- Found OpenCV: /usr (found version "4.5.4") \n'}
[2.512331] (-) TimerEvent: {}
[2.613121] (-) TimerEvent: {}
[2.645978] (simple_robot) StdoutLine: {'line': b'-- DATA_DIR: /home/martina/rp_project/robot-programming-project/src/simple_robot/data\n'}
[2.646673] (simple_robot) StdoutLine: {'line': b'-- Configuring done\n'}
[2.713260] (-) TimerEvent: {}
[2.725680] (simple_robot) StdoutLine: {'line': b'-- Generating done\n'}
[2.755445] (simple_robot) StdoutLine: {'line': b'-- Build files have been written to: /home/martina/rp_project/robot-programming-project/src/simple_robot/build/simple_robot\n'}
[2.780324] (simple_robot) CommandEnded: {'returncode': 0}
[2.781843] (simple_robot) JobProgress: {'identifier': 'simple_robot', 'progress': 'build'}
[2.783604] (simple_robot) Command: {'cmd': ['/usr/bin/cmake', '--build', '/home/martina/rp_project/robot-programming-project/src/simple_robot/build/simple_robot', '--', '-j4', '-l4'], 'cwd': '/home/martina/rp_project/robot-programming-project/src/simple_robot/build/simple_robot', 'env': OrderedDict([('GJS_DEBUG_TOPICS', 'JS ERROR;JS LOG'), ('LESSOPEN', '| /usr/bin/env /usr/bin/lesspipe %s 2>/dev/null'), ('CONDA_PROMPT_MODIFIER', '(base)'), ('LC_TIME', 'it_IT.UTF-8'), ('USER', 'martina'), ('XDG_SESSION_TYPE', 'wayland'), ('GIT_ASKPASS', '/usr/share/code/resources/app/extensions/git/dist/askpass.sh'), ('SHLVL', '2'), ('LD_LIBRARY_PATH', '/opt/ros/humble/opt/rviz_ogre_vendor/lib:/opt/ros/humble/lib/x86_64-linux-gnu:/opt/ros/humble/lib::/home/martina/.mujoco/mujoco210/bin:/usr/lib/nvidia:~/anaconda3/lib'), ('HOME', '/home/martina'), ('OLDPWD', '/home/martina/rp_project/robot-programming-project/src/simple_robot'), ('CHROME_DESKTOP', 'code.desktop'), ('TERMINFO', '/home/martina/.terminfo'), ('LESS', '-iRFXMx4'), ('CONDA_SHLVL', '1'), ('DESKTOP_SESSION', 'ubuntu'), ('TERM_PROGRAM_VERSION', '1.97.2'), ('GIO_LAUNCHED_DESKTOP_FILE', '/usr/share/applications/code.desktop'), ('LSCOLORS', 'ExGxDxDxCxDxDxFxFxexEx'), ('GTK_MODULES', 'gail:atk-bridge'), ('GNOME_SHELL_SESSION_MODE', 'ubuntu'), ('VSCODE_GIT_ASKPASS_MAIN', '/usr/share/code/resources/app/extensions/git/dist/askpass-main.js'), ('PAGER', 'less'), ('ROS_PYTHON_VERSION', '3'), ('LC_MONETARY', 'it_IT.UTF-8'), ('MANAGERPID', '887'), ('VSCODE_GIT_ASKPASS_NODE', '/usr/share/code/code'), ('SYSTEMD_EXEC_PID', '1152'), ('DBUS_SESSION_BUS_ADDRESS', 'unix:path=/run/user/1000/bus'), ('P9K_TTY', 'old'), ('GIO_LAUNCHED_DESKTOP_FILE_PID', '3260'), ('COLORTERM', 'truecolor'), ('_CE_M', ''), ('WAYLAND_DISPLAY', 'wayland-0'), ('INFOPATH', ''), ('ROS_DISTRO', 'humble'), ('COLCON_PREFIX_PATH', '/home/martina/rp_project/robot-programming-project/install:/home/martina/rp_project/robot-programming-project/src/simple_robot/install:/home/martina/rp_project/robot-programming-project/install'), ('LOGNAME', 'martina'), ('_', '/usr/bin/colcon'), ('JOURNAL_STREAM', '8:11413'), ('_P9K_SSH_TTY', '/dev/pts/3'), ('XDG_SESSION_CLASS', 'user'), ('USER_ZDOTDIR', '/home/martina'), ('ROS_VERSION', '2'), ('USERNAME', 'martina'), ('TERM', 'xterm-256color'), ('GNOME_DESKTOP_SESSION_ID', 'this-is-deprecated'), ('_CE_CONDA', ''), ('ROS_LOCALHOST_ONLY', '0'), ('PATH', '/opt/ros/humble/bin:/home/martina/.local/bin:/home/martina/.local/bin:/usr/lib/ccache:.:/home/martina/.mujoco/mujoco210/bin:/usr/lib/nvidia:/home/martina/anaconda3/condabin:/home/martina/bin:/home/martina/.local/bin:/usr/local/sbin:/usr/local/bin:/usr/sbin:/usr/bin:/sbin:/bin:/usr/games:/usr/local/games:/snap/bin:/home/martina/.cache/zsh4humans/v5/fzf/bin:/home/martina/other/install/bin'), ('SESSION_MANAGER', 'local/Martina-ThinkPad-X1-Yoga:@/tmp/.ICE-unix/1105,unix/Martina-ThinkPad-X1-Yoga:/tmp/.ICE-unix/1105'), ('INVOCATION_ID', 'abb78b4b018940349bd4da4c8fed9753'), ('LC_ADDRESS', 'it_IT.UTF-8'), ('XDG_RUNTIME_DIR', '/run/user/1000'), ('XDG_MENU_PREFIX', 'gnome-'), ('GNOME_SETUP_DISPLAY', ':1'), ('GDK_BACKEND', 'x11'), ('DISPLAY', ':0'), ('LANG', 'en_US.UTF-8'), ('LC_TELEPHONE', 'it_IT.UTF-8'), ('XDG_CURRENT_DESKTOP', 'Unity'), ('VSCODE_INJECTION', '1'), ('LD_PRELOAD', ':/usr/lib/x86_64-linux-gnu/libGLEW.so'), ('XDG_SESSION_DESKTOP', 'ubuntu'), ('XMODIFIERS', '@im=ibus'), ('XAUTHORITY', '/run/user/1000/.mutter-Xwaylandauth.L52E22'), ('TERM_PROGRAM', 'vscode'), ('VSCODE_GIT_IPC_HANDLE', '/run/user/1000/vscode-git-f640f2b3f6.sock'), ('LS_COLORS', 'fi=00:mi=00:mh=00:ln=01;36:or=01;31:di=01;34:ow=04;01;34:st=34:tw=04;34:pi=01;33:so=01;33:do=01;33:bd=01;33:cd=01;33:su=01;35:sg=01;35:ca=01;35:ex=01;32:no=38;5;248'), ('TREE_COLORS', 'fi=00:mi=00:mh=00:ln=01;36:or=01;31:di=01;34:ow=01;34:st=34:tw=34:pi=01;33:so=01;33:do=01;33:bd=01;33:cd=01;33:su=01;35:sg=01;35:ca=01;35:ex=01;32'), ('SSH_AGENT_LAUNCHER', 'gnome-keyring'), ('SSH_AUTH_SOCK', '/run/user/1000/keyring/ssh'), ('ORIGINAL_XDG_CURRENT_DESKTOP', 'ubuntu:GNOME'), ('CONDA_PYTHON_EXE', '/home/martina/anaconda3/bin/python'), ('AMENT_PREFIX_PATH', '/home/martina/rp_project/robot-programming-project/src/simple_robot/install/simple_robot:/home/martina/rp_project/robot-programming-project/install/simple_robot:/opt/ros/humble'), ('LC_NAME', 'it_IT.UTF-8'), ('SHELL', '/usr/local/bin/zsh'), ('DEST', '/home/martina/other/install'), ('QT_ACCESSIBILITY', '1'), ('GDMSESSION', 'ubuntu'), ('CONDA_DEFAULT_ENV', 'base'), ('LC_MEASUREMENT', 'it_IT.UTF-8'), ('LC_IDENTIFICATION', 'it_IT.UTF-8'), ('GJS_DEBUG_OUTPUT', 'stderr'), ('P9K_SSH', '0'), ('QT_IM_MODULE', 'ibus'), ('VSCODE_GIT_ASKPASS_EXTRA_ARGS', ''), ('VSCODE_NONCE', '1ad4f682-72d1-4075-8257-e4257286b7b3'), ('LC_ALL', 'en_US.UTF-8'), ('PWD', '/home/martina/rp_project/robot-programming-project/src/simple_robot/build/simple_robot'), ('GPG_TTY', '/dev/pts/3'), ('XDG_DATA_DIRS', '/usr/local/share/:/usr/share/:/var/lib/snapd/desktop'), ('ZDOTDIR', '/home/martina'), ('_P9K_TTY', '/dev/pts/3'), ('CONDA_EXE', '/home/martina/anaconda3/bin/conda'), ('LC_NUMERIC', 'it_IT.UTF-8'), ('PYTHONPATH', '/opt/ros/humble/lib/python3.10/site-packages:/opt/ros/humble/local/lib/python3.10/dist-packages:/home/martina/other/install/lib/python3.10/site-packages/'), ('LC_PAPER', 'it_IT.UTF-8'), ('CONDA_PREFIX', '/home/martina/anaconda3'), ('COLCON', '1'), ('MANPATH', '/usr/local/share/man:/home/martina/.cache/zsh4humans/v5/fzf/man:'), ('CMAKE_PREFIX_PATH', '/home/martina/rp_project/robot-programming-project/src/simple_robot/install/simple_robot:/home/martina/rp_project/robot-programming-project/install/simple_robot:/opt/ros/humble')]), 'shell': False}
[2.813397] (-) TimerEvent: {}
[2.910376] (simple_robot) StdoutLine: {'line': b'\x1b[35m\x1b[1mConsolidate compiler generated dependencies of target grid_map\x1b[0m\n'}
[2.912127] (simple_robot) StdoutLine: {'line': b'\x1b[35m\x1b[1mConsolidate compiler generated dependencies of target robot_map_node\x1b[0m\n'}
[2.916037] (-) TimerEvent: {}
[2.967331] (simple_robot) StdoutLine: {'line': b'[  5%] \x1b[32mBuilding CXX object CMakeFiles/robot_node.dir/src/robot_node.cpp.o\x1b[0m\n'}
[2.988666] (simple_robot) StdoutLine: {'line': b'[ 10%] \x1b[32mBuilding CXX object CMakeFiles/robot_node.dir/src/robot.cpp.o\x1b[0m\n'}
[3.016164] (-) TimerEvent: {}
[3.019431] (simple_robot) StdoutLine: {'line': b'[ 15%] \x1b[32mBuilding CXX object src/CMakeFiles/grid_map.dir/main.cpp.o\x1b[0m\n'}
[3.026613] (simple_robot) StdoutLine: {'line': b'[ 20%] \x1b[32mBuilding CXX object CMakeFiles/robot_map_node.dir/src/main.cpp.o\x1b[0m\n'}
[3.116301] (-) TimerEvent: {}
[3.218462] (-) TimerEvent: {}
[3.321292] (-) TimerEvent: {}
[3.421667] (-) TimerEvent: {}
[3.522615] (-) TimerEvent: {}
[3.625582] (-) TimerEvent: {}
[3.726460] (-) TimerEvent: {}
[3.827450] (-) TimerEvent: {}
[3.930612] (-) TimerEvent: {}
[4.030967] (-) TimerEvent: {}
[4.131631] (-) TimerEvent: {}
[4.233633] (-) TimerEvent: {}
[4.335295] (-) TimerEvent: {}
[4.435640] (-) TimerEvent: {}
[4.540304] (-) TimerEvent: {}
[4.640674] (-) TimerEvent: {}
[4.741061] (-) TimerEvent: {}
[4.777355] (simple_robot) StderrLine: {'line': b'\x1b[01m\x1b[K/home/martina/rp_project/robot-programming-project/src/simple_robot/src/main.cpp:3:10:\x1b[m\x1b[K \x1b[01;31m\x1b[Kfatal error: \x1b[m\x1b[Kstd_msgs/msg/float32.hpp: No such file or directory\n'}
[4.777728] (simple_robot) StderrLine: {'line': b'    3 | #include \x1b[01;31m\x1b[K"std_msgs/msg/float32.hpp"\x1b[m\x1b[K\n'}
[4.777888] (simple_robot) StderrLine: {'line': b'      |          \x1b[01;31m\x1b[K^~~~~~~~~~~~~~~~~~~~~~~~~~\x1b[m\x1b[K\n'}
[4.778027] (simple_robot) StderrLine: {'line': b'compilation terminated.\n'}
[4.792574] (simple_robot) StderrLine: {'line': b'gmake[2]: *** [CMakeFiles/robot_map_node.dir/build.make:132: CMakeFiles/robot_map_node.dir/src/main.cpp.o] Error 1\n'}
[4.792954] (simple_robot) StderrLine: {'line': b'gmake[1]: *** [CMakeFiles/Makefile2:202: CMakeFiles/robot_map_node.dir/all] Error 2\n'}
[4.793188] (simple_robot) StderrLine: {'line': b'gmake[1]: *** Waiting for unfinished jobs....\n'}
[4.842869] (-) TimerEvent: {}
[4.849333] (simple_robot) StdoutLine: {'line': b'[ 25%] \x1b[32mBuilding CXX object src/CMakeFiles/grid_map.dir/robot_node.cpp.o\x1b[0m\n'}
[4.943012] (-) TimerEvent: {}
[5.043551] (-) TimerEvent: {}
[5.143974] (-) TimerEvent: {}
[5.224575] (simple_robot) StderrLine: {'line': b'\x1b[01m\x1b[K/home/martina/rp_project/robot-programming-project/src/simple_robot/src/main.cpp:3:10:\x1b[m\x1b[K \x1b[01;31m\x1b[Kfatal error: \x1b[m\x1b[Kstd_msgs/msg/float32.hpp: No such file or directory\n'}
[5.226081] (simple_robot) StderrLine: {'line': b'    3 | #include \x1b[01;31m\x1b[K"std_msgs/msg/float32.hpp"\x1b[m\x1b[K\n'}
[5.227938] (simple_robot) StderrLine: {'line': b'      |          \x1b[01;31m\x1b[K^~~~~~~~~~~~~~~~~~~~~~~~~~\x1b[m\x1b[K\n'}
[5.230331] (simple_robot) StderrLine: {'line': b'compilation terminated.\n'}
[5.240667] (simple_robot) StderrLine: {'line': b'gmake[2]: *** [src/CMakeFiles/grid_map.dir/build.make:132: src/CMakeFiles/grid_map.dir/main.cpp.o] Error 1\n'}
[5.242131] (simple_robot) StderrLine: {'line': b'gmake[2]: *** Waiting for unfinished jobs....\n'}
[5.246369] (-) TimerEvent: {}
[5.346768] (-) TimerEvent: {}
[5.447386] (-) TimerEvent: {}
[5.550303] (-) TimerEvent: {}
[5.650701] (-) TimerEvent: {}
[5.751092] (-) TimerEvent: {}
[5.851796] (-) TimerEvent: {}
[5.954413] (-) TimerEvent: {}
[6.054810] (-) TimerEvent: {}
[6.155444] (-) TimerEvent: {}
[6.258634] (-) TimerEvent: {}
[6.359081] (-) TimerEvent: {}
[6.432174] (simple_robot) StderrLine: {'line': b'\x1b[01m\x1b[K/home/martina/rp_project/robot-programming-project/src/simple_robot/src/robot_node.cpp:2:10:\x1b[m\x1b[K \x1b[01;31m\x1b[Kfatal error: \x1b[m\x1b[Kstd_msgs/msg/float32.hpp: No such file or directory\n'}
[6.434370] (simple_robot) StderrLine: {'line': b'    2 | #include \x1b[01;31m\x1b[K"std_msgs/msg/float32.hpp"\x1b[m\x1b[K\n'}
[6.434945] (simple_robot) StderrLine: {'line': b'      |          \x1b[01;31m\x1b[K^~~~~~~~~~~~~~~~~~~~~~~~~~\x1b[m\x1b[K\n'}
[6.438130] (simple_robot) StderrLine: {'line': b'compilation terminated.\n'}
[6.445590] (simple_robot) StderrLine: {'line': b'gmake[2]: *** [src/CMakeFiles/grid_map.dir/build.make:146: src/CMakeFiles/grid_map.dir/robot_node.cpp.o] Error 1\n'}
[6.451690] (simple_robot) StderrLine: {'line': b'gmake[1]: *** [CMakeFiles/Makefile2:228: src/CMakeFiles/grid_map.dir/all] Error 2\n'}
[6.459205] (-) TimerEvent: {}
[6.559590] (-) TimerEvent: {}
[6.661237] (-) TimerEvent: {}
[6.763184] (-) TimerEvent: {}
[6.863698] (-) TimerEvent: {}
[6.964507] (-) TimerEvent: {}
[7.065136] (-) TimerEvent: {}
[7.165544] (-) TimerEvent: {}
[7.266152] (-) TimerEvent: {}
[7.366854] (-) TimerEvent: {}
[7.467298] (-) TimerEvent: {}
[7.567741] (-) TimerEvent: {}
[7.668325] (-) TimerEvent: {}
[7.768936] (-) TimerEvent: {}
[7.870143] (-) TimerEvent: {}
[7.970529] (-) TimerEvent: {}
[8.070977] (-) TimerEvent: {}
[8.171582] (-) TimerEvent: {}
[8.271956] (-) TimerEvent: {}
[8.372305] (-) TimerEvent: {}
[8.472679] (-) TimerEvent: {}
[8.573059] (-) TimerEvent: {}
[8.673663] (-) TimerEvent: {}
[8.774036] (-) TimerEvent: {}
[8.875470] (-) TimerEvent: {}
[8.976513] (-) TimerEvent: {}
[9.077137] (-) TimerEvent: {}
[9.177531] (-) TimerEvent: {}
[9.277906] (-) TimerEvent: {}
[9.378280] (-) TimerEvent: {}
[9.478645] (-) TimerEvent: {}
[9.579044] (-) TimerEvent: {}
[9.679428] (-) TimerEvent: {}
[9.780104] (-) TimerEvent: {}
[9.880539] (-) TimerEvent: {}
[9.980926] (-) TimerEvent: {}
[10.081598] (-) TimerEvent: {}
[10.181963] (-) TimerEvent: {}
[10.282348] (-) TimerEvent: {}
[10.382752] (-) TimerEvent: {}
[10.483129] (-) TimerEvent: {}
[10.583472] (-) TimerEvent: {}
[10.683861] (-) TimerEvent: {}
[10.784207] (-) TimerEvent: {}
[10.884650] (-) TimerEvent: {}
[10.985084] (-) TimerEvent: {}
[11.085549] (-) TimerEvent: {}
[11.185922] (-) TimerEvent: {}
[11.286294] (-) TimerEvent: {}
[11.386662] (-) TimerEvent: {}
[11.487033] (-) TimerEvent: {}
[11.587419] (-) TimerEvent: {}
[11.687789] (-) TimerEvent: {}
[11.788158] (-) TimerEvent: {}
[11.888542] (-) TimerEvent: {}
[11.988909] (-) TimerEvent: {}
[12.089294] (-) TimerEvent: {}
[12.189665] (-) TimerEvent: {}
[12.290057] (-) TimerEvent: {}
[12.390524] (-) TimerEvent: {}
[12.490907] (-) TimerEvent: {}
[12.593407] (-) TimerEvent: {}
[12.696298] (-) TimerEvent: {}
[12.796689] (-) TimerEvent: {}
[12.897535] (-) TimerEvent: {}
[12.997974] (-) TimerEvent: {}
[13.098641] (-) TimerEvent: {}
[13.199254] (-) TimerEvent: {}
[13.299636] (-) TimerEvent: {}
[13.400010] (-) TimerEvent: {}
[13.500326] (-) TimerEvent: {}
[13.600668] (-) TimerEvent: {}
[13.701066] (-) TimerEvent: {}
[13.801499] (-) TimerEvent: {}
[13.901992] (-) TimerEvent: {}
[14.002432] (-) TimerEvent: {}
[14.102807] (-) TimerEvent: {}
[14.203172] (-) TimerEvent: {}
[14.303554] (-) TimerEvent: {}
[14.403921] (-) TimerEvent: {}
[14.504298] (-) TimerEvent: {}
[14.604671] (-) TimerEvent: {}
[14.705038] (-) TimerEvent: {}
[14.805454] (-) TimerEvent: {}
[14.905818] (-) TimerEvent: {}
[15.006184] (-) TimerEvent: {}
[15.106543] (-) TimerEvent: {}
[15.206904] (-) TimerEvent: {}
[15.307280] (-) TimerEvent: {}
[15.407650] (-) TimerEvent: {}
[15.508037] (-) TimerEvent: {}
[15.608463] (-) TimerEvent: {}
[15.708823] (-) TimerEvent: {}
[15.809197] (-) TimerEvent: {}
[15.909580] (-) TimerEvent: {}
[16.009957] (-) TimerEvent: {}
[16.110379] (-) TimerEvent: {}
[16.210788] (-) TimerEvent: {}
[16.311176] (-) TimerEvent: {}
[16.411668] (-) TimerEvent: {}
[16.512133] (-) TimerEvent: {}
[16.612569] (-) TimerEvent: {}
[16.712931] (-) TimerEvent: {}
[16.813318] (-) TimerEvent: {}
[16.913725] (-) TimerEvent: {}
[17.014104] (-) TimerEvent: {}
[17.114472] (-) TimerEvent: {}
[17.214864] (-) TimerEvent: {}
[17.315258] (-) TimerEvent: {}
[17.415647] (-) TimerEvent: {}
[17.516043] (-) TimerEvent: {}
[17.616450] (-) TimerEvent: {}
[17.716874] (-) TimerEvent: {}
[17.817257] (-) TimerEvent: {}
[17.917780] (-) TimerEvent: {}
[18.018203] (-) TimerEvent: {}
[18.118492] (-) TimerEvent: {}
[18.218812] (-) TimerEvent: {}
[18.319176] (-) TimerEvent: {}
[18.419489] (-) TimerEvent: {}
[18.519801] (-) TimerEvent: {}
[18.620141] (-) TimerEvent: {}
[18.720444] (-) TimerEvent: {}
[18.820815] (-) TimerEvent: {}
[18.921139] (-) TimerEvent: {}
[19.021472] (-) TimerEvent: {}
[19.121812] (-) TimerEvent: {}
[19.222156] (-) TimerEvent: {}
[19.322490] (-) TimerEvent: {}
[19.422868] (-) TimerEvent: {}
[19.523197] (-) TimerEvent: {}
[19.623493] (-) TimerEvent: {}
[19.723804] (-) TimerEvent: {}
[19.824177] (-) TimerEvent: {}
[19.924545] (-) TimerEvent: {}
[20.024887] (-) TimerEvent: {}
[20.129305] (-) TimerEvent: {}
[20.229688] (-) TimerEvent: {}
[20.330153] (-) TimerEvent: {}
[20.430543] (-) TimerEvent: {}
[20.530969] (-) TimerEvent: {}
[20.631388] (-) TimerEvent: {}
[20.731756] (-) TimerEvent: {}
[20.832137] (-) TimerEvent: {}
[20.932844] (-) TimerEvent: {}
[21.033317] (-) TimerEvent: {}
[21.133693] (-) TimerEvent: {}
[21.234017] (-) TimerEvent: {}
[21.328355] (simple_robot) StdoutLine: {'line': b'[ 30%] \x1b[32m\x1b[1mLinking CXX executable robot_node\x1b[0m\n'}
[21.334128] (-) TimerEvent: {}
[21.434540] (-) TimerEvent: {}
[21.534898] (-) TimerEvent: {}
[21.635294] (-) TimerEvent: {}
[21.735671] (-) TimerEvent: {}
[21.836046] (-) TimerEvent: {}
[21.936391] (-) TimerEvent: {}
[22.036770] (-) TimerEvent: {}
[22.137106] (-) TimerEvent: {}
[22.185409] (simple_robot) StderrLine: {'line': b"/usr/bin/ld: CMakeFiles/robot_node.dir/src/robot.cpp.o: in function `Robot::draw(cv::Mat&, GridMap const&, unsigned char, int)':\n"}
[22.185634] (simple_robot) StderrLine: {'line': b"robot.cpp:(.text+0x1f3): undefined reference to `drawCircle(cv::Mat&, Eigen::Matrix<int, 2, 1, 0, 2, 1> const&, int, unsigned char)'\n"}
[22.227638] (simple_robot) StderrLine: {'line': b'collect2: error: ld returned 1 exit status\n'}
[22.230993] (simple_robot) StderrLine: {'line': b'gmake[2]: *** [CMakeFiles/robot_node.dir/build.make:237: robot_node] Error 1\n'}
[22.231460] (simple_robot) StderrLine: {'line': b'gmake[1]: *** [CMakeFiles/Makefile2:176: CMakeFiles/robot_node.dir/all] Error 2\n'}
[22.232022] (simple_robot) StderrLine: {'line': b'gmake: *** [Makefile:146: all] Error 2\n'}
[22.236083] (simple_robot) CommandEnded: {'returncode': 2}
[22.238063] (-) TimerEvent: {}
[22.261594] (simple_robot) JobEnded: {'identifier': 'simple_robot', 'rc': 2}
[22.272418] (-) EventReactorShutdown: {}
