[0.000000] (-) TimerEvent: {}
[0.000307] (simple_robot) JobQueued: {'identifier': 'simple_robot', 'dependencies': OrderedDict()}
[0.001249] (simple_robot) JobStarted: {'identifier': 'simple_robot'}
[0.028003] (simple_robot) JobProgress: {'identifier': 'simple_robot', 'progress': 'cmake'}
[0.035520] (simple_robot) Command: {'cmd': ['/usr/bin/cmake', '/home/martina/rp_project/robot-programming-project/src/simple_robot', '-DCMAKE_INSTALL_PREFIX=/home/martina/rp_project/robot-programming-project/src/simple_robot/install/simple_robot'], 'cwd': '/home/martina/rp_project/robot-programming-project/src/simple_robot/build/simple_robot', 'env': OrderedDict([('GJS_DEBUG_TOPICS', 'JS ERROR;JS LOG'), ('LESSOPEN', '| /usr/bin/env /usr/bin/lesspipe %s 2>/dev/null'), ('CONDA_PROMPT_MODIFIER', '(base)'), ('LC_TIME', 'it_IT.UTF-8'), ('USER', 'martina'), ('XDG_SESSION_TYPE', 'wayland'), ('GIT_ASKPASS', '/usr/share/code/resources/app/extensions/git/dist/askpass.sh'), ('SHLVL', '1'), ('LD_LIBRARY_PATH', '/opt/ros/humble/opt/rviz_ogre_vendor/lib:/opt/ros/humble/lib/x86_64-linux-gnu:/opt/ros/humble/lib::/home/martina/.mujoco/mujoco210/bin:/usr/lib/nvidia:~/anaconda3/lib:/home/martina/.mujoco/mujoco210/bin:/usr/lib/nvidia:~/anaconda3/lib:/home/martina/.mujoco/mujoco210/bin:/usr/lib/nvidia:~/anaconda3/lib:/home/martina/.mujoco/mujoco210/bin:/usr/lib/nvidia:~/anaconda3/lib'), ('HOME', '/home/martina'), ('OLDPWD', '/home/martina/rp_project/robot-programming-project'), ('CHROME_DESKTOP', 'code.desktop'), ('TERMINFO', '/home/martina/.terminfo'), ('LESS', '-iRFXMx4'), ('CONDA_SHLVL', '1'), ('DESKTOP_SESSION', 'ubuntu'), ('TERM_PROGRAM_VERSION', '1.97.2'), ('GIO_LAUNCHED_DESKTOP_FILE', '/usr/share/applications/code.desktop'), ('LSCOLORS', 'ExGxDxDxCxDxDxFxFxexEx'), ('GTK_MODULES', 'gail:atk-bridge'), ('GNOME_SHELL_SESSION_MODE', 'ubuntu'), ('VSCODE_GIT_ASKPASS_MAIN', '/usr/share/code/resources/app/extensions/git/dist/askpass-main.js'), ('PAGER', 'less'), ('ROS_PYTHON_VERSION', '3'), ('LC_MONETARY', 'it_IT.UTF-8'), ('MANAGERPID', '887'), ('VSCODE_GIT_ASKPASS_NODE', '/usr/share/code/code'), ('SYSTEMD_EXEC_PID', '1152'), ('DBUS_SESSION_BUS_ADDRESS', 'unix:path=/run/user/1000/bus'), ('P9K_TTY', 'old'), ('GIO_LAUNCHED_DESKTOP_FILE_PID', '3260'), ('COLORTERM', 'truecolor'), ('_CE_M', ''), ('WAYLAND_DISPLAY', 'wayland-0'), ('ROS_DISTRO', 'humble'), ('COLCON_PREFIX_PATH', '/home/martina/rp_project/robot-programming-project/install'), ('INFOPATH', ''), ('LOGNAME', 'martina'), ('_', '/usr/bin/colcon'), ('JOURNAL_STREAM', '8:11413'), ('_P9K_SSH_TTY', '/dev/pts/2'), ('XDG_SESSION_CLASS', 'user'), ('USER_ZDOTDIR', '/home/martina'), ('ROS_VERSION', '2'), ('USERNAME', 'martina'), ('TERM', 'xterm-256color'), ('GNOME_DESKTOP_SESSION_ID', 'this-is-deprecated'), ('_CE_CONDA', ''), ('ROS_LOCALHOST_ONLY', '0'), ('PATH', '/opt/ros/humble/bin:/home/martina/.local/bin:/home/martina/.local/bin:/usr/lib/ccache:.:/home/martina/.mujoco/mujoco210/bin:/usr/lib/nvidia:/home/martina/anaconda3/condabin:/home/martina/bin:/home/martina/.local/bin:/usr/local/sbin:/usr/local/bin:/usr/sbin:/usr/bin:/sbin:/bin:/usr/games:/usr/local/games:/snap/bin:/home/martina/.cache/zsh4humans/v5/fzf/bin:/home/martina/other/install/bin'), ('SESSION_MANAGER', 'local/Martina-ThinkPad-X1-Yoga:@/tmp/.ICE-unix/1105,unix/Martina-ThinkPad-X1-Yoga:/tmp/.ICE-unix/1105'), ('INVOCATION_ID', 'abb78b4b018940349bd4da4c8fed9753'), ('LC_ADDRESS', 'it_IT.UTF-8'), ('XDG_RUNTIME_DIR', '/run/user/1000'), ('XDG_MENU_PREFIX', 'gnome-'), ('GNOME_SETUP_DISPLAY', ':1'), ('GDK_BACKEND', 'x11'), ('DISPLAY', ':0'), ('LANG', 'en_US.UTF-8'), ('LC_TELEPHONE', 'it_IT.UTF-8'), ('XDG_CURRENT_DESKTOP', 'Unity'), ('VSCODE_INJECTION', '1'), ('LD_PRELOAD', ':/usr/lib/x86_64-linux-gnu/libGLEW.so:/usr/lib/x86_64-linux-gnu/libGLEW.so:/usr/lib/x86_64-linux-gnu/libGLEW.so:/usr/lib/x86_64-linux-gnu/libGLEW.so'), ('XDG_SESSION_DESKTOP', 'ubuntu'), ('XMODIFIERS', '@im=ibus'), ('XAUTHORITY', '/run/user/1000/.mutter-Xwaylandauth.L52E22'), ('TERM_PROGRAM', 'vscode'), ('VSCODE_GIT_IPC_HANDLE', '/run/user/1000/vscode-git-f640f2b3f6.sock'), ('LS_COLORS', 'fi=00:mi=00:mh=00:ln=01;36:or=01;31:di=01;34:ow=04;01;34:st=34:tw=04;34:pi=01;33:so=01;33:do=01;33:bd=01;33:cd=01;33:su=01;35:sg=01;35:ca=01;35:ex=01;32:no=38;5;248'), ('TREE_COLORS', 'fi=00:mi=00:mh=00:ln=01;36:or=01;31:di=01;34:ow=01;34:st=34:tw=34:pi=01;33:so=01;33:do=01;33:bd=01;33:cd=01;33:su=01;35:sg=01;35:ca=01;35:ex=01;32'), ('SSH_AGENT_LAUNCHER', 'gnome-keyring'), ('SSH_AUTH_SOCK', '/run/user/1000/keyring/ssh'), ('ORIGINAL_XDG_CURRENT_DESKTOP', 'ubuntu:GNOME'), ('CONDA_PYTHON_EXE', '/home/martina/anaconda3/bin/python'), ('AMENT_PREFIX_PATH', '/home/martina/rp_project/robot-programming-project/install/simple_robot:/opt/ros/humble'), ('LC_NAME', 'it_IT.UTF-8'), ('SHELL', '/usr/local/bin/zsh'), ('DEST', '/home/martina/other/install'), ('QT_ACCESSIBILITY', '1'), ('GDMSESSION', 'ubuntu'), ('CONDA_DEFAULT_ENV', 'base'), ('LC_MEASUREMENT', 'it_IT.UTF-8'), ('LC_IDENTIFICATION', 'it_IT.UTF-8'), ('GJS_DEBUG_OUTPUT', 'stderr'), ('P9K_SSH', '0'), ('QT_IM_MODULE', 'ibus'), ('VSCODE_GIT_ASKPASS_EXTRA_ARGS', ''), ('VSCODE_NONCE', '496b57d3-112a-44b1-a686-7ee612404f49'), ('LC_ALL', 'en_US.UTF-8'), ('PWD', '/home/martina/rp_project/robot-programming-project/src/simple_robot/build/simple_robot'), ('GPG_TTY', '/dev/pts/2'), ('XDG_DATA_DIRS', '/usr/local/share/:/usr/share/:/var/lib/snapd/desktop'), ('ZDOTDIR', '/home/martina'), ('_P9K_TTY', '/dev/pts/2'), ('CONDA_EXE', '/home/martina/anaconda3/bin/conda'), ('LC_NUMERIC', 'it_IT.UTF-8'), ('PYTHONPATH', '/opt/ros/humble/lib/python3.10/site-packages:/opt/ros/humble/local/lib/python3.10/dist-packages:/home/martina/other/install/lib/python3.10/site-packages/'), ('LC_PAPER', 'it_IT.UTF-8'), ('CONDA_PREFIX', '/home/martina/anaconda3'), ('COLCON', '1'), ('MANPATH', '/usr/local/share/man:/home/martina/.cache/zsh4humans/v5/fzf/man:'), ('CMAKE_PREFIX_PATH', '/home/martina/rp_project/robot-programming-project/install/simple_robot:/opt/ros/humble')]), 'shell': False}
[0.100342] (-) TimerEvent: {}
[0.200752] (-) TimerEvent: {}
[0.235383] (simple_robot) StdoutLine: {'line': b'-- The C compiler identification is GNU 11.4.0\n'}
[0.300870] (-) TimerEvent: {}
[0.389255] (simple_robot) StdoutLine: {'line': b'-- The CXX compiler identification is GNU 11.4.0\n'}
[0.401314] (-) TimerEvent: {}
[0.416299] (simple_robot) StdoutLine: {'line': b'-- Detecting C compiler ABI info\n'}
[0.501428] (-) TimerEvent: {}
[0.584743] (simple_robot) StdoutLine: {'line': b'-- Detecting C compiler ABI info - done\n'}
[0.601262] (simple_robot) StdoutLine: {'line': b'-- Check for working C compiler: /usr/lib/ccache/cc - skipped\n'}
[0.601519] (-) TimerEvent: {}
[0.601785] (simple_robot) StdoutLine: {'line': b'-- Detecting C compile features\n'}
[0.601943] (simple_robot) StdoutLine: {'line': b'-- Detecting C compile features - done\n'}
[0.607918] (simple_robot) StdoutLine: {'line': b'-- Detecting CXX compiler ABI info\n'}
[0.701687] (-) TimerEvent: {}
[0.802438] (-) TimerEvent: {}
[0.842073] (simple_robot) StdoutLine: {'line': b'-- Detecting CXX compiler ABI info - done\n'}
[0.870162] (simple_robot) StdoutLine: {'line': b'-- Check for working CXX compiler: /usr/lib/ccache/c++ - skipped\n'}
[0.871301] (simple_robot) StdoutLine: {'line': b'-- Detecting CXX compile features\n'}
[0.871684] (simple_robot) StdoutLine: {'line': b'-- Detecting CXX compile features - done\n'}
[0.903557] (-) TimerEvent: {}
[0.903885] (simple_robot) StdoutLine: {'line': b'-- Found OpenCV: /usr (found suitable version "4.5.4", minimum required is "4.5.4") \n'}
[0.907874] (simple_robot) StdoutLine: {'line': b'-- Found ament_cmake: 1.3.11 (/opt/ros/humble/share/ament_cmake/cmake)\n'}
[1.005927] (-) TimerEvent: {}
[1.108293] (-) TimerEvent: {}
[1.209118] (-) TimerEvent: {}
[1.309570] (-) TimerEvent: {}
[1.321698] (simple_robot) StdoutLine: {'line': b'-- Found Python3: /usr/bin/python3 (found version "3.10.12") found components: Interpreter \n'}
[1.410613] (-) TimerEvent: {}
[1.512328] (-) TimerEvent: {}
[1.541261] (simple_robot) StdoutLine: {'line': b'-- Found rclcpp: 16.0.11 (/opt/ros/humble/share/rclcpp/cmake)\n'}
[1.612937] (-) TimerEvent: {}
[1.637115] (simple_robot) StdoutLine: {'line': b'-- Found rosidl_generator_c: 3.1.6 (/opt/ros/humble/share/rosidl_generator_c/cmake)\n'}
[1.645674] (simple_robot) StdoutLine: {'line': b'-- Found rosidl_adapter: 3.1.6 (/opt/ros/humble/share/rosidl_adapter/cmake)\n'}
[1.666942] (simple_robot) StdoutLine: {'line': b'-- Found rosidl_generator_cpp: 3.1.6 (/opt/ros/humble/share/rosidl_generator_cpp/cmake)\n'}
[1.698283] (simple_robot) StdoutLine: {'line': b'-- Using all available rosidl_typesupport_c: rosidl_typesupport_fastrtps_c;rosidl_typesupport_introspection_c\n'}
[1.714294] (-) TimerEvent: {}
[1.737319] (simple_robot) StdoutLine: {'line': b'-- Using all available rosidl_typesupport_cpp: rosidl_typesupport_fastrtps_cpp;rosidl_typesupport_introspection_cpp\n'}
[1.814391] (-) TimerEvent: {}
[1.823049] (simple_robot) StdoutLine: {'line': b'-- Found rmw_implementation_cmake: 6.1.2 (/opt/ros/humble/share/rmw_implementation_cmake/cmake)\n'}
[1.830615] (simple_robot) StdoutLine: {'line': b'-- Found rmw_fastrtps_cpp: 6.2.7 (/opt/ros/humble/share/rmw_fastrtps_cpp/cmake)\n'}
[1.917350] (-) TimerEvent: {}
[2.017940] (-) TimerEvent: {}
[2.119326] (-) TimerEvent: {}
[2.219701] (-) TimerEvent: {}
[2.235414] (simple_robot) StdoutLine: {'line': b'-- Found OpenSSL: /usr/lib/x86_64-linux-gnu/libcrypto.so (found version "3.0.2")  \n'}
[2.319824] (-) TimerEvent: {}
[2.392548] (simple_robot) StdoutLine: {'line': b'-- Found FastRTPS: /opt/ros/humble/include  \n'}
[2.419957] (-) TimerEvent: {}
[2.508106] (simple_robot) StdoutLine: {'line': b"-- Using RMW implementation 'rmw_fastrtps_cpp' as default\n"}
[2.520093] (-) TimerEvent: {}
[2.527391] (simple_robot) StdoutLine: {'line': b'-- Looking for pthread.h\n'}
[2.620255] (-) TimerEvent: {}
[2.720635] (-) TimerEvent: {}
[2.822314] (-) TimerEvent: {}
[2.841428] (simple_robot) StdoutLine: {'line': b'-- Looking for pthread.h - found\n'}
[2.842873] (simple_robot) StdoutLine: {'line': b'-- Performing Test CMAKE_HAVE_LIBC_PTHREAD\n'}
[2.922469] (-) TimerEvent: {}
[3.025951] (-) TimerEvent: {}
[3.128357] (-) TimerEvent: {}
[3.219181] (simple_robot) StdoutLine: {'line': b'-- Performing Test CMAKE_HAVE_LIBC_PTHREAD - Success\n'}
[3.223818] (simple_robot) StdoutLine: {'line': b'-- Found Threads: TRUE  \n'}
[3.228469] (-) TimerEvent: {}
[3.329217] (-) TimerEvent: {}
[3.353908] (simple_robot) StdoutLine: {'line': b'-- Found OpenCV: /usr (found version "4.5.4") \n'}
[3.430141] (-) TimerEvent: {}
[3.533533] (-) TimerEvent: {}
[3.634305] (-) TimerEvent: {}
[3.637384] (simple_robot) StdoutLine: {'line': b'-- DATA_DIR: /home/martina/rp_project/robot-programming-project/src/simple_robot/data\n'}
[3.641278] (simple_robot) StdoutLine: {'line': b'-- Configuring done\n'}
[3.728454] (simple_robot) StdoutLine: {'line': b'-- Generating done\n'}
[3.734434] (-) TimerEvent: {}
[3.751322] (simple_robot) StdoutLine: {'line': b'-- Build files have been written to: /home/martina/rp_project/robot-programming-project/src/simple_robot/build/simple_robot\n'}
[3.780086] (simple_robot) CommandEnded: {'returncode': 0}
[3.785316] (simple_robot) JobProgress: {'identifier': 'simple_robot', 'progress': 'build'}
[3.785423] (simple_robot) Command: {'cmd': ['/usr/bin/cmake', '--build', '/home/martina/rp_project/robot-programming-project/src/simple_robot/build/simple_robot', '--', '-j4', '-l4'], 'cwd': '/home/martina/rp_project/robot-programming-project/src/simple_robot/build/simple_robot', 'env': OrderedDict([('GJS_DEBUG_TOPICS', 'JS ERROR;JS LOG'), ('LESSOPEN', '| /usr/bin/env /usr/bin/lesspipe %s 2>/dev/null'), ('CONDA_PROMPT_MODIFIER', '(base)'), ('LC_TIME', 'it_IT.UTF-8'), ('USER', 'martina'), ('XDG_SESSION_TYPE', 'wayland'), ('GIT_ASKPASS', '/usr/share/code/resources/app/extensions/git/dist/askpass.sh'), ('SHLVL', '1'), ('LD_LIBRARY_PATH', '/opt/ros/humble/opt/rviz_ogre_vendor/lib:/opt/ros/humble/lib/x86_64-linux-gnu:/opt/ros/humble/lib::/home/martina/.mujoco/mujoco210/bin:/usr/lib/nvidia:~/anaconda3/lib:/home/martina/.mujoco/mujoco210/bin:/usr/lib/nvidia:~/anaconda3/lib:/home/martina/.mujoco/mujoco210/bin:/usr/lib/nvidia:~/anaconda3/lib:/home/martina/.mujoco/mujoco210/bin:/usr/lib/nvidia:~/anaconda3/lib'), ('HOME', '/home/martina'), ('OLDPWD', '/home/martina/rp_project/robot-programming-project'), ('CHROME_DESKTOP', 'code.desktop'), ('TERMINFO', '/home/martina/.terminfo'), ('LESS', '-iRFXMx4'), ('CONDA_SHLVL', '1'), ('DESKTOP_SESSION', 'ubuntu'), ('TERM_PROGRAM_VERSION', '1.97.2'), ('GIO_LAUNCHED_DESKTOP_FILE', '/usr/share/applications/code.desktop'), ('LSCOLORS', 'ExGxDxDxCxDxDxFxFxexEx'), ('GTK_MODULES', 'gail:atk-bridge'), ('GNOME_SHELL_SESSION_MODE', 'ubuntu'), ('VSCODE_GIT_ASKPASS_MAIN', '/usr/share/code/resources/app/extensions/git/dist/askpass-main.js'), ('PAGER', 'less'), ('ROS_PYTHON_VERSION', '3'), ('LC_MONETARY', 'it_IT.UTF-8'), ('MANAGERPID', '887'), ('VSCODE_GIT_ASKPASS_NODE', '/usr/share/code/code'), ('SYSTEMD_EXEC_PID', '1152'), ('DBUS_SESSION_BUS_ADDRESS', 'unix:path=/run/user/1000/bus'), ('P9K_TTY', 'old'), ('GIO_LAUNCHED_DESKTOP_FILE_PID', '3260'), ('COLORTERM', 'truecolor'), ('_CE_M', ''), ('WAYLAND_DISPLAY', 'wayland-0'), ('ROS_DISTRO', 'humble'), ('COLCON_PREFIX_PATH', '/home/martina/rp_project/robot-programming-project/install'), ('INFOPATH', ''), ('LOGNAME', 'martina'), ('_', '/usr/bin/colcon'), ('JOURNAL_STREAM', '8:11413'), ('_P9K_SSH_TTY', '/dev/pts/2'), ('XDG_SESSION_CLASS', 'user'), ('USER_ZDOTDIR', '/home/martina'), ('ROS_VERSION', '2'), ('USERNAME', 'martina'), ('TERM', 'xterm-256color'), ('GNOME_DESKTOP_SESSION_ID', 'this-is-deprecated'), ('_CE_CONDA', ''), ('ROS_LOCALHOST_ONLY', '0'), ('PATH', '/opt/ros/humble/bin:/home/martina/.local/bin:/home/martina/.local/bin:/usr/lib/ccache:.:/home/martina/.mujoco/mujoco210/bin:/usr/lib/nvidia:/home/martina/anaconda3/condabin:/home/martina/bin:/home/martina/.local/bin:/usr/local/sbin:/usr/local/bin:/usr/sbin:/usr/bin:/sbin:/bin:/usr/games:/usr/local/games:/snap/bin:/home/martina/.cache/zsh4humans/v5/fzf/bin:/home/martina/other/install/bin'), ('SESSION_MANAGER', 'local/Martina-ThinkPad-X1-Yoga:@/tmp/.ICE-unix/1105,unix/Martina-ThinkPad-X1-Yoga:/tmp/.ICE-unix/1105'), ('INVOCATION_ID', 'abb78b4b018940349bd4da4c8fed9753'), ('LC_ADDRESS', 'it_IT.UTF-8'), ('XDG_RUNTIME_DIR', '/run/user/1000'), ('XDG_MENU_PREFIX', 'gnome-'), ('GNOME_SETUP_DISPLAY', ':1'), ('GDK_BACKEND', 'x11'), ('DISPLAY', ':0'), ('LANG', 'en_US.UTF-8'), ('LC_TELEPHONE', 'it_IT.UTF-8'), ('XDG_CURRENT_DESKTOP', 'Unity'), ('VSCODE_INJECTION', '1'), ('LD_PRELOAD', ':/usr/lib/x86_64-linux-gnu/libGLEW.so:/usr/lib/x86_64-linux-gnu/libGLEW.so:/usr/lib/x86_64-linux-gnu/libGLEW.so:/usr/lib/x86_64-linux-gnu/libGLEW.so'), ('XDG_SESSION_DESKTOP', 'ubuntu'), ('XMODIFIERS', '@im=ibus'), ('XAUTHORITY', '/run/user/1000/.mutter-Xwaylandauth.L52E22'), ('TERM_PROGRAM', 'vscode'), ('VSCODE_GIT_IPC_HANDLE', '/run/user/1000/vscode-git-f640f2b3f6.sock'), ('LS_COLORS', 'fi=00:mi=00:mh=00:ln=01;36:or=01;31:di=01;34:ow=04;01;34:st=34:tw=04;34:pi=01;33:so=01;33:do=01;33:bd=01;33:cd=01;33:su=01;35:sg=01;35:ca=01;35:ex=01;32:no=38;5;248'), ('TREE_COLORS', 'fi=00:mi=00:mh=00:ln=01;36:or=01;31:di=01;34:ow=01;34:st=34:tw=34:pi=01;33:so=01;33:do=01;33:bd=01;33:cd=01;33:su=01;35:sg=01;35:ca=01;35:ex=01;32'), ('SSH_AGENT_LAUNCHER', 'gnome-keyring'), ('SSH_AUTH_SOCK', '/run/user/1000/keyring/ssh'), ('ORIGINAL_XDG_CURRENT_DESKTOP', 'ubuntu:GNOME'), ('CONDA_PYTHON_EXE', '/home/martina/anaconda3/bin/python'), ('AMENT_PREFIX_PATH', '/home/martina/rp_project/robot-programming-project/install/simple_robot:/opt/ros/humble'), ('LC_NAME', 'it_IT.UTF-8'), ('SHELL', '/usr/local/bin/zsh'), ('DEST', '/home/martina/other/install'), ('QT_ACCESSIBILITY', '1'), ('GDMSESSION', 'ubuntu'), ('CONDA_DEFAULT_ENV', 'base'), ('LC_MEASUREMENT', 'it_IT.UTF-8'), ('LC_IDENTIFICATION', 'it_IT.UTF-8'), ('GJS_DEBUG_OUTPUT', 'stderr'), ('P9K_SSH', '0'), ('QT_IM_MODULE', 'ibus'), ('VSCODE_GIT_ASKPASS_EXTRA_ARGS', ''), ('VSCODE_NONCE', '496b57d3-112a-44b1-a686-7ee612404f49'), ('LC_ALL', 'en_US.UTF-8'), ('PWD', '/home/martina/rp_project/robot-programming-project/src/simple_robot/build/simple_robot'), ('GPG_TTY', '/dev/pts/2'), ('XDG_DATA_DIRS', '/usr/local/share/:/usr/share/:/var/lib/snapd/desktop'), ('ZDOTDIR', '/home/martina'), ('_P9K_TTY', '/dev/pts/2'), ('CONDA_EXE', '/home/martina/anaconda3/bin/conda'), ('LC_NUMERIC', 'it_IT.UTF-8'), ('PYTHONPATH', '/opt/ros/humble/lib/python3.10/site-packages:/opt/ros/humble/local/lib/python3.10/dist-packages:/home/martina/other/install/lib/python3.10/site-packages/'), ('LC_PAPER', 'it_IT.UTF-8'), ('CONDA_PREFIX', '/home/martina/anaconda3'), ('COLCON', '1'), ('MANPATH', '/usr/local/share/man:/home/martina/.cache/zsh4humans/v5/fzf/man:'), ('CMAKE_PREFIX_PATH', '/home/martina/rp_project/robot-programming-project/install/simple_robot:/opt/ros/humble')]), 'shell': False}
[3.834578] (-) TimerEvent: {}
[3.936276] (-) TimerEvent: {}
[4.016442] (simple_robot) StdoutLine: {'line': b'[  8%] \x1b[32mBuilding CXX object CMakeFiles/robot_map_node.dir/src/grid_map.cpp.o\x1b[0m\n'}
[4.038285] (simple_robot) StdoutLine: {'line': b'[ 16%] \x1b[32mBuilding CXX object CMakeFiles/robot_map_node.dir/src/robot.cpp.o\x1b[0m\n'}
[4.038639] (-) TimerEvent: {}
[4.042850] (simple_robot) StdoutLine: {'line': b'[ 25%] \x1b[32mBuilding CXX object src/CMakeFiles/grid_map.dir/grid_map.cpp.o\x1b[0m\n'}
[4.046467] (simple_robot) StdoutLine: {'line': b'[ 33%] \x1b[32mBuilding CXX object src/CMakeFiles/grid_map.dir/map_utils.cpp.o\x1b[0m\n'}
[4.140471] (-) TimerEvent: {}
[4.192494] (simple_robot) StdoutLine: {'line': b'[ 41%] \x1b[32mBuilding CXX object src/CMakeFiles/grid_map.dir/robot.cpp.o\x1b[0m\n'}
[4.208029] (simple_robot) StdoutLine: {'line': b'[ 50%] \x1b[32mBuilding CXX object src/CMakeFiles/grid_map.dir/dmap.cpp.o\x1b[0m\n'}
[4.241077] (-) TimerEvent: {}
[4.312984] (simple_robot) StdoutLine: {'line': b'[ 58%] \x1b[32m\x1b[1mLinking CXX shared library libgrid_map.so\x1b[0m\n'}
[4.343904] (-) TimerEvent: {}
[4.447294] (-) TimerEvent: {}
[4.550286] (-) TimerEvent: {}
[4.650738] (-) TimerEvent: {}
[4.752317] (-) TimerEvent: {}
[4.858288] (-) TimerEvent: {}
[4.958723] (-) TimerEvent: {}
[5.061370] (-) TimerEvent: {}
[5.162355] (-) TimerEvent: {}
[5.234665] (simple_robot) StdoutLine: {'line': b'[ 58%] Built target grid_map\n'}
[5.266309] (-) TimerEvent: {}
[5.366723] (-) TimerEvent: {}
[5.394838] (simple_robot) StdoutLine: {'line': b'[ 66%] \x1b[32mBuilding CXX object test/CMakeFiles/test_robot.dir/test_robot.cpp.o\x1b[0m\n'}
[5.401154] (simple_robot) StdoutLine: {'line': b'[ 75%] \x1b[32mBuilding CXX object test/CMakeFiles/test_map.dir/test_map.cpp.o\x1b[0m\n'}
[5.466848] (-) TimerEvent: {}
[5.571285] (-) TimerEvent: {}
[5.671730] (-) TimerEvent: {}
[5.772455] (-) TimerEvent: {}
[5.873223] (-) TimerEvent: {}
[5.979291] (-) TimerEvent: {}
[6.079696] (-) TimerEvent: {}
[6.181922] (-) TimerEvent: {}
[6.282595] (-) TimerEvent: {}
[6.383004] (-) TimerEvent: {}
[6.484597] (-) TimerEvent: {}
[6.591530] (-) TimerEvent: {}
[6.695906] (-) TimerEvent: {}
[6.797413] (-) TimerEvent: {}
[6.897925] (-) TimerEvent: {}
[6.998708] (-) TimerEvent: {}
[7.101285] (-) TimerEvent: {}
[7.204289] (-) TimerEvent: {}
[7.307312] (-) TimerEvent: {}
[7.407798] (-) TimerEvent: {}
[7.511270] (-) TimerEvent: {}
[7.612290] (-) TimerEvent: {}
[7.712676] (-) TimerEvent: {}
[7.818287] (-) TimerEvent: {}
[7.918691] (-) TimerEvent: {}
[8.019091] (-) TimerEvent: {}
[8.120378] (-) TimerEvent: {}
[8.222309] (-) TimerEvent: {}
[8.322759] (-) TimerEvent: {}
[8.425291] (-) TimerEvent: {}
[8.525714] (-) TimerEvent: {}
[8.632388] (-) TimerEvent: {}
[8.733071] (-) TimerEvent: {}
[8.837702] (-) TimerEvent: {}
[8.938199] (-) TimerEvent: {}
[9.047109] (-) TimerEvent: {}
[9.149292] (-) TimerEvent: {}
[9.249733] (-) TimerEvent: {}
[9.353298] (-) TimerEvent: {}
[9.453762] (-) TimerEvent: {}
[9.556778] (-) TimerEvent: {}
[9.661292] (-) TimerEvent: {}
[9.761683] (-) TimerEvent: {}
[9.863309] (-) TimerEvent: {}
[9.966293] (-) TimerEvent: {}
[10.068437] (-) TimerEvent: {}
[10.169426] (-) TimerEvent: {}
[10.269845] (-) TimerEvent: {}
[10.370557] (-) TimerEvent: {}
[10.471727] (-) TimerEvent: {}
[10.572160] (-) TimerEvent: {}
[10.675259] (-) TimerEvent: {}
[10.777308] (-) TimerEvent: {}
[10.877779] (-) TimerEvent: {}
[10.978541] (-) TimerEvent: {}
[11.080451] (-) TimerEvent: {}
[11.183471] (-) TimerEvent: {}
[11.283869] (-) TimerEvent: {}
[11.384605] (-) TimerEvent: {}
[11.488463] (-) TimerEvent: {}
[11.588860] (-) TimerEvent: {}
[11.689262] (-) TimerEvent: {}
[11.789637] (-) TimerEvent: {}
[11.892287] (-) TimerEvent: {}
[11.992700] (-) TimerEvent: {}
[12.093079] (-) TimerEvent: {}
[12.194680] (-) TimerEvent: {}
[12.295080] (-) TimerEvent: {}
[12.400284] (-) TimerEvent: {}
[12.500696] (-) TimerEvent: {}
[12.602338] (-) TimerEvent: {}
[12.709420] (-) TimerEvent: {}
[12.809818] (-) TimerEvent: {}
[12.910283] (-) TimerEvent: {}
[13.013387] (-) TimerEvent: {}
[13.113786] (-) TimerEvent: {}
[13.214638] (-) TimerEvent: {}
[13.317653] (-) TimerEvent: {}
[13.418071] (-) TimerEvent: {}
[13.520295] (-) TimerEvent: {}
[13.623289] (-) TimerEvent: {}
[13.723670] (-) TimerEvent: {}
[13.824063] (-) TimerEvent: {}
[13.925800] (-) TimerEvent: {}
[14.026446] (-) TimerEvent: {}
[14.127088] (-) TimerEvent: {}
[14.231551] (-) TimerEvent: {}
[14.331937] (-) TimerEvent: {}
[14.432396] (-) TimerEvent: {}
[14.536284] (-) TimerEvent: {}
[14.636670] (-) TimerEvent: {}
[14.644352] (simple_robot) StderrLine: {'line': b'\x1b[01m\x1b[K/home/martina/rp_project/robot-programming-project/src/simple_robot/test/test_robot.cpp:9:\x1b[m\x1b[K \x1b[01;35m\x1b[Kwarning: \x1b[m\x1b[K"DATA_DIR" redefined\n'}
[14.646380] (simple_robot) StderrLine: {'line': b'    9 | #define DATA_DIR "/home/martina/rp_project/robot-programming-project/src/simple_robot/data"\n'}
[14.646621] (simple_robot) StderrLine: {'line': b'      | \n'}
[14.646754] (simple_robot) StderrLine: {'line': b'\x1b[01m\x1b[K<command-line>:\x1b[m\x1b[K \x1b[01;36m\x1b[Knote: \x1b[m\x1b[Kthis is the location of the previous definition\n'}
[14.685533] (simple_robot) StdoutLine: {'line': b'[ 83%] \x1b[32m\x1b[1mLinking CXX executable test_robot\x1b[0m\n'}
[14.736790] (-) TimerEvent: {}
[14.837191] (-) TimerEvent: {}
[14.939301] (-) TimerEvent: {}
[15.039758] (-) TimerEvent: {}
[15.140310] (-) TimerEvent: {}
[15.243491] (-) TimerEvent: {}
[15.305403] (simple_robot) StderrLine: {'line': b'\x1b[01m\x1b[K/home/martina/rp_project/robot-programming-project/src/simple_robot/test/test_map.cpp:7:\x1b[m\x1b[K \x1b[01;35m\x1b[Kwarning: \x1b[m\x1b[K"DATA_DIR" redefined\n'}
[15.308302] (simple_robot) StderrLine: {'line': b'    7 | #define DATA_DIR "/home/martina/rp_project/robot-programming-project/src/simple_robot/data"\n'}
[15.308642] (simple_robot) StderrLine: {'line': b'      | \n'}
[15.308833] (simple_robot) StderrLine: {'line': b'\x1b[01m\x1b[K<command-line>:\x1b[m\x1b[K \x1b[01;36m\x1b[Knote: \x1b[m\x1b[Kthis is the location of the previous definition\n'}
[15.343682] (-) TimerEvent: {}
[15.406775] (simple_robot) StdoutLine: {'line': b'[ 91%] \x1b[32m\x1b[1mLinking CXX executable test_map\x1b[0m\n'}
[15.445413] (-) TimerEvent: {}
[15.545913] (-) TimerEvent: {}
[15.650328] (-) TimerEvent: {}
[15.746839] (simple_robot) StdoutLine: {'line': b'[ 91%] Built target test_robot\n'}
[15.750648] (-) TimerEvent: {}
[15.851111] (-) TimerEvent: {}
[15.954469] (-) TimerEvent: {}
[16.055076] (-) TimerEvent: {}
[16.157467] (-) TimerEvent: {}
[16.211194] (simple_robot) StdoutLine: {'line': b'[100%] \x1b[32m\x1b[1mLinking CXX executable robot_map_node\x1b[0m\n'}
[16.260283] (-) TimerEvent: {}
[16.360675] (-) TimerEvent: {}
[16.461170] (-) TimerEvent: {}
[16.562041] (-) TimerEvent: {}
[16.665571] (-) TimerEvent: {}
[16.751570] (simple_robot) StdoutLine: {'line': b'[100%] Built target test_map\n'}
[16.765683] (-) TimerEvent: {}
[16.866092] (-) TimerEvent: {}
[16.967495] (-) TimerEvent: {}
[17.068033] (-) TimerEvent: {}
[17.142642] (simple_robot) StderrLine: {'line': b"/usr/bin/ld: /usr/lib/gcc/x86_64-linux-gnu/11/../../../x86_64-linux-gnu/Scrt1.o: in function `_start':\n"}
[17.143060] (simple_robot) StderrLine: {'line': b"(.text+0x1b): undefined reference to `main'\n"}
[17.144073] (simple_robot) StderrLine: {'line': b"/usr/bin/ld: CMakeFiles/robot_map_node.dir/src/grid_map.cpp.o: in function `GridMap::GridMap(int, int, float)':\n"}
[17.144374] (simple_robot) StderrLine: {'line': b"grid_map.cpp:(.text+0x70): undefined reference to `GridMapping::resize(int, int, float)'\n"}
[17.144714] (simple_robot) StderrLine: {'line': b"/usr/bin/ld: CMakeFiles/robot_map_node.dir/src/grid_map.cpp.o: in function `GridMap::loadFromImage(std::__cxx11::basic_string<char, std::char_traits<char>, std::allocator<char> >, float)':\n"}
[17.144920] (simple_robot) StderrLine: {'line': b"grid_map.cpp:(.text+0x55c): undefined reference to `GridMapping::resize(int, int, float)'\n"}
[17.145103] (simple_robot) StderrLine: {'line': b"/usr/bin/ld: CMakeFiles/robot_map_node.dir/src/grid_map.cpp.o: in function `GridMap::draw(cv::Mat&) const':\n"}
[17.145310] (simple_robot) StderrLine: {'line': b"grid_map.cpp:(.text+0x6c7): undefined reference to `drawGrid(cv::Mat&, Grid_<unsigned char> const&)'\n"}
[17.153288] (simple_robot) StderrLine: {'line': b"/usr/bin/ld: CMakeFiles/robot_map_node.dir/src/robot.cpp.o: in function `Robot::draw(cv::Mat&, GridMap const&, unsigned char, int)':\n"}
[17.153632] (simple_robot) StderrLine: {'line': b"robot.cpp:(.text+0x1f3): undefined reference to `drawCircle(cv::Mat&, Eigen::Matrix<int, 2, 1, 0, 2, 1> const&, int, unsigned char)'\n"}
[17.168190] (-) TimerEvent: {}
[17.206528] (simple_robot) StderrLine: {'line': b'collect2: error: ld returned 1 exit status\n'}
[17.210591] (simple_robot) StderrLine: {'line': b'gmake[2]: *** [CMakeFiles/robot_map_node.dir/build.make:221: robot_map_node] Error 1\n'}
[17.211703] (simple_robot) StderrLine: {'line': b'gmake[1]: *** [CMakeFiles/Makefile2:174: CMakeFiles/robot_map_node.dir/all] Error 2\n'}
[17.211997] (simple_robot) StderrLine: {'line': b'gmake: *** [Makefile:146: all] Error 2\n'}
[17.219644] (simple_robot) CommandEnded: {'returncode': 2}
[17.237736] (simple_robot) JobEnded: {'identifier': 'simple_robot', 'rc': 2}
[17.248941] (-) EventReactorShutdown: {}
