[0.184s] DEBUG:colcon:Command line arguments: ['/usr/bin/colcon', 'build', '--packages-select', 'simple_robot']
[0.184s] DEBUG:colcon:Parsed command line arguments: Namespace(log_base=None, log_level=None, verb_name='build', build_base='build', install_base='install', merge_install=False, symlink_install=False, test_result_base=None, continue_on_error=False, executor='parallel', parallel_workers=4, event_handlers=None, ignore_user_meta=False, metas=['./colcon.meta'], base_paths=['.'], packages_ignore=None, packages_ignore_regex=None, paths=None, packages_up_to=None, packages_up_to_regex=None, packages_above=None, packages_above_and_dependencies=None, packages_above_depth=None, packages_select_by_dep=None, packages_skip_by_dep=None, packages_skip_up_to=None, packages_select_build_failed=False, packages_skip_build_finished=False, packages_select_test_failures=False, packages_skip_test_passed=False, packages_select=['simple_robot'], packages_skip=None, packages_select_regex=None, packages_skip_regex=None, packages_start=None, packages_end=None, allow_overriding=[], cmake_args=None, cmake_target=None, cmake_target_skip_unavailable=False, cmake_clean_cache=False, cmake_clean_first=False, cmake_force_configure=False, ament_cmake_args=None, catkin_cmake_args=None, catkin_skip_building_tests=False, mixin_files=None, mixin=None, verb_parser=<colcon_mixin.mixin.mixin_argument.MixinArgumentDecorator object at 0x73842f75d9f0>, verb_extension=<colcon_core.verb.build.BuildVerb object at 0x73842f75d000>, main=<bound method BuildVerb.main of <colcon_core.verb.build.BuildVerb object at 0x73842f75d000>>, mixin_verb=('build',))
[0.479s] Level 1:colcon.colcon_core.package_discovery:discover_packages(colcon_meta) check parameters
[0.480s] Level 1:colcon.colcon_core.package_discovery:discover_packages(recursive) check parameters
[0.480s] Level 1:colcon.colcon_core.package_discovery:discover_packages(ignore) check parameters
[0.480s] Level 1:colcon.colcon_core.package_discovery:discover_packages(path) check parameters
[0.480s] Level 1:colcon.colcon_core.package_discovery:discover_packages(colcon_meta) discover
[0.480s] Level 1:colcon.colcon_core.package_discovery:discover_packages(recursive) discover
[0.480s] INFO:colcon.colcon_core.package_discovery:Crawling recursively for packages in '/home/martina/rp_project/robot-programming-project/src/simple_robot'
[0.480s] Level 1:colcon.colcon_core.package_identification:_identify(.) by extensions ['ignore', 'ignore_ament_install']
[0.480s] Level 1:colcon.colcon_core.package_identification:_identify(.) by extension 'ignore'
[0.480s] Level 1:colcon.colcon_core.package_identification:_identify(.) by extension 'ignore_ament_install'
[0.481s] Level 1:colcon.colcon_core.package_identification:_identify(.) by extensions ['colcon_pkg']
[0.481s] Level 1:colcon.colcon_core.package_identification:_identify(.) by extension 'colcon_pkg'
[0.481s] Level 1:colcon.colcon_core.package_identification:_identify(.) by extensions ['colcon_meta']
[0.481s] Level 1:colcon.colcon_core.package_identification:_identify(.) by extension 'colcon_meta'
[0.481s] Level 1:colcon.colcon_core.package_identification:_identify(.) by extensions ['ros']
[0.481s] Level 1:colcon.colcon_core.package_identification:_identify(.) by extension 'ros'
[0.512s] DEBUG:colcon.colcon_core.package_identification:Package '.' with type 'ros.ament_cmake' and name 'simple_robot'
[0.512s] Level 1:colcon.colcon_core.package_discovery:discover_packages(recursive) using defaults
[0.512s] Level 1:colcon.colcon_core.package_discovery:discover_packages(ignore) discover
[0.512s] Level 1:colcon.colcon_core.package_discovery:discover_packages(ignore) using defaults
[0.512s] Level 1:colcon.colcon_core.package_discovery:discover_packages(path) discover
[0.512s] Level 1:colcon.colcon_core.package_discovery:discover_packages(path) using defaults
[0.580s] Level 1:colcon.colcon_core.package_discovery:discover_packages(prefix_path) check parameters
[0.581s] Level 1:colcon.colcon_core.package_discovery:discover_packages(prefix_path) discover
[0.584s] DEBUG:colcon.colcon_installed_package_information.package_discovery:Found 1 installed packages in /home/martina/rp_project/robot-programming-project/install
[0.589s] DEBUG:colcon.colcon_installed_package_information.package_discovery:Found 271 installed packages in /opt/ros/humble
[0.593s] Level 1:colcon.colcon_core.package_discovery:discover_packages(prefix_path) using defaults
[0.672s] Level 5:colcon.colcon_core.verb:set package 'simple_robot' build argument 'cmake_args' from command line to 'None'
[0.672s] Level 5:colcon.colcon_core.verb:set package 'simple_robot' build argument 'cmake_target' from command line to 'None'
[0.673s] Level 5:colcon.colcon_core.verb:set package 'simple_robot' build argument 'cmake_target_skip_unavailable' from command line to 'False'
[0.673s] Level 5:colcon.colcon_core.verb:set package 'simple_robot' build argument 'cmake_clean_cache' from command line to 'False'
[0.673s] Level 5:colcon.colcon_core.verb:set package 'simple_robot' build argument 'cmake_clean_first' from command line to 'False'
[0.673s] Level 5:colcon.colcon_core.verb:set package 'simple_robot' build argument 'cmake_force_configure' from command line to 'False'
[0.673s] Level 5:colcon.colcon_core.verb:set package 'simple_robot' build argument 'ament_cmake_args' from command line to 'None'
[0.673s] Level 5:colcon.colcon_core.verb:set package 'simple_robot' build argument 'catkin_cmake_args' from command line to 'None'
[0.673s] Level 5:colcon.colcon_core.verb:set package 'simple_robot' build argument 'catkin_skip_building_tests' from command line to 'False'
[0.673s] DEBUG:colcon.colcon_core.verb:Building package 'simple_robot' with the following arguments: {'ament_cmake_args': None, 'build_base': '/home/martina/rp_project/robot-programming-project/src/simple_robot/build/simple_robot', 'catkin_cmake_args': None, 'catkin_skip_building_tests': False, 'cmake_args': None, 'cmake_clean_cache': False, 'cmake_clean_first': False, 'cmake_force_configure': False, 'cmake_target': None, 'cmake_target_skip_unavailable': False, 'install_base': '/home/martina/rp_project/robot-programming-project/src/simple_robot/install/simple_robot', 'merge_install': False, 'path': '/home/martina/rp_project/robot-programming-project/src/simple_robot', 'symlink_install': False, 'test_result_base': None}
[0.673s] INFO:colcon.colcon_core.executor:Executing jobs using 'parallel' executor
[0.675s] DEBUG:colcon.colcon_parallel_executor.executor.parallel:run_until_complete
[0.676s] INFO:colcon.colcon_ros.task.ament_cmake.build:Building ROS package in '/home/martina/rp_project/robot-programming-project/src/simple_robot' with build type 'ament_cmake'
[0.676s] INFO:colcon.colcon_cmake.task.cmake.build:Building CMake package in '/home/martina/rp_project/robot-programming-project/src/simple_robot'
[0.679s] INFO:colcon.colcon_core.plugin_system:Skipping extension 'colcon_core.shell.bat': Not used on non-Windows systems
[0.680s] INFO:colcon.colcon_core.shell:Skip shell extension 'powershell' for command environment: Not usable outside of PowerShell
[0.680s] DEBUG:colcon.colcon_core.shell:Skip shell extension 'dsv' for command environment
[0.712s] DEBUG:colcon.colcon_core.event_handler.log_command:Invoking command in '/home/martina/rp_project/robot-programming-project/src/simple_robot/build/simple_robot': CMAKE_PREFIX_PATH=${CMAKE_PREFIX_PATH}:/opt/ros/humble CONDA_PROMPT_MODIFIER=(base) /usr/bin/cmake /home/martina/rp_project/robot-programming-project/src/simple_robot -DCMAKE_INSTALL_PREFIX=/home/martina/rp_project/robot-programming-project/src/simple_robot/install/simple_robot
[4.459s] DEBUG:colcon.colcon_core.event_handler.log_command:Invoked command in '/home/martina/rp_project/robot-programming-project/src/simple_robot/build/simple_robot' returned '0': CMAKE_PREFIX_PATH=${CMAKE_PREFIX_PATH}:/opt/ros/humble CONDA_PROMPT_MODIFIER=(base) /usr/bin/cmake /home/martina/rp_project/robot-programming-project/src/simple_robot -DCMAKE_INSTALL_PREFIX=/home/martina/rp_project/robot-programming-project/src/simple_robot/install/simple_robot
[4.461s] DEBUG:colcon.colcon_core.event_handler.log_command:Invoking command in '/home/martina/rp_project/robot-programming-project/src/simple_robot/build/simple_robot': CMAKE_PREFIX_PATH=${CMAKE_PREFIX_PATH}:/opt/ros/humble CONDA_PROMPT_MODIFIER=(base) /usr/bin/cmake --build /home/martina/rp_project/robot-programming-project/src/simple_robot/build/simple_robot -- -j4 -l4
[17.894s] Level 1:colcon.colcon_core.environment:create_environment_scripts_only(simple_robot)
[17.895s] DEBUG:colcon.colcon_core.event_handler.log_command:Invoked command in '/home/martina/rp_project/robot-programming-project/src/simple_robot/build/simple_robot' returned '2': CMAKE_PREFIX_PATH=${CMAKE_PREFIX_PATH}:/opt/ros/humble CONDA_PROMPT_MODIFIER=(base) /usr/bin/cmake --build /home/martina/rp_project/robot-programming-project/src/simple_robot/build/simple_robot -- -j4 -l4
[17.900s] Level 1:colcon.colcon_core.environment:checking '/home/martina/rp_project/robot-programming-project/src/simple_robot/install/simple_robot' for CMake module files
[17.901s] Level 1:colcon.colcon_core.environment:checking '/home/martina/rp_project/robot-programming-project/src/simple_robot/install/simple_robot' for CMake config files
[17.902s] Level 1:colcon.colcon_core.environment:checking '/home/martina/rp_project/robot-programming-project/src/simple_robot/install/simple_robot/bin'
[17.902s] Level 1:colcon.colcon_core.environment:checking '/home/martina/rp_project/robot-programming-project/src/simple_robot/install/simple_robot/lib/pkgconfig/simple_robot.pc'
[17.903s] Level 1:colcon.colcon_core.environment:checking '/home/martina/rp_project/robot-programming-project/src/simple_robot/install/simple_robot/lib/python3.10/site-packages'
[17.903s] Level 1:colcon.colcon_core.environment:checking '/home/martina/rp_project/robot-programming-project/src/simple_robot/install/simple_robot/bin'
[17.903s] INFO:colcon.colcon_core.shell:Creating package script '/home/martina/rp_project/robot-programming-project/src/simple_robot/install/simple_robot/share/simple_robot/package.ps1'
[17.906s] INFO:colcon.colcon_core.shell:Creating package descriptor '/home/martina/rp_project/robot-programming-project/src/simple_robot/install/simple_robot/share/simple_robot/package.dsv'
[17.907s] INFO:colcon.colcon_core.shell:Creating package script '/home/martina/rp_project/robot-programming-project/src/simple_robot/install/simple_robot/share/simple_robot/package.sh'
[17.909s] INFO:colcon.colcon_core.shell:Creating package script '/home/martina/rp_project/robot-programming-project/src/simple_robot/install/simple_robot/share/simple_robot/package.bash'
[17.911s] INFO:colcon.colcon_core.shell:Creating package script '/home/martina/rp_project/robot-programming-project/src/simple_robot/install/simple_robot/share/simple_robot/package.zsh'
[17.912s] Level 1:colcon.colcon_core.environment:create_file_with_runtime_dependencies(/home/martina/rp_project/robot-programming-project/src/simple_robot/install/simple_robot/share/colcon-core/packages/simple_robot)
[17.922s] DEBUG:colcon.colcon_parallel_executor.executor.parallel:closing loop
[17.923s] DEBUG:colcon.colcon_parallel_executor.executor.parallel:loop closed
[17.923s] DEBUG:colcon.colcon_parallel_executor.executor.parallel:run_until_complete finished with '2'
[17.923s] DEBUG:colcon.colcon_core.event_reactor:joining thread
[17.934s] INFO:colcon.colcon_core.plugin_system:Skipping extension 'colcon_notification.desktop_notification.terminal_notifier': Not used on non-Darwin systems
[17.934s] INFO:colcon.colcon_core.plugin_system:Skipping extension 'colcon_notification.desktop_notification.win32': Not used on non-Windows systems
[17.934s] INFO:colcon.colcon_notification.desktop_notification:Sending desktop notification using 'notify2'
[17.967s] DEBUG:colcon.colcon_core.event_reactor:joined thread
[17.967s] INFO:colcon.colcon_core.shell:Creating prefix script '/home/martina/rp_project/robot-programming-project/src/simple_robot/install/local_setup.ps1'
[17.969s] INFO:colcon.colcon_core.shell:Creating prefix util module '/home/martina/rp_project/robot-programming-project/src/simple_robot/install/_local_setup_util_ps1.py'
[17.973s] INFO:colcon.colcon_core.shell:Creating prefix chain script '/home/martina/rp_project/robot-programming-project/src/simple_robot/install/setup.ps1'
[17.976s] INFO:colcon.colcon_core.shell:Creating prefix script '/home/martina/rp_project/robot-programming-project/src/simple_robot/install/local_setup.sh'
[17.977s] INFO:colcon.colcon_core.shell:Creating prefix util module '/home/martina/rp_project/robot-programming-project/src/simple_robot/install/_local_setup_util_sh.py'
[17.978s] INFO:colcon.colcon_core.shell:Creating prefix chain script '/home/martina/rp_project/robot-programming-project/src/simple_robot/install/setup.sh'
[17.980s] INFO:colcon.colcon_core.shell:Creating prefix script '/home/martina/rp_project/robot-programming-project/src/simple_robot/install/local_setup.bash'
[17.981s] INFO:colcon.colcon_core.shell:Creating prefix chain script '/home/martina/rp_project/robot-programming-project/src/simple_robot/install/setup.bash'
[17.983s] INFO:colcon.colcon_core.shell:Creating prefix script '/home/martina/rp_project/robot-programming-project/src/simple_robot/install/local_setup.zsh'
[17.984s] INFO:colcon.colcon_core.shell:Creating prefix chain script '/home/martina/rp_project/robot-programming-project/src/simple_robot/install/setup.zsh'
