[0.000000] (-) TimerEvent: {}
[0.001203] (simple_robot) JobQueued: {'identifier': 'simple_robot', 'dependencies': OrderedDict()}
[0.002539] (simple_robot) JobStarted: {'identifier': 'simple_robot'}
[0.023021] (simple_robot) JobProgress: {'identifier': 'simple_robot', 'progress': 'cmake'}
[0.023584] (simple_robot) Command: {'cmd': ['/usr/bin/cmake', '/home/martina/rp_project/robot-programming-project/src/simple_robot', '-DCMAKE_INSTALL_PREFIX=/home/martina/rp_project/robot-programming-project/src/simple_robot/install/simple_robot'], 'cwd': '/home/martina/rp_project/robot-programming-project/src/simple_robot/build/simple_robot', 'env': OrderedDict([('GJS_DEBUG_TOPICS', 'JS ERROR;JS LOG'), ('LESSOPEN', '| /usr/bin/env /usr/bin/lesspipe %s 2>/dev/null'), ('CONDA_PROMPT_MODIFIER', '(base)'), ('LC_TIME', 'it_IT.UTF-8'), ('USER', 'martina'), ('XDG_SESSION_TYPE', 'wayland'), ('GIT_ASKPASS', '/usr/share/code/resources/app/extensions/git/dist/askpass.sh'), ('SHLVL', '2'), ('LD_LIBRARY_PATH', '/opt/ros/humble/opt/rviz_ogre_vendor/lib:/opt/ros/humble/lib/x86_64-linux-gnu:/opt/ros/humble/lib::/home/martina/.mujoco/mujoco210/bin:/usr/lib/nvidia:~/anaconda3/lib'), ('HOME', '/home/martina'), ('OLDPWD', '/home/martina/rp_project/robot-programming-project/src/simple_robot'), ('CHROME_DESKTOP', 'code.desktop'), ('TERMINFO', '/home/martina/.terminfo'), ('LESS', '-iRFXMx4'), ('CONDA_SHLVL', '1'), ('DESKTOP_SESSION', 'ubuntu'), ('TERM_PROGRAM_VERSION', '1.97.2'), ('GIO_LAUNCHED_DESKTOP_FILE', '/usr/share/applications/code.desktop'), ('LSCOLORS', 'ExGxDxDxCxDxDxFxFxexEx'), ('GTK_MODULES', 'gail:atk-bridge'), ('GNOME_SHELL_SESSION_MODE', 'ubuntu'), ('VSCODE_GIT_ASKPASS_MAIN', '/usr/share/code/resources/app/extensions/git/dist/askpass-main.js'), ('PAGER', 'less'), ('ROS_PYTHON_VERSION', '3'), ('LC_MONETARY', 'it_IT.UTF-8'), ('MANAGERPID', '887'), ('VSCODE_GIT_ASKPASS_NODE', '/usr/share/code/code'), ('SYSTEMD_EXEC_PID', '1152'), ('DBUS_SESSION_BUS_ADDRESS', 'unix:path=/run/user/1000/bus'), ('P9K_TTY', 'old'), ('GIO_LAUNCHED_DESKTOP_FILE_PID', '3260'), ('COLORTERM', 'truecolor'), ('_CE_M', ''), ('WAYLAND_DISPLAY', 'wayland-0'), ('INFOPATH', ''), ('ROS_DISTRO', 'humble'), ('COLCON_PREFIX_PATH', '/home/martina/rp_project/robot-programming-project/install:/home/martina/rp_project/robot-programming-project/src/simple_robot/install:/home/martina/rp_project/robot-programming-project/install'), ('LOGNAME', 'martina'), ('_', '/usr/bin/colcon'), ('JOURNAL_STREAM', '8:11413'), ('_P9K_SSH_TTY', '/dev/pts/3'), ('XDG_SESSION_CLASS', 'user'), ('USER_ZDOTDIR', '/home/martina'), ('ROS_VERSION', '2'), ('USERNAME', 'martina'), ('TERM', 'xterm-256color'), ('GNOME_DESKTOP_SESSION_ID', 'this-is-deprecated'), ('_CE_CONDA', ''), ('ROS_LOCALHOST_ONLY', '0'), ('PATH', '/opt/ros/humble/bin:/home/martina/.local/bin:/home/martina/.local/bin:/usr/lib/ccache:.:/home/martina/.mujoco/mujoco210/bin:/usr/lib/nvidia:/home/martina/anaconda3/condabin:/home/martina/bin:/home/martina/.local/bin:/usr/local/sbin:/usr/local/bin:/usr/sbin:/usr/bin:/sbin:/bin:/usr/games:/usr/local/games:/snap/bin:/home/martina/.cache/zsh4humans/v5/fzf/bin:/home/martina/other/install/bin'), ('SESSION_MANAGER', 'local/Martina-ThinkPad-X1-Yoga:@/tmp/.ICE-unix/1105,unix/Martina-ThinkPad-X1-Yoga:/tmp/.ICE-unix/1105'), ('INVOCATION_ID', 'abb78b4b018940349bd4da4c8fed9753'), ('LC_ADDRESS', 'it_IT.UTF-8'), ('XDG_RUNTIME_DIR', '/run/user/1000'), ('XDG_MENU_PREFIX', 'gnome-'), ('GNOME_SETUP_DISPLAY', ':1'), ('GDK_BACKEND', 'x11'), ('DISPLAY', ':0'), ('LANG', 'en_US.UTF-8'), ('LC_TELEPHONE', 'it_IT.UTF-8'), ('XDG_CURRENT_DESKTOP', 'Unity'), ('VSCODE_INJECTION', '1'), ('LD_PRELOAD', ':/usr/lib/x86_64-linux-gnu/libGLEW.so'), ('XDG_SESSION_DESKTOP', 'ubuntu'), ('XMODIFIERS', '@im=ibus'), ('XAUTHORITY', '/run/user/1000/.mutter-Xwaylandauth.L52E22'), ('TERM_PROGRAM', 'vscode'), ('VSCODE_GIT_IPC_HANDLE', '/run/user/1000/vscode-git-f640f2b3f6.sock'), ('LS_COLORS', 'fi=00:mi=00:mh=00:ln=01;36:or=01;31:di=01;34:ow=04;01;34:st=34:tw=04;34:pi=01;33:so=01;33:do=01;33:bd=01;33:cd=01;33:su=01;35:sg=01;35:ca=01;35:ex=01;32:no=38;5;248'), ('TREE_COLORS', 'fi=00:mi=00:mh=00:ln=01;36:or=01;31:di=01;34:ow=01;34:st=34:tw=34:pi=01;33:so=01;33:do=01;33:bd=01;33:cd=01;33:su=01;35:sg=01;35:ca=01;35:ex=01;32'), ('SSH_AGENT_LAUNCHER', 'gnome-keyring'), ('SSH_AUTH_SOCK', '/run/user/1000/keyring/ssh'), ('ORIGINAL_XDG_CURRENT_DESKTOP', 'ubuntu:GNOME'), ('CONDA_PYTHON_EXE', '/home/martina/anaconda3/bin/python'), ('AMENT_PREFIX_PATH', '/home/martina/rp_project/robot-programming-project/src/simple_robot/install/simple_robot:/home/martina/rp_project/robot-programming-project/install/simple_robot:/opt/ros/humble'), ('LC_NAME', 'it_IT.UTF-8'), ('SHELL', '/usr/local/bin/zsh'), ('DEST', '/home/martina/other/install'), ('QT_ACCESSIBILITY', '1'), ('GDMSESSION', 'ubuntu'), ('CONDA_DEFAULT_ENV', 'base'), ('LC_MEASUREMENT', 'it_IT.UTF-8'), ('LC_IDENTIFICATION', 'it_IT.UTF-8'), ('GJS_DEBUG_OUTPUT', 'stderr'), ('P9K_SSH', '0'), ('QT_IM_MODULE', 'ibus'), ('VSCODE_GIT_ASKPASS_EXTRA_ARGS', ''), ('VSCODE_NONCE', '1ad4f682-72d1-4075-8257-e4257286b7b3'), ('LC_ALL', 'en_US.UTF-8'), ('PWD', '/home/martina/rp_project/robot-programming-project/src/simple_robot/build/simple_robot'), ('GPG_TTY', '/dev/pts/3'), ('XDG_DATA_DIRS', '/usr/local/share/:/usr/share/:/var/lib/snapd/desktop'), ('ZDOTDIR', '/home/martina'), ('_P9K_TTY', '/dev/pts/3'), ('CONDA_EXE', '/home/martina/anaconda3/bin/conda'), ('LC_NUMERIC', 'it_IT.UTF-8'), ('PYTHONPATH', '/opt/ros/humble/lib/python3.10/site-packages:/opt/ros/humble/local/lib/python3.10/dist-packages:/home/martina/other/install/lib/python3.10/site-packages/'), ('LC_PAPER', 'it_IT.UTF-8'), ('CONDA_PREFIX', '/home/martina/anaconda3'), ('COLCON', '1'), ('MANPATH', '/usr/local/share/man:/home/martina/.cache/zsh4humans/v5/fzf/man:'), ('CMAKE_PREFIX_PATH', '/home/martina/rp_project/robot-programming-project/src/simple_robot/install/simple_robot:/home/martina/rp_project/robot-programming-project/install/simple_robot:/opt/ros/humble')]), 'shell': False}
[0.100881] (-) TimerEvent: {}
[0.199504] (simple_robot) StdoutLine: {'line': b'-- The C compiler identification is GNU 11.4.0\n'}
[0.200992] (-) TimerEvent: {}
[0.301728] (-) TimerEvent: {}
[0.407512] (-) TimerEvent: {}
[0.464977] (simple_robot) StdoutLine: {'line': b'-- The CXX compiler identification is GNU 11.4.0\n'}
[0.510500] (-) TimerEvent: {}
[0.574103] (simple_robot) StdoutLine: {'line': b'-- Detecting C compiler ABI info\n'}
[0.610614] (-) TimerEvent: {}
[0.711288] (-) TimerEvent: {}
[0.812172] (-) TimerEvent: {}
[0.912593] (-) TimerEvent: {}
[0.935253] (simple_robot) StdoutLine: {'line': b'-- Detecting C compiler ABI info - done\n'}
[0.979454] (simple_robot) StdoutLine: {'line': b'-- Check for working C compiler: /usr/lib/ccache/cc - skipped\n'}
[0.980888] (simple_robot) StdoutLine: {'line': b'-- Detecting C compile features\n'}
[0.983312] (simple_robot) StdoutLine: {'line': b'-- Detecting C compile features - done\n'}
[0.994494] (simple_robot) StdoutLine: {'line': b'-- Detecting CXX compiler ABI info\n'}
[1.013503] (-) TimerEvent: {}
[1.114036] (-) TimerEvent: {}
[1.219060] (-) TimerEvent: {}
[1.253303] (simple_robot) StdoutLine: {'line': b'-- Detecting CXX compiler ABI info - done\n'}
[1.281411] (simple_robot) StdoutLine: {'line': b'-- Check for working CXX compiler: /usr/lib/ccache/c++ - skipped\n'}
[1.282464] (simple_robot) StdoutLine: {'line': b'-- Detecting CXX compile features\n'}
[1.285985] (simple_robot) StdoutLine: {'line': b'-- Detecting CXX compile features - done\n'}
[1.308128] (simple_robot) StdoutLine: {'line': b'-- Found OpenCV: /usr (found suitable version "4.5.4", minimum required is "4.5.4") \n'}
[1.310761] (simple_robot) StdoutLine: {'line': b'-- Found ament_cmake: 1.3.11 (/opt/ros/humble/share/ament_cmake/cmake)\n'}
[1.319642] (-) TimerEvent: {}
[1.420148] (-) TimerEvent: {}
[1.521950] (-) TimerEvent: {}
[1.624295] (-) TimerEvent: {}
[1.647022] (simple_robot) StdoutLine: {'line': b'-- Found Python3: /usr/bin/python3 (found version "3.10.12") found components: Interpreter \n'}
[1.725264] (-) TimerEvent: {}
[1.825696] (-) TimerEvent: {}
[1.857002] (simple_robot) StdoutLine: {'line': b'-- Found rclcpp: 16.0.11 (/opt/ros/humble/share/rclcpp/cmake)\n'}
[1.925830] (-) TimerEvent: {}
[1.928074] (simple_robot) StdoutLine: {'line': b'-- Found rosidl_generator_c: 3.1.6 (/opt/ros/humble/share/rosidl_generator_c/cmake)\n'}
[1.937143] (simple_robot) StdoutLine: {'line': b'-- Found rosidl_adapter: 3.1.6 (/opt/ros/humble/share/rosidl_adapter/cmake)\n'}
[1.950854] (simple_robot) StdoutLine: {'line': b'-- Found rosidl_generator_cpp: 3.1.6 (/opt/ros/humble/share/rosidl_generator_cpp/cmake)\n'}
[1.976315] (simple_robot) StdoutLine: {'line': b'-- Using all available rosidl_typesupport_c: rosidl_typesupport_fastrtps_c;rosidl_typesupport_introspection_c\n'}
[2.006567] (simple_robot) StdoutLine: {'line': b'-- Using all available rosidl_typesupport_cpp: rosidl_typesupport_fastrtps_cpp;rosidl_typesupport_introspection_cpp\n'}
[2.026082] (-) TimerEvent: {}
[2.086310] (simple_robot) StdoutLine: {'line': b'-- Found rmw_implementation_cmake: 6.1.2 (/opt/ros/humble/share/rmw_implementation_cmake/cmake)\n'}
[2.091428] (simple_robot) StdoutLine: {'line': b'-- Found rmw_fastrtps_cpp: 6.2.7 (/opt/ros/humble/share/rmw_fastrtps_cpp/cmake)\n'}
[2.126222] (-) TimerEvent: {}
[2.226633] (-) TimerEvent: {}
[2.314892] (simple_robot) StdoutLine: {'line': b'-- Found OpenSSL: /usr/lib/x86_64-linux-gnu/libcrypto.so (found version "3.0.2")  \n'}
[2.327122] (-) TimerEvent: {}
[2.379898] (simple_robot) StdoutLine: {'line': b'-- Found FastRTPS: /opt/ros/humble/include  \n'}
[2.427213] (-) TimerEvent: {}
[2.466269] (simple_robot) StdoutLine: {'line': b"-- Using RMW implementation 'rmw_fastrtps_cpp' as default\n"}
[2.482873] (simple_robot) StdoutLine: {'line': b'-- Looking for pthread.h\n'}
[2.527362] (-) TimerEvent: {}
[2.627804] (-) TimerEvent: {}
[2.642331] (simple_robot) StdoutLine: {'line': b'-- Looking for pthread.h - found\n'}
[2.642845] (simple_robot) StdoutLine: {'line': b'-- Performing Test CMAKE_HAVE_LIBC_PTHREAD\n'}
[2.727948] (-) TimerEvent: {}
[2.828308] (-) TimerEvent: {}
[2.833949] (simple_robot) StdoutLine: {'line': b'-- Performing Test CMAKE_HAVE_LIBC_PTHREAD - Success\n'}
[2.838096] (simple_robot) StdoutLine: {'line': b'-- Found Threads: TRUE  \n'}
[2.928453] (-) TimerEvent: {}
[2.973853] (simple_robot) StdoutLine: {'line': b'-- Found geometry_msgs: 4.2.4 (/opt/ros/humble/share/geometry_msgs/cmake)\n'}
[3.028779] (-) TimerEvent: {}
[3.047516] (simple_robot) StdoutLine: {'line': b'-- Found OpenCV: /usr (found version "4.5.4") \n'}
[3.128839] (-) TimerEvent: {}
[3.229239] (-) TimerEvent: {}
[3.252187] (simple_robot) StdoutLine: {'line': b'-- DATA_DIR: /home/martina/rp_project/robot-programming-project/src/simple_robot/data\n'}
[3.254290] (simple_robot) StdoutLine: {'line': b'-- Configuring done\n'}
[3.329356] (-) TimerEvent: {}
[3.374605] (simple_robot) StdoutLine: {'line': b'-- Generating done\n'}
[3.407699] (simple_robot) StdoutLine: {'line': b'-- Build files have been written to: /home/martina/rp_project/robot-programming-project/src/simple_robot/build/simple_robot\n'}
[3.429531] (-) TimerEvent: {}
[3.445867] (simple_robot) CommandEnded: {'returncode': 0}
[3.447263] (simple_robot) JobProgress: {'identifier': 'simple_robot', 'progress': 'build'}
[3.447337] (simple_robot) Command: {'cmd': ['/usr/bin/cmake', '--build', '/home/martina/rp_project/robot-programming-project/src/simple_robot/build/simple_robot', '--', '-j4', '-l4'], 'cwd': '/home/martina/rp_project/robot-programming-project/src/simple_robot/build/simple_robot', 'env': OrderedDict([('GJS_DEBUG_TOPICS', 'JS ERROR;JS LOG'), ('LESSOPEN', '| /usr/bin/env /usr/bin/lesspipe %s 2>/dev/null'), ('CONDA_PROMPT_MODIFIER', '(base)'), ('LC_TIME', 'it_IT.UTF-8'), ('USER', 'martina'), ('XDG_SESSION_TYPE', 'wayland'), ('GIT_ASKPASS', '/usr/share/code/resources/app/extensions/git/dist/askpass.sh'), ('SHLVL', '2'), ('LD_LIBRARY_PATH', '/opt/ros/humble/opt/rviz_ogre_vendor/lib:/opt/ros/humble/lib/x86_64-linux-gnu:/opt/ros/humble/lib::/home/martina/.mujoco/mujoco210/bin:/usr/lib/nvidia:~/anaconda3/lib'), ('HOME', '/home/martina'), ('OLDPWD', '/home/martina/rp_project/robot-programming-project/src/simple_robot'), ('CHROME_DESKTOP', 'code.desktop'), ('TERMINFO', '/home/martina/.terminfo'), ('LESS', '-iRFXMx4'), ('CONDA_SHLVL', '1'), ('DESKTOP_SESSION', 'ubuntu'), ('TERM_PROGRAM_VERSION', '1.97.2'), ('GIO_LAUNCHED_DESKTOP_FILE', '/usr/share/applications/code.desktop'), ('LSCOLORS', 'ExGxDxDxCxDxDxFxFxexEx'), ('GTK_MODULES', 'gail:atk-bridge'), ('GNOME_SHELL_SESSION_MODE', 'ubuntu'), ('VSCODE_GIT_ASKPASS_MAIN', '/usr/share/code/resources/app/extensions/git/dist/askpass-main.js'), ('PAGER', 'less'), ('ROS_PYTHON_VERSION', '3'), ('LC_MONETARY', 'it_IT.UTF-8'), ('MANAGERPID', '887'), ('VSCODE_GIT_ASKPASS_NODE', '/usr/share/code/code'), ('SYSTEMD_EXEC_PID', '1152'), ('DBUS_SESSION_BUS_ADDRESS', 'unix:path=/run/user/1000/bus'), ('P9K_TTY', 'old'), ('GIO_LAUNCHED_DESKTOP_FILE_PID', '3260'), ('COLORTERM', 'truecolor'), ('_CE_M', ''), ('WAYLAND_DISPLAY', 'wayland-0'), ('INFOPATH', ''), ('ROS_DISTRO', 'humble'), ('COLCON_PREFIX_PATH', '/home/martina/rp_project/robot-programming-project/install:/home/martina/rp_project/robot-programming-project/src/simple_robot/install:/home/martina/rp_project/robot-programming-project/install'), ('LOGNAME', 'martina'), ('_', '/usr/bin/colcon'), ('JOURNAL_STREAM', '8:11413'), ('_P9K_SSH_TTY', '/dev/pts/3'), ('XDG_SESSION_CLASS', 'user'), ('USER_ZDOTDIR', '/home/martina'), ('ROS_VERSION', '2'), ('USERNAME', 'martina'), ('TERM', 'xterm-256color'), ('GNOME_DESKTOP_SESSION_ID', 'this-is-deprecated'), ('_CE_CONDA', ''), ('ROS_LOCALHOST_ONLY', '0'), ('PATH', '/opt/ros/humble/bin:/home/martina/.local/bin:/home/martina/.local/bin:/usr/lib/ccache:.:/home/martina/.mujoco/mujoco210/bin:/usr/lib/nvidia:/home/martina/anaconda3/condabin:/home/martina/bin:/home/martina/.local/bin:/usr/local/sbin:/usr/local/bin:/usr/sbin:/usr/bin:/sbin:/bin:/usr/games:/usr/local/games:/snap/bin:/home/martina/.cache/zsh4humans/v5/fzf/bin:/home/martina/other/install/bin'), ('SESSION_MANAGER', 'local/Martina-ThinkPad-X1-Yoga:@/tmp/.ICE-unix/1105,unix/Martina-ThinkPad-X1-Yoga:/tmp/.ICE-unix/1105'), ('INVOCATION_ID', 'abb78b4b018940349bd4da4c8fed9753'), ('LC_ADDRESS', 'it_IT.UTF-8'), ('XDG_RUNTIME_DIR', '/run/user/1000'), ('XDG_MENU_PREFIX', 'gnome-'), ('GNOME_SETUP_DISPLAY', ':1'), ('GDK_BACKEND', 'x11'), ('DISPLAY', ':0'), ('LANG', 'en_US.UTF-8'), ('LC_TELEPHONE', 'it_IT.UTF-8'), ('XDG_CURRENT_DESKTOP', 'Unity'), ('VSCODE_INJECTION', '1'), ('LD_PRELOAD', ':/usr/lib/x86_64-linux-gnu/libGLEW.so'), ('XDG_SESSION_DESKTOP', 'ubuntu'), ('XMODIFIERS', '@im=ibus'), ('XAUTHORITY', '/run/user/1000/.mutter-Xwaylandauth.L52E22'), ('TERM_PROGRAM', 'vscode'), ('VSCODE_GIT_IPC_HANDLE', '/run/user/1000/vscode-git-f640f2b3f6.sock'), ('LS_COLORS', 'fi=00:mi=00:mh=00:ln=01;36:or=01;31:di=01;34:ow=04;01;34:st=34:tw=04;34:pi=01;33:so=01;33:do=01;33:bd=01;33:cd=01;33:su=01;35:sg=01;35:ca=01;35:ex=01;32:no=38;5;248'), ('TREE_COLORS', 'fi=00:mi=00:mh=00:ln=01;36:or=01;31:di=01;34:ow=01;34:st=34:tw=34:pi=01;33:so=01;33:do=01;33:bd=01;33:cd=01;33:su=01;35:sg=01;35:ca=01;35:ex=01;32'), ('SSH_AGENT_LAUNCHER', 'gnome-keyring'), ('SSH_AUTH_SOCK', '/run/user/1000/keyring/ssh'), ('ORIGINAL_XDG_CURRENT_DESKTOP', 'ubuntu:GNOME'), ('CONDA_PYTHON_EXE', '/home/martina/anaconda3/bin/python'), ('AMENT_PREFIX_PATH', '/home/martina/rp_project/robot-programming-project/src/simple_robot/install/simple_robot:/home/martina/rp_project/robot-programming-project/install/simple_robot:/opt/ros/humble'), ('LC_NAME', 'it_IT.UTF-8'), ('SHELL', '/usr/local/bin/zsh'), ('DEST', '/home/martina/other/install'), ('QT_ACCESSIBILITY', '1'), ('GDMSESSION', 'ubuntu'), ('CONDA_DEFAULT_ENV', 'base'), ('LC_MEASUREMENT', 'it_IT.UTF-8'), ('LC_IDENTIFICATION', 'it_IT.UTF-8'), ('GJS_DEBUG_OUTPUT', 'stderr'), ('P9K_SSH', '0'), ('QT_IM_MODULE', 'ibus'), ('VSCODE_GIT_ASKPASS_EXTRA_ARGS', ''), ('VSCODE_NONCE', '1ad4f682-72d1-4075-8257-e4257286b7b3'), ('LC_ALL', 'en_US.UTF-8'), ('PWD', '/home/martina/rp_project/robot-programming-project/src/simple_robot/build/simple_robot'), ('GPG_TTY', '/dev/pts/3'), ('XDG_DATA_DIRS', '/usr/local/share/:/usr/share/:/var/lib/snapd/desktop'), ('ZDOTDIR', '/home/martina'), ('_P9K_TTY', '/dev/pts/3'), ('CONDA_EXE', '/home/martina/anaconda3/bin/conda'), ('LC_NUMERIC', 'it_IT.UTF-8'), ('PYTHONPATH', '/opt/ros/humble/lib/python3.10/site-packages:/opt/ros/humble/local/lib/python3.10/dist-packages:/home/martina/other/install/lib/python3.10/site-packages/'), ('LC_PAPER', 'it_IT.UTF-8'), ('CONDA_PREFIX', '/home/martina/anaconda3'), ('COLCON', '1'), ('MANPATH', '/usr/local/share/man:/home/martina/.cache/zsh4humans/v5/fzf/man:'), ('CMAKE_PREFIX_PATH', '/home/martina/rp_project/robot-programming-project/src/simple_robot/install/simple_robot:/home/martina/rp_project/robot-programming-project/install/simple_robot:/opt/ros/humble')]), 'shell': False}
[3.531553] (-) TimerEvent: {}
[3.580688] (simple_robot) StdoutLine: {'line': b'\x1b[35m\x1b[1mConsolidate compiler generated dependencies of target robot_node\x1b[0m\n'}
[3.594309] (simple_robot) StdoutLine: {'line': b'\x1b[35m\x1b[1mConsolidate compiler generated dependencies of target grid_map\x1b[0m\n'}
[3.597708] (simple_robot) StdoutLine: {'line': b'\x1b[35m\x1b[1mConsolidate compiler generated dependencies of target robot_map_node\x1b[0m\n'}
[3.636593] (-) TimerEvent: {}
[3.744531] (-) TimerEvent: {}
[3.769193] (simple_robot) StdoutLine: {'line': b'[  4%] \x1b[32mBuilding CXX object src/CMakeFiles/grid_map.dir/main.cpp.o\x1b[0m\n'}
[3.777765] (simple_robot) StdoutLine: {'line': b'[  9%] \x1b[32mBuilding CXX object CMakeFiles/robot_node.dir/src/robot_node.cpp.o\x1b[0m\n'}
[3.778512] (simple_robot) StdoutLine: {'line': b'[ 14%] \x1b[32mBuilding CXX object src/CMakeFiles/grid_map.dir/robot_node.cpp.o\x1b[0m\n'}
[3.782831] (simple_robot) StdoutLine: {'line': b'[ 19%] \x1b[32mBuilding CXX object CMakeFiles/robot_map_node.dir/src/main.cpp.o\x1b[0m\n'}
[3.845720] (-) TimerEvent: {}
[3.947713] (-) TimerEvent: {}
[4.050516] (-) TimerEvent: {}
[4.151065] (-) TimerEvent: {}
[4.254746] (-) TimerEvent: {}
[4.357136] (-) TimerEvent: {}
[4.457486] (-) TimerEvent: {}
[4.557913] (-) TimerEvent: {}
[4.659485] (-) TimerEvent: {}
[4.760712] (-) TimerEvent: {}
[4.861717] (-) TimerEvent: {}
[4.966739] (-) TimerEvent: {}
[5.069392] (-) TimerEvent: {}
[5.172988] (-) TimerEvent: {}
[5.273798] (-) TimerEvent: {}
[5.376888] (-) TimerEvent: {}
[5.477309] (-) TimerEvent: {}
[5.580161] (-) TimerEvent: {}
[5.682503] (-) TimerEvent: {}
[5.784875] (-) TimerEvent: {}
[5.885334] (-) TimerEvent: {}
[5.987173] (-) TimerEvent: {}
[6.089705] (-) TimerEvent: {}
[6.192751] (-) TimerEvent: {}
[6.296054] (-) TimerEvent: {}
[6.397254] (-) TimerEvent: {}
[6.505502] (-) TimerEvent: {}
[6.605957] (-) TimerEvent: {}
[6.706413] (-) TimerEvent: {}
[6.806993] (-) TimerEvent: {}
[6.910721] (-) TimerEvent: {}
[7.011337] (-) TimerEvent: {}
[7.113903] (-) TimerEvent: {}
[7.217942] (-) TimerEvent: {}
[7.318448] (-) TimerEvent: {}
[7.424992] (-) TimerEvent: {}
[7.528505] (-) TimerEvent: {}
[7.630374] (-) TimerEvent: {}
[7.732238] (-) TimerEvent: {}
[7.833046] (-) TimerEvent: {}
[7.937884] (-) TimerEvent: {}
[8.038444] (-) TimerEvent: {}
[8.139212] (-) TimerEvent: {}
[8.240776] (-) TimerEvent: {}
[8.343776] (-) TimerEvent: {}
[8.444212] (-) TimerEvent: {}
[8.544717] (-) TimerEvent: {}
[8.646100] (-) TimerEvent: {}
[8.746610] (-) TimerEvent: {}
[8.847938] (-) TimerEvent: {}
[8.949498] (-) TimerEvent: {}
[9.050187] (-) TimerEvent: {}
[9.153501] (-) TimerEvent: {}
[9.253940] (-) TimerEvent: {}
[9.354319] (-) TimerEvent: {}
[9.454714] (-) TimerEvent: {}
[9.555161] (-) TimerEvent: {}
[9.656338] (-) TimerEvent: {}
[9.759500] (-) TimerEvent: {}
[9.859989] (-) TimerEvent: {}
[9.960650] (-) TimerEvent: {}
[10.063318] (-) TimerEvent: {}
[10.163792] (-) TimerEvent: {}
[10.264284] (-) TimerEvent: {}
[10.366062] (-) TimerEvent: {}
[10.466683] (-) TimerEvent: {}
[10.569502] (-) TimerEvent: {}
[10.670496] (-) TimerEvent: {}
[10.770983] (-) TimerEvent: {}
[10.873590] (-) TimerEvent: {}
[10.977492] (-) TimerEvent: {}
[11.077972] (-) TimerEvent: {}
[11.179127] (-) TimerEvent: {}
[11.279612] (-) TimerEvent: {}
[11.381933] (-) TimerEvent: {}
[11.482685] (-) TimerEvent: {}
[11.586719] (-) TimerEvent: {}
[11.687243] (-) TimerEvent: {}
[11.788276] (-) TimerEvent: {}
[11.888789] (-) TimerEvent: {}
[11.992364] (-) TimerEvent: {}
[12.095710] (-) TimerEvent: {}
[12.196310] (-) TimerEvent: {}
[12.297668] (-) TimerEvent: {}
[12.399698] (-) TimerEvent: {}
[12.500745] (-) TimerEvent: {}
[12.603846] (-) TimerEvent: {}
[12.704251] (-) TimerEvent: {}
[12.804737] (-) TimerEvent: {}
[12.906528] (-) TimerEvent: {}
[13.006927] (-) TimerEvent: {}
[13.109671] (-) TimerEvent: {}
[13.210344] (-) TimerEvent: {}
[13.312675] (-) TimerEvent: {}
[13.413086] (-) TimerEvent: {}
[13.513516] (-) TimerEvent: {}
[13.614653] (-) TimerEvent: {}
[13.715633] (-) TimerEvent: {}
[13.819495] (-) TimerEvent: {}
[13.919881] (-) TimerEvent: {}
[14.020267] (-) TimerEvent: {}
[14.120667] (-) TimerEvent: {}
[14.221066] (-) TimerEvent: {}
[14.321481] (-) TimerEvent: {}
[14.423866] (-) TimerEvent: {}
[14.524502] (-) TimerEvent: {}
[14.626825] (-) TimerEvent: {}
[14.727251] (-) TimerEvent: {}
[14.829670] (-) TimerEvent: {}
[14.930520] (-) TimerEvent: {}
[15.032170] (-) TimerEvent: {}
[15.135850] (-) TimerEvent: {}
[15.236642] (-) TimerEvent: {}
[15.338697] (-) TimerEvent: {}
[15.439750] (-) TimerEvent: {}
[15.542495] (-) TimerEvent: {}
[15.642913] (-) TimerEvent: {}
[15.743322] (-) TimerEvent: {}
[15.845825] (-) TimerEvent: {}
[15.946269] (-) TimerEvent: {}
[16.047858] (-) TimerEvent: {}
[16.148332] (-) TimerEvent: {}
[16.249854] (-) TimerEvent: {}
[16.350678] (-) TimerEvent: {}
[16.451671] (-) TimerEvent: {}
[16.554724] (-) TimerEvent: {}
[16.655533] (-) TimerEvent: {}
[16.755948] (-) TimerEvent: {}
[16.858320] (-) TimerEvent: {}
[16.959126] (-) TimerEvent: {}
[17.061000] (-) TimerEvent: {}
[17.163679] (-) TimerEvent: {}
[17.266496] (-) TimerEvent: {}
[17.366920] (-) TimerEvent: {}
[17.470498] (-) TimerEvent: {}
[17.570906] (-) TimerEvent: {}
[17.671376] (-) TimerEvent: {}
[17.772064] (-) TimerEvent: {}
[17.874891] (-) TimerEvent: {}
[17.975617] (-) TimerEvent: {}
[18.078770] (-) TimerEvent: {}
[18.182491] (-) TimerEvent: {}
[18.285838] (-) TimerEvent: {}
[18.386305] (-) TimerEvent: {}
[18.486797] (-) TimerEvent: {}
[18.588691] (-) TimerEvent: {}
[18.689947] (-) TimerEvent: {}
[18.790614] (-) TimerEvent: {}
[18.892678] (-) TimerEvent: {}
[18.993408] (-) TimerEvent: {}
[19.094625] (-) TimerEvent: {}
[19.196884] (-) TimerEvent: {}
[19.297279] (-) TimerEvent: {}
[19.397899] (-) TimerEvent: {}
[19.498499] (-) TimerEvent: {}
[19.600497] (-) TimerEvent: {}
[19.703496] (-) TimerEvent: {}
[19.803890] (-) TimerEvent: {}
[19.906499] (-) TimerEvent: {}
[20.006892] (-) TimerEvent: {}
[20.109505] (-) TimerEvent: {}
[20.211497] (-) TimerEvent: {}
[20.312369] (-) TimerEvent: {}
[20.413249] (-) TimerEvent: {}
[20.515501] (-) TimerEvent: {}
[20.621023] (-) TimerEvent: {}
[20.723735] (-) TimerEvent: {}
[20.826486] (-) TimerEvent: {}
[20.926892] (-) TimerEvent: {}
[21.027374] (-) TimerEvent: {}
[21.129034] (-) TimerEvent: {}
[21.230696] (-) TimerEvent: {}
[21.332147] (-) TimerEvent: {}
[21.433933] (-) TimerEvent: {}
[21.535758] (-) TimerEvent: {}
[21.636180] (-) TimerEvent: {}
[21.742522] (-) TimerEvent: {}
[21.843006] (-) TimerEvent: {}
[21.943453] (-) TimerEvent: {}
[22.044216] (-) TimerEvent: {}
[22.146607] (-) TimerEvent: {}
[22.247009] (-) TimerEvent: {}
[22.348834] (-) TimerEvent: {}
[22.449495] (-) TimerEvent: {}
[22.552683] (-) TimerEvent: {}
[22.653318] (-) TimerEvent: {}
[22.753982] (-) TimerEvent: {}
[22.855679] (-) TimerEvent: {}
[22.956749] (-) TimerEvent: {}
[23.057459] (-) TimerEvent: {}
[23.162499] (-) TimerEvent: {}
[23.267494] (-) TimerEvent: {}
[23.370509] (-) TimerEvent: {}
[23.470914] (-) TimerEvent: {}
[23.571332] (-) TimerEvent: {}
[23.671725] (-) TimerEvent: {}
[23.773994] (-) TimerEvent: {}
[23.874446] (-) TimerEvent: {}
[23.974868] (-) TimerEvent: {}
[24.077814] (-) TimerEvent: {}
[24.181504] (-) TimerEvent: {}
[24.281931] (-) TimerEvent: {}
[24.382974] (-) TimerEvent: {}
[24.486500] (-) TimerEvent: {}
[24.586882] (-) TimerEvent: {}
[24.687284] (-) TimerEvent: {}
[24.788184] (-) TimerEvent: {}
[24.891683] (-) TimerEvent: {}
[24.992532] (-) TimerEvent: {}
[25.093552] (-) TimerEvent: {}
[25.196820] (-) TimerEvent: {}
[25.297206] (-) TimerEvent: {}
[25.397600] (-) TimerEvent: {}
[25.500494] (-) TimerEvent: {}
[25.600889] (-) TimerEvent: {}
[25.701838] (-) TimerEvent: {}
[25.803836] (-) TimerEvent: {}
[25.904281] (-) TimerEvent: {}
[26.005854] (-) TimerEvent: {}
[26.108821] (-) TimerEvent: {}
[26.209221] (-) TimerEvent: {}
[26.309630] (-) TimerEvent: {}
[26.410557] (-) TimerEvent: {}
[26.513851] (-) TimerEvent: {}
[26.614279] (-) TimerEvent: {}
[26.714680] (-) TimerEvent: {}
[26.818674] (-) TimerEvent: {}
[26.919112] (-) TimerEvent: {}
[27.019500] (-) TimerEvent: {}
[27.123627] (-) TimerEvent: {}
[27.224232] (-) TimerEvent: {}
[27.325639] (-) TimerEvent: {}
[27.426042] (-) TimerEvent: {}
[27.528718] (-) TimerEvent: {}
[27.629190] (-) TimerEvent: {}
[27.729620] (-) TimerEvent: {}
[27.740058] (simple_robot) StdoutLine: {'line': b'[ 23%] \x1b[32m\x1b[1mLinking CXX executable robot_node\x1b[0m\n'}
[27.831313] (-) TimerEvent: {}
[27.935504] (-) TimerEvent: {}
[28.035911] (-) TimerEvent: {}
[28.136346] (-) TimerEvent: {}
[28.239530] (-) TimerEvent: {}
[28.340006] (-) TimerEvent: {}
[28.441545] (-) TimerEvent: {}
[28.545150] (-) TimerEvent: {}
[28.647065] (-) TimerEvent: {}
[28.747782] (-) TimerEvent: {}
[28.807886] (simple_robot) StderrLine: {'line': b"/usr/bin/ld: /usr/lib/gcc/x86_64-linux-gnu/11/../../../x86_64-linux-gnu/Scrt1.o: in function `_start':\n"}
[28.811625] (simple_robot) StderrLine: {'line': b"(.text+0x1b): undefined reference to `main'\n"}
[28.847932] (-) TimerEvent: {}
[28.918711] (simple_robot) StderrLine: {'line': b'collect2: error: ld returned 1 exit status\n'}
[28.926050] (simple_robot) StderrLine: {'line': b'gmake[2]: *** [CMakeFiles/robot_node.dir/build.make:253: robot_node] Error 1\n'}
[28.927222] (simple_robot) StderrLine: {'line': b'gmake[1]: *** [CMakeFiles/Makefile2:176: CMakeFiles/robot_node.dir/all] Error 2\n'}
[28.927682] (simple_robot) StderrLine: {'line': b'gmake[1]: *** Waiting for unfinished jobs....\n'}
[28.948071] (-) TimerEvent: {}
[29.050544] (-) TimerEvent: {}
[29.151125] (-) TimerEvent: {}
[29.251780] (-) TimerEvent: {}
[29.352725] (-) TimerEvent: {}
[29.405860] (simple_robot) StdoutLine: {'line': b'[ 28%] \x1b[32m\x1b[1mLinking CXX shared library libgrid_map.so\x1b[0m\n'}
[29.452918] (-) TimerEvent: {}
[29.553407] (-) TimerEvent: {}
[29.654321] (-) TimerEvent: {}
[29.756514] (-) TimerEvent: {}
[29.857027] (-) TimerEvent: {}
[29.958468] (-) TimerEvent: {}
[30.058964] (-) TimerEvent: {}
[30.164513] (-) TimerEvent: {}
[30.266978] (-) TimerEvent: {}
[30.368691] (-) TimerEvent: {}
[30.469719] (-) TimerEvent: {}
[30.570180] (-) TimerEvent: {}
[30.672931] (-) TimerEvent: {}
[30.773372] (-) TimerEvent: {}
[30.878444] (-) TimerEvent: {}
[30.978905] (-) TimerEvent: {}
[31.079849] (-) TimerEvent: {}
[31.183039] (-) TimerEvent: {}
[31.283474] (-) TimerEvent: {}
[31.330032] (simple_robot) StdoutLine: {'line': b'[ 47%] Built target grid_map\n'}
[31.383590] (-) TimerEvent: {}
[31.483987] (-) TimerEvent: {}
[31.584374] (-) TimerEvent: {}
[31.684864] (-) TimerEvent: {}
[31.785852] (-) TimerEvent: {}
[31.886273] (-) TimerEvent: {}
[31.986826] (-) TimerEvent: {}
[32.087306] (-) TimerEvent: {}
[32.187765] (-) TimerEvent: {}
[32.253300] (simple_robot) StdoutLine: {'line': b'[ 52%] \x1b[32m\x1b[1mLinking CXX executable robot_map_node\x1b[0m\n'}
[32.287921] (-) TimerEvent: {}
[32.389205] (-) TimerEvent: {}
[32.489644] (-) TimerEvent: {}
[32.590380] (-) TimerEvent: {}
[32.693517] (-) TimerEvent: {}
[32.794027] (-) TimerEvent: {}
[32.894917] (-) TimerEvent: {}
[32.995732] (-) TimerEvent: {}
[33.096866] (-) TimerEvent: {}
[33.199593] (-) TimerEvent: {}
[33.301613] (-) TimerEvent: {}
[33.402094] (-) TimerEvent: {}
[33.507140] (-) TimerEvent: {}
[33.607673] (-) TimerEvent: {}
[33.708268] (-) TimerEvent: {}
[33.808634] (-) TimerEvent: {}
[33.909108] (-) TimerEvent: {}
[34.009538] (-) TimerEvent: {}
[34.110051] (-) TimerEvent: {}
[34.136067] (simple_robot) StderrLine: {'line': b"/usr/bin/ld: CMakeFiles/robot_map_node.dir/src/main.cpp.o: in function `std::enable_if<rosidl_generator_traits::is_message<geometry_msgs::msg::Pose2D_<std::allocator<void> > >::value, rosidl_message_type_support_t const&>::type rclcpp::get_message_type_support_handle<geometry_msgs::msg::Pose2D_<std::allocator<void> > >()':\n"}
[34.138604] (simple_robot) StderrLine: {'line': b"main.cpp:(.text._ZN6rclcpp31get_message_type_support_handleIN13geometry_msgs3msg7Pose2D_ISaIvEEEEENSt9enable_ifIXsrN23rosidl_generator_traits10is_messageIT_EE5valueERK29rosidl_message_type_support_tE4typeEv[_ZN6rclcpp31get_message_type_support_handleIN13geometry_msgs3msg7Pose2D_ISaIvEEEEENSt9enable_ifIXsrN23rosidl_generator_traits10is_messageIT_EE5valueERK29rosidl_message_type_support_tE4typeEv]+0x10): undefined reference to `rosidl_message_type_support_t const* rosidl_typesupport_cpp::get_message_type_support_handle<geometry_msgs::msg::Pose2D_<std::allocator<void> > >()'\n"}
[34.146141] (simple_robot) StderrLine: {'line': b"/usr/bin/ld: CMakeFiles/robot_map_node.dir/src/main.cpp.o: in function `std::enable_if<rosidl_generator_traits::is_message<std_msgs::msg::Float32_<std::allocator<void> > >::value, rosidl_message_type_support_t const&>::type rclcpp::get_message_type_support_handle<std_msgs::msg::Float32_<std::allocator<void> > >()':\n"}
[34.146583] (simple_robot) StderrLine: {'line': b"main.cpp:(.text._ZN6rclcpp31get_message_type_support_handleIN8std_msgs3msg8Float32_ISaIvEEEEENSt9enable_ifIXsrN23rosidl_generator_traits10is_messageIT_EE5valueERK29rosidl_message_type_support_tE4typeEv[_ZN6rclcpp31get_message_type_support_handleIN8std_msgs3msg8Float32_ISaIvEEEEENSt9enable_ifIXsrN23rosidl_generator_traits10is_messageIT_EE5valueERK29rosidl_message_type_support_tE4typeEv]+0x10): undefined reference to `rosidl_message_type_support_t const* rosidl_typesupport_cpp::get_message_type_support_handle<std_msgs::msg::Float32_<std::allocator<void> > >()'\n"}
[34.210464] (-) TimerEvent: {}
[34.300505] (simple_robot) StderrLine: {'line': b'collect2: error: ld returned 1 exit status\n'}
[34.304021] (simple_robot) StderrLine: {'line': b'gmake[2]: *** [CMakeFiles/robot_map_node.dir/build.make:269: robot_map_node] Error 1\n'}
[34.304550] (simple_robot) StderrLine: {'line': b'gmake[1]: *** [CMakeFiles/Makefile2:202: CMakeFiles/robot_map_node.dir/all] Error 2\n'}
[34.305176] (simple_robot) StderrLine: {'line': b'gmake: *** [Makefile:146: all] Error 2\n'}
[34.309750] (simple_robot) CommandEnded: {'returncode': 2}
[34.310758] (-) TimerEvent: {}
[34.340966] (simple_robot) JobEnded: {'identifier': 'simple_robot', 'rc': 2}
[34.354726] (-) EventReactorShutdown: {}
