[1.661s] DEBUG:colcon:Command line arguments: ['/usr/bin/colcon', 'build', '--packages-select', 'simple_robot', '--cmake-clean-cache', '--event-handlers', 'console_direct+']
[1.662s] DEBUG:colcon:Parsed command line arguments: Namespace(log_base=None, log_level=None, verb_name='build', build_base='build', install_base='install', merge_install=False, symlink_install=False, test_result_base=None, continue_on_error=False, executor='parallel', parallel_workers=4, event_handlers=['console_direct+'], ignore_user_meta=False, metas=['./colcon.meta'], base_paths=['.'], packages_ignore=None, packages_ignore_regex=None, paths=None, packages_up_to=None, packages_up_to_regex=None, packages_above=None, packages_above_and_dependencies=None, packages_above_depth=None, packages_select_by_dep=None, packages_skip_by_dep=None, packages_skip_up_to=None, packages_select_build_failed=False, packages_skip_build_finished=False, packages_select_test_failures=False, packages_skip_test_passed=False, packages_select=['simple_robot'], packages_skip=None, packages_select_regex=None, packages_skip_regex=None, packages_start=None, packages_end=None, allow_overriding=[], cmake_args=None, cmake_target=None, cmake_target_skip_unavailable=False, cmake_clean_cache=True, cmake_clean_first=False, cmake_force_configure=False, ament_cmake_args=None, catkin_cmake_args=None, catkin_skip_building_tests=False, mixin_files=None, mixin=None, verb_parser=<colcon_mixin.mixin.mixin_argument.MixinArgumentDecorator object at 0x7ab18c9699c0>, verb_extension=<colcon_core.verb.build.BuildVerb object at 0x7ab18c968fd0>, main=<bound method BuildVerb.main of <colcon_core.verb.build.BuildVerb object at 0x7ab18c968fd0>>, mixin_verb=('build',))
[3.937s] Level 1:colcon.colcon_core.package_discovery:discover_packages(colcon_meta) check parameters
[3.938s] Level 1:colcon.colcon_core.package_discovery:discover_packages(recursive) check parameters
[3.938s] Level 1:colcon.colcon_core.package_discovery:discover_packages(ignore) check parameters
[3.938s] Level 1:colcon.colcon_core.package_discovery:discover_packages(path) check parameters
[3.938s] Level 1:colcon.colcon_core.package_discovery:discover_packages(colcon_meta) discover
[3.939s] Level 1:colcon.colcon_core.package_discovery:discover_packages(recursive) discover
[3.939s] INFO:colcon.colcon_core.package_discovery:Crawling recursively for packages in '/home/martina/rp_project/robot-programming-project/src/simple_robot'
[3.940s] Level 1:colcon.colcon_core.package_identification:_identify(.) by extensions ['ignore', 'ignore_ament_install']
[3.941s] Level 1:colcon.colcon_core.package_identification:_identify(.) by extension 'ignore'
[3.941s] Level 1:colcon.colcon_core.package_identification:_identify(.) by extension 'ignore_ament_install'
[3.942s] Level 1:colcon.colcon_core.package_identification:_identify(.) by extensions ['colcon_pkg']
[3.942s] Level 1:colcon.colcon_core.package_identification:_identify(.) by extension 'colcon_pkg'
[3.943s] Level 1:colcon.colcon_core.package_identification:_identify(.) by extensions ['colcon_meta']
[3.943s] Level 1:colcon.colcon_core.package_identification:_identify(.) by extension 'colcon_meta'
[3.944s] Level 1:colcon.colcon_core.package_identification:_identify(.) by extensions ['ros']
[3.944s] Level 1:colcon.colcon_core.package_identification:_identify(.) by extension 'ros'
[4.057s] DEBUG:colcon.colcon_core.package_identification:Package '.' with type 'ros.ament_cmake' and name 'simple_robot'
[4.057s] Level 1:colcon.colcon_core.package_discovery:discover_packages(recursive) using defaults
[4.058s] Level 1:colcon.colcon_core.package_discovery:discover_packages(ignore) discover
[4.058s] Level 1:colcon.colcon_core.package_discovery:discover_packages(ignore) using defaults
[4.058s] Level 1:colcon.colcon_core.package_discovery:discover_packages(path) discover
[4.059s] Level 1:colcon.colcon_core.package_discovery:discover_packages(path) using defaults
[4.262s] Level 1:colcon.colcon_core.package_discovery:discover_packages(prefix_path) check parameters
[4.262s] Level 1:colcon.colcon_core.package_discovery:discover_packages(prefix_path) discover
[4.276s] DEBUG:colcon.colcon_installed_package_information.package_discovery:Found 1 installed packages in /home/martina/rp_project/robot-programming-project/install
[4.287s] DEBUG:colcon.colcon_installed_package_information.package_discovery:Found 271 installed packages in /opt/ros/humble
[4.301s] Level 1:colcon.colcon_core.package_discovery:discover_packages(prefix_path) using defaults
[4.666s] Level 5:colcon.colcon_core.verb:set package 'simple_robot' build argument 'cmake_args' from command line to 'None'
[4.666s] Level 5:colcon.colcon_core.verb:set package 'simple_robot' build argument 'cmake_target' from command line to 'None'
[4.666s] Level 5:colcon.colcon_core.verb:set package 'simple_robot' build argument 'cmake_target_skip_unavailable' from command line to 'False'
[4.666s] Level 5:colcon.colcon_core.verb:set package 'simple_robot' build argument 'cmake_clean_cache' from command line to 'True'
[4.667s] Level 5:colcon.colcon_core.verb:set package 'simple_robot' build argument 'cmake_clean_first' from command line to 'False'
[4.667s] Level 5:colcon.colcon_core.verb:set package 'simple_robot' build argument 'cmake_force_configure' from command line to 'False'
[4.667s] Level 5:colcon.colcon_core.verb:set package 'simple_robot' build argument 'ament_cmake_args' from command line to 'None'
[4.667s] Level 5:colcon.colcon_core.verb:set package 'simple_robot' build argument 'catkin_cmake_args' from command line to 'None'
[4.668s] Level 5:colcon.colcon_core.verb:set package 'simple_robot' build argument 'catkin_skip_building_tests' from command line to 'False'
[4.668s] DEBUG:colcon.colcon_core.verb:Building package 'simple_robot' with the following arguments: {'ament_cmake_args': None, 'build_base': '/home/martina/rp_project/robot-programming-project/src/simple_robot/build/simple_robot', 'catkin_cmake_args': None, 'catkin_skip_building_tests': False, 'cmake_args': None, 'cmake_clean_cache': True, 'cmake_clean_first': False, 'cmake_force_configure': False, 'cmake_target': None, 'cmake_target_skip_unavailable': False, 'install_base': '/home/martina/rp_project/robot-programming-project/src/simple_robot/install/simple_robot', 'merge_install': False, 'path': '/home/martina/rp_project/robot-programming-project/src/simple_robot', 'symlink_install': False, 'test_result_base': None}
[4.669s] INFO:colcon.colcon_core.executor:Executing jobs using 'parallel' executor
[4.678s] DEBUG:colcon.colcon_parallel_executor.executor.parallel:run_until_complete
[4.679s] INFO:colcon.colcon_ros.task.ament_cmake.build:Building ROS package in '/home/martina/rp_project/robot-programming-project/src/simple_robot' with build type 'ament_cmake'
[4.684s] INFO:colcon.colcon_cmake.task.cmake.build:Building CMake package in '/home/martina/rp_project/robot-programming-project/src/simple_robot'
[4.717s] INFO:colcon.colcon_core.plugin_system:Skipping extension 'colcon_core.shell.bat': Not used on non-Windows systems
[4.719s] INFO:colcon.colcon_core.shell:Skip shell extension 'powershell' for command environment: Not usable outside of PowerShell
[4.720s] DEBUG:colcon.colcon_core.shell:Skip shell extension 'dsv' for command environment
[4.841s] DEBUG:colcon.colcon_core.event_handler.log_command:Invoking command in '/home/martina/rp_project/robot-programming-project/src/simple_robot/build/simple_robot': CMAKE_PREFIX_PATH=${CMAKE_PREFIX_PATH}:/opt/ros/humble CONDA_PROMPT_MODIFIER=(base) /usr/bin/cmake /home/martina/rp_project/robot-programming-project/src/simple_robot -DCMAKE_INSTALL_PREFIX=/home/martina/rp_project/robot-programming-project/src/simple_robot/install/simple_robot
[20.416s] DEBUG:colcon.colcon_core.event_handler.log_command:Invoked command in '/home/martina/rp_project/robot-programming-project/src/simple_robot/build/simple_robot' returned '0': CMAKE_PREFIX_PATH=${CMAKE_PREFIX_PATH}:/opt/ros/humble CONDA_PROMPT_MODIFIER=(base) /usr/bin/cmake /home/martina/rp_project/robot-programming-project/src/simple_robot -DCMAKE_INSTALL_PREFIX=/home/martina/rp_project/robot-programming-project/src/simple_robot/install/simple_robot
[20.437s] DEBUG:colcon.colcon_core.event_handler.log_command:Invoking command in '/home/martina/rp_project/robot-programming-project/src/simple_robot/build/simple_robot': CMAKE_PREFIX_PATH=${CMAKE_PREFIX_PATH}:/opt/ros/humble CONDA_PROMPT_MODIFIER=(base) /usr/bin/cmake --build /home/martina/rp_project/robot-programming-project/src/simple_robot/build/simple_robot -- -j4 -l4
[23.286s] DEBUG:colcon.colcon_core.event_handler.log_command:Invoked command in '/home/martina/rp_project/robot-programming-project/src/simple_robot/build/simple_robot' returned '0': CMAKE_PREFIX_PATH=${CMAKE_PREFIX_PATH}:/opt/ros/humble CONDA_PROMPT_MODIFIER=(base) /usr/bin/cmake --build /home/martina/rp_project/robot-programming-project/src/simple_robot/build/simple_robot -- -j4 -l4
[23.390s] DEBUG:colcon.colcon_core.event_handler.log_command:Invoking command in '/home/martina/rp_project/robot-programming-project/src/simple_robot/build/simple_robot': CMAKE_PREFIX_PATH=${CMAKE_PREFIX_PATH}:/opt/ros/humble CONDA_PROMPT_MODIFIER=(base) /usr/bin/cmake --install /home/martina/rp_project/robot-programming-project/src/simple_robot/build/simple_robot
[23.529s] Level 1:colcon.colcon_core.environment:create_environment_scripts_only(simple_robot)
[23.535s] DEBUG:colcon.colcon_core.event_handler.log_command:Invoked command in '/home/martina/rp_project/robot-programming-project/src/simple_robot/build/simple_robot' returned '0': CMAKE_PREFIX_PATH=${CMAKE_PREFIX_PATH}:/opt/ros/humble CONDA_PROMPT_MODIFIER=(base) /usr/bin/cmake --install /home/martina/rp_project/robot-programming-project/src/simple_robot/build/simple_robot
[23.566s] Level 1:colcon.colcon_core.environment:checking '/home/martina/rp_project/robot-programming-project/src/simple_robot/install/simple_robot' for CMake module files
[23.576s] Level 1:colcon.colcon_core.environment:checking '/home/martina/rp_project/robot-programming-project/src/simple_robot/install/simple_robot' for CMake config files
[23.580s] Level 1:colcon.colcon_core.shell:create_environment_hook('simple_robot', 'cmake_prefix_path')
[23.583s] INFO:colcon.colcon_core.shell:Creating environment hook '/home/martina/rp_project/robot-programming-project/src/simple_robot/install/simple_robot/share/simple_robot/hook/cmake_prefix_path.ps1'
[23.590s] INFO:colcon.colcon_core.shell:Creating environment descriptor '/home/martina/rp_project/robot-programming-project/src/simple_robot/install/simple_robot/share/simple_robot/hook/cmake_prefix_path.dsv'
[23.595s] INFO:colcon.colcon_core.shell:Creating environment hook '/home/martina/rp_project/robot-programming-project/src/simple_robot/install/simple_robot/share/simple_robot/hook/cmake_prefix_path.sh'
[23.611s] Level 1:colcon.colcon_core.environment:checking '/home/martina/rp_project/robot-programming-project/src/simple_robot/install/simple_robot/lib'
[23.613s] Level 1:colcon.colcon_core.environment:checking '/home/martina/rp_project/robot-programming-project/src/simple_robot/install/simple_robot/bin'
[23.614s] Level 1:colcon.colcon_core.environment:checking '/home/martina/rp_project/robot-programming-project/src/simple_robot/install/simple_robot/lib/pkgconfig/simple_robot.pc'
[23.616s] Level 1:colcon.colcon_core.environment:checking '/home/martina/rp_project/robot-programming-project/src/simple_robot/install/simple_robot/lib/python3.10/site-packages'
[23.618s] Level 1:colcon.colcon_core.environment:checking '/home/martina/rp_project/robot-programming-project/src/simple_robot/install/simple_robot/bin'
[23.621s] INFO:colcon.colcon_core.shell:Creating package script '/home/martina/rp_project/robot-programming-project/src/simple_robot/install/simple_robot/share/simple_robot/package.ps1'
[23.628s] INFO:colcon.colcon_core.shell:Creating package descriptor '/home/martina/rp_project/robot-programming-project/src/simple_robot/install/simple_robot/share/simple_robot/package.dsv'
[23.636s] INFO:colcon.colcon_core.shell:Creating package script '/home/martina/rp_project/robot-programming-project/src/simple_robot/install/simple_robot/share/simple_robot/package.sh'
[23.644s] INFO:colcon.colcon_core.shell:Creating package script '/home/martina/rp_project/robot-programming-project/src/simple_robot/install/simple_robot/share/simple_robot/package.bash'
[23.652s] INFO:colcon.colcon_core.shell:Creating package script '/home/martina/rp_project/robot-programming-project/src/simple_robot/install/simple_robot/share/simple_robot/package.zsh'
[23.658s] Level 1:colcon.colcon_core.environment:create_file_with_runtime_dependencies(/home/martina/rp_project/robot-programming-project/src/simple_robot/install/simple_robot/share/colcon-core/packages/simple_robot)
[23.665s] Level 1:colcon.colcon_core.environment:create_environment_scripts_only(simple_robot)
[23.666s] Level 1:colcon.colcon_core.environment:checking '/home/martina/rp_project/robot-programming-project/src/simple_robot/install/simple_robot' for CMake module files
[23.671s] Level 1:colcon.colcon_core.environment:checking '/home/martina/rp_project/robot-programming-project/src/simple_robot/install/simple_robot' for CMake config files
[23.674s] Level 1:colcon.colcon_core.shell:create_environment_hook('simple_robot', 'cmake_prefix_path')
[23.675s] INFO:colcon.colcon_core.shell:Creating environment hook '/home/martina/rp_project/robot-programming-project/src/simple_robot/install/simple_robot/share/simple_robot/hook/cmake_prefix_path.ps1'
[23.680s] INFO:colcon.colcon_core.shell:Creating environment descriptor '/home/martina/rp_project/robot-programming-project/src/simple_robot/install/simple_robot/share/simple_robot/hook/cmake_prefix_path.dsv'
[23.686s] INFO:colcon.colcon_core.shell:Creating environment hook '/home/martina/rp_project/robot-programming-project/src/simple_robot/install/simple_robot/share/simple_robot/hook/cmake_prefix_path.sh'
[23.693s] Level 1:colcon.colcon_core.environment:checking '/home/martina/rp_project/robot-programming-project/src/simple_robot/install/simple_robot/lib'
[23.693s] Level 1:colcon.colcon_core.environment:checking '/home/martina/rp_project/robot-programming-project/src/simple_robot/install/simple_robot/bin'
[23.694s] Level 1:colcon.colcon_core.environment:checking '/home/martina/rp_project/robot-programming-project/src/simple_robot/install/simple_robot/lib/pkgconfig/simple_robot.pc'
[23.696s] Level 1:colcon.colcon_core.environment:checking '/home/martina/rp_project/robot-programming-project/src/simple_robot/install/simple_robot/lib/python3.10/site-packages'
[23.698s] Level 1:colcon.colcon_core.environment:checking '/home/martina/rp_project/robot-programming-project/src/simple_robot/install/simple_robot/bin'
[23.702s] INFO:colcon.colcon_core.shell:Creating package script '/home/martina/rp_project/robot-programming-project/src/simple_robot/install/simple_robot/share/simple_robot/package.ps1'
[23.706s] INFO:colcon.colcon_core.shell:Creating package descriptor '/home/martina/rp_project/robot-programming-project/src/simple_robot/install/simple_robot/share/simple_robot/package.dsv'
[23.713s] INFO:colcon.colcon_core.shell:Creating package script '/home/martina/rp_project/robot-programming-project/src/simple_robot/install/simple_robot/share/simple_robot/package.sh'
[23.717s] INFO:colcon.colcon_core.shell:Creating package script '/home/martina/rp_project/robot-programming-project/src/simple_robot/install/simple_robot/share/simple_robot/package.bash'
[23.726s] INFO:colcon.colcon_core.shell:Creating package script '/home/martina/rp_project/robot-programming-project/src/simple_robot/install/simple_robot/share/simple_robot/package.zsh'
[23.735s] Level 1:colcon.colcon_core.environment:create_file_with_runtime_dependencies(/home/martina/rp_project/robot-programming-project/src/simple_robot/install/simple_robot/share/colcon-core/packages/simple_robot)
[23.738s] DEBUG:colcon.colcon_parallel_executor.executor.parallel:closing loop
[23.742s] DEBUG:colcon.colcon_parallel_executor.executor.parallel:loop closed
[23.742s] DEBUG:colcon.colcon_parallel_executor.executor.parallel:run_until_complete finished with '0'
[23.747s] DEBUG:colcon.colcon_core.event_reactor:joining thread
[23.784s] INFO:colcon.colcon_core.plugin_system:Skipping extension 'colcon_notification.desktop_notification.terminal_notifier': Not used on non-Darwin systems
[23.785s] INFO:colcon.colcon_core.plugin_system:Skipping extension 'colcon_notification.desktop_notification.win32': Not used on non-Windows systems
[23.785s] INFO:colcon.colcon_notification.desktop_notification:Sending desktop notification using 'notify2'
[23.905s] DEBUG:colcon.colcon_core.event_reactor:joined thread
[23.907s] INFO:colcon.colcon_core.shell:Creating prefix script '/home/martina/rp_project/robot-programming-project/src/simple_robot/install/local_setup.ps1'
[23.916s] INFO:colcon.colcon_core.shell:Creating prefix util module '/home/martina/rp_project/robot-programming-project/src/simple_robot/install/_local_setup_util_ps1.py'
[23.938s] INFO:colcon.colcon_core.shell:Creating prefix chain script '/home/martina/rp_project/robot-programming-project/src/simple_robot/install/setup.ps1'
[23.958s] INFO:colcon.colcon_core.shell:Creating prefix script '/home/martina/rp_project/robot-programming-project/src/simple_robot/install/local_setup.sh'
[23.966s] INFO:colcon.colcon_core.shell:Creating prefix util module '/home/martina/rp_project/robot-programming-project/src/simple_robot/install/_local_setup_util_sh.py'
[23.970s] INFO:colcon.colcon_core.shell:Creating prefix chain script '/home/martina/rp_project/robot-programming-project/src/simple_robot/install/setup.sh'
[23.980s] INFO:colcon.colcon_core.shell:Creating prefix script '/home/martina/rp_project/robot-programming-project/src/simple_robot/install/local_setup.bash'
[23.985s] INFO:colcon.colcon_core.shell:Creating prefix chain script '/home/martina/rp_project/robot-programming-project/src/simple_robot/install/setup.bash'
[24.001s] INFO:colcon.colcon_core.shell:Creating prefix script '/home/martina/rp_project/robot-programming-project/src/simple_robot/install/local_setup.zsh'
[24.004s] INFO:colcon.colcon_core.shell:Creating prefix chain script '/home/martina/rp_project/robot-programming-project/src/simple_robot/install/setup.zsh'
