[0.000000] (-) TimerEvent: {}
[0.002728] (simple_robot) JobQueued: {'identifier': 'simple_robot', 'dependencies': OrderedDict()}
[0.002826] (simple_robot) JobStarted: {'identifier': 'simple_robot'}
[0.029906] (simple_robot) JobProgress: {'identifier': 'simple_robot', 'progress': 'cmake'}
[0.032621] (simple_robot) Command: {'cmd': ['/usr/bin/cmake', '/home/martina/rp_project/robot-programming-project/src/simple_robot', '-DCMAKE_INSTALL_PREFIX=/home/martina/rp_project/robot-programming-project/src/simple_robot/install/simple_robot'], 'cwd': '/home/martina/rp_project/robot-programming-project/src/simple_robot/build/simple_robot', 'env': OrderedDict([('GJS_DEBUG_TOPICS', 'JS ERROR;JS LOG'), ('LESSOPEN', '| /usr/bin/env /usr/bin/lesspipe %s 2>/dev/null'), ('CONDA_PROMPT_MODIFIER', '(base)'), ('LC_TIME', 'it_IT.UTF-8'), ('USER', 'martina'), ('XDG_SESSION_TYPE', 'wayland'), ('GIT_ASKPASS', '/usr/share/code/resources/app/extensions/git/dist/askpass.sh'), ('SHLVL', '2'), ('LD_LIBRARY_PATH', '/opt/ros/humble/opt/rviz_ogre_vendor/lib:/opt/ros/humble/lib/x86_64-linux-gnu:/opt/ros/humble/lib::/home/martina/.mujoco/mujoco210/bin:/usr/lib/nvidia:~/anaconda3/lib'), ('HOME', '/home/martina'), ('OLDPWD', '/home/martina/rp_project/robot-programming-project/src/simple_robot'), ('CHROME_DESKTOP', 'code.desktop'), ('TERMINFO', '/home/martina/.terminfo'), ('LESS', '-iRFXMx4'), ('CONDA_SHLVL', '1'), ('DESKTOP_SESSION', 'ubuntu'), ('TERM_PROGRAM_VERSION', '1.97.2'), ('GIO_LAUNCHED_DESKTOP_FILE', '/usr/share/applications/code.desktop'), ('LSCOLORS', 'ExGxDxDxCxDxDxFxFxexEx'), ('GTK_MODULES', 'gail:atk-bridge'), ('GNOME_SHELL_SESSION_MODE', 'ubuntu'), ('VSCODE_GIT_ASKPASS_MAIN', '/usr/share/code/resources/app/extensions/git/dist/askpass-main.js'), ('PAGER', 'less'), ('ROS_PYTHON_VERSION', '3'), ('LC_MONETARY', 'it_IT.UTF-8'), ('MANAGERPID', '887'), ('VSCODE_GIT_ASKPASS_NODE', '/usr/share/code/code'), ('SYSTEMD_EXEC_PID', '1152'), ('DBUS_SESSION_BUS_ADDRESS', 'unix:path=/run/user/1000/bus'), ('P9K_TTY', 'old'), ('GIO_LAUNCHED_DESKTOP_FILE_PID', '3260'), ('COLORTERM', 'truecolor'), ('_CE_M', ''), ('WAYLAND_DISPLAY', 'wayland-0'), ('INFOPATH', ''), ('ROS_DISTRO', 'humble'), ('COLCON_PREFIX_PATH', '/home/martina/rp_project/robot-programming-project/install'), ('LOGNAME', 'martina'), ('_', '/usr/bin/colcon'), ('JOURNAL_STREAM', '8:11413'), ('_P9K_SSH_TTY', '/dev/pts/2'), ('XDG_SESSION_CLASS', 'user'), ('USER_ZDOTDIR', '/home/martina'), ('ROS_VERSION', '2'), ('USERNAME', 'martina'), ('TERM', 'xterm-256color'), ('GNOME_DESKTOP_SESSION_ID', 'this-is-deprecated'), ('_CE_CONDA', ''), ('ROS_LOCALHOST_ONLY', '0'), ('PATH', '/opt/ros/humble/bin:/home/martina/.local/bin:/home/martina/.local/bin:/usr/lib/ccache:.:/home/martina/.mujoco/mujoco210/bin:/usr/lib/nvidia:/home/martina/anaconda3/condabin:/home/martina/bin:/home/martina/.local/bin:/usr/local/sbin:/usr/local/bin:/usr/sbin:/usr/bin:/sbin:/bin:/usr/games:/usr/local/games:/snap/bin:/home/martina/.cache/zsh4humans/v5/fzf/bin:/home/martina/other/install/bin'), ('SESSION_MANAGER', 'local/Martina-ThinkPad-X1-Yoga:@/tmp/.ICE-unix/1105,unix/Martina-ThinkPad-X1-Yoga:/tmp/.ICE-unix/1105'), ('INVOCATION_ID', 'abb78b4b018940349bd4da4c8fed9753'), ('LC_ADDRESS', 'it_IT.UTF-8'), ('XDG_RUNTIME_DIR', '/run/user/1000'), ('XDG_MENU_PREFIX', 'gnome-'), ('GNOME_SETUP_DISPLAY', ':1'), ('GDK_BACKEND', 'x11'), ('DISPLAY', ':0'), ('LANG', 'en_US.UTF-8'), ('LC_TELEPHONE', 'it_IT.UTF-8'), ('XDG_CURRENT_DESKTOP', 'Unity'), ('VSCODE_INJECTION', '1'), ('LD_PRELOAD', ':/usr/lib/x86_64-linux-gnu/libGLEW.so'), ('XDG_SESSION_DESKTOP', 'ubuntu'), ('XMODIFIERS', '@im=ibus'), ('XAUTHORITY', '/run/user/1000/.mutter-Xwaylandauth.L52E22'), ('TERM_PROGRAM', 'vscode'), ('VSCODE_GIT_IPC_HANDLE', '/run/user/1000/vscode-git-f640f2b3f6.sock'), ('LS_COLORS', 'fi=00:mi=00:mh=00:ln=01;36:or=01;31:di=01;34:ow=04;01;34:st=34:tw=04;34:pi=01;33:so=01;33:do=01;33:bd=01;33:cd=01;33:su=01;35:sg=01;35:ca=01;35:ex=01;32:no=38;5;248'), ('TREE_COLORS', 'fi=00:mi=00:mh=00:ln=01;36:or=01;31:di=01;34:ow=01;34:st=34:tw=34:pi=01;33:so=01;33:do=01;33:bd=01;33:cd=01;33:su=01;35:sg=01;35:ca=01;35:ex=01;32'), ('SSH_AGENT_LAUNCHER', 'gnome-keyring'), ('SSH_AUTH_SOCK', '/run/user/1000/keyring/ssh'), ('ORIGINAL_XDG_CURRENT_DESKTOP', 'ubuntu:GNOME'), ('CONDA_PYTHON_EXE', '/home/martina/anaconda3/bin/python'), ('AMENT_PREFIX_PATH', '/home/martina/rp_project/robot-programming-project/install/simple_robot:/opt/ros/humble'), ('LC_NAME', 'it_IT.UTF-8'), ('SHELL', '/usr/local/bin/zsh'), ('DEST', '/home/martina/other/install'), ('QT_ACCESSIBILITY', '1'), ('GDMSESSION', 'ubuntu'), ('CONDA_DEFAULT_ENV', 'base'), ('LC_MEASUREMENT', 'it_IT.UTF-8'), ('LC_IDENTIFICATION', 'it_IT.UTF-8'), ('GJS_DEBUG_OUTPUT', 'stderr'), ('P9K_SSH', '0'), ('QT_IM_MODULE', 'ibus'), ('VSCODE_GIT_ASKPASS_EXTRA_ARGS', ''), ('VSCODE_NONCE', '052e925b-acb5-444f-b870-f20c06506941'), ('LC_ALL', 'en_US.UTF-8'), ('PWD', '/home/martina/rp_project/robot-programming-project/src/simple_robot/build/simple_robot'), ('GPG_TTY', '/dev/pts/2'), ('XDG_DATA_DIRS', '/usr/local/share/:/usr/share/:/var/lib/snapd/desktop'), ('ZDOTDIR', '/home/martina'), ('_P9K_TTY', '/dev/pts/2'), ('CONDA_EXE', '/home/martina/anaconda3/bin/conda'), ('LC_NUMERIC', 'it_IT.UTF-8'), ('PYTHONPATH', '/opt/ros/humble/lib/python3.10/site-packages:/opt/ros/humble/local/lib/python3.10/dist-packages:/home/martina/other/install/lib/python3.10/site-packages/'), ('LC_PAPER', 'it_IT.UTF-8'), ('CONDA_PREFIX', '/home/martina/anaconda3'), ('COLCON', '1'), ('MANPATH', '/usr/local/share/man:/home/martina/.cache/zsh4humans/v5/fzf/man:'), ('CMAKE_PREFIX_PATH', '/home/martina/rp_project/robot-programming-project/install/simple_robot:/opt/ros/humble')]), 'shell': False}
[0.099586] (-) TimerEvent: {}
[0.202819] (-) TimerEvent: {}
[0.290567] (simple_robot) StdoutLine: {'line': b'-- The C compiler identification is GNU 11.4.0\n'}
[0.304746] (-) TimerEvent: {}
[0.405537] (-) TimerEvent: {}
[0.507928] (-) TimerEvent: {}
[0.538349] (simple_robot) StdoutLine: {'line': b'-- The CXX compiler identification is GNU 11.4.0\n'}
[0.582519] (simple_robot) StdoutLine: {'line': b'-- Detecting C compiler ABI info\n'}
[0.609391] (-) TimerEvent: {}
[0.709852] (-) TimerEvent: {}
[0.811182] (-) TimerEvent: {}
[0.815431] (simple_robot) StdoutLine: {'line': b'-- Detecting C compiler ABI info - done\n'}
[0.837149] (simple_robot) StdoutLine: {'line': b'-- Check for working C compiler: /usr/lib/ccache/cc - skipped\n'}
[0.837571] (simple_robot) StdoutLine: {'line': b'-- Detecting C compile features\n'}
[0.840316] (simple_robot) StdoutLine: {'line': b'-- Detecting C compile features - done\n'}
[0.844819] (simple_robot) StdoutLine: {'line': b'-- Detecting CXX compiler ABI info\n'}
[0.911302] (-) TimerEvent: {}
[1.011716] (-) TimerEvent: {}
[1.050363] (simple_robot) StdoutLine: {'line': b'-- Detecting CXX compiler ABI info - done\n'}
[1.074452] (simple_robot) StdoutLine: {'line': b'-- Check for working CXX compiler: /usr/lib/ccache/c++ - skipped\n'}
[1.076119] (simple_robot) StdoutLine: {'line': b'-- Detecting CXX compile features\n'}
[1.076833] (simple_robot) StdoutLine: {'line': b'-- Detecting CXX compile features - done\n'}
[1.104997] (simple_robot) StdoutLine: {'line': b'-- Found OpenCV: /usr (found suitable version "4.5.4", minimum required is "4.5.4") \n'}
[1.108644] (simple_robot) StdoutLine: {'line': b'-- Found ament_cmake: 1.3.11 (/opt/ros/humble/share/ament_cmake/cmake)\n'}
[1.112507] (-) TimerEvent: {}
[1.214671] (-) TimerEvent: {}
[1.315927] (-) TimerEvent: {}
[1.417949] (-) TimerEvent: {}
[1.520362] (-) TimerEvent: {}
[1.582170] (simple_robot) StdoutLine: {'line': b'-- Found Python3: /usr/bin/python3 (found version "3.10.12") found components: Interpreter \n'}
[1.620509] (-) TimerEvent: {}
[1.720946] (-) TimerEvent: {}
[1.814528] (simple_robot) StdoutLine: {'line': b'-- Found rclcpp: 16.0.11 (/opt/ros/humble/share/rclcpp/cmake)\n'}
[1.822321] (-) TimerEvent: {}
[1.909908] (simple_robot) StdoutLine: {'line': b'-- Found rosidl_generator_c: 3.1.6 (/opt/ros/humble/share/rosidl_generator_c/cmake)\n'}
[1.922486] (-) TimerEvent: {}
[1.923851] (simple_robot) StdoutLine: {'line': b'-- Found rosidl_adapter: 3.1.6 (/opt/ros/humble/share/rosidl_adapter/cmake)\n'}
[1.943347] (simple_robot) StdoutLine: {'line': b'-- Found rosidl_generator_cpp: 3.1.6 (/opt/ros/humble/share/rosidl_generator_cpp/cmake)\n'}
[1.976743] (simple_robot) StdoutLine: {'line': b'-- Using all available rosidl_typesupport_c: rosidl_typesupport_fastrtps_c;rosidl_typesupport_introspection_c\n'}
[2.018714] (simple_robot) StdoutLine: {'line': b'-- Using all available rosidl_typesupport_cpp: rosidl_typesupport_fastrtps_cpp;rosidl_typesupport_introspection_cpp\n'}
[2.023504] (-) TimerEvent: {}
[2.123928] (-) TimerEvent: {}
[2.156974] (simple_robot) StdoutLine: {'line': b'-- Found rmw_implementation_cmake: 6.1.2 (/opt/ros/humble/share/rmw_implementation_cmake/cmake)\n'}
[2.167938] (simple_robot) StdoutLine: {'line': b'-- Found rmw_fastrtps_cpp: 6.2.7 (/opt/ros/humble/share/rmw_fastrtps_cpp/cmake)\n'}
[2.224049] (-) TimerEvent: {}
[2.324746] (-) TimerEvent: {}
[2.425184] (-) TimerEvent: {}
[2.454864] (simple_robot) StdoutLine: {'line': b'-- Found OpenSSL: /usr/lib/x86_64-linux-gnu/libcrypto.so (found version "3.0.2")  \n'}
[2.509846] (simple_robot) StdoutLine: {'line': b'-- Found FastRTPS: /opt/ros/humble/include  \n'}
[2.525319] (-) TimerEvent: {}
[2.601030] (simple_robot) StdoutLine: {'line': b"-- Using RMW implementation 'rmw_fastrtps_cpp' as default\n"}
[2.615369] (simple_robot) StdoutLine: {'line': b'-- Looking for pthread.h\n'}
[2.625446] (-) TimerEvent: {}
[2.725837] (-) TimerEvent: {}
[2.786864] (simple_robot) StdoutLine: {'line': b'-- Looking for pthread.h - found\n'}
[2.787513] (simple_robot) StdoutLine: {'line': b'-- Performing Test CMAKE_HAVE_LIBC_PTHREAD\n'}
[2.825956] (-) TimerEvent: {}
[2.926369] (-) TimerEvent: {}
[2.942582] (simple_robot) StdoutLine: {'line': b'-- Performing Test CMAKE_HAVE_LIBC_PTHREAD - Success\n'}
[2.944891] (simple_robot) StdoutLine: {'line': b'-- Found Threads: TRUE  \n'}
[3.026492] (-) TimerEvent: {}
[3.060144] (simple_robot) StdoutLine: {'line': b'-- Found geometry_msgs: 4.2.4 (/opt/ros/humble/share/geometry_msgs/cmake)\n'}
[3.092082] (simple_robot) StdoutLine: {'line': b'-- Found sensor_msgs: 4.2.4 (/opt/ros/humble/share/sensor_msgs/cmake)\n'}
[3.126612] (-) TimerEvent: {}
[3.130038] (simple_robot) StdoutLine: {'line': b'-- Found nav_msgs: 4.2.4 (/opt/ros/humble/share/nav_msgs/cmake)\n'}
[3.173064] (simple_robot) StdoutLine: {'line': b'-- Found OpenCV: /usr (found version "4.5.4") \n'}
[3.226737] (-) TimerEvent: {}
[3.327094] (-) TimerEvent: {}
[3.340552] (simple_robot) StdoutLine: {'line': b'-- DATA_DIR: /home/martina/rp_project/robot-programming-project/src/simple_robot/data\n'}
[3.340962] (simple_robot) StdoutLine: {'line': b'-- Configuring done\n'}
[3.402967] (simple_robot) StdoutLine: {'line': b'-- Generating done\n'}
[3.423251] (simple_robot) StdoutLine: {'line': b'-- Build files have been written to: /home/martina/rp_project/robot-programming-project/src/simple_robot/build/simple_robot\n'}
[3.427218] (-) TimerEvent: {}
[3.454660] (simple_robot) CommandEnded: {'returncode': 0}
[3.455850] (simple_robot) JobProgress: {'identifier': 'simple_robot', 'progress': 'build'}
[3.455924] (simple_robot) Command: {'cmd': ['/usr/bin/cmake', '--build', '/home/martina/rp_project/robot-programming-project/src/simple_robot/build/simple_robot', '--', '-j4', '-l4'], 'cwd': '/home/martina/rp_project/robot-programming-project/src/simple_robot/build/simple_robot', 'env': OrderedDict([('GJS_DEBUG_TOPICS', 'JS ERROR;JS LOG'), ('LESSOPEN', '| /usr/bin/env /usr/bin/lesspipe %s 2>/dev/null'), ('CONDA_PROMPT_MODIFIER', '(base)'), ('LC_TIME', 'it_IT.UTF-8'), ('USER', 'martina'), ('XDG_SESSION_TYPE', 'wayland'), ('GIT_ASKPASS', '/usr/share/code/resources/app/extensions/git/dist/askpass.sh'), ('SHLVL', '2'), ('LD_LIBRARY_PATH', '/opt/ros/humble/opt/rviz_ogre_vendor/lib:/opt/ros/humble/lib/x86_64-linux-gnu:/opt/ros/humble/lib::/home/martina/.mujoco/mujoco210/bin:/usr/lib/nvidia:~/anaconda3/lib'), ('HOME', '/home/martina'), ('OLDPWD', '/home/martina/rp_project/robot-programming-project/src/simple_robot'), ('CHROME_DESKTOP', 'code.desktop'), ('TERMINFO', '/home/martina/.terminfo'), ('LESS', '-iRFXMx4'), ('CONDA_SHLVL', '1'), ('DESKTOP_SESSION', 'ubuntu'), ('TERM_PROGRAM_VERSION', '1.97.2'), ('GIO_LAUNCHED_DESKTOP_FILE', '/usr/share/applications/code.desktop'), ('LSCOLORS', 'ExGxDxDxCxDxDxFxFxexEx'), ('GTK_MODULES', 'gail:atk-bridge'), ('GNOME_SHELL_SESSION_MODE', 'ubuntu'), ('VSCODE_GIT_ASKPASS_MAIN', '/usr/share/code/resources/app/extensions/git/dist/askpass-main.js'), ('PAGER', 'less'), ('ROS_PYTHON_VERSION', '3'), ('LC_MONETARY', 'it_IT.UTF-8'), ('MANAGERPID', '887'), ('VSCODE_GIT_ASKPASS_NODE', '/usr/share/code/code'), ('SYSTEMD_EXEC_PID', '1152'), ('DBUS_SESSION_BUS_ADDRESS', 'unix:path=/run/user/1000/bus'), ('P9K_TTY', 'old'), ('GIO_LAUNCHED_DESKTOP_FILE_PID', '3260'), ('COLORTERM', 'truecolor'), ('_CE_M', ''), ('WAYLAND_DISPLAY', 'wayland-0'), ('INFOPATH', ''), ('ROS_DISTRO', 'humble'), ('COLCON_PREFIX_PATH', '/home/martina/rp_project/robot-programming-project/install'), ('LOGNAME', 'martina'), ('_', '/usr/bin/colcon'), ('JOURNAL_STREAM', '8:11413'), ('_P9K_SSH_TTY', '/dev/pts/2'), ('XDG_SESSION_CLASS', 'user'), ('USER_ZDOTDIR', '/home/martina'), ('ROS_VERSION', '2'), ('USERNAME', 'martina'), ('TERM', 'xterm-256color'), ('GNOME_DESKTOP_SESSION_ID', 'this-is-deprecated'), ('_CE_CONDA', ''), ('ROS_LOCALHOST_ONLY', '0'), ('PATH', '/opt/ros/humble/bin:/home/martina/.local/bin:/home/martina/.local/bin:/usr/lib/ccache:.:/home/martina/.mujoco/mujoco210/bin:/usr/lib/nvidia:/home/martina/anaconda3/condabin:/home/martina/bin:/home/martina/.local/bin:/usr/local/sbin:/usr/local/bin:/usr/sbin:/usr/bin:/sbin:/bin:/usr/games:/usr/local/games:/snap/bin:/home/martina/.cache/zsh4humans/v5/fzf/bin:/home/martina/other/install/bin'), ('SESSION_MANAGER', 'local/Martina-ThinkPad-X1-Yoga:@/tmp/.ICE-unix/1105,unix/Martina-ThinkPad-X1-Yoga:/tmp/.ICE-unix/1105'), ('INVOCATION_ID', 'abb78b4b018940349bd4da4c8fed9753'), ('LC_ADDRESS', 'it_IT.UTF-8'), ('XDG_RUNTIME_DIR', '/run/user/1000'), ('XDG_MENU_PREFIX', 'gnome-'), ('GNOME_SETUP_DISPLAY', ':1'), ('GDK_BACKEND', 'x11'), ('DISPLAY', ':0'), ('LANG', 'en_US.UTF-8'), ('LC_TELEPHONE', 'it_IT.UTF-8'), ('XDG_CURRENT_DESKTOP', 'Unity'), ('VSCODE_INJECTION', '1'), ('LD_PRELOAD', ':/usr/lib/x86_64-linux-gnu/libGLEW.so'), ('XDG_SESSION_DESKTOP', 'ubuntu'), ('XMODIFIERS', '@im=ibus'), ('XAUTHORITY', '/run/user/1000/.mutter-Xwaylandauth.L52E22'), ('TERM_PROGRAM', 'vscode'), ('VSCODE_GIT_IPC_HANDLE', '/run/user/1000/vscode-git-f640f2b3f6.sock'), ('LS_COLORS', 'fi=00:mi=00:mh=00:ln=01;36:or=01;31:di=01;34:ow=04;01;34:st=34:tw=04;34:pi=01;33:so=01;33:do=01;33:bd=01;33:cd=01;33:su=01;35:sg=01;35:ca=01;35:ex=01;32:no=38;5;248'), ('TREE_COLORS', 'fi=00:mi=00:mh=00:ln=01;36:or=01;31:di=01;34:ow=01;34:st=34:tw=34:pi=01;33:so=01;33:do=01;33:bd=01;33:cd=01;33:su=01;35:sg=01;35:ca=01;35:ex=01;32'), ('SSH_AGENT_LAUNCHER', 'gnome-keyring'), ('SSH_AUTH_SOCK', '/run/user/1000/keyring/ssh'), ('ORIGINAL_XDG_CURRENT_DESKTOP', 'ubuntu:GNOME'), ('CONDA_PYTHON_EXE', '/home/martina/anaconda3/bin/python'), ('AMENT_PREFIX_PATH', '/home/martina/rp_project/robot-programming-project/install/simple_robot:/opt/ros/humble'), ('LC_NAME', 'it_IT.UTF-8'), ('SHELL', '/usr/local/bin/zsh'), ('DEST', '/home/martina/other/install'), ('QT_ACCESSIBILITY', '1'), ('GDMSESSION', 'ubuntu'), ('CONDA_DEFAULT_ENV', 'base'), ('LC_MEASUREMENT', 'it_IT.UTF-8'), ('LC_IDENTIFICATION', 'it_IT.UTF-8'), ('GJS_DEBUG_OUTPUT', 'stderr'), ('P9K_SSH', '0'), ('QT_IM_MODULE', 'ibus'), ('VSCODE_GIT_ASKPASS_EXTRA_ARGS', ''), ('VSCODE_NONCE', '052e925b-acb5-444f-b870-f20c06506941'), ('LC_ALL', 'en_US.UTF-8'), ('PWD', '/home/martina/rp_project/robot-programming-project/src/simple_robot/build/simple_robot'), ('GPG_TTY', '/dev/pts/2'), ('XDG_DATA_DIRS', '/usr/local/share/:/usr/share/:/var/lib/snapd/desktop'), ('ZDOTDIR', '/home/martina'), ('_P9K_TTY', '/dev/pts/2'), ('CONDA_EXE', '/home/martina/anaconda3/bin/conda'), ('LC_NUMERIC', 'it_IT.UTF-8'), ('PYTHONPATH', '/opt/ros/humble/lib/python3.10/site-packages:/opt/ros/humble/local/lib/python3.10/dist-packages:/home/martina/other/install/lib/python3.10/site-packages/'), ('LC_PAPER', 'it_IT.UTF-8'), ('CONDA_PREFIX', '/home/martina/anaconda3'), ('COLCON', '1'), ('MANPATH', '/usr/local/share/man:/home/martina/.cache/zsh4humans/v5/fzf/man:'), ('CMAKE_PREFIX_PATH', '/home/martina/rp_project/robot-programming-project/install/simple_robot:/opt/ros/humble')]), 'shell': False}
[3.527345] (-) TimerEvent: {}
[3.627973] (-) TimerEvent: {}
[3.647866] (simple_robot) StdoutLine: {'line': b'\x1b[35m\x1b[1mConsolidate compiler generated dependencies of target robot_map_node\x1b[0m\n'}
[3.657107] (simple_robot) StdoutLine: {'line': b'\x1b[35m\x1b[1mConsolidate compiler generated dependencies of target grid_map\x1b[0m\n'}
[3.728095] (-) TimerEvent: {}
[3.822542] (simple_robot) StdoutLine: {'line': b'[  8%] \x1b[32mBuilding CXX object src/CMakeFiles/grid_map.dir/main.cpp.o\x1b[0m\n'}
[3.822914] (simple_robot) StdoutLine: {'line': b'[ 16%] \x1b[32mBuilding CXX object CMakeFiles/robot_map_node.dir/src/main.cpp.o\x1b[0m\n'}
[3.828246] (-) TimerEvent: {}
[3.928706] (-) TimerEvent: {}
[4.029124] (-) TimerEvent: {}
[4.132268] (-) TimerEvent: {}
[4.236423] (-) TimerEvent: {}
[4.336882] (-) TimerEvent: {}
[4.437526] (-) TimerEvent: {}
[4.539552] (-) TimerEvent: {}
[4.639978] (-) TimerEvent: {}
[4.740354] (-) TimerEvent: {}
[4.840754] (-) TimerEvent: {}
[4.941547] (-) TimerEvent: {}
[5.044573] (-) TimerEvent: {}
[5.145076] (-) TimerEvent: {}
[5.245570] (-) TimerEvent: {}
[5.346967] (-) TimerEvent: {}
[5.447946] (-) TimerEvent: {}
[5.551352] (-) TimerEvent: {}
[5.651896] (-) TimerEvent: {}
[5.753550] (-) TimerEvent: {}
[5.855554] (-) TimerEvent: {}
[5.955937] (-) TimerEvent: {}
[6.059549] (-) TimerEvent: {}
[6.159991] (-) TimerEvent: {}
[6.260767] (-) TimerEvent: {}
[6.361388] (-) TimerEvent: {}
[6.462906] (-) TimerEvent: {}
[6.565173] (-) TimerEvent: {}
[6.665847] (-) TimerEvent: {}
[6.767555] (-) TimerEvent: {}
[6.867998] (-) TimerEvent: {}
[6.968895] (-) TimerEvent: {}
[7.069315] (-) TimerEvent: {}
[7.169769] (-) TimerEvent: {}
[7.270639] (-) TimerEvent: {}
[7.371302] (-) TimerEvent: {}
[7.472173] (-) TimerEvent: {}
[7.572559] (-) TimerEvent: {}
[7.672981] (-) TimerEvent: {}
[7.773412] (-) TimerEvent: {}
[7.873809] (-) TimerEvent: {}
[7.974192] (-) TimerEvent: {}
[8.074613] (-) TimerEvent: {}
[8.175020] (-) TimerEvent: {}
[8.276235] (-) TimerEvent: {}
[8.376876] (-) TimerEvent: {}
[8.477551] (-) TimerEvent: {}
[8.578182] (-) TimerEvent: {}
[8.678817] (-) TimerEvent: {}
[8.779293] (-) TimerEvent: {}
[8.879781] (-) TimerEvent: {}
[8.980160] (-) TimerEvent: {}
[9.080548] (-) TimerEvent: {}
[9.180973] (-) TimerEvent: {}
[9.281550] (-) TimerEvent: {}
[9.382172] (-) TimerEvent: {}
[9.482803] (-) TimerEvent: {}
[9.583396] (-) TimerEvent: {}
[9.683836] (-) TimerEvent: {}
[9.784629] (-) TimerEvent: {}
[9.885362] (-) TimerEvent: {}
[9.986007] (-) TimerEvent: {}
[10.086925] (-) TimerEvent: {}
[10.187366] (-) TimerEvent: {}
[10.287759] (-) TimerEvent: {}
[10.388135] (-) TimerEvent: {}
[10.488525] (-) TimerEvent: {}
[10.588907] (-) TimerEvent: {}
[10.689283] (-) TimerEvent: {}
[10.789748] (-) TimerEvent: {}
[10.890183] (-) TimerEvent: {}
[10.990850] (-) TimerEvent: {}
[11.091491] (-) TimerEvent: {}
[11.192135] (-) TimerEvent: {}
[11.292891] (-) TimerEvent: {}
[11.393287] (-) TimerEvent: {}
[11.493685] (-) TimerEvent: {}
[11.594076] (-) TimerEvent: {}
[11.694458] (-) TimerEvent: {}
[11.794853] (-) TimerEvent: {}
[11.895241] (-) TimerEvent: {}
[11.995666] (-) TimerEvent: {}
[12.096052] (-) TimerEvent: {}
[12.196437] (-) TimerEvent: {}
[12.296828] (-) TimerEvent: {}
[12.397290] (-) TimerEvent: {}
[12.497692] (-) TimerEvent: {}
[12.598546] (-) TimerEvent: {}
[12.699704] (-) TimerEvent: {}
[12.800117] (-) TimerEvent: {}
[12.900549] (-) TimerEvent: {}
[13.001184] (-) TimerEvent: {}
[13.101866] (-) TimerEvent: {}
[13.202753] (-) TimerEvent: {}
[13.303426] (-) TimerEvent: {}
[13.403802] (-) TimerEvent: {}
[13.504173] (-) TimerEvent: {}
[13.604623] (-) TimerEvent: {}
[13.705163] (-) TimerEvent: {}
[13.807050] (-) TimerEvent: {}
[13.907523] (-) TimerEvent: {}
[14.007917] (-) TimerEvent: {}
[14.108303] (-) TimerEvent: {}
[14.208770] (-) TimerEvent: {}
[14.309231] (-) TimerEvent: {}
[14.409684] (-) TimerEvent: {}
[14.510128] (-) TimerEvent: {}
[14.610557] (-) TimerEvent: {}
[14.711440] (-) TimerEvent: {}
[14.811827] (-) TimerEvent: {}
[14.912555] (-) TimerEvent: {}
[15.012938] (-) TimerEvent: {}
[15.113321] (-) TimerEvent: {}
[15.213714] (-) TimerEvent: {}
[15.314104] (-) TimerEvent: {}
[15.414547] (-) TimerEvent: {}
[15.515165] (-) TimerEvent: {}
[15.615553] (-) TimerEvent: {}
[15.715977] (-) TimerEvent: {}
[15.816383] (-) TimerEvent: {}
[15.916988] (-) TimerEvent: {}
[16.017370] (-) TimerEvent: {}
[16.117769] (-) TimerEvent: {}
[16.218160] (-) TimerEvent: {}
[16.318549] (-) TimerEvent: {}
[16.418958] (-) TimerEvent: {}
[16.519354] (-) TimerEvent: {}
[16.620276] (-) TimerEvent: {}
[16.720668] (-) TimerEvent: {}
[16.821164] (-) TimerEvent: {}
[16.921541] (-) TimerEvent: {}
[17.021921] (-) TimerEvent: {}
[17.122534] (-) TimerEvent: {}
[17.222915] (-) TimerEvent: {}
[17.323553] (-) TimerEvent: {}
[17.424450] (-) TimerEvent: {}
[17.524903] (-) TimerEvent: {}
[17.625305] (-) TimerEvent: {}
[17.726502] (-) TimerEvent: {}
[17.827145] (-) TimerEvent: {}
[17.927544] (-) TimerEvent: {}
[18.027993] (-) TimerEvent: {}
[18.128454] (-) TimerEvent: {}
[18.228865] (-) TimerEvent: {}
[18.329490] (-) TimerEvent: {}
[18.429868] (-) TimerEvent: {}
[18.530314] (-) TimerEvent: {}
[18.630711] (-) TimerEvent: {}
[18.731151] (-) TimerEvent: {}
[18.832559] (-) TimerEvent: {}
[18.935554] (-) TimerEvent: {}
[19.035948] (-) TimerEvent: {}
[19.139546] (-) TimerEvent: {}
[19.239942] (-) TimerEvent: {}
[19.340322] (-) TimerEvent: {}
[19.444376] (-) TimerEvent: {}
[19.544836] (-) TimerEvent: {}
[19.645558] (-) TimerEvent: {}
[19.745959] (-) TimerEvent: {}
[19.846640] (-) TimerEvent: {}
[19.947481] (-) TimerEvent: {}
[20.047949] (-) TimerEvent: {}
[20.148449] (-) TimerEvent: {}
[20.249039] (-) TimerEvent: {}
[20.349581] (-) TimerEvent: {}
[20.450119] (-) TimerEvent: {}
[20.550656] (-) TimerEvent: {}
[20.652547] (-) TimerEvent: {}
[20.752955] (-) TimerEvent: {}
[20.853726] (-) TimerEvent: {}
[20.954101] (-) TimerEvent: {}
[21.054790] (-) TimerEvent: {}
[21.155770] (-) TimerEvent: {}
[21.256525] (-) TimerEvent: {}
[21.356944] (-) TimerEvent: {}
[21.457391] (-) TimerEvent: {}
[21.557741] (-) TimerEvent: {}
[21.658369] (-) TimerEvent: {}
[21.758776] (-) TimerEvent: {}
[21.859662] (-) TimerEvent: {}
[21.960678] (-) TimerEvent: {}
[22.061126] (-) TimerEvent: {}
[22.161911] (-) TimerEvent: {}
[22.262747] (-) TimerEvent: {}
[22.363234] (-) TimerEvent: {}
[22.464245] (-) TimerEvent: {}
[22.564685] (-) TimerEvent: {}
[22.665082] (-) TimerEvent: {}
[22.766060] (-) TimerEvent: {}
[22.866664] (-) TimerEvent: {}
[22.967121] (-) TimerEvent: {}
[23.067715] (-) TimerEvent: {}
[23.170573] (-) TimerEvent: {}
[23.271113] (-) TimerEvent: {}
[23.371539] (-) TimerEvent: {}
[23.471927] (-) TimerEvent: {}
[23.572293] (-) TimerEvent: {}
[23.672718] (-) TimerEvent: {}
[23.773081] (-) TimerEvent: {}
[23.873447] (-) TimerEvent: {}
[23.973803] (-) TimerEvent: {}
[24.074225] (-) TimerEvent: {}
[24.174664] (-) TimerEvent: {}
[24.275028] (-) TimerEvent: {}
[24.375396] (-) TimerEvent: {}
[24.475764] (-) TimerEvent: {}
[24.576133] (-) TimerEvent: {}
[24.676488] (-) TimerEvent: {}
[24.776957] (-) TimerEvent: {}
[24.877537] (-) TimerEvent: {}
[24.977888] (-) TimerEvent: {}
[25.078230] (-) TimerEvent: {}
[25.178819] (-) TimerEvent: {}
[25.279172] (-) TimerEvent: {}
[25.379529] (-) TimerEvent: {}
[25.480341] (-) TimerEvent: {}
[25.580753] (-) TimerEvent: {}
[25.681148] (-) TimerEvent: {}
[25.781554] (-) TimerEvent: {}
[25.881951] (-) TimerEvent: {}
[25.982347] (-) TimerEvent: {}
[26.082912] (-) TimerEvent: {}
[26.184562] (-) TimerEvent: {}
[26.284919] (-) TimerEvent: {}
[26.385803] (-) TimerEvent: {}
[26.486648] (-) TimerEvent: {}
[26.587010] (-) TimerEvent: {}
[26.687364] (-) TimerEvent: {}
[26.787731] (-) TimerEvent: {}
[26.888085] (-) TimerEvent: {}
[26.988438] (-) TimerEvent: {}
[27.088787] (-) TimerEvent: {}
[27.189126] (-) TimerEvent: {}
[27.289687] (-) TimerEvent: {}
[27.390042] (-) TimerEvent: {}
[27.490387] (-) TimerEvent: {}
[27.590983] (-) TimerEvent: {}
[27.691360] (-) TimerEvent: {}
[27.791997] (-) TimerEvent: {}
[27.892342] (-) TimerEvent: {}
[27.992696] (-) TimerEvent: {}
[28.093060] (-) TimerEvent: {}
[28.193413] (-) TimerEvent: {}
[28.293968] (-) TimerEvent: {}
[28.394310] (-) TimerEvent: {}
[28.495105] (-) TimerEvent: {}
[28.595455] (-) TimerEvent: {}
[28.695944] (-) TimerEvent: {}
[28.796918] (-) TimerEvent: {}
[28.897307] (-) TimerEvent: {}
[28.997663] (-) TimerEvent: {}
[29.098015] (-) TimerEvent: {}
[29.198372] (-) TimerEvent: {}
[29.298807] (-) TimerEvent: {}
[29.399521] (-) TimerEvent: {}
[29.499988] (-) TimerEvent: {}
[29.602233] (-) TimerEvent: {}
[29.702635] (-) TimerEvent: {}
[29.803002] (-) TimerEvent: {}
[29.903572] (-) TimerEvent: {}
[30.004286] (-) TimerEvent: {}
[30.104895] (-) TimerEvent: {}
[30.205266] (-) TimerEvent: {}
[30.305853] (-) TimerEvent: {}
[30.406276] (-) TimerEvent: {}
[30.509545] (-) TimerEvent: {}
[30.609966] (-) TimerEvent: {}
[30.710359] (-) TimerEvent: {}
[30.811135] (-) TimerEvent: {}
[30.911538] (-) TimerEvent: {}
[31.012395] (-) TimerEvent: {}
[31.114073] (-) TimerEvent: {}
[31.214523] (-) TimerEvent: {}
[31.314995] (-) TimerEvent: {}
[31.415404] (-) TimerEvent: {}
[31.515811] (-) TimerEvent: {}
[31.616341] (-) TimerEvent: {}
[31.718540] (-) TimerEvent: {}
[31.818970] (-) TimerEvent: {}
[31.919354] (-) TimerEvent: {}
[32.019992] (-) TimerEvent: {}
[32.120529] (-) TimerEvent: {}
[32.220927] (-) TimerEvent: {}
[32.321660] (-) TimerEvent: {}
[32.422908] (-) TimerEvent: {}
[32.523266] (-) TimerEvent: {}
[32.624050] (-) TimerEvent: {}
[32.724676] (-) TimerEvent: {}
[32.825081] (-) TimerEvent: {}
[32.925439] (-) TimerEvent: {}
[33.025849] (-) TimerEvent: {}
[33.126263] (-) TimerEvent: {}
[33.226702] (-) TimerEvent: {}
[33.327117] (-) TimerEvent: {}
[33.427576] (-) TimerEvent: {}
[33.528889] (-) TimerEvent: {}
[33.629279] (-) TimerEvent: {}
[33.729846] (-) TimerEvent: {}
[33.830555] (-) TimerEvent: {}
[33.931460] (-) TimerEvent: {}
[34.032132] (-) TimerEvent: {}
[34.132542] (-) TimerEvent: {}
[34.201323] (simple_robot) StdoutLine: {'line': b'[ 25%] \x1b[32m\x1b[1mLinking CXX executable robot_map_node\x1b[0m\n'}
[34.206680] (simple_robot) StdoutLine: {'line': b'[ 33%] \x1b[32m\x1b[1mLinking CXX shared library libgrid_map.so\x1b[0m\n'}
[34.232670] (-) TimerEvent: {}
[34.333499] (-) TimerEvent: {}
[34.435613] (-) TimerEvent: {}
[34.536080] (-) TimerEvent: {}
[34.636568] (-) TimerEvent: {}
[34.738063] (-) TimerEvent: {}
[34.841089] (-) TimerEvent: {}
[34.942099] (-) TimerEvent: {}
[35.044879] (-) TimerEvent: {}
[35.145498] (-) TimerEvent: {}
[35.248015] (-) TimerEvent: {}
[35.348735] (-) TimerEvent: {}
[35.449299] (-) TimerEvent: {}
[35.550825] (-) TimerEvent: {}
[35.652845] (-) TimerEvent: {}
[35.753412] (-) TimerEvent: {}
[35.855093] (-) TimerEvent: {}
[35.955800] (-) TimerEvent: {}
[36.058843] (-) TimerEvent: {}
[36.159286] (-) TimerEvent: {}
[36.259740] (-) TimerEvent: {}
[36.360233] (-) TimerEvent: {}
[36.462362] (-) TimerEvent: {}
[36.563025] (-) TimerEvent: {}
[36.663874] (-) TimerEvent: {}
[36.764270] (-) TimerEvent: {}
[36.865109] (-) TimerEvent: {}
[36.965982] (-) TimerEvent: {}
[37.066422] (-) TimerEvent: {}
[37.167543] (-) TimerEvent: {}
[37.270545] (-) TimerEvent: {}
[37.371002] (-) TimerEvent: {}
[37.472343] (-) TimerEvent: {}
[37.523771] (simple_robot) StdoutLine: {'line': b'[ 66%] Built target grid_map\n'}
[37.573539] (-) TimerEvent: {}
[37.676543] (-) TimerEvent: {}
[37.776945] (-) TimerEvent: {}
[37.877790] (-) TimerEvent: {}
[37.922643] (simple_robot) StdoutLine: {'line': b'[100%] Built target robot_map_node\n'}
[37.958869] (simple_robot) CommandEnded: {'returncode': 0}
[37.961284] (simple_robot) JobProgress: {'identifier': 'simple_robot', 'progress': 'install'}
[37.977927] (-) TimerEvent: {}
[37.984781] (simple_robot) Command: {'cmd': ['/usr/bin/cmake', '--install', '/home/martina/rp_project/robot-programming-project/src/simple_robot/build/simple_robot'], 'cwd': '/home/martina/rp_project/robot-programming-project/src/simple_robot/build/simple_robot', 'env': OrderedDict([('GJS_DEBUG_TOPICS', 'JS ERROR;JS LOG'), ('LESSOPEN', '| /usr/bin/env /usr/bin/lesspipe %s 2>/dev/null'), ('CONDA_PROMPT_MODIFIER', '(base)'), ('LC_TIME', 'it_IT.UTF-8'), ('USER', 'martina'), ('XDG_SESSION_TYPE', 'wayland'), ('GIT_ASKPASS', '/usr/share/code/resources/app/extensions/git/dist/askpass.sh'), ('SHLVL', '2'), ('LD_LIBRARY_PATH', '/opt/ros/humble/opt/rviz_ogre_vendor/lib:/opt/ros/humble/lib/x86_64-linux-gnu:/opt/ros/humble/lib::/home/martina/.mujoco/mujoco210/bin:/usr/lib/nvidia:~/anaconda3/lib'), ('HOME', '/home/martina'), ('OLDPWD', '/home/martina/rp_project/robot-programming-project/src/simple_robot'), ('CHROME_DESKTOP', 'code.desktop'), ('TERMINFO', '/home/martina/.terminfo'), ('LESS', '-iRFXMx4'), ('CONDA_SHLVL', '1'), ('DESKTOP_SESSION', 'ubuntu'), ('TERM_PROGRAM_VERSION', '1.97.2'), ('GIO_LAUNCHED_DESKTOP_FILE', '/usr/share/applications/code.desktop'), ('LSCOLORS', 'ExGxDxDxCxDxDxFxFxexEx'), ('GTK_MODULES', 'gail:atk-bridge'), ('GNOME_SHELL_SESSION_MODE', 'ubuntu'), ('VSCODE_GIT_ASKPASS_MAIN', '/usr/share/code/resources/app/extensions/git/dist/askpass-main.js'), ('PAGER', 'less'), ('ROS_PYTHON_VERSION', '3'), ('LC_MONETARY', 'it_IT.UTF-8'), ('MANAGERPID', '887'), ('VSCODE_GIT_ASKPASS_NODE', '/usr/share/code/code'), ('SYSTEMD_EXEC_PID', '1152'), ('DBUS_SESSION_BUS_ADDRESS', 'unix:path=/run/user/1000/bus'), ('P9K_TTY', 'old'), ('GIO_LAUNCHED_DESKTOP_FILE_PID', '3260'), ('COLORTERM', 'truecolor'), ('_CE_M', ''), ('WAYLAND_DISPLAY', 'wayland-0'), ('INFOPATH', ''), ('ROS_DISTRO', 'humble'), ('COLCON_PREFIX_PATH', '/home/martina/rp_project/robot-programming-project/install'), ('LOGNAME', 'martina'), ('_', '/usr/bin/colcon'), ('JOURNAL_STREAM', '8:11413'), ('_P9K_SSH_TTY', '/dev/pts/2'), ('XDG_SESSION_CLASS', 'user'), ('USER_ZDOTDIR', '/home/martina'), ('ROS_VERSION', '2'), ('USERNAME', 'martina'), ('TERM', 'xterm-256color'), ('GNOME_DESKTOP_SESSION_ID', 'this-is-deprecated'), ('_CE_CONDA', ''), ('ROS_LOCALHOST_ONLY', '0'), ('PATH', '/opt/ros/humble/bin:/home/martina/.local/bin:/home/martina/.local/bin:/usr/lib/ccache:.:/home/martina/.mujoco/mujoco210/bin:/usr/lib/nvidia:/home/martina/anaconda3/condabin:/home/martina/bin:/home/martina/.local/bin:/usr/local/sbin:/usr/local/bin:/usr/sbin:/usr/bin:/sbin:/bin:/usr/games:/usr/local/games:/snap/bin:/home/martina/.cache/zsh4humans/v5/fzf/bin:/home/martina/other/install/bin'), ('SESSION_MANAGER', 'local/Martina-ThinkPad-X1-Yoga:@/tmp/.ICE-unix/1105,unix/Martina-ThinkPad-X1-Yoga:/tmp/.ICE-unix/1105'), ('INVOCATION_ID', 'abb78b4b018940349bd4da4c8fed9753'), ('LC_ADDRESS', 'it_IT.UTF-8'), ('XDG_RUNTIME_DIR', '/run/user/1000'), ('XDG_MENU_PREFIX', 'gnome-'), ('GNOME_SETUP_DISPLAY', ':1'), ('GDK_BACKEND', 'x11'), ('DISPLAY', ':0'), ('LANG', 'en_US.UTF-8'), ('LC_TELEPHONE', 'it_IT.UTF-8'), ('XDG_CURRENT_DESKTOP', 'Unity'), ('VSCODE_INJECTION', '1'), ('LD_PRELOAD', ':/usr/lib/x86_64-linux-gnu/libGLEW.so'), ('XDG_SESSION_DESKTOP', 'ubuntu'), ('XMODIFIERS', '@im=ibus'), ('XAUTHORITY', '/run/user/1000/.mutter-Xwaylandauth.L52E22'), ('TERM_PROGRAM', 'vscode'), ('VSCODE_GIT_IPC_HANDLE', '/run/user/1000/vscode-git-f640f2b3f6.sock'), ('LS_COLORS', 'fi=00:mi=00:mh=00:ln=01;36:or=01;31:di=01;34:ow=04;01;34:st=34:tw=04;34:pi=01;33:so=01;33:do=01;33:bd=01;33:cd=01;33:su=01;35:sg=01;35:ca=01;35:ex=01;32:no=38;5;248'), ('TREE_COLORS', 'fi=00:mi=00:mh=00:ln=01;36:or=01;31:di=01;34:ow=01;34:st=34:tw=34:pi=01;33:so=01;33:do=01;33:bd=01;33:cd=01;33:su=01;35:sg=01;35:ca=01;35:ex=01;32'), ('SSH_AGENT_LAUNCHER', 'gnome-keyring'), ('SSH_AUTH_SOCK', '/run/user/1000/keyring/ssh'), ('ORIGINAL_XDG_CURRENT_DESKTOP', 'ubuntu:GNOME'), ('CONDA_PYTHON_EXE', '/home/martina/anaconda3/bin/python'), ('AMENT_PREFIX_PATH', '/home/martina/rp_project/robot-programming-project/install/simple_robot:/opt/ros/humble'), ('LC_NAME', 'it_IT.UTF-8'), ('SHELL', '/usr/local/bin/zsh'), ('DEST', '/home/martina/other/install'), ('QT_ACCESSIBILITY', '1'), ('GDMSESSION', 'ubuntu'), ('CONDA_DEFAULT_ENV', 'base'), ('LC_MEASUREMENT', 'it_IT.UTF-8'), ('LC_IDENTIFICATION', 'it_IT.UTF-8'), ('GJS_DEBUG_OUTPUT', 'stderr'), ('P9K_SSH', '0'), ('QT_IM_MODULE', 'ibus'), ('VSCODE_GIT_ASKPASS_EXTRA_ARGS', ''), ('VSCODE_NONCE', '052e925b-acb5-444f-b870-f20c06506941'), ('LC_ALL', 'en_US.UTF-8'), ('PWD', '/home/martina/rp_project/robot-programming-project/src/simple_robot/build/simple_robot'), ('GPG_TTY', '/dev/pts/2'), ('XDG_DATA_DIRS', '/usr/local/share/:/usr/share/:/var/lib/snapd/desktop'), ('ZDOTDIR', '/home/martina'), ('_P9K_TTY', '/dev/pts/2'), ('CONDA_EXE', '/home/martina/anaconda3/bin/conda'), ('LC_NUMERIC', 'it_IT.UTF-8'), ('PYTHONPATH', '/opt/ros/humble/lib/python3.10/site-packages:/opt/ros/humble/local/lib/python3.10/dist-packages:/home/martina/other/install/lib/python3.10/site-packages/'), ('LC_PAPER', 'it_IT.UTF-8'), ('CONDA_PREFIX', '/home/martina/anaconda3'), ('COLCON', '1'), ('MANPATH', '/usr/local/share/man:/home/martina/.cache/zsh4humans/v5/fzf/man:'), ('CMAKE_PREFIX_PATH', '/home/martina/rp_project/robot-programming-project/install/simple_robot:/opt/ros/humble')]), 'shell': False}
[38.005161] (simple_robot) StdoutLine: {'line': b'-- Install configuration: ""\n'}
[38.007519] (simple_robot) StdoutLine: {'line': b'-- Installing: /home/martina/rp_project/robot-programming-project/src/simple_robot/install/simple_robot/lib/simple_robot/robot_map_node\n'}
[38.022842] (simple_robot) StdoutLine: {'line': b'-- Set runtime path of "/home/martina/rp_project/robot-programming-project/src/simple_robot/install/simple_robot/lib/simple_robot/robot_map_node" to ""\n'}
[38.023244] (simple_robot) StdoutLine: {'line': b'-- Up-to-date: /home/martina/rp_project/robot-programming-project/src/simple_robot/install/simple_robot/share/ament_index/resource_index/package_run_dependencies/simple_robot\n'}
[38.025714] (simple_robot) StdoutLine: {'line': b'-- Up-to-date: /home/martina/rp_project/robot-programming-project/src/simple_robot/install/simple_robot/share/ament_index/resource_index/parent_prefix_path/simple_robot\n'}
[38.026399] (simple_robot) StdoutLine: {'line': b'-- Up-to-date: /home/martina/rp_project/robot-programming-project/src/simple_robot/install/simple_robot/share/simple_robot/environment/ament_prefix_path.sh\n'}
[38.026816] (simple_robot) StdoutLine: {'line': b'-- Installing: /home/martina/rp_project/robot-programming-project/src/simple_robot/install/simple_robot/share/simple_robot/environment/ament_prefix_path.dsv\n'}
[38.027151] (simple_robot) StdoutLine: {'line': b'-- Up-to-date: /home/martina/rp_project/robot-programming-project/src/simple_robot/install/simple_robot/share/simple_robot/environment/path.sh\n'}
[38.027478] (simple_robot) StdoutLine: {'line': b'-- Installing: /home/martina/rp_project/robot-programming-project/src/simple_robot/install/simple_robot/share/simple_robot/environment/path.dsv\n'}
[38.027775] (simple_robot) StdoutLine: {'line': b'-- Up-to-date: /home/martina/rp_project/robot-programming-project/src/simple_robot/install/simple_robot/share/simple_robot/local_setup.bash\n'}
[38.028889] (simple_robot) StdoutLine: {'line': b'-- Up-to-date: /home/martina/rp_project/robot-programming-project/src/simple_robot/install/simple_robot/share/simple_robot/local_setup.sh\n'}
[38.029117] (simple_robot) StdoutLine: {'line': b'-- Up-to-date: /home/martina/rp_project/robot-programming-project/src/simple_robot/install/simple_robot/share/simple_robot/local_setup.zsh\n'}
[38.029283] (simple_robot) StdoutLine: {'line': b'-- Installing: /home/martina/rp_project/robot-programming-project/src/simple_robot/install/simple_robot/share/simple_robot/local_setup.dsv\n'}
[38.029441] (simple_robot) StdoutLine: {'line': b'-- Installing: /home/martina/rp_project/robot-programming-project/src/simple_robot/install/simple_robot/share/simple_robot/package.dsv\n'}
[38.029640] (simple_robot) StdoutLine: {'line': b'-- Up-to-date: /home/martina/rp_project/robot-programming-project/src/simple_robot/install/simple_robot/share/ament_index/resource_index/packages/simple_robot\n'}
[38.029809] (simple_robot) StdoutLine: {'line': b'-- Up-to-date: /home/martina/rp_project/robot-programming-project/src/simple_robot/install/simple_robot/share/simple_robot/cmake/simple_robotConfig.cmake\n'}
[38.029979] (simple_robot) StdoutLine: {'line': b'-- Up-to-date: /home/martina/rp_project/robot-programming-project/src/simple_robot/install/simple_robot/share/simple_robot/cmake/simple_robotConfig-version.cmake\n'}
[38.030151] (simple_robot) StdoutLine: {'line': b'-- Up-to-date: /home/martina/rp_project/robot-programming-project/src/simple_robot/install/simple_robot/share/simple_robot/package.xml\n'}
[38.044898] (simple_robot) CommandEnded: {'returncode': 0}
[38.079503] (-) TimerEvent: {}
[38.088277] (simple_robot) JobEnded: {'identifier': 'simple_robot', 'rc': 0}
[38.091160] (-) EventReactorShutdown: {}
