[0.000000] (-) TimerEvent: {}
[0.000223] (simple_robot) JobQueued: {'identifier': 'simple_robot', 'dependencies': OrderedDict()}
[0.000865] (simple_robot) JobStarted: {'identifier': 'simple_robot'}
[0.031958] (simple_robot) JobProgress: {'identifier': 'simple_robot', 'progress': 'cmake'}
[0.032685] (simple_robot) Command: {'cmd': ['/usr/bin/cmake', '/home/martina/rp_project/robot-programming-project/src/simple_robot', '-DCMAKE_INSTALL_PREFIX=/home/martina/rp_project/robot-programming-project/src/simple_robot/install/simple_robot'], 'cwd': '/home/martina/rp_project/robot-programming-project/src/simple_robot/build/simple_robot', 'env': OrderedDict([('GJS_DEBUG_TOPICS', 'JS ERROR;JS LOG'), ('LESSOPEN', '| /usr/bin/env /usr/bin/lesspipe %s 2>/dev/null'), ('CONDA_PROMPT_MODIFIER', '(base)'), ('LC_TIME', 'it_IT.UTF-8'), ('USER', 'martina'), ('XDG_SESSION_TYPE', 'wayland'), ('GIT_ASKPASS', '/usr/share/code/resources/app/extensions/git/dist/askpass.sh'), ('SHLVL', '2'), ('LD_LIBRARY_PATH', '/opt/ros/humble/opt/rviz_ogre_vendor/lib:/opt/ros/humble/lib/x86_64-linux-gnu:/opt/ros/humble/lib::/home/martina/.mujoco/mujoco210/bin:/usr/lib/nvidia:~/anaconda3/lib'), ('HOME', '/home/martina'), ('OLDPWD', '/home/martina/rp_project/robot-programming-project/src/simple_robot'), ('CHROME_DESKTOP', 'code.desktop'), ('TERMINFO', '/home/martina/.terminfo'), ('LESS', '-iRFXMx4'), ('CONDA_SHLVL', '1'), ('DESKTOP_SESSION', 'ubuntu'), ('TERM_PROGRAM_VERSION', '1.97.2'), ('GIO_LAUNCHED_DESKTOP_FILE', '/usr/share/applications/code.desktop'), ('LSCOLORS', 'ExGxDxDxCxDxDxFxFxexEx'), ('GTK_MODULES', 'gail:atk-bridge'), ('GNOME_SHELL_SESSION_MODE', 'ubuntu'), ('VSCODE_GIT_ASKPASS_MAIN', '/usr/share/code/resources/app/extensions/git/dist/askpass-main.js'), ('PAGER', 'less'), ('ROS_PYTHON_VERSION', '3'), ('LC_MONETARY', 'it_IT.UTF-8'), ('MANAGERPID', '887'), ('VSCODE_GIT_ASKPASS_NODE', '/usr/share/code/code'), ('SYSTEMD_EXEC_PID', '1152'), ('DBUS_SESSION_BUS_ADDRESS', 'unix:path=/run/user/1000/bus'), ('P9K_TTY', 'old'), ('GIO_LAUNCHED_DESKTOP_FILE_PID', '3260'), ('COLORTERM', 'truecolor'), ('_CE_M', ''), ('WAYLAND_DISPLAY', 'wayland-0'), ('INFOPATH', ''), ('ROS_DISTRO', 'humble'), ('COLCON_PREFIX_PATH', '/home/martina/rp_project/robot-programming-project/install'), ('LOGNAME', 'martina'), ('_', '/usr/bin/colcon'), ('JOURNAL_STREAM', '8:11413'), ('_P9K_SSH_TTY', '/dev/pts/2'), ('XDG_SESSION_CLASS', 'user'), ('USER_ZDOTDIR', '/home/martina'), ('ROS_VERSION', '2'), ('USERNAME', 'martina'), ('TERM', 'xterm-256color'), ('GNOME_DESKTOP_SESSION_ID', 'this-is-deprecated'), ('_CE_CONDA', ''), ('ROS_LOCALHOST_ONLY', '0'), ('PATH', '/opt/ros/humble/bin:/home/martina/.local/bin:/home/martina/.local/bin:/usr/lib/ccache:.:/home/martina/.mujoco/mujoco210/bin:/usr/lib/nvidia:/home/martina/anaconda3/condabin:/home/martina/bin:/home/martina/.local/bin:/usr/local/sbin:/usr/local/bin:/usr/sbin:/usr/bin:/sbin:/bin:/usr/games:/usr/local/games:/snap/bin:/home/martina/.cache/zsh4humans/v5/fzf/bin:/home/martina/other/install/bin'), ('SESSION_MANAGER', 'local/Martina-ThinkPad-X1-Yoga:@/tmp/.ICE-unix/1105,unix/Martina-ThinkPad-X1-Yoga:/tmp/.ICE-unix/1105'), ('INVOCATION_ID', 'abb78b4b018940349bd4da4c8fed9753'), ('LC_ADDRESS', 'it_IT.UTF-8'), ('XDG_RUNTIME_DIR', '/run/user/1000'), ('XDG_MENU_PREFIX', 'gnome-'), ('GNOME_SETUP_DISPLAY', ':1'), ('GDK_BACKEND', 'x11'), ('DISPLAY', ':0'), ('LANG', 'en_US.UTF-8'), ('LC_TELEPHONE', 'it_IT.UTF-8'), ('XDG_CURRENT_DESKTOP', 'Unity'), ('VSCODE_INJECTION', '1'), ('LD_PRELOAD', ':/usr/lib/x86_64-linux-gnu/libGLEW.so'), ('XDG_SESSION_DESKTOP', 'ubuntu'), ('XMODIFIERS', '@im=ibus'), ('XAUTHORITY', '/run/user/1000/.mutter-Xwaylandauth.L52E22'), ('TERM_PROGRAM', 'vscode'), ('VSCODE_GIT_IPC_HANDLE', '/run/user/1000/vscode-git-f640f2b3f6.sock'), ('LS_COLORS', 'fi=00:mi=00:mh=00:ln=01;36:or=01;31:di=01;34:ow=04;01;34:st=34:tw=04;34:pi=01;33:so=01;33:do=01;33:bd=01;33:cd=01;33:su=01;35:sg=01;35:ca=01;35:ex=01;32:no=38;5;248'), ('TREE_COLORS', 'fi=00:mi=00:mh=00:ln=01;36:or=01;31:di=01;34:ow=01;34:st=34:tw=34:pi=01;33:so=01;33:do=01;33:bd=01;33:cd=01;33:su=01;35:sg=01;35:ca=01;35:ex=01;32'), ('SSH_AGENT_LAUNCHER', 'gnome-keyring'), ('SSH_AUTH_SOCK', '/run/user/1000/keyring/ssh'), ('ORIGINAL_XDG_CURRENT_DESKTOP', 'ubuntu:GNOME'), ('CONDA_PYTHON_EXE', '/home/martina/anaconda3/bin/python'), ('AMENT_PREFIX_PATH', '/home/martina/rp_project/robot-programming-project/install/simple_robot:/opt/ros/humble'), ('LC_NAME', 'it_IT.UTF-8'), ('SHELL', '/usr/local/bin/zsh'), ('DEST', '/home/martina/other/install'), ('QT_ACCESSIBILITY', '1'), ('GDMSESSION', 'ubuntu'), ('CONDA_DEFAULT_ENV', 'base'), ('LC_MEASUREMENT', 'it_IT.UTF-8'), ('LC_IDENTIFICATION', 'it_IT.UTF-8'), ('GJS_DEBUG_OUTPUT', 'stderr'), ('P9K_SSH', '0'), ('QT_IM_MODULE', 'ibus'), ('VSCODE_GIT_ASKPASS_EXTRA_ARGS', ''), ('VSCODE_NONCE', '052e925b-acb5-444f-b870-f20c06506941'), ('LC_ALL', 'en_US.UTF-8'), ('PWD', '/home/martina/rp_project/robot-programming-project/src/simple_robot/build/simple_robot'), ('GPG_TTY', '/dev/pts/2'), ('XDG_DATA_DIRS', '/usr/local/share/:/usr/share/:/var/lib/snapd/desktop'), ('ZDOTDIR', '/home/martina'), ('_P9K_TTY', '/dev/pts/2'), ('CONDA_EXE', '/home/martina/anaconda3/bin/conda'), ('LC_NUMERIC', 'it_IT.UTF-8'), ('PYTHONPATH', '/opt/ros/humble/lib/python3.10/site-packages:/opt/ros/humble/local/lib/python3.10/dist-packages:/home/martina/other/install/lib/python3.10/site-packages/'), ('LC_PAPER', 'it_IT.UTF-8'), ('CONDA_PREFIX', '/home/martina/anaconda3'), ('COLCON', '1'), ('MANPATH', '/usr/local/share/man:/home/martina/.cache/zsh4humans/v5/fzf/man:'), ('CMAKE_PREFIX_PATH', '/home/martina/rp_project/robot-programming-project/install/simple_robot:/opt/ros/humble')]), 'shell': False}
[0.099384] (-) TimerEvent: {}
[0.200654] (-) TimerEvent: {}
[0.231458] (simple_robot) StdoutLine: {'line': b'-- The C compiler identification is GNU 11.4.0\n'}
[0.300964] (-) TimerEvent: {}
[0.401686] (-) TimerEvent: {}
[0.423391] (simple_robot) StdoutLine: {'line': b'-- The CXX compiler identification is GNU 11.4.0\n'}
[0.464588] (simple_robot) StdoutLine: {'line': b'-- Detecting C compiler ABI info\n'}
[0.501822] (-) TimerEvent: {}
[0.603641] (-) TimerEvent: {}
[0.644394] (simple_robot) StdoutLine: {'line': b'-- Detecting C compiler ABI info - done\n'}
[0.666217] (simple_robot) StdoutLine: {'line': b'-- Check for working C compiler: /usr/lib/ccache/cc - skipped\n'}
[0.667574] (simple_robot) StdoutLine: {'line': b'-- Detecting C compile features\n'}
[0.667941] (simple_robot) StdoutLine: {'line': b'-- Detecting C compile features - done\n'}
[0.675540] (simple_robot) StdoutLine: {'line': b'-- Detecting CXX compiler ABI info\n'}
[0.704165] (-) TimerEvent: {}
[0.804626] (-) TimerEvent: {}
[0.890482] (simple_robot) StdoutLine: {'line': b'-- Detecting CXX compiler ABI info - done\n'}
[0.904932] (-) TimerEvent: {}
[0.906320] (simple_robot) StdoutLine: {'line': b'-- Check for working CXX compiler: /usr/lib/ccache/c++ - skipped\n'}
[0.907104] (simple_robot) StdoutLine: {'line': b'-- Detecting CXX compile features\n'}
[0.907983] (simple_robot) StdoutLine: {'line': b'-- Detecting CXX compile features - done\n'}
[0.928005] (simple_robot) StdoutLine: {'line': b'-- Found OpenCV: /usr (found suitable version "4.5.4", minimum required is "4.5.4") \n'}
[0.931073] (simple_robot) StdoutLine: {'line': b'-- Found ament_cmake: 1.3.11 (/opt/ros/humble/share/ament_cmake/cmake)\n'}
[1.005030] (-) TimerEvent: {}
[1.106011] (-) TimerEvent: {}
[1.206496] (-) TimerEvent: {}
[1.266543] (simple_robot) StdoutLine: {'line': b'-- Found Python3: /usr/bin/python3 (found version "3.10.12") found components: Interpreter \n'}
[1.306626] (-) TimerEvent: {}
[1.407181] (-) TimerEvent: {}
[1.474850] (simple_robot) StdoutLine: {'line': b'-- Found rclcpp: 16.0.11 (/opt/ros/humble/share/rclcpp/cmake)\n'}
[1.509015] (-) TimerEvent: {}
[1.574532] (simple_robot) StdoutLine: {'line': b'-- Found rosidl_generator_c: 3.1.6 (/opt/ros/humble/share/rosidl_generator_c/cmake)\n'}
[1.584706] (simple_robot) StdoutLine: {'line': b'-- Found rosidl_adapter: 3.1.6 (/opt/ros/humble/share/rosidl_adapter/cmake)\n'}
[1.606000] (simple_robot) StdoutLine: {'line': b'-- Found rosidl_generator_cpp: 3.1.6 (/opt/ros/humble/share/rosidl_generator_cpp/cmake)\n'}
[1.609096] (-) TimerEvent: {}
[1.640082] (simple_robot) StdoutLine: {'line': b'-- Using all available rosidl_typesupport_c: rosidl_typesupport_fastrtps_c;rosidl_typesupport_introspection_c\n'}
[1.688122] (simple_robot) StdoutLine: {'line': b'-- Using all available rosidl_typesupport_cpp: rosidl_typesupport_fastrtps_cpp;rosidl_typesupport_introspection_cpp\n'}
[1.709511] (-) TimerEvent: {}
[1.793355] (simple_robot) StdoutLine: {'line': b'-- Found rmw_implementation_cmake: 6.1.2 (/opt/ros/humble/share/rmw_implementation_cmake/cmake)\n'}
[1.797781] (simple_robot) StdoutLine: {'line': b'-- Found rmw_fastrtps_cpp: 6.2.7 (/opt/ros/humble/share/rmw_fastrtps_cpp/cmake)\n'}
[1.809649] (-) TimerEvent: {}
[1.910817] (-) TimerEvent: {}
[2.015253] (-) TimerEvent: {}
[2.115659] (-) TimerEvent: {}
[2.216092] (-) TimerEvent: {}
[2.275950] (simple_robot) StdoutLine: {'line': b'-- Found OpenSSL: /usr/lib/x86_64-linux-gnu/libcrypto.so (found version "3.0.2")  \n'}
[2.317350] (-) TimerEvent: {}
[2.357349] (simple_robot) StdoutLine: {'line': b'-- Found FastRTPS: /opt/ros/humble/include  \n'}
[2.417493] (-) TimerEvent: {}
[2.470443] (simple_robot) StdoutLine: {'line': b"-- Using RMW implementation 'rmw_fastrtps_cpp' as default\n"}
[2.489060] (simple_robot) StdoutLine: {'line': b'-- Looking for pthread.h\n'}
[2.517601] (-) TimerEvent: {}
[2.617961] (-) TimerEvent: {}
[2.638732] (simple_robot) StdoutLine: {'line': b'-- Looking for pthread.h - found\n'}
[2.639433] (simple_robot) StdoutLine: {'line': b'-- Performing Test CMAKE_HAVE_LIBC_PTHREAD\n'}
[2.718101] (-) TimerEvent: {}
[2.789758] (simple_robot) StdoutLine: {'line': b'-- Performing Test CMAKE_HAVE_LIBC_PTHREAD - Success\n'}
[2.795191] (simple_robot) StdoutLine: {'line': b'-- Found Threads: TRUE  \n'}
[2.818238] (-) TimerEvent: {}
[2.893170] (simple_robot) StdoutLine: {'line': b'-- Found geometry_msgs: 4.2.4 (/opt/ros/humble/share/geometry_msgs/cmake)\n'}
[2.916148] (simple_robot) StdoutLine: {'line': b'-- Found sensor_msgs: 4.2.4 (/opt/ros/humble/share/sensor_msgs/cmake)\n'}
[2.918318] (-) TimerEvent: {}
[2.947403] (simple_robot) StdoutLine: {'line': b'-- Found nav_msgs: 4.2.4 (/opt/ros/humble/share/nav_msgs/cmake)\n'}
[2.991256] (simple_robot) StdoutLine: {'line': b'-- Found OpenCV: /usr (found version "4.5.4") \n'}
[3.018457] (-) TimerEvent: {}
[3.107109] (simple_robot) StdoutLine: {'line': b'-- DATA_DIR: /home/martina/rp_project/robot-programming-project/src/simple_robot/data\n'}
[3.107600] (simple_robot) StdoutLine: {'line': b'-- Configuring done\n'}
[3.118752] (-) TimerEvent: {}
[3.161124] (simple_robot) StdoutLine: {'line': b'-- Generating done\n'}
[3.178074] (simple_robot) StdoutLine: {'line': b'-- Build files have been written to: /home/martina/rp_project/robot-programming-project/src/simple_robot/build/simple_robot\n'}
[3.211776] (simple_robot) CommandEnded: {'returncode': 0}
[3.217621] (simple_robot) JobProgress: {'identifier': 'simple_robot', 'progress': 'build'}
[3.218224] (simple_robot) Command: {'cmd': ['/usr/bin/cmake', '--build', '/home/martina/rp_project/robot-programming-project/src/simple_robot/build/simple_robot', '--', '-j4', '-l4'], 'cwd': '/home/martina/rp_project/robot-programming-project/src/simple_robot/build/simple_robot', 'env': OrderedDict([('GJS_DEBUG_TOPICS', 'JS ERROR;JS LOG'), ('LESSOPEN', '| /usr/bin/env /usr/bin/lesspipe %s 2>/dev/null'), ('CONDA_PROMPT_MODIFIER', '(base)'), ('LC_TIME', 'it_IT.UTF-8'), ('USER', 'martina'), ('XDG_SESSION_TYPE', 'wayland'), ('GIT_ASKPASS', '/usr/share/code/resources/app/extensions/git/dist/askpass.sh'), ('SHLVL', '2'), ('LD_LIBRARY_PATH', '/opt/ros/humble/opt/rviz_ogre_vendor/lib:/opt/ros/humble/lib/x86_64-linux-gnu:/opt/ros/humble/lib::/home/martina/.mujoco/mujoco210/bin:/usr/lib/nvidia:~/anaconda3/lib'), ('HOME', '/home/martina'), ('OLDPWD', '/home/martina/rp_project/robot-programming-project/src/simple_robot'), ('CHROME_DESKTOP', 'code.desktop'), ('TERMINFO', '/home/martina/.terminfo'), ('LESS', '-iRFXMx4'), ('CONDA_SHLVL', '1'), ('DESKTOP_SESSION', 'ubuntu'), ('TERM_PROGRAM_VERSION', '1.97.2'), ('GIO_LAUNCHED_DESKTOP_FILE', '/usr/share/applications/code.desktop'), ('LSCOLORS', 'ExGxDxDxCxDxDxFxFxexEx'), ('GTK_MODULES', 'gail:atk-bridge'), ('GNOME_SHELL_SESSION_MODE', 'ubuntu'), ('VSCODE_GIT_ASKPASS_MAIN', '/usr/share/code/resources/app/extensions/git/dist/askpass-main.js'), ('PAGER', 'less'), ('ROS_PYTHON_VERSION', '3'), ('LC_MONETARY', 'it_IT.UTF-8'), ('MANAGERPID', '887'), ('VSCODE_GIT_ASKPASS_NODE', '/usr/share/code/code'), ('SYSTEMD_EXEC_PID', '1152'), ('DBUS_SESSION_BUS_ADDRESS', 'unix:path=/run/user/1000/bus'), ('P9K_TTY', 'old'), ('GIO_LAUNCHED_DESKTOP_FILE_PID', '3260'), ('COLORTERM', 'truecolor'), ('_CE_M', ''), ('WAYLAND_DISPLAY', 'wayland-0'), ('INFOPATH', ''), ('ROS_DISTRO', 'humble'), ('COLCON_PREFIX_PATH', '/home/martina/rp_project/robot-programming-project/install'), ('LOGNAME', 'martina'), ('_', '/usr/bin/colcon'), ('JOURNAL_STREAM', '8:11413'), ('_P9K_SSH_TTY', '/dev/pts/2'), ('XDG_SESSION_CLASS', 'user'), ('USER_ZDOTDIR', '/home/martina'), ('ROS_VERSION', '2'), ('USERNAME', 'martina'), ('TERM', 'xterm-256color'), ('GNOME_DESKTOP_SESSION_ID', 'this-is-deprecated'), ('_CE_CONDA', ''), ('ROS_LOCALHOST_ONLY', '0'), ('PATH', '/opt/ros/humble/bin:/home/martina/.local/bin:/home/martina/.local/bin:/usr/lib/ccache:.:/home/martina/.mujoco/mujoco210/bin:/usr/lib/nvidia:/home/martina/anaconda3/condabin:/home/martina/bin:/home/martina/.local/bin:/usr/local/sbin:/usr/local/bin:/usr/sbin:/usr/bin:/sbin:/bin:/usr/games:/usr/local/games:/snap/bin:/home/martina/.cache/zsh4humans/v5/fzf/bin:/home/martina/other/install/bin'), ('SESSION_MANAGER', 'local/Martina-ThinkPad-X1-Yoga:@/tmp/.ICE-unix/1105,unix/Martina-ThinkPad-X1-Yoga:/tmp/.ICE-unix/1105'), ('INVOCATION_ID', 'abb78b4b018940349bd4da4c8fed9753'), ('LC_ADDRESS', 'it_IT.UTF-8'), ('XDG_RUNTIME_DIR', '/run/user/1000'), ('XDG_MENU_PREFIX', 'gnome-'), ('GNOME_SETUP_DISPLAY', ':1'), ('GDK_BACKEND', 'x11'), ('DISPLAY', ':0'), ('LANG', 'en_US.UTF-8'), ('LC_TELEPHONE', 'it_IT.UTF-8'), ('XDG_CURRENT_DESKTOP', 'Unity'), ('VSCODE_INJECTION', '1'), ('LD_PRELOAD', ':/usr/lib/x86_64-linux-gnu/libGLEW.so'), ('XDG_SESSION_DESKTOP', 'ubuntu'), ('XMODIFIERS', '@im=ibus'), ('XAUTHORITY', '/run/user/1000/.mutter-Xwaylandauth.L52E22'), ('TERM_PROGRAM', 'vscode'), ('VSCODE_GIT_IPC_HANDLE', '/run/user/1000/vscode-git-f640f2b3f6.sock'), ('LS_COLORS', 'fi=00:mi=00:mh=00:ln=01;36:or=01;31:di=01;34:ow=04;01;34:st=34:tw=04;34:pi=01;33:so=01;33:do=01;33:bd=01;33:cd=01;33:su=01;35:sg=01;35:ca=01;35:ex=01;32:no=38;5;248'), ('TREE_COLORS', 'fi=00:mi=00:mh=00:ln=01;36:or=01;31:di=01;34:ow=01;34:st=34:tw=34:pi=01;33:so=01;33:do=01;33:bd=01;33:cd=01;33:su=01;35:sg=01;35:ca=01;35:ex=01;32'), ('SSH_AGENT_LAUNCHER', 'gnome-keyring'), ('SSH_AUTH_SOCK', '/run/user/1000/keyring/ssh'), ('ORIGINAL_XDG_CURRENT_DESKTOP', 'ubuntu:GNOME'), ('CONDA_PYTHON_EXE', '/home/martina/anaconda3/bin/python'), ('AMENT_PREFIX_PATH', '/home/martina/rp_project/robot-programming-project/install/simple_robot:/opt/ros/humble'), ('LC_NAME', 'it_IT.UTF-8'), ('SHELL', '/usr/local/bin/zsh'), ('DEST', '/home/martina/other/install'), ('QT_ACCESSIBILITY', '1'), ('GDMSESSION', 'ubuntu'), ('CONDA_DEFAULT_ENV', 'base'), ('LC_MEASUREMENT', 'it_IT.UTF-8'), ('LC_IDENTIFICATION', 'it_IT.UTF-8'), ('GJS_DEBUG_OUTPUT', 'stderr'), ('P9K_SSH', '0'), ('QT_IM_MODULE', 'ibus'), ('VSCODE_GIT_ASKPASS_EXTRA_ARGS', ''), ('VSCODE_NONCE', '052e925b-acb5-444f-b870-f20c06506941'), ('LC_ALL', 'en_US.UTF-8'), ('PWD', '/home/martina/rp_project/robot-programming-project/src/simple_robot/build/simple_robot'), ('GPG_TTY', '/dev/pts/2'), ('XDG_DATA_DIRS', '/usr/local/share/:/usr/share/:/var/lib/snapd/desktop'), ('ZDOTDIR', '/home/martina'), ('_P9K_TTY', '/dev/pts/2'), ('CONDA_EXE', '/home/martina/anaconda3/bin/conda'), ('LC_NUMERIC', 'it_IT.UTF-8'), ('PYTHONPATH', '/opt/ros/humble/lib/python3.10/site-packages:/opt/ros/humble/local/lib/python3.10/dist-packages:/home/martina/other/install/lib/python3.10/site-packages/'), ('LC_PAPER', 'it_IT.UTF-8'), ('CONDA_PREFIX', '/home/martina/anaconda3'), ('COLCON', '1'), ('MANPATH', '/usr/local/share/man:/home/martina/.cache/zsh4humans/v5/fzf/man:'), ('CMAKE_PREFIX_PATH', '/home/martina/rp_project/robot-programming-project/install/simple_robot:/opt/ros/humble')]), 'shell': False}
[3.219270] (-) TimerEvent: {}
[3.320764] (-) TimerEvent: {}
[3.358936] (simple_robot) StdoutLine: {'line': b'\x1b[35m\x1b[1mConsolidate compiler generated dependencies of target robot_map_node\x1b[0m\n'}
[3.360862] (simple_robot) StdoutLine: {'line': b'\x1b[35m\x1b[1mConsolidate compiler generated dependencies of target grid_map\x1b[0m\n'}
[3.420919] (-) TimerEvent: {}
[3.445151] (simple_robot) StdoutLine: {'line': b'[  8%] \x1b[32mBuilding CXX object src/CMakeFiles/grid_map.dir/main.cpp.o\x1b[0m\n'}
[3.463233] (simple_robot) StdoutLine: {'line': b'[ 16%] \x1b[32mBuilding CXX object CMakeFiles/robot_map_node.dir/src/main.cpp.o\x1b[0m\n'}
[3.522948] (-) TimerEvent: {}
[3.625952] (-) TimerEvent: {}
[3.726474] (-) TimerEvent: {}
[3.826940] (-) TimerEvent: {}
[3.927318] (-) TimerEvent: {}
[4.027665] (-) TimerEvent: {}
[4.128455] (-) TimerEvent: {}
[4.228828] (-) TimerEvent: {}
[4.329977] (-) TimerEvent: {}
[4.433112] (-) TimerEvent: {}
[4.533931] (-) TimerEvent: {}
[4.634689] (-) TimerEvent: {}
[4.737121] (-) TimerEvent: {}
[4.837640] (-) TimerEvent: {}
[4.939109] (-) TimerEvent: {}
[5.040944] (-) TimerEvent: {}
[5.141367] (-) TimerEvent: {}
[5.242294] (-) TimerEvent: {}
[5.342692] (-) TimerEvent: {}
[5.443149] (-) TimerEvent: {}
[5.544102] (-) TimerEvent: {}
[5.646200] (-) TimerEvent: {}
[5.747362] (-) TimerEvent: {}
[5.847942] (-) TimerEvent: {}
[5.948602] (-) TimerEvent: {}
[6.049254] (-) TimerEvent: {}
[6.149693] (-) TimerEvent: {}
[6.250085] (-) TimerEvent: {}
[6.350536] (-) TimerEvent: {}
[6.451191] (-) TimerEvent: {}
[6.551637] (-) TimerEvent: {}
[6.652040] (-) TimerEvent: {}
[6.752433] (-) TimerEvent: {}
[6.852815] (-) TimerEvent: {}
[6.953296] (-) TimerEvent: {}
[7.053919] (-) TimerEvent: {}
[7.154297] (-) TimerEvent: {}
[7.254699] (-) TimerEvent: {}
[7.355090] (-) TimerEvent: {}
[7.455704] (-) TimerEvent: {}
[7.556169] (-) TimerEvent: {}
[7.656551] (-) TimerEvent: {}
[7.756936] (-) TimerEvent: {}
[7.857563] (-) TimerEvent: {}
[7.957940] (-) TimerEvent: {}
[8.058333] (-) TimerEvent: {}
[8.158731] (-) TimerEvent: {}
[8.259359] (-) TimerEvent: {}
[8.359744] (-) TimerEvent: {}
[8.460129] (-) TimerEvent: {}
[8.560505] (-) TimerEvent: {}
[8.660901] (-) TimerEvent: {}
[8.761834] (-) TimerEvent: {}
[8.862650] (-) TimerEvent: {}
[8.963057] (-) TimerEvent: {}
[9.063438] (-) TimerEvent: {}
[9.163812] (-) TimerEvent: {}
[9.264190] (-) TimerEvent: {}
[9.365928] (-) TimerEvent: {}
[9.466323] (-) TimerEvent: {}
[9.566718] (-) TimerEvent: {}
[9.667135] (-) TimerEvent: {}
[9.767566] (-) TimerEvent: {}
[9.867944] (-) TimerEvent: {}
[9.968399] (-) TimerEvent: {}
[10.069970] (-) TimerEvent: {}
[10.170344] (-) TimerEvent: {}
[10.271106] (-) TimerEvent: {}
[10.371501] (-) TimerEvent: {}
[10.471904] (-) TimerEvent: {}
[10.572299] (-) TimerEvent: {}
[10.672684] (-) TimerEvent: {}
[10.773085] (-) TimerEvent: {}
[10.873466] (-) TimerEvent: {}
[10.973876] (-) TimerEvent: {}
[11.074307] (-) TimerEvent: {}
[11.174704] (-) TimerEvent: {}
[11.275341] (-) TimerEvent: {}
[11.375727] (-) TimerEvent: {}
[11.476136] (-) TimerEvent: {}
[11.576516] (-) TimerEvent: {}
[11.676924] (-) TimerEvent: {}
[11.777361] (-) TimerEvent: {}
[11.878087] (-) TimerEvent: {}
[11.978456] (-) TimerEvent: {}
[12.078817] (-) TimerEvent: {}
[12.179194] (-) TimerEvent: {}
[12.280024] (-) TimerEvent: {}
[12.380409] (-) TimerEvent: {}
[12.481218] (-) TimerEvent: {}
[12.581649] (-) TimerEvent: {}
[12.682097] (-) TimerEvent: {}
[12.782526] (-) TimerEvent: {}
[12.882993] (-) TimerEvent: {}
[12.983444] (-) TimerEvent: {}
[13.083830] (-) TimerEvent: {}
[13.184226] (-) TimerEvent: {}
[13.284607] (-) TimerEvent: {}
[13.385008] (-) TimerEvent: {}
[13.485379] (-) TimerEvent: {}
[13.585833] (-) TimerEvent: {}
[13.686226] (-) TimerEvent: {}
[13.786615] (-) TimerEvent: {}
[13.887023] (-) TimerEvent: {}
[13.987409] (-) TimerEvent: {}
[14.087792] (-) TimerEvent: {}
[14.188259] (-) TimerEvent: {}
[14.288644] (-) TimerEvent: {}
[14.389077] (-) TimerEvent: {}
[14.490363] (-) TimerEvent: {}
[14.590752] (-) TimerEvent: {}
[14.691157] (-) TimerEvent: {}
[14.791554] (-) TimerEvent: {}
[14.891950] (-) TimerEvent: {}
[14.992345] (-) TimerEvent: {}
[15.092758] (-) TimerEvent: {}
[15.193196] (-) TimerEvent: {}
[15.293599] (-) TimerEvent: {}
[15.394405] (-) TimerEvent: {}
[15.495334] (-) TimerEvent: {}
[15.595775] (-) TimerEvent: {}
[15.696161] (-) TimerEvent: {}
[15.796560] (-) TimerEvent: {}
[15.896936] (-) TimerEvent: {}
[15.997334] (-) TimerEvent: {}
[16.097703] (-) TimerEvent: {}
[16.198075] (-) TimerEvent: {}
[16.298465] (-) TimerEvent: {}
[16.398864] (-) TimerEvent: {}
[16.502091] (-) TimerEvent: {}
[16.602497] (-) TimerEvent: {}
[16.702933] (-) TimerEvent: {}
[16.803323] (-) TimerEvent: {}
[16.903737] (-) TimerEvent: {}
[17.004125] (-) TimerEvent: {}
[17.104511] (-) TimerEvent: {}
[17.204909] (-) TimerEvent: {}
[17.305360] (-) TimerEvent: {}
[17.405761] (-) TimerEvent: {}
[17.506453] (-) TimerEvent: {}
[17.606928] (-) TimerEvent: {}
[17.707643] (-) TimerEvent: {}
[17.808044] (-) TimerEvent: {}
[17.908452] (-) TimerEvent: {}
[18.008865] (-) TimerEvent: {}
[18.109256] (-) TimerEvent: {}
[18.209709] (-) TimerEvent: {}
[18.310151] (-) TimerEvent: {}
[18.410593] (-) TimerEvent: {}
[18.511073] (-) TimerEvent: {}
[18.611574] (-) TimerEvent: {}
[18.712031] (-) TimerEvent: {}
[18.812765] (-) TimerEvent: {}
[18.913228] (-) TimerEvent: {}
[19.013660] (-) TimerEvent: {}
[19.114324] (-) TimerEvent: {}
[19.214784] (-) TimerEvent: {}
[19.315266] (-) TimerEvent: {}
[19.416415] (-) TimerEvent: {}
[19.516785] (-) TimerEvent: {}
[19.617935] (-) TimerEvent: {}
[19.718293] (-) TimerEvent: {}
[19.801466] (simple_robot) StdoutLine: {'line': b'[ 25%] \x1b[32m\x1b[1mLinking CXX shared library libgrid_map.so\x1b[0m\n'}
[19.818409] (-) TimerEvent: {}
[19.918791] (-) TimerEvent: {}
[20.019199] (-) TimerEvent: {}
[20.060773] (simple_robot) StdoutLine: {'line': b'[ 33%] \x1b[32m\x1b[1mLinking CXX executable robot_map_node\x1b[0m\n'}
[20.119354] (-) TimerEvent: {}
[20.219952] (-) TimerEvent: {}
[20.220800] (simple_robot) StdoutLine: {'line': b'[ 66%] Built target grid_map\n'}
[20.320078] (-) TimerEvent: {}
[20.420764] (-) TimerEvent: {}
[20.521138] (-) TimerEvent: {}
[20.621619] (-) TimerEvent: {}
[20.723504] (-) TimerEvent: {}
[20.825983] (-) TimerEvent: {}
[20.926558] (-) TimerEvent: {}
[21.029148] (-) TimerEvent: {}
[21.129985] (-) TimerEvent: {}
[21.186384] (simple_robot) StderrLine: {'line': b"/usr/bin/ld: /usr/lib/gcc/x86_64-linux-gnu/11/../../../x86_64-linux-gnu/Scrt1.o: in function `_start':\n"}
[21.186816] (simple_robot) StderrLine: {'line': b"(.text+0x1b): undefined reference to `main'\n"}
[21.230092] (-) TimerEvent: {}
[21.288746] (simple_robot) StderrLine: {'line': b'collect2: error: ld returned 1 exit status\n'}
[21.294668] (simple_robot) StderrLine: {'line': b'gmake[2]: *** [CMakeFiles/robot_map_node.dir/build.make:301: robot_map_node] Error 1\n'}
[21.295909] (simple_robot) StderrLine: {'line': b'gmake[1]: *** [CMakeFiles/Makefile2:154: CMakeFiles/robot_map_node.dir/all] Error 2\n'}
[21.296154] (simple_robot) StderrLine: {'line': b'gmake: *** [Makefile:146: all] Error 2\n'}
[21.304201] (simple_robot) CommandEnded: {'returncode': 2}
[21.330446] (-) TimerEvent: {}
[21.335225] (simple_robot) JobEnded: {'identifier': 'simple_robot', 'rc': 2}
[21.346251] (-) EventReactorShutdown: {}
