[0.028s] Invoking command in '/home/martina/rp_project/robot-programming-project/src/simple_robot/build/simple_robot': CMAKE_PREFIX_PATH=${CMAKE_PREFIX_PATH}:/opt/ros/humble CONDA_PROMPT_MODIFIER=(base) /usr/bin/cmake /home/martina/rp_project/robot-programming-project/src/simple_robot -DCMAKE_INSTALL_PREFIX=/home/martina/rp_project/robot-programming-project/src/simple_robot/install/simple_robot
[0.216s] -- The C compiler identification is GNU 11.4.0
[0.395s] -- The CXX compiler identification is GNU 11.4.0
[0.429s] -- Detecting C compiler ABI info
[0.681s] -- Detecting C compiler ABI info - done
[0.705s] -- Check for working C compiler: /usr/lib/ccache/cc - skipped
[0.711s] -- Detecting C compile features
[0.712s] -- Detecting C compile features - done
[0.717s] -- Detecting CXX compiler ABI info
[0.967s] -- Detecting CXX compiler ABI info - done
[0.991s] -- Check for working CXX compiler: /usr/lib/ccache/c++ - skipped
[0.992s] -- Detecting CXX compile features
[0.994s] -- Detecting CXX compile features - done
[1.020s] -- Found OpenCV: /usr (found suitable version "4.5.4", minimum required is "4.5.4") 
[1.027s] -- Found ament_cmake: 1.3.11 (/opt/ros/humble/share/ament_cmake/cmake)
[1.437s] -- Found Python3: /usr/bin/python3 (found version "3.10.12") found components: Interpreter 
[1.677s] -- Found rclcpp: 16.0.11 (/opt/ros/humble/share/rclcpp/cmake)
[1.784s] -- Found rosidl_generator_c: 3.1.6 (/opt/ros/humble/share/rosidl_generator_c/cmake)
[1.795s] -- Found rosidl_adapter: 3.1.6 (/opt/ros/humble/share/rosidl_adapter/cmake)
[1.824s] -- Found rosidl_generator_cpp: 3.1.6 (/opt/ros/humble/share/rosidl_generator_cpp/cmake)
[1.866s] -- Using all available rosidl_typesupport_c: rosidl_typesupport_fastrtps_c;rosidl_typesupport_introspection_c
[1.912s] -- Using all available rosidl_typesupport_cpp: rosidl_typesupport_fastrtps_cpp;rosidl_typesupport_introspection_cpp
[2.076s] -- Found rmw_implementation_cmake: 6.1.2 (/opt/ros/humble/share/rmw_implementation_cmake/cmake)
[2.090s] -- Found rmw_fastrtps_cpp: 6.2.7 (/opt/ros/humble/share/rmw_fastrtps_cpp/cmake)
[2.363s] -- Found OpenSSL: /usr/lib/x86_64-linux-gnu/libcrypto.so (found version "3.0.2")  
[2.416s] -- Found FastRTPS: /opt/ros/humble/include  
[2.505s] -- Using RMW implementation 'rmw_fastrtps_cpp' as default
[2.520s] -- Looking for pthread.h
[2.710s] -- Looking for pthread.h - found
[2.710s] -- Performing Test CMAKE_HAVE_LIBC_PTHREAD
[2.898s] -- Performing Test CMAKE_HAVE_LIBC_PTHREAD - Success
[2.901s] -- Found Threads: TRUE  
[3.034s] -- Found geometry_msgs: 4.2.4 (/opt/ros/humble/share/geometry_msgs/cmake)
[3.083s] -- Found sensor_msgs: 4.2.4 (/opt/ros/humble/share/sensor_msgs/cmake)
[3.140s] -- Found nav_msgs: 4.2.4 (/opt/ros/humble/share/nav_msgs/cmake)
[3.198s] -- Found OpenCV: /usr (found version "4.5.4") 
[3.371s] -- DATA_DIR: /home/martina/rp_project/robot-programming-project/src/simple_robot/data
[3.371s] -- Configuring done
[3.430s] -- Generating done
[3.450s] -- Build files have been written to: /home/martina/rp_project/robot-programming-project/src/simple_robot/build/simple_robot
[3.492s] Invoked command in '/home/martina/rp_project/robot-programming-project/src/simple_robot/build/simple_robot' returned '0': CMAKE_PREFIX_PATH=${CMAKE_PREFIX_PATH}:/opt/ros/humble CONDA_PROMPT_MODIFIER=(base) /usr/bin/cmake /home/martina/rp_project/robot-programming-project/src/simple_robot -DCMAKE_INSTALL_PREFIX=/home/martina/rp_project/robot-programming-project/src/simple_robot/install/simple_robot
[3.494s] Invoking command in '/home/martina/rp_project/robot-programming-project/src/simple_robot/build/simple_robot': CMAKE_PREFIX_PATH=${CMAKE_PREFIX_PATH}:/opt/ros/humble CONDA_PROMPT_MODIFIER=(base) /usr/bin/cmake --build /home/martina/rp_project/robot-programming-project/src/simple_robot/build/simple_robot -- -j4 -l4
[3.680s] [35m[1mConsolidate compiler generated dependencies of target robot_map_node[0m
[3.717s] [35m[1mConsolidate compiler generated dependencies of target grid_map[0m
[3.855s] [  8%] [32mBuilding CXX object CMakeFiles/robot_map_node.dir/src/main.cpp.o[0m
[3.886s] [ 16%] [32mBuilding CXX object src/CMakeFiles/grid_map.dir/main.cpp.o[0m
[20.878s] [01m[K/home/martina/rp_project/robot-programming-project/src/simple_robot/src/main.cpp:[m[K In constructor ‘[01m[KMapNode::MapNode()[m[K’:
[20.878s] [01m[K/home/martina/rp_project/robot-programming-project/src/simple_robot/src/main.cpp:90:28:[m[K [01;31m[Kerror: [m[Kno matching function for call to ‘[01m[KGridMap::GridMap()[m[K’
[20.878s]    90 | MapNode() : Node("map_node"[01;31m[K)[m[K {
[20.878s]       |                            [01;31m[K^[m[K
[20.879s] In file included from [01m[K/home/martina/rp_project/robot-programming-project/src/simple_robot/src/main.cpp:8[m[K:
[20.879s] [01m[K/home/martina/rp_project/robot-programming-project/src/simple_robot/src/../include/grid_map.h:20:3:[m[K [01;36m[Knote: [m[Kcandidate: ‘[01m[KGridMap::GridMap(int, int, float)[m[K’
[20.879s]    20 |   [01;36m[KGridMap[m[K(int rows, int cols, float resolution);
[20.879s]       |   [01;36m[K^~~~~~~[m[K
[20.879s] [01m[K/home/martina/rp_project/robot-programming-project/src/simple_robot/src/../include/grid_map.h:20:3:[m[K [01;36m[Knote: [m[K  candidate expects 3 arguments, 0 provided
[20.879s] [01m[K/home/martina/rp_project/robot-programming-project/src/simple_robot/src/../include/grid_map.h:17:8:[m[K [01;36m[Knote: [m[Kcandidate: ‘[01m[KGridMap::GridMap(const GridMap&)[m[K’
[20.881s]    17 | struct [01;36m[KGridMap[m[K: public Grid_<uint8_t> {
[20.881s]       |        [01;36m[K^~~~~~~[m[K
[20.882s] [01m[K/home/martina/rp_project/robot-programming-project/src/simple_robot/src/../include/grid_map.h:17:8:[m[K [01;36m[Knote: [m[K  candidate expects 1 argument, 0 provided
[20.883s] [01m[K/home/martina/rp_project/robot-programming-project/src/simple_robot/src/../include/grid_map.h:17:8:[m[K [01;36m[Knote: [m[Kcandidate: ‘[01m[KGridMap::GridMap(GridMap&&)[m[K’
[20.883s] [01m[K/home/martina/rp_project/robot-programming-project/src/simple_robot/src/../include/grid_map.h:17:8:[m[K [01;36m[Knote: [m[K  candidate expects 1 argument, 0 provided
[20.883s] gmake[2]: *** [CMakeFiles/robot_map_node.dir/build.make:132: CMakeFiles/robot_map_node.dir/src/main.cpp.o] Error 1
[20.883s] gmake[1]: *** [CMakeFiles/Makefile2:154: CMakeFiles/robot_map_node.dir/all] Error 2
[20.884s] gmake[1]: *** Waiting for unfinished jobs....
[21.027s] [01m[K/home/martina/rp_project/robot-programming-project/src/simple_robot/src/main.cpp:[m[K In constructor ‘[01m[KMapNode::MapNode()[m[K’:
[21.027s] [01m[K/home/martina/rp_project/robot-programming-project/src/simple_robot/src/main.cpp:90:28:[m[K [01;31m[Kerror: [m[Kno matching function for call to ‘[01m[KGridMap::GridMap()[m[K’
[21.028s]    90 | MapNode() : Node("map_node"[01;31m[K)[m[K {
[21.028s]       |                            [01;31m[K^[m[K
[21.028s] In file included from [01m[K/home/martina/rp_project/robot-programming-project/src/simple_robot/src/main.cpp:8[m[K:
[21.028s] [01m[K/home/martina/rp_project/robot-programming-project/src/simple_robot/src/../include/grid_map.h:20:3:[m[K [01;36m[Knote: [m[Kcandidate: ‘[01m[KGridMap::GridMap(int, int, float)[m[K’
[21.028s]    20 |   [01;36m[KGridMap[m[K(int rows, int cols, float resolution);
[21.028s]       |   [01;36m[K^~~~~~~[m[K
[21.029s] [01m[K/home/martina/rp_project/robot-programming-project/src/simple_robot/src/../include/grid_map.h:20:3:[m[K [01;36m[Knote: [m[K  candidate expects 3 arguments, 0 provided
[21.029s] [01m[K/home/martina/rp_project/robot-programming-project/src/simple_robot/src/../include/grid_map.h:17:8:[m[K [01;36m[Knote: [m[Kcandidate: ‘[01m[KGridMap::GridMap(const GridMap&)[m[K’
[21.029s]    17 | struct [01;36m[KGridMap[m[K: public Grid_<uint8_t> {
[21.029s]       |        [01;36m[K^~~~~~~[m[K
[21.030s] [01m[K/home/martina/rp_project/robot-programming-project/src/simple_robot/src/../include/grid_map.h:17:8:[m[K [01;36m[Knote: [m[K  candidate expects 1 argument, 0 provided
[21.030s] [01m[K/home/martina/rp_project/robot-programming-project/src/simple_robot/src/../include/grid_map.h:17:8:[m[K [01;36m[Knote: [m[Kcandidate: ‘[01m[KGridMap::GridMap(GridMap&&)[m[K’
[21.030s] [01m[K/home/martina/rp_project/robot-programming-project/src/simple_robot/src/../include/grid_map.h:17:8:[m[K [01;36m[Knote: [m[K  candidate expects 1 argument, 0 provided
[21.034s] gmake[2]: *** [src/CMakeFiles/grid_map.dir/build.make:132: src/CMakeFiles/grid_map.dir/main.cpp.o] Error 1
[21.035s] gmake[1]: *** [CMakeFiles/Makefile2:180: src/CMakeFiles/grid_map.dir/all] Error 2
[21.036s] gmake: *** [Makefile:146: all] Error 2
[21.042s] Invoked command in '/home/martina/rp_project/robot-programming-project/src/simple_robot/build/simple_robot' returned '2': CMAKE_PREFIX_PATH=${CMAKE_PREFIX_PATH}:/opt/ros/humble CONDA_PROMPT_MODIFIER=(base) /usr/bin/cmake --build /home/martina/rp_project/robot-programming-project/src/simple_robot/build/simple_robot -- -j4 -l4
