[0.000000] (-) TimerEvent: {}
[0.000845] (simple_robot) JobQueued: {'identifier': 'simple_robot', 'dependencies': OrderedDict()}
[0.000951] (simple_robot) JobStarted: {'identifier': 'simple_robot'}
[0.020995] (simple_robot) JobProgress: {'identifier': 'simple_robot', 'progress': 'cmake'}
[0.021672] (simple_robot) Command: {'cmd': ['/usr/bin/cmake', '/home/martina/rp_project/robot-programming-project/src/simple_robot', '-DCMAKE_INSTALL_PREFIX=/home/martina/rp_project/robot-programming-project/src/simple_robot/install/simple_robot'], 'cwd': '/home/martina/rp_project/robot-programming-project/src/simple_robot/build/simple_robot', 'env': OrderedDict([('GJS_DEBUG_TOPICS', 'JS ERROR;JS LOG'), ('LESSOPEN', '| /usr/bin/env /usr/bin/lesspipe %s 2>/dev/null'), ('CONDA_PROMPT_MODIFIER', '(base)'), ('LC_TIME', 'it_IT.UTF-8'), ('USER', 'martina'), ('XDG_SESSION_TYPE', 'wayland'), ('GIT_ASKPASS', '/usr/share/code/resources/app/extensions/git/dist/askpass.sh'), ('SHLVL', '2'), ('LD_LIBRARY_PATH', '/opt/ros/humble/opt/rviz_ogre_vendor/lib:/opt/ros/humble/lib/x86_64-linux-gnu:/opt/ros/humble/lib::/home/martina/.mujoco/mujoco210/bin:/usr/lib/nvidia:~/anaconda3/lib'), ('HOME', '/home/martina'), ('OLDPWD', '/home/martina/rp_project/robot-programming-project/src/simple_robot'), ('CHROME_DESKTOP', 'code.desktop'), ('TERMINFO', '/home/martina/.terminfo'), ('LESS', '-iRFXMx4'), ('CONDA_SHLVL', '1'), ('DESKTOP_SESSION', 'ubuntu'), ('TERM_PROGRAM_VERSION', '1.97.2'), ('GIO_LAUNCHED_DESKTOP_FILE', '/usr/share/applications/code.desktop'), ('LSCOLORS', 'ExGxDxDxCxDxDxFxFxexEx'), ('GTK_MODULES', 'gail:atk-bridge'), ('GNOME_SHELL_SESSION_MODE', 'ubuntu'), ('VSCODE_GIT_ASKPASS_MAIN', '/usr/share/code/resources/app/extensions/git/dist/askpass-main.js'), ('PAGER', 'less'), ('ROS_PYTHON_VERSION', '3'), ('LC_MONETARY', 'it_IT.UTF-8'), ('MANAGERPID', '887'), ('VSCODE_GIT_ASKPASS_NODE', '/usr/share/code/code'), ('SYSTEMD_EXEC_PID', '1152'), ('DBUS_SESSION_BUS_ADDRESS', 'unix:path=/run/user/1000/bus'), ('P9K_TTY', 'old'), ('GIO_LAUNCHED_DESKTOP_FILE_PID', '3260'), ('COLORTERM', 'truecolor'), ('_CE_M', ''), ('WAYLAND_DISPLAY', 'wayland-0'), ('INFOPATH', ''), ('ROS_DISTRO', 'humble'), ('COLCON_PREFIX_PATH', '/home/martina/rp_project/robot-programming-project/src/simple_robot/install:/home/martina/rp_project/robot-programming-project/install'), ('LOGNAME', 'martina'), ('_', '/usr/bin/colcon'), ('JOURNAL_STREAM', '8:11413'), ('_P9K_SSH_TTY', '/dev/pts/3'), ('XDG_SESSION_CLASS', 'user'), ('USER_ZDOTDIR', '/home/martina'), ('ROS_VERSION', '2'), ('USERNAME', 'martina'), ('TERM', 'xterm-256color'), ('GNOME_DESKTOP_SESSION_ID', 'this-is-deprecated'), ('_CE_CONDA', ''), ('ROS_LOCALHOST_ONLY', '0'), ('PATH', '/opt/ros/humble/bin:/home/martina/.local/bin:/home/martina/.local/bin:/usr/lib/ccache:.:/home/martina/.mujoco/mujoco210/bin:/usr/lib/nvidia:/home/martina/anaconda3/condabin:/home/martina/bin:/home/martina/.local/bin:/usr/local/sbin:/usr/local/bin:/usr/sbin:/usr/bin:/sbin:/bin:/usr/games:/usr/local/games:/snap/bin:/home/martina/.cache/zsh4humans/v5/fzf/bin:/home/martina/other/install/bin'), ('SESSION_MANAGER', 'local/Martina-ThinkPad-X1-Yoga:@/tmp/.ICE-unix/1105,unix/Martina-ThinkPad-X1-Yoga:/tmp/.ICE-unix/1105'), ('INVOCATION_ID', 'abb78b4b018940349bd4da4c8fed9753'), ('LC_ADDRESS', 'it_IT.UTF-8'), ('XDG_RUNTIME_DIR', '/run/user/1000'), ('XDG_MENU_PREFIX', 'gnome-'), ('GNOME_SETUP_DISPLAY', ':1'), ('GDK_BACKEND', 'x11'), ('DISPLAY', ':0'), ('LANG', 'en_US.UTF-8'), ('LC_TELEPHONE', 'it_IT.UTF-8'), ('XDG_CURRENT_DESKTOP', 'Unity'), ('VSCODE_INJECTION', '1'), ('LD_PRELOAD', ':/usr/lib/x86_64-linux-gnu/libGLEW.so'), ('XDG_SESSION_DESKTOP', 'ubuntu'), ('XMODIFIERS', '@im=ibus'), ('XAUTHORITY', '/run/user/1000/.mutter-Xwaylandauth.L52E22'), ('TERM_PROGRAM', 'vscode'), ('VSCODE_GIT_IPC_HANDLE', '/run/user/1000/vscode-git-f640f2b3f6.sock'), ('LS_COLORS', 'fi=00:mi=00:mh=00:ln=01;36:or=01;31:di=01;34:ow=04;01;34:st=34:tw=04;34:pi=01;33:so=01;33:do=01;33:bd=01;33:cd=01;33:su=01;35:sg=01;35:ca=01;35:ex=01;32:no=38;5;248'), ('TREE_COLORS', 'fi=00:mi=00:mh=00:ln=01;36:or=01;31:di=01;34:ow=01;34:st=34:tw=34:pi=01;33:so=01;33:do=01;33:bd=01;33:cd=01;33:su=01;35:sg=01;35:ca=01;35:ex=01;32'), ('SSH_AGENT_LAUNCHER', 'gnome-keyring'), ('SSH_AUTH_SOCK', '/run/user/1000/keyring/ssh'), ('ORIGINAL_XDG_CURRENT_DESKTOP', 'ubuntu:GNOME'), ('CONDA_PYTHON_EXE', '/home/martina/anaconda3/bin/python'), ('AMENT_PREFIX_PATH', '/home/martina/rp_project/robot-programming-project/src/simple_robot/install/simple_robot:/home/martina/rp_project/robot-programming-project/install/simple_robot:/opt/ros/humble'), ('LC_NAME', 'it_IT.UTF-8'), ('SHELL', '/usr/local/bin/zsh'), ('DEST', '/home/martina/other/install'), ('QT_ACCESSIBILITY', '1'), ('GDMSESSION', 'ubuntu'), ('CONDA_DEFAULT_ENV', 'base'), ('LC_MEASUREMENT', 'it_IT.UTF-8'), ('LC_IDENTIFICATION', 'it_IT.UTF-8'), ('GJS_DEBUG_OUTPUT', 'stderr'), ('P9K_SSH', '0'), ('QT_IM_MODULE', 'ibus'), ('VSCODE_GIT_ASKPASS_EXTRA_ARGS', ''), ('VSCODE_NONCE', '1ad4f682-72d1-4075-8257-e4257286b7b3'), ('LC_ALL', 'en_US.UTF-8'), ('PWD', '/home/martina/rp_project/robot-programming-project/src/simple_robot/build/simple_robot'), ('GPG_TTY', '/dev/pts/3'), ('XDG_DATA_DIRS', '/usr/local/share/:/usr/share/:/var/lib/snapd/desktop'), ('ZDOTDIR', '/home/martina'), ('_P9K_TTY', '/dev/pts/3'), ('CONDA_EXE', '/home/martina/anaconda3/bin/conda'), ('LC_NUMERIC', 'it_IT.UTF-8'), ('PYTHONPATH', '/opt/ros/humble/lib/python3.10/site-packages:/opt/ros/humble/local/lib/python3.10/dist-packages:/home/martina/other/install/lib/python3.10/site-packages/'), ('LC_PAPER', 'it_IT.UTF-8'), ('CONDA_PREFIX', '/home/martina/anaconda3'), ('COLCON', '1'), ('MANPATH', '/usr/local/share/man:/home/martina/.cache/zsh4humans/v5/fzf/man:'), ('CMAKE_PREFIX_PATH', '/home/martina/rp_project/robot-programming-project/src/simple_robot/install/simple_robot:/home/martina/rp_project/robot-programming-project/install/simple_robot:/opt/ros/humble')]), 'shell': False}
[0.099495] (-) TimerEvent: {}
[0.167057] (simple_robot) StdoutLine: {'line': b'-- The C compiler identification is GNU 11.4.0\n'}
[0.199621] (-) TimerEvent: {}
[0.299990] (-) TimerEvent: {}
[0.331961] (simple_robot) StdoutLine: {'line': b'-- The CXX compiler identification is GNU 11.4.0\n'}
[0.364458] (simple_robot) StdoutLine: {'line': b'-- Detecting C compiler ABI info\n'}
[0.400880] (-) TimerEvent: {}
[0.501664] (-) TimerEvent: {}
[0.535206] (simple_robot) StdoutLine: {'line': b'-- Detecting C compiler ABI info - done\n'}
[0.555414] (simple_robot) StdoutLine: {'line': b'-- Check for working C compiler: /usr/lib/ccache/cc - skipped\n'}
[0.555821] (simple_robot) StdoutLine: {'line': b'-- Detecting C compile features\n'}
[0.556689] (simple_robot) StdoutLine: {'line': b'-- Detecting C compile features - done\n'}
[0.563021] (simple_robot) StdoutLine: {'line': b'-- Detecting CXX compiler ABI info\n'}
[0.602187] (-) TimerEvent: {}
[0.704233] (-) TimerEvent: {}
[0.798357] (simple_robot) StdoutLine: {'line': b'-- Detecting CXX compiler ABI info - done\n'}
[0.805237] (-) TimerEvent: {}
[0.828934] (simple_robot) StdoutLine: {'line': b'-- Check for working CXX compiler: /usr/lib/ccache/c++ - skipped\n'}
[0.829915] (simple_robot) StdoutLine: {'line': b'-- Detecting CXX compile features\n'}
[0.831227] (simple_robot) StdoutLine: {'line': b'-- Detecting CXX compile features - done\n'}
[0.857015] (simple_robot) StdoutLine: {'line': b'-- Found OpenCV: /usr (found suitable version "4.5.4", minimum required is "4.5.4") \n'}
[0.862086] (simple_robot) StdoutLine: {'line': b'-- Found ament_cmake: 1.3.11 (/opt/ros/humble/share/ament_cmake/cmake)\n'}
[0.905363] (-) TimerEvent: {}
[1.005737] (-) TimerEvent: {}
[1.106128] (-) TimerEvent: {}
[1.195441] (simple_robot) StdoutLine: {'line': b'-- Found Python3: /usr/bin/python3 (found version "3.10.12") found components: Interpreter \n'}
[1.206265] (-) TimerEvent: {}
[1.306626] (-) TimerEvent: {}
[1.390676] (simple_robot) StdoutLine: {'line': b'-- Found rclcpp: 16.0.11 (/opt/ros/humble/share/rclcpp/cmake)\n'}
[1.406755] (-) TimerEvent: {}
[1.469051] (simple_robot) StdoutLine: {'line': b'-- Found rosidl_generator_c: 3.1.6 (/opt/ros/humble/share/rosidl_generator_c/cmake)\n'}
[1.477567] (simple_robot) StdoutLine: {'line': b'-- Found rosidl_adapter: 3.1.6 (/opt/ros/humble/share/rosidl_adapter/cmake)\n'}
[1.491563] (simple_robot) StdoutLine: {'line': b'-- Found rosidl_generator_cpp: 3.1.6 (/opt/ros/humble/share/rosidl_generator_cpp/cmake)\n'}
[1.506918] (-) TimerEvent: {}
[1.522207] (simple_robot) StdoutLine: {'line': b'-- Using all available rosidl_typesupport_c: rosidl_typesupport_fastrtps_c;rosidl_typesupport_introspection_c\n'}
[1.555799] (simple_robot) StdoutLine: {'line': b'-- Using all available rosidl_typesupport_cpp: rosidl_typesupport_fastrtps_cpp;rosidl_typesupport_introspection_cpp\n'}
[1.607020] (-) TimerEvent: {}
[1.635707] (simple_robot) StdoutLine: {'line': b'-- Found rmw_implementation_cmake: 6.1.2 (/opt/ros/humble/share/rmw_implementation_cmake/cmake)\n'}
[1.641985] (simple_robot) StdoutLine: {'line': b'-- Found rmw_fastrtps_cpp: 6.2.7 (/opt/ros/humble/share/rmw_fastrtps_cpp/cmake)\n'}
[1.707164] (-) TimerEvent: {}
[1.807574] (-) TimerEvent: {}
[1.879188] (simple_robot) StdoutLine: {'line': b'-- Found OpenSSL: /usr/lib/x86_64-linux-gnu/libcrypto.so (found version "3.0.2")  \n'}
[1.907690] (-) TimerEvent: {}
[1.939170] (simple_robot) StdoutLine: {'line': b'-- Found FastRTPS: /opt/ros/humble/include  \n'}
[2.007831] (-) TimerEvent: {}
[2.025257] (simple_robot) StdoutLine: {'line': b"-- Using RMW implementation 'rmw_fastrtps_cpp' as default\n"}
[2.041442] (simple_robot) StdoutLine: {'line': b'-- Looking for pthread.h\n'}
[2.107955] (-) TimerEvent: {}
[2.198711] (simple_robot) StdoutLine: {'line': b'-- Looking for pthread.h - found\n'}
[2.199208] (simple_robot) StdoutLine: {'line': b'-- Performing Test CMAKE_HAVE_LIBC_PTHREAD\n'}
[2.208069] (-) TimerEvent: {}
[2.308449] (-) TimerEvent: {}
[2.363986] (simple_robot) StdoutLine: {'line': b'-- Performing Test CMAKE_HAVE_LIBC_PTHREAD - Success\n'}
[2.369768] (simple_robot) StdoutLine: {'line': b'-- Found Threads: TRUE  \n'}
[2.409731] (-) TimerEvent: {}
[2.510239] (-) TimerEvent: {}
[2.520637] (simple_robot) StdoutLine: {'line': b'-- Found OpenCV: /usr (found version "4.5.4") \n'}
[2.610345] (-) TimerEvent: {}
[2.673127] (simple_robot) StdoutLine: {'line': b'-- DATA_DIR: /home/martina/rp_project/robot-programming-project/src/simple_robot/data\n'}
[2.673648] (simple_robot) StdoutLine: {'line': b'-- Configuring done\n'}
[2.710474] (-) TimerEvent: {}
[2.758177] (simple_robot) StdoutLine: {'line': b'-- Generating done\n'}
[2.780594] (simple_robot) StdoutLine: {'line': b'-- Build files have been written to: /home/martina/rp_project/robot-programming-project/src/simple_robot/build/simple_robot\n'}
[2.808493] (simple_robot) CommandEnded: {'returncode': 0}
[2.810017] (simple_robot) JobProgress: {'identifier': 'simple_robot', 'progress': 'build'}
[2.811822] (-) TimerEvent: {}
[2.814038] (simple_robot) Command: {'cmd': ['/usr/bin/cmake', '--build', '/home/martina/rp_project/robot-programming-project/src/simple_robot/build/simple_robot', '--', '-j4', '-l4'], 'cwd': '/home/martina/rp_project/robot-programming-project/src/simple_robot/build/simple_robot', 'env': OrderedDict([('GJS_DEBUG_TOPICS', 'JS ERROR;JS LOG'), ('LESSOPEN', '| /usr/bin/env /usr/bin/lesspipe %s 2>/dev/null'), ('CONDA_PROMPT_MODIFIER', '(base)'), ('LC_TIME', 'it_IT.UTF-8'), ('USER', 'martina'), ('XDG_SESSION_TYPE', 'wayland'), ('GIT_ASKPASS', '/usr/share/code/resources/app/extensions/git/dist/askpass.sh'), ('SHLVL', '2'), ('LD_LIBRARY_PATH', '/opt/ros/humble/opt/rviz_ogre_vendor/lib:/opt/ros/humble/lib/x86_64-linux-gnu:/opt/ros/humble/lib::/home/martina/.mujoco/mujoco210/bin:/usr/lib/nvidia:~/anaconda3/lib'), ('HOME', '/home/martina'), ('OLDPWD', '/home/martina/rp_project/robot-programming-project/src/simple_robot'), ('CHROME_DESKTOP', 'code.desktop'), ('TERMINFO', '/home/martina/.terminfo'), ('LESS', '-iRFXMx4'), ('CONDA_SHLVL', '1'), ('DESKTOP_SESSION', 'ubuntu'), ('TERM_PROGRAM_VERSION', '1.97.2'), ('GIO_LAUNCHED_DESKTOP_FILE', '/usr/share/applications/code.desktop'), ('LSCOLORS', 'ExGxDxDxCxDxDxFxFxexEx'), ('GTK_MODULES', 'gail:atk-bridge'), ('GNOME_SHELL_SESSION_MODE', 'ubuntu'), ('VSCODE_GIT_ASKPASS_MAIN', '/usr/share/code/resources/app/extensions/git/dist/askpass-main.js'), ('PAGER', 'less'), ('ROS_PYTHON_VERSION', '3'), ('LC_MONETARY', 'it_IT.UTF-8'), ('MANAGERPID', '887'), ('VSCODE_GIT_ASKPASS_NODE', '/usr/share/code/code'), ('SYSTEMD_EXEC_PID', '1152'), ('DBUS_SESSION_BUS_ADDRESS', 'unix:path=/run/user/1000/bus'), ('P9K_TTY', 'old'), ('GIO_LAUNCHED_DESKTOP_FILE_PID', '3260'), ('COLORTERM', 'truecolor'), ('_CE_M', ''), ('WAYLAND_DISPLAY', 'wayland-0'), ('INFOPATH', ''), ('ROS_DISTRO', 'humble'), ('COLCON_PREFIX_PATH', '/home/martina/rp_project/robot-programming-project/src/simple_robot/install:/home/martina/rp_project/robot-programming-project/install'), ('LOGNAME', 'martina'), ('_', '/usr/bin/colcon'), ('JOURNAL_STREAM', '8:11413'), ('_P9K_SSH_TTY', '/dev/pts/3'), ('XDG_SESSION_CLASS', 'user'), ('USER_ZDOTDIR', '/home/martina'), ('ROS_VERSION', '2'), ('USERNAME', 'martina'), ('TERM', 'xterm-256color'), ('GNOME_DESKTOP_SESSION_ID', 'this-is-deprecated'), ('_CE_CONDA', ''), ('ROS_LOCALHOST_ONLY', '0'), ('PATH', '/opt/ros/humble/bin:/home/martina/.local/bin:/home/martina/.local/bin:/usr/lib/ccache:.:/home/martina/.mujoco/mujoco210/bin:/usr/lib/nvidia:/home/martina/anaconda3/condabin:/home/martina/bin:/home/martina/.local/bin:/usr/local/sbin:/usr/local/bin:/usr/sbin:/usr/bin:/sbin:/bin:/usr/games:/usr/local/games:/snap/bin:/home/martina/.cache/zsh4humans/v5/fzf/bin:/home/martina/other/install/bin'), ('SESSION_MANAGER', 'local/Martina-ThinkPad-X1-Yoga:@/tmp/.ICE-unix/1105,unix/Martina-ThinkPad-X1-Yoga:/tmp/.ICE-unix/1105'), ('INVOCATION_ID', 'abb78b4b018940349bd4da4c8fed9753'), ('LC_ADDRESS', 'it_IT.UTF-8'), ('XDG_RUNTIME_DIR', '/run/user/1000'), ('XDG_MENU_PREFIX', 'gnome-'), ('GNOME_SETUP_DISPLAY', ':1'), ('GDK_BACKEND', 'x11'), ('DISPLAY', ':0'), ('LANG', 'en_US.UTF-8'), ('LC_TELEPHONE', 'it_IT.UTF-8'), ('XDG_CURRENT_DESKTOP', 'Unity'), ('VSCODE_INJECTION', '1'), ('LD_PRELOAD', ':/usr/lib/x86_64-linux-gnu/libGLEW.so'), ('XDG_SESSION_DESKTOP', 'ubuntu'), ('XMODIFIERS', '@im=ibus'), ('XAUTHORITY', '/run/user/1000/.mutter-Xwaylandauth.L52E22'), ('TERM_PROGRAM', 'vscode'), ('VSCODE_GIT_IPC_HANDLE', '/run/user/1000/vscode-git-f640f2b3f6.sock'), ('LS_COLORS', 'fi=00:mi=00:mh=00:ln=01;36:or=01;31:di=01;34:ow=04;01;34:st=34:tw=04;34:pi=01;33:so=01;33:do=01;33:bd=01;33:cd=01;33:su=01;35:sg=01;35:ca=01;35:ex=01;32:no=38;5;248'), ('TREE_COLORS', 'fi=00:mi=00:mh=00:ln=01;36:or=01;31:di=01;34:ow=01;34:st=34:tw=34:pi=01;33:so=01;33:do=01;33:bd=01;33:cd=01;33:su=01;35:sg=01;35:ca=01;35:ex=01;32'), ('SSH_AGENT_LAUNCHER', 'gnome-keyring'), ('SSH_AUTH_SOCK', '/run/user/1000/keyring/ssh'), ('ORIGINAL_XDG_CURRENT_DESKTOP', 'ubuntu:GNOME'), ('CONDA_PYTHON_EXE', '/home/martina/anaconda3/bin/python'), ('AMENT_PREFIX_PATH', '/home/martina/rp_project/robot-programming-project/src/simple_robot/install/simple_robot:/home/martina/rp_project/robot-programming-project/install/simple_robot:/opt/ros/humble'), ('LC_NAME', 'it_IT.UTF-8'), ('SHELL', '/usr/local/bin/zsh'), ('DEST', '/home/martina/other/install'), ('QT_ACCESSIBILITY', '1'), ('GDMSESSION', 'ubuntu'), ('CONDA_DEFAULT_ENV', 'base'), ('LC_MEASUREMENT', 'it_IT.UTF-8'), ('LC_IDENTIFICATION', 'it_IT.UTF-8'), ('GJS_DEBUG_OUTPUT', 'stderr'), ('P9K_SSH', '0'), ('QT_IM_MODULE', 'ibus'), ('VSCODE_GIT_ASKPASS_EXTRA_ARGS', ''), ('VSCODE_NONCE', '1ad4f682-72d1-4075-8257-e4257286b7b3'), ('LC_ALL', 'en_US.UTF-8'), ('PWD', '/home/martina/rp_project/robot-programming-project/src/simple_robot/build/simple_robot'), ('GPG_TTY', '/dev/pts/3'), ('XDG_DATA_DIRS', '/usr/local/share/:/usr/share/:/var/lib/snapd/desktop'), ('ZDOTDIR', '/home/martina'), ('_P9K_TTY', '/dev/pts/3'), ('CONDA_EXE', '/home/martina/anaconda3/bin/conda'), ('LC_NUMERIC', 'it_IT.UTF-8'), ('PYTHONPATH', '/opt/ros/humble/lib/python3.10/site-packages:/opt/ros/humble/local/lib/python3.10/dist-packages:/home/martina/other/install/lib/python3.10/site-packages/'), ('LC_PAPER', 'it_IT.UTF-8'), ('CONDA_PREFIX', '/home/martina/anaconda3'), ('COLCON', '1'), ('MANPATH', '/usr/local/share/man:/home/martina/.cache/zsh4humans/v5/fzf/man:'), ('CMAKE_PREFIX_PATH', '/home/martina/rp_project/robot-programming-project/src/simple_robot/install/simple_robot:/home/martina/rp_project/robot-programming-project/install/simple_robot:/opt/ros/humble')]), 'shell': False}
[2.914658] (-) TimerEvent: {}
[3.011240] (simple_robot) StdoutLine: {'line': b'\x1b[35m\x1b[1mConsolidate compiler generated dependencies of target grid_map\x1b[0m\n'}
[3.015717] (-) TimerEvent: {}
[3.019881] (simple_robot) StdoutLine: {'line': b'[  5%] \x1b[32mBuilding CXX object CMakeFiles/robot_node.dir/src/robot_node.cpp.o\x1b[0m\n'}
[3.079585] (simple_robot) StdoutLine: {'line': b'\x1b[35m\x1b[1mConsolidate compiler generated dependencies of target robot_map_node\x1b[0m\n'}
[3.121260] (-) TimerEvent: {}
[3.140658] (simple_robot) StdoutLine: {'line': b'[ 10%] \x1b[32mBuilding CXX object src/CMakeFiles/grid_map.dir/grid_map.cpp.o\x1b[0m\n'}
[3.154995] (simple_robot) StdoutLine: {'line': b'[ 15%] \x1b[32mBuilding CXX object src/CMakeFiles/grid_map.dir/map_utils.cpp.o\x1b[0m\n'}
[3.221388] (-) TimerEvent: {}
[3.239715] (simple_robot) StdoutLine: {'line': b'[ 21%] \x1b[32mBuilding CXX object CMakeFiles/robot_map_node.dir/src/main.cpp.o\x1b[0m\n'}
[3.326201] (-) TimerEvent: {}
[3.426720] (-) TimerEvent: {}
[3.527184] (-) TimerEvent: {}
[3.631691] (-) TimerEvent: {}
[3.732424] (-) TimerEvent: {}
[3.835429] (-) TimerEvent: {}
[3.936565] (-) TimerEvent: {}
[4.042309] (-) TimerEvent: {}
[4.144845] (-) TimerEvent: {}
[4.247190] (-) TimerEvent: {}
[4.348738] (-) TimerEvent: {}
[4.451409] (-) TimerEvent: {}
[4.555143] (-) TimerEvent: {}
[4.656241] (-) TimerEvent: {}
[4.757848] (-) TimerEvent: {}
[4.858297] (-) TimerEvent: {}
[4.919603] (simple_robot) StdoutLine: {'line': b'[ 26%] \x1b[32mBuilding CXX object src/CMakeFiles/grid_map.dir/robot.cpp.o\x1b[0m\n'}
[4.958211] (simple_robot) StderrLine: {'line': b'\x1b[01m\x1b[K/home/martina/rp_project/robot-programming-project/src/simple_robot/src/robot_node.cpp:3:10:\x1b[m\x1b[K \x1b[01;31m\x1b[Kfatal error: \x1b[m\x1b[Kgeometry_msgs/msg/pose2_d.hpp: No such file or directory\n'}
[4.958599] (-) TimerEvent: {}
[4.958793] (simple_robot) StderrLine: {'line': b'    3 | #include \x1b[01;31m\x1b[K"geometry_msgs/msg/pose2_d.hpp"\x1b[m\x1b[K\n'}
[4.958988] (simple_robot) StderrLine: {'line': b'      |          \x1b[01;31m\x1b[K^~~~~~~~~~~~~~~~~~~~~~~~~~~~~~~\x1b[m\x1b[K\n'}
[4.959180] (simple_robot) StderrLine: {'line': b'compilation terminated.\n'}
[4.976191] (simple_robot) StderrLine: {'line': b'gmake[2]: *** [CMakeFiles/robot_node.dir/build.make:76: CMakeFiles/robot_node.dir/src/robot_node.cpp.o] Error 1\n'}
[4.976570] (simple_robot) StderrLine: {'line': b'gmake[1]: *** [CMakeFiles/Makefile2:176: CMakeFiles/robot_node.dir/all] Error 2\n'}
[4.976770] (simple_robot) StderrLine: {'line': b'gmake[1]: *** Waiting for unfinished jobs....\n'}
[5.057311] (simple_robot) StdoutLine: {'line': b'[ 31%] \x1b[32mBuilding CXX object src/CMakeFiles/grid_map.dir/dmap.cpp.o\x1b[0m\n'}
[5.061912] (-) TimerEvent: {}
[5.162285] (-) TimerEvent: {}
[5.265113] (-) TimerEvent: {}
[5.365504] (-) TimerEvent: {}
[5.395182] (simple_robot) StdoutLine: {'line': b'[ 36%] \x1b[32mBuilding CXX object src/CMakeFiles/grid_map.dir/main.cpp.o\x1b[0m\n'}
[5.465611] (-) TimerEvent: {}
[5.569175] (-) TimerEvent: {}
[5.669646] (-) TimerEvent: {}
[5.770076] (-) TimerEvent: {}
[5.872392] (-) TimerEvent: {}
[5.965581] (simple_robot) StderrLine: {'line': b'\x1b[01m\x1b[K/home/martina/rp_project/robot-programming-project/src/simple_robot/src/main.cpp:3:10:\x1b[m\x1b[K \x1b[01;31m\x1b[Kfatal error: \x1b[m\x1b[Kstd_msgs/msg/float32.hpp: No such file or directory\n'}
[5.965938] (simple_robot) StderrLine: {'line': b'    3 | #include \x1b[01;31m\x1b[K"std_msgs/msg/float32.hpp"\x1b[m\x1b[K\n'}
[5.966163] (simple_robot) StderrLine: {'line': b'      |          \x1b[01;31m\x1b[K^~~~~~~~~~~~~~~~~~~~~~~~~~\x1b[m\x1b[K\n'}
[5.966344] (simple_robot) StderrLine: {'line': b'compilation terminated.\n'}
[5.976334] (-) TimerEvent: {}
[5.984389] (simple_robot) StderrLine: {'line': b'gmake[2]: *** [CMakeFiles/robot_map_node.dir/build.make:132: CMakeFiles/robot_map_node.dir/src/main.cpp.o] Error 1\n'}
[5.984730] (simple_robot) StderrLine: {'line': b'gmake[1]: *** [CMakeFiles/Makefile2:202: CMakeFiles/robot_map_node.dir/all] Error 2\n'}
[6.072162] (simple_robot) StdoutLine: {'line': b'[ 42%] \x1b[32mBuilding CXX object src/CMakeFiles/grid_map.dir/robot_node.cpp.o\x1b[0m\n'}
[6.076443] (-) TimerEvent: {}
[6.181171] (-) TimerEvent: {}
[6.281627] (-) TimerEvent: {}
[6.384170] (-) TimerEvent: {}
[6.487387] (-) TimerEvent: {}
[6.587805] (-) TimerEvent: {}
[6.690189] (-) TimerEvent: {}
[6.790817] (-) TimerEvent: {}
[6.891760] (-) TimerEvent: {}
[6.993792] (-) TimerEvent: {}
[7.045890] (simple_robot) StderrLine: {'line': b'\x1b[01m\x1b[K/home/martina/rp_project/robot-programming-project/src/simple_robot/src/main.cpp:3:10:\x1b[m\x1b[K \x1b[01;31m\x1b[Kfatal error: \x1b[m\x1b[Kstd_msgs/msg/float32.hpp: No such file or directory\n'}
[7.046237] (simple_robot) StderrLine: {'line': b'    3 | #include \x1b[01;31m\x1b[K"std_msgs/msg/float32.hpp"\x1b[m\x1b[K\n'}
[7.046419] (simple_robot) StderrLine: {'line': b'      |          \x1b[01;31m\x1b[K^~~~~~~~~~~~~~~~~~~~~~~~~~\x1b[m\x1b[K\n'}
[7.049669] (simple_robot) StderrLine: {'line': b'compilation terminated.\n'}
[7.058543] (simple_robot) StderrLine: {'line': b'gmake[2]: *** [src/CMakeFiles/grid_map.dir/build.make:132: src/CMakeFiles/grid_map.dir/main.cpp.o] Error 1\n'}
[7.060108] (simple_robot) StderrLine: {'line': b'gmake[2]: *** Waiting for unfinished jobs....\n'}
[7.093943] (-) TimerEvent: {}
[7.195376] (-) TimerEvent: {}
[7.295801] (-) TimerEvent: {}
[7.393210] (simple_robot) StderrLine: {'line': b'\x1b[01m\x1b[K/home/martina/rp_project/robot-programming-project/src/simple_robot/src/robot_node.cpp:2:10:\x1b[m\x1b[K \x1b[01;31m\x1b[Kfatal error: \x1b[m\x1b[Kstd_msgs/msg/float32.hpp: No such file or directory\n'}
[7.395144] (simple_robot) StderrLine: {'line': b'    2 | #include \x1b[01;31m\x1b[K"std_msgs/msg/float32.hpp"\x1b[m\x1b[K\n'}
[7.395505] (simple_robot) StderrLine: {'line': b'      |          \x1b[01;31m\x1b[K^~~~~~~~~~~~~~~~~~~~~~~~~~\x1b[m\x1b[K\n'}
[7.395720] (simple_robot) StderrLine: {'line': b'compilation terminated.\n'}
[7.395906] (-) TimerEvent: {}
[7.402109] (simple_robot) StderrLine: {'line': b'gmake[2]: *** [src/CMakeFiles/grid_map.dir/build.make:146: src/CMakeFiles/grid_map.dir/robot_node.cpp.o] Error 1\n'}
[7.403480] (simple_robot) StderrLine: {'line': b'gmake[1]: *** [CMakeFiles/Makefile2:228: src/CMakeFiles/grid_map.dir/all] Error 2\n'}
[7.403819] (simple_robot) StderrLine: {'line': b'gmake: *** [Makefile:146: all] Error 2\n'}
[7.407721] (simple_robot) CommandEnded: {'returncode': 2}
[7.436857] (simple_robot) JobEnded: {'identifier': 'simple_robot', 'rc': 2}
[7.447839] (-) EventReactorShutdown: {}
