[0.000000] (-) TimerEvent: {}
[0.000690] (simple_robot) JobQueued: {'identifier': 'simple_robot', 'dependencies': OrderedDict()}
[0.000777] (simple_robot) JobStarted: {'identifier': 'simple_robot'}
[0.026334] (simple_robot) JobProgress: {'identifier': 'simple_robot', 'progress': 'cmake'}
[0.027306] (simple_robot) Command: {'cmd': ['/usr/bin/cmake', '/home/martina/rp_project/robot-programming-project/src/simple_robot', '-DCMAKE_INSTALL_PREFIX=/home/martina/rp_project/robot-programming-project/src/simple_robot/install/simple_robot'], 'cwd': '/home/martina/rp_project/robot-programming-project/src/simple_robot/build/simple_robot', 'env': OrderedDict([('GJS_DEBUG_TOPICS', 'JS ERROR;JS LOG'), ('LESSOPEN', '| /usr/bin/env /usr/bin/lesspipe %s 2>/dev/null'), ('CONDA_PROMPT_MODIFIER', '(base)'), ('LC_TIME', 'it_IT.UTF-8'), ('USER', 'martina'), ('XDG_SESSION_TYPE', 'wayland'), ('GIT_ASKPASS', '/usr/share/code/resources/app/extensions/git/dist/askpass.sh'), ('SHLVL', '2'), ('LD_LIBRARY_PATH', '/opt/ros/humble/opt/rviz_ogre_vendor/lib:/opt/ros/humble/lib/x86_64-linux-gnu:/opt/ros/humble/lib::/home/martina/.mujoco/mujoco210/bin:/usr/lib/nvidia:~/anaconda3/lib'), ('HOME', '/home/martina'), ('OLDPWD', '/home/martina/rp_project/robot-programming-project/src/simple_robot'), ('CHROME_DESKTOP', 'code.desktop'), ('TERMINFO', '/home/martina/.terminfo'), ('LESS', '-iRFXMx4'), ('CONDA_SHLVL', '1'), ('DESKTOP_SESSION', 'ubuntu'), ('TERM_PROGRAM_VERSION', '1.97.2'), ('GIO_LAUNCHED_DESKTOP_FILE', '/usr/share/applications/code.desktop'), ('LSCOLORS', 'ExGxDxDxCxDxDxFxFxexEx'), ('GTK_MODULES', 'gail:atk-bridge'), ('GNOME_SHELL_SESSION_MODE', 'ubuntu'), ('VSCODE_GIT_ASKPASS_MAIN', '/usr/share/code/resources/app/extensions/git/dist/askpass-main.js'), ('PAGER', 'less'), ('ROS_PYTHON_VERSION', '3'), ('LC_MONETARY', 'it_IT.UTF-8'), ('MANAGERPID', '887'), ('VSCODE_GIT_ASKPASS_NODE', '/usr/share/code/code'), ('SYSTEMD_EXEC_PID', '1152'), ('DBUS_SESSION_BUS_ADDRESS', 'unix:path=/run/user/1000/bus'), ('P9K_TTY', 'old'), ('GIO_LAUNCHED_DESKTOP_FILE_PID', '3260'), ('COLORTERM', 'truecolor'), ('_CE_M', ''), ('WAYLAND_DISPLAY', 'wayland-0'), ('INFOPATH', ''), ('ROS_DISTRO', 'humble'), ('COLCON_PREFIX_PATH', '/home/martina/rp_project/robot-programming-project/install'), ('LOGNAME', 'martina'), ('_', '/usr/bin/colcon'), ('JOURNAL_STREAM', '8:11413'), ('_P9K_SSH_TTY', '/dev/pts/2'), ('XDG_SESSION_CLASS', 'user'), ('USER_ZDOTDIR', '/home/martina'), ('ROS_VERSION', '2'), ('USERNAME', 'martina'), ('TERM', 'xterm-256color'), ('GNOME_DESKTOP_SESSION_ID', 'this-is-deprecated'), ('_CE_CONDA', ''), ('ROS_LOCALHOST_ONLY', '0'), ('PATH', '/opt/ros/humble/bin:/home/martina/.local/bin:/home/martina/.local/bin:/usr/lib/ccache:.:/home/martina/.mujoco/mujoco210/bin:/usr/lib/nvidia:/home/martina/anaconda3/condabin:/home/martina/bin:/home/martina/.local/bin:/usr/local/sbin:/usr/local/bin:/usr/sbin:/usr/bin:/sbin:/bin:/usr/games:/usr/local/games:/snap/bin:/home/martina/.cache/zsh4humans/v5/fzf/bin:/home/martina/other/install/bin'), ('SESSION_MANAGER', 'local/Martina-ThinkPad-X1-Yoga:@/tmp/.ICE-unix/1105,unix/Martina-ThinkPad-X1-Yoga:/tmp/.ICE-unix/1105'), ('INVOCATION_ID', 'abb78b4b018940349bd4da4c8fed9753'), ('LC_ADDRESS', 'it_IT.UTF-8'), ('XDG_RUNTIME_DIR', '/run/user/1000'), ('XDG_MENU_PREFIX', 'gnome-'), ('GNOME_SETUP_DISPLAY', ':1'), ('GDK_BACKEND', 'x11'), ('DISPLAY', ':0'), ('LANG', 'en_US.UTF-8'), ('LC_TELEPHONE', 'it_IT.UTF-8'), ('XDG_CURRENT_DESKTOP', 'Unity'), ('VSCODE_INJECTION', '1'), ('LD_PRELOAD', ':/usr/lib/x86_64-linux-gnu/libGLEW.so'), ('XDG_SESSION_DESKTOP', 'ubuntu'), ('XMODIFIERS', '@im=ibus'), ('XAUTHORITY', '/run/user/1000/.mutter-Xwaylandauth.L52E22'), ('TERM_PROGRAM', 'vscode'), ('VSCODE_GIT_IPC_HANDLE', '/run/user/1000/vscode-git-f640f2b3f6.sock'), ('LS_COLORS', 'fi=00:mi=00:mh=00:ln=01;36:or=01;31:di=01;34:ow=04;01;34:st=34:tw=04;34:pi=01;33:so=01;33:do=01;33:bd=01;33:cd=01;33:su=01;35:sg=01;35:ca=01;35:ex=01;32:no=38;5;248'), ('TREE_COLORS', 'fi=00:mi=00:mh=00:ln=01;36:or=01;31:di=01;34:ow=01;34:st=34:tw=34:pi=01;33:so=01;33:do=01;33:bd=01;33:cd=01;33:su=01;35:sg=01;35:ca=01;35:ex=01;32'), ('SSH_AGENT_LAUNCHER', 'gnome-keyring'), ('SSH_AUTH_SOCK', '/run/user/1000/keyring/ssh'), ('ORIGINAL_XDG_CURRENT_DESKTOP', 'ubuntu:GNOME'), ('CONDA_PYTHON_EXE', '/home/martina/anaconda3/bin/python'), ('AMENT_PREFIX_PATH', '/home/martina/rp_project/robot-programming-project/install/simple_robot:/opt/ros/humble'), ('LC_NAME', 'it_IT.UTF-8'), ('SHELL', '/usr/local/bin/zsh'), ('DEST', '/home/martina/other/install'), ('QT_ACCESSIBILITY', '1'), ('GDMSESSION', 'ubuntu'), ('CONDA_DEFAULT_ENV', 'base'), ('LC_MEASUREMENT', 'it_IT.UTF-8'), ('LC_IDENTIFICATION', 'it_IT.UTF-8'), ('GJS_DEBUG_OUTPUT', 'stderr'), ('P9K_SSH', '0'), ('QT_IM_MODULE', 'ibus'), ('VSCODE_GIT_ASKPASS_EXTRA_ARGS', ''), ('VSCODE_NONCE', '052e925b-acb5-444f-b870-f20c06506941'), ('LC_ALL', 'en_US.UTF-8'), ('PWD', '/home/martina/rp_project/robot-programming-project/src/simple_robot/build/simple_robot'), ('GPG_TTY', '/dev/pts/2'), ('XDG_DATA_DIRS', '/usr/local/share/:/usr/share/:/var/lib/snapd/desktop'), ('ZDOTDIR', '/home/martina'), ('_P9K_TTY', '/dev/pts/2'), ('CONDA_EXE', '/home/martina/anaconda3/bin/conda'), ('LC_NUMERIC', 'it_IT.UTF-8'), ('PYTHONPATH', '/opt/ros/humble/lib/python3.10/site-packages:/opt/ros/humble/local/lib/python3.10/dist-packages:/home/martina/other/install/lib/python3.10/site-packages/'), ('LC_PAPER', 'it_IT.UTF-8'), ('CONDA_PREFIX', '/home/martina/anaconda3'), ('COLCON', '1'), ('MANPATH', '/usr/local/share/man:/home/martina/.cache/zsh4humans/v5/fzf/man:'), ('CMAKE_PREFIX_PATH', '/home/martina/rp_project/robot-programming-project/install/simple_robot:/opt/ros/humble')]), 'shell': False}
[0.097471] (-) TimerEvent: {}
[0.198415] (-) TimerEvent: {}
[0.233757] (simple_robot) StdoutLine: {'line': b'-- The C compiler identification is GNU 11.4.0\n'}
[0.299317] (-) TimerEvent: {}
[0.404468] (-) TimerEvent: {}
[0.454822] (simple_robot) StdoutLine: {'line': b'-- The CXX compiler identification is GNU 11.4.0\n'}
[0.486320] (simple_robot) StdoutLine: {'line': b'-- Detecting C compiler ABI info\n'}
[0.505979] (-) TimerEvent: {}
[0.606474] (-) TimerEvent: {}
[0.708950] (-) TimerEvent: {}
[0.810352] (-) TimerEvent: {}
[0.830699] (simple_robot) StdoutLine: {'line': b'-- Detecting C compiler ABI info - done\n'}
[0.857817] (simple_robot) StdoutLine: {'line': b'-- Check for working C compiler: /usr/lib/ccache/cc - skipped\n'}
[0.858536] (simple_robot) StdoutLine: {'line': b'-- Detecting C compile features\n'}
[0.859634] (simple_robot) StdoutLine: {'line': b'-- Detecting C compile features - done\n'}
[0.867580] (simple_robot) StdoutLine: {'line': b'-- Detecting CXX compiler ABI info\n'}
[0.910486] (-) TimerEvent: {}
[1.010920] (-) TimerEvent: {}
[1.082295] (simple_robot) StdoutLine: {'line': b'-- Detecting CXX compiler ABI info - done\n'}
[1.105978] (simple_robot) StdoutLine: {'line': b'-- Check for working CXX compiler: /usr/lib/ccache/c++ - skipped\n'}
[1.110102] (simple_robot) StdoutLine: {'line': b'-- Detecting CXX compile features\n'}
[1.110405] (simple_robot) StdoutLine: {'line': b'-- Detecting CXX compile features - done\n'}
[1.110981] (-) TimerEvent: {}
[1.133169] (simple_robot) StdoutLine: {'line': b'-- Found OpenCV: /usr (found suitable version "4.5.4", minimum required is "4.5.4") \n'}
[1.136886] (simple_robot) StdoutLine: {'line': b'-- Found ament_cmake: 1.3.11 (/opt/ros/humble/share/ament_cmake/cmake)\n'}
[1.211132] (-) TimerEvent: {}
[1.311506] (-) TimerEvent: {}
[1.412090] (-) TimerEvent: {}
[1.432759] (simple_robot) StdoutLine: {'line': b'-- Found Python3: /usr/bin/python3 (found version "3.10.12") found components: Interpreter \n'}
[1.512511] (-) TimerEvent: {}
[1.612911] (-) TimerEvent: {}
[1.645323] (simple_robot) StdoutLine: {'line': b'-- Found rclcpp: 16.0.11 (/opt/ros/humble/share/rclcpp/cmake)\n'}
[1.713034] (-) TimerEvent: {}
[1.726849] (simple_robot) StdoutLine: {'line': b'-- Found rosidl_generator_c: 3.1.6 (/opt/ros/humble/share/rosidl_generator_c/cmake)\n'}
[1.735035] (simple_robot) StdoutLine: {'line': b'-- Found rosidl_adapter: 3.1.6 (/opt/ros/humble/share/rosidl_adapter/cmake)\n'}
[1.753060] (simple_robot) StdoutLine: {'line': b'-- Found rosidl_generator_cpp: 3.1.6 (/opt/ros/humble/share/rosidl_generator_cpp/cmake)\n'}
[1.781580] (simple_robot) StdoutLine: {'line': b'-- Using all available rosidl_typesupport_c: rosidl_typesupport_fastrtps_c;rosidl_typesupport_introspection_c\n'}
[1.810225] (simple_robot) StdoutLine: {'line': b'-- Using all available rosidl_typesupport_cpp: rosidl_typesupport_fastrtps_cpp;rosidl_typesupport_introspection_cpp\n'}
[1.813128] (-) TimerEvent: {}
[1.882953] (simple_robot) StdoutLine: {'line': b'-- Found rmw_implementation_cmake: 6.1.2 (/opt/ros/humble/share/rmw_implementation_cmake/cmake)\n'}
[1.886499] (simple_robot) StdoutLine: {'line': b'-- Found rmw_fastrtps_cpp: 6.2.7 (/opt/ros/humble/share/rmw_fastrtps_cpp/cmake)\n'}
[1.913252] (-) TimerEvent: {}
[2.013628] (-) TimerEvent: {}
[2.101469] (simple_robot) StdoutLine: {'line': b'-- Found OpenSSL: /usr/lib/x86_64-linux-gnu/libcrypto.so (found version "3.0.2")  \n'}
[2.113762] (-) TimerEvent: {}
[2.154137] (simple_robot) StdoutLine: {'line': b'-- Found FastRTPS: /opt/ros/humble/include  \n'}
[2.213869] (-) TimerEvent: {}
[2.233061] (simple_robot) StdoutLine: {'line': b"-- Using RMW implementation 'rmw_fastrtps_cpp' as default\n"}
[2.247288] (simple_robot) StdoutLine: {'line': b'-- Looking for pthread.h\n'}
[2.314002] (-) TimerEvent: {}
[2.391314] (simple_robot) StdoutLine: {'line': b'-- Looking for pthread.h - found\n'}
[2.391804] (simple_robot) StdoutLine: {'line': b'-- Performing Test CMAKE_HAVE_LIBC_PTHREAD\n'}
[2.414111] (-) TimerEvent: {}
[2.514523] (-) TimerEvent: {}
[2.539125] (simple_robot) StdoutLine: {'line': b'-- Performing Test CMAKE_HAVE_LIBC_PTHREAD - Success\n'}
[2.540821] (simple_robot) StdoutLine: {'line': b'-- Found Threads: TRUE  \n'}
[2.614640] (-) TimerEvent: {}
[2.648976] (simple_robot) StdoutLine: {'line': b'-- Found geometry_msgs: 4.2.4 (/opt/ros/humble/share/geometry_msgs/cmake)\n'}
[2.671020] (simple_robot) StdoutLine: {'line': b'-- Found sensor_msgs: 4.2.4 (/opt/ros/humble/share/sensor_msgs/cmake)\n'}
[2.702819] (simple_robot) StdoutLine: {'line': b'-- Found nav_msgs: 4.2.4 (/opt/ros/humble/share/nav_msgs/cmake)\n'}
[2.714749] (-) TimerEvent: {}
[2.744673] (simple_robot) StdoutLine: {'line': b'-- Found OpenCV: /usr (found version "4.5.4") \n'}
[2.814887] (-) TimerEvent: {}
[2.881758] (simple_robot) StdoutLine: {'line': b'-- DATA_DIR: /home/martina/rp_project/robot-programming-project/src/simple_robot/data\n'}
[2.882187] (simple_robot) StdoutLine: {'line': b'-- Configuring done\n'}
[2.914997] (-) TimerEvent: {}
[2.931116] (simple_robot) StdoutLine: {'line': b'-- Generating done\n'}
[2.947679] (simple_robot) StdoutLine: {'line': b'-- Build files have been written to: /home/martina/rp_project/robot-programming-project/src/simple_robot/build/simple_robot\n'}
[2.974470] (simple_robot) CommandEnded: {'returncode': 0}
[2.978949] (simple_robot) JobProgress: {'identifier': 'simple_robot', 'progress': 'build'}
[2.979060] (simple_robot) Command: {'cmd': ['/usr/bin/cmake', '--build', '/home/martina/rp_project/robot-programming-project/src/simple_robot/build/simple_robot', '--', '-j4', '-l4'], 'cwd': '/home/martina/rp_project/robot-programming-project/src/simple_robot/build/simple_robot', 'env': OrderedDict([('GJS_DEBUG_TOPICS', 'JS ERROR;JS LOG'), ('LESSOPEN', '| /usr/bin/env /usr/bin/lesspipe %s 2>/dev/null'), ('CONDA_PROMPT_MODIFIER', '(base)'), ('LC_TIME', 'it_IT.UTF-8'), ('USER', 'martina'), ('XDG_SESSION_TYPE', 'wayland'), ('GIT_ASKPASS', '/usr/share/code/resources/app/extensions/git/dist/askpass.sh'), ('SHLVL', '2'), ('LD_LIBRARY_PATH', '/opt/ros/humble/opt/rviz_ogre_vendor/lib:/opt/ros/humble/lib/x86_64-linux-gnu:/opt/ros/humble/lib::/home/martina/.mujoco/mujoco210/bin:/usr/lib/nvidia:~/anaconda3/lib'), ('HOME', '/home/martina'), ('OLDPWD', '/home/martina/rp_project/robot-programming-project/src/simple_robot'), ('CHROME_DESKTOP', 'code.desktop'), ('TERMINFO', '/home/martina/.terminfo'), ('LESS', '-iRFXMx4'), ('CONDA_SHLVL', '1'), ('DESKTOP_SESSION', 'ubuntu'), ('TERM_PROGRAM_VERSION', '1.97.2'), ('GIO_LAUNCHED_DESKTOP_FILE', '/usr/share/applications/code.desktop'), ('LSCOLORS', 'ExGxDxDxCxDxDxFxFxexEx'), ('GTK_MODULES', 'gail:atk-bridge'), ('GNOME_SHELL_SESSION_MODE', 'ubuntu'), ('VSCODE_GIT_ASKPASS_MAIN', '/usr/share/code/resources/app/extensions/git/dist/askpass-main.js'), ('PAGER', 'less'), ('ROS_PYTHON_VERSION', '3'), ('LC_MONETARY', 'it_IT.UTF-8'), ('MANAGERPID', '887'), ('VSCODE_GIT_ASKPASS_NODE', '/usr/share/code/code'), ('SYSTEMD_EXEC_PID', '1152'), ('DBUS_SESSION_BUS_ADDRESS', 'unix:path=/run/user/1000/bus'), ('P9K_TTY', 'old'), ('GIO_LAUNCHED_DESKTOP_FILE_PID', '3260'), ('COLORTERM', 'truecolor'), ('_CE_M', ''), ('WAYLAND_DISPLAY', 'wayland-0'), ('INFOPATH', ''), ('ROS_DISTRO', 'humble'), ('COLCON_PREFIX_PATH', '/home/martina/rp_project/robot-programming-project/install'), ('LOGNAME', 'martina'), ('_', '/usr/bin/colcon'), ('JOURNAL_STREAM', '8:11413'), ('_P9K_SSH_TTY', '/dev/pts/2'), ('XDG_SESSION_CLASS', 'user'), ('USER_ZDOTDIR', '/home/martina'), ('ROS_VERSION', '2'), ('USERNAME', 'martina'), ('TERM', 'xterm-256color'), ('GNOME_DESKTOP_SESSION_ID', 'this-is-deprecated'), ('_CE_CONDA', ''), ('ROS_LOCALHOST_ONLY', '0'), ('PATH', '/opt/ros/humble/bin:/home/martina/.local/bin:/home/martina/.local/bin:/usr/lib/ccache:.:/home/martina/.mujoco/mujoco210/bin:/usr/lib/nvidia:/home/martina/anaconda3/condabin:/home/martina/bin:/home/martina/.local/bin:/usr/local/sbin:/usr/local/bin:/usr/sbin:/usr/bin:/sbin:/bin:/usr/games:/usr/local/games:/snap/bin:/home/martina/.cache/zsh4humans/v5/fzf/bin:/home/martina/other/install/bin'), ('SESSION_MANAGER', 'local/Martina-ThinkPad-X1-Yoga:@/tmp/.ICE-unix/1105,unix/Martina-ThinkPad-X1-Yoga:/tmp/.ICE-unix/1105'), ('INVOCATION_ID', 'abb78b4b018940349bd4da4c8fed9753'), ('LC_ADDRESS', 'it_IT.UTF-8'), ('XDG_RUNTIME_DIR', '/run/user/1000'), ('XDG_MENU_PREFIX', 'gnome-'), ('GNOME_SETUP_DISPLAY', ':1'), ('GDK_BACKEND', 'x11'), ('DISPLAY', ':0'), ('LANG', 'en_US.UTF-8'), ('LC_TELEPHONE', 'it_IT.UTF-8'), ('XDG_CURRENT_DESKTOP', 'Unity'), ('VSCODE_INJECTION', '1'), ('LD_PRELOAD', ':/usr/lib/x86_64-linux-gnu/libGLEW.so'), ('XDG_SESSION_DESKTOP', 'ubuntu'), ('XMODIFIERS', '@im=ibus'), ('XAUTHORITY', '/run/user/1000/.mutter-Xwaylandauth.L52E22'), ('TERM_PROGRAM', 'vscode'), ('VSCODE_GIT_IPC_HANDLE', '/run/user/1000/vscode-git-f640f2b3f6.sock'), ('LS_COLORS', 'fi=00:mi=00:mh=00:ln=01;36:or=01;31:di=01;34:ow=04;01;34:st=34:tw=04;34:pi=01;33:so=01;33:do=01;33:bd=01;33:cd=01;33:su=01;35:sg=01;35:ca=01;35:ex=01;32:no=38;5;248'), ('TREE_COLORS', 'fi=00:mi=00:mh=00:ln=01;36:or=01;31:di=01;34:ow=01;34:st=34:tw=34:pi=01;33:so=01;33:do=01;33:bd=01;33:cd=01;33:su=01;35:sg=01;35:ca=01;35:ex=01;32'), ('SSH_AGENT_LAUNCHER', 'gnome-keyring'), ('SSH_AUTH_SOCK', '/run/user/1000/keyring/ssh'), ('ORIGINAL_XDG_CURRENT_DESKTOP', 'ubuntu:GNOME'), ('CONDA_PYTHON_EXE', '/home/martina/anaconda3/bin/python'), ('AMENT_PREFIX_PATH', '/home/martina/rp_project/robot-programming-project/install/simple_robot:/opt/ros/humble'), ('LC_NAME', 'it_IT.UTF-8'), ('SHELL', '/usr/local/bin/zsh'), ('DEST', '/home/martina/other/install'), ('QT_ACCESSIBILITY', '1'), ('GDMSESSION', 'ubuntu'), ('CONDA_DEFAULT_ENV', 'base'), ('LC_MEASUREMENT', 'it_IT.UTF-8'), ('LC_IDENTIFICATION', 'it_IT.UTF-8'), ('GJS_DEBUG_OUTPUT', 'stderr'), ('P9K_SSH', '0'), ('QT_IM_MODULE', 'ibus'), ('VSCODE_GIT_ASKPASS_EXTRA_ARGS', ''), ('VSCODE_NONCE', '052e925b-acb5-444f-b870-f20c06506941'), ('LC_ALL', 'en_US.UTF-8'), ('PWD', '/home/martina/rp_project/robot-programming-project/src/simple_robot/build/simple_robot'), ('GPG_TTY', '/dev/pts/2'), ('XDG_DATA_DIRS', '/usr/local/share/:/usr/share/:/var/lib/snapd/desktop'), ('ZDOTDIR', '/home/martina'), ('_P9K_TTY', '/dev/pts/2'), ('CONDA_EXE', '/home/martina/anaconda3/bin/conda'), ('LC_NUMERIC', 'it_IT.UTF-8'), ('PYTHONPATH', '/opt/ros/humble/lib/python3.10/site-packages:/opt/ros/humble/local/lib/python3.10/dist-packages:/home/martina/other/install/lib/python3.10/site-packages/'), ('LC_PAPER', 'it_IT.UTF-8'), ('CONDA_PREFIX', '/home/martina/anaconda3'), ('COLCON', '1'), ('MANPATH', '/usr/local/share/man:/home/martina/.cache/zsh4humans/v5/fzf/man:'), ('CMAKE_PREFIX_PATH', '/home/martina/rp_project/robot-programming-project/install/simple_robot:/opt/ros/humble')]), 'shell': False}
[3.015132] (-) TimerEvent: {}
[3.116641] (-) TimerEvent: {}
[3.124529] (simple_robot) StdoutLine: {'line': b'\x1b[35m\x1b[1mConsolidate compiler generated dependencies of target grid_map\x1b[0m\n'}
[3.125698] (simple_robot) StdoutLine: {'line': b'\x1b[35m\x1b[1mConsolidate compiler generated dependencies of target robot_map_node\x1b[0m\n'}
[3.210400] (simple_robot) StdoutLine: {'line': b'[  8%] \x1b[32mBuilding CXX object src/CMakeFiles/grid_map.dir/main.cpp.o\x1b[0m\n'}
[3.218341] (-) TimerEvent: {}
[3.223528] (simple_robot) StdoutLine: {'line': b'[ 16%] \x1b[32mBuilding CXX object CMakeFiles/robot_map_node.dir/src/main.cpp.o\x1b[0m\n'}
[3.318985] (-) TimerEvent: {}
[3.420760] (-) TimerEvent: {}
[3.522159] (-) TimerEvent: {}
[3.623885] (-) TimerEvent: {}
[3.724319] (-) TimerEvent: {}
[3.826795] (-) TimerEvent: {}
[3.927465] (-) TimerEvent: {}
[4.030332] (-) TimerEvent: {}
[4.132346] (-) TimerEvent: {}
[4.232779] (-) TimerEvent: {}
[4.333183] (-) TimerEvent: {}
[4.434110] (-) TimerEvent: {}
[4.535273] (-) TimerEvent: {}
[4.637104] (-) TimerEvent: {}
[4.737528] (-) TimerEvent: {}
[4.838352] (-) TimerEvent: {}
[4.938866] (-) TimerEvent: {}
[5.040661] (-) TimerEvent: {}
[5.141088] (-) TimerEvent: {}
[5.241493] (-) TimerEvent: {}
[5.342001] (-) TimerEvent: {}
[5.442416] (-) TimerEvent: {}
[5.542862] (-) TimerEvent: {}
[5.643259] (-) TimerEvent: {}
[5.743659] (-) TimerEvent: {}
[5.844087] (-) TimerEvent: {}
[5.944503] (-) TimerEvent: {}
[6.046189] (-) TimerEvent: {}
[6.147739] (-) TimerEvent: {}
[6.251663] (-) TimerEvent: {}
[6.352140] (-) TimerEvent: {}
[6.452545] (-) TimerEvent: {}
[6.552950] (-) TimerEvent: {}
[6.653382] (-) TimerEvent: {}
[6.753830] (-) TimerEvent: {}
[6.854240] (-) TimerEvent: {}
[6.954707] (-) TimerEvent: {}
[7.055123] (-) TimerEvent: {}
[7.156612] (-) TimerEvent: {}
[7.257748] (-) TimerEvent: {}
[7.363645] (-) TimerEvent: {}
[7.464060] (-) TimerEvent: {}
[7.566638] (-) TimerEvent: {}
[7.667048] (-) TimerEvent: {}
[7.767711] (-) TimerEvent: {}
[7.868161] (-) TimerEvent: {}
[7.968773] (-) TimerEvent: {}
[8.069151] (-) TimerEvent: {}
[8.169544] (-) TimerEvent: {}
[8.270174] (-) TimerEvent: {}
[8.370598] (-) TimerEvent: {}
[8.472447] (-) TimerEvent: {}
[8.572853] (-) TimerEvent: {}
[8.673248] (-) TimerEvent: {}
[8.773639] (-) TimerEvent: {}
[8.874088] (-) TimerEvent: {}
[8.974543] (-) TimerEvent: {}
[9.074986] (-) TimerEvent: {}
[9.175392] (-) TimerEvent: {}
[9.276024] (-) TimerEvent: {}
[9.376642] (-) TimerEvent: {}
[9.477263] (-) TimerEvent: {}
[9.577929] (-) TimerEvent: {}
[9.678658] (-) TimerEvent: {}
[9.779180] (-) TimerEvent: {}
[9.879893] (-) TimerEvent: {}
[9.980440] (-) TimerEvent: {}
[10.081064] (-) TimerEvent: {}
[10.181442] (-) TimerEvent: {}
[10.281846] (-) TimerEvent: {}
[10.382230] (-) TimerEvent: {}
[10.482616] (-) TimerEvent: {}
[10.582997] (-) TimerEvent: {}
[10.684047] (-) TimerEvent: {}
[10.784459] (-) TimerEvent: {}
[10.885136] (-) TimerEvent: {}
[10.985849] (-) TimerEvent: {}
[11.086241] (-) TimerEvent: {}
[11.186904] (-) TimerEvent: {}
[11.287531] (-) TimerEvent: {}
[11.388227] (-) TimerEvent: {}
[11.488841] (-) TimerEvent: {}
[11.589223] (-) TimerEvent: {}
[11.689614] (-) TimerEvent: {}
[11.789993] (-) TimerEvent: {}
[11.890365] (-) TimerEvent: {}
[11.990791] (-) TimerEvent: {}
[12.091170] (-) TimerEvent: {}
[12.191556] (-) TimerEvent: {}
[12.291952] (-) TimerEvent: {}
[12.392328] (-) TimerEvent: {}
[12.492731] (-) TimerEvent: {}
[12.593161] (-) TimerEvent: {}
[12.693628] (-) TimerEvent: {}
[12.794270] (-) TimerEvent: {}
[12.894665] (-) TimerEvent: {}
[12.995101] (-) TimerEvent: {}
[13.095834] (-) TimerEvent: {}
[13.199407] (-) TimerEvent: {}
[13.300649] (-) TimerEvent: {}
[13.401158] (-) TimerEvent: {}
[13.502921] (-) TimerEvent: {}
[13.604541] (-) TimerEvent: {}
[13.705855] (-) TimerEvent: {}
[13.806319] (-) TimerEvent: {}
[13.906762] (-) TimerEvent: {}
[14.007413] (-) TimerEvent: {}
[14.107828] (-) TimerEvent: {}
[14.208216] (-) TimerEvent: {}
[14.308623] (-) TimerEvent: {}
[14.409019] (-) TimerEvent: {}
[14.509397] (-) TimerEvent: {}
[14.609807] (-) TimerEvent: {}
[14.710179] (-) TimerEvent: {}
[14.810587] (-) TimerEvent: {}
[14.911452] (-) TimerEvent: {}
[15.011842] (-) TimerEvent: {}
[15.112220] (-) TimerEvent: {}
[15.213092] (-) TimerEvent: {}
[15.313464] (-) TimerEvent: {}
[15.414162] (-) TimerEvent: {}
[15.514529] (-) TimerEvent: {}
[15.614914] (-) TimerEvent: {}
[15.715413] (-) TimerEvent: {}
[15.816258] (-) TimerEvent: {}
[15.917489] (-) TimerEvent: {}
[16.018008] (-) TimerEvent: {}
[16.121041] (-) TimerEvent: {}
[16.221705] (-) TimerEvent: {}
[16.322368] (-) TimerEvent: {}
[16.423034] (-) TimerEvent: {}
[16.523431] (-) TimerEvent: {}
[16.623824] (-) TimerEvent: {}
[16.724191] (-) TimerEvent: {}
[16.824548] (-) TimerEvent: {}
[16.924985] (-) TimerEvent: {}
[17.025683] (-) TimerEvent: {}
[17.126085] (-) TimerEvent: {}
[17.226478] (-) TimerEvent: {}
[17.326916] (-) TimerEvent: {}
[17.427348] (-) TimerEvent: {}
[17.527746] (-) TimerEvent: {}
[17.628129] (-) TimerEvent: {}
[17.728506] (-) TimerEvent: {}
[17.828949] (-) TimerEvent: {}
[17.929523] (-) TimerEvent: {}
[18.029917] (-) TimerEvent: {}
[18.132462] (-) TimerEvent: {}
[18.232887] (-) TimerEvent: {}
[18.333961] (-) TimerEvent: {}
[18.434376] (-) TimerEvent: {}
[18.534899] (-) TimerEvent: {}
[18.635360] (-) TimerEvent: {}
[18.735972] (-) TimerEvent: {}
[18.836555] (-) TimerEvent: {}
[18.937374] (-) TimerEvent: {}
[19.037868] (-) TimerEvent: {}
[19.139258] (-) TimerEvent: {}
[19.181734] (simple_robot) StderrLine: {'line': b'\x1b[01m\x1b[K/home/martina/rp_project/robot-programming-project/src/simple_robot/src/main.cpp:\x1b[m\x1b[K In constructor \xe2\x80\x98\x1b[01m\x1b[KKeyboardControlNode::KeyboardControlNode()\x1b[m\x1b[K\xe2\x80\x99:\n'}
[19.182083] (simple_robot) StderrLine: {'line': b'\x1b[01m\x1b[K/home/martina/rp_project/robot-programming-project/src/simple_robot/src/main.cpp:29:45:\x1b[m\x1b[K \x1b[01;31m\x1b[Kerror: \x1b[m\x1b[K\xe2\x80\x98\x1b[01m\x1b[Kkey_callback\x1b[m\x1b[K\xe2\x80\x99 is not a member of \xe2\x80\x98\x1b[01m\x1b[KKeyboardControlNode\x1b[m\x1b[K\xe2\x80\x99\n'}
[19.182279] (simple_robot) StderrLine: {'line': b'   29 |             std::bind(&KeyboardControlNode::\x1b[01;31m\x1b[Kkey_callback\x1b[m\x1b[K, this, std::placeholders::_1));\n'}
[19.182457] (simple_robot) StderrLine: {'line': b'      |                                             \x1b[01;31m\x1b[K^~~~~~~~~~~~\x1b[m\x1b[K\n'}
[19.188059] (simple_robot) StderrLine: {'line': b'gmake[2]: *** [src/CMakeFiles/grid_map.dir/build.make:132: src/CMakeFiles/grid_map.dir/main.cpp.o] Error 1\n'}
[19.188403] (simple_robot) StderrLine: {'line': b'gmake[1]: *** [CMakeFiles/Makefile2:180: src/CMakeFiles/grid_map.dir/all] Error 2\n'}
[19.188620] (simple_robot) StderrLine: {'line': b'gmake[1]: *** Waiting for unfinished jobs....\n'}
[19.239385] (-) TimerEvent: {}
[19.339767] (-) TimerEvent: {}
[19.399828] (simple_robot) StderrLine: {'line': b'\x1b[01m\x1b[K/home/martina/rp_project/robot-programming-project/src/simple_robot/src/main.cpp:\x1b[m\x1b[K In constructor \xe2\x80\x98\x1b[01m\x1b[KKeyboardControlNode::KeyboardControlNode()\x1b[m\x1b[K\xe2\x80\x99:\n'}
[19.400147] (simple_robot) StderrLine: {'line': b'\x1b[01m\x1b[K/home/martina/rp_project/robot-programming-project/src/simple_robot/src/main.cpp:29:45:\x1b[m\x1b[K \x1b[01;31m\x1b[Kerror: \x1b[m\x1b[K\xe2\x80\x98\x1b[01m\x1b[Kkey_callback\x1b[m\x1b[K\xe2\x80\x99 is not a member of \xe2\x80\x98\x1b[01m\x1b[KKeyboardControlNode\x1b[m\x1b[K\xe2\x80\x99\n'}
[19.400334] (simple_robot) StderrLine: {'line': b'   29 |             std::bind(&KeyboardControlNode::\x1b[01;31m\x1b[Kkey_callback\x1b[m\x1b[K, this, std::placeholders::_1));\n'}
[19.400505] (simple_robot) StderrLine: {'line': b'      |                                             \x1b[01;31m\x1b[K^~~~~~~~~~~~\x1b[m\x1b[K\n'}
[19.402196] (simple_robot) StderrLine: {'line': b'gmake[2]: *** [CMakeFiles/robot_map_node.dir/build.make:132: CMakeFiles/robot_map_node.dir/src/main.cpp.o] Error 1\n'}
[19.402668] (simple_robot) StderrLine: {'line': b'gmake[1]: *** [CMakeFiles/Makefile2:154: CMakeFiles/robot_map_node.dir/all] Error 2\n'}
[19.403136] (simple_robot) StderrLine: {'line': b'gmake: *** [Makefile:146: all] Error 2\n'}
[19.406995] (simple_robot) CommandEnded: {'returncode': 2}
[19.427361] (simple_robot) JobEnded: {'identifier': 'simple_robot', 'rc': 2}
[19.428739] (-) EventReactorShutdown: {}
