[0.049s] Invoking command in '/home/martina/rp_project/robot-programming-project/src/simple_robot/build/simple_robot': CMAKE_PREFIX_PATH=${CMAKE_PREFIX_PATH}:/opt/ros/humble CONDA_PROMPT_MODIFIER=(base) /usr/bin/cmake /home/martina/rp_project/robot-programming-project/src/simple_robot -DCMAKE_INSTALL_PREFIX=/home/martina/rp_project/robot-programming-project/src/simple_robot/install/simple_robot
[0.263s] -- The C compiler identification is GNU 11.4.0
[0.516s] -- The CXX compiler identification is GNU 11.4.0
[0.547s] -- Detecting C compiler ABI info
[0.778s] -- Detecting C compiler ABI info - done
[0.797s] -- Check for working C compiler: /usr/lib/ccache/cc - skipped
[0.800s] -- Detecting C compile features
[0.801s] -- Detecting C compile features - done
[0.806s] -- Detecting CXX compiler ABI info
[1.046s] -- Detecting CXX compiler ABI info - done
[1.081s] -- Check for working CXX compiler: /usr/lib/ccache/c++ - skipped
[1.082s] -- Detecting CXX compile features
[1.082s] -- Detecting CXX compile features - done
[1.121s] -- Found OpenCV: /usr (found suitable version "4.5.4", minimum required is "4.5.4") 
[1.126s] -- Found ament_cmake: 1.3.11 (/opt/ros/humble/share/ament_cmake/cmake)
[1.490s] -- Found Python3: /usr/bin/python3 (found version "3.10.12") found components: Interpreter 
[1.708s] -- Found rclcpp: 16.0.11 (/opt/ros/humble/share/rclcpp/cmake)
[1.815s] -- Found rosidl_generator_c: 3.1.6 (/opt/ros/humble/share/rosidl_generator_c/cmake)
[1.831s] -- Found rosidl_adapter: 3.1.6 (/opt/ros/humble/share/rosidl_adapter/cmake)
[1.882s] -- Found rosidl_generator_cpp: 3.1.6 (/opt/ros/humble/share/rosidl_generator_cpp/cmake)
[1.940s] -- Using all available rosidl_typesupport_c: rosidl_typesupport_fastrtps_c;rosidl_typesupport_introspection_c
[1.999s] -- Using all available rosidl_typesupport_cpp: rosidl_typesupport_fastrtps_cpp;rosidl_typesupport_introspection_cpp
[2.128s] -- Found rmw_implementation_cmake: 6.1.2 (/opt/ros/humble/share/rmw_implementation_cmake/cmake)
[2.136s] -- Found rmw_fastrtps_cpp: 6.2.7 (/opt/ros/humble/share/rmw_fastrtps_cpp/cmake)
[2.436s] -- Found OpenSSL: /usr/lib/x86_64-linux-gnu/libcrypto.so (found version "3.0.2")  
[2.500s] -- Found FastRTPS: /opt/ros/humble/include  
[2.581s] -- Using RMW implementation 'rmw_fastrtps_cpp' as default
[2.597s] -- Looking for pthread.h
[2.754s] -- Looking for pthread.h - found
[2.754s] -- Performing Test CMAKE_HAVE_LIBC_PTHREAD
[2.944s] -- Performing Test CMAKE_HAVE_LIBC_PTHREAD - Success
[2.948s] -- Found Threads: TRUE  
[3.117s] -- Found geometry_msgs: 4.2.4 (/opt/ros/humble/share/geometry_msgs/cmake)
[3.149s] -- Found sensor_msgs: 4.2.4 (/opt/ros/humble/share/sensor_msgs/cmake)
[3.184s] -- Found nav_msgs: 4.2.4 (/opt/ros/humble/share/nav_msgs/cmake)
[3.225s] -- Found OpenCV: /usr (found version "4.5.4") 
[3.411s] -- DATA_DIR: /home/martina/rp_project/robot-programming-project/src/simple_robot/data
[3.413s] -- Configuring done
[3.471s] -- Generating done
[3.493s] -- Build files have been written to: /home/martina/rp_project/robot-programming-project/src/simple_robot/build/simple_robot
[3.525s] Invoked command in '/home/martina/rp_project/robot-programming-project/src/simple_robot/build/simple_robot' returned '0': CMAKE_PREFIX_PATH=${CMAKE_PREFIX_PATH}:/opt/ros/humble CONDA_PROMPT_MODIFIER=(base) /usr/bin/cmake /home/martina/rp_project/robot-programming-project/src/simple_robot -DCMAKE_INSTALL_PREFIX=/home/martina/rp_project/robot-programming-project/src/simple_robot/install/simple_robot
[3.538s] Invoking command in '/home/martina/rp_project/robot-programming-project/src/simple_robot/build/simple_robot': CMAKE_PREFIX_PATH=${CMAKE_PREFIX_PATH}:/opt/ros/humble CONDA_PROMPT_MODIFIER=(base) /usr/bin/cmake --build /home/martina/rp_project/robot-programming-project/src/simple_robot/build/simple_robot -- -j4 -l4
[3.734s] [35m[1mConsolidate compiler generated dependencies of target robot_map_node[0m
[3.748s] [35m[1mConsolidate compiler generated dependencies of target grid_map[0m
[3.867s] [  8%] [32mBuilding CXX object CMakeFiles/robot_map_node.dir/src/main.cpp.o[0m
[3.910s] [ 16%] [32mBuilding CXX object src/CMakeFiles/grid_map.dir/main.cpp.o[0m
[34.987s] [01m[K/home/martina/rp_project/robot-programming-project/src/simple_robot/src/main.cpp:[m[K In member function ‘[01m[Kvoid KeyboardControlNode::key_callback(std_msgs::msg::Int32_<std::allocator<void> >::SharedPtr)[m[K’:
[34.988s] [01m[K/home/martina/rp_project/robot-programming-project/src/simple_robot/src/main.cpp:30:26:[m[K [01;35m[Kwarning: [m[Kstatement will never be executed [[01;35m[K-Wswitch-unreachable[m[K]
[34.988s]    30 |             std::cout << [01;35m[K"Key: "[m[K << key << std::endl;
[34.988s]       |                          [01;35m[K^~~~~~~[m[K
[35.012s] [01m[K/home/martina/rp_project/robot-programming-project/src/simple_robot/src/main.cpp:[m[K In member function ‘[01m[Kvoid KeyboardControlNode::key_callback(std_msgs::msg::Int32_<std::allocator<void> >::SharedPtr)[m[K’:
[35.012s] [01m[K/home/martina/rp_project/robot-programming-project/src/simple_robot/src/main.cpp:30:26:[m[K [01;35m[Kwarning: [m[Kstatement will never be executed [[01;35m[K-Wswitch-unreachable[m[K]
[35.013s]    30 |             std::cout << [01;35m[K"Key: "[m[K << key << std::endl;
[35.013s]       |                          [01;35m[K^~~~~~~[m[K
[35.022s] [ 25%] [32m[1mLinking CXX shared library libgrid_map.so[0m
[35.059s] [ 33%] [32m[1mLinking CXX executable robot_map_node[0m
[38.156s] [ 66%] Built target grid_map
[39.448s] [100%] Built target robot_map_node
[39.492s] Invoked command in '/home/martina/rp_project/robot-programming-project/src/simple_robot/build/simple_robot' returned '0': CMAKE_PREFIX_PATH=${CMAKE_PREFIX_PATH}:/opt/ros/humble CONDA_PROMPT_MODIFIER=(base) /usr/bin/cmake --build /home/martina/rp_project/robot-programming-project/src/simple_robot/build/simple_robot -- -j4 -l4
[39.523s] Invoking command in '/home/martina/rp_project/robot-programming-project/src/simple_robot/build/simple_robot': CMAKE_PREFIX_PATH=${CMAKE_PREFIX_PATH}:/opt/ros/humble CONDA_PROMPT_MODIFIER=(base) /usr/bin/cmake --install /home/martina/rp_project/robot-programming-project/src/simple_robot/build/simple_robot
[39.547s] -- Install configuration: ""
[39.547s] -- Installing: /home/martina/rp_project/robot-programming-project/src/simple_robot/install/simple_robot/lib/simple_robot/robot_map_node
[39.567s] -- Set runtime path of "/home/martina/rp_project/robot-programming-project/src/simple_robot/install/simple_robot/lib/simple_robot/robot_map_node" to ""
[39.568s] -- Up-to-date: /home/martina/rp_project/robot-programming-project/src/simple_robot/install/simple_robot/share/ament_index/resource_index/package_run_dependencies/simple_robot
[39.569s] -- Up-to-date: /home/martina/rp_project/robot-programming-project/src/simple_robot/install/simple_robot/share/ament_index/resource_index/parent_prefix_path/simple_robot
[39.570s] -- Up-to-date: /home/martina/rp_project/robot-programming-project/src/simple_robot/install/simple_robot/share/simple_robot/environment/ament_prefix_path.sh
[39.570s] -- Installing: /home/martina/rp_project/robot-programming-project/src/simple_robot/install/simple_robot/share/simple_robot/environment/ament_prefix_path.dsv
[39.570s] -- Up-to-date: /home/martina/rp_project/robot-programming-project/src/simple_robot/install/simple_robot/share/simple_robot/environment/path.sh
[39.570s] -- Installing: /home/martina/rp_project/robot-programming-project/src/simple_robot/install/simple_robot/share/simple_robot/environment/path.dsv
[39.570s] -- Up-to-date: /home/martina/rp_project/robot-programming-project/src/simple_robot/install/simple_robot/share/simple_robot/local_setup.bash
[39.571s] -- Up-to-date: /home/martina/rp_project/robot-programming-project/src/simple_robot/install/simple_robot/share/simple_robot/local_setup.sh
[39.571s] -- Up-to-date: /home/martina/rp_project/robot-programming-project/src/simple_robot/install/simple_robot/share/simple_robot/local_setup.zsh
[39.571s] -- Installing: /home/martina/rp_project/robot-programming-project/src/simple_robot/install/simple_robot/share/simple_robot/local_setup.dsv
[39.571s] -- Installing: /home/martina/rp_project/robot-programming-project/src/simple_robot/install/simple_robot/share/simple_robot/package.dsv
[39.571s] -- Up-to-date: /home/martina/rp_project/robot-programming-project/src/simple_robot/install/simple_robot/share/ament_index/resource_index/packages/simple_robot
[39.573s] -- Up-to-date: /home/martina/rp_project/robot-programming-project/src/simple_robot/install/simple_robot/share/simple_robot/cmake/simple_robotConfig.cmake
[39.573s] -- Up-to-date: /home/martina/rp_project/robot-programming-project/src/simple_robot/install/simple_robot/share/simple_robot/cmake/simple_robotConfig-version.cmake
[39.573s] -- Up-to-date: /home/martina/rp_project/robot-programming-project/src/simple_robot/install/simple_robot/share/simple_robot/package.xml
[39.583s] Invoked command in '/home/martina/rp_project/robot-programming-project/src/simple_robot/build/simple_robot' returned '0': CMAKE_PREFIX_PATH=${CMAKE_PREFIX_PATH}:/opt/ros/humble CONDA_PROMPT_MODIFIER=(base) /usr/bin/cmake --install /home/martina/rp_project/robot-programming-project/src/simple_robot/build/simple_robot
