[0.000000] (-) TimerEvent: {}
[0.001298] (simple_robot) JobQueued: {'identifier': 'simple_robot', 'dependencies': OrderedDict()}
[0.001388] (simple_robot) JobStarted: {'identifier': 'simple_robot'}
[0.029120] (simple_robot) JobProgress: {'identifier': 'simple_robot', 'progress': 'cmake'}
[0.030069] (simple_robot) Command: {'cmd': ['/usr/bin/cmake', '/home/martina/rp_project/robot-programming-project/src/simple_robot', '-DCMAKE_INSTALL_PREFIX=/home/martina/rp_project/robot-programming-project/src/simple_robot/install/simple_robot'], 'cwd': '/home/martina/rp_project/robot-programming-project/src/simple_robot/build/simple_robot', 'env': OrderedDict([('GJS_DEBUG_TOPICS', 'JS ERROR;JS LOG'), ('LESSOPEN', '| /usr/bin/env /usr/bin/lesspipe %s 2>/dev/null'), ('CONDA_PROMPT_MODIFIER', '(base)'), ('LC_TIME', 'it_IT.UTF-8'), ('USER', 'martina'), ('XDG_SESSION_TYPE', 'wayland'), ('GIT_ASKPASS', '/usr/share/code/resources/app/extensions/git/dist/askpass.sh'), ('SHLVL', '2'), ('LD_LIBRARY_PATH', '/opt/ros/humble/opt/rviz_ogre_vendor/lib:/opt/ros/humble/lib/x86_64-linux-gnu:/opt/ros/humble/lib::/home/martina/.mujoco/mujoco210/bin:/usr/lib/nvidia:~/anaconda3/lib'), ('HOME', '/home/martina'), ('OLDPWD', '/home/martina/rp_project/robot-programming-project/src/simple_robot'), ('CHROME_DESKTOP', 'code.desktop'), ('TERMINFO', '/home/martina/.terminfo'), ('LESS', '-iRFXMx4'), ('CONDA_SHLVL', '1'), ('DESKTOP_SESSION', 'ubuntu'), ('TERM_PROGRAM_VERSION', '1.97.2'), ('GIO_LAUNCHED_DESKTOP_FILE', '/usr/share/applications/code.desktop'), ('LSCOLORS', 'ExGxDxDxCxDxDxFxFxexEx'), ('GTK_MODULES', 'gail:atk-bridge'), ('GNOME_SHELL_SESSION_MODE', 'ubuntu'), ('VSCODE_GIT_ASKPASS_MAIN', '/usr/share/code/resources/app/extensions/git/dist/askpass-main.js'), ('PAGER', 'less'), ('ROS_PYTHON_VERSION', '3'), ('LC_MONETARY', 'it_IT.UTF-8'), ('MANAGERPID', '887'), ('VSCODE_GIT_ASKPASS_NODE', '/usr/share/code/code'), ('SYSTEMD_EXEC_PID', '1152'), ('DBUS_SESSION_BUS_ADDRESS', 'unix:path=/run/user/1000/bus'), ('P9K_TTY', 'old'), ('GIO_LAUNCHED_DESKTOP_FILE_PID', '3260'), ('COLORTERM', 'truecolor'), ('_CE_M', ''), ('WAYLAND_DISPLAY', 'wayland-0'), ('INFOPATH', ''), ('ROS_DISTRO', 'humble'), ('COLCON_PREFIX_PATH', '/home/martina/rp_project/robot-programming-project/install'), ('LOGNAME', 'martina'), ('_', '/usr/bin/colcon'), ('JOURNAL_STREAM', '8:11413'), ('_P9K_SSH_TTY', '/dev/pts/5'), ('XDG_SESSION_CLASS', 'user'), ('USER_ZDOTDIR', '/home/martina'), ('ROS_VERSION', '2'), ('USERNAME', 'martina'), ('TERM', 'xterm-256color'), ('GNOME_DESKTOP_SESSION_ID', 'this-is-deprecated'), ('_CE_CONDA', ''), ('ROS_LOCALHOST_ONLY', '0'), ('PATH', '/opt/ros/humble/bin:/home/martina/.local/bin:/home/martina/.local/bin:/usr/lib/ccache:.:/home/martina/.mujoco/mujoco210/bin:/usr/lib/nvidia:/home/martina/anaconda3/condabin:/home/martina/bin:/home/martina/.local/bin:/usr/local/sbin:/usr/local/bin:/usr/sbin:/usr/bin:/sbin:/bin:/usr/games:/usr/local/games:/snap/bin:/home/martina/.cache/zsh4humans/v5/fzf/bin:/home/martina/other/install/bin'), ('SESSION_MANAGER', 'local/Martina-ThinkPad-X1-Yoga:@/tmp/.ICE-unix/1105,unix/Martina-ThinkPad-X1-Yoga:/tmp/.ICE-unix/1105'), ('INVOCATION_ID', 'abb78b4b018940349bd4da4c8fed9753'), ('LC_ADDRESS', 'it_IT.UTF-8'), ('XDG_RUNTIME_DIR', '/run/user/1000'), ('XDG_MENU_PREFIX', 'gnome-'), ('GNOME_SETUP_DISPLAY', ':1'), ('GDK_BACKEND', 'x11'), ('DISPLAY', ':0'), ('LANG', 'en_US.UTF-8'), ('LC_TELEPHONE', 'it_IT.UTF-8'), ('XDG_CURRENT_DESKTOP', 'Unity'), ('VSCODE_INJECTION', '1'), ('LD_PRELOAD', ':/usr/lib/x86_64-linux-gnu/libGLEW.so'), ('XDG_SESSION_DESKTOP', 'ubuntu'), ('XMODIFIERS', '@im=ibus'), ('XAUTHORITY', '/run/user/1000/.mutter-Xwaylandauth.L52E22'), ('TERM_PROGRAM', 'vscode'), ('VSCODE_GIT_IPC_HANDLE', '/run/user/1000/vscode-git-f640f2b3f6.sock'), ('LS_COLORS', 'fi=00:mi=00:mh=00:ln=01;36:or=01;31:di=01;34:ow=04;01;34:st=34:tw=04;34:pi=01;33:so=01;33:do=01;33:bd=01;33:cd=01;33:su=01;35:sg=01;35:ca=01;35:ex=01;32:no=38;5;248'), ('TREE_COLORS', 'fi=00:mi=00:mh=00:ln=01;36:or=01;31:di=01;34:ow=01;34:st=34:tw=34:pi=01;33:so=01;33:do=01;33:bd=01;33:cd=01;33:su=01;35:sg=01;35:ca=01;35:ex=01;32'), ('SSH_AGENT_LAUNCHER', 'gnome-keyring'), ('SSH_AUTH_SOCK', '/run/user/1000/keyring/ssh'), ('ORIGINAL_XDG_CURRENT_DESKTOP', 'ubuntu:GNOME'), ('CONDA_PYTHON_EXE', '/home/martina/anaconda3/bin/python'), ('AMENT_PREFIX_PATH', '/home/martina/rp_project/robot-programming-project/install/simple_robot:/opt/ros/humble'), ('LC_NAME', 'it_IT.UTF-8'), ('SHELL', '/usr/local/bin/zsh'), ('DEST', '/home/martina/other/install'), ('QT_ACCESSIBILITY', '1'), ('GDMSESSION', 'ubuntu'), ('CONDA_DEFAULT_ENV', 'base'), ('LC_MEASUREMENT', 'it_IT.UTF-8'), ('LC_IDENTIFICATION', 'it_IT.UTF-8'), ('GJS_DEBUG_OUTPUT', 'stderr'), ('P9K_SSH', '0'), ('QT_IM_MODULE', 'ibus'), ('VSCODE_GIT_ASKPASS_EXTRA_ARGS', ''), ('VSCODE_NONCE', '6b07265e-46af-412a-ae8b-c93e2b7fb3db'), ('LC_ALL', 'en_US.UTF-8'), ('PWD', '/home/martina/rp_project/robot-programming-project/src/simple_robot/build/simple_robot'), ('GPG_TTY', '/dev/pts/5'), ('XDG_DATA_DIRS', '/usr/local/share/:/usr/share/:/var/lib/snapd/desktop'), ('ZDOTDIR', '/home/martina'), ('_P9K_TTY', '/dev/pts/5'), ('CONDA_EXE', '/home/martina/anaconda3/bin/conda'), ('LC_NUMERIC', 'it_IT.UTF-8'), ('PYTHONPATH', '/opt/ros/humble/lib/python3.10/site-packages:/opt/ros/humble/local/lib/python3.10/dist-packages:/home/martina/other/install/lib/python3.10/site-packages/'), ('LC_PAPER', 'it_IT.UTF-8'), ('CONDA_PREFIX', '/home/martina/anaconda3'), ('COLCON', '1'), ('MANPATH', '/usr/local/share/man:/home/martina/.cache/zsh4humans/v5/fzf/man:'), ('CMAKE_PREFIX_PATH', '/home/martina/rp_project/robot-programming-project/install/simple_robot:/opt/ros/humble')]), 'shell': False}
[0.099534] (-) TimerEvent: {}
[0.199907] (-) TimerEvent: {}
[0.211824] (simple_robot) StdoutLine: {'line': b'-- The C compiler identification is GNU 11.4.0\n'}
[0.300086] (-) TimerEvent: {}
[0.400481] (-) TimerEvent: {}
[0.443698] (simple_robot) StdoutLine: {'line': b'-- The CXX compiler identification is GNU 11.4.0\n'}
[0.497449] (simple_robot) StdoutLine: {'line': b'-- Detecting C compiler ABI info\n'}
[0.500574] (-) TimerEvent: {}
[0.600943] (-) TimerEvent: {}
[0.703006] (-) TimerEvent: {}
[0.733791] (simple_robot) StdoutLine: {'line': b'-- Detecting C compiler ABI info - done\n'}
[0.770439] (simple_robot) StdoutLine: {'line': b'-- Check for working C compiler: /usr/lib/ccache/cc - skipped\n'}
[0.771771] (simple_robot) StdoutLine: {'line': b'-- Detecting C compile features\n'}
[0.773205] (simple_robot) StdoutLine: {'line': b'-- Detecting C compile features - done\n'}
[0.792238] (simple_robot) StdoutLine: {'line': b'-- Detecting CXX compiler ABI info\n'}
[0.803154] (-) TimerEvent: {}
[0.904330] (-) TimerEvent: {}
[1.006689] (-) TimerEvent: {}
[1.108227] (-) TimerEvent: {}
[1.161258] (simple_robot) StdoutLine: {'line': b'-- Detecting CXX compiler ABI info - done\n'}
[1.191777] (simple_robot) StdoutLine: {'line': b'-- Check for working CXX compiler: /usr/lib/ccache/c++ - skipped\n'}
[1.194883] (simple_robot) StdoutLine: {'line': b'-- Detecting CXX compile features\n'}
[1.197918] (simple_robot) StdoutLine: {'line': b'-- Detecting CXX compile features - done\n'}
[1.208350] (-) TimerEvent: {}
[1.260580] (simple_robot) StdoutLine: {'line': b'-- Found OpenCV: /usr (found suitable version "4.5.4", minimum required is "4.5.4") \n'}
[1.273340] (simple_robot) StdoutLine: {'line': b'-- Found ament_cmake: 1.3.11 (/opt/ros/humble/share/ament_cmake/cmake)\n'}
[1.311237] (-) TimerEvent: {}
[1.411958] (-) TimerEvent: {}
[1.513495] (-) TimerEvent: {}
[1.614830] (-) TimerEvent: {}
[1.719225] (-) TimerEvent: {}
[1.728672] (simple_robot) StdoutLine: {'line': b'-- Found Python3: /usr/bin/python3 (found version "3.10.12") found components: Interpreter \n'}
[1.821405] (-) TimerEvent: {}
[1.921932] (-) TimerEvent: {}
[1.932731] (simple_robot) StdoutLine: {'line': b'-- Found rclcpp: 16.0.11 (/opt/ros/humble/share/rclcpp/cmake)\n'}
[2.022070] (-) TimerEvent: {}
[2.045414] (simple_robot) StdoutLine: {'line': b'-- Found rosidl_generator_c: 3.1.6 (/opt/ros/humble/share/rosidl_generator_c/cmake)\n'}
[2.060910] (simple_robot) StdoutLine: {'line': b'-- Found rosidl_adapter: 3.1.6 (/opt/ros/humble/share/rosidl_adapter/cmake)\n'}
[2.090983] (simple_robot) StdoutLine: {'line': b'-- Found rosidl_generator_cpp: 3.1.6 (/opt/ros/humble/share/rosidl_generator_cpp/cmake)\n'}
[2.122270] (-) TimerEvent: {}
[2.130094] (simple_robot) StdoutLine: {'line': b'-- Using all available rosidl_typesupport_c: rosidl_typesupport_fastrtps_c;rosidl_typesupport_introspection_c\n'}
[2.187245] (simple_robot) StdoutLine: {'line': b'-- Using all available rosidl_typesupport_cpp: rosidl_typesupport_fastrtps_cpp;rosidl_typesupport_introspection_cpp\n'}
[2.223421] (-) TimerEvent: {}
[2.325855] (-) TimerEvent: {}
[2.426427] (-) TimerEvent: {}
[2.526944] (-) TimerEvent: {}
[2.528729] (simple_robot) StdoutLine: {'line': b'-- Found rmw_implementation_cmake: 6.1.2 (/opt/ros/humble/share/rmw_implementation_cmake/cmake)\n'}
[2.552039] (simple_robot) StdoutLine: {'line': b'-- Found rmw_fastrtps_cpp: 6.2.7 (/opt/ros/humble/share/rmw_fastrtps_cpp/cmake)\n'}
[2.627075] (-) TimerEvent: {}
[2.728205] (-) TimerEvent: {}
[2.828696] (-) TimerEvent: {}
[2.929796] (-) TimerEvent: {}
[3.030450] (-) TimerEvent: {}
[3.117743] (simple_robot) StdoutLine: {'line': b'-- Found OpenSSL: /usr/lib/x86_64-linux-gnu/libcrypto.so (found version "3.0.2")  \n'}
[3.130569] (-) TimerEvent: {}
[3.205046] (simple_robot) StdoutLine: {'line': b'-- Found FastRTPS: /opt/ros/humble/include  \n'}
[3.230700] (-) TimerEvent: {}
[3.331414] (simple_robot) StdoutLine: {'line': b"-- Using RMW implementation 'rmw_fastrtps_cpp' as default\n"}
[3.331824] (-) TimerEvent: {}
[3.367737] (simple_robot) StdoutLine: {'line': b'-- Looking for pthread.h\n'}
[3.432507] (-) TimerEvent: {}
[3.533076] (-) TimerEvent: {}
[3.633460] (simple_robot) StdoutLine: {'line': b'-- Looking for pthread.h - found\n'}
[3.634377] (-) TimerEvent: {}
[3.636347] (simple_robot) StdoutLine: {'line': b'-- Performing Test CMAKE_HAVE_LIBC_PTHREAD\n'}
[3.736183] (-) TimerEvent: {}
[3.840251] (-) TimerEvent: {}
[3.940812] (-) TimerEvent: {}
[3.943039] (simple_robot) StdoutLine: {'line': b'-- Performing Test CMAKE_HAVE_LIBC_PTHREAD - Success\n'}
[3.947148] (simple_robot) StdoutLine: {'line': b'-- Found Threads: TRUE  \n'}
[4.041765] (-) TimerEvent: {}
[4.142184] (simple_robot) StdoutLine: {'line': b'-- Found geometry_msgs: 4.2.4 (/opt/ros/humble/share/geometry_msgs/cmake)\n'}
[4.142664] (-) TimerEvent: {}
[4.186227] (simple_robot) StdoutLine: {'line': b'-- Found sensor_msgs: 4.2.4 (/opt/ros/humble/share/sensor_msgs/cmake)\n'}
[4.242829] (-) TimerEvent: {}
[4.246213] (simple_robot) StdoutLine: {'line': b'-- Found nav_msgs: 4.2.4 (/opt/ros/humble/share/nav_msgs/cmake)\n'}
[4.330077] (simple_robot) StdoutLine: {'line': b'-- Found OpenCV: /usr (found version "4.5.4") \n'}
[4.342959] (-) TimerEvent: {}
[4.443384] (-) TimerEvent: {}
[4.492544] (simple_robot) StdoutLine: {'line': b'-- DATA_DIR: /home/martina/rp_project/robot-programming-project/src/simple_robot/data\n'}
[4.494271] (simple_robot) StdoutLine: {'line': b'-- Configuring done\n'}
[4.543526] (-) TimerEvent: {}
[4.572501] (simple_robot) StdoutLine: {'line': b'-- Generating done\n'}
[4.601951] (simple_robot) StdoutLine: {'line': b'-- Build files have been written to: /home/martina/rp_project/robot-programming-project/src/simple_robot/build/simple_robot\n'}
[4.640803] (simple_robot) CommandEnded: {'returncode': 0}
[4.645373] (simple_robot) JobProgress: {'identifier': 'simple_robot', 'progress': 'build'}
[4.645500] (-) TimerEvent: {}
[4.645735] (simple_robot) Command: {'cmd': ['/usr/bin/cmake', '--build', '/home/martina/rp_project/robot-programming-project/src/simple_robot/build/simple_robot', '--', '-j4', '-l4'], 'cwd': '/home/martina/rp_project/robot-programming-project/src/simple_robot/build/simple_robot', 'env': OrderedDict([('GJS_DEBUG_TOPICS', 'JS ERROR;JS LOG'), ('LESSOPEN', '| /usr/bin/env /usr/bin/lesspipe %s 2>/dev/null'), ('CONDA_PROMPT_MODIFIER', '(base)'), ('LC_TIME', 'it_IT.UTF-8'), ('USER', 'martina'), ('XDG_SESSION_TYPE', 'wayland'), ('GIT_ASKPASS', '/usr/share/code/resources/app/extensions/git/dist/askpass.sh'), ('SHLVL', '2'), ('LD_LIBRARY_PATH', '/opt/ros/humble/opt/rviz_ogre_vendor/lib:/opt/ros/humble/lib/x86_64-linux-gnu:/opt/ros/humble/lib::/home/martina/.mujoco/mujoco210/bin:/usr/lib/nvidia:~/anaconda3/lib'), ('HOME', '/home/martina'), ('OLDPWD', '/home/martina/rp_project/robot-programming-project/src/simple_robot'), ('CHROME_DESKTOP', 'code.desktop'), ('TERMINFO', '/home/martina/.terminfo'), ('LESS', '-iRFXMx4'), ('CONDA_SHLVL', '1'), ('DESKTOP_SESSION', 'ubuntu'), ('TERM_PROGRAM_VERSION', '1.97.2'), ('GIO_LAUNCHED_DESKTOP_FILE', '/usr/share/applications/code.desktop'), ('LSCOLORS', 'ExGxDxDxCxDxDxFxFxexEx'), ('GTK_MODULES', 'gail:atk-bridge'), ('GNOME_SHELL_SESSION_MODE', 'ubuntu'), ('VSCODE_GIT_ASKPASS_MAIN', '/usr/share/code/resources/app/extensions/git/dist/askpass-main.js'), ('PAGER', 'less'), ('ROS_PYTHON_VERSION', '3'), ('LC_MONETARY', 'it_IT.UTF-8'), ('MANAGERPID', '887'), ('VSCODE_GIT_ASKPASS_NODE', '/usr/share/code/code'), ('SYSTEMD_EXEC_PID', '1152'), ('DBUS_SESSION_BUS_ADDRESS', 'unix:path=/run/user/1000/bus'), ('P9K_TTY', 'old'), ('GIO_LAUNCHED_DESKTOP_FILE_PID', '3260'), ('COLORTERM', 'truecolor'), ('_CE_M', ''), ('WAYLAND_DISPLAY', 'wayland-0'), ('INFOPATH', ''), ('ROS_DISTRO', 'humble'), ('COLCON_PREFIX_PATH', '/home/martina/rp_project/robot-programming-project/install'), ('LOGNAME', 'martina'), ('_', '/usr/bin/colcon'), ('JOURNAL_STREAM', '8:11413'), ('_P9K_SSH_TTY', '/dev/pts/5'), ('XDG_SESSION_CLASS', 'user'), ('USER_ZDOTDIR', '/home/martina'), ('ROS_VERSION', '2'), ('USERNAME', 'martina'), ('TERM', 'xterm-256color'), ('GNOME_DESKTOP_SESSION_ID', 'this-is-deprecated'), ('_CE_CONDA', ''), ('ROS_LOCALHOST_ONLY', '0'), ('PATH', '/opt/ros/humble/bin:/home/martina/.local/bin:/home/martina/.local/bin:/usr/lib/ccache:.:/home/martina/.mujoco/mujoco210/bin:/usr/lib/nvidia:/home/martina/anaconda3/condabin:/home/martina/bin:/home/martina/.local/bin:/usr/local/sbin:/usr/local/bin:/usr/sbin:/usr/bin:/sbin:/bin:/usr/games:/usr/local/games:/snap/bin:/home/martina/.cache/zsh4humans/v5/fzf/bin:/home/martina/other/install/bin'), ('SESSION_MANAGER', 'local/Martina-ThinkPad-X1-Yoga:@/tmp/.ICE-unix/1105,unix/Martina-ThinkPad-X1-Yoga:/tmp/.ICE-unix/1105'), ('INVOCATION_ID', 'abb78b4b018940349bd4da4c8fed9753'), ('LC_ADDRESS', 'it_IT.UTF-8'), ('XDG_RUNTIME_DIR', '/run/user/1000'), ('XDG_MENU_PREFIX', 'gnome-'), ('GNOME_SETUP_DISPLAY', ':1'), ('GDK_BACKEND', 'x11'), ('DISPLAY', ':0'), ('LANG', 'en_US.UTF-8'), ('LC_TELEPHONE', 'it_IT.UTF-8'), ('XDG_CURRENT_DESKTOP', 'Unity'), ('VSCODE_INJECTION', '1'), ('LD_PRELOAD', ':/usr/lib/x86_64-linux-gnu/libGLEW.so'), ('XDG_SESSION_DESKTOP', 'ubuntu'), ('XMODIFIERS', '@im=ibus'), ('XAUTHORITY', '/run/user/1000/.mutter-Xwaylandauth.L52E22'), ('TERM_PROGRAM', 'vscode'), ('VSCODE_GIT_IPC_HANDLE', '/run/user/1000/vscode-git-f640f2b3f6.sock'), ('LS_COLORS', 'fi=00:mi=00:mh=00:ln=01;36:or=01;31:di=01;34:ow=04;01;34:st=34:tw=04;34:pi=01;33:so=01;33:do=01;33:bd=01;33:cd=01;33:su=01;35:sg=01;35:ca=01;35:ex=01;32:no=38;5;248'), ('TREE_COLORS', 'fi=00:mi=00:mh=00:ln=01;36:or=01;31:di=01;34:ow=01;34:st=34:tw=34:pi=01;33:so=01;33:do=01;33:bd=01;33:cd=01;33:su=01;35:sg=01;35:ca=01;35:ex=01;32'), ('SSH_AGENT_LAUNCHER', 'gnome-keyring'), ('SSH_AUTH_SOCK', '/run/user/1000/keyring/ssh'), ('ORIGINAL_XDG_CURRENT_DESKTOP', 'ubuntu:GNOME'), ('CONDA_PYTHON_EXE', '/home/martina/anaconda3/bin/python'), ('AMENT_PREFIX_PATH', '/home/martina/rp_project/robot-programming-project/install/simple_robot:/opt/ros/humble'), ('LC_NAME', 'it_IT.UTF-8'), ('SHELL', '/usr/local/bin/zsh'), ('DEST', '/home/martina/other/install'), ('QT_ACCESSIBILITY', '1'), ('GDMSESSION', 'ubuntu'), ('CONDA_DEFAULT_ENV', 'base'), ('LC_MEASUREMENT', 'it_IT.UTF-8'), ('LC_IDENTIFICATION', 'it_IT.UTF-8'), ('GJS_DEBUG_OUTPUT', 'stderr'), ('P9K_SSH', '0'), ('QT_IM_MODULE', 'ibus'), ('VSCODE_GIT_ASKPASS_EXTRA_ARGS', ''), ('VSCODE_NONCE', '6b07265e-46af-412a-ae8b-c93e2b7fb3db'), ('LC_ALL', 'en_US.UTF-8'), ('PWD', '/home/martina/rp_project/robot-programming-project/src/simple_robot/build/simple_robot'), ('GPG_TTY', '/dev/pts/5'), ('XDG_DATA_DIRS', '/usr/local/share/:/usr/share/:/var/lib/snapd/desktop'), ('ZDOTDIR', '/home/martina'), ('_P9K_TTY', '/dev/pts/5'), ('CONDA_EXE', '/home/martina/anaconda3/bin/conda'), ('LC_NUMERIC', 'it_IT.UTF-8'), ('PYTHONPATH', '/opt/ros/humble/lib/python3.10/site-packages:/opt/ros/humble/local/lib/python3.10/dist-packages:/home/martina/other/install/lib/python3.10/site-packages/'), ('LC_PAPER', 'it_IT.UTF-8'), ('CONDA_PREFIX', '/home/martina/anaconda3'), ('COLCON', '1'), ('MANPATH', '/usr/local/share/man:/home/martina/.cache/zsh4humans/v5/fzf/man:'), ('CMAKE_PREFIX_PATH', '/home/martina/rp_project/robot-programming-project/install/simple_robot:/opt/ros/humble')]), 'shell': False}
[4.748299] (-) TimerEvent: {}
[4.848749] (-) TimerEvent: {}
[4.859289] (simple_robot) StdoutLine: {'line': b'\x1b[35m\x1b[1mConsolidate compiler generated dependencies of target grid_map\x1b[0m\n'}
[4.910424] (simple_robot) StdoutLine: {'line': b'\x1b[35m\x1b[1mConsolidate compiler generated dependencies of target robot_map_node\x1b[0m\n'}
[4.948893] (-) TimerEvent: {}
[5.055213] (-) TimerEvent: {}
[5.070904] (simple_robot) StdoutLine: {'line': b'[  8%] \x1b[32mBuilding CXX object src/CMakeFiles/grid_map.dir/main.cpp.o\x1b[0m\n'}
[5.134213] (simple_robot) StdoutLine: {'line': b'[ 16%] \x1b[32mBuilding CXX object CMakeFiles/robot_map_node.dir/src/main.cpp.o\x1b[0m\n'}
[5.158365] (-) TimerEvent: {}
[5.259050] (-) TimerEvent: {}
[5.365199] (-) TimerEvent: {}
[5.465674] (-) TimerEvent: {}
[5.566750] (-) TimerEvent: {}
[5.670226] (-) TimerEvent: {}
[5.774237] (-) TimerEvent: {}
[5.875207] (-) TimerEvent: {}
[5.977194] (-) TimerEvent: {}
[6.077641] (-) TimerEvent: {}
[6.178817] (-) TimerEvent: {}
[6.279829] (-) TimerEvent: {}
[6.382221] (-) TimerEvent: {}
[6.486226] (-) TimerEvent: {}
[6.589079] (-) TimerEvent: {}
[6.689583] (-) TimerEvent: {}
[6.791228] (-) TimerEvent: {}
[6.892662] (-) TimerEvent: {}
[6.993589] (-) TimerEvent: {}
[7.094881] (-) TimerEvent: {}
[7.197228] (-) TimerEvent: {}
[7.299242] (-) TimerEvent: {}
[7.399849] (-) TimerEvent: {}
[7.501341] (-) TimerEvent: {}
[7.604224] (-) TimerEvent: {}
[7.704680] (-) TimerEvent: {}
[7.805139] (-) TimerEvent: {}
[7.906182] (-) TimerEvent: {}
[8.008393] (-) TimerEvent: {}
[8.108843] (-) TimerEvent: {}
[8.211010] (-) TimerEvent: {}
[8.312380] (-) TimerEvent: {}
[8.415780] (-) TimerEvent: {}
[8.519620] (-) TimerEvent: {}
[8.621347] (-) TimerEvent: {}
[8.723201] (-) TimerEvent: {}
[8.823677] (-) TimerEvent: {}
[8.924260] (-) TimerEvent: {}
[9.025368] (-) TimerEvent: {}
[9.125753] (-) TimerEvent: {}
[9.231344] (-) TimerEvent: {}
[9.331812] (-) TimerEvent: {}
[9.433658] (-) TimerEvent: {}
[9.536345] (-) TimerEvent: {}
[9.636854] (-) TimerEvent: {}
[9.740118] (-) TimerEvent: {}
[9.843009] (-) TimerEvent: {}
[9.945210] (-) TimerEvent: {}
[10.045664] (-) TimerEvent: {}
[10.146113] (-) TimerEvent: {}
[10.246531] (-) TimerEvent: {}
[10.346919] (-) TimerEvent: {}
[10.447318] (-) TimerEvent: {}
[10.547706] (-) TimerEvent: {}
[10.648100] (-) TimerEvent: {}
[10.748495] (-) TimerEvent: {}
[10.848866] (-) TimerEvent: {}
[10.949213] (-) TimerEvent: {}
[11.049609] (-) TimerEvent: {}
[11.149996] (-) TimerEvent: {}
[11.250455] (-) TimerEvent: {}
[11.350838] (-) TimerEvent: {}
[11.451233] (-) TimerEvent: {}
[11.551687] (-) TimerEvent: {}
[11.652085] (-) TimerEvent: {}
[11.752489] (-) TimerEvent: {}
[11.852872] (-) TimerEvent: {}
[11.953539] (-) TimerEvent: {}
[12.054003] (-) TimerEvent: {}
[12.154428] (-) TimerEvent: {}
[12.255208] (-) TimerEvent: {}
[12.355872] (-) TimerEvent: {}
[12.456208] (-) TimerEvent: {}
[12.556603] (-) TimerEvent: {}
[12.657017] (-) TimerEvent: {}
[12.757474] (-) TimerEvent: {}
[12.857848] (-) TimerEvent: {}
[12.958209] (-) TimerEvent: {}
[13.058585] (-) TimerEvent: {}
[13.158974] (-) TimerEvent: {}
[13.259386] (-) TimerEvent: {}
[13.360625] (-) TimerEvent: {}
[13.461281] (-) TimerEvent: {}
[13.561662] (-) TimerEvent: {}
[13.662049] (-) TimerEvent: {}
[13.762455] (-) TimerEvent: {}
[13.863132] (-) TimerEvent: {}
[13.963791] (-) TimerEvent: {}
[14.064452] (-) TimerEvent: {}
[14.164876] (-) TimerEvent: {}
[14.265309] (-) TimerEvent: {}
[14.366162] (-) TimerEvent: {}
[14.466845] (-) TimerEvent: {}
[14.567212] (-) TimerEvent: {}
[14.667603] (-) TimerEvent: {}
[14.768034] (-) TimerEvent: {}
[14.868441] (-) TimerEvent: {}
[14.968835] (-) TimerEvent: {}
[15.069228] (-) TimerEvent: {}
[15.169650] (-) TimerEvent: {}
[15.270028] (-) TimerEvent: {}
[15.370496] (-) TimerEvent: {}
[15.470865] (-) TimerEvent: {}
[15.571211] (-) TimerEvent: {}
[15.671608] (-) TimerEvent: {}
[15.772246] (-) TimerEvent: {}
[15.872748] (-) TimerEvent: {}
[15.973232] (-) TimerEvent: {}
[16.074232] (-) TimerEvent: {}
[16.175402] (-) TimerEvent: {}
[16.275813] (-) TimerEvent: {}
[16.376449] (-) TimerEvent: {}
[16.477114] (-) TimerEvent: {}
[16.577499] (-) TimerEvent: {}
[16.678151] (-) TimerEvent: {}
[16.778529] (-) TimerEvent: {}
[16.879195] (-) TimerEvent: {}
[16.979606] (-) TimerEvent: {}
[17.080210] (-) TimerEvent: {}
[17.181459] (-) TimerEvent: {}
[17.281843] (-) TimerEvent: {}
[17.382746] (-) TimerEvent: {}
[17.483146] (-) TimerEvent: {}
[17.583525] (-) TimerEvent: {}
[17.683914] (-) TimerEvent: {}
[17.784329] (-) TimerEvent: {}
[17.884721] (-) TimerEvent: {}
[17.985101] (-) TimerEvent: {}
[18.085494] (-) TimerEvent: {}
[18.185879] (-) TimerEvent: {}
[18.286272] (-) TimerEvent: {}
[18.386651] (-) TimerEvent: {}
[18.487047] (-) TimerEvent: {}
[18.588051] (-) TimerEvent: {}
[18.688431] (-) TimerEvent: {}
[18.789331] (-) TimerEvent: {}
[18.889719] (-) TimerEvent: {}
[18.990116] (-) TimerEvent: {}
[19.090584] (-) TimerEvent: {}
[19.191012] (-) TimerEvent: {}
[19.291508] (-) TimerEvent: {}
[19.391948] (-) TimerEvent: {}
[19.492347] (-) TimerEvent: {}
[19.593373] (-) TimerEvent: {}
[19.693781] (-) TimerEvent: {}
[19.794176] (-) TimerEvent: {}
[19.894553] (-) TimerEvent: {}
[19.995300] (-) TimerEvent: {}
[20.095695] (-) TimerEvent: {}
[20.196154] (-) TimerEvent: {}
[20.296598] (-) TimerEvent: {}
[20.397583] (-) TimerEvent: {}
[20.498008] (-) TimerEvent: {}
[20.598487] (-) TimerEvent: {}
[20.698917] (-) TimerEvent: {}
[20.802273] (-) TimerEvent: {}
[20.898098] (simple_robot) StderrLine: {'line': b'\x1b[01m\x1b[K/home/martina/rp_project/robot-programming-project/src/simple_robot/src/main.cpp:\x1b[m\x1b[K In constructor \xe2\x80\x98\x1b[01m\x1b[KMapNode::MapNode()\x1b[m\x1b[K\xe2\x80\x99:\n'}
[20.898421] (simple_robot) StderrLine: {'line': b'\x1b[01m\x1b[K/home/martina/rp_project/robot-programming-project/src/simple_robot/src/main.cpp:90:28:\x1b[m\x1b[K \x1b[01;31m\x1b[Kerror: \x1b[m\x1b[Kno matching function for call to \xe2\x80\x98\x1b[01m\x1b[KGridMap::GridMap()\x1b[m\x1b[K\xe2\x80\x99\n'}
[20.898576] (simple_robot) StderrLine: {'line': b'   90 | MapNode() : Node("map_node"\x1b[01;31m\x1b[K)\x1b[m\x1b[K {\n'}
[20.898702] (simple_robot) StderrLine: {'line': b'      |                            \x1b[01;31m\x1b[K^\x1b[m\x1b[K\n'}
[20.898825] (simple_robot) StderrLine: {'line': b'In file included from \x1b[01m\x1b[K/home/martina/rp_project/robot-programming-project/src/simple_robot/src/main.cpp:8\x1b[m\x1b[K:\n'}
[20.898950] (simple_robot) StderrLine: {'line': b'\x1b[01m\x1b[K/home/martina/rp_project/robot-programming-project/src/simple_robot/src/../include/grid_map.h:20:3:\x1b[m\x1b[K \x1b[01;36m\x1b[Knote: \x1b[m\x1b[Kcandidate: \xe2\x80\x98\x1b[01m\x1b[KGridMap::GridMap(int, int, float)\x1b[m\x1b[K\xe2\x80\x99\n'}
[20.899080] (simple_robot) StderrLine: {'line': b'   20 |   \x1b[01;36m\x1b[KGridMap\x1b[m\x1b[K(int rows, int cols, float resolution);\n'}
[20.899221] (simple_robot) StderrLine: {'line': b'      |   \x1b[01;36m\x1b[K^~~~~~~\x1b[m\x1b[K\n'}
[20.899345] (simple_robot) StderrLine: {'line': b'\x1b[01m\x1b[K/home/martina/rp_project/robot-programming-project/src/simple_robot/src/../include/grid_map.h:20:3:\x1b[m\x1b[K \x1b[01;36m\x1b[Knote: \x1b[m\x1b[K  candidate expects 3 arguments, 0 provided\n'}
[20.899470] (simple_robot) StderrLine: {'line': b'\x1b[01m\x1b[K/home/martina/rp_project/robot-programming-project/src/simple_robot/src/../include/grid_map.h:17:8:\x1b[m\x1b[K \x1b[01;36m\x1b[Knote: \x1b[m\x1b[Kcandidate: \xe2\x80\x98\x1b[01m\x1b[KGridMap::GridMap(const GridMap&)\x1b[m\x1b[K\xe2\x80\x99\n'}
[20.899603] (simple_robot) StderrLine: {'line': b'   17 | struct \x1b[01;36m\x1b[KGridMap\x1b[m\x1b[K: public Grid_<uint8_t> {\n'}
[20.899722] (simple_robot) StderrLine: {'line': b'      |        \x1b[01;36m\x1b[K^~~~~~~\x1b[m\x1b[K\n'}
[20.899842] (simple_robot) StderrLine: {'line': b'\x1b[01m\x1b[K/home/martina/rp_project/robot-programming-project/src/simple_robot/src/../include/grid_map.h:17:8:\x1b[m\x1b[K \x1b[01;36m\x1b[Knote: \x1b[m\x1b[K  candidate expects 1 argument, 0 provided\n'}
[20.899974] (simple_robot) StderrLine: {'line': b'\x1b[01m\x1b[K/home/martina/rp_project/robot-programming-project/src/simple_robot/src/../include/grid_map.h:17:8:\x1b[m\x1b[K \x1b[01;36m\x1b[Knote: \x1b[m\x1b[Kcandidate: \xe2\x80\x98\x1b[01m\x1b[KGridMap::GridMap(GridMap&&)\x1b[m\x1b[K\xe2\x80\x99\n'}
[20.900094] (simple_robot) StderrLine: {'line': b'\x1b[01m\x1b[K/home/martina/rp_project/robot-programming-project/src/simple_robot/src/../include/grid_map.h:17:8:\x1b[m\x1b[K \x1b[01;36m\x1b[Knote: \x1b[m\x1b[K  candidate expects 1 argument, 0 provided\n'}
[20.902383] (simple_robot) StderrLine: {'line': b'gmake[2]: *** [src/CMakeFiles/grid_map.dir/build.make:132: src/CMakeFiles/grid_map.dir/main.cpp.o] Error 1\n'}
[20.902682] (-) TimerEvent: {}
[20.902989] (simple_robot) StderrLine: {'line': b'gmake[1]: *** [CMakeFiles/Makefile2:180: src/CMakeFiles/grid_map.dir/all] Error 2\n'}
[20.903464] (simple_robot) StderrLine: {'line': b'gmake[1]: *** Waiting for unfinished jobs....\n'}
[20.931748] (simple_robot) StderrLine: {'line': b'\x1b[01m\x1b[K/home/martina/rp_project/robot-programming-project/src/simple_robot/src/main.cpp:\x1b[m\x1b[K In constructor \xe2\x80\x98\x1b[01m\x1b[KMapNode::MapNode()\x1b[m\x1b[K\xe2\x80\x99:\n'}
[20.932016] (simple_robot) StderrLine: {'line': b'\x1b[01m\x1b[K/home/martina/rp_project/robot-programming-project/src/simple_robot/src/main.cpp:90:28:\x1b[m\x1b[K \x1b[01;31m\x1b[Kerror: \x1b[m\x1b[Kno matching function for call to \xe2\x80\x98\x1b[01m\x1b[KGridMap::GridMap()\x1b[m\x1b[K\xe2\x80\x99\n'}
[20.932180] (simple_robot) StderrLine: {'line': b'   90 | MapNode() : Node("map_node"\x1b[01;31m\x1b[K)\x1b[m\x1b[K {\n'}
[20.932318] (simple_robot) StderrLine: {'line': b'      |                            \x1b[01;31m\x1b[K^\x1b[m\x1b[K\n'}
[20.932437] (simple_robot) StderrLine: {'line': b'In file included from \x1b[01m\x1b[K/home/martina/rp_project/robot-programming-project/src/simple_robot/src/main.cpp:8\x1b[m\x1b[K:\n'}
[20.932557] (simple_robot) StderrLine: {'line': b'\x1b[01m\x1b[K/home/martina/rp_project/robot-programming-project/src/simple_robot/src/../include/grid_map.h:20:3:\x1b[m\x1b[K \x1b[01;36m\x1b[Knote: \x1b[m\x1b[Kcandidate: \xe2\x80\x98\x1b[01m\x1b[KGridMap::GridMap(int, int, float)\x1b[m\x1b[K\xe2\x80\x99\n'}
[20.932685] (simple_robot) StderrLine: {'line': b'   20 |   \x1b[01;36m\x1b[KGridMap\x1b[m\x1b[K(int rows, int cols, float resolution);\n'}
[20.932841] (simple_robot) StderrLine: {'line': b'      |   \x1b[01;36m\x1b[K^~~~~~~\x1b[m\x1b[K\n'}
[20.932958] (simple_robot) StderrLine: {'line': b'\x1b[01m\x1b[K/home/martina/rp_project/robot-programming-project/src/simple_robot/src/../include/grid_map.h:20:3:\x1b[m\x1b[K \x1b[01;36m\x1b[Knote: \x1b[m\x1b[K  candidate expects 3 arguments, 0 provided\n'}
[20.933081] (simple_robot) StderrLine: {'line': b'\x1b[01m\x1b[K/home/martina/rp_project/robot-programming-project/src/simple_robot/src/../include/grid_map.h:17:8:\x1b[m\x1b[K \x1b[01;36m\x1b[Knote: \x1b[m\x1b[Kcandidate: \xe2\x80\x98\x1b[01m\x1b[KGridMap::GridMap(const GridMap&)\x1b[m\x1b[K\xe2\x80\x99\n'}
[20.933229] (simple_robot) StderrLine: {'line': b'   17 | struct \x1b[01;36m\x1b[KGridMap\x1b[m\x1b[K: public Grid_<uint8_t> {\n'}
[20.933352] (simple_robot) StderrLine: {'line': b'      |        \x1b[01;36m\x1b[K^~~~~~~\x1b[m\x1b[K\n'}
[20.933486] (simple_robot) StderrLine: {'line': b'\x1b[01m\x1b[K/home/martina/rp_project/robot-programming-project/src/simple_robot/src/../include/grid_map.h:17:8:\x1b[m\x1b[K \x1b[01;36m\x1b[Knote: \x1b[m\x1b[K  candidate expects 1 argument, 0 provided\n'}
[20.933625] (simple_robot) StderrLine: {'line': b'\x1b[01m\x1b[K/home/martina/rp_project/robot-programming-project/src/simple_robot/src/../include/grid_map.h:17:8:\x1b[m\x1b[K \x1b[01;36m\x1b[Knote: \x1b[m\x1b[Kcandidate: \xe2\x80\x98\x1b[01m\x1b[KGridMap::GridMap(GridMap&&)\x1b[m\x1b[K\xe2\x80\x99\n'}
[20.934572] (simple_robot) StderrLine: {'line': b'\x1b[01m\x1b[K/home/martina/rp_project/robot-programming-project/src/simple_robot/src/../include/grid_map.h:17:8:\x1b[m\x1b[K \x1b[01;36m\x1b[Knote: \x1b[m\x1b[K  candidate expects 1 argument, 0 provided\n'}
[20.935729] (simple_robot) StderrLine: {'line': b'gmake[2]: *** [CMakeFiles/robot_map_node.dir/build.make:132: CMakeFiles/robot_map_node.dir/src/main.cpp.o] Error 1\n'}
[20.935982] (simple_robot) StderrLine: {'line': b'gmake[1]: *** [CMakeFiles/Makefile2:154: CMakeFiles/robot_map_node.dir/all] Error 2\n'}
[20.936351] (simple_robot) StderrLine: {'line': b'gmake: *** [Makefile:146: all] Error 2\n'}
[20.941319] (simple_robot) CommandEnded: {'returncode': 2}
[20.962601] (simple_robot) JobEnded: {'identifier': 'simple_robot', 'rc': 2}
[20.974500] (-) EventReactorShutdown: {}
