[0.000000] (-) TimerEvent: {}
[0.003795] (simple_robot) JobQueued: {'identifier': 'simple_robot', 'dependencies': OrderedDict()}
[0.003929] (simple_robot) JobStarted: {'identifier': 'simple_robot'}
[0.028808] (simple_robot) JobProgress: {'identifier': 'simple_robot', 'progress': 'cmake'}
[0.033287] (simple_robot) Command: {'cmd': ['/usr/bin/cmake', '/home/martina/rp_project/robot-programming-project/src/simple_robot', '-DCMAKE_INSTALL_PREFIX=/home/martina/rp_project/robot-programming-project/src/simple_robot/install/simple_robot'], 'cwd': '/home/martina/rp_project/robot-programming-project/src/simple_robot/build/simple_robot', 'env': OrderedDict([('GJS_DEBUG_TOPICS', 'JS ERROR;JS LOG'), ('LESSOPEN', '| /usr/bin/env /usr/bin/lesspipe %s 2>/dev/null'), ('CONDA_PROMPT_MODIFIER', '(base)'), ('LC_TIME', 'it_IT.UTF-8'), ('USER', 'martina'), ('XDG_SESSION_TYPE', 'wayland'), ('GIT_ASKPASS', '/usr/share/code/resources/app/extensions/git/dist/askpass.sh'), ('SHLVL', '2'), ('LD_LIBRARY_PATH', '/opt/ros/humble/opt/rviz_ogre_vendor/lib:/opt/ros/humble/lib/x86_64-linux-gnu:/opt/ros/humble/lib::/home/martina/.mujoco/mujoco210/bin:/usr/lib/nvidia:~/anaconda3/lib'), ('HOME', '/home/martina'), ('OLDPWD', '/home/martina/rp_project/robot-programming-project/src/simple_robot'), ('CHROME_DESKTOP', 'code.desktop'), ('TERMINFO', '/home/martina/.terminfo'), ('LESS', '-iRFXMx4'), ('CONDA_SHLVL', '1'), ('DESKTOP_SESSION', 'ubuntu'), ('TERM_PROGRAM_VERSION', '1.97.2'), ('GIO_LAUNCHED_DESKTOP_FILE', '/usr/share/applications/code.desktop'), ('LSCOLORS', 'ExGxDxDxCxDxDxFxFxexEx'), ('GTK_MODULES', 'gail:atk-bridge'), ('GNOME_SHELL_SESSION_MODE', 'ubuntu'), ('VSCODE_GIT_ASKPASS_MAIN', '/usr/share/code/resources/app/extensions/git/dist/askpass-main.js'), ('PAGER', 'less'), ('ROS_PYTHON_VERSION', '3'), ('LC_MONETARY', 'it_IT.UTF-8'), ('MANAGERPID', '887'), ('VSCODE_GIT_ASKPASS_NODE', '/usr/share/code/code'), ('SYSTEMD_EXEC_PID', '1152'), ('DBUS_SESSION_BUS_ADDRESS', 'unix:path=/run/user/1000/bus'), ('P9K_TTY', 'old'), ('GIO_LAUNCHED_DESKTOP_FILE_PID', '3260'), ('COLORTERM', 'truecolor'), ('_CE_M', ''), ('WAYLAND_DISPLAY', 'wayland-0'), ('INFOPATH', ''), ('ROS_DISTRO', 'humble'), ('COLCON_PREFIX_PATH', '/home/martina/rp_project/robot-programming-project/install'), ('LOGNAME', 'martina'), ('_', '/usr/bin/colcon'), ('JOURNAL_STREAM', '8:11413'), ('_P9K_SSH_TTY', '/dev/pts/2'), ('XDG_SESSION_CLASS', 'user'), ('USER_ZDOTDIR', '/home/martina'), ('ROS_VERSION', '2'), ('USERNAME', 'martina'), ('TERM', 'xterm-256color'), ('GNOME_DESKTOP_SESSION_ID', 'this-is-deprecated'), ('_CE_CONDA', ''), ('ROS_LOCALHOST_ONLY', '0'), ('PATH', '/opt/ros/humble/bin:/home/martina/.local/bin:/home/martina/.local/bin:/usr/lib/ccache:.:/home/martina/.mujoco/mujoco210/bin:/usr/lib/nvidia:/home/martina/anaconda3/condabin:/home/martina/bin:/home/martina/.local/bin:/usr/local/sbin:/usr/local/bin:/usr/sbin:/usr/bin:/sbin:/bin:/usr/games:/usr/local/games:/snap/bin:/home/martina/.cache/zsh4humans/v5/fzf/bin:/home/martina/other/install/bin'), ('SESSION_MANAGER', 'local/Martina-ThinkPad-X1-Yoga:@/tmp/.ICE-unix/1105,unix/Martina-ThinkPad-X1-Yoga:/tmp/.ICE-unix/1105'), ('INVOCATION_ID', 'abb78b4b018940349bd4da4c8fed9753'), ('LC_ADDRESS', 'it_IT.UTF-8'), ('XDG_RUNTIME_DIR', '/run/user/1000'), ('XDG_MENU_PREFIX', 'gnome-'), ('GNOME_SETUP_DISPLAY', ':1'), ('GDK_BACKEND', 'x11'), ('DISPLAY', ':0'), ('LANG', 'en_US.UTF-8'), ('LC_TELEPHONE', 'it_IT.UTF-8'), ('XDG_CURRENT_DESKTOP', 'Unity'), ('VSCODE_INJECTION', '1'), ('LD_PRELOAD', ':/usr/lib/x86_64-linux-gnu/libGLEW.so'), ('XDG_SESSION_DESKTOP', 'ubuntu'), ('XMODIFIERS', '@im=ibus'), ('XAUTHORITY', '/run/user/1000/.mutter-Xwaylandauth.L52E22'), ('TERM_PROGRAM', 'vscode'), ('VSCODE_GIT_IPC_HANDLE', '/run/user/1000/vscode-git-f640f2b3f6.sock'), ('LS_COLORS', 'fi=00:mi=00:mh=00:ln=01;36:or=01;31:di=01;34:ow=04;01;34:st=34:tw=04;34:pi=01;33:so=01;33:do=01;33:bd=01;33:cd=01;33:su=01;35:sg=01;35:ca=01;35:ex=01;32:no=38;5;248'), ('TREE_COLORS', 'fi=00:mi=00:mh=00:ln=01;36:or=01;31:di=01;34:ow=01;34:st=34:tw=34:pi=01;33:so=01;33:do=01;33:bd=01;33:cd=01;33:su=01;35:sg=01;35:ca=01;35:ex=01;32'), ('SSH_AGENT_LAUNCHER', 'gnome-keyring'), ('SSH_AUTH_SOCK', '/run/user/1000/keyring/ssh'), ('ORIGINAL_XDG_CURRENT_DESKTOP', 'ubuntu:GNOME'), ('CONDA_PYTHON_EXE', '/home/martina/anaconda3/bin/python'), ('AMENT_PREFIX_PATH', '/home/martina/rp_project/robot-programming-project/install/simple_robot:/opt/ros/humble'), ('LC_NAME', 'it_IT.UTF-8'), ('SHELL', '/usr/local/bin/zsh'), ('DEST', '/home/martina/other/install'), ('QT_ACCESSIBILITY', '1'), ('GDMSESSION', 'ubuntu'), ('CONDA_DEFAULT_ENV', 'base'), ('LC_MEASUREMENT', 'it_IT.UTF-8'), ('LC_IDENTIFICATION', 'it_IT.UTF-8'), ('GJS_DEBUG_OUTPUT', 'stderr'), ('P9K_SSH', '0'), ('QT_IM_MODULE', 'ibus'), ('VSCODE_GIT_ASKPASS_EXTRA_ARGS', ''), ('VSCODE_NONCE', 'f672ca6a-f6db-4411-8134-b3ad71667d44'), ('LC_ALL', 'en_US.UTF-8'), ('PWD', '/home/martina/rp_project/robot-programming-project/src/simple_robot/build/simple_robot'), ('GPG_TTY', '/dev/pts/2'), ('XDG_DATA_DIRS', '/usr/local/share/:/usr/share/:/var/lib/snapd/desktop'), ('ZDOTDIR', '/home/martina'), ('_P9K_TTY', '/dev/pts/2'), ('CONDA_EXE', '/home/martina/anaconda3/bin/conda'), ('LC_NUMERIC', 'it_IT.UTF-8'), ('PYTHONPATH', '/opt/ros/humble/lib/python3.10/site-packages:/opt/ros/humble/local/lib/python3.10/dist-packages:/home/martina/other/install/lib/python3.10/site-packages/'), ('LC_PAPER', 'it_IT.UTF-8'), ('CONDA_PREFIX', '/home/martina/anaconda3'), ('COLCON', '1'), ('MANPATH', '/usr/local/share/man:/home/martina/.cache/zsh4humans/v5/fzf/man:'), ('CMAKE_PREFIX_PATH', '/home/martina/rp_project/robot-programming-project/install/simple_robot:/opt/ros/humble')]), 'shell': False}
[0.102335] (-) TimerEvent: {}
[0.202854] (-) TimerEvent: {}
[0.210922] (simple_robot) StdoutLine: {'line': b'-- The C compiler identification is GNU 11.4.0\n'}
[0.302986] (-) TimerEvent: {}
[0.361580] (simple_robot) StdoutLine: {'line': b'-- The CXX compiler identification is GNU 11.4.0\n'}
[0.396929] (simple_robot) StdoutLine: {'line': b'-- Detecting C compiler ABI info\n'}
[0.406650] (-) TimerEvent: {}
[0.507025] (-) TimerEvent: {}
[0.586690] (simple_robot) StdoutLine: {'line': b'-- Detecting C compiler ABI info - done\n'}
[0.607135] (-) TimerEvent: {}
[0.610959] (simple_robot) StdoutLine: {'line': b'-- Check for working C compiler: /usr/lib/ccache/cc - skipped\n'}
[0.612511] (simple_robot) StdoutLine: {'line': b'-- Detecting C compile features\n'}
[0.613281] (simple_robot) StdoutLine: {'line': b'-- Detecting C compile features - done\n'}
[0.621247] (simple_robot) StdoutLine: {'line': b'-- Detecting CXX compiler ABI info\n'}
[0.707280] (-) TimerEvent: {}
[0.807744] (-) TimerEvent: {}
[0.910969] (simple_robot) StdoutLine: {'line': b'-- Detecting CXX compiler ABI info - done\n'}
[0.911381] (-) TimerEvent: {}
[0.963859] (simple_robot) StdoutLine: {'line': b'-- Check for working CXX compiler: /usr/lib/ccache/c++ - skipped\n'}
[0.964308] (simple_robot) StdoutLine: {'line': b'-- Detecting CXX compile features\n'}
[0.965448] (simple_robot) StdoutLine: {'line': b'-- Detecting CXX compile features - done\n'}
[0.991953] (simple_robot) StdoutLine: {'line': b'-- Found OpenCV: /usr (found suitable version "4.5.4", minimum required is "4.5.4") \n'}
[0.997247] (simple_robot) StdoutLine: {'line': b'-- Found ament_cmake: 1.3.11 (/opt/ros/humble/share/ament_cmake/cmake)\n'}
[1.011514] (-) TimerEvent: {}
[1.111876] (-) TimerEvent: {}
[1.213282] (-) TimerEvent: {}
[1.314180] (-) TimerEvent: {}
[1.349331] (simple_robot) StdoutLine: {'line': b'-- Found Python3: /usr/bin/python3 (found version "3.10.12") found components: Interpreter \n'}
[1.414246] (-) TimerEvent: {}
[1.514644] (-) TimerEvent: {}
[1.615451] (-) TimerEvent: {}
[1.624088] (simple_robot) StdoutLine: {'line': b'-- Found rclcpp: 16.0.11 (/opt/ros/humble/share/rclcpp/cmake)\n'}
[1.715605] (-) TimerEvent: {}
[1.730842] (simple_robot) StdoutLine: {'line': b'-- Found rosidl_generator_c: 3.1.6 (/opt/ros/humble/share/rosidl_generator_c/cmake)\n'}
[1.744449] (simple_robot) StdoutLine: {'line': b'-- Found rosidl_adapter: 3.1.6 (/opt/ros/humble/share/rosidl_adapter/cmake)\n'}
[1.773381] (simple_robot) StdoutLine: {'line': b'-- Found rosidl_generator_cpp: 3.1.6 (/opt/ros/humble/share/rosidl_generator_cpp/cmake)\n'}
[1.808379] (simple_robot) StdoutLine: {'line': b'-- Using all available rosidl_typesupport_c: rosidl_typesupport_fastrtps_c;rosidl_typesupport_introspection_c\n'}
[1.815770] (-) TimerEvent: {}
[1.846852] (simple_robot) StdoutLine: {'line': b'-- Using all available rosidl_typesupport_cpp: rosidl_typesupport_fastrtps_cpp;rosidl_typesupport_introspection_cpp\n'}
[1.915921] (-) TimerEvent: {}
[1.942377] (simple_robot) StdoutLine: {'line': b'-- Found rmw_implementation_cmake: 6.1.2 (/opt/ros/humble/share/rmw_implementation_cmake/cmake)\n'}
[1.946969] (simple_robot) StdoutLine: {'line': b'-- Found rmw_fastrtps_cpp: 6.2.7 (/opt/ros/humble/share/rmw_fastrtps_cpp/cmake)\n'}
[2.016033] (-) TimerEvent: {}
[2.118214] (-) TimerEvent: {}
[2.218954] (-) TimerEvent: {}
[2.314194] (simple_robot) StdoutLine: {'line': b'-- Found OpenSSL: /usr/lib/x86_64-linux-gnu/libcrypto.so (found version "3.0.2")  \n'}
[2.319094] (-) TimerEvent: {}
[2.390399] (simple_robot) StdoutLine: {'line': b'-- Found FastRTPS: /opt/ros/humble/include  \n'}
[2.420254] (-) TimerEvent: {}
[2.510095] (simple_robot) StdoutLine: {'line': b"-- Using RMW implementation 'rmw_fastrtps_cpp' as default\n"}
[2.520373] (-) TimerEvent: {}
[2.534545] (simple_robot) StdoutLine: {'line': b'-- Looking for pthread.h\n'}
[2.620503] (-) TimerEvent: {}
[2.721621] (-) TimerEvent: {}
[2.749063] (simple_robot) StdoutLine: {'line': b'-- Looking for pthread.h - found\n'}
[2.749404] (simple_robot) StdoutLine: {'line': b'-- Performing Test CMAKE_HAVE_LIBC_PTHREAD\n'}
[2.821755] (-) TimerEvent: {}
[2.922134] (-) TimerEvent: {}
[2.946453] (simple_robot) StdoutLine: {'line': b'-- Performing Test CMAKE_HAVE_LIBC_PTHREAD - Success\n'}
[2.954881] (simple_robot) StdoutLine: {'line': b'-- Found Threads: TRUE  \n'}
[3.024196] (-) TimerEvent: {}
[3.126026] (-) TimerEvent: {}
[3.146232] (simple_robot) StdoutLine: {'line': b'-- Found geometry_msgs: 4.2.4 (/opt/ros/humble/share/geometry_msgs/cmake)\n'}
[3.194946] (simple_robot) StdoutLine: {'line': b'-- Found sensor_msgs: 4.2.4 (/opt/ros/humble/share/sensor_msgs/cmake)\n'}
[3.226181] (-) TimerEvent: {}
[3.281689] (simple_robot) StdoutLine: {'line': b'-- Found nav_msgs: 4.2.4 (/opt/ros/humble/share/nav_msgs/cmake)\n'}
[3.326600] (-) TimerEvent: {}
[3.389777] (simple_robot) StdoutLine: {'line': b'-- Found OpenCV: /usr (found version "4.5.4") \n'}
[3.426702] (-) TimerEvent: {}
[3.529242] (-) TimerEvent: {}
[3.581723] (simple_robot) StdoutLine: {'line': b'-- DATA_DIR: /home/martina/rp_project/robot-programming-project/src/simple_robot/data\n'}
[3.582316] (simple_robot) StdoutLine: {'line': b'-- Configuring done\n'}
[3.631048] (-) TimerEvent: {}
[3.637876] (simple_robot) StdoutLine: {'line': b'-- Generating done\n'}
[3.661234] (simple_robot) StdoutLine: {'line': b'-- Build files have been written to: /home/martina/rp_project/robot-programming-project/src/simple_robot/build/simple_robot\n'}
[3.711783] (simple_robot) CommandEnded: {'returncode': 0}
[3.713046] (simple_robot) JobProgress: {'identifier': 'simple_robot', 'progress': 'build'}
[3.713134] (simple_robot) Command: {'cmd': ['/usr/bin/cmake', '--build', '/home/martina/rp_project/robot-programming-project/src/simple_robot/build/simple_robot', '--', '-j4', '-l4'], 'cwd': '/home/martina/rp_project/robot-programming-project/src/simple_robot/build/simple_robot', 'env': OrderedDict([('GJS_DEBUG_TOPICS', 'JS ERROR;JS LOG'), ('LESSOPEN', '| /usr/bin/env /usr/bin/lesspipe %s 2>/dev/null'), ('CONDA_PROMPT_MODIFIER', '(base)'), ('LC_TIME', 'it_IT.UTF-8'), ('USER', 'martina'), ('XDG_SESSION_TYPE', 'wayland'), ('GIT_ASKPASS', '/usr/share/code/resources/app/extensions/git/dist/askpass.sh'), ('SHLVL', '2'), ('LD_LIBRARY_PATH', '/opt/ros/humble/opt/rviz_ogre_vendor/lib:/opt/ros/humble/lib/x86_64-linux-gnu:/opt/ros/humble/lib::/home/martina/.mujoco/mujoco210/bin:/usr/lib/nvidia:~/anaconda3/lib'), ('HOME', '/home/martina'), ('OLDPWD', '/home/martina/rp_project/robot-programming-project/src/simple_robot'), ('CHROME_DESKTOP', 'code.desktop'), ('TERMINFO', '/home/martina/.terminfo'), ('LESS', '-iRFXMx4'), ('CONDA_SHLVL', '1'), ('DESKTOP_SESSION', 'ubuntu'), ('TERM_PROGRAM_VERSION', '1.97.2'), ('GIO_LAUNCHED_DESKTOP_FILE', '/usr/share/applications/code.desktop'), ('LSCOLORS', 'ExGxDxDxCxDxDxFxFxexEx'), ('GTK_MODULES', 'gail:atk-bridge'), ('GNOME_SHELL_SESSION_MODE', 'ubuntu'), ('VSCODE_GIT_ASKPASS_MAIN', '/usr/share/code/resources/app/extensions/git/dist/askpass-main.js'), ('PAGER', 'less'), ('ROS_PYTHON_VERSION', '3'), ('LC_MONETARY', 'it_IT.UTF-8'), ('MANAGERPID', '887'), ('VSCODE_GIT_ASKPASS_NODE', '/usr/share/code/code'), ('SYSTEMD_EXEC_PID', '1152'), ('DBUS_SESSION_BUS_ADDRESS', 'unix:path=/run/user/1000/bus'), ('P9K_TTY', 'old'), ('GIO_LAUNCHED_DESKTOP_FILE_PID', '3260'), ('COLORTERM', 'truecolor'), ('_CE_M', ''), ('WAYLAND_DISPLAY', 'wayland-0'), ('INFOPATH', ''), ('ROS_DISTRO', 'humble'), ('COLCON_PREFIX_PATH', '/home/martina/rp_project/robot-programming-project/install'), ('LOGNAME', 'martina'), ('_', '/usr/bin/colcon'), ('JOURNAL_STREAM', '8:11413'), ('_P9K_SSH_TTY', '/dev/pts/2'), ('XDG_SESSION_CLASS', 'user'), ('USER_ZDOTDIR', '/home/martina'), ('ROS_VERSION', '2'), ('USERNAME', 'martina'), ('TERM', 'xterm-256color'), ('GNOME_DESKTOP_SESSION_ID', 'this-is-deprecated'), ('_CE_CONDA', ''), ('ROS_LOCALHOST_ONLY', '0'), ('PATH', '/opt/ros/humble/bin:/home/martina/.local/bin:/home/martina/.local/bin:/usr/lib/ccache:.:/home/martina/.mujoco/mujoco210/bin:/usr/lib/nvidia:/home/martina/anaconda3/condabin:/home/martina/bin:/home/martina/.local/bin:/usr/local/sbin:/usr/local/bin:/usr/sbin:/usr/bin:/sbin:/bin:/usr/games:/usr/local/games:/snap/bin:/home/martina/.cache/zsh4humans/v5/fzf/bin:/home/martina/other/install/bin'), ('SESSION_MANAGER', 'local/Martina-ThinkPad-X1-Yoga:@/tmp/.ICE-unix/1105,unix/Martina-ThinkPad-X1-Yoga:/tmp/.ICE-unix/1105'), ('INVOCATION_ID', 'abb78b4b018940349bd4da4c8fed9753'), ('LC_ADDRESS', 'it_IT.UTF-8'), ('XDG_RUNTIME_DIR', '/run/user/1000'), ('XDG_MENU_PREFIX', 'gnome-'), ('GNOME_SETUP_DISPLAY', ':1'), ('GDK_BACKEND', 'x11'), ('DISPLAY', ':0'), ('LANG', 'en_US.UTF-8'), ('LC_TELEPHONE', 'it_IT.UTF-8'), ('XDG_CURRENT_DESKTOP', 'Unity'), ('VSCODE_INJECTION', '1'), ('LD_PRELOAD', ':/usr/lib/x86_64-linux-gnu/libGLEW.so'), ('XDG_SESSION_DESKTOP', 'ubuntu'), ('XMODIFIERS', '@im=ibus'), ('XAUTHORITY', '/run/user/1000/.mutter-Xwaylandauth.L52E22'), ('TERM_PROGRAM', 'vscode'), ('VSCODE_GIT_IPC_HANDLE', '/run/user/1000/vscode-git-f640f2b3f6.sock'), ('LS_COLORS', 'fi=00:mi=00:mh=00:ln=01;36:or=01;31:di=01;34:ow=04;01;34:st=34:tw=04;34:pi=01;33:so=01;33:do=01;33:bd=01;33:cd=01;33:su=01;35:sg=01;35:ca=01;35:ex=01;32:no=38;5;248'), ('TREE_COLORS', 'fi=00:mi=00:mh=00:ln=01;36:or=01;31:di=01;34:ow=01;34:st=34:tw=34:pi=01;33:so=01;33:do=01;33:bd=01;33:cd=01;33:su=01;35:sg=01;35:ca=01;35:ex=01;32'), ('SSH_AGENT_LAUNCHER', 'gnome-keyring'), ('SSH_AUTH_SOCK', '/run/user/1000/keyring/ssh'), ('ORIGINAL_XDG_CURRENT_DESKTOP', 'ubuntu:GNOME'), ('CONDA_PYTHON_EXE', '/home/martina/anaconda3/bin/python'), ('AMENT_PREFIX_PATH', '/home/martina/rp_project/robot-programming-project/install/simple_robot:/opt/ros/humble'), ('LC_NAME', 'it_IT.UTF-8'), ('SHELL', '/usr/local/bin/zsh'), ('DEST', '/home/martina/other/install'), ('QT_ACCESSIBILITY', '1'), ('GDMSESSION', 'ubuntu'), ('CONDA_DEFAULT_ENV', 'base'), ('LC_MEASUREMENT', 'it_IT.UTF-8'), ('LC_IDENTIFICATION', 'it_IT.UTF-8'), ('GJS_DEBUG_OUTPUT', 'stderr'), ('P9K_SSH', '0'), ('QT_IM_MODULE', 'ibus'), ('VSCODE_GIT_ASKPASS_EXTRA_ARGS', ''), ('VSCODE_NONCE', 'f672ca6a-f6db-4411-8134-b3ad71667d44'), ('LC_ALL', 'en_US.UTF-8'), ('PWD', '/home/martina/rp_project/robot-programming-project/src/simple_robot/build/simple_robot'), ('GPG_TTY', '/dev/pts/2'), ('XDG_DATA_DIRS', '/usr/local/share/:/usr/share/:/var/lib/snapd/desktop'), ('ZDOTDIR', '/home/martina'), ('_P9K_TTY', '/dev/pts/2'), ('CONDA_EXE', '/home/martina/anaconda3/bin/conda'), ('LC_NUMERIC', 'it_IT.UTF-8'), ('PYTHONPATH', '/opt/ros/humble/lib/python3.10/site-packages:/opt/ros/humble/local/lib/python3.10/dist-packages:/home/martina/other/install/lib/python3.10/site-packages/'), ('LC_PAPER', 'it_IT.UTF-8'), ('CONDA_PREFIX', '/home/martina/anaconda3'), ('COLCON', '1'), ('MANPATH', '/usr/local/share/man:/home/martina/.cache/zsh4humans/v5/fzf/man:'), ('CMAKE_PREFIX_PATH', '/home/martina/rp_project/robot-programming-project/install/simple_robot:/opt/ros/humble')]), 'shell': False}
[3.732343] (-) TimerEvent: {}
[3.832992] (-) TimerEvent: {}
[3.935405] (-) TimerEvent: {}
[3.966523] (simple_robot) StdoutLine: {'line': b'\x1b[35m\x1b[1mConsolidate compiler generated dependencies of target robot_map_node\x1b[0m\n'}
[4.006042] (simple_robot) StdoutLine: {'line': b'\x1b[35m\x1b[1mConsolidate compiler generated dependencies of target grid_map\x1b[0m\n'}
[4.035519] (-) TimerEvent: {}
[4.118387] (simple_robot) StdoutLine: {'line': b'[  8%] \x1b[32mBuilding CXX object src/CMakeFiles/grid_map.dir/main.cpp.o\x1b[0m\n'}
[4.128308] (simple_robot) StdoutLine: {'line': b'[ 16%] \x1b[32mBuilding CXX object CMakeFiles/robot_map_node.dir/src/main.cpp.o\x1b[0m\n'}
[4.135949] (-) TimerEvent: {}
[4.236887] (-) TimerEvent: {}
[4.340466] (-) TimerEvent: {}
[4.441668] (-) TimerEvent: {}
[4.545452] (-) TimerEvent: {}
[4.646065] (-) TimerEvent: {}
[4.746511] (-) TimerEvent: {}
[4.849526] (-) TimerEvent: {}
[4.950950] (-) TimerEvent: {}
[5.053478] (-) TimerEvent: {}
[5.155418] (-) TimerEvent: {}
[5.257249] (-) TimerEvent: {}
[5.357972] (-) TimerEvent: {}
[5.461446] (-) TimerEvent: {}
[5.562180] (-) TimerEvent: {}
[5.664502] (-) TimerEvent: {}
[5.766362] (-) TimerEvent: {}
[5.868258] (-) TimerEvent: {}
[5.971250] (-) TimerEvent: {}
[6.071814] (-) TimerEvent: {}
[6.172246] (-) TimerEvent: {}
[6.275328] (-) TimerEvent: {}
[6.376051] (-) TimerEvent: {}
[6.476862] (-) TimerEvent: {}
[6.579096] (-) TimerEvent: {}
[6.685413] (-) TimerEvent: {}
[6.785823] (-) TimerEvent: {}
[6.887010] (-) TimerEvent: {}
[6.988666] (-) TimerEvent: {}
[7.092228] (-) TimerEvent: {}
[7.195568] (-) TimerEvent: {}
[7.296004] (-) TimerEvent: {}
[7.396954] (-) TimerEvent: {}
[7.499558] (-) TimerEvent: {}
[7.602467] (-) TimerEvent: {}
[7.703558] (-) TimerEvent: {}
[7.806464] (-) TimerEvent: {}
[7.908929] (-) TimerEvent: {}
[8.012260] (-) TimerEvent: {}
[8.112706] (-) TimerEvent: {}
[8.214268] (-) TimerEvent: {}
[8.314712] (-) TimerEvent: {}
[8.415135] (-) TimerEvent: {}
[8.515891] (-) TimerEvent: {}
[8.616589] (-) TimerEvent: {}
[8.717038] (-) TimerEvent: {}
[8.817876] (-) TimerEvent: {}
[8.918544] (-) TimerEvent: {}
[9.019027] (-) TimerEvent: {}
[9.119676] (-) TimerEvent: {}
[9.220600] (-) TimerEvent: {}
[9.321470] (-) TimerEvent: {}
[9.422498] (-) TimerEvent: {}
[9.524281] (-) TimerEvent: {}
[9.624729] (-) TimerEvent: {}
[9.725400] (-) TimerEvent: {}
[9.825808] (-) TimerEvent: {}
[9.926457] (-) TimerEvent: {}
[10.026869] (-) TimerEvent: {}
[10.127324] (-) TimerEvent: {}
[10.227775] (-) TimerEvent: {}
[10.328178] (-) TimerEvent: {}
[10.428558] (-) TimerEvent: {}
[10.529042] (-) TimerEvent: {}
[10.629565] (-) TimerEvent: {}
[10.729957] (-) TimerEvent: {}
[10.830418] (-) TimerEvent: {}
[10.931253] (-) TimerEvent: {}
[11.032051] (-) TimerEvent: {}
[11.132707] (-) TimerEvent: {}
[11.236117] (-) TimerEvent: {}
[11.336522] (-) TimerEvent: {}
[11.436925] (-) TimerEvent: {}
[11.537360] (-) TimerEvent: {}
[11.641437] (-) TimerEvent: {}
[11.742177] (-) TimerEvent: {}
[11.842561] (-) TimerEvent: {}
[11.943136] (-) TimerEvent: {}
[12.043582] (-) TimerEvent: {}
[12.144215] (-) TimerEvent: {}
[12.244647] (-) TimerEvent: {}
[12.345032] (-) TimerEvent: {}
[12.445431] (-) TimerEvent: {}
[12.545808] (-) TimerEvent: {}
[12.646348] (-) TimerEvent: {}
[12.746730] (-) TimerEvent: {}
[12.847397] (-) TimerEvent: {}
[12.947783] (-) TimerEvent: {}
[13.048177] (-) TimerEvent: {}
[13.148568] (-) TimerEvent: {}
[13.248966] (-) TimerEvent: {}
[13.349608] (-) TimerEvent: {}
[13.450042] (-) TimerEvent: {}
[13.550684] (-) TimerEvent: {}
[13.651082] (-) TimerEvent: {}
[13.751507] (-) TimerEvent: {}
[13.851906] (-) TimerEvent: {}
[13.952256] (-) TimerEvent: {}
[14.052651] (-) TimerEvent: {}
[14.153348] (-) TimerEvent: {}
[14.253733] (-) TimerEvent: {}
[14.354152] (-) TimerEvent: {}
[14.454654] (-) TimerEvent: {}
[14.555272] (-) TimerEvent: {}
[14.656112] (-) TimerEvent: {}
[14.756493] (-) TimerEvent: {}
[14.856872] (-) TimerEvent: {}
[14.957311] (-) TimerEvent: {}
[15.058010] (-) TimerEvent: {}
[15.158550] (-) TimerEvent: {}
[15.258962] (-) TimerEvent: {}
[15.359353] (-) TimerEvent: {}
[15.459841] (-) TimerEvent: {}
[15.560902] (-) TimerEvent: {}
[15.661327] (-) TimerEvent: {}
[15.761711] (-) TimerEvent: {}
[15.862099] (-) TimerEvent: {}
[15.962506] (-) TimerEvent: {}
[16.062932] (-) TimerEvent: {}
[16.163295] (-) TimerEvent: {}
[16.263679] (-) TimerEvent: {}
[16.364055] (-) TimerEvent: {}
[16.464439] (-) TimerEvent: {}
[16.564829] (-) TimerEvent: {}
[16.665247] (-) TimerEvent: {}
[16.765628] (-) TimerEvent: {}
[16.866004] (-) TimerEvent: {}
[16.966434] (-) TimerEvent: {}
[17.066823] (-) TimerEvent: {}
[17.168244] (-) TimerEvent: {}
[17.268679] (-) TimerEvent: {}
[17.369157] (-) TimerEvent: {}
[17.469555] (-) TimerEvent: {}
[17.569946] (-) TimerEvent: {}
[17.670321] (-) TimerEvent: {}
[17.770704] (-) TimerEvent: {}
[17.871712] (-) TimerEvent: {}
[17.972126] (-) TimerEvent: {}
[18.072525] (-) TimerEvent: {}
[18.172929] (-) TimerEvent: {}
[18.273329] (-) TimerEvent: {}
[18.374248] (-) TimerEvent: {}
[18.476415] (-) TimerEvent: {}
[18.577723] (-) TimerEvent: {}
[18.684287] (-) TimerEvent: {}
[18.784779] (-) TimerEvent: {}
[18.886009] (-) TimerEvent: {}
[18.986514] (-) TimerEvent: {}
[19.088258] (-) TimerEvent: {}
[19.188917] (-) TimerEvent: {}
[19.291436] (-) TimerEvent: {}
[19.392049] (-) TimerEvent: {}
[19.492979] (-) TimerEvent: {}
[19.593362] (-) TimerEvent: {}
[19.693758] (-) TimerEvent: {}
[19.794244] (-) TimerEvent: {}
[19.894613] (-) TimerEvent: {}
[19.995006] (-) TimerEvent: {}
[20.095511] (-) TimerEvent: {}
[20.195940] (-) TimerEvent: {}
[20.296597] (-) TimerEvent: {}
[20.397007] (-) TimerEvent: {}
[20.497445] (-) TimerEvent: {}
[20.598085] (-) TimerEvent: {}
[20.698898] (-) TimerEvent: {}
[20.799349] (-) TimerEvent: {}
[20.899807] (-) TimerEvent: {}
[21.000221] (-) TimerEvent: {}
[21.100703] (-) TimerEvent: {}
[21.201585] (-) TimerEvent: {}
[21.302262] (-) TimerEvent: {}
[21.402700] (-) TimerEvent: {}
[21.503140] (-) TimerEvent: {}
[21.603583] (-) TimerEvent: {}
[21.704063] (-) TimerEvent: {}
[21.804688] (-) TimerEvent: {}
[21.905247] (-) TimerEvent: {}
[22.005681] (-) TimerEvent: {}
[22.106145] (-) TimerEvent: {}
[22.206679] (-) TimerEvent: {}
[22.311180] (-) TimerEvent: {}
[22.411577] (-) TimerEvent: {}
[22.512217] (-) TimerEvent: {}
[22.612671] (-) TimerEvent: {}
[22.713101] (-) TimerEvent: {}
[22.815129] (-) TimerEvent: {}
[22.916899] (-) TimerEvent: {}
[23.017774] (-) TimerEvent: {}
[23.118940] (-) TimerEvent: {}
[23.219895] (-) TimerEvent: {}
[23.324248] (-) TimerEvent: {}
[23.426352] (-) TimerEvent: {}
[23.526712] (-) TimerEvent: {}
[23.629237] (-) TimerEvent: {}
[23.729643] (-) TimerEvent: {}
[23.830387] (-) TimerEvent: {}
[23.931460] (-) TimerEvent: {}
[24.031875] (-) TimerEvent: {}
[24.132593] (-) TimerEvent: {}
[24.234285] (-) TimerEvent: {}
[24.334711] (-) TimerEvent: {}
[24.435202] (-) TimerEvent: {}
[24.535917] (-) TimerEvent: {}
[24.636822] (-) TimerEvent: {}
[24.737245] (-) TimerEvent: {}
[24.837696] (-) TimerEvent: {}
[24.938325] (-) TimerEvent: {}
[25.038945] (-) TimerEvent: {}
[25.139602] (-) TimerEvent: {}
[25.241858] (-) TimerEvent: {}
[25.342383] (-) TimerEvent: {}
[25.442772] (-) TimerEvent: {}
[25.543126] (-) TimerEvent: {}
[25.643731] (-) TimerEvent: {}
[25.744229] (-) TimerEvent: {}
[25.844672] (-) TimerEvent: {}
[25.945034] (-) TimerEvent: {}
[26.045459] (-) TimerEvent: {}
[26.145859] (-) TimerEvent: {}
[26.246241] (-) TimerEvent: {}
[26.346660] (-) TimerEvent: {}
[26.447006] (-) TimerEvent: {}
[26.547395] (-) TimerEvent: {}
[26.647948] (-) TimerEvent: {}
[26.748701] (-) TimerEvent: {}
[26.849365] (-) TimerEvent: {}
[26.949710] (-) TimerEvent: {}
[27.050101] (-) TimerEvent: {}
[27.150509] (-) TimerEvent: {}
[27.250906] (-) TimerEvent: {}
[27.351332] (-) TimerEvent: {}
[27.451659] (-) TimerEvent: {}
[27.552066] (-) TimerEvent: {}
[27.652500] (-) TimerEvent: {}
[27.753126] (-) TimerEvent: {}
[27.853534] (-) TimerEvent: {}
[27.954106] (-) TimerEvent: {}
[28.054674] (-) TimerEvent: {}
[28.155462] (-) TimerEvent: {}
[28.255879] (-) TimerEvent: {}
[28.356639] (-) TimerEvent: {}
[28.456977] (-) TimerEvent: {}
[28.557378] (-) TimerEvent: {}
[28.657943] (-) TimerEvent: {}
[28.758543] (-) TimerEvent: {}
[28.859116] (-) TimerEvent: {}
[28.959695] (-) TimerEvent: {}
[29.060094] (-) TimerEvent: {}
[29.160534] (-) TimerEvent: {}
[29.260989] (-) TimerEvent: {}
[29.361414] (-) TimerEvent: {}
[29.461790] (-) TimerEvent: {}
[29.562226] (-) TimerEvent: {}
[29.662666] (-) TimerEvent: {}
[29.763056] (-) TimerEvent: {}
[29.863723] (-) TimerEvent: {}
[29.964375] (-) TimerEvent: {}
[30.064799] (-) TimerEvent: {}
[30.165450] (-) TimerEvent: {}
[30.265886] (-) TimerEvent: {}
[30.366470] (-) TimerEvent: {}
[30.467002] (-) TimerEvent: {}
[30.568263] (-) TimerEvent: {}
[30.669252] (-) TimerEvent: {}
[30.769655] (-) TimerEvent: {}
[30.870071] (-) TimerEvent: {}
[30.970465] (-) TimerEvent: {}
[31.071048] (-) TimerEvent: {}
[31.171402] (-) TimerEvent: {}
[31.271749] (-) TimerEvent: {}
[31.372106] (-) TimerEvent: {}
[31.472469] (-) TimerEvent: {}
[31.572810] (-) TimerEvent: {}
[31.673147] (-) TimerEvent: {}
[31.773524] (-) TimerEvent: {}
[31.874585] (-) TimerEvent: {}
[31.974951] (-) TimerEvent: {}
[32.075354] (-) TimerEvent: {}
[32.175751] (-) TimerEvent: {}
[32.276149] (-) TimerEvent: {}
[32.376512] (-) TimerEvent: {}
[32.476867] (-) TimerEvent: {}
[32.577727] (-) TimerEvent: {}
[32.678329] (-) TimerEvent: {}
[32.778705] (-) TimerEvent: {}
[32.879119] (-) TimerEvent: {}
[32.979535] (-) TimerEvent: {}
[33.080372] (-) TimerEvent: {}
[33.180996] (-) TimerEvent: {}
[33.281435] (-) TimerEvent: {}
[33.381986] (-) TimerEvent: {}
[33.482364] (-) TimerEvent: {}
[33.582771] (-) TimerEvent: {}
[33.683186] (-) TimerEvent: {}
[33.783559] (-) TimerEvent: {}
[33.884126] (-) TimerEvent: {}
[33.984608] (-) TimerEvent: {}
[34.085089] (-) TimerEvent: {}
[34.179761] (simple_robot) StdoutLine: {'line': b'[ 25%] \x1b[32m\x1b[1mLinking CXX shared library libgrid_map.so\x1b[0m\n'}
[34.185244] (-) TimerEvent: {}
[34.287213] (-) TimerEvent: {}
[34.387652] (-) TimerEvent: {}
[34.486252] (simple_robot) StdoutLine: {'line': b'[ 33%] \x1b[32m\x1b[1mLinking CXX executable robot_map_node\x1b[0m\n'}
[34.487745] (-) TimerEvent: {}
[34.589103] (-) TimerEvent: {}
[34.690726] (-) TimerEvent: {}
[34.793828] (-) TimerEvent: {}
[34.894434] (-) TimerEvent: {}
[34.997275] (-) TimerEvent: {}
[35.098452] (-) TimerEvent: {}
[35.198946] (-) TimerEvent: {}
[35.300667] (-) TimerEvent: {}
[35.406808] (-) TimerEvent: {}
[35.509596] (-) TimerEvent: {}
[35.610137] (-) TimerEvent: {}
[35.711614] (-) TimerEvent: {}
[35.814545] (-) TimerEvent: {}
[35.914990] (-) TimerEvent: {}
[36.015853] (-) TimerEvent: {}
[36.118691] (-) TimerEvent: {}
[36.219225] (-) TimerEvent: {}
[36.319765] (-) TimerEvent: {}
[36.421772] (-) TimerEvent: {}
[36.526234] (-) TimerEvent: {}
[36.629693] (-) TimerEvent: {}
[36.730226] (-) TimerEvent: {}
[36.831235] (-) TimerEvent: {}
[36.932628] (-) TimerEvent: {}
[37.033668] (-) TimerEvent: {}
[37.137518] (-) TimerEvent: {}
[37.233422] (simple_robot) StdoutLine: {'line': b'[ 66%] Built target grid_map\n'}
[37.237721] (-) TimerEvent: {}
[37.344290] (-) TimerEvent: {}
[37.447249] (-) TimerEvent: {}
[37.547674] (-) TimerEvent: {}
[37.648068] (-) TimerEvent: {}
[37.748532] (-) TimerEvent: {}
[37.848956] (-) TimerEvent: {}
[37.950069] (-) TimerEvent: {}
[38.052453] (-) TimerEvent: {}
[38.153004] (-) TimerEvent: {}
[38.253594] (-) TimerEvent: {}
[38.354140] (-) TimerEvent: {}
[38.455520] (-) TimerEvent: {}
[38.558392] (-) TimerEvent: {}
[38.658873] (-) TimerEvent: {}
[38.759799] (-) TimerEvent: {}
[38.787270] (simple_robot) StdoutLine: {'line': b'[100%] Built target robot_map_node\n'}
[38.833674] (simple_robot) CommandEnded: {'returncode': 0}
[38.835395] (simple_robot) JobProgress: {'identifier': 'simple_robot', 'progress': 'install'}
[38.859962] (-) TimerEvent: {}
[38.864831] (simple_robot) Command: {'cmd': ['/usr/bin/cmake', '--install', '/home/martina/rp_project/robot-programming-project/src/simple_robot/build/simple_robot'], 'cwd': '/home/martina/rp_project/robot-programming-project/src/simple_robot/build/simple_robot', 'env': OrderedDict([('GJS_DEBUG_TOPICS', 'JS ERROR;JS LOG'), ('LESSOPEN', '| /usr/bin/env /usr/bin/lesspipe %s 2>/dev/null'), ('CONDA_PROMPT_MODIFIER', '(base)'), ('LC_TIME', 'it_IT.UTF-8'), ('USER', 'martina'), ('XDG_SESSION_TYPE', 'wayland'), ('GIT_ASKPASS', '/usr/share/code/resources/app/extensions/git/dist/askpass.sh'), ('SHLVL', '2'), ('LD_LIBRARY_PATH', '/opt/ros/humble/opt/rviz_ogre_vendor/lib:/opt/ros/humble/lib/x86_64-linux-gnu:/opt/ros/humble/lib::/home/martina/.mujoco/mujoco210/bin:/usr/lib/nvidia:~/anaconda3/lib'), ('HOME', '/home/martina'), ('OLDPWD', '/home/martina/rp_project/robot-programming-project/src/simple_robot'), ('CHROME_DESKTOP', 'code.desktop'), ('TERMINFO', '/home/martina/.terminfo'), ('LESS', '-iRFXMx4'), ('CONDA_SHLVL', '1'), ('DESKTOP_SESSION', 'ubuntu'), ('TERM_PROGRAM_VERSION', '1.97.2'), ('GIO_LAUNCHED_DESKTOP_FILE', '/usr/share/applications/code.desktop'), ('LSCOLORS', 'ExGxDxDxCxDxDxFxFxexEx'), ('GTK_MODULES', 'gail:atk-bridge'), ('GNOME_SHELL_SESSION_MODE', 'ubuntu'), ('VSCODE_GIT_ASKPASS_MAIN', '/usr/share/code/resources/app/extensions/git/dist/askpass-main.js'), ('PAGER', 'less'), ('ROS_PYTHON_VERSION', '3'), ('LC_MONETARY', 'it_IT.UTF-8'), ('MANAGERPID', '887'), ('VSCODE_GIT_ASKPASS_NODE', '/usr/share/code/code'), ('SYSTEMD_EXEC_PID', '1152'), ('DBUS_SESSION_BUS_ADDRESS', 'unix:path=/run/user/1000/bus'), ('P9K_TTY', 'old'), ('GIO_LAUNCHED_DESKTOP_FILE_PID', '3260'), ('COLORTERM', 'truecolor'), ('_CE_M', ''), ('WAYLAND_DISPLAY', 'wayland-0'), ('INFOPATH', ''), ('ROS_DISTRO', 'humble'), ('COLCON_PREFIX_PATH', '/home/martina/rp_project/robot-programming-project/install'), ('LOGNAME', 'martina'), ('_', '/usr/bin/colcon'), ('JOURNAL_STREAM', '8:11413'), ('_P9K_SSH_TTY', '/dev/pts/2'), ('XDG_SESSION_CLASS', 'user'), ('USER_ZDOTDIR', '/home/martina'), ('ROS_VERSION', '2'), ('USERNAME', 'martina'), ('TERM', 'xterm-256color'), ('GNOME_DESKTOP_SESSION_ID', 'this-is-deprecated'), ('_CE_CONDA', ''), ('ROS_LOCALHOST_ONLY', '0'), ('PATH', '/opt/ros/humble/bin:/home/martina/.local/bin:/home/martina/.local/bin:/usr/lib/ccache:.:/home/martina/.mujoco/mujoco210/bin:/usr/lib/nvidia:/home/martina/anaconda3/condabin:/home/martina/bin:/home/martina/.local/bin:/usr/local/sbin:/usr/local/bin:/usr/sbin:/usr/bin:/sbin:/bin:/usr/games:/usr/local/games:/snap/bin:/home/martina/.cache/zsh4humans/v5/fzf/bin:/home/martina/other/install/bin'), ('SESSION_MANAGER', 'local/Martina-ThinkPad-X1-Yoga:@/tmp/.ICE-unix/1105,unix/Martina-ThinkPad-X1-Yoga:/tmp/.ICE-unix/1105'), ('INVOCATION_ID', 'abb78b4b018940349bd4da4c8fed9753'), ('LC_ADDRESS', 'it_IT.UTF-8'), ('XDG_RUNTIME_DIR', '/run/user/1000'), ('XDG_MENU_PREFIX', 'gnome-'), ('GNOME_SETUP_DISPLAY', ':1'), ('GDK_BACKEND', 'x11'), ('DISPLAY', ':0'), ('LANG', 'en_US.UTF-8'), ('LC_TELEPHONE', 'it_IT.UTF-8'), ('XDG_CURRENT_DESKTOP', 'Unity'), ('VSCODE_INJECTION', '1'), ('LD_PRELOAD', ':/usr/lib/x86_64-linux-gnu/libGLEW.so'), ('XDG_SESSION_DESKTOP', 'ubuntu'), ('XMODIFIERS', '@im=ibus'), ('XAUTHORITY', '/run/user/1000/.mutter-Xwaylandauth.L52E22'), ('TERM_PROGRAM', 'vscode'), ('VSCODE_GIT_IPC_HANDLE', '/run/user/1000/vscode-git-f640f2b3f6.sock'), ('LS_COLORS', 'fi=00:mi=00:mh=00:ln=01;36:or=01;31:di=01;34:ow=04;01;34:st=34:tw=04;34:pi=01;33:so=01;33:do=01;33:bd=01;33:cd=01;33:su=01;35:sg=01;35:ca=01;35:ex=01;32:no=38;5;248'), ('TREE_COLORS', 'fi=00:mi=00:mh=00:ln=01;36:or=01;31:di=01;34:ow=01;34:st=34:tw=34:pi=01;33:so=01;33:do=01;33:bd=01;33:cd=01;33:su=01;35:sg=01;35:ca=01;35:ex=01;32'), ('SSH_AGENT_LAUNCHER', 'gnome-keyring'), ('SSH_AUTH_SOCK', '/run/user/1000/keyring/ssh'), ('ORIGINAL_XDG_CURRENT_DESKTOP', 'ubuntu:GNOME'), ('CONDA_PYTHON_EXE', '/home/martina/anaconda3/bin/python'), ('AMENT_PREFIX_PATH', '/home/martina/rp_project/robot-programming-project/install/simple_robot:/opt/ros/humble'), ('LC_NAME', 'it_IT.UTF-8'), ('SHELL', '/usr/local/bin/zsh'), ('DEST', '/home/martina/other/install'), ('QT_ACCESSIBILITY', '1'), ('GDMSESSION', 'ubuntu'), ('CONDA_DEFAULT_ENV', 'base'), ('LC_MEASUREMENT', 'it_IT.UTF-8'), ('LC_IDENTIFICATION', 'it_IT.UTF-8'), ('GJS_DEBUG_OUTPUT', 'stderr'), ('P9K_SSH', '0'), ('QT_IM_MODULE', 'ibus'), ('VSCODE_GIT_ASKPASS_EXTRA_ARGS', ''), ('VSCODE_NONCE', 'f672ca6a-f6db-4411-8134-b3ad71667d44'), ('LC_ALL', 'en_US.UTF-8'), ('PWD', '/home/martina/rp_project/robot-programming-project/src/simple_robot/build/simple_robot'), ('GPG_TTY', '/dev/pts/2'), ('XDG_DATA_DIRS', '/usr/local/share/:/usr/share/:/var/lib/snapd/desktop'), ('ZDOTDIR', '/home/martina'), ('_P9K_TTY', '/dev/pts/2'), ('CONDA_EXE', '/home/martina/anaconda3/bin/conda'), ('LC_NUMERIC', 'it_IT.UTF-8'), ('PYTHONPATH', '/opt/ros/humble/lib/python3.10/site-packages:/opt/ros/humble/local/lib/python3.10/dist-packages:/home/martina/other/install/lib/python3.10/site-packages/'), ('LC_PAPER', 'it_IT.UTF-8'), ('CONDA_PREFIX', '/home/martina/anaconda3'), ('COLCON', '1'), ('MANPATH', '/usr/local/share/man:/home/martina/.cache/zsh4humans/v5/fzf/man:'), ('CMAKE_PREFIX_PATH', '/home/martina/rp_project/robot-programming-project/install/simple_robot:/opt/ros/humble')]), 'shell': False}
[38.903970] (simple_robot) StdoutLine: {'line': b'-- Install configuration: ""\n'}
[38.909411] (simple_robot) StdoutLine: {'line': b'-- Installing: /home/martina/rp_project/robot-programming-project/src/simple_robot/install/simple_robot/lib/simple_robot/robot_map_node\n'}
[38.931264] (simple_robot) StdoutLine: {'line': b'-- Set runtime path of "/home/martina/rp_project/robot-programming-project/src/simple_robot/install/simple_robot/lib/simple_robot/robot_map_node" to ""\n'}
[38.933858] (simple_robot) StdoutLine: {'line': b'-- Up-to-date: /home/martina/rp_project/robot-programming-project/src/simple_robot/install/simple_robot/share/ament_index/resource_index/package_run_dependencies/simple_robot\n'}
[38.938334] (simple_robot) StdoutLine: {'line': b'-- Up-to-date: /home/martina/rp_project/robot-programming-project/src/simple_robot/install/simple_robot/share/ament_index/resource_index/parent_prefix_path/simple_robot\n'}
[38.938789] (simple_robot) StdoutLine: {'line': b'-- Up-to-date: /home/martina/rp_project/robot-programming-project/src/simple_robot/install/simple_robot/share/simple_robot/environment/ament_prefix_path.sh\n'}
[38.939032] (simple_robot) StdoutLine: {'line': b'-- Installing: /home/martina/rp_project/robot-programming-project/src/simple_robot/install/simple_robot/share/simple_robot/environment/ament_prefix_path.dsv\n'}
[38.939341] (simple_robot) StdoutLine: {'line': b'-- Up-to-date: /home/martina/rp_project/robot-programming-project/src/simple_robot/install/simple_robot/share/simple_robot/environment/path.sh\n'}
[38.941211] (simple_robot) StdoutLine: {'line': b'-- Installing: /home/martina/rp_project/robot-programming-project/src/simple_robot/install/simple_robot/share/simple_robot/environment/path.dsv\n'}
[38.954106] (simple_robot) StdoutLine: {'line': b'-- Up-to-date: /home/martina/rp_project/robot-programming-project/src/simple_robot/install/simple_robot/share/simple_robot/local_setup.bash\n'}
[38.954931] (simple_robot) StdoutLine: {'line': b'-- Up-to-date: /home/martina/rp_project/robot-programming-project/src/simple_robot/install/simple_robot/share/simple_robot/local_setup.sh\n'}
[38.955257] (simple_robot) StdoutLine: {'line': b'-- Up-to-date: /home/martina/rp_project/robot-programming-project/src/simple_robot/install/simple_robot/share/simple_robot/local_setup.zsh\n'}
[38.959926] (simple_robot) StdoutLine: {'line': b'-- Installing: /home/martina/rp_project/robot-programming-project/src/simple_robot/install/simple_robot/share/simple_robot/local_setup.dsv\n'}
[38.960297] (-) TimerEvent: {}
[38.960494] (simple_robot) StdoutLine: {'line': b'-- Installing: /home/martina/rp_project/robot-programming-project/src/simple_robot/install/simple_robot/share/simple_robot/package.dsv\n'}
[38.961388] (simple_robot) StdoutLine: {'line': b'-- Up-to-date: /home/martina/rp_project/robot-programming-project/src/simple_robot/install/simple_robot/share/ament_index/resource_index/packages/simple_robot\n'}
[38.964300] (simple_robot) StdoutLine: {'line': b'-- Up-to-date: /home/martina/rp_project/robot-programming-project/src/simple_robot/install/simple_robot/share/simple_robot/cmake/simple_robotConfig.cmake\n'}
[38.965541] (simple_robot) StdoutLine: {'line': b'-- Up-to-date: /home/martina/rp_project/robot-programming-project/src/simple_robot/install/simple_robot/share/simple_robot/cmake/simple_robotConfig-version.cmake\n'}
[38.966320] (simple_robot) StdoutLine: {'line': b'-- Up-to-date: /home/martina/rp_project/robot-programming-project/src/simple_robot/install/simple_robot/share/simple_robot/package.xml\n'}
[38.969328] (simple_robot) CommandEnded: {'returncode': 0}
[39.040971] (simple_robot) JobEnded: {'identifier': 'simple_robot', 'rc': 0}
[39.043291] (-) EventReactorShutdown: {}
