[0.000000] (-) TimerEvent: {}
[0.000268] (simple_robot) JobQueued: {'identifier': 'simple_robot', 'dependencies': OrderedDict()}
[0.000368] (simple_robot) JobStarted: {'identifier': 'simple_robot'}
[0.024127] (simple_robot) JobProgress: {'identifier': 'simple_robot', 'progress': 'cmake'}
[0.024789] (simple_robot) Command: {'cmd': ['/usr/bin/cmake', '/home/martina/rp_project/robot-programming-project/src/simple_robot', '-DCMAKE_INSTALL_PREFIX=/home/martina/rp_project/robot-programming-project/src/simple_robot/install/simple_robot'], 'cwd': '/home/martina/rp_project/robot-programming-project/src/simple_robot/build/simple_robot', 'env': OrderedDict([('GJS_DEBUG_TOPICS', 'JS ERROR;JS LOG'), ('LESSOPEN', '| /usr/bin/env /usr/bin/lesspipe %s 2>/dev/null'), ('CONDA_PROMPT_MODIFIER', '(base)'), ('LC_TIME', 'it_IT.UTF-8'), ('USER', 'martina'), ('XDG_SESSION_TYPE', 'wayland'), ('GIT_ASKPASS', '/usr/share/code/resources/app/extensions/git/dist/askpass.sh'), ('SHLVL', '2'), ('LD_LIBRARY_PATH', '/opt/ros/humble/opt/rviz_ogre_vendor/lib:/opt/ros/humble/lib/x86_64-linux-gnu:/opt/ros/humble/lib::/home/martina/.mujoco/mujoco210/bin:/usr/lib/nvidia:~/anaconda3/lib'), ('HOME', '/home/martina'), ('OLDPWD', '/home/martina/rp_project/robot-programming-project/src/simple_robot'), ('CHROME_DESKTOP', 'code.desktop'), ('TERMINFO', '/home/martina/.terminfo'), ('LESS', '-iRFXMx4'), ('CONDA_SHLVL', '1'), ('DESKTOP_SESSION', 'ubuntu'), ('TERM_PROGRAM_VERSION', '1.97.2'), ('GIO_LAUNCHED_DESKTOP_FILE', '/usr/share/applications/code.desktop'), ('LSCOLORS', 'ExGxDxDxCxDxDxFxFxexEx'), ('GTK_MODULES', 'gail:atk-bridge'), ('GNOME_SHELL_SESSION_MODE', 'ubuntu'), ('VSCODE_GIT_ASKPASS_MAIN', '/usr/share/code/resources/app/extensions/git/dist/askpass-main.js'), ('PAGER', 'less'), ('ROS_PYTHON_VERSION', '3'), ('LC_MONETARY', 'it_IT.UTF-8'), ('MANAGERPID', '887'), ('VSCODE_GIT_ASKPASS_NODE', '/usr/share/code/code'), ('SYSTEMD_EXEC_PID', '1152'), ('DBUS_SESSION_BUS_ADDRESS', 'unix:path=/run/user/1000/bus'), ('P9K_TTY', 'old'), ('GIO_LAUNCHED_DESKTOP_FILE_PID', '3260'), ('COLORTERM', 'truecolor'), ('_CE_M', ''), ('WAYLAND_DISPLAY', 'wayland-0'), ('INFOPATH', ''), ('ROS_DISTRO', 'humble'), ('COLCON_PREFIX_PATH', '/home/martina/rp_project/robot-programming-project/install'), ('LOGNAME', 'martina'), ('_', '/usr/bin/colcon'), ('JOURNAL_STREAM', '8:11413'), ('_P9K_SSH_TTY', '/dev/pts/2'), ('XDG_SESSION_CLASS', 'user'), ('USER_ZDOTDIR', '/home/martina'), ('ROS_VERSION', '2'), ('USERNAME', 'martina'), ('TERM', 'xterm-256color'), ('GNOME_DESKTOP_SESSION_ID', 'this-is-deprecated'), ('_CE_CONDA', ''), ('ROS_LOCALHOST_ONLY', '0'), ('PATH', '/opt/ros/humble/bin:/home/martina/.local/bin:/home/martina/.local/bin:/usr/lib/ccache:.:/home/martina/.mujoco/mujoco210/bin:/usr/lib/nvidia:/home/martina/anaconda3/condabin:/home/martina/bin:/home/martina/.local/bin:/usr/local/sbin:/usr/local/bin:/usr/sbin:/usr/bin:/sbin:/bin:/usr/games:/usr/local/games:/snap/bin:/home/martina/.cache/zsh4humans/v5/fzf/bin:/home/martina/other/install/bin'), ('SESSION_MANAGER', 'local/Martina-ThinkPad-X1-Yoga:@/tmp/.ICE-unix/1105,unix/Martina-ThinkPad-X1-Yoga:/tmp/.ICE-unix/1105'), ('INVOCATION_ID', 'abb78b4b018940349bd4da4c8fed9753'), ('LC_ADDRESS', 'it_IT.UTF-8'), ('XDG_RUNTIME_DIR', '/run/user/1000'), ('XDG_MENU_PREFIX', 'gnome-'), ('GNOME_SETUP_DISPLAY', ':1'), ('GDK_BACKEND', 'x11'), ('DISPLAY', ':0'), ('LANG', 'en_US.UTF-8'), ('LC_TELEPHONE', 'it_IT.UTF-8'), ('XDG_CURRENT_DESKTOP', 'Unity'), ('VSCODE_INJECTION', '1'), ('LD_PRELOAD', ':/usr/lib/x86_64-linux-gnu/libGLEW.so'), ('XDG_SESSION_DESKTOP', 'ubuntu'), ('XMODIFIERS', '@im=ibus'), ('XAUTHORITY', '/run/user/1000/.mutter-Xwaylandauth.L52E22'), ('TERM_PROGRAM', 'vscode'), ('VSCODE_GIT_IPC_HANDLE', '/run/user/1000/vscode-git-f640f2b3f6.sock'), ('LS_COLORS', 'fi=00:mi=00:mh=00:ln=01;36:or=01;31:di=01;34:ow=04;01;34:st=34:tw=04;34:pi=01;33:so=01;33:do=01;33:bd=01;33:cd=01;33:su=01;35:sg=01;35:ca=01;35:ex=01;32:no=38;5;248'), ('TREE_COLORS', 'fi=00:mi=00:mh=00:ln=01;36:or=01;31:di=01;34:ow=01;34:st=34:tw=34:pi=01;33:so=01;33:do=01;33:bd=01;33:cd=01;33:su=01;35:sg=01;35:ca=01;35:ex=01;32'), ('SSH_AGENT_LAUNCHER', 'gnome-keyring'), ('SSH_AUTH_SOCK', '/run/user/1000/keyring/ssh'), ('ORIGINAL_XDG_CURRENT_DESKTOP', 'ubuntu:GNOME'), ('CONDA_PYTHON_EXE', '/home/martina/anaconda3/bin/python'), ('AMENT_PREFIX_PATH', '/home/martina/rp_project/robot-programming-project/install/simple_robot:/opt/ros/humble'), ('LC_NAME', 'it_IT.UTF-8'), ('SHELL', '/usr/local/bin/zsh'), ('DEST', '/home/martina/other/install'), ('QT_ACCESSIBILITY', '1'), ('GDMSESSION', 'ubuntu'), ('CONDA_DEFAULT_ENV', 'base'), ('LC_MEASUREMENT', 'it_IT.UTF-8'), ('LC_IDENTIFICATION', 'it_IT.UTF-8'), ('GJS_DEBUG_OUTPUT', 'stderr'), ('P9K_SSH', '0'), ('QT_IM_MODULE', 'ibus'), ('VSCODE_GIT_ASKPASS_EXTRA_ARGS', ''), ('VSCODE_NONCE', 'f672ca6a-f6db-4411-8134-b3ad71667d44'), ('LC_ALL', 'en_US.UTF-8'), ('PWD', '/home/martina/rp_project/robot-programming-project/src/simple_robot/build/simple_robot'), ('GPG_TTY', '/dev/pts/2'), ('XDG_DATA_DIRS', '/usr/local/share/:/usr/share/:/var/lib/snapd/desktop'), ('ZDOTDIR', '/home/martina'), ('_P9K_TTY', '/dev/pts/2'), ('CONDA_EXE', '/home/martina/anaconda3/bin/conda'), ('LC_NUMERIC', 'it_IT.UTF-8'), ('PYTHONPATH', '/opt/ros/humble/lib/python3.10/site-packages:/opt/ros/humble/local/lib/python3.10/dist-packages:/home/martina/other/install/lib/python3.10/site-packages/'), ('LC_PAPER', 'it_IT.UTF-8'), ('CONDA_PREFIX', '/home/martina/anaconda3'), ('COLCON', '1'), ('MANPATH', '/usr/local/share/man:/home/martina/.cache/zsh4humans/v5/fzf/man:'), ('CMAKE_PREFIX_PATH', '/home/martina/rp_project/robot-programming-project/install/simple_robot:/opt/ros/humble')]), 'shell': False}
[0.097958] (-) TimerEvent: {}
[0.199253] (-) TimerEvent: {}
[0.219430] (simple_robot) StdoutLine: {'line': b'-- The C compiler identification is GNU 11.4.0\n'}
[0.301327] (-) TimerEvent: {}
[0.401806] (-) TimerEvent: {}
[0.465797] (simple_robot) StdoutLine: {'line': b'-- The CXX compiler identification is GNU 11.4.0\n'}
[0.504127] (-) TimerEvent: {}
[0.522186] (simple_robot) StdoutLine: {'line': b'-- Detecting C compiler ABI info\n'}
[0.604256] (-) TimerEvent: {}
[0.707734] (-) TimerEvent: {}
[0.750807] (simple_robot) StdoutLine: {'line': b'-- Detecting C compiler ABI info - done\n'}
[0.766937] (simple_robot) StdoutLine: {'line': b'-- Check for working C compiler: /usr/lib/ccache/cc - skipped\n'}
[0.767359] (simple_robot) StdoutLine: {'line': b'-- Detecting C compile features\n'}
[0.768519] (simple_robot) StdoutLine: {'line': b'-- Detecting C compile features - done\n'}
[0.774930] (simple_robot) StdoutLine: {'line': b'-- Detecting CXX compiler ABI info\n'}
[0.809180] (-) TimerEvent: {}
[0.909618] (-) TimerEvent: {}
[1.013421] (-) TimerEvent: {}
[1.028549] (simple_robot) StdoutLine: {'line': b'-- Detecting CXX compiler ABI info - done\n'}
[1.076788] (simple_robot) StdoutLine: {'line': b'-- Check for working CXX compiler: /usr/lib/ccache/c++ - skipped\n'}
[1.080210] (simple_robot) StdoutLine: {'line': b'-- Detecting CXX compile features\n'}
[1.082955] (simple_robot) StdoutLine: {'line': b'-- Detecting CXX compile features - done\n'}
[1.113812] (-) TimerEvent: {}
[1.125879] (simple_robot) StdoutLine: {'line': b'-- Found OpenCV: /usr (found suitable version "4.5.4", minimum required is "4.5.4") \n'}
[1.135299] (simple_robot) StdoutLine: {'line': b'-- Found ament_cmake: 1.3.11 (/opt/ros/humble/share/ament_cmake/cmake)\n'}
[1.213937] (-) TimerEvent: {}
[1.317418] (-) TimerEvent: {}
[1.420299] (-) TimerEvent: {}
[1.521094] (-) TimerEvent: {}
[1.622219] (-) TimerEvent: {}
[1.638109] (simple_robot) StdoutLine: {'line': b'-- Found Python3: /usr/bin/python3 (found version "3.10.12") found components: Interpreter \n'}
[1.723153] (-) TimerEvent: {}
[1.823639] (-) TimerEvent: {}
[1.922473] (simple_robot) StdoutLine: {'line': b'-- Found rclcpp: 16.0.11 (/opt/ros/humble/share/rclcpp/cmake)\n'}
[1.924107] (-) TimerEvent: {}
[2.024583] (-) TimerEvent: {}
[2.037619] (simple_robot) StdoutLine: {'line': b'-- Found rosidl_generator_c: 3.1.6 (/opt/ros/humble/share/rosidl_generator_c/cmake)\n'}
[2.052190] (simple_robot) StdoutLine: {'line': b'-- Found rosidl_adapter: 3.1.6 (/opt/ros/humble/share/rosidl_adapter/cmake)\n'}
[2.066585] (simple_robot) StdoutLine: {'line': b'-- Found rosidl_generator_cpp: 3.1.6 (/opt/ros/humble/share/rosidl_generator_cpp/cmake)\n'}
[2.098800] (simple_robot) StdoutLine: {'line': b'-- Using all available rosidl_typesupport_c: rosidl_typesupport_fastrtps_c;rosidl_typesupport_introspection_c\n'}
[2.124754] (-) TimerEvent: {}
[2.155422] (simple_robot) StdoutLine: {'line': b'-- Using all available rosidl_typesupport_cpp: rosidl_typesupport_fastrtps_cpp;rosidl_typesupport_introspection_cpp\n'}
[2.226185] (-) TimerEvent: {}
[2.307202] (simple_robot) StdoutLine: {'line': b'-- Found rmw_implementation_cmake: 6.1.2 (/opt/ros/humble/share/rmw_implementation_cmake/cmake)\n'}
[2.314981] (simple_robot) StdoutLine: {'line': b'-- Found rmw_fastrtps_cpp: 6.2.7 (/opt/ros/humble/share/rmw_fastrtps_cpp/cmake)\n'}
[2.326528] (-) TimerEvent: {}
[2.427579] (-) TimerEvent: {}
[2.528316] (-) TimerEvent: {}
[2.629521] (-) TimerEvent: {}
[2.655608] (simple_robot) StdoutLine: {'line': b'-- Found OpenSSL: /usr/lib/x86_64-linux-gnu/libcrypto.so (found version "3.0.2")  \n'}
[2.729643] (-) TimerEvent: {}
[2.755711] (simple_robot) StdoutLine: {'line': b'-- Found FastRTPS: /opt/ros/humble/include  \n'}
[2.829897] (-) TimerEvent: {}
[2.886207] (simple_robot) StdoutLine: {'line': b"-- Using RMW implementation 'rmw_fastrtps_cpp' as default\n"}
[2.909202] (simple_robot) StdoutLine: {'line': b'-- Looking for pthread.h\n'}
[2.931887] (-) TimerEvent: {}
[3.032662] (-) TimerEvent: {}
[3.134146] (-) TimerEvent: {}
[3.196633] (simple_robot) StdoutLine: {'line': b'-- Looking for pthread.h - found\n'}
[3.202115] (simple_robot) StdoutLine: {'line': b'-- Performing Test CMAKE_HAVE_LIBC_PTHREAD\n'}
[3.237136] (-) TimerEvent: {}
[3.337626] (-) TimerEvent: {}
[3.438217] (-) TimerEvent: {}
[3.539057] (simple_robot) StdoutLine: {'line': b'-- Performing Test CMAKE_HAVE_LIBC_PTHREAD - Success\n'}
[3.541552] (-) TimerEvent: {}
[3.553638] (simple_robot) StdoutLine: {'line': b'-- Found Threads: TRUE  \n'}
[3.642858] (-) TimerEvent: {}
[3.743391] (-) TimerEvent: {}
[3.763318] (simple_robot) StdoutLine: {'line': b'-- Found geometry_msgs: 4.2.4 (/opt/ros/humble/share/geometry_msgs/cmake)\n'}
[3.796260] (simple_robot) StdoutLine: {'line': b'-- Found sensor_msgs: 4.2.4 (/opt/ros/humble/share/sensor_msgs/cmake)\n'}
[3.837263] (simple_robot) StdoutLine: {'line': b'-- Found nav_msgs: 4.2.4 (/opt/ros/humble/share/nav_msgs/cmake)\n'}
[3.843519] (-) TimerEvent: {}
[3.892337] (simple_robot) StdoutLine: {'line': b'-- Found OpenCV: /usr (found version "4.5.4") \n'}
[3.944397] (-) TimerEvent: {}
[4.046267] (-) TimerEvent: {}
[4.123218] (simple_robot) StdoutLine: {'line': b'-- DATA_DIR: /home/martina/rp_project/robot-programming-project/src/simple_robot/data\n'}
[4.123679] (simple_robot) StdoutLine: {'line': b'-- Configuring done\n'}
[4.146397] (-) TimerEvent: {}
[4.189586] (simple_robot) StdoutLine: {'line': b'-- Generating done\n'}
[4.213396] (simple_robot) StdoutLine: {'line': b'-- Build files have been written to: /home/martina/rp_project/robot-programming-project/src/simple_robot/build/simple_robot\n'}
[4.242493] (simple_robot) CommandEnded: {'returncode': 0}
[4.254669] (simple_robot) JobProgress: {'identifier': 'simple_robot', 'progress': 'build'}
[4.254790] (-) TimerEvent: {}
[4.254989] (simple_robot) Command: {'cmd': ['/usr/bin/cmake', '--build', '/home/martina/rp_project/robot-programming-project/src/simple_robot/build/simple_robot', '--', '-j4', '-l4'], 'cwd': '/home/martina/rp_project/robot-programming-project/src/simple_robot/build/simple_robot', 'env': OrderedDict([('GJS_DEBUG_TOPICS', 'JS ERROR;JS LOG'), ('LESSOPEN', '| /usr/bin/env /usr/bin/lesspipe %s 2>/dev/null'), ('CONDA_PROMPT_MODIFIER', '(base)'), ('LC_TIME', 'it_IT.UTF-8'), ('USER', 'martina'), ('XDG_SESSION_TYPE', 'wayland'), ('GIT_ASKPASS', '/usr/share/code/resources/app/extensions/git/dist/askpass.sh'), ('SHLVL', '2'), ('LD_LIBRARY_PATH', '/opt/ros/humble/opt/rviz_ogre_vendor/lib:/opt/ros/humble/lib/x86_64-linux-gnu:/opt/ros/humble/lib::/home/martina/.mujoco/mujoco210/bin:/usr/lib/nvidia:~/anaconda3/lib'), ('HOME', '/home/martina'), ('OLDPWD', '/home/martina/rp_project/robot-programming-project/src/simple_robot'), ('CHROME_DESKTOP', 'code.desktop'), ('TERMINFO', '/home/martina/.terminfo'), ('LESS', '-iRFXMx4'), ('CONDA_SHLVL', '1'), ('DESKTOP_SESSION', 'ubuntu'), ('TERM_PROGRAM_VERSION', '1.97.2'), ('GIO_LAUNCHED_DESKTOP_FILE', '/usr/share/applications/code.desktop'), ('LSCOLORS', 'ExGxDxDxCxDxDxFxFxexEx'), ('GTK_MODULES', 'gail:atk-bridge'), ('GNOME_SHELL_SESSION_MODE', 'ubuntu'), ('VSCODE_GIT_ASKPASS_MAIN', '/usr/share/code/resources/app/extensions/git/dist/askpass-main.js'), ('PAGER', 'less'), ('ROS_PYTHON_VERSION', '3'), ('LC_MONETARY', 'it_IT.UTF-8'), ('MANAGERPID', '887'), ('VSCODE_GIT_ASKPASS_NODE', '/usr/share/code/code'), ('SYSTEMD_EXEC_PID', '1152'), ('DBUS_SESSION_BUS_ADDRESS', 'unix:path=/run/user/1000/bus'), ('P9K_TTY', 'old'), ('GIO_LAUNCHED_DESKTOP_FILE_PID', '3260'), ('COLORTERM', 'truecolor'), ('_CE_M', ''), ('WAYLAND_DISPLAY', 'wayland-0'), ('INFOPATH', ''), ('ROS_DISTRO', 'humble'), ('COLCON_PREFIX_PATH', '/home/martina/rp_project/robot-programming-project/install'), ('LOGNAME', 'martina'), ('_', '/usr/bin/colcon'), ('JOURNAL_STREAM', '8:11413'), ('_P9K_SSH_TTY', '/dev/pts/2'), ('XDG_SESSION_CLASS', 'user'), ('USER_ZDOTDIR', '/home/martina'), ('ROS_VERSION', '2'), ('USERNAME', 'martina'), ('TERM', 'xterm-256color'), ('GNOME_DESKTOP_SESSION_ID', 'this-is-deprecated'), ('_CE_CONDA', ''), ('ROS_LOCALHOST_ONLY', '0'), ('PATH', '/opt/ros/humble/bin:/home/martina/.local/bin:/home/martina/.local/bin:/usr/lib/ccache:.:/home/martina/.mujoco/mujoco210/bin:/usr/lib/nvidia:/home/martina/anaconda3/condabin:/home/martina/bin:/home/martina/.local/bin:/usr/local/sbin:/usr/local/bin:/usr/sbin:/usr/bin:/sbin:/bin:/usr/games:/usr/local/games:/snap/bin:/home/martina/.cache/zsh4humans/v5/fzf/bin:/home/martina/other/install/bin'), ('SESSION_MANAGER', 'local/Martina-ThinkPad-X1-Yoga:@/tmp/.ICE-unix/1105,unix/Martina-ThinkPad-X1-Yoga:/tmp/.ICE-unix/1105'), ('INVOCATION_ID', 'abb78b4b018940349bd4da4c8fed9753'), ('LC_ADDRESS', 'it_IT.UTF-8'), ('XDG_RUNTIME_DIR', '/run/user/1000'), ('XDG_MENU_PREFIX', 'gnome-'), ('GNOME_SETUP_DISPLAY', ':1'), ('GDK_BACKEND', 'x11'), ('DISPLAY', ':0'), ('LANG', 'en_US.UTF-8'), ('LC_TELEPHONE', 'it_IT.UTF-8'), ('XDG_CURRENT_DESKTOP', 'Unity'), ('VSCODE_INJECTION', '1'), ('LD_PRELOAD', ':/usr/lib/x86_64-linux-gnu/libGLEW.so'), ('XDG_SESSION_DESKTOP', 'ubuntu'), ('XMODIFIERS', '@im=ibus'), ('XAUTHORITY', '/run/user/1000/.mutter-Xwaylandauth.L52E22'), ('TERM_PROGRAM', 'vscode'), ('VSCODE_GIT_IPC_HANDLE', '/run/user/1000/vscode-git-f640f2b3f6.sock'), ('LS_COLORS', 'fi=00:mi=00:mh=00:ln=01;36:or=01;31:di=01;34:ow=04;01;34:st=34:tw=04;34:pi=01;33:so=01;33:do=01;33:bd=01;33:cd=01;33:su=01;35:sg=01;35:ca=01;35:ex=01;32:no=38;5;248'), ('TREE_COLORS', 'fi=00:mi=00:mh=00:ln=01;36:or=01;31:di=01;34:ow=01;34:st=34:tw=34:pi=01;33:so=01;33:do=01;33:bd=01;33:cd=01;33:su=01;35:sg=01;35:ca=01;35:ex=01;32'), ('SSH_AGENT_LAUNCHER', 'gnome-keyring'), ('SSH_AUTH_SOCK', '/run/user/1000/keyring/ssh'), ('ORIGINAL_XDG_CURRENT_DESKTOP', 'ubuntu:GNOME'), ('CONDA_PYTHON_EXE', '/home/martina/anaconda3/bin/python'), ('AMENT_PREFIX_PATH', '/home/martina/rp_project/robot-programming-project/install/simple_robot:/opt/ros/humble'), ('LC_NAME', 'it_IT.UTF-8'), ('SHELL', '/usr/local/bin/zsh'), ('DEST', '/home/martina/other/install'), ('QT_ACCESSIBILITY', '1'), ('GDMSESSION', 'ubuntu'), ('CONDA_DEFAULT_ENV', 'base'), ('LC_MEASUREMENT', 'it_IT.UTF-8'), ('LC_IDENTIFICATION', 'it_IT.UTF-8'), ('GJS_DEBUG_OUTPUT', 'stderr'), ('P9K_SSH', '0'), ('QT_IM_MODULE', 'ibus'), ('VSCODE_GIT_ASKPASS_EXTRA_ARGS', ''), ('VSCODE_NONCE', 'f672ca6a-f6db-4411-8134-b3ad71667d44'), ('LC_ALL', 'en_US.UTF-8'), ('PWD', '/home/martina/rp_project/robot-programming-project/src/simple_robot/build/simple_robot'), ('GPG_TTY', '/dev/pts/2'), ('XDG_DATA_DIRS', '/usr/local/share/:/usr/share/:/var/lib/snapd/desktop'), ('ZDOTDIR', '/home/martina'), ('_P9K_TTY', '/dev/pts/2'), ('CONDA_EXE', '/home/martina/anaconda3/bin/conda'), ('LC_NUMERIC', 'it_IT.UTF-8'), ('PYTHONPATH', '/opt/ros/humble/lib/python3.10/site-packages:/opt/ros/humble/local/lib/python3.10/dist-packages:/home/martina/other/install/lib/python3.10/site-packages/'), ('LC_PAPER', 'it_IT.UTF-8'), ('CONDA_PREFIX', '/home/martina/anaconda3'), ('COLCON', '1'), ('MANPATH', '/usr/local/share/man:/home/martina/.cache/zsh4humans/v5/fzf/man:'), ('CMAKE_PREFIX_PATH', '/home/martina/rp_project/robot-programming-project/install/simple_robot:/opt/ros/humble')]), 'shell': False}
[4.356168] (-) TimerEvent: {}
[4.458599] (-) TimerEvent: {}
[4.559445] (-) TimerEvent: {}
[4.567190] (simple_robot) StdoutLine: {'line': b'\x1b[35m\x1b[1mConsolidate compiler generated dependencies of target robot_map_node\x1b[0m\n'}
[4.576794] (simple_robot) StdoutLine: {'line': b'\x1b[35m\x1b[1mConsolidate compiler generated dependencies of target grid_map\x1b[0m\n'}
[4.660156] (-) TimerEvent: {}
[4.714605] (simple_robot) StdoutLine: {'line': b'[  8%] \x1b[32mBuilding CXX object CMakeFiles/robot_map_node.dir/src/grid_map.cpp.o\x1b[0m\n'}
[4.723796] (simple_robot) StdoutLine: {'line': b'[ 16%] \x1b[32mBuilding CXX object CMakeFiles/robot_map_node.dir/src/robot.cpp.o\x1b[0m\n'}
[4.739187] (simple_robot) StdoutLine: {'line': b'[ 25%] \x1b[32mBuilding CXX object src/CMakeFiles/grid_map.dir/grid_map.cpp.o\x1b[0m\n'}
[4.762056] (-) TimerEvent: {}
[4.862472] (-) TimerEvent: {}
[4.962927] (-) TimerEvent: {}
[5.063325] (-) TimerEvent: {}
[5.163906] (-) TimerEvent: {}
[5.264381] (-) TimerEvent: {}
[5.364777] (-) TimerEvent: {}
[5.466267] (-) TimerEvent: {}
[5.566837] (-) TimerEvent: {}
[5.667936] (-) TimerEvent: {}
[5.768388] (-) TimerEvent: {}
[5.869275] (-) TimerEvent: {}
[5.971142] (-) TimerEvent: {}
[6.071711] (-) TimerEvent: {}
[6.172128] (-) TimerEvent: {}
[6.275295] (-) TimerEvent: {}
[6.375722] (-) TimerEvent: {}
[6.476178] (-) TimerEvent: {}
[6.576619] (-) TimerEvent: {}
[6.677087] (-) TimerEvent: {}
[6.777547] (-) TimerEvent: {}
[6.878095] (-) TimerEvent: {}
[6.979256] (-) TimerEvent: {}
[7.080199] (-) TimerEvent: {}
[7.182070] (-) TimerEvent: {}
[7.282517] (-) TimerEvent: {}
[7.384122] (-) TimerEvent: {}
[7.484604] (-) TimerEvent: {}
[7.585083] (-) TimerEvent: {}
[7.686298] (-) TimerEvent: {}
[7.786928] (-) TimerEvent: {}
[7.888162] (-) TimerEvent: {}
[7.991137] (-) TimerEvent: {}
[8.091627] (-) TimerEvent: {}
[8.192090] (-) TimerEvent: {}
[8.292510] (-) TimerEvent: {}
[8.392938] (-) TimerEvent: {}
[8.496125] (-) TimerEvent: {}
[8.596581] (-) TimerEvent: {}
[8.697030] (-) TimerEvent: {}
[8.797457] (-) TimerEvent: {}
[8.897875] (-) TimerEvent: {}
[8.998347] (-) TimerEvent: {}
[9.100615] (-) TimerEvent: {}
[9.204784] (-) TimerEvent: {}
[9.306156] (-) TimerEvent: {}
[9.406662] (-) TimerEvent: {}
[9.509535] (-) TimerEvent: {}
[9.611124] (-) TimerEvent: {}
[9.714262] (-) TimerEvent: {}
[9.816141] (-) TimerEvent: {}
[9.916586] (-) TimerEvent: {}
[10.018790] (-) TimerEvent: {}
[10.119290] (-) TimerEvent: {}
[10.224111] (-) TimerEvent: {}
[10.324559] (-) TimerEvent: {}
[10.424991] (-) TimerEvent: {}
[10.525721] (-) TimerEvent: {}
[10.628754] (-) TimerEvent: {}
[10.729352] (-) TimerEvent: {}
[10.834162] (-) TimerEvent: {}
[10.934637] (-) TimerEvent: {}
[11.037116] (-) TimerEvent: {}
[11.137530] (-) TimerEvent: {}
[11.240191] (-) TimerEvent: {}
[11.340615] (-) TimerEvent: {}
[11.444113] (-) TimerEvent: {}
[11.544915] (-) TimerEvent: {}
[11.645876] (-) TimerEvent: {}
[11.749121] (-) TimerEvent: {}
[11.850151] (-) TimerEvent: {}
[11.953116] (-) TimerEvent: {}
[12.056133] (-) TimerEvent: {}
[12.159130] (-) TimerEvent: {}
[12.259624] (-) TimerEvent: {}
[12.360107] (-) TimerEvent: {}
[12.463190] (-) TimerEvent: {}
[12.563746] (-) TimerEvent: {}
[12.665472] (-) TimerEvent: {}
[12.766092] (-) TimerEvent: {}
[12.866578] (-) TimerEvent: {}
[12.969154] (-) TimerEvent: {}
[13.069731] (-) TimerEvent: {}
[13.173950] (-) TimerEvent: {}
[13.274476] (-) TimerEvent: {}
[13.376142] (-) TimerEvent: {}
[13.476840] (-) TimerEvent: {}
[13.577800] (-) TimerEvent: {}
[13.678901] (-) TimerEvent: {}
[13.781550] (-) TimerEvent: {}
[13.881954] (-) TimerEvent: {}
[13.983119] (-) TimerEvent: {}
[14.084116] (-) TimerEvent: {}
[14.184506] (-) TimerEvent: {}
[14.285132] (-) TimerEvent: {}
[14.386061] (-) TimerEvent: {}
[14.486452] (-) TimerEvent: {}
[14.587117] (-) TimerEvent: {}
[14.687768] (-) TimerEvent: {}
[14.788205] (-) TimerEvent: {}
[14.888645] (-) TimerEvent: {}
[14.989284] (-) TimerEvent: {}
[15.089669] (-) TimerEvent: {}
[15.190057] (-) TimerEvent: {}
[15.290648] (-) TimerEvent: {}
[15.391247] (-) TimerEvent: {}
[15.432895] (simple_robot) StdoutLine: {'line': b'[ 33%] \x1b[32mBuilding CXX object src/CMakeFiles/grid_map.dir/map_utils.cpp.o\x1b[0m\n'}
[15.491390] (-) TimerEvent: {}
[15.592534] (-) TimerEvent: {}
[15.695691] (-) TimerEvent: {}
[15.803197] (-) TimerEvent: {}
[15.903628] (-) TimerEvent: {}
[16.004782] (-) TimerEvent: {}
[16.109427] (-) TimerEvent: {}
[16.200172] (simple_robot) StdoutLine: {'line': b'[ 41%] \x1b[32mBuilding CXX object CMakeFiles/robot_map_node.dir/src/main.cpp.o\x1b[0m\n'}
[16.212163] (-) TimerEvent: {}
[16.313292] (-) TimerEvent: {}
[16.414119] (-) TimerEvent: {}
[16.515153] (-) TimerEvent: {}
[16.618024] (-) TimerEvent: {}
[16.719221] (-) TimerEvent: {}
[16.820325] (-) TimerEvent: {}
[16.926915] (-) TimerEvent: {}
[17.027477] (-) TimerEvent: {}
[17.129114] (-) TimerEvent: {}
[17.229556] (-) TimerEvent: {}
[17.330024] (-) TimerEvent: {}
[17.431049] (-) TimerEvent: {}
[17.532307] (-) TimerEvent: {}
[17.636179] (-) TimerEvent: {}
[17.736567] (-) TimerEvent: {}
[17.837055] (-) TimerEvent: {}
[17.942395] (-) TimerEvent: {}
[18.042915] (-) TimerEvent: {}
[18.145156] (-) TimerEvent: {}
[18.245725] (-) TimerEvent: {}
[18.347624] (-) TimerEvent: {}
[18.448053] (-) TimerEvent: {}
[18.549463] (-) TimerEvent: {}
[18.650115] (-) TimerEvent: {}
[18.750708] (-) TimerEvent: {}
[18.852519] (-) TimerEvent: {}
[18.953029] (-) TimerEvent: {}
[19.054233] (-) TimerEvent: {}
[19.154690] (-) TimerEvent: {}
[19.257696] (-) TimerEvent: {}
[19.358130] (-) TimerEvent: {}
[19.458566] (-) TimerEvent: {}
[19.560298] (-) TimerEvent: {}
[19.660690] (-) TimerEvent: {}
[19.761460] (-) TimerEvent: {}
[19.862156] (-) TimerEvent: {}
[19.962792] (-) TimerEvent: {}
[20.063188] (-) TimerEvent: {}
[20.163569] (-) TimerEvent: {}
[20.263999] (-) TimerEvent: {}
[20.364457] (-) TimerEvent: {}
[20.467189] (-) TimerEvent: {}
[20.567594] (-) TimerEvent: {}
[20.668012] (-) TimerEvent: {}
[20.768409] (-) TimerEvent: {}
[20.868808] (-) TimerEvent: {}
[20.969208] (-) TimerEvent: {}
[21.069602] (-) TimerEvent: {}
[21.169984] (-) TimerEvent: {}
[21.270432] (-) TimerEvent: {}
[21.370879] (-) TimerEvent: {}
[21.471511] (-) TimerEvent: {}
[21.571896] (-) TimerEvent: {}
[21.672301] (-) TimerEvent: {}
[21.772695] (-) TimerEvent: {}
[21.873117] (-) TimerEvent: {}
[21.973504] (-) TimerEvent: {}
[22.073883] (-) TimerEvent: {}
[22.174269] (-) TimerEvent: {}
[22.274648] (-) TimerEvent: {}
[22.375076] (-) TimerEvent: {}
[22.475455] (-) TimerEvent: {}
[22.575836] (-) TimerEvent: {}
[22.676576] (-) TimerEvent: {}
[22.777653] (-) TimerEvent: {}
[22.878068] (-) TimerEvent: {}
[22.953688] (simple_robot) StdoutLine: {'line': b'[ 50%] \x1b[32mBuilding CXX object src/CMakeFiles/grid_map.dir/robot.cpp.o\x1b[0m\n'}
[22.978210] (-) TimerEvent: {}
[23.078596] (-) TimerEvent: {}
[23.179114] (-) TimerEvent: {}
[23.282181] (-) TimerEvent: {}
[23.382622] (-) TimerEvent: {}
[23.486337] (-) TimerEvent: {}
[23.587729] (-) TimerEvent: {}
[23.692581] (-) TimerEvent: {}
[23.793069] (-) TimerEvent: {}
[23.895330] (-) TimerEvent: {}
[24.001469] (-) TimerEvent: {}
[24.101992] (-) TimerEvent: {}
[24.202557] (-) TimerEvent: {}
[24.304412] (-) TimerEvent: {}
[24.405131] (-) TimerEvent: {}
[24.507613] (-) TimerEvent: {}
[24.608120] (-) TimerEvent: {}
[24.708526] (-) TimerEvent: {}
[24.809701] (-) TimerEvent: {}
[24.912284] (-) TimerEvent: {}
[25.012720] (-) TimerEvent: {}
[25.113149] (-) TimerEvent: {}
[25.216607] (-) TimerEvent: {}
[25.317063] (-) TimerEvent: {}
[25.419554] (-) TimerEvent: {}
[25.520060] (-) TimerEvent: {}
[25.620820] (-) TimerEvent: {}
[25.721407] (-) TimerEvent: {}
[25.822481] (-) TimerEvent: {}
[25.922919] (-) TimerEvent: {}
[26.023707] (-) TimerEvent: {}
[26.125362] (-) TimerEvent: {}
[26.226543] (-) TimerEvent: {}
[26.328434] (-) TimerEvent: {}
[26.428897] (-) TimerEvent: {}
[26.530093] (-) TimerEvent: {}
[26.630780] (-) TimerEvent: {}
[26.731228] (-) TimerEvent: {}
[26.832012] (-) TimerEvent: {}
[26.933566] (-) TimerEvent: {}
[27.034228] (-) TimerEvent: {}
[27.137300] (-) TimerEvent: {}
[27.237669] (-) TimerEvent: {}
[27.338057] (-) TimerEvent: {}
[27.438455] (-) TimerEvent: {}
[27.538850] (-) TimerEvent: {}
[27.640463] (-) TimerEvent: {}
[27.740868] (-) TimerEvent: {}
[27.841609] (-) TimerEvent: {}
[27.942074] (-) TimerEvent: {}
[28.042512] (-) TimerEvent: {}
[28.142961] (-) TimerEvent: {}
[28.243695] (-) TimerEvent: {}
[28.344070] (-) TimerEvent: {}
[28.444469] (-) TimerEvent: {}
[28.544843] (-) TimerEvent: {}
[28.645267] (-) TimerEvent: {}
[28.745779] (-) TimerEvent: {}
[28.846112] (-) TimerEvent: {}
[28.946482] (-) TimerEvent: {}
[29.046847] (-) TimerEvent: {}
[29.147635] (-) TimerEvent: {}
[29.248016] (-) TimerEvent: {}
[29.350118] (-) TimerEvent: {}
[29.450518] (-) TimerEvent: {}
[29.550907] (-) TimerEvent: {}
[29.651342] (-) TimerEvent: {}
[29.751776] (-) TimerEvent: {}
[29.852126] (-) TimerEvent: {}
[29.902885] (simple_robot) StdoutLine: {'line': b'[ 58%] \x1b[32mBuilding CXX object src/CMakeFiles/grid_map.dir/main.cpp.o\x1b[0m\n'}
[29.952241] (-) TimerEvent: {}
[30.052831] (-) TimerEvent: {}
[30.153207] (-) TimerEvent: {}
[30.254375] (-) TimerEvent: {}
[30.355397] (-) TimerEvent: {}
[30.456061] (-) TimerEvent: {}
[30.556637] (-) TimerEvent: {}
[30.658435] (-) TimerEvent: {}
[30.760632] (-) TimerEvent: {}
[30.861444] (-) TimerEvent: {}
[30.964972] (-) TimerEvent: {}
[31.066886] (-) TimerEvent: {}
[31.168996] (-) TimerEvent: {}
[31.271409] (-) TimerEvent: {}
[31.374691] (-) TimerEvent: {}
[31.479152] (-) TimerEvent: {}
[31.579574] (-) TimerEvent: {}
[31.680017] (-) TimerEvent: {}
[31.780457] (-) TimerEvent: {}
[31.880828] (-) TimerEvent: {}
[31.981328] (-) TimerEvent: {}
[32.083692] (-) TimerEvent: {}
[32.184138] (-) TimerEvent: {}
[32.284547] (-) TimerEvent: {}
[32.385068] (-) TimerEvent: {}
[32.487809] (-) TimerEvent: {}
[32.588307] (-) TimerEvent: {}
[32.692777] (-) TimerEvent: {}
[32.793243] (-) TimerEvent: {}
[32.893709] (-) TimerEvent: {}
[32.994567] (-) TimerEvent: {}
[33.097113] (-) TimerEvent: {}
[33.197516] (-) TimerEvent: {}
[33.298184] (-) TimerEvent: {}
[33.398847] (-) TimerEvent: {}
[33.500010] (-) TimerEvent: {}
[33.600422] (-) TimerEvent: {}
[33.701434] (-) TimerEvent: {}
[33.802239] (-) TimerEvent: {}
[33.902873] (-) TimerEvent: {}
[34.003271] (-) TimerEvent: {}
[34.103946] (-) TimerEvent: {}
[34.204402] (-) TimerEvent: {}
[34.305013] (-) TimerEvent: {}
[34.406112] (-) TimerEvent: {}
[34.506501] (-) TimerEvent: {}
[34.606925] (-) TimerEvent: {}
[34.707627] (-) TimerEvent: {}
[34.808002] (-) TimerEvent: {}
[34.908384] (-) TimerEvent: {}
[35.008816] (-) TimerEvent: {}
[35.109208] (-) TimerEvent: {}
[35.209584] (-) TimerEvent: {}
[35.310043] (-) TimerEvent: {}
[35.410411] (-) TimerEvent: {}
[35.511260] (-) TimerEvent: {}
[35.612530] (-) TimerEvent: {}
[35.713061] (-) TimerEvent: {}
[35.813518] (-) TimerEvent: {}
[35.914093] (-) TimerEvent: {}
[36.014851] (-) TimerEvent: {}
[36.115372] (-) TimerEvent: {}
[36.215758] (-) TimerEvent: {}
[36.316360] (-) TimerEvent: {}
[36.416805] (-) TimerEvent: {}
[36.517204] (-) TimerEvent: {}
[36.617582] (-) TimerEvent: {}
[36.717944] (-) TimerEvent: {}
[36.818350] (-) TimerEvent: {}
[36.918749] (-) TimerEvent: {}
[37.019167] (-) TimerEvent: {}
[37.119782] (-) TimerEvent: {}
[37.220187] (-) TimerEvent: {}
[37.320813] (-) TimerEvent: {}
[37.421273] (-) TimerEvent: {}
[37.521664] (-) TimerEvent: {}
[37.622057] (-) TimerEvent: {}
[37.722668] (-) TimerEvent: {}
[37.823111] (-) TimerEvent: {}
[37.923499] (-) TimerEvent: {}
[38.023895] (-) TimerEvent: {}
[38.124360] (-) TimerEvent: {}
[38.224799] (-) TimerEvent: {}
[38.325222] (-) TimerEvent: {}
[38.425704] (-) TimerEvent: {}
[38.526469] (-) TimerEvent: {}
[38.627390] (-) TimerEvent: {}
[38.727832] (-) TimerEvent: {}
[38.828693] (-) TimerEvent: {}
[38.929328] (-) TimerEvent: {}
[39.029734] (-) TimerEvent: {}
[39.130336] (-) TimerEvent: {}
[39.230716] (-) TimerEvent: {}
[39.331326] (-) TimerEvent: {}
[39.433193] (-) TimerEvent: {}
[39.533563] (-) TimerEvent: {}
[39.633931] (-) TimerEvent: {}
[39.734373] (-) TimerEvent: {}
[39.834778] (-) TimerEvent: {}
[39.935192] (-) TimerEvent: {}
[40.036274] (-) TimerEvent: {}
[40.137103] (-) TimerEvent: {}
[40.237821] (-) TimerEvent: {}
[40.338432] (-) TimerEvent: {}
[40.439058] (-) TimerEvent: {}
[40.539450] (-) TimerEvent: {}
[40.640073] (-) TimerEvent: {}
[40.740441] (-) TimerEvent: {}
[40.840807] (-) TimerEvent: {}
[40.941188] (-) TimerEvent: {}
[41.041620] (-) TimerEvent: {}
[41.141996] (-) TimerEvent: {}
[41.242879] (-) TimerEvent: {}
[41.343563] (-) TimerEvent: {}
[41.444376] (-) TimerEvent: {}
[41.544886] (-) TimerEvent: {}
[41.645387] (-) TimerEvent: {}
[41.746411] (-) TimerEvent: {}
[41.847136] (-) TimerEvent: {}
[41.947849] (-) TimerEvent: {}
[42.048472] (-) TimerEvent: {}
[42.149082] (-) TimerEvent: {}
[42.249478] (-) TimerEvent: {}
[42.350258] (-) TimerEvent: {}
[42.451309] (-) TimerEvent: {}
[42.551912] (-) TimerEvent: {}
[42.652363] (-) TimerEvent: {}
[42.752731] (-) TimerEvent: {}
[42.853122] (-) TimerEvent: {}
[42.953534] (-) TimerEvent: {}
[43.054460] (-) TimerEvent: {}
[43.154914] (-) TimerEvent: {}
[43.255670] (-) TimerEvent: {}
[43.356056] (-) TimerEvent: {}
[43.456434] (-) TimerEvent: {}
[43.556817] (-) TimerEvent: {}
[43.657209] (-) TimerEvent: {}
[43.757585] (-) TimerEvent: {}
[43.857966] (-) TimerEvent: {}
[43.958422] (-) TimerEvent: {}
[44.058809] (-) TimerEvent: {}
[44.159201] (-) TimerEvent: {}
[44.259801] (-) TimerEvent: {}
[44.360715] (-) TimerEvent: {}
[44.462551] (-) TimerEvent: {}
[44.563258] (-) TimerEvent: {}
[44.663633] (-) TimerEvent: {}
[44.764005] (-) TimerEvent: {}
[44.864445] (-) TimerEvent: {}
[44.964816] (-) TimerEvent: {}
[45.065578] (-) TimerEvent: {}
[45.167687] (-) TimerEvent: {}
[45.268128] (-) TimerEvent: {}
[45.372350] (-) TimerEvent: {}
[45.474114] (-) TimerEvent: {}
[45.577111] (-) TimerEvent: {}
[45.677495] (-) TimerEvent: {}
[45.778183] (-) TimerEvent: {}
[45.879225] (-) TimerEvent: {}
[45.979858] (-) TimerEvent: {}
[46.080296] (-) TimerEvent: {}
[46.180662] (-) TimerEvent: {}
[46.281026] (-) TimerEvent: {}
[46.381420] (-) TimerEvent: {}
[46.483134] (-) TimerEvent: {}
[46.583813] (-) TimerEvent: {}
[46.684214] (-) TimerEvent: {}
[46.784635] (-) TimerEvent: {}
[46.885115] (-) TimerEvent: {}
[46.985479] (-) TimerEvent: {}
[47.085851] (-) TimerEvent: {}
[47.186256] (-) TimerEvent: {}
[47.286619] (-) TimerEvent: {}
[47.387004] (-) TimerEvent: {}
[47.487398] (-) TimerEvent: {}
[47.588330] (-) TimerEvent: {}
[47.689093] (-) TimerEvent: {}
[47.789448] (-) TimerEvent: {}
[47.889852] (-) TimerEvent: {}
[47.990548] (-) TimerEvent: {}
[48.090937] (-) TimerEvent: {}
[48.193574] (-) TimerEvent: {}
[48.294055] (-) TimerEvent: {}
[48.394459] (-) TimerEvent: {}
[48.495103] (-) TimerEvent: {}
[48.596192] (-) TimerEvent: {}
[48.696900] (-) TimerEvent: {}
[48.797340] (-) TimerEvent: {}
[48.897709] (-) TimerEvent: {}
[48.998302] (-) TimerEvent: {}
[49.098924] (-) TimerEvent: {}
[49.199824] (-) TimerEvent: {}
[49.300503] (-) TimerEvent: {}
[49.401410] (-) TimerEvent: {}
[49.501892] (-) TimerEvent: {}
[49.602608] (-) TimerEvent: {}
[49.703204] (-) TimerEvent: {}
[49.803562] (-) TimerEvent: {}
[49.903921] (-) TimerEvent: {}
[50.004338] (-) TimerEvent: {}
[50.104749] (-) TimerEvent: {}
[50.205113] (-) TimerEvent: {}
[50.305521] (-) TimerEvent: {}
[50.406176] (-) TimerEvent: {}
[50.508102] (-) TimerEvent: {}
[50.608452] (-) TimerEvent: {}
[50.708794] (-) TimerEvent: {}
[50.740652] (simple_robot) StdoutLine: {'line': b'[ 66%] \x1b[32mBuilding CXX object CMakeFiles/robot_map_node.dir/src/map_utils.cpp.o\x1b[0m\n'}
[50.808924] (-) TimerEvent: {}
[50.909550] (-) TimerEvent: {}
[51.009945] (-) TimerEvent: {}
[51.113125] (-) TimerEvent: {}
[51.213549] (-) TimerEvent: {}
[51.313949] (-) TimerEvent: {}
[51.414565] (-) TimerEvent: {}
[51.517137] (-) TimerEvent: {}
[51.617687] (-) TimerEvent: {}
[51.718140] (-) TimerEvent: {}
[51.820150] (-) TimerEvent: {}
[51.920639] (-) TimerEvent: {}
[52.021152] (-) TimerEvent: {}
[52.123487] (-) TimerEvent: {}
[52.223972] (-) TimerEvent: {}
[52.327109] (-) TimerEvent: {}
[52.427516] (-) TimerEvent: {}
[52.527962] (-) TimerEvent: {}
[52.628640] (-) TimerEvent: {}
[52.729013] (-) TimerEvent: {}
[52.830285] (-) TimerEvent: {}
[52.930682] (-) TimerEvent: {}
[53.032076] (-) TimerEvent: {}
[53.134668] (-) TimerEvent: {}
[53.236194] (-) TimerEvent: {}
[53.336714] (-) TimerEvent: {}
[53.437236] (-) TimerEvent: {}
[53.537797] (-) TimerEvent: {}
[53.639275] (-) TimerEvent: {}
[53.740200] (-) TimerEvent: {}
[53.840567] (-) TimerEvent: {}
[53.940938] (-) TimerEvent: {}
[54.041383] (-) TimerEvent: {}
[54.141753] (-) TimerEvent: {}
[54.242469] (-) TimerEvent: {}
[54.343088] (-) TimerEvent: {}
[54.443741] (-) TimerEvent: {}
[54.544651] (-) TimerEvent: {}
[54.645056] (-) TimerEvent: {}
[54.745657] (-) TimerEvent: {}
[54.846114] (-) TimerEvent: {}
[54.946708] (-) TimerEvent: {}
[55.047133] (-) TimerEvent: {}
[55.148297] (-) TimerEvent: {}
[55.249391] (-) TimerEvent: {}
[55.350238] (-) TimerEvent: {}
[55.450685] (-) TimerEvent: {}
[55.551075] (-) TimerEvent: {}
[55.651446] (-) TimerEvent: {}
[55.751846] (-) TimerEvent: {}
[55.852264] (-) TimerEvent: {}
[55.952712] (-) TimerEvent: {}
[56.053121] (-) TimerEvent: {}
[56.153727] (-) TimerEvent: {}
[56.254157] (-) TimerEvent: {}
[56.354597] (-) TimerEvent: {}
[56.454990] (-) TimerEvent: {}
[56.555395] (-) TimerEvent: {}
[56.655789] (-) TimerEvent: {}
[56.759545] (-) TimerEvent: {}
[56.860074] (-) TimerEvent: {}
[56.961369] (-) TimerEvent: {}
[57.061754] (-) TimerEvent: {}
[57.162545] (-) TimerEvent: {}
[57.263259] (-) TimerEvent: {}
[57.364191] (-) TimerEvent: {}
[57.464562] (-) TimerEvent: {}
[57.564937] (-) TimerEvent: {}
[57.665743] (-) TimerEvent: {}
[57.766417] (-) TimerEvent: {}
[57.866832] (-) TimerEvent: {}
[57.967199] (-) TimerEvent: {}
[58.067818] (-) TimerEvent: {}
[58.169386] (-) TimerEvent: {}
[58.259996] (simple_robot) StdoutLine: {'line': b'[ 75%] \x1b[32m\x1b[1mLinking CXX executable robot_map_node\x1b[0m\n'}
[58.269506] (-) TimerEvent: {}
[58.369852] (-) TimerEvent: {}
[58.470263] (-) TimerEvent: {}
[58.570654] (-) TimerEvent: {}
[58.672277] (-) TimerEvent: {}
[58.774813] (-) TimerEvent: {}
[58.876769] (-) TimerEvent: {}
[58.979000] (-) TimerEvent: {}
[59.082206] (-) TimerEvent: {}
[59.182902] (-) TimerEvent: {}
[59.286321] (-) TimerEvent: {}
[59.388006] (-) TimerEvent: {}
[59.488513] (-) TimerEvent: {}
[59.593215] (-) TimerEvent: {}
[59.693718] (-) TimerEvent: {}
[59.797290] (-) TimerEvent: {}
[59.897965] (-) TimerEvent: {}
[60.001150] (-) TimerEvent: {}
[60.101652] (-) TimerEvent: {}
[60.202191] (-) TimerEvent: {}
[60.302978] (-) TimerEvent: {}
[60.404071] (-) TimerEvent: {}
[60.505728] (-) TimerEvent: {}
[60.610131] (-) TimerEvent: {}
[60.710682] (-) TimerEvent: {}
[60.811113] (-) TimerEvent: {}
[60.911479] (-) TimerEvent: {}
[61.012314] (-) TimerEvent: {}
[61.112902] (-) TimerEvent: {}
[61.213537] (-) TimerEvent: {}
[61.314322] (-) TimerEvent: {}
[61.415582] (-) TimerEvent: {}
[61.516130] (-) TimerEvent: {}
[61.616924] (-) TimerEvent: {}
[61.720267] (-) TimerEvent: {}
[61.821879] (-) TimerEvent: {}
[61.922525] (-) TimerEvent: {}
[62.019494] (simple_robot) StdoutLine: {'line': b'[ 83%] Built target robot_map_node\n'}
[62.022564] (-) TimerEvent: {}
[62.122963] (-) TimerEvent: {}
[62.223407] (-) TimerEvent: {}
[62.323963] (-) TimerEvent: {}
[62.424970] (-) TimerEvent: {}
[62.526404] (-) TimerEvent: {}
[62.628608] (-) TimerEvent: {}
[62.729278] (-) TimerEvent: {}
[62.830102] (-) TimerEvent: {}
[62.930862] (-) TimerEvent: {}
[63.031404] (-) TimerEvent: {}
[63.131890] (-) TimerEvent: {}
[63.232312] (-) TimerEvent: {}
[63.332930] (-) TimerEvent: {}
[63.433350] (-) TimerEvent: {}
[63.533761] (-) TimerEvent: {}
[63.634106] (-) TimerEvent: {}
[63.734437] (-) TimerEvent: {}
[63.834816] (-) TimerEvent: {}
[63.935252] (-) TimerEvent: {}
[64.035703] (-) TimerEvent: {}
[64.136053] (-) TimerEvent: {}
[64.236459] (-) TimerEvent: {}
[64.336951] (-) TimerEvent: {}
[64.437581] (-) TimerEvent: {}
[64.539169] (-) TimerEvent: {}
[64.639872] (-) TimerEvent: {}
[64.740623] (-) TimerEvent: {}
[64.819775] (simple_robot) StdoutLine: {'line': b'[ 91%] \x1b[32m\x1b[1mLinking CXX shared library libgrid_map.so\x1b[0m\n'}
[64.840770] (-) TimerEvent: {}
[64.941331] (-) TimerEvent: {}
[65.043380] (-) TimerEvent: {}
[65.143818] (-) TimerEvent: {}
[65.246715] (-) TimerEvent: {}
[65.347418] (-) TimerEvent: {}
[65.453013] (-) TimerEvent: {}
[65.557158] (-) TimerEvent: {}
[65.657802] (-) TimerEvent: {}
[65.758528] (-) TimerEvent: {}
[65.860342] (-) TimerEvent: {}
[65.961388] (-) TimerEvent: {}
[66.068158] (-) TimerEvent: {}
[66.168786] (-) TimerEvent: {}
[66.269340] (-) TimerEvent: {}
[66.370146] (-) TimerEvent: {}
[66.471369] (-) TimerEvent: {}
[66.572333] (-) TimerEvent: {}
[66.676453] (-) TimerEvent: {}
[66.776980] (-) TimerEvent: {}
[66.879121] (-) TimerEvent: {}
[66.980100] (-) TimerEvent: {}
[67.080519] (-) TimerEvent: {}
[67.180930] (-) TimerEvent: {}
[67.281408] (-) TimerEvent: {}
[67.381781] (-) TimerEvent: {}
[67.482243] (-) TimerEvent: {}
[67.582796] (-) TimerEvent: {}
[67.683262] (-) TimerEvent: {}
[67.785869] (-) TimerEvent: {}
[67.875675] (simple_robot) StdoutLine: {'line': b'[100%] Built target grid_map\n'}
[67.886012] (-) TimerEvent: {}
[67.908724] (simple_robot) CommandEnded: {'returncode': 0}
[67.911024] (simple_robot) JobProgress: {'identifier': 'simple_robot', 'progress': 'install'}
[67.938477] (simple_robot) Command: {'cmd': ['/usr/bin/cmake', '--install', '/home/martina/rp_project/robot-programming-project/src/simple_robot/build/simple_robot'], 'cwd': '/home/martina/rp_project/robot-programming-project/src/simple_robot/build/simple_robot', 'env': OrderedDict([('GJS_DEBUG_TOPICS', 'JS ERROR;JS LOG'), ('LESSOPEN', '| /usr/bin/env /usr/bin/lesspipe %s 2>/dev/null'), ('CONDA_PROMPT_MODIFIER', '(base)'), ('LC_TIME', 'it_IT.UTF-8'), ('USER', 'martina'), ('XDG_SESSION_TYPE', 'wayland'), ('GIT_ASKPASS', '/usr/share/code/resources/app/extensions/git/dist/askpass.sh'), ('SHLVL', '2'), ('LD_LIBRARY_PATH', '/opt/ros/humble/opt/rviz_ogre_vendor/lib:/opt/ros/humble/lib/x86_64-linux-gnu:/opt/ros/humble/lib::/home/martina/.mujoco/mujoco210/bin:/usr/lib/nvidia:~/anaconda3/lib'), ('HOME', '/home/martina'), ('OLDPWD', '/home/martina/rp_project/robot-programming-project/src/simple_robot'), ('CHROME_DESKTOP', 'code.desktop'), ('TERMINFO', '/home/martina/.terminfo'), ('LESS', '-iRFXMx4'), ('CONDA_SHLVL', '1'), ('DESKTOP_SESSION', 'ubuntu'), ('TERM_PROGRAM_VERSION', '1.97.2'), ('GIO_LAUNCHED_DESKTOP_FILE', '/usr/share/applications/code.desktop'), ('LSCOLORS', 'ExGxDxDxCxDxDxFxFxexEx'), ('GTK_MODULES', 'gail:atk-bridge'), ('GNOME_SHELL_SESSION_MODE', 'ubuntu'), ('VSCODE_GIT_ASKPASS_MAIN', '/usr/share/code/resources/app/extensions/git/dist/askpass-main.js'), ('PAGER', 'less'), ('ROS_PYTHON_VERSION', '3'), ('LC_MONETARY', 'it_IT.UTF-8'), ('MANAGERPID', '887'), ('VSCODE_GIT_ASKPASS_NODE', '/usr/share/code/code'), ('SYSTEMD_EXEC_PID', '1152'), ('DBUS_SESSION_BUS_ADDRESS', 'unix:path=/run/user/1000/bus'), ('P9K_TTY', 'old'), ('GIO_LAUNCHED_DESKTOP_FILE_PID', '3260'), ('COLORTERM', 'truecolor'), ('_CE_M', ''), ('WAYLAND_DISPLAY', 'wayland-0'), ('INFOPATH', ''), ('ROS_DISTRO', 'humble'), ('COLCON_PREFIX_PATH', '/home/martina/rp_project/robot-programming-project/install'), ('LOGNAME', 'martina'), ('_', '/usr/bin/colcon'), ('JOURNAL_STREAM', '8:11413'), ('_P9K_SSH_TTY', '/dev/pts/2'), ('XDG_SESSION_CLASS', 'user'), ('USER_ZDOTDIR', '/home/martina'), ('ROS_VERSION', '2'), ('USERNAME', 'martina'), ('TERM', 'xterm-256color'), ('GNOME_DESKTOP_SESSION_ID', 'this-is-deprecated'), ('_CE_CONDA', ''), ('ROS_LOCALHOST_ONLY', '0'), ('PATH', '/opt/ros/humble/bin:/home/martina/.local/bin:/home/martina/.local/bin:/usr/lib/ccache:.:/home/martina/.mujoco/mujoco210/bin:/usr/lib/nvidia:/home/martina/anaconda3/condabin:/home/martina/bin:/home/martina/.local/bin:/usr/local/sbin:/usr/local/bin:/usr/sbin:/usr/bin:/sbin:/bin:/usr/games:/usr/local/games:/snap/bin:/home/martina/.cache/zsh4humans/v5/fzf/bin:/home/martina/other/install/bin'), ('SESSION_MANAGER', 'local/Martina-ThinkPad-X1-Yoga:@/tmp/.ICE-unix/1105,unix/Martina-ThinkPad-X1-Yoga:/tmp/.ICE-unix/1105'), ('INVOCATION_ID', 'abb78b4b018940349bd4da4c8fed9753'), ('LC_ADDRESS', 'it_IT.UTF-8'), ('XDG_RUNTIME_DIR', '/run/user/1000'), ('XDG_MENU_PREFIX', 'gnome-'), ('GNOME_SETUP_DISPLAY', ':1'), ('GDK_BACKEND', 'x11'), ('DISPLAY', ':0'), ('LANG', 'en_US.UTF-8'), ('LC_TELEPHONE', 'it_IT.UTF-8'), ('XDG_CURRENT_DESKTOP', 'Unity'), ('VSCODE_INJECTION', '1'), ('LD_PRELOAD', ':/usr/lib/x86_64-linux-gnu/libGLEW.so'), ('XDG_SESSION_DESKTOP', 'ubuntu'), ('XMODIFIERS', '@im=ibus'), ('XAUTHORITY', '/run/user/1000/.mutter-Xwaylandauth.L52E22'), ('TERM_PROGRAM', 'vscode'), ('VSCODE_GIT_IPC_HANDLE', '/run/user/1000/vscode-git-f640f2b3f6.sock'), ('LS_COLORS', 'fi=00:mi=00:mh=00:ln=01;36:or=01;31:di=01;34:ow=04;01;34:st=34:tw=04;34:pi=01;33:so=01;33:do=01;33:bd=01;33:cd=01;33:su=01;35:sg=01;35:ca=01;35:ex=01;32:no=38;5;248'), ('TREE_COLORS', 'fi=00:mi=00:mh=00:ln=01;36:or=01;31:di=01;34:ow=01;34:st=34:tw=34:pi=01;33:so=01;33:do=01;33:bd=01;33:cd=01;33:su=01;35:sg=01;35:ca=01;35:ex=01;32'), ('SSH_AGENT_LAUNCHER', 'gnome-keyring'), ('SSH_AUTH_SOCK', '/run/user/1000/keyring/ssh'), ('ORIGINAL_XDG_CURRENT_DESKTOP', 'ubuntu:GNOME'), ('CONDA_PYTHON_EXE', '/home/martina/anaconda3/bin/python'), ('AMENT_PREFIX_PATH', '/home/martina/rp_project/robot-programming-project/install/simple_robot:/opt/ros/humble'), ('LC_NAME', 'it_IT.UTF-8'), ('SHELL', '/usr/local/bin/zsh'), ('DEST', '/home/martina/other/install'), ('QT_ACCESSIBILITY', '1'), ('GDMSESSION', 'ubuntu'), ('CONDA_DEFAULT_ENV', 'base'), ('LC_MEASUREMENT', 'it_IT.UTF-8'), ('LC_IDENTIFICATION', 'it_IT.UTF-8'), ('GJS_DEBUG_OUTPUT', 'stderr'), ('P9K_SSH', '0'), ('QT_IM_MODULE', 'ibus'), ('VSCODE_GIT_ASKPASS_EXTRA_ARGS', ''), ('VSCODE_NONCE', 'f672ca6a-f6db-4411-8134-b3ad71667d44'), ('LC_ALL', 'en_US.UTF-8'), ('PWD', '/home/martina/rp_project/robot-programming-project/src/simple_robot/build/simple_robot'), ('GPG_TTY', '/dev/pts/2'), ('XDG_DATA_DIRS', '/usr/local/share/:/usr/share/:/var/lib/snapd/desktop'), ('ZDOTDIR', '/home/martina'), ('_P9K_TTY', '/dev/pts/2'), ('CONDA_EXE', '/home/martina/anaconda3/bin/conda'), ('LC_NUMERIC', 'it_IT.UTF-8'), ('PYTHONPATH', '/opt/ros/humble/lib/python3.10/site-packages:/opt/ros/humble/local/lib/python3.10/dist-packages:/home/martina/other/install/lib/python3.10/site-packages/'), ('LC_PAPER', 'it_IT.UTF-8'), ('CONDA_PREFIX', '/home/martina/anaconda3'), ('COLCON', '1'), ('MANPATH', '/usr/local/share/man:/home/martina/.cache/zsh4humans/v5/fzf/man:'), ('CMAKE_PREFIX_PATH', '/home/martina/rp_project/robot-programming-project/install/simple_robot:/opt/ros/humble')]), 'shell': False}
[67.961586] (simple_robot) StdoutLine: {'line': b'-- Install configuration: ""\n'}
[67.962168] (simple_robot) StdoutLine: {'line': b'-- Installing: /home/martina/rp_project/robot-programming-project/src/simple_robot/install/simple_robot/lib/simple_robot/robot_map_node\n'}
[67.979885] (simple_robot) StdoutLine: {'line': b'-- Set runtime path of "/home/martina/rp_project/robot-programming-project/src/simple_robot/install/simple_robot/lib/simple_robot/robot_map_node" to ""\n'}
[67.980345] (simple_robot) StdoutLine: {'line': b'-- Up-to-date: /home/martina/rp_project/robot-programming-project/src/simple_robot/install/simple_robot/share/ament_index/resource_index/package_run_dependencies/simple_robot\n'}
[67.980543] (simple_robot) StdoutLine: {'line': b'-- Up-to-date: /home/martina/rp_project/robot-programming-project/src/simple_robot/install/simple_robot/share/ament_index/resource_index/parent_prefix_path/simple_robot\n'}
[67.980717] (simple_robot) StdoutLine: {'line': b'-- Up-to-date: /home/martina/rp_project/robot-programming-project/src/simple_robot/install/simple_robot/share/simple_robot/environment/ament_prefix_path.sh\n'}
[67.980981] (simple_robot) StdoutLine: {'line': b'-- Installing: /home/martina/rp_project/robot-programming-project/src/simple_robot/install/simple_robot/share/simple_robot/environment/ament_prefix_path.dsv\n'}
[67.981178] (simple_robot) StdoutLine: {'line': b'-- Up-to-date: /home/martina/rp_project/robot-programming-project/src/simple_robot/install/simple_robot/share/simple_robot/environment/path.sh\n'}
[67.981405] (simple_robot) StdoutLine: {'line': b'-- Installing: /home/martina/rp_project/robot-programming-project/src/simple_robot/install/simple_robot/share/simple_robot/environment/path.dsv\n'}
[67.981739] (simple_robot) StdoutLine: {'line': b'-- Up-to-date: /home/martina/rp_project/robot-programming-project/src/simple_robot/install/simple_robot/share/simple_robot/local_setup.bash\n'}
[67.981964] (simple_robot) StdoutLine: {'line': b'-- Up-to-date: /home/martina/rp_project/robot-programming-project/src/simple_robot/install/simple_robot/share/simple_robot/local_setup.sh\n'}
[67.982252] (simple_robot) StdoutLine: {'line': b'-- Up-to-date: /home/martina/rp_project/robot-programming-project/src/simple_robot/install/simple_robot/share/simple_robot/local_setup.zsh\n'}
[67.982421] (simple_robot) StdoutLine: {'line': b'-- Installing: /home/martina/rp_project/robot-programming-project/src/simple_robot/install/simple_robot/share/simple_robot/local_setup.dsv\n'}
[67.982577] (simple_robot) StdoutLine: {'line': b'-- Installing: /home/martina/rp_project/robot-programming-project/src/simple_robot/install/simple_robot/share/simple_robot/package.dsv\n'}
[67.982816] (simple_robot) StdoutLine: {'line': b'-- Up-to-date: /home/martina/rp_project/robot-programming-project/src/simple_robot/install/simple_robot/share/ament_index/resource_index/packages/simple_robot\n'}
[67.983001] (simple_robot) StdoutLine: {'line': b'-- Up-to-date: /home/martina/rp_project/robot-programming-project/src/simple_robot/install/simple_robot/share/simple_robot/cmake/simple_robotConfig.cmake\n'}
[67.983193] (simple_robot) StdoutLine: {'line': b'-- Up-to-date: /home/martina/rp_project/robot-programming-project/src/simple_robot/install/simple_robot/share/simple_robot/cmake/simple_robotConfig-version.cmake\n'}
[67.983377] (simple_robot) StdoutLine: {'line': b'-- Up-to-date: /home/martina/rp_project/robot-programming-project/src/simple_robot/install/simple_robot/share/simple_robot/package.xml\n'}
[67.986117] (-) TimerEvent: {}
[67.989087] (simple_robot) CommandEnded: {'returncode': 0}
[68.028944] (simple_robot) JobEnded: {'identifier': 'simple_robot', 'rc': 0}
[68.030201] (-) EventReactorShutdown: {}
