[0.000000] (-) TimerEvent: {}
[0.008834] (simple_robot) JobQueued: {'identifier': 'simple_robot', 'dependencies': OrderedDict()}
[0.009136] (simple_robot) JobStarted: {'identifier': 'simple_robot'}
[0.104941] (-) TimerEvent: {}
[0.216892] (simple_robot) JobProgress: {'identifier': 'simple_robot', 'progress': 'cmake'}
[0.217256] (-) TimerEvent: {}
[0.224097] (simple_robot) Command: {'cmd': ['/usr/bin/cmake', '/home/martina/rp_project/robot-programming-project/src/simple_robot', '-DCMAKE_INSTALL_PREFIX=/home/martina/rp_project/robot-programming-project/src/simple_robot/install/simple_robot'], 'cwd': '/home/martina/rp_project/robot-programming-project/src/simple_robot/build/simple_robot', 'env': OrderedDict([('GJS_DEBUG_TOPICS', 'JS ERROR;JS LOG'), ('LESSOPEN', '| /usr/bin/env /usr/bin/lesspipe %s 2>/dev/null'), ('CONDA_PROMPT_MODIFIER', '(base)'), ('LC_TIME', 'it_IT.UTF-8'), ('USER', 'martina'), ('XDG_SESSION_TYPE', 'wayland'), ('GIT_ASKPASS', '/usr/share/code/resources/app/extensions/git/dist/askpass.sh'), ('SHLVL', '2'), ('LD_LIBRARY_PATH', '/opt/ros/humble/opt/rviz_ogre_vendor/lib:/opt/ros/humble/lib/x86_64-linux-gnu:/opt/ros/humble/lib::/home/martina/.mujoco/mujoco210/bin:/usr/lib/nvidia:~/anaconda3/lib'), ('HOME', '/home/martina'), ('OLDPWD', '/home/martina/rp_project/robot-programming-project/src/simple_robot'), ('CHROME_DESKTOP', 'code.desktop'), ('TERMINFO', '/home/martina/.terminfo'), ('LESS', '-iRFXMx4'), ('CONDA_SHLVL', '1'), ('DESKTOP_SESSION', 'ubuntu'), ('TERM_PROGRAM_VERSION', '1.97.2'), ('GIO_LAUNCHED_DESKTOP_FILE', '/usr/share/applications/code.desktop'), ('LSCOLORS', 'ExGxDxDxCxDxDxFxFxexEx'), ('GTK_MODULES', 'gail:atk-bridge'), ('GNOME_SHELL_SESSION_MODE', 'ubuntu'), ('VSCODE_GIT_ASKPASS_MAIN', '/usr/share/code/resources/app/extensions/git/dist/askpass-main.js'), ('PAGER', 'less'), ('ROS_PYTHON_VERSION', '3'), ('LC_MONETARY', 'it_IT.UTF-8'), ('MANAGERPID', '861'), ('VSCODE_GIT_ASKPASS_NODE', '/usr/share/code/code'), ('SYSTEMD_EXEC_PID', '1099'), ('DBUS_SESSION_BUS_ADDRESS', 'unix:path=/run/user/1000/bus'), ('P9K_TTY', 'old'), ('GIO_LAUNCHED_DESKTOP_FILE_PID', '2441'), ('COLORTERM', 'truecolor'), ('_CE_M', ''), ('WAYLAND_DISPLAY', 'wayland-0'), ('INFOPATH', ''), ('ROS_DISTRO', 'humble'), ('COLCON_PREFIX_PATH', '/home/martina/rp_project/robot-programming-project/install'), ('LOGNAME', 'martina'), ('_', '/usr/bin/colcon'), ('JOURNAL_STREAM', '8:10438'), ('_P9K_SSH_TTY', '/dev/pts/0'), ('XDG_SESSION_CLASS', 'user'), ('USER_ZDOTDIR', '/home/martina'), ('ROS_VERSION', '2'), ('USERNAME', 'martina'), ('TERM', 'xterm-256color'), ('GNOME_DESKTOP_SESSION_ID', 'this-is-deprecated'), ('_CE_CONDA', ''), ('ROS_LOCALHOST_ONLY', '0'), ('PATH', '/opt/ros/humble/bin:/home/martina/.local/bin:/home/martina/.local/bin:/usr/lib/ccache:.:/home/martina/.mujoco/mujoco210/bin:/usr/lib/nvidia:/home/martina/anaconda3/condabin:/home/martina/bin:/home/martina/.local/bin:/usr/local/sbin:/usr/local/bin:/usr/sbin:/usr/bin:/sbin:/bin:/usr/games:/usr/local/games:/snap/bin:/home/martina/.cache/zsh4humans/v5/fzf/bin:/home/martina/other/install/bin'), ('SESSION_MANAGER', 'local/Martina-ThinkPad-X1-Yoga:@/tmp/.ICE-unix/1062,unix/Martina-ThinkPad-X1-Yoga:/tmp/.ICE-unix/1062'), ('INVOCATION_ID', 'd41eea5a77214ff18af65c9f647aefff'), ('LC_ADDRESS', 'it_IT.UTF-8'), ('XDG_RUNTIME_DIR', '/run/user/1000'), ('XDG_MENU_PREFIX', 'gnome-'), ('GNOME_SETUP_DISPLAY', ':1'), ('GDK_BACKEND', 'x11'), ('DISPLAY', ':0'), ('LANG', 'en_US.UTF-8'), ('LC_TELEPHONE', 'it_IT.UTF-8'), ('XDG_CURRENT_DESKTOP', 'Unity'), ('VSCODE_INJECTION', '1'), ('LD_PRELOAD', ':/usr/lib/x86_64-linux-gnu/libGLEW.so'), ('XDG_SESSION_DESKTOP', 'ubuntu'), ('XMODIFIERS', '@im=ibus'), ('XAUTHORITY', '/run/user/1000/.mutter-Xwaylandauth.2DKN22'), ('TERM_PROGRAM', 'vscode'), ('VSCODE_GIT_IPC_HANDLE', '/run/user/1000/vscode-git-f640f2b3f6.sock'), ('LS_COLORS', 'fi=00:mi=00:mh=00:ln=01;36:or=01;31:di=01;34:ow=04;01;34:st=34:tw=04;34:pi=01;33:so=01;33:do=01;33:bd=01;33:cd=01;33:su=01;35:sg=01;35:ca=01;35:ex=01;32:no=38;5;248'), ('TREE_COLORS', 'fi=00:mi=00:mh=00:ln=01;36:or=01;31:di=01;34:ow=01;34:st=34:tw=34:pi=01;33:so=01;33:do=01;33:bd=01;33:cd=01;33:su=01;35:sg=01;35:ca=01;35:ex=01;32'), ('SSH_AGENT_LAUNCHER', 'gnome-keyring'), ('SSH_AUTH_SOCK', '/run/user/1000/keyring/ssh'), ('ORIGINAL_XDG_CURRENT_DESKTOP', 'ubuntu:GNOME'), ('CONDA_PYTHON_EXE', '/home/martina/anaconda3/bin/python'), ('AMENT_PREFIX_PATH', '/home/martina/rp_project/robot-programming-project/install/simple_robot:/opt/ros/humble'), ('LC_NAME', 'it_IT.UTF-8'), ('SHELL', '/usr/local/bin/zsh'), ('DEST', '/home/martina/other/install'), ('QT_ACCESSIBILITY', '1'), ('GDMSESSION', 'ubuntu'), ('CONDA_DEFAULT_ENV', 'base'), ('LC_MEASUREMENT', 'it_IT.UTF-8'), ('LC_IDENTIFICATION', 'it_IT.UTF-8'), ('GJS_DEBUG_OUTPUT', 'stderr'), ('P9K_SSH', '0'), ('QT_IM_MODULE', 'ibus'), ('VSCODE_GIT_ASKPASS_EXTRA_ARGS', ''), ('VSCODE_NONCE', 'a7161ded-a4be-401b-bdce-92ccf5224d1f'), ('LC_ALL', 'en_US.UTF-8'), ('PWD', '/home/martina/rp_project/robot-programming-project/src/simple_robot/build/simple_robot'), ('GPG_TTY', '/dev/pts/0'), ('XDG_DATA_DIRS', '/usr/local/share/:/usr/share/:/var/lib/snapd/desktop'), ('ZDOTDIR', '/home/martina'), ('_P9K_TTY', '/dev/pts/0'), ('CONDA_EXE', '/home/martina/anaconda3/bin/conda'), ('LC_NUMERIC', 'it_IT.UTF-8'), ('PYTHONPATH', '/opt/ros/humble/lib/python3.10/site-packages:/opt/ros/humble/local/lib/python3.10/dist-packages:/home/martina/other/install/lib/python3.10/site-packages/'), ('LC_PAPER', 'it_IT.UTF-8'), ('CONDA_PREFIX', '/home/martina/anaconda3'), ('COLCON', '1'), ('MANPATH', '/usr/local/share/man:/home/martina/.cache/zsh4humans/v5/fzf/man:'), ('CMAKE_PREFIX_PATH', '/home/martina/rp_project/robot-programming-project/install/simple_robot:/opt/ros/humble')]), 'shell': False}
[0.317539] (-) TimerEvent: {}
[0.421894] (-) TimerEvent: {}
[0.522930] (-) TimerEvent: {}
[0.627206] (-) TimerEvent: {}
[0.736988] (-) TimerEvent: {}
[0.838020] (-) TimerEvent: {}
[0.945864] (-) TimerEvent: {}
[1.050848] (-) TimerEvent: {}
[1.158847] (-) TimerEvent: {}
[1.259753] (-) TimerEvent: {}
[1.370883] (-) TimerEvent: {}
[1.474861] (-) TimerEvent: {}
[1.583925] (-) TimerEvent: {}
[1.684826] (-) TimerEvent: {}
[1.791847] (-) TimerEvent: {}
[1.892647] (-) TimerEvent: {}
[1.899009] (simple_robot) StdoutLine: {'line': b'-- The C compiler identification is GNU 11.4.0\n'}
[1.993284] (-) TimerEvent: {}
[2.096530] (-) TimerEvent: {}
[2.206030] (-) TimerEvent: {}
[2.306890] (-) TimerEvent: {}
[2.407880] (-) TimerEvent: {}
[2.512987] (-) TimerEvent: {}
[2.617468] (-) TimerEvent: {}
[2.722500] (-) TimerEvent: {}
[2.823733] (-) TimerEvent: {}
[2.931078] (-) TimerEvent: {}
[3.038859] (-) TimerEvent: {}
[3.139831] (-) TimerEvent: {}
[3.245316] (-) TimerEvent: {}
[3.260717] (simple_robot) StdoutLine: {'line': b'-- The CXX compiler identification is GNU 11.4.0\n'}
[3.346112] (-) TimerEvent: {}
[3.359364] (simple_robot) StdoutLine: {'line': b'-- Detecting C compiler ABI info\n'}
[3.446387] (-) TimerEvent: {}
[3.549324] (-) TimerEvent: {}
[3.652215] (-) TimerEvent: {}
[3.755869] (-) TimerEvent: {}
[3.856865] (-) TimerEvent: {}
[3.957714] (-) TimerEvent: {}
[4.049011] (simple_robot) StdoutLine: {'line': b'-- Detecting C compiler ABI info - done\n'}
[4.059785] (-) TimerEvent: {}
[4.163071] (-) TimerEvent: {}
[4.176581] (simple_robot) StdoutLine: {'line': b'-- Check for working C compiler: /usr/lib/ccache/cc - skipped\n'}
[4.179865] (simple_robot) StdoutLine: {'line': b'-- Detecting C compile features\n'}
[4.184308] (simple_robot) StdoutLine: {'line': b'-- Detecting C compile features - done\n'}
[4.212164] (simple_robot) StdoutLine: {'line': b'-- Detecting CXX compiler ABI info\n'}
[4.263299] (-) TimerEvent: {}
[4.364201] (-) TimerEvent: {}
[4.465108] (-) TimerEvent: {}
[4.568174] (-) TimerEvent: {}
[4.669110] (-) TimerEvent: {}
[4.771885] (-) TimerEvent: {}
[4.872884] (-) TimerEvent: {}
[4.974252] (-) TimerEvent: {}
[5.078063] (-) TimerEvent: {}
[5.125767] (simple_robot) StdoutLine: {'line': b'-- Detecting CXX compiler ABI info - done\n'}
[5.179303] (-) TimerEvent: {}
[5.280640] (-) TimerEvent: {}
[5.324191] (simple_robot) StdoutLine: {'line': b'-- Check for working CXX compiler: /usr/lib/ccache/c++ - skipped\n'}
[5.328731] (simple_robot) StdoutLine: {'line': b'-- Detecting CXX compile features\n'}
[5.336990] (simple_robot) StdoutLine: {'line': b'-- Detecting CXX compile features - done\n'}
[5.380839] (-) TimerEvent: {}
[5.485453] (-) TimerEvent: {}
[5.521661] (simple_robot) StdoutLine: {'line': b'-- Found OpenCV: /usr (found suitable version "4.5.4", minimum required is "4.5.4") \n'}
[5.580293] (simple_robot) StdoutLine: {'line': b'-- Found ament_cmake: 1.3.11 (/opt/ros/humble/share/ament_cmake/cmake)\n'}
[5.587272] (-) TimerEvent: {}
[5.693596] (-) TimerEvent: {}
[5.794527] (-) TimerEvent: {}
[5.896850] (-) TimerEvent: {}
[6.001959] (-) TimerEvent: {}
[6.106761] (-) TimerEvent: {}
[6.210879] (-) TimerEvent: {}
[6.312855] (-) TimerEvent: {}
[6.417466] (-) TimerEvent: {}
[6.522913] (-) TimerEvent: {}
[6.623829] (-) TimerEvent: {}
[6.726862] (-) TimerEvent: {}
[6.827848] (-) TimerEvent: {}
[6.931083] (-) TimerEvent: {}
[7.040624] (-) TimerEvent: {}
[7.144149] (-) TimerEvent: {}
[7.248263] (-) TimerEvent: {}
[7.342973] (simple_robot) StdoutLine: {'line': b'-- Found Python3: /usr/bin/python3 (found version "3.10.12") found components: Interpreter \n'}
[7.350412] (-) TimerEvent: {}
[7.458241] (-) TimerEvent: {}
[7.561279] (-) TimerEvent: {}
[7.664147] (-) TimerEvent: {}
[7.770850] (-) TimerEvent: {}
[7.873980] (-) TimerEvent: {}
[7.974855] (-) TimerEvent: {}
[8.079726] (-) TimerEvent: {}
[8.089846] (simple_robot) StdoutLine: {'line': b'-- Found rclcpp: 16.0.11 (/opt/ros/humble/share/rclcpp/cmake)\n'}
[8.184037] (-) TimerEvent: {}
[8.293883] (-) TimerEvent: {}
[8.394859] (-) TimerEvent: {}
[8.495890] (-) TimerEvent: {}
[8.587840] (simple_robot) StdoutLine: {'line': b'-- Found rosidl_generator_c: 3.1.6 (/opt/ros/humble/share/rosidl_generator_c/cmake)\n'}
[8.596868] (-) TimerEvent: {}
[8.698939] (-) TimerEvent: {}
[8.702258] (simple_robot) StdoutLine: {'line': b'-- Found rosidl_adapter: 3.1.6 (/opt/ros/humble/share/rosidl_adapter/cmake)\n'}
[8.799857] (-) TimerEvent: {}
[8.879461] (simple_robot) StdoutLine: {'line': b'-- Found rosidl_generator_cpp: 3.1.6 (/opt/ros/humble/share/rosidl_generator_cpp/cmake)\n'}
[8.900065] (-) TimerEvent: {}
[9.004089] (-) TimerEvent: {}
[9.026736] (simple_robot) StdoutLine: {'line': b'-- Using all available rosidl_typesupport_c: rosidl_typesupport_fastrtps_c;rosidl_typesupport_introspection_c\n'}
[9.104300] (-) TimerEvent: {}
[9.163897] (simple_robot) StdoutLine: {'line': b'-- Using all available rosidl_typesupport_cpp: rosidl_typesupport_fastrtps_cpp;rosidl_typesupport_introspection_cpp\n'}
[9.206873] (-) TimerEvent: {}
[9.307792] (-) TimerEvent: {}
[9.410074] (-) TimerEvent: {}
[9.479767] (simple_robot) StdoutLine: {'line': b'-- Found rmw_implementation_cmake: 6.1.2 (/opt/ros/humble/share/rmw_implementation_cmake/cmake)\n'}
[9.498365] (simple_robot) StdoutLine: {'line': b'-- Found rmw_fastrtps_cpp: 6.2.7 (/opt/ros/humble/share/rmw_fastrtps_cpp/cmake)\n'}
[9.510923] (-) TimerEvent: {}
[9.614144] (-) TimerEvent: {}
[9.715041] (-) TimerEvent: {}
[9.816169] (-) TimerEvent: {}
[9.919065] (-) TimerEvent: {}
[10.022717] (-) TimerEvent: {}
[10.123775] (-) TimerEvent: {}
[10.225176] (-) TimerEvent: {}
[10.323972] (simple_robot) StdoutLine: {'line': b'-- Found OpenSSL: /usr/lib/x86_64-linux-gnu/libcrypto.so (found version "3.0.2")  \n'}
[10.325713] (-) TimerEvent: {}
[10.426465] (-) TimerEvent: {}
[10.528809] (-) TimerEvent: {}
[10.542532] (simple_robot) StdoutLine: {'line': b'-- Found FastRTPS: /opt/ros/humble/include  \n'}
[10.629150] (-) TimerEvent: {}
[10.729966] (-) TimerEvent: {}
[10.831257] (-) TimerEvent: {}
[10.880260] (simple_robot) StdoutLine: {'line': b"-- Using RMW implementation 'rmw_fastrtps_cpp' as default\n"}
[10.933900] (-) TimerEvent: {}
[10.952907] (simple_robot) StdoutLine: {'line': b'-- Looking for pthread.h\n'}
[11.034162] (-) TimerEvent: {}
[11.136145] (-) TimerEvent: {}
[11.242843] (-) TimerEvent: {}
[11.343749] (-) TimerEvent: {}
[11.446720] (-) TimerEvent: {}
[11.549198] (-) TimerEvent: {}
[11.650096] (-) TimerEvent: {}
[11.758758] (-) TimerEvent: {}
[11.861237] (-) TimerEvent: {}
[11.965367] (-) TimerEvent: {}
[12.056792] (simple_robot) StdoutLine: {'line': b'-- Looking for pthread.h - found\n'}
[12.059031] (simple_robot) StdoutLine: {'line': b'-- Performing Test CMAKE_HAVE_LIBC_PTHREAD\n'}
[12.066929] (-) TimerEvent: {}
[12.171912] (-) TimerEvent: {}
[12.272939] (-) TimerEvent: {}
[12.377891] (-) TimerEvent: {}
[12.478839] (-) TimerEvent: {}
[12.582315] (-) TimerEvent: {}
[12.683236] (-) TimerEvent: {}
[12.791463] (-) TimerEvent: {}
[12.894836] (-) TimerEvent: {}
[12.976341] (simple_robot) StdoutLine: {'line': b'-- Performing Test CMAKE_HAVE_LIBC_PTHREAD - Success\n'}
[12.995170] (simple_robot) StdoutLine: {'line': b'-- Found Threads: TRUE  \n'}
[12.996112] (-) TimerEvent: {}
[13.100173] (-) TimerEvent: {}
[13.202982] (-) TimerEvent: {}
[13.307632] (-) TimerEvent: {}
[13.414871] (-) TimerEvent: {}
[13.521934] (-) TimerEvent: {}
[13.624393] (-) TimerEvent: {}
[13.729471] (-) TimerEvent: {}
[13.835507] (-) TimerEvent: {}
[13.938013] (-) TimerEvent: {}
[14.045421] (-) TimerEvent: {}
[14.052796] (simple_robot) StdoutLine: {'line': b'-- Found geometry_msgs: 4.2.4 (/opt/ros/humble/share/geometry_msgs/cmake)\n'}
[14.149718] (-) TimerEvent: {}
[14.236867] (simple_robot) StdoutLine: {'line': b'-- Found sensor_msgs: 4.2.4 (/opt/ros/humble/share/sensor_msgs/cmake)\n'}
[14.260327] (-) TimerEvent: {}
[14.364173] (-) TimerEvent: {}
[14.396736] (simple_robot) StdoutLine: {'line': b'-- Found nav_msgs: 4.2.4 (/opt/ros/humble/share/nav_msgs/cmake)\n'}
[14.465177] (-) TimerEvent: {}
[14.571089] (-) TimerEvent: {}
[14.588067] (simple_robot) StdoutLine: {'line': b'-- Found OpenCV: /usr (found version "4.5.4") \n'}
[14.674850] (-) TimerEvent: {}
[14.777188] (-) TimerEvent: {}
[14.885193] (-) TimerEvent: {}
[14.987590] (-) TimerEvent: {}
[15.088632] (-) TimerEvent: {}
[15.136104] (simple_robot) StdoutLine: {'line': b'-- DATA_DIR: /home/martina/rp_project/robot-programming-project/src/simple_robot/data\n'}
[15.137034] (simple_robot) StdoutLine: {'line': b'-- Configuring done\n'}
[15.194376] (-) TimerEvent: {}
[15.296085] (simple_robot) StdoutLine: {'line': b'-- Generating done\n'}
[15.300953] (-) TimerEvent: {}
[15.356416] (simple_robot) StdoutLine: {'line': b'-- Build files have been written to: /home/martina/rp_project/robot-programming-project/src/simple_robot/build/simple_robot\n'}
[15.401523] (-) TimerEvent: {}
[15.427259] (simple_robot) CommandEnded: {'returncode': 0}
[15.445801] (simple_robot) JobProgress: {'identifier': 'simple_robot', 'progress': 'build'}
[15.459881] (simple_robot) Command: {'cmd': ['/usr/bin/cmake', '--build', '/home/martina/rp_project/robot-programming-project/src/simple_robot/build/simple_robot', '--', '-j4', '-l4'], 'cwd': '/home/martina/rp_project/robot-programming-project/src/simple_robot/build/simple_robot', 'env': OrderedDict([('GJS_DEBUG_TOPICS', 'JS ERROR;JS LOG'), ('LESSOPEN', '| /usr/bin/env /usr/bin/lesspipe %s 2>/dev/null'), ('CONDA_PROMPT_MODIFIER', '(base)'), ('LC_TIME', 'it_IT.UTF-8'), ('USER', 'martina'), ('XDG_SESSION_TYPE', 'wayland'), ('GIT_ASKPASS', '/usr/share/code/resources/app/extensions/git/dist/askpass.sh'), ('SHLVL', '2'), ('LD_LIBRARY_PATH', '/opt/ros/humble/opt/rviz_ogre_vendor/lib:/opt/ros/humble/lib/x86_64-linux-gnu:/opt/ros/humble/lib::/home/martina/.mujoco/mujoco210/bin:/usr/lib/nvidia:~/anaconda3/lib'), ('HOME', '/home/martina'), ('OLDPWD', '/home/martina/rp_project/robot-programming-project/src/simple_robot'), ('CHROME_DESKTOP', 'code.desktop'), ('TERMINFO', '/home/martina/.terminfo'), ('LESS', '-iRFXMx4'), ('CONDA_SHLVL', '1'), ('DESKTOP_SESSION', 'ubuntu'), ('TERM_PROGRAM_VERSION', '1.97.2'), ('GIO_LAUNCHED_DESKTOP_FILE', '/usr/share/applications/code.desktop'), ('LSCOLORS', 'ExGxDxDxCxDxDxFxFxexEx'), ('GTK_MODULES', 'gail:atk-bridge'), ('GNOME_SHELL_SESSION_MODE', 'ubuntu'), ('VSCODE_GIT_ASKPASS_MAIN', '/usr/share/code/resources/app/extensions/git/dist/askpass-main.js'), ('PAGER', 'less'), ('ROS_PYTHON_VERSION', '3'), ('LC_MONETARY', 'it_IT.UTF-8'), ('MANAGERPID', '861'), ('VSCODE_GIT_ASKPASS_NODE', '/usr/share/code/code'), ('SYSTEMD_EXEC_PID', '1099'), ('DBUS_SESSION_BUS_ADDRESS', 'unix:path=/run/user/1000/bus'), ('P9K_TTY', 'old'), ('GIO_LAUNCHED_DESKTOP_FILE_PID', '2441'), ('COLORTERM', 'truecolor'), ('_CE_M', ''), ('WAYLAND_DISPLAY', 'wayland-0'), ('INFOPATH', ''), ('ROS_DISTRO', 'humble'), ('COLCON_PREFIX_PATH', '/home/martina/rp_project/robot-programming-project/install'), ('LOGNAME', 'martina'), ('_', '/usr/bin/colcon'), ('JOURNAL_STREAM', '8:10438'), ('_P9K_SSH_TTY', '/dev/pts/0'), ('XDG_SESSION_CLASS', 'user'), ('USER_ZDOTDIR', '/home/martina'), ('ROS_VERSION', '2'), ('USERNAME', 'martina'), ('TERM', 'xterm-256color'), ('GNOME_DESKTOP_SESSION_ID', 'this-is-deprecated'), ('_CE_CONDA', ''), ('ROS_LOCALHOST_ONLY', '0'), ('PATH', '/opt/ros/humble/bin:/home/martina/.local/bin:/home/martina/.local/bin:/usr/lib/ccache:.:/home/martina/.mujoco/mujoco210/bin:/usr/lib/nvidia:/home/martina/anaconda3/condabin:/home/martina/bin:/home/martina/.local/bin:/usr/local/sbin:/usr/local/bin:/usr/sbin:/usr/bin:/sbin:/bin:/usr/games:/usr/local/games:/snap/bin:/home/martina/.cache/zsh4humans/v5/fzf/bin:/home/martina/other/install/bin'), ('SESSION_MANAGER', 'local/Martina-ThinkPad-X1-Yoga:@/tmp/.ICE-unix/1062,unix/Martina-ThinkPad-X1-Yoga:/tmp/.ICE-unix/1062'), ('INVOCATION_ID', 'd41eea5a77214ff18af65c9f647aefff'), ('LC_ADDRESS', 'it_IT.UTF-8'), ('XDG_RUNTIME_DIR', '/run/user/1000'), ('XDG_MENU_PREFIX', 'gnome-'), ('GNOME_SETUP_DISPLAY', ':1'), ('GDK_BACKEND', 'x11'), ('DISPLAY', ':0'), ('LANG', 'en_US.UTF-8'), ('LC_TELEPHONE', 'it_IT.UTF-8'), ('XDG_CURRENT_DESKTOP', 'Unity'), ('VSCODE_INJECTION', '1'), ('LD_PRELOAD', ':/usr/lib/x86_64-linux-gnu/libGLEW.so'), ('XDG_SESSION_DESKTOP', 'ubuntu'), ('XMODIFIERS', '@im=ibus'), ('XAUTHORITY', '/run/user/1000/.mutter-Xwaylandauth.2DKN22'), ('TERM_PROGRAM', 'vscode'), ('VSCODE_GIT_IPC_HANDLE', '/run/user/1000/vscode-git-f640f2b3f6.sock'), ('LS_COLORS', 'fi=00:mi=00:mh=00:ln=01;36:or=01;31:di=01;34:ow=04;01;34:st=34:tw=04;34:pi=01;33:so=01;33:do=01;33:bd=01;33:cd=01;33:su=01;35:sg=01;35:ca=01;35:ex=01;32:no=38;5;248'), ('TREE_COLORS', 'fi=00:mi=00:mh=00:ln=01;36:or=01;31:di=01;34:ow=01;34:st=34:tw=34:pi=01;33:so=01;33:do=01;33:bd=01;33:cd=01;33:su=01;35:sg=01;35:ca=01;35:ex=01;32'), ('SSH_AGENT_LAUNCHER', 'gnome-keyring'), ('SSH_AUTH_SOCK', '/run/user/1000/keyring/ssh'), ('ORIGINAL_XDG_CURRENT_DESKTOP', 'ubuntu:GNOME'), ('CONDA_PYTHON_EXE', '/home/martina/anaconda3/bin/python'), ('AMENT_PREFIX_PATH', '/home/martina/rp_project/robot-programming-project/install/simple_robot:/opt/ros/humble'), ('LC_NAME', 'it_IT.UTF-8'), ('SHELL', '/usr/local/bin/zsh'), ('DEST', '/home/martina/other/install'), ('QT_ACCESSIBILITY', '1'), ('GDMSESSION', 'ubuntu'), ('CONDA_DEFAULT_ENV', 'base'), ('LC_MEASUREMENT', 'it_IT.UTF-8'), ('LC_IDENTIFICATION', 'it_IT.UTF-8'), ('GJS_DEBUG_OUTPUT', 'stderr'), ('P9K_SSH', '0'), ('QT_IM_MODULE', 'ibus'), ('VSCODE_GIT_ASKPASS_EXTRA_ARGS', ''), ('VSCODE_NONCE', 'a7161ded-a4be-401b-bdce-92ccf5224d1f'), ('LC_ALL', 'en_US.UTF-8'), ('PWD', '/home/martina/rp_project/robot-programming-project/src/simple_robot/build/simple_robot'), ('GPG_TTY', '/dev/pts/0'), ('XDG_DATA_DIRS', '/usr/local/share/:/usr/share/:/var/lib/snapd/desktop'), ('ZDOTDIR', '/home/martina'), ('_P9K_TTY', '/dev/pts/0'), ('CONDA_EXE', '/home/martina/anaconda3/bin/conda'), ('LC_NUMERIC', 'it_IT.UTF-8'), ('PYTHONPATH', '/opt/ros/humble/lib/python3.10/site-packages:/opt/ros/humble/local/lib/python3.10/dist-packages:/home/martina/other/install/lib/python3.10/site-packages/'), ('LC_PAPER', 'it_IT.UTF-8'), ('CONDA_PREFIX', '/home/martina/anaconda3'), ('COLCON', '1'), ('MANPATH', '/usr/local/share/man:/home/martina/.cache/zsh4humans/v5/fzf/man:'), ('CMAKE_PREFIX_PATH', '/home/martina/rp_project/robot-programming-project/install/simple_robot:/opt/ros/humble')]), 'shell': False}
[15.501746] (-) TimerEvent: {}
[15.602593] (-) TimerEvent: {}
[15.707129] (-) TimerEvent: {}
[15.809313] (-) TimerEvent: {}
[15.895429] (simple_robot) StdoutLine: {'line': b'\x1b[35m\x1b[1mConsolidate compiler generated dependencies of target robot_map_node\x1b[0m\n'}
[15.909737] (-) TimerEvent: {}
[16.013362] (-) TimerEvent: {}
[16.118378] (-) TimerEvent: {}
[16.221535] (-) TimerEvent: {}
[16.322479] (-) TimerEvent: {}
[16.372896] (simple_robot) StdoutLine: {'line': b'[  8%] \x1b[32mBuilding CXX object CMakeFiles/robot_map_node.dir/src/main.cpp.o\x1b[0m\n'}
[16.423464] (-) TimerEvent: {}
[16.528860] (-) TimerEvent: {}
[16.629789] (-) TimerEvent: {}
[16.730888] (-) TimerEvent: {}
[16.835908] (-) TimerEvent: {}
[16.937805] (-) TimerEvent: {}
[17.039839] (-) TimerEvent: {}
[17.141845] (-) TimerEvent: {}
[17.244995] (-) TimerEvent: {}
[17.347929] (-) TimerEvent: {}
[17.461824] (-) TimerEvent: {}
[17.568596] (-) TimerEvent: {}
[17.672954] (-) TimerEvent: {}
[17.773799] (-) TimerEvent: {}
[17.876453] (-) TimerEvent: {}
[17.979737] (-) TimerEvent: {}
[18.082807] (-) TimerEvent: {}
[18.184858] (-) TimerEvent: {}
[18.286654] (-) TimerEvent: {}
[18.389862] (-) TimerEvent: {}
[18.493899] (-) TimerEvent: {}
[18.594954] (-) TimerEvent: {}
[18.699602] (-) TimerEvent: {}
[18.800458] (-) TimerEvent: {}
[18.906212] (-) TimerEvent: {}
[19.007366] (-) TimerEvent: {}
[19.112306] (-) TimerEvent: {}
[19.218203] (-) TimerEvent: {}
[19.323164] (-) TimerEvent: {}
[19.427594] (-) TimerEvent: {}
[19.539632] (-) TimerEvent: {}
[19.646106] (-) TimerEvent: {}
[19.747777] (-) TimerEvent: {}
[19.848911] (-) TimerEvent: {}
[19.956572] (-) TimerEvent: {}
[20.062969] (-) TimerEvent: {}
[20.165458] (-) TimerEvent: {}
[20.266540] (-) TimerEvent: {}
[20.371529] (-) TimerEvent: {}
[20.472534] (-) TimerEvent: {}
[20.576503] (-) TimerEvent: {}
[20.677399] (-) TimerEvent: {}
[20.779591] (-) TimerEvent: {}
[20.883310] (-) TimerEvent: {}
[20.987257] (-) TimerEvent: {}
[21.096367] (-) TimerEvent: {}
[21.201072] (-) TimerEvent: {}
[21.305596] (-) TimerEvent: {}
[21.410014] (-) TimerEvent: {}
[21.511592] (-) TimerEvent: {}
[21.615879] (-) TimerEvent: {}
[21.717044] (-) TimerEvent: {}
[21.819812] (-) TimerEvent: {}
[21.920852] (-) TimerEvent: {}
[22.024868] (-) TimerEvent: {}
[22.125891] (-) TimerEvent: {}
[22.227902] (-) TimerEvent: {}
[22.333372] (-) TimerEvent: {}
[22.435987] (-) TimerEvent: {}
[22.539925] (-) TimerEvent: {}
[22.644851] (-) TimerEvent: {}
[22.745811] (-) TimerEvent: {}
[22.846658] (-) TimerEvent: {}
[22.949215] (-) TimerEvent: {}
[23.052571] (-) TimerEvent: {}
[23.157059] (-) TimerEvent: {}
[23.262739] (-) TimerEvent: {}
[23.367897] (-) TimerEvent: {}
[23.470104] (-) TimerEvent: {}
[23.572513] (-) TimerEvent: {}
[23.675864] (-) TimerEvent: {}
[23.781592] (-) TimerEvent: {}
[23.883019] (-) TimerEvent: {}
[23.985257] (-) TimerEvent: {}
[24.088557] (-) TimerEvent: {}
[24.194925] (-) TimerEvent: {}
[24.297182] (-) TimerEvent: {}
[24.400474] (-) TimerEvent: {}
[24.505889] (-) TimerEvent: {}
[24.606850] (-) TimerEvent: {}
[24.710158] (-) TimerEvent: {}
[24.811040] (-) TimerEvent: {}
[24.913889] (-) TimerEvent: {}
[25.016925] (-) TimerEvent: {}
[25.119790] (-) TimerEvent: {}
[25.229832] (-) TimerEvent: {}
[25.332381] (-) TimerEvent: {}
[25.437163] (-) TimerEvent: {}
[25.543134] (-) TimerEvent: {}
[25.646251] (-) TimerEvent: {}
[25.754220] (-) TimerEvent: {}
[25.855154] (-) TimerEvent: {}
[25.965982] (-) TimerEvent: {}
[26.069931] (-) TimerEvent: {}
[26.171022] (-) TimerEvent: {}
[26.273885] (-) TimerEvent: {}
[26.376864] (-) TimerEvent: {}
[26.477893] (-) TimerEvent: {}
[26.585858] (-) TimerEvent: {}
[26.686929] (-) TimerEvent: {}
[26.789935] (-) TimerEvent: {}
[26.892361] (-) TimerEvent: {}
[26.993801] (-) TimerEvent: {}
[27.096471] (-) TimerEvent: {}
[27.198861] (-) TimerEvent: {}
[27.299988] (-) TimerEvent: {}
[27.404880] (-) TimerEvent: {}
[27.506100] (-) TimerEvent: {}
[27.606981] (-) TimerEvent: {}
[27.709158] (-) TimerEvent: {}
[27.813179] (-) TimerEvent: {}
[27.914842] (-) TimerEvent: {}
[28.016753] (-) TimerEvent: {}
[28.117611] (-) TimerEvent: {}
[28.218495] (-) TimerEvent: {}
[28.319858] (-) TimerEvent: {}
[28.421238] (-) TimerEvent: {}
[28.522234] (-) TimerEvent: {}
[28.624220] (-) TimerEvent: {}
[28.725633] (-) TimerEvent: {}
[28.830731] (-) TimerEvent: {}
[28.934951] (-) TimerEvent: {}
[29.037849] (-) TimerEvent: {}
[29.142965] (-) TimerEvent: {}
[29.243950] (-) TimerEvent: {}
[29.348561] (-) TimerEvent: {}
[29.450854] (-) TimerEvent: {}
[29.552657] (-) TimerEvent: {}
[29.655913] (-) TimerEvent: {}
[29.757761] (-) TimerEvent: {}
[29.858735] (-) TimerEvent: {}
[29.959588] (-) TimerEvent: {}
[30.060425] (-) TimerEvent: {}
[30.161293] (-) TimerEvent: {}
[30.262172] (-) TimerEvent: {}
[30.362983] (-) TimerEvent: {}
[30.463871] (-) TimerEvent: {}
[30.564616] (-) TimerEvent: {}
[30.665395] (-) TimerEvent: {}
[30.766111] (-) TimerEvent: {}
[30.866831] (-) TimerEvent: {}
[30.967753] (-) TimerEvent: {}
[31.068635] (-) TimerEvent: {}
[31.169531] (-) TimerEvent: {}
[31.270276] (-) TimerEvent: {}
[31.370939] (-) TimerEvent: {}
[31.472960] (-) TimerEvent: {}
[31.573819] (-) TimerEvent: {}
[31.674576] (-) TimerEvent: {}
[31.775494] (-) TimerEvent: {}
[31.876235] (-) TimerEvent: {}
[31.976961] (-) TimerEvent: {}
[32.077821] (-) TimerEvent: {}
[32.178617] (-) TimerEvent: {}
[32.279577] (-) TimerEvent: {}
[32.380418] (-) TimerEvent: {}
[32.481078] (-) TimerEvent: {}
[32.581773] (-) TimerEvent: {}
[32.682426] (-) TimerEvent: {}
[32.783084] (-) TimerEvent: {}
[32.883749] (-) TimerEvent: {}
[32.984408] (-) TimerEvent: {}
[33.085160] (-) TimerEvent: {}
[33.185824] (-) TimerEvent: {}
[33.286477] (-) TimerEvent: {}
[33.387193] (-) TimerEvent: {}
[33.487921] (-) TimerEvent: {}
[33.589250] (-) TimerEvent: {}
[33.689960] (-) TimerEvent: {}
[33.790711] (-) TimerEvent: {}
[33.891436] (-) TimerEvent: {}
[33.992230] (-) TimerEvent: {}
[34.093058] (-) TimerEvent: {}
[34.193850] (-) TimerEvent: {}
[34.294644] (-) TimerEvent: {}
[34.395493] (-) TimerEvent: {}
[34.496314] (-) TimerEvent: {}
[34.597141] (-) TimerEvent: {}
[34.697930] (-) TimerEvent: {}
[34.798762] (-) TimerEvent: {}
[34.899553] (-) TimerEvent: {}
[35.000376] (-) TimerEvent: {}
[35.101203] (-) TimerEvent: {}
[35.202079] (-) TimerEvent: {}
[35.302835] (-) TimerEvent: {}
[35.403631] (-) TimerEvent: {}
[35.504452] (-) TimerEvent: {}
[35.605288] (-) TimerEvent: {}
[35.706108] (-) TimerEvent: {}
[35.806877] (-) TimerEvent: {}
[35.907683] (-) TimerEvent: {}
[36.009850] (-) TimerEvent: {}
[36.110665] (-) TimerEvent: {}
[36.211483] (-) TimerEvent: {}
[36.312956] (-) TimerEvent: {}
[36.413623] (-) TimerEvent: {}
[36.514306] (-) TimerEvent: {}
[36.614994] (-) TimerEvent: {}
[36.715803] (-) TimerEvent: {}
[36.816535] (-) TimerEvent: {}
[36.917320] (-) TimerEvent: {}
[37.017959] (-) TimerEvent: {}
[37.118677] (-) TimerEvent: {}
[37.219404] (-) TimerEvent: {}
[37.321836] (-) TimerEvent: {}
[37.426006] (-) TimerEvent: {}
[37.526832] (-) TimerEvent: {}
[37.628620] (-) TimerEvent: {}
[37.729325] (-) TimerEvent: {}
[37.829988] (-) TimerEvent: {}
[37.930654] (-) TimerEvent: {}
[38.031372] (-) TimerEvent: {}
[38.132083] (-) TimerEvent: {}
[38.232782] (-) TimerEvent: {}
[38.333445] (-) TimerEvent: {}
[38.434290] (-) TimerEvent: {}
[38.535816] (-) TimerEvent: {}
[38.636470] (-) TimerEvent: {}
[38.737136] (-) TimerEvent: {}
[38.837769] (-) TimerEvent: {}
[38.938398] (-) TimerEvent: {}
[39.039074] (-) TimerEvent: {}
[39.139677] (-) TimerEvent: {}
[39.240368] (-) TimerEvent: {}
[39.340977] (-) TimerEvent: {}
[39.441620] (-) TimerEvent: {}
[39.542302] (-) TimerEvent: {}
[39.643008] (-) TimerEvent: {}
[39.743654] (-) TimerEvent: {}
[39.844325] (-) TimerEvent: {}
[39.945025] (-) TimerEvent: {}
[40.045717] (-) TimerEvent: {}
[40.146437] (-) TimerEvent: {}
[40.247189] (-) TimerEvent: {}
[40.347889] (-) TimerEvent: {}
[40.448605] (-) TimerEvent: {}
[40.549346] (-) TimerEvent: {}
[40.650165] (-) TimerEvent: {}
[40.750856] (-) TimerEvent: {}
[40.851560] (-) TimerEvent: {}
[40.952309] (-) TimerEvent: {}
[41.053083] (-) TimerEvent: {}
[41.153897] (-) TimerEvent: {}
[41.254577] (-) TimerEvent: {}
[41.355282] (-) TimerEvent: {}
[41.455925] (-) TimerEvent: {}
[41.556565] (-) TimerEvent: {}
[41.657263] (-) TimerEvent: {}
[41.757872] (-) TimerEvent: {}
[41.858492] (-) TimerEvent: {}
[41.959186] (-) TimerEvent: {}
[42.059844] (-) TimerEvent: {}
[42.160498] (-) TimerEvent: {}
[42.261257] (-) TimerEvent: {}
[42.361978] (-) TimerEvent: {}
[42.462678] (-) TimerEvent: {}
[42.563384] (-) TimerEvent: {}
[42.664081] (-) TimerEvent: {}
[42.764764] (-) TimerEvent: {}
[42.865459] (-) TimerEvent: {}
[42.966842] (-) TimerEvent: {}
[43.067755] (-) TimerEvent: {}
[43.168523] (-) TimerEvent: {}
[43.269366] (-) TimerEvent: {}
[43.370168] (-) TimerEvent: {}
[43.470990] (-) TimerEvent: {}
[43.571826] (-) TimerEvent: {}
[43.674841] (-) TimerEvent: {}
[43.775654] (-) TimerEvent: {}
[43.877149] (-) TimerEvent: {}
[43.981145] (-) TimerEvent: {}
[44.082015] (-) TimerEvent: {}
[44.182748] (-) TimerEvent: {}
[44.283550] (-) TimerEvent: {}
[44.384408] (-) TimerEvent: {}
[44.485183] (-) TimerEvent: {}
[44.585979] (-) TimerEvent: {}
[44.686796] (-) TimerEvent: {}
[44.787564] (-) TimerEvent: {}
[44.888337] (-) TimerEvent: {}
[44.989136] (-) TimerEvent: {}
[45.089830] (-) TimerEvent: {}
[45.190633] (-) TimerEvent: {}
[45.291486] (-) TimerEvent: {}
[45.392338] (-) TimerEvent: {}
[45.493139] (-) TimerEvent: {}
[45.593874] (-) TimerEvent: {}
[45.694614] (-) TimerEvent: {}
[45.795310] (-) TimerEvent: {}
[45.895951] (-) TimerEvent: {}
[45.996611] (-) TimerEvent: {}
[46.097455] (-) TimerEvent: {}
[46.198096] (-) TimerEvent: {}
[46.298749] (-) TimerEvent: {}
[46.399414] (-) TimerEvent: {}
[46.500067] (-) TimerEvent: {}
[46.600734] (-) TimerEvent: {}
[46.701386] (-) TimerEvent: {}
[46.802084] (-) TimerEvent: {}
[46.902756] (-) TimerEvent: {}
[47.003387] (-) TimerEvent: {}
[47.104211] (-) TimerEvent: {}
[47.205017] (-) TimerEvent: {}
[47.305838] (-) TimerEvent: {}
[47.406619] (-) TimerEvent: {}
[47.509846] (-) TimerEvent: {}
[47.610608] (-) TimerEvent: {}
[47.711381] (-) TimerEvent: {}
[47.812051] (-) TimerEvent: {}
[47.912763] (-) TimerEvent: {}
[48.013372] (-) TimerEvent: {}
[48.114076] (-) TimerEvent: {}
[48.214762] (-) TimerEvent: {}
[48.315502] (-) TimerEvent: {}
[48.416294] (-) TimerEvent: {}
[48.517008] (-) TimerEvent: {}
[48.617754] (-) TimerEvent: {}
[48.718494] (-) TimerEvent: {}
[48.819254] (-) TimerEvent: {}
[48.919971] (-) TimerEvent: {}
[49.020669] (-) TimerEvent: {}
[49.121389] (-) TimerEvent: {}
[49.222158] (-) TimerEvent: {}
[49.322836] (-) TimerEvent: {}
[49.423501] (-) TimerEvent: {}
[49.524210] (-) TimerEvent: {}
[49.624902] (-) TimerEvent: {}
[49.725839] (-) TimerEvent: {}
[49.828835] (-) TimerEvent: {}
[49.929648] (-) TimerEvent: {}
[50.033847] (-) TimerEvent: {}
[50.134650] (-) TimerEvent: {}
[50.235480] (-) TimerEvent: {}
[50.336869] (-) TimerEvent: {}
[50.437588] (-) TimerEvent: {}
[50.538330] (-) TimerEvent: {}
[50.639099] (-) TimerEvent: {}
[50.739786] (-) TimerEvent: {}
[50.840455] (-) TimerEvent: {}
[50.941139] (-) TimerEvent: {}
[51.041918] (-) TimerEvent: {}
[51.142712] (-) TimerEvent: {}
[51.243378] (-) TimerEvent: {}
[51.343982] (-) TimerEvent: {}
[51.444669] (-) TimerEvent: {}
[51.545360] (-) TimerEvent: {}
[51.646035] (-) TimerEvent: {}
[51.746961] (-) TimerEvent: {}
[51.847854] (-) TimerEvent: {}
[51.948652] (-) TimerEvent: {}
[52.049511] (-) TimerEvent: {}
[52.150327] (-) TimerEvent: {}
[52.251937] (-) TimerEvent: {}
[52.352841] (-) TimerEvent: {}
[52.453563] (-) TimerEvent: {}
[52.554354] (-) TimerEvent: {}
[52.655012] (-) TimerEvent: {}
[52.755725] (-) TimerEvent: {}
[52.856386] (-) TimerEvent: {}
[52.957078] (-) TimerEvent: {}
[53.057839] (-) TimerEvent: {}
[53.159922] (-) TimerEvent: {}
[53.260713] (-) TimerEvent: {}
[53.361418] (-) TimerEvent: {}
[53.464834] (-) TimerEvent: {}
[53.565746] (-) TimerEvent: {}
[53.670838] (-) TimerEvent: {}
[53.775864] (-) TimerEvent: {}
[53.876618] (-) TimerEvent: {}
[53.977361] (-) TimerEvent: {}
[54.078055] (-) TimerEvent: {}
[54.178826] (-) TimerEvent: {}
[54.279466] (-) TimerEvent: {}
[54.380285] (-) TimerEvent: {}
[54.480966] (-) TimerEvent: {}
[54.581675] (-) TimerEvent: {}
[54.682536] (-) TimerEvent: {}
[54.783403] (-) TimerEvent: {}
[54.884214] (-) TimerEvent: {}
[54.985009] (-) TimerEvent: {}
[55.085711] (-) TimerEvent: {}
[55.186363] (-) TimerEvent: {}
[55.287090] (-) TimerEvent: {}
[55.387809] (-) TimerEvent: {}
[55.488526] (-) TimerEvent: {}
[55.589258] (-) TimerEvent: {}
[55.689866] (-) TimerEvent: {}
[55.790572] (-) TimerEvent: {}
[55.891338] (-) TimerEvent: {}
[55.992081] (-) TimerEvent: {}
[56.092851] (-) TimerEvent: {}
[56.193475] (-) TimerEvent: {}
[56.294082] (-) TimerEvent: {}
[56.394802] (-) TimerEvent: {}
[56.495479] (-) TimerEvent: {}
[56.596159] (-) TimerEvent: {}
[56.696848] (-) TimerEvent: {}
[56.797555] (-) TimerEvent: {}
[56.898350] (-) TimerEvent: {}
[56.999203] (-) TimerEvent: {}
[57.100055] (-) TimerEvent: {}
[57.200864] (-) TimerEvent: {}
[57.301549] (-) TimerEvent: {}
[57.402231] (-) TimerEvent: {}
[57.503120] (-) TimerEvent: {}
[57.603953] (-) TimerEvent: {}
[57.704775] (-) TimerEvent: {}
[57.805544] (-) TimerEvent: {}
[57.906294] (-) TimerEvent: {}
[58.007065] (-) TimerEvent: {}
[58.108473] (-) TimerEvent: {}
[58.210255] (-) TimerEvent: {}
[58.311068] (-) TimerEvent: {}
[58.411843] (-) TimerEvent: {}
[58.512579] (-) TimerEvent: {}
[58.613389] (-) TimerEvent: {}
[58.714217] (-) TimerEvent: {}
[58.815021] (-) TimerEvent: {}
[58.915941] (-) TimerEvent: {}
[59.016839] (-) TimerEvent: {}
[59.117631] (-) TimerEvent: {}
[59.218492] (-) TimerEvent: {}
[59.320137] (-) TimerEvent: {}
[59.420980] (-) TimerEvent: {}
[59.521737] (-) TimerEvent: {}
[59.622523] (-) TimerEvent: {}
[59.723370] (-) TimerEvent: {}
[59.824202] (-) TimerEvent: {}
[59.925009] (-) TimerEvent: {}
[60.025820] (-) TimerEvent: {}
[60.126594] (-) TimerEvent: {}
[60.227417] (-) TimerEvent: {}
[60.328180] (-) TimerEvent: {}
[60.428860] (-) TimerEvent: {}
[60.531359] (-) TimerEvent: {}
[60.632158] (-) TimerEvent: {}
[60.736019] (-) TimerEvent: {}
[60.839832] (-) TimerEvent: {}
[60.940629] (-) TimerEvent: {}
[61.041421] (-) TimerEvent: {}
[61.142446] (-) TimerEvent: {}
[61.243194] (-) TimerEvent: {}
[61.343945] (-) TimerEvent: {}
[61.445810] (-) TimerEvent: {}
[61.546721] (-) TimerEvent: {}
[61.647533] (-) TimerEvent: {}
[61.748270] (-) TimerEvent: {}
[61.849042] (-) TimerEvent: {}
[61.949741] (-) TimerEvent: {}
[62.050434] (-) TimerEvent: {}
[62.151110] (-) TimerEvent: {}
[62.251833] (-) TimerEvent: {}
[62.352560] (-) TimerEvent: {}
[62.453311] (-) TimerEvent: {}
[62.554016] (-) TimerEvent: {}
[62.654749] (-) TimerEvent: {}
[62.755485] (-) TimerEvent: {}
[62.856257] (-) TimerEvent: {}
[62.957018] (-) TimerEvent: {}
[63.057763] (-) TimerEvent: {}
[63.158480] (-) TimerEvent: {}
[63.259273] (-) TimerEvent: {}
[63.360028] (-) TimerEvent: {}
[63.460783] (-) TimerEvent: {}
[63.561482] (-) TimerEvent: {}
[63.663324] (-) TimerEvent: {}
[63.764216] (-) TimerEvent: {}
[63.865224] (-) TimerEvent: {}
[63.966067] (-) TimerEvent: {}
[64.066852] (-) TimerEvent: {}
[64.167669] (-) TimerEvent: {}
[64.268438] (-) TimerEvent: {}
[64.369250] (-) TimerEvent: {}
[64.470029] (-) TimerEvent: {}
[64.570761] (-) TimerEvent: {}
[64.671456] (-) TimerEvent: {}
[64.772219] (-) TimerEvent: {}
[64.872864] (-) TimerEvent: {}
[64.973551] (-) TimerEvent: {}
[65.074269] (-) TimerEvent: {}
[65.174972] (-) TimerEvent: {}
[65.275674] (-) TimerEvent: {}
[65.376406] (-) TimerEvent: {}
[65.477115] (-) TimerEvent: {}
[65.577908] (-) TimerEvent: {}
[65.678744] (-) TimerEvent: {}
[65.779382] (-) TimerEvent: {}
[65.880171] (-) TimerEvent: {}
[65.981818] (-) TimerEvent: {}
[66.082618] (-) TimerEvent: {}
[66.184783] (-) TimerEvent: {}
[66.285536] (-) TimerEvent: {}
[66.386299] (-) TimerEvent: {}
[66.486985] (-) TimerEvent: {}
[66.587663] (-) TimerEvent: {}
[66.688371] (-) TimerEvent: {}
[66.789828] (-) TimerEvent: {}
[66.892839] (-) TimerEvent: {}
[66.996835] (-) TimerEvent: {}
[67.097610] (-) TimerEvent: {}
[67.198494] (-) TimerEvent: {}
[67.299431] (-) TimerEvent: {}
[67.400261] (-) TimerEvent: {}
[67.501046] (-) TimerEvent: {}
[67.601821] (-) TimerEvent: {}
[67.702628] (-) TimerEvent: {}
[67.803348] (-) TimerEvent: {}
[67.904038] (-) TimerEvent: {}
[68.004742] (-) TimerEvent: {}
[68.105518] (-) TimerEvent: {}
[68.206308] (-) TimerEvent: {}
[68.307169] (-) TimerEvent: {}
[68.407978] (-) TimerEvent: {}
[68.508729] (-) TimerEvent: {}
[68.609459] (-) TimerEvent: {}
[68.710161] (-) TimerEvent: {}
[68.810890] (-) TimerEvent: {}
[68.911626] (-) TimerEvent: {}
[69.012434] (-) TimerEvent: {}
[69.113253] (-) TimerEvent: {}
[69.214052] (-) TimerEvent: {}
[69.314783] (-) TimerEvent: {}
[69.415536] (-) TimerEvent: {}
[69.516309] (-) TimerEvent: {}
[69.617081] (-) TimerEvent: {}
[69.717845] (-) TimerEvent: {}
[69.818569] (-) TimerEvent: {}
[69.919331] (-) TimerEvent: {}
[70.020096] (-) TimerEvent: {}
[70.120934] (-) TimerEvent: {}
[70.221732] (-) TimerEvent: {}
[70.322539] (-) TimerEvent: {}
[70.423410] (-) TimerEvent: {}
[70.524269] (-) TimerEvent: {}
[70.625158] (-) TimerEvent: {}
[70.725975] (-) TimerEvent: {}
[70.826775] (-) TimerEvent: {}
[70.927479] (-) TimerEvent: {}
[71.028293] (-) TimerEvent: {}
[71.129151] (-) TimerEvent: {}
[71.229916] (-) TimerEvent: {}
[71.330619] (-) TimerEvent: {}
[71.431402] (-) TimerEvent: {}
[71.532227] (-) TimerEvent: {}
[71.633025] (-) TimerEvent: {}
[71.733732] (-) TimerEvent: {}
[71.834432] (-) TimerEvent: {}
[71.935233] (-) TimerEvent: {}
[72.035941] (-) TimerEvent: {}
[72.137121] (-) TimerEvent: {}
[72.239315] (-) TimerEvent: {}
[72.340046] (-) TimerEvent: {}
[72.440790] (-) TimerEvent: {}
[72.541509] (-) TimerEvent: {}
[72.642250] (-) TimerEvent: {}
[72.742979] (-) TimerEvent: {}
[72.843732] (-) TimerEvent: {}
[72.944573] (-) TimerEvent: {}
[73.047837] (-) TimerEvent: {}
[73.148610] (-) TimerEvent: {}
[73.250923] (-) TimerEvent: {}
[73.354551] (-) TimerEvent: {}
[73.455348] (-) TimerEvent: {}
[73.556001] (-) TimerEvent: {}
[73.656676] (-) TimerEvent: {}
[73.757354] (-) TimerEvent: {}
[73.857949] (-) TimerEvent: {}
[73.958550] (-) TimerEvent: {}
[74.059221] (-) TimerEvent: {}
[74.159853] (-) TimerEvent: {}
[74.260463] (-) TimerEvent: {}
[74.361271] (-) TimerEvent: {}
[74.461860] (-) TimerEvent: {}
[74.562512] (-) TimerEvent: {}
[74.663132] (-) TimerEvent: {}
[74.763772] (-) TimerEvent: {}
[74.864363] (-) TimerEvent: {}
[74.965000] (-) TimerEvent: {}
[75.065678] (-) TimerEvent: {}
[75.166503] (-) TimerEvent: {}
[75.268405] (-) TimerEvent: {}
[75.369233] (-) TimerEvent: {}
[75.469841] (-) TimerEvent: {}
[75.570447] (-) TimerEvent: {}
[75.671057] (-) TimerEvent: {}
[75.771659] (-) TimerEvent: {}
[75.872279] (-) TimerEvent: {}
[75.972900] (-) TimerEvent: {}
[76.073669] (-) TimerEvent: {}
[76.174495] (-) TimerEvent: {}
[76.275106] (-) TimerEvent: {}
[76.375730] (-) TimerEvent: {}
[76.476333] (-) TimerEvent: {}
[76.576918] (-) TimerEvent: {}
[76.677526] (-) TimerEvent: {}
[76.778224] (-) TimerEvent: {}
[76.878847] (-) TimerEvent: {}
[76.979451] (-) TimerEvent: {}
[77.080086] (-) TimerEvent: {}
[77.180742] (-) TimerEvent: {}
[77.281381] (-) TimerEvent: {}
[77.382031] (-) TimerEvent: {}
[77.482824] (-) TimerEvent: {}
[77.583636] (-) TimerEvent: {}
[77.684284] (-) TimerEvent: {}
[77.784876] (-) TimerEvent: {}
[77.885536] (-) TimerEvent: {}
[77.986142] (-) TimerEvent: {}
[78.086795] (-) TimerEvent: {}
[78.187392] (-) TimerEvent: {}
[78.288060] (-) TimerEvent: {}
[78.388722] (-) TimerEvent: {}
[78.489372] (-) TimerEvent: {}
[78.590020] (-) TimerEvent: {}
[78.690661] (-) TimerEvent: {}
[78.791338] (-) TimerEvent: {}
[78.891971] (-) TimerEvent: {}
[78.992624] (-) TimerEvent: {}
[79.093306] (-) TimerEvent: {}
[79.194839] (-) TimerEvent: {}
[79.295859] (-) TimerEvent: {}
[79.400855] (-) TimerEvent: {}
[79.501622] (-) TimerEvent: {}
[79.602398] (-) TimerEvent: {}
[79.703247] (-) TimerEvent: {}
[79.804007] (-) TimerEvent: {}
[79.904724] (-) TimerEvent: {}
[80.005431] (-) TimerEvent: {}
[80.106103] (-) TimerEvent: {}
[80.206788] (-) TimerEvent: {}
[80.307390] (-) TimerEvent: {}
[80.407985] (-) TimerEvent: {}
[80.508601] (-) TimerEvent: {}
[80.609302] (-) TimerEvent: {}
[80.709890] (-) TimerEvent: {}
[80.810448] (-) TimerEvent: {}
[80.911126] (-) TimerEvent: {}
[81.011800] (-) TimerEvent: {}
[81.112526] (-) TimerEvent: {}
[81.213193] (-) TimerEvent: {}
[81.313799] (-) TimerEvent: {}
[81.414425] (-) TimerEvent: {}
[81.515089] (-) TimerEvent: {}
[81.615727] (-) TimerEvent: {}
[81.716339] (-) TimerEvent: {}
[81.816930] (-) TimerEvent: {}
[81.917536] (-) TimerEvent: {}
[82.018376] (-) TimerEvent: {}
[82.119215] (-) TimerEvent: {}
[82.220109] (-) TimerEvent: {}
[82.320743] (-) TimerEvent: {}
[82.421339] (-) TimerEvent: {}
[82.521929] (-) TimerEvent: {}
[82.622509] (-) TimerEvent: {}
[82.723137] (-) TimerEvent: {}
[82.823787] (-) TimerEvent: {}
[82.924414] (-) TimerEvent: {}
[83.025165] (-) TimerEvent: {}
[83.125794] (-) TimerEvent: {}
[83.226455] (-) TimerEvent: {}
[83.327092] (-) TimerEvent: {}
[83.427849] (-) TimerEvent: {}
[83.528500] (-) TimerEvent: {}
[83.629295] (-) TimerEvent: {}
[83.729927] (-) TimerEvent: {}
[83.830533] (-) TimerEvent: {}
[83.931227] (-) TimerEvent: {}
[84.032035] (-) TimerEvent: {}
[84.132640] (-) TimerEvent: {}
[84.233435] (-) TimerEvent: {}
[84.335611] (-) TimerEvent: {}
[84.436573] (-) TimerEvent: {}
[84.537196] (-) TimerEvent: {}
[84.637818] (-) TimerEvent: {}
[84.738419] (-) TimerEvent: {}
[84.839118] (-) TimerEvent: {}
[84.939674] (-) TimerEvent: {}
[85.040381] (-) TimerEvent: {}
[85.141022] (-) TimerEvent: {}
[85.241671] (-) TimerEvent: {}
[85.342335] (-) TimerEvent: {}
[85.442962] (-) TimerEvent: {}
[85.548842] (-) TimerEvent: {}
[85.649650] (-) TimerEvent: {}
[85.754834] (-) TimerEvent: {}
[85.855737] (-) TimerEvent: {}
[85.956492] (-) TimerEvent: {}
[86.057309] (-) TimerEvent: {}
[86.158171] (-) TimerEvent: {}
[86.258817] (-) TimerEvent: {}
[86.359463] (-) TimerEvent: {}
[86.460090] (-) TimerEvent: {}
[86.560789] (-) TimerEvent: {}
[86.661624] (-) TimerEvent: {}
[86.762341] (-) TimerEvent: {}
[86.862999] (-) TimerEvent: {}
[86.963746] (-) TimerEvent: {}
[87.064377] (-) TimerEvent: {}
[87.165075] (-) TimerEvent: {}
[87.265964] (-) TimerEvent: {}
[87.366643] (-) TimerEvent: {}
[87.467327] (-) TimerEvent: {}
[87.567980] (-) TimerEvent: {}
[87.668677] (-) TimerEvent: {}
[87.769408] (-) TimerEvent: {}
[87.870085] (-) TimerEvent: {}
[87.970760] (-) TimerEvent: {}
[88.071372] (-) TimerEvent: {}
[88.172040] (-) TimerEvent: {}
[88.272738] (-) TimerEvent: {}
[88.373441] (-) TimerEvent: {}
[88.474128] (-) TimerEvent: {}
[88.574797] (-) TimerEvent: {}
[88.675455] (-) TimerEvent: {}
[88.776296] (-) TimerEvent: {}
[88.877174] (-) TimerEvent: {}
[88.977952] (-) TimerEvent: {}
[89.078614] (-) TimerEvent: {}
[89.179298] (-) TimerEvent: {}
[89.279868] (-) TimerEvent: {}
[89.380478] (-) TimerEvent: {}
[89.481105] (-) TimerEvent: {}
[89.581738] (-) TimerEvent: {}
[89.682402] (-) TimerEvent: {}
[89.783084] (-) TimerEvent: {}
[89.883719] (-) TimerEvent: {}
[89.984361] (-) TimerEvent: {}
[90.084938] (-) TimerEvent: {}
[90.185512] (-) TimerEvent: {}
[90.286196] (-) TimerEvent: {}
[90.386829] (-) TimerEvent: {}
[90.487538] (-) TimerEvent: {}
[90.588234] (-) TimerEvent: {}
[90.688893] (-) TimerEvent: {}
[90.789552] (-) TimerEvent: {}
[90.890249] (-) TimerEvent: {}
[90.991839] (-) TimerEvent: {}
[91.092669] (-) TimerEvent: {}
[91.194130] (-) TimerEvent: {}
[91.294888] (-) TimerEvent: {}
[91.395664] (-) TimerEvent: {}
[91.496415] (-) TimerEvent: {}
[91.597170] (-) TimerEvent: {}
[91.701095] (-) TimerEvent: {}
[91.804917] (-) TimerEvent: {}
[91.905857] (-) TimerEvent: {}
[92.006794] (-) TimerEvent: {}
[92.107631] (-) TimerEvent: {}
[92.208357] (-) TimerEvent: {}
[92.309154] (-) TimerEvent: {}
[92.409848] (-) TimerEvent: {}
[92.510515] (-) TimerEvent: {}
[92.611479] (-) TimerEvent: {}
[92.712086] (-) TimerEvent: {}
[92.812768] (-) TimerEvent: {}
[92.913421] (-) TimerEvent: {}
[93.014114] (-) TimerEvent: {}
[93.114811] (-) TimerEvent: {}
[93.215540] (-) TimerEvent: {}
[93.316241] (-) TimerEvent: {}
[93.417082] (-) TimerEvent: {}
[93.517910] (-) TimerEvent: {}
[93.618605] (-) TimerEvent: {}
[93.719314] (-) TimerEvent: {}
[93.820016] (-) TimerEvent: {}
[93.920721] (-) TimerEvent: {}
[94.021402] (-) TimerEvent: {}
[94.122090] (-) TimerEvent: {}
[94.222790] (-) TimerEvent: {}
[94.323448] (-) TimerEvent: {}
[94.424130] (-) TimerEvent: {}
[94.524800] (-) TimerEvent: {}
[94.625553] (-) TimerEvent: {}
[94.726253] (-) TimerEvent: {}
[94.826929] (-) TimerEvent: {}
[94.927537] (-) TimerEvent: {}
[95.028339] (-) TimerEvent: {}
[95.128978] (-) TimerEvent: {}
[95.229601] (-) TimerEvent: {}
[95.330266] (-) TimerEvent: {}
[95.430869] (-) TimerEvent: {}
[95.531491] (-) TimerEvent: {}
[95.632172] (-) TimerEvent: {}
[95.733561] (-) TimerEvent: {}
[95.834485] (-) TimerEvent: {}
[95.935220] (-) TimerEvent: {}
[96.035895] (-) TimerEvent: {}
[96.136666] (-) TimerEvent: {}
[96.237453] (-) TimerEvent: {}
[96.338209] (-) TimerEvent: {}
[96.438878] (-) TimerEvent: {}
[96.539545] (-) TimerEvent: {}
[96.640250] (-) TimerEvent: {}
[96.740956] (-) TimerEvent: {}
[96.841605] (-) TimerEvent: {}
[96.942279] (-) TimerEvent: {}
[97.042958] (-) TimerEvent: {}
[97.143648] (-) TimerEvent: {}
[97.244525] (-) TimerEvent: {}
[97.345213] (-) TimerEvent: {}
[97.445893] (-) TimerEvent: {}
[97.546600] (-) TimerEvent: {}
[97.647305] (-) TimerEvent: {}
[97.747930] (-) TimerEvent: {}
[97.848824] (-) TimerEvent: {}
[97.954732] (-) TimerEvent: {}
[98.056836] (-) TimerEvent: {}
[98.162839] (-) TimerEvent: {}
[98.263606] (-) TimerEvent: {}
[98.365175] (-) TimerEvent: {}
[98.465809] (-) TimerEvent: {}
[98.566429] (-) TimerEvent: {}
[98.667459] (-) TimerEvent: {}
[98.768062] (-) TimerEvent: {}
[98.868668] (-) TimerEvent: {}
[98.969320] (-) TimerEvent: {}
[99.069988] (-) TimerEvent: {}
[99.170622] (-) TimerEvent: {}
[99.271252] (-) TimerEvent: {}
[99.372017] (-) TimerEvent: {}
[99.472830] (-) TimerEvent: {}
[99.574855] (-) TimerEvent: {}
[99.676154] (-) TimerEvent: {}
[99.778145] (-) TimerEvent: {}
[99.880188] (-) TimerEvent: {}
[99.980953] (-) TimerEvent: {}
[100.082841] (-) TimerEvent: {}
[100.183605] (-) TimerEvent: {}
[100.284399] (-) TimerEvent: {}
[100.385146] (-) TimerEvent: {}
[100.486588] (-) TimerEvent: {}
[100.587426] (-) TimerEvent: {}
[100.688260] (-) TimerEvent: {}
[100.788941] (-) TimerEvent: {}
[100.889654] (-) TimerEvent: {}
[100.991425] (-) TimerEvent: {}
[101.092322] (-) TimerEvent: {}
[101.193061] (-) TimerEvent: {}
[101.293811] (-) TimerEvent: {}
[101.394519] (-) TimerEvent: {}
[101.470321] (simple_robot) StdoutLine: {'line': b'[ 16%] \x1b[32m\x1b[1mLinking CXX executable robot_map_node\x1b[0m\n'}
[101.496135] (-) TimerEvent: {}
[101.596840] (-) TimerEvent: {}
[101.697648] (-) TimerEvent: {}
[101.799722] (-) TimerEvent: {}
[101.900852] (-) TimerEvent: {}
[102.005268] (-) TimerEvent: {}
[102.108869] (-) TimerEvent: {}
[102.209892] (-) TimerEvent: {}
[102.310922] (-) TimerEvent: {}
[102.411906] (-) TimerEvent: {}
[102.513007] (-) TimerEvent: {}
[102.616876] (-) TimerEvent: {}
[102.717876] (-) TimerEvent: {}
[102.820903] (-) TimerEvent: {}
[102.922617] (-) TimerEvent: {}
[103.028868] (-) TimerEvent: {}
[103.129823] (-) TimerEvent: {}
[103.232875] (-) TimerEvent: {}
[103.333927] (-) TimerEvent: {}
[103.439935] (-) TimerEvent: {}
[103.541252] (-) TimerEvent: {}
[103.647133] (-) TimerEvent: {}
[103.749190] (-) TimerEvent: {}
[103.853149] (-) TimerEvent: {}
[103.960907] (-) TimerEvent: {}
[104.064895] (-) TimerEvent: {}
[104.165873] (-) TimerEvent: {}
[104.271362] (-) TimerEvent: {}
[104.375858] (-) TimerEvent: {}
[104.477304] (-) TimerEvent: {}
[104.581338] (-) TimerEvent: {}
[104.683872] (-) TimerEvent: {}
[104.789303] (-) TimerEvent: {}
[104.891438] (-) TimerEvent: {}
[104.995471] (-) TimerEvent: {}
[105.098927] (-) TimerEvent: {}
[105.199947] (-) TimerEvent: {}
[105.305513] (-) TimerEvent: {}
[105.407840] (-) TimerEvent: {}
[105.512290] (-) TimerEvent: {}
[105.614064] (-) TimerEvent: {}
[105.715335] (-) TimerEvent: {}
[105.817497] (-) TimerEvent: {}
[105.919042] (-) TimerEvent: {}
[106.020326] (-) TimerEvent: {}
[106.123118] (-) TimerEvent: {}
[106.227895] (-) TimerEvent: {}
[106.329063] (-) TimerEvent: {}
[106.430840] (-) TimerEvent: {}
[106.532294] (-) TimerEvent: {}
[106.636677] (-) TimerEvent: {}
[106.740106] (-) TimerEvent: {}
[106.844573] (-) TimerEvent: {}
[106.946040] (-) TimerEvent: {}
[107.047547] (-) TimerEvent: {}
[107.148592] (-) TimerEvent: {}
[107.249331] (-) TimerEvent: {}
[107.350121] (-) TimerEvent: {}
[107.450871] (-) TimerEvent: {}
[107.551663] (-) TimerEvent: {}
[107.652498] (-) TimerEvent: {}
[107.753506] (-) TimerEvent: {}
[107.854329] (-) TimerEvent: {}
[107.955093] (-) TimerEvent: {}
[108.055867] (-) TimerEvent: {}
[108.156591] (-) TimerEvent: {}
[108.257316] (-) TimerEvent: {}
[108.358122] (-) TimerEvent: {}
[108.458823] (-) TimerEvent: {}
[108.559506] (-) TimerEvent: {}
[108.660296] (-) TimerEvent: {}
[108.761110] (-) TimerEvent: {}
[108.861924] (-) TimerEvent: {}
[108.962789] (-) TimerEvent: {}
[109.063570] (-) TimerEvent: {}
[109.164428] (-) TimerEvent: {}
[109.265299] (-) TimerEvent: {}
[109.366157] (-) TimerEvent: {}
[109.467037] (-) TimerEvent: {}
[109.567834] (-) TimerEvent: {}
[109.668542] (-) TimerEvent: {}
[109.761402] (simple_robot) StdoutLine: {'line': b'[ 50%] Built target robot_map_node\n'}
[109.768746] (-) TimerEvent: {}
[109.873831] (-) TimerEvent: {}
[109.884126] (simple_robot) StdoutLine: {'line': b'\x1b[35m\x1b[1mConsolidate compiler generated dependencies of target grid_map\x1b[0m\n'}
[109.974005] (-) TimerEvent: {}
[110.075832] (-) TimerEvent: {}
[110.177782] (-) TimerEvent: {}
[110.280979] (-) TimerEvent: {}
[110.301039] (simple_robot) StdoutLine: {'line': b'[ 58%] \x1b[32mBuilding CXX object src/CMakeFiles/grid_map.dir/main.cpp.o\x1b[0m\n'}
[110.385829] (-) TimerEvent: {}
[110.486569] (-) TimerEvent: {}
[110.592552] (-) TimerEvent: {}
[110.698828] (-) TimerEvent: {}
[110.799729] (-) TimerEvent: {}
[110.900838] (-) TimerEvent: {}
[111.004921] (-) TimerEvent: {}
[111.109269] (-) TimerEvent: {}
[111.214078] (-) TimerEvent: {}
[111.315059] (-) TimerEvent: {}
[111.420194] (-) TimerEvent: {}
[111.524138] (-) TimerEvent: {}
[111.628406] (-) TimerEvent: {}
[111.729252] (-) TimerEvent: {}
[111.830219] (-) TimerEvent: {}
[111.932773] (-) TimerEvent: {}
[112.034805] (-) TimerEvent: {}
[112.135586] (-) TimerEvent: {}
[112.238588] (-) TimerEvent: {}
[112.339596] (-) TimerEvent: {}
[112.443386] (-) TimerEvent: {}
[112.548385] (-) TimerEvent: {}
[112.650197] (-) TimerEvent: {}
[112.753264] (-) TimerEvent: {}
[112.855277] (-) TimerEvent: {}
[112.958441] (-) TimerEvent: {}
[113.062781] (-) TimerEvent: {}
[113.172248] (-) TimerEvent: {}
[113.273329] (-) TimerEvent: {}
[113.375460] (-) TimerEvent: {}
[113.476481] (-) TimerEvent: {}
[113.577278] (-) TimerEvent: {}
[113.678103] (-) TimerEvent: {}
[113.779896] (-) TimerEvent: {}
[113.885045] (-) TimerEvent: {}
[113.985878] (-) TimerEvent: {}
[114.087013] (-) TimerEvent: {}
[114.187830] (-) TimerEvent: {}
[114.288583] (-) TimerEvent: {}
[114.391995] (-) TimerEvent: {}
[114.499154] (-) TimerEvent: {}
[114.604208] (-) TimerEvent: {}
[114.707488] (-) TimerEvent: {}
[114.808498] (-) TimerEvent: {}
[114.911380] (-) TimerEvent: {}
[115.013837] (-) TimerEvent: {}
[115.116832] (-) TimerEvent: {}
[115.218844] (-) TimerEvent: {}
[115.319942] (-) TimerEvent: {}
[115.421848] (-) TimerEvent: {}
[115.522790] (-) TimerEvent: {}
[115.624155] (-) TimerEvent: {}
[115.724888] (-) TimerEvent: {}
[115.827184] (-) TimerEvent: {}
[115.928261] (-) TimerEvent: {}
[116.029079] (-) TimerEvent: {}
[116.130032] (-) TimerEvent: {}
[116.231495] (-) TimerEvent: {}
[116.332270] (-) TimerEvent: {}
[116.433139] (-) TimerEvent: {}
[116.533993] (-) TimerEvent: {}
[116.634773] (-) TimerEvent: {}
[116.735519] (-) TimerEvent: {}
[116.836301] (-) TimerEvent: {}
[116.937182] (-) TimerEvent: {}
[117.038025] (-) TimerEvent: {}
[117.138822] (-) TimerEvent: {}
[117.239644] (-) TimerEvent: {}
[117.340391] (-) TimerEvent: {}
[117.441132] (-) TimerEvent: {}
[117.541846] (-) TimerEvent: {}
[117.642719] (-) TimerEvent: {}
[117.743616] (-) TimerEvent: {}
[117.844982] (-) TimerEvent: {}
[117.948847] (-) TimerEvent: {}
[118.052851] (-) TimerEvent: {}
[118.155767] (-) TimerEvent: {}
[118.257023] (-) TimerEvent: {}
[118.359350] (-) TimerEvent: {}
[118.460388] (-) TimerEvent: {}
[118.561022] (-) TimerEvent: {}
[118.661707] (-) TimerEvent: {}
[118.762434] (-) TimerEvent: {}
[118.863135] (-) TimerEvent: {}
[118.963815] (-) TimerEvent: {}
[119.064529] (-) TimerEvent: {}
[119.165213] (-) TimerEvent: {}
[119.265864] (-) TimerEvent: {}
[119.366527] (-) TimerEvent: {}
[119.467191] (-) TimerEvent: {}
[119.567837] (-) TimerEvent: {}
[119.668498] (-) TimerEvent: {}
[119.769197] (-) TimerEvent: {}
[119.869860] (-) TimerEvent: {}
[119.970543] (-) TimerEvent: {}
[120.071263] (-) TimerEvent: {}
[120.172680] (-) TimerEvent: {}
[120.273791] (-) TimerEvent: {}
[120.374745] (-) TimerEvent: {}
[120.476298] (-) TimerEvent: {}
[120.577085] (-) TimerEvent: {}
[120.677868] (-) TimerEvent: {}
[120.778529] (-) TimerEvent: {}
[120.879320] (-) TimerEvent: {}
[120.980027] (-) TimerEvent: {}
[121.080960] (-) TimerEvent: {}
[121.181812] (-) TimerEvent: {}
[121.282522] (-) TimerEvent: {}
[121.383272] (-) TimerEvent: {}
[121.483936] (-) TimerEvent: {}
[121.584653] (-) TimerEvent: {}
[121.685366] (-) TimerEvent: {}
[121.786090] (-) TimerEvent: {}
[121.890832] (-) TimerEvent: {}
[121.991579] (-) TimerEvent: {}
[122.094840] (-) TimerEvent: {}
[122.195644] (-) TimerEvent: {}
[122.298047] (-) TimerEvent: {}
[122.398811] (-) TimerEvent: {}
[122.499544] (-) TimerEvent: {}
[122.601106] (-) TimerEvent: {}
[122.701857] (-) TimerEvent: {}
[122.802748] (-) TimerEvent: {}
[122.903492] (-) TimerEvent: {}
[123.004254] (-) TimerEvent: {}
[123.104945] (-) TimerEvent: {}
[123.205678] (-) TimerEvent: {}
[123.306440] (-) TimerEvent: {}
[123.407293] (-) TimerEvent: {}
[123.508097] (-) TimerEvent: {}
[123.608887] (-) TimerEvent: {}
[123.709651] (-) TimerEvent: {}
[123.810453] (-) TimerEvent: {}
[123.911247] (-) TimerEvent: {}
[124.012066] (-) TimerEvent: {}
[124.112805] (-) TimerEvent: {}
[124.213519] (-) TimerEvent: {}
[124.314235] (-) TimerEvent: {}
[124.414936] (-) TimerEvent: {}
[124.515613] (-) TimerEvent: {}
[124.616380] (-) TimerEvent: {}
[124.717032] (-) TimerEvent: {}
[124.817675] (-) TimerEvent: {}
[124.918489] (-) TimerEvent: {}
[125.019321] (-) TimerEvent: {}
[125.120016] (-) TimerEvent: {}
[125.220753] (-) TimerEvent: {}
[125.321459] (-) TimerEvent: {}
[125.422196] (-) TimerEvent: {}
[125.522938] (-) TimerEvent: {}
[125.623676] (-) TimerEvent: {}
[125.724516] (-) TimerEvent: {}
[125.825260] (-) TimerEvent: {}
[125.925938] (-) TimerEvent: {}
[126.026615] (-) TimerEvent: {}
[126.127357] (-) TimerEvent: {}
[126.228258] (-) TimerEvent: {}
[126.328981] (-) TimerEvent: {}
[126.429624] (-) TimerEvent: {}
[126.530292] (-) TimerEvent: {}
[126.630891] (-) TimerEvent: {}
[126.731482] (-) TimerEvent: {}
[126.832077] (-) TimerEvent: {}
[126.932715] (-) TimerEvent: {}
[127.033366] (-) TimerEvent: {}
[127.133991] (-) TimerEvent: {}
[127.236855] (-) TimerEvent: {}
[127.337578] (-) TimerEvent: {}
[127.438287] (-) TimerEvent: {}
[127.538862] (-) TimerEvent: {}
[127.639468] (-) TimerEvent: {}
[127.740104] (-) TimerEvent: {}
[127.840767] (-) TimerEvent: {}
[127.941406] (-) TimerEvent: {}
[128.041992] (-) TimerEvent: {}
[128.142595] (-) TimerEvent: {}
[128.243239] (-) TimerEvent: {}
[128.343871] (-) TimerEvent: {}
[128.444547] (-) TimerEvent: {}
[128.545256] (-) TimerEvent: {}
[128.646103] (-) TimerEvent: {}
[128.746881] (-) TimerEvent: {}
[128.847647] (-) TimerEvent: {}
[128.948442] (-) TimerEvent: {}
[129.050835] (-) TimerEvent: {}
[129.151575] (-) TimerEvent: {}
[129.253845] (-) TimerEvent: {}
[129.354621] (-) TimerEvent: {}
[129.455729] (-) TimerEvent: {}
[129.556417] (-) TimerEvent: {}
[129.657546] (-) TimerEvent: {}
[129.758324] (-) TimerEvent: {}
[129.859016] (-) TimerEvent: {}
[129.959736] (-) TimerEvent: {}
[130.060407] (-) TimerEvent: {}
[130.161053] (-) TimerEvent: {}
[130.261728] (-) TimerEvent: {}
[130.362383] (-) TimerEvent: {}
[130.463061] (-) TimerEvent: {}
[130.563705] (-) TimerEvent: {}
[130.664354] (-) TimerEvent: {}
[130.764942] (-) TimerEvent: {}
[130.865567] (-) TimerEvent: {}
[130.966249] (-) TimerEvent: {}
[131.067036] (-) TimerEvent: {}
[131.167827] (-) TimerEvent: {}
[131.268609] (-) TimerEvent: {}
[131.369458] (-) TimerEvent: {}
[131.470331] (-) TimerEvent: {}
[131.571117] (-) TimerEvent: {}
[131.671836] (-) TimerEvent: {}
[131.772592] (-) TimerEvent: {}
[131.873362] (-) TimerEvent: {}
[131.974843] (-) TimerEvent: {}
[132.075493] (-) TimerEvent: {}
[132.176161] (-) TimerEvent: {}
[132.278733] (-) TimerEvent: {}
[132.379464] (-) TimerEvent: {}
[132.480270] (-) TimerEvent: {}
[132.581026] (-) TimerEvent: {}
[132.681817] (-) TimerEvent: {}
[132.782561] (-) TimerEvent: {}
[132.883319] (-) TimerEvent: {}
[132.984135] (-) TimerEvent: {}
[133.084940] (-) TimerEvent: {}
[133.185750] (-) TimerEvent: {}
[133.286561] (-) TimerEvent: {}
[133.387374] (-) TimerEvent: {}
[133.488111] (-) TimerEvent: {}
[133.588840] (-) TimerEvent: {}
[133.689603] (-) TimerEvent: {}
[133.790343] (-) TimerEvent: {}
[133.891156] (-) TimerEvent: {}
[133.991942] (-) TimerEvent: {}
[134.092758] (-) TimerEvent: {}
[134.193607] (-) TimerEvent: {}
[134.294385] (-) TimerEvent: {}
[134.395150] (-) TimerEvent: {}
[134.495844] (-) TimerEvent: {}
[134.596575] (-) TimerEvent: {}
[134.697319] (-) TimerEvent: {}
[134.798117] (-) TimerEvent: {}
[134.898886] (-) TimerEvent: {}
[134.999597] (-) TimerEvent: {}
[135.100774] (-) TimerEvent: {}
[135.203839] (-) TimerEvent: {}
[135.304599] (-) TimerEvent: {}
[135.405406] (-) TimerEvent: {}
[135.507138] (-) TimerEvent: {}
[135.607834] (-) TimerEvent: {}
[135.708543] (-) TimerEvent: {}
[135.809267] (-) TimerEvent: {}
[135.909994] (-) TimerEvent: {}
[136.010807] (-) TimerEvent: {}
[136.111517] (-) TimerEvent: {}
[136.212302] (-) TimerEvent: {}
[136.313742] (-) TimerEvent: {}
[136.414425] (-) TimerEvent: {}
[136.515341] (-) TimerEvent: {}
[136.616048] (-) TimerEvent: {}
[136.716774] (-) TimerEvent: {}
[136.817489] (-) TimerEvent: {}
[136.918219] (-) TimerEvent: {}
[137.018907] (-) TimerEvent: {}
[137.119599] (-) TimerEvent: {}
[137.220309] (-) TimerEvent: {}
[137.321058] (-) TimerEvent: {}
[137.421846] (-) TimerEvent: {}
[137.522604] (-) TimerEvent: {}
[137.623453] (-) TimerEvent: {}
[137.724260] (-) TimerEvent: {}
[137.825043] (-) TimerEvent: {}
[137.925842] (-) TimerEvent: {}
[138.026606] (-) TimerEvent: {}
[138.127430] (-) TimerEvent: {}
[138.228377] (-) TimerEvent: {}
[138.329200] (-) TimerEvent: {}
[138.429985] (-) TimerEvent: {}
[138.530728] (-) TimerEvent: {}
[138.631470] (-) TimerEvent: {}
[138.732317] (-) TimerEvent: {}
[138.833111] (-) TimerEvent: {}
[138.933873] (-) TimerEvent: {}
[139.034613] (-) TimerEvent: {}
[139.135347] (-) TimerEvent: {}
[139.236136] (-) TimerEvent: {}
[139.336851] (-) TimerEvent: {}
[139.437596] (-) TimerEvent: {}
[139.538373] (-) TimerEvent: {}
[139.639137] (-) TimerEvent: {}
[139.739838] (-) TimerEvent: {}
[139.840567] (-) TimerEvent: {}
[139.941293] (-) TimerEvent: {}
[140.042133] (-) TimerEvent: {}
[140.143022] (-) TimerEvent: {}
[140.243863] (-) TimerEvent: {}
[140.344621] (-) TimerEvent: {}
[140.445418] (-) TimerEvent: {}
[140.546215] (-) TimerEvent: {}
[140.647047] (-) TimerEvent: {}
[140.747842] (-) TimerEvent: {}
[140.848599] (-) TimerEvent: {}
[140.949852] (-) TimerEvent: {}
[141.051135] (-) TimerEvent: {}
[141.151880] (-) TimerEvent: {}
[141.252661] (-) TimerEvent: {}
[141.353483] (-) TimerEvent: {}
[141.454332] (-) TimerEvent: {}
[141.556844] (-) TimerEvent: {}
[141.657639] (-) TimerEvent: {}
[141.762846] (-) TimerEvent: {}
[141.863731] (-) TimerEvent: {}
[141.964548] (-) TimerEvent: {}
[142.065332] (-) TimerEvent: {}
[142.166108] (-) TimerEvent: {}
[142.266837] (-) TimerEvent: {}
[142.367585] (-) TimerEvent: {}
[142.468382] (-) TimerEvent: {}
[142.569198] (-) TimerEvent: {}
[142.670005] (-) TimerEvent: {}
[142.770797] (-) TimerEvent: {}
[142.871524] (-) TimerEvent: {}
[142.972357] (-) TimerEvent: {}
[143.075217] (-) TimerEvent: {}
[143.176067] (-) TimerEvent: {}
[143.276785] (-) TimerEvent: {}
[143.377502] (-) TimerEvent: {}
[143.478299] (-) TimerEvent: {}
[143.578996] (-) TimerEvent: {}
[143.679645] (-) TimerEvent: {}
[143.780353] (-) TimerEvent: {}
[143.881044] (-) TimerEvent: {}
[143.981769] (-) TimerEvent: {}
[144.082421] (-) TimerEvent: {}
[144.183169] (-) TimerEvent: {}
[144.283851] (-) TimerEvent: {}
[144.384530] (-) TimerEvent: {}
[144.485204] (-) TimerEvent: {}
[144.585909] (-) TimerEvent: {}
[144.686554] (-) TimerEvent: {}
[144.787311] (-) TimerEvent: {}
[144.888031] (-) TimerEvent: {}
[144.988848] (-) TimerEvent: {}
[145.089635] (-) TimerEvent: {}
[145.190480] (-) TimerEvent: {}
[145.291263] (-) TimerEvent: {}
[145.392125] (-) TimerEvent: {}
[145.494545] (-) TimerEvent: {}
[145.595867] (-) TimerEvent: {}
[145.696651] (-) TimerEvent: {}
[145.797449] (-) TimerEvent: {}
[145.898240] (-) TimerEvent: {}
[145.999037] (-) TimerEvent: {}
[146.099827] (-) TimerEvent: {}
[146.200633] (-) TimerEvent: {}
[146.301481] (-) TimerEvent: {}
[146.402282] (-) TimerEvent: {}
[146.503086] (-) TimerEvent: {}
[146.603860] (-) TimerEvent: {}
[146.704635] (-) TimerEvent: {}
[146.805430] (-) TimerEvent: {}
[146.906235] (-) TimerEvent: {}
[147.007043] (-) TimerEvent: {}
[147.107792] (-) TimerEvent: {}
[147.208495] (-) TimerEvent: {}
[147.309228] (-) TimerEvent: {}
[147.409922] (-) TimerEvent: {}
[147.510612] (-) TimerEvent: {}
[147.611355] (-) TimerEvent: {}
[147.712716] (-) TimerEvent: {}
[147.813485] (-) TimerEvent: {}
[147.916847] (-) TimerEvent: {}
[148.017632] (-) TimerEvent: {}
[148.120846] (-) TimerEvent: {}
[148.221707] (-) TimerEvent: {}
[148.322976] (-) TimerEvent: {}
[148.423579] (-) TimerEvent: {}
[148.524309] (-) TimerEvent: {}
[148.625040] (-) TimerEvent: {}
[148.725676] (-) TimerEvent: {}
[148.826480] (-) TimerEvent: {}
[148.927155] (-) TimerEvent: {}
[149.027834] (-) TimerEvent: {}
[149.128548] (-) TimerEvent: {}
[149.229294] (-) TimerEvent: {}
[149.330531] (-) TimerEvent: {}
[149.431299] (-) TimerEvent: {}
[149.531993] (-) TimerEvent: {}
[149.632746] (-) TimerEvent: {}
[149.733485] (-) TimerEvent: {}
[149.834179] (-) TimerEvent: {}
[149.936077] (-) TimerEvent: {}
[150.038236] (-) TimerEvent: {}
[150.138971] (-) TimerEvent: {}
[150.239620] (-) TimerEvent: {}
[150.340299] (-) TimerEvent: {}
[150.440918] (-) TimerEvent: {}
[150.541621] (-) TimerEvent: {}
[150.642312] (-) TimerEvent: {}
[150.743227] (-) TimerEvent: {}
[150.843951] (-) TimerEvent: {}
[150.944739] (-) TimerEvent: {}
[151.045488] (-) TimerEvent: {}
[151.146336] (-) TimerEvent: {}
[151.247015] (-) TimerEvent: {}
[151.347740] (-) TimerEvent: {}
[151.448509] (-) TimerEvent: {}
[151.549244] (-) TimerEvent: {}
[151.649874] (-) TimerEvent: {}
[151.750577] (-) TimerEvent: {}
[151.851270] (-) TimerEvent: {}
[151.951926] (-) TimerEvent: {}
[152.052612] (-) TimerEvent: {}
[152.153314] (-) TimerEvent: {}
[152.255049] (-) TimerEvent: {}
[152.355822] (-) TimerEvent: {}
[152.456510] (-) TimerEvent: {}
[152.557192] (-) TimerEvent: {}
[152.657851] (-) TimerEvent: {}
[152.758509] (-) TimerEvent: {}
[152.859207] (-) TimerEvent: {}
[152.959850] (-) TimerEvent: {}
[153.060476] (-) TimerEvent: {}
[153.161098] (-) TimerEvent: {}
[153.261782] (-) TimerEvent: {}
[153.362421] (-) TimerEvent: {}
[153.463060] (-) TimerEvent: {}
[153.563721] (-) TimerEvent: {}
[153.664346] (-) TimerEvent: {}
[153.764929] (-) TimerEvent: {}
[153.865564] (-) TimerEvent: {}
[153.966208] (-) TimerEvent: {}
[154.067844] (-) TimerEvent: {}
[154.170469] (-) TimerEvent: {}
[154.272017] (-) TimerEvent: {}
[154.377834] (-) TimerEvent: {}
[154.478660] (-) TimerEvent: {}
[154.581238] (-) TimerEvent: {}
[154.682051] (-) TimerEvent: {}
[154.782783] (-) TimerEvent: {}
[154.883478] (-) TimerEvent: {}
[154.984211] (-) TimerEvent: {}
[155.084856] (-) TimerEvent: {}
[155.185592] (-) TimerEvent: {}
[155.286283] (-) TimerEvent: {}
[155.386995] (-) TimerEvent: {}
[155.487729] (-) TimerEvent: {}
[155.588426] (-) TimerEvent: {}
[155.689206] (-) TimerEvent: {}
[155.789863] (-) TimerEvent: {}
[155.890487] (-) TimerEvent: {}
[155.991225] (-) TimerEvent: {}
[156.092061] (-) TimerEvent: {}
[156.193513] (-) TimerEvent: {}
[156.294302] (-) TimerEvent: {}
[156.395037] (-) TimerEvent: {}
[156.495771] (-) TimerEvent: {}
[156.596481] (-) TimerEvent: {}
[156.697217] (-) TimerEvent: {}
[156.797993] (-) TimerEvent: {}
[156.898710] (-) TimerEvent: {}
[156.999413] (-) TimerEvent: {}
[157.100115] (-) TimerEvent: {}
[157.200822] (-) TimerEvent: {}
[157.301523] (-) TimerEvent: {}
[157.402282] (-) TimerEvent: {}
[157.502996] (-) TimerEvent: {}
[157.603787] (-) TimerEvent: {}
[157.704545] (-) TimerEvent: {}
[157.805342] (-) TimerEvent: {}
[157.907617] (-) TimerEvent: {}
[158.008406] (-) TimerEvent: {}
[158.109159] (-) TimerEvent: {}
[158.209840] (-) TimerEvent: {}
[158.310484] (-) TimerEvent: {}
[158.411174] (-) TimerEvent: {}
[158.511849] (-) TimerEvent: {}
[158.612498] (-) TimerEvent: {}
[158.713229] (-) TimerEvent: {}
[158.813877] (-) TimerEvent: {}
[158.914510] (-) TimerEvent: {}
[159.015200] (-) TimerEvent: {}
[159.115853] (-) TimerEvent: {}
[159.216606] (-) TimerEvent: {}
[159.317359] (-) TimerEvent: {}
[159.418087] (-) TimerEvent: {}
[159.518752] (-) TimerEvent: {}
[159.619402] (-) TimerEvent: {}
[159.720047] (-) TimerEvent: {}
[159.820728] (-) TimerEvent: {}
[159.921347] (-) TimerEvent: {}
[160.022168] (-) TimerEvent: {}
[160.122776] (-) TimerEvent: {}
[160.223382] (-) TimerEvent: {}
[160.323996] (-) TimerEvent: {}
[160.424735] (-) TimerEvent: {}
[160.526841] (-) TimerEvent: {}
[160.627575] (-) TimerEvent: {}
[160.729840] (-) TimerEvent: {}
[160.830733] (-) TimerEvent: {}
[160.932916] (-) TimerEvent: {}
[161.033545] (-) TimerEvent: {}
[161.134393] (-) TimerEvent: {}
[161.235227] (-) TimerEvent: {}
[161.336775] (-) TimerEvent: {}
[161.437561] (-) TimerEvent: {}
[161.538912] (-) TimerEvent: {}
[161.639604] (-) TimerEvent: {}
[161.740265] (-) TimerEvent: {}
[161.840853] (-) TimerEvent: {}
[161.941454] (-) TimerEvent: {}
[162.042076] (-) TimerEvent: {}
[162.142677] (-) TimerEvent: {}
[162.243456] (-) TimerEvent: {}
[162.344144] (-) TimerEvent: {}
[162.444815] (-) TimerEvent: {}
[162.545515] (-) TimerEvent: {}
[162.646208] (-) TimerEvent: {}
[162.746844] (-) TimerEvent: {}
[162.847460] (-) TimerEvent: {}
[162.948105] (-) TimerEvent: {}
[163.048740] (-) TimerEvent: {}
[163.149439] (-) TimerEvent: {}
[163.250155] (-) TimerEvent: {}
[163.350816] (-) TimerEvent: {}
[163.451485] (-) TimerEvent: {}
[163.554857] (-) TimerEvent: {}
[163.655605] (-) TimerEvent: {}
[163.756494] (-) TimerEvent: {}
[163.857312] (-) TimerEvent: {}
[163.957961] (-) TimerEvent: {}
[164.058596] (-) TimerEvent: {}
[164.159271] (-) TimerEvent: {}
[164.259901] (-) TimerEvent: {}
[164.360544] (-) TimerEvent: {}
[164.461221] (-) TimerEvent: {}
[164.561845] (-) TimerEvent: {}
[164.662499] (-) TimerEvent: {}
[164.763177] (-) TimerEvent: {}
[164.863823] (-) TimerEvent: {}
[164.964477] (-) TimerEvent: {}
[165.065154] (-) TimerEvent: {}
[165.165815] (-) TimerEvent: {}
[165.266448] (-) TimerEvent: {}
[165.367115] (-) TimerEvent: {}
[165.467780] (-) TimerEvent: {}
[165.568429] (-) TimerEvent: {}
[165.669103] (-) TimerEvent: {}
[165.769748] (-) TimerEvent: {}
[165.870476] (-) TimerEvent: {}
[165.971265] (-) TimerEvent: {}
[166.073203] (-) TimerEvent: {}
[166.174149] (-) TimerEvent: {}
[166.275024] (-) TimerEvent: {}
[166.375723] (-) TimerEvent: {}
[166.476364] (-) TimerEvent: {}
[166.576990] (-) TimerEvent: {}
[166.677634] (-) TimerEvent: {}
[166.778296] (-) TimerEvent: {}
[166.878941] (-) TimerEvent: {}
[166.980743] (-) TimerEvent: {}
[167.081991] (-) TimerEvent: {}
[167.186124] (-) TimerEvent: {}
[167.287034] (-) TimerEvent: {}
[167.390517] (-) TimerEvent: {}
[167.491187] (-) TimerEvent: {}
[167.591794] (-) TimerEvent: {}
[167.692402] (-) TimerEvent: {}
[167.792984] (-) TimerEvent: {}
[167.893567] (-) TimerEvent: {}
[167.994299] (-) TimerEvent: {}
[168.094942] (-) TimerEvent: {}
[168.195721] (-) TimerEvent: {}
[168.296442] (-) TimerEvent: {}
[168.397219] (-) TimerEvent: {}
[168.497858] (-) TimerEvent: {}
[168.598522] (-) TimerEvent: {}
[168.699209] (-) TimerEvent: {}
[168.799935] (-) TimerEvent: {}
[168.900575] (-) TimerEvent: {}
[169.001355] (-) TimerEvent: {}
[169.102111] (-) TimerEvent: {}
[169.202830] (-) TimerEvent: {}
[169.303561] (-) TimerEvent: {}
[169.404278] (-) TimerEvent: {}
[169.505006] (-) TimerEvent: {}
[169.605727] (-) TimerEvent: {}
[169.706382] (-) TimerEvent: {}
[169.807007] (-) TimerEvent: {}
[169.907647] (-) TimerEvent: {}
[170.008300] (-) TimerEvent: {}
[170.108925] (-) TimerEvent: {}
[170.209560] (-) TimerEvent: {}
[170.310236] (-) TimerEvent: {}
[170.410910] (-) TimerEvent: {}
[170.512822] (-) TimerEvent: {}
[170.613589] (-) TimerEvent: {}
[170.714362] (-) TimerEvent: {}
[170.815116] (-) TimerEvent: {}
[170.915744] (-) TimerEvent: {}
[171.016354] (-) TimerEvent: {}
[171.117126] (-) TimerEvent: {}
[171.217804] (-) TimerEvent: {}
[171.318464] (-) TimerEvent: {}
[171.419177] (-) TimerEvent: {}
[171.519826] (-) TimerEvent: {}
[171.620477] (-) TimerEvent: {}
[171.721153] (-) TimerEvent: {}
[171.821798] (-) TimerEvent: {}
[171.922439] (-) TimerEvent: {}
[172.023088] (-) TimerEvent: {}
[172.123750] (-) TimerEvent: {}
[172.224451] (-) TimerEvent: {}
[172.325145] (-) TimerEvent: {}
[172.425812] (-) TimerEvent: {}
[172.526456] (-) TimerEvent: {}
[172.627143] (-) TimerEvent: {}
[172.727822] (-) TimerEvent: {}
[172.828505] (-) TimerEvent: {}
[172.929414] (-) TimerEvent: {}
[173.030527] (-) TimerEvent: {}
[173.133834] (-) TimerEvent: {}
[173.234605] (-) TimerEvent: {}
[173.335526] (-) TimerEvent: {}
[173.438173] (-) TimerEvent: {}
[173.539998] (-) TimerEvent: {}
[173.640671] (-) TimerEvent: {}
[173.741288] (-) TimerEvent: {}
[173.841850] (-) TimerEvent: {}
[173.942433] (-) TimerEvent: {}
[174.043150] (-) TimerEvent: {}
[174.143849] (-) TimerEvent: {}
[174.244527] (-) TimerEvent: {}
[174.345186] (-) TimerEvent: {}
[174.445842] (-) TimerEvent: {}
[174.546493] (-) TimerEvent: {}
[174.647149] (-) TimerEvent: {}
[174.747774] (-) TimerEvent: {}
[174.848395] (-) TimerEvent: {}
[174.949035] (-) TimerEvent: {}
[175.050309] (-) TimerEvent: {}
[175.151097] (-) TimerEvent: {}
[175.251850] (-) TimerEvent: {}
[175.352533] (-) TimerEvent: {}
[175.453311] (-) TimerEvent: {}
[175.553899] (-) TimerEvent: {}
[175.654559] (-) TimerEvent: {}
[175.755152] (-) TimerEvent: {}
[175.855818] (-) TimerEvent: {}
[175.956419] (-) TimerEvent: {}
[176.057112] (-) TimerEvent: {}
[176.157853] (-) TimerEvent: {}
[176.258481] (-) TimerEvent: {}
[176.359082] (-) TimerEvent: {}
[176.459676] (-) TimerEvent: {}
[176.560283] (-) TimerEvent: {}
[176.660957] (-) TimerEvent: {}
[176.761554] (-) TimerEvent: {}
[176.862195] (-) TimerEvent: {}
[176.962805] (-) TimerEvent: {}
[177.063400] (-) TimerEvent: {}
[177.164018] (-) TimerEvent: {}
[177.264855] (-) TimerEvent: {}
[177.365723] (-) TimerEvent: {}
[177.466721] (-) TimerEvent: {}
[177.567448] (-) TimerEvent: {}
[177.668143] (-) TimerEvent: {}
[177.768802] (-) TimerEvent: {}
[177.869442] (-) TimerEvent: {}
[177.970464] (-) TimerEvent: {}
[178.071052] (-) TimerEvent: {}
[178.171649] (-) TimerEvent: {}
[178.272256] (-) TimerEvent: {}
[178.372845] (-) TimerEvent: {}
[178.473432] (-) TimerEvent: {}
[178.574075] (-) TimerEvent: {}
[178.674667] (-) TimerEvent: {}
[178.775447] (-) TimerEvent: {}
[178.876208] (-) TimerEvent: {}
[178.976908] (-) TimerEvent: {}
[179.077617] (-) TimerEvent: {}
[179.178370] (-) TimerEvent: {}
[179.279071] (-) TimerEvent: {}
[179.379766] (-) TimerEvent: {}
[179.480452] (-) TimerEvent: {}
[179.583840] (-) TimerEvent: {}
[179.685267] (-) TimerEvent: {}
[179.788846] (-) TimerEvent: {}
[179.889651] (-) TimerEvent: {}
[179.990469] (-) TimerEvent: {}
[180.093082] (-) TimerEvent: {}
[180.195837] (-) TimerEvent: {}
[180.296586] (-) TimerEvent: {}
[180.397261] (-) TimerEvent: {}
[180.497856] (-) TimerEvent: {}
[180.598458] (-) TimerEvent: {}
[180.699066] (-) TimerEvent: {}
[180.799666] (-) TimerEvent: {}
[180.900305] (-) TimerEvent: {}
[181.000961] (-) TimerEvent: {}
[181.101763] (-) TimerEvent: {}
[181.202534] (-) TimerEvent: {}
[181.303160] (-) TimerEvent: {}
[181.403733] (-) TimerEvent: {}
[181.504342] (-) TimerEvent: {}
[181.604942] (-) TimerEvent: {}
[181.705537] (-) TimerEvent: {}
[181.806166] (-) TimerEvent: {}
[181.906763] (-) TimerEvent: {}
[182.007345] (-) TimerEvent: {}
[182.108207] (-) TimerEvent: {}
[182.209768] (-) TimerEvent: {}
[182.310552] (-) TimerEvent: {}
[182.411715] (-) TimerEvent: {}
[182.512394] (-) TimerEvent: {}
[182.613095] (-) TimerEvent: {}
[182.713805] (-) TimerEvent: {}
[182.814475] (-) TimerEvent: {}
[182.915169] (-) TimerEvent: {}
[183.015854] (-) TimerEvent: {}
[183.116597] (-) TimerEvent: {}
[183.217297] (-) TimerEvent: {}
[183.317985] (-) TimerEvent: {}
[183.418629] (-) TimerEvent: {}
[183.519395] (-) TimerEvent: {}
[183.620233] (-) TimerEvent: {}
[183.720958] (-) TimerEvent: {}
[183.821657] (-) TimerEvent: {}
[183.922405] (-) TimerEvent: {}
[184.023156] (-) TimerEvent: {}
[184.123856] (-) TimerEvent: {}
[184.224574] (-) TimerEvent: {}
[184.325402] (-) TimerEvent: {}
[184.426460] (-) TimerEvent: {}
[184.527303] (-) TimerEvent: {}
[184.627972] (-) TimerEvent: {}
[184.728602] (-) TimerEvent: {}
[184.829283] (-) TimerEvent: {}
[184.929980] (-) TimerEvent: {}
[185.030771] (-) TimerEvent: {}
[185.131468] (-) TimerEvent: {}
[185.232131] (-) TimerEvent: {}
[185.332788] (-) TimerEvent: {}
[185.433406] (-) TimerEvent: {}
[185.533986] (-) TimerEvent: {}
[185.634613] (-) TimerEvent: {}
[185.735246] (-) TimerEvent: {}
[185.836856] (-) TimerEvent: {}
[185.937616] (-) TimerEvent: {}
[186.042840] (-) TimerEvent: {}
[186.143591] (-) TimerEvent: {}
[186.244349] (-) TimerEvent: {}
[186.345129] (-) TimerEvent: {}
[186.445818] (-) TimerEvent: {}
[186.546484] (-) TimerEvent: {}
[186.648864] (-) TimerEvent: {}
[186.751859] (-) TimerEvent: {}
[186.852761] (-) TimerEvent: {}
[186.954874] (-) TimerEvent: {}
[187.055836] (-) TimerEvent: {}
[187.157388] (-) TimerEvent: {}
[187.260252] (-) TimerEvent: {}
[187.362888] (-) TimerEvent: {}
[187.463647] (-) TimerEvent: {}
[187.564386] (-) TimerEvent: {}
[187.665031] (-) TimerEvent: {}
[187.765725] (-) TimerEvent: {}
[187.866395] (-) TimerEvent: {}
[187.967060] (-) TimerEvent: {}
[188.067808] (-) TimerEvent: {}
[188.168555] (-) TimerEvent: {}
[188.269281] (-) TimerEvent: {}
[188.369994] (-) TimerEvent: {}
[188.470678] (-) TimerEvent: {}
[188.571412] (-) TimerEvent: {}
[188.672122] (-) TimerEvent: {}
[188.772838] (-) TimerEvent: {}
[188.873512] (-) TimerEvent: {}
[188.943032] (simple_robot) StdoutLine: {'line': b'[ 66%] \x1b[32m\x1b[1mLinking CXX shared library libgrid_map.so\x1b[0m\n'}
[188.973745] (-) TimerEvent: {}
[189.074575] (-) TimerEvent: {}
[189.176831] (-) TimerEvent: {}
[189.278828] (-) TimerEvent: {}
[189.379645] (-) TimerEvent: {}
[189.482188] (-) TimerEvent: {}
[189.585846] (-) TimerEvent: {}
[189.686837] (-) TimerEvent: {}
[189.795913] (-) TimerEvent: {}
[189.897015] (-) TimerEvent: {}
[190.001037] (-) TimerEvent: {}
[190.104218] (-) TimerEvent: {}
[190.207199] (-) TimerEvent: {}
[190.312067] (-) TimerEvent: {}
[190.416745] (-) TimerEvent: {}
[190.527056] (-) TimerEvent: {}
[190.628192] (-) TimerEvent: {}
[190.734400] (-) TimerEvent: {}
[190.840778] (-) TimerEvent: {}
[190.944867] (-) TimerEvent: {}
[191.045781] (-) TimerEvent: {}
[191.151255] (-) TimerEvent: {}
[191.260880] (-) TimerEvent: {}
[191.362638] (-) TimerEvent: {}
[191.470532] (-) TimerEvent: {}
[191.571510] (-) TimerEvent: {}
[191.677281] (-) TimerEvent: {}
[191.780852] (-) TimerEvent: {}
[191.882532] (-) TimerEvent: {}
[191.983457] (-) TimerEvent: {}
[192.088494] (-) TimerEvent: {}
[192.191760] (-) TimerEvent: {}
[192.293856] (-) TimerEvent: {}
[192.396015] (-) TimerEvent: {}
[192.501409] (-) TimerEvent: {}
[192.603795] (-) TimerEvent: {}
[192.706953] (-) TimerEvent: {}
[192.808040] (-) TimerEvent: {}
[192.908984] (-) TimerEvent: {}
[193.009768] (-) TimerEvent: {}
[193.110448] (-) TimerEvent: {}
[193.211387] (-) TimerEvent: {}
[193.312236] (-) TimerEvent: {}
[193.413035] (-) TimerEvent: {}
[193.513800] (-) TimerEvent: {}
[193.614610] (-) TimerEvent: {}
[193.715414] (-) TimerEvent: {}
[193.816212] (-) TimerEvent: {}
[193.917052] (-) TimerEvent: {}
[194.017809] (-) TimerEvent: {}
[194.118598] (-) TimerEvent: {}
[194.219374] (-) TimerEvent: {}
[194.320245] (-) TimerEvent: {}
[194.421105] (-) TimerEvent: {}
[194.521814] (-) TimerEvent: {}
[194.622473] (-) TimerEvent: {}
[194.723186] (-) TimerEvent: {}
[194.823876] (-) TimerEvent: {}
[194.924571] (-) TimerEvent: {}
[195.025306] (-) TimerEvent: {}
[195.125996] (-) TimerEvent: {}
[195.210911] (simple_robot) StdoutLine: {'line': b'[100%] Built target grid_map\n'}
[195.226205] (-) TimerEvent: {}
[195.281562] (simple_robot) CommandEnded: {'returncode': 0}
[195.285224] (simple_robot) JobProgress: {'identifier': 'simple_robot', 'progress': 'install'}
[195.326399] (-) TimerEvent: {}
[195.337860] (simple_robot) Command: {'cmd': ['/usr/bin/cmake', '--install', '/home/martina/rp_project/robot-programming-project/src/simple_robot/build/simple_robot'], 'cwd': '/home/martina/rp_project/robot-programming-project/src/simple_robot/build/simple_robot', 'env': OrderedDict([('GJS_DEBUG_TOPICS', 'JS ERROR;JS LOG'), ('LESSOPEN', '| /usr/bin/env /usr/bin/lesspipe %s 2>/dev/null'), ('CONDA_PROMPT_MODIFIER', '(base)'), ('LC_TIME', 'it_IT.UTF-8'), ('USER', 'martina'), ('XDG_SESSION_TYPE', 'wayland'), ('GIT_ASKPASS', '/usr/share/code/resources/app/extensions/git/dist/askpass.sh'), ('SHLVL', '2'), ('LD_LIBRARY_PATH', '/opt/ros/humble/opt/rviz_ogre_vendor/lib:/opt/ros/humble/lib/x86_64-linux-gnu:/opt/ros/humble/lib::/home/martina/.mujoco/mujoco210/bin:/usr/lib/nvidia:~/anaconda3/lib'), ('HOME', '/home/martina'), ('OLDPWD', '/home/martina/rp_project/robot-programming-project/src/simple_robot'), ('CHROME_DESKTOP', 'code.desktop'), ('TERMINFO', '/home/martina/.terminfo'), ('LESS', '-iRFXMx4'), ('CONDA_SHLVL', '1'), ('DESKTOP_SESSION', 'ubuntu'), ('TERM_PROGRAM_VERSION', '1.97.2'), ('GIO_LAUNCHED_DESKTOP_FILE', '/usr/share/applications/code.desktop'), ('LSCOLORS', 'ExGxDxDxCxDxDxFxFxexEx'), ('GTK_MODULES', 'gail:atk-bridge'), ('GNOME_SHELL_SESSION_MODE', 'ubuntu'), ('VSCODE_GIT_ASKPASS_MAIN', '/usr/share/code/resources/app/extensions/git/dist/askpass-main.js'), ('PAGER', 'less'), ('ROS_PYTHON_VERSION', '3'), ('LC_MONETARY', 'it_IT.UTF-8'), ('MANAGERPID', '861'), ('VSCODE_GIT_ASKPASS_NODE', '/usr/share/code/code'), ('SYSTEMD_EXEC_PID', '1099'), ('DBUS_SESSION_BUS_ADDRESS', 'unix:path=/run/user/1000/bus'), ('P9K_TTY', 'old'), ('GIO_LAUNCHED_DESKTOP_FILE_PID', '2441'), ('COLORTERM', 'truecolor'), ('_CE_M', ''), ('WAYLAND_DISPLAY', 'wayland-0'), ('INFOPATH', ''), ('ROS_DISTRO', 'humble'), ('COLCON_PREFIX_PATH', '/home/martina/rp_project/robot-programming-project/install'), ('LOGNAME', 'martina'), ('_', '/usr/bin/colcon'), ('JOURNAL_STREAM', '8:10438'), ('_P9K_SSH_TTY', '/dev/pts/0'), ('XDG_SESSION_CLASS', 'user'), ('USER_ZDOTDIR', '/home/martina'), ('ROS_VERSION', '2'), ('USERNAME', 'martina'), ('TERM', 'xterm-256color'), ('GNOME_DESKTOP_SESSION_ID', 'this-is-deprecated'), ('_CE_CONDA', ''), ('ROS_LOCALHOST_ONLY', '0'), ('PATH', '/opt/ros/humble/bin:/home/martina/.local/bin:/home/martina/.local/bin:/usr/lib/ccache:.:/home/martina/.mujoco/mujoco210/bin:/usr/lib/nvidia:/home/martina/anaconda3/condabin:/home/martina/bin:/home/martina/.local/bin:/usr/local/sbin:/usr/local/bin:/usr/sbin:/usr/bin:/sbin:/bin:/usr/games:/usr/local/games:/snap/bin:/home/martina/.cache/zsh4humans/v5/fzf/bin:/home/martina/other/install/bin'), ('SESSION_MANAGER', 'local/Martina-ThinkPad-X1-Yoga:@/tmp/.ICE-unix/1062,unix/Martina-ThinkPad-X1-Yoga:/tmp/.ICE-unix/1062'), ('INVOCATION_ID', 'd41eea5a77214ff18af65c9f647aefff'), ('LC_ADDRESS', 'it_IT.UTF-8'), ('XDG_RUNTIME_DIR', '/run/user/1000'), ('XDG_MENU_PREFIX', 'gnome-'), ('GNOME_SETUP_DISPLAY', ':1'), ('GDK_BACKEND', 'x11'), ('DISPLAY', ':0'), ('LANG', 'en_US.UTF-8'), ('LC_TELEPHONE', 'it_IT.UTF-8'), ('XDG_CURRENT_DESKTOP', 'Unity'), ('VSCODE_INJECTION', '1'), ('LD_PRELOAD', ':/usr/lib/x86_64-linux-gnu/libGLEW.so'), ('XDG_SESSION_DESKTOP', 'ubuntu'), ('XMODIFIERS', '@im=ibus'), ('XAUTHORITY', '/run/user/1000/.mutter-Xwaylandauth.2DKN22'), ('TERM_PROGRAM', 'vscode'), ('VSCODE_GIT_IPC_HANDLE', '/run/user/1000/vscode-git-f640f2b3f6.sock'), ('LS_COLORS', 'fi=00:mi=00:mh=00:ln=01;36:or=01;31:di=01;34:ow=04;01;34:st=34:tw=04;34:pi=01;33:so=01;33:do=01;33:bd=01;33:cd=01;33:su=01;35:sg=01;35:ca=01;35:ex=01;32:no=38;5;248'), ('TREE_COLORS', 'fi=00:mi=00:mh=00:ln=01;36:or=01;31:di=01;34:ow=01;34:st=34:tw=34:pi=01;33:so=01;33:do=01;33:bd=01;33:cd=01;33:su=01;35:sg=01;35:ca=01;35:ex=01;32'), ('SSH_AGENT_LAUNCHER', 'gnome-keyring'), ('SSH_AUTH_SOCK', '/run/user/1000/keyring/ssh'), ('ORIGINAL_XDG_CURRENT_DESKTOP', 'ubuntu:GNOME'), ('CONDA_PYTHON_EXE', '/home/martina/anaconda3/bin/python'), ('AMENT_PREFIX_PATH', '/home/martina/rp_project/robot-programming-project/install/simple_robot:/opt/ros/humble'), ('LC_NAME', 'it_IT.UTF-8'), ('SHELL', '/usr/local/bin/zsh'), ('DEST', '/home/martina/other/install'), ('QT_ACCESSIBILITY', '1'), ('GDMSESSION', 'ubuntu'), ('CONDA_DEFAULT_ENV', 'base'), ('LC_MEASUREMENT', 'it_IT.UTF-8'), ('LC_IDENTIFICATION', 'it_IT.UTF-8'), ('GJS_DEBUG_OUTPUT', 'stderr'), ('P9K_SSH', '0'), ('QT_IM_MODULE', 'ibus'), ('VSCODE_GIT_ASKPASS_EXTRA_ARGS', ''), ('VSCODE_NONCE', 'a7161ded-a4be-401b-bdce-92ccf5224d1f'), ('LC_ALL', 'en_US.UTF-8'), ('PWD', '/home/martina/rp_project/robot-programming-project/src/simple_robot/build/simple_robot'), ('GPG_TTY', '/dev/pts/0'), ('XDG_DATA_DIRS', '/usr/local/share/:/usr/share/:/var/lib/snapd/desktop'), ('ZDOTDIR', '/home/martina'), ('_P9K_TTY', '/dev/pts/0'), ('CONDA_EXE', '/home/martina/anaconda3/bin/conda'), ('LC_NUMERIC', 'it_IT.UTF-8'), ('PYTHONPATH', '/opt/ros/humble/lib/python3.10/site-packages:/opt/ros/humble/local/lib/python3.10/dist-packages:/home/martina/other/install/lib/python3.10/site-packages/'), ('LC_PAPER', 'it_IT.UTF-8'), ('CONDA_PREFIX', '/home/martina/anaconda3'), ('COLCON', '1'), ('MANPATH', '/usr/local/share/man:/home/martina/.cache/zsh4humans/v5/fzf/man:'), ('CMAKE_PREFIX_PATH', '/home/martina/rp_project/robot-programming-project/install/simple_robot:/opt/ros/humble')]), 'shell': False}
[195.387890] (simple_robot) StdoutLine: {'line': b'-- Install configuration: ""\n'}
[195.389560] (simple_robot) StdoutLine: {'line': b'-- Installing: /home/martina/rp_project/robot-programming-project/src/simple_robot/install/simple_robot/lib/simple_robot/robot_map_node\n'}
[195.426588] (-) TimerEvent: {}
[195.437492] (simple_robot) StdoutLine: {'line': b'-- Set runtime path of "/home/martina/rp_project/robot-programming-project/src/simple_robot/install/simple_robot/lib/simple_robot/robot_map_node" to ""\n'}
[195.439115] (simple_robot) StdoutLine: {'line': b'-- Up-to-date: /home/martina/rp_project/robot-programming-project/src/simple_robot/install/simple_robot/share/ament_index/resource_index/package_run_dependencies/simple_robot\n'}
[195.439774] (simple_robot) StdoutLine: {'line': b'-- Up-to-date: /home/martina/rp_project/robot-programming-project/src/simple_robot/install/simple_robot/share/ament_index/resource_index/parent_prefix_path/simple_robot\n'}
[195.440852] (simple_robot) StdoutLine: {'line': b'-- Up-to-date: /home/martina/rp_project/robot-programming-project/src/simple_robot/install/simple_robot/share/simple_robot/environment/ament_prefix_path.sh\n'}
[195.443775] (simple_robot) StdoutLine: {'line': b'-- Installing: /home/martina/rp_project/robot-programming-project/src/simple_robot/install/simple_robot/share/simple_robot/environment/ament_prefix_path.dsv\n'}
[195.444561] (simple_robot) StdoutLine: {'line': b'-- Up-to-date: /home/martina/rp_project/robot-programming-project/src/simple_robot/install/simple_robot/share/simple_robot/environment/path.sh\n'}
[195.445264] (simple_robot) StdoutLine: {'line': b'-- Installing: /home/martina/rp_project/robot-programming-project/src/simple_robot/install/simple_robot/share/simple_robot/environment/path.dsv\n'}
[195.446617] (simple_robot) StdoutLine: {'line': b'-- Up-to-date: /home/martina/rp_project/robot-programming-project/src/simple_robot/install/simple_robot/share/simple_robot/local_setup.bash\n'}
[195.447226] (simple_robot) StdoutLine: {'line': b'-- Up-to-date: /home/martina/rp_project/robot-programming-project/src/simple_robot/install/simple_robot/share/simple_robot/local_setup.sh\n'}
[195.450391] (simple_robot) StdoutLine: {'line': b'-- Up-to-date: /home/martina/rp_project/robot-programming-project/src/simple_robot/install/simple_robot/share/simple_robot/local_setup.zsh\n'}
[195.451791] (simple_robot) StdoutLine: {'line': b'-- Installing: /home/martina/rp_project/robot-programming-project/src/simple_robot/install/simple_robot/share/simple_robot/local_setup.dsv\n'}
[195.452439] (simple_robot) StdoutLine: {'line': b'-- Installing: /home/martina/rp_project/robot-programming-project/src/simple_robot/install/simple_robot/share/simple_robot/package.dsv\n'}
[195.452967] (simple_robot) StdoutLine: {'line': b'-- Up-to-date: /home/martina/rp_project/robot-programming-project/src/simple_robot/install/simple_robot/share/ament_index/resource_index/packages/simple_robot\n'}
[195.453502] (simple_robot) StdoutLine: {'line': b'-- Up-to-date: /home/martina/rp_project/robot-programming-project/src/simple_robot/install/simple_robot/share/simple_robot/cmake/simple_robotConfig.cmake\n'}
[195.454096] (simple_robot) StdoutLine: {'line': b'-- Up-to-date: /home/martina/rp_project/robot-programming-project/src/simple_robot/install/simple_robot/share/simple_robot/cmake/simple_robotConfig-version.cmake\n'}
[195.454650] (simple_robot) StdoutLine: {'line': b'-- Up-to-date: /home/martina/rp_project/robot-programming-project/src/simple_robot/install/simple_robot/share/simple_robot/package.xml\n'}
[195.464596] (simple_robot) CommandEnded: {'returncode': 0}
[195.528364] (-) TimerEvent: {}
[195.560021] (simple_robot) JobEnded: {'identifier': 'simple_robot', 'rc': 0}
[195.562895] (-) EventReactorShutdown: {}
