[0.000000] (-) TimerEvent: {}
[0.000514] (simple_robot) JobQueued: {'identifier': 'simple_robot', 'dependencies': OrderedDict()}
[0.000973] (simple_robot) JobStarted: {'identifier': 'simple_robot'}
[0.041394] (simple_robot) JobProgress: {'identifier': 'simple_robot', 'progress': 'cmake'}
[0.043329] (simple_robot) Command: {'cmd': ['/usr/bin/cmake', '/home/martina/rp_project/robot-programming-project/src/simple_robot', '-DCMAKE_INSTALL_PREFIX=/home/martina/rp_project/robot-programming-project/src/simple_robot/install/simple_robot'], 'cwd': '/home/martina/rp_project/robot-programming-project/src/simple_robot/build/simple_robot', 'env': OrderedDict([('GJS_DEBUG_TOPICS', 'JS ERROR;JS LOG'), ('LESSOPEN', '| /usr/bin/env /usr/bin/lesspipe %s 2>/dev/null'), ('CONDA_PROMPT_MODIFIER', '(base)'), ('LC_TIME', 'it_IT.UTF-8'), ('USER', 'martina'), ('XDG_SESSION_TYPE', 'wayland'), ('GIT_ASKPASS', '/usr/share/code/resources/app/extensions/git/dist/askpass.sh'), ('SHLVL', '2'), ('LD_LIBRARY_PATH', '/opt/ros/humble/opt/rviz_ogre_vendor/lib:/opt/ros/humble/lib/x86_64-linux-gnu:/opt/ros/humble/lib::/home/martina/.mujoco/mujoco210/bin:/usr/lib/nvidia:~/anaconda3/lib'), ('HOME', '/home/martina'), ('OLDPWD', '/home/martina/rp_project/robot-programming-project/src/simple_robot'), ('CHROME_DESKTOP', 'code.desktop'), ('TERMINFO', '/home/martina/.terminfo'), ('LESS', '-iRFXMx4'), ('CONDA_SHLVL', '1'), ('DESKTOP_SESSION', 'ubuntu'), ('TERM_PROGRAM_VERSION', '1.97.2'), ('GIO_LAUNCHED_DESKTOP_FILE', '/usr/share/applications/code.desktop'), ('LSCOLORS', 'ExGxDxDxCxDxDxFxFxexEx'), ('GTK_MODULES', 'gail:atk-bridge'), ('GNOME_SHELL_SESSION_MODE', 'ubuntu'), ('VSCODE_GIT_ASKPASS_MAIN', '/usr/share/code/resources/app/extensions/git/dist/askpass-main.js'), ('PAGER', 'less'), ('ROS_PYTHON_VERSION', '3'), ('LC_MONETARY', 'it_IT.UTF-8'), ('MANAGERPID', '887'), ('VSCODE_GIT_ASKPASS_NODE', '/usr/share/code/code'), ('SYSTEMD_EXEC_PID', '1152'), ('DBUS_SESSION_BUS_ADDRESS', 'unix:path=/run/user/1000/bus'), ('P9K_TTY', 'old'), ('GIO_LAUNCHED_DESKTOP_FILE_PID', '3260'), ('COLORTERM', 'truecolor'), ('_CE_M', ''), ('WAYLAND_DISPLAY', 'wayland-0'), ('INFOPATH', ''), ('ROS_DISTRO', 'humble'), ('COLCON_PREFIX_PATH', '/home/martina/rp_project/robot-programming-project/install'), ('LOGNAME', 'martina'), ('_', '/usr/bin/colcon'), ('JOURNAL_STREAM', '8:11413'), ('_P9K_SSH_TTY', '/dev/pts/2'), ('XDG_SESSION_CLASS', 'user'), ('USER_ZDOTDIR', '/home/martina'), ('ROS_VERSION', '2'), ('USERNAME', 'martina'), ('TERM', 'xterm-256color'), ('GNOME_DESKTOP_SESSION_ID', 'this-is-deprecated'), ('_CE_CONDA', ''), ('ROS_LOCALHOST_ONLY', '0'), ('PATH', '/opt/ros/humble/bin:/home/martina/.local/bin:/home/martina/.local/bin:/usr/lib/ccache:.:/home/martina/.mujoco/mujoco210/bin:/usr/lib/nvidia:/home/martina/anaconda3/condabin:/home/martina/bin:/home/martina/.local/bin:/usr/local/sbin:/usr/local/bin:/usr/sbin:/usr/bin:/sbin:/bin:/usr/games:/usr/local/games:/snap/bin:/home/martina/.cache/zsh4humans/v5/fzf/bin:/home/martina/other/install/bin'), ('SESSION_MANAGER', 'local/Martina-ThinkPad-X1-Yoga:@/tmp/.ICE-unix/1105,unix/Martina-ThinkPad-X1-Yoga:/tmp/.ICE-unix/1105'), ('INVOCATION_ID', 'abb78b4b018940349bd4da4c8fed9753'), ('LC_ADDRESS', 'it_IT.UTF-8'), ('XDG_RUNTIME_DIR', '/run/user/1000'), ('XDG_MENU_PREFIX', 'gnome-'), ('GNOME_SETUP_DISPLAY', ':1'), ('GDK_BACKEND', 'x11'), ('DISPLAY', ':0'), ('LANG', 'en_US.UTF-8'), ('LC_TELEPHONE', 'it_IT.UTF-8'), ('XDG_CURRENT_DESKTOP', 'Unity'), ('VSCODE_INJECTION', '1'), ('LD_PRELOAD', ':/usr/lib/x86_64-linux-gnu/libGLEW.so'), ('XDG_SESSION_DESKTOP', 'ubuntu'), ('XMODIFIERS', '@im=ibus'), ('XAUTHORITY', '/run/user/1000/.mutter-Xwaylandauth.L52E22'), ('TERM_PROGRAM', 'vscode'), ('VSCODE_GIT_IPC_HANDLE', '/run/user/1000/vscode-git-f640f2b3f6.sock'), ('LS_COLORS', 'fi=00:mi=00:mh=00:ln=01;36:or=01;31:di=01;34:ow=04;01;34:st=34:tw=04;34:pi=01;33:so=01;33:do=01;33:bd=01;33:cd=01;33:su=01;35:sg=01;35:ca=01;35:ex=01;32:no=38;5;248'), ('TREE_COLORS', 'fi=00:mi=00:mh=00:ln=01;36:or=01;31:di=01;34:ow=01;34:st=34:tw=34:pi=01;33:so=01;33:do=01;33:bd=01;33:cd=01;33:su=01;35:sg=01;35:ca=01;35:ex=01;32'), ('SSH_AGENT_LAUNCHER', 'gnome-keyring'), ('SSH_AUTH_SOCK', '/run/user/1000/keyring/ssh'), ('ORIGINAL_XDG_CURRENT_DESKTOP', 'ubuntu:GNOME'), ('CONDA_PYTHON_EXE', '/home/martina/anaconda3/bin/python'), ('AMENT_PREFIX_PATH', '/home/martina/rp_project/robot-programming-project/install/simple_robot:/opt/ros/humble'), ('LC_NAME', 'it_IT.UTF-8'), ('SHELL', '/usr/local/bin/zsh'), ('DEST', '/home/martina/other/install'), ('QT_ACCESSIBILITY', '1'), ('GDMSESSION', 'ubuntu'), ('CONDA_DEFAULT_ENV', 'base'), ('LC_MEASUREMENT', 'it_IT.UTF-8'), ('LC_IDENTIFICATION', 'it_IT.UTF-8'), ('GJS_DEBUG_OUTPUT', 'stderr'), ('P9K_SSH', '0'), ('QT_IM_MODULE', 'ibus'), ('VSCODE_GIT_ASKPASS_EXTRA_ARGS', ''), ('VSCODE_NONCE', 'f672ca6a-f6db-4411-8134-b3ad71667d44'), ('LC_ALL', 'en_US.UTF-8'), ('PWD', '/home/martina/rp_project/robot-programming-project/src/simple_robot/build/simple_robot'), ('GPG_TTY', '/dev/pts/2'), ('XDG_DATA_DIRS', '/usr/local/share/:/usr/share/:/var/lib/snapd/desktop'), ('ZDOTDIR', '/home/martina'), ('_P9K_TTY', '/dev/pts/2'), ('CONDA_EXE', '/home/martina/anaconda3/bin/conda'), ('LC_NUMERIC', 'it_IT.UTF-8'), ('PYTHONPATH', '/opt/ros/humble/lib/python3.10/site-packages:/opt/ros/humble/local/lib/python3.10/dist-packages:/home/martina/other/install/lib/python3.10/site-packages/'), ('LC_PAPER', 'it_IT.UTF-8'), ('CONDA_PREFIX', '/home/martina/anaconda3'), ('COLCON', '1'), ('MANPATH', '/usr/local/share/man:/home/martina/.cache/zsh4humans/v5/fzf/man:'), ('CMAKE_PREFIX_PATH', '/home/martina/rp_project/robot-programming-project/install/simple_robot:/opt/ros/humble')]), 'shell': False}
[0.099610] (-) TimerEvent: {}
[0.201632] (-) TimerEvent: {}
[0.302244] (-) TimerEvent: {}
[0.390479] (simple_robot) StdoutLine: {'line': b'-- The C compiler identification is GNU 11.4.0\n'}
[0.402290] (-) TimerEvent: {}
[0.504448] (-) TimerEvent: {}
[0.604911] (-) TimerEvent: {}
[0.618151] (simple_robot) StdoutLine: {'line': b'-- The CXX compiler identification is GNU 11.4.0\n'}
[0.652835] (simple_robot) StdoutLine: {'line': b'-- Detecting C compiler ABI info\n'}
[0.706319] (-) TimerEvent: {}
[0.806891] (-) TimerEvent: {}
[0.829365] (simple_robot) StdoutLine: {'line': b'-- Detecting C compiler ABI info - done\n'}
[0.847519] (simple_robot) StdoutLine: {'line': b'-- Check for working C compiler: /usr/lib/ccache/cc - skipped\n'}
[0.847858] (simple_robot) StdoutLine: {'line': b'-- Detecting C compile features\n'}
[0.848042] (simple_robot) StdoutLine: {'line': b'-- Detecting C compile features - done\n'}
[0.860965] (simple_robot) StdoutLine: {'line': b'-- Detecting CXX compiler ABI info\n'}
[0.907014] (-) TimerEvent: {}
[1.007521] (-) TimerEvent: {}
[1.109687] (-) TimerEvent: {}
[1.148800] (simple_robot) StdoutLine: {'line': b'-- Detecting CXX compiler ABI info - done\n'}
[1.180469] (simple_robot) StdoutLine: {'line': b'-- Check for working CXX compiler: /usr/lib/ccache/c++ - skipped\n'}
[1.182762] (simple_robot) StdoutLine: {'line': b'-- Detecting CXX compile features\n'}
[1.184443] (simple_robot) StdoutLine: {'line': b'-- Detecting CXX compile features - done\n'}
[1.210658] (-) TimerEvent: {}
[1.213619] (simple_robot) StdoutLine: {'line': b'-- Found OpenCV: /usr (found suitable version "4.5.4", minimum required is "4.5.4") \n'}
[1.219566] (simple_robot) StdoutLine: {'line': b'-- Found ament_cmake: 1.3.11 (/opt/ros/humble/share/ament_cmake/cmake)\n'}
[1.310948] (-) TimerEvent: {}
[1.413766] (-) TimerEvent: {}
[1.514850] (-) TimerEvent: {}
[1.615279] (-) TimerEvent: {}
[1.649336] (simple_robot) StdoutLine: {'line': b'-- Found Python3: /usr/bin/python3 (found version "3.10.12") found components: Interpreter \n'}
[1.715584] (-) TimerEvent: {}
[1.816309] (-) TimerEvent: {}
[1.864847] (simple_robot) StdoutLine: {'line': b'-- Found rclcpp: 16.0.11 (/opt/ros/humble/share/rclcpp/cmake)\n'}
[1.916429] (-) TimerEvent: {}
[1.968804] (simple_robot) StdoutLine: {'line': b'-- Found rosidl_generator_c: 3.1.6 (/opt/ros/humble/share/rosidl_generator_c/cmake)\n'}
[1.979075] (simple_robot) StdoutLine: {'line': b'-- Found rosidl_adapter: 3.1.6 (/opt/ros/humble/share/rosidl_adapter/cmake)\n'}
[1.998695] (simple_robot) StdoutLine: {'line': b'-- Found rosidl_generator_cpp: 3.1.6 (/opt/ros/humble/share/rosidl_generator_cpp/cmake)\n'}
[2.016573] (-) TimerEvent: {}
[2.033724] (simple_robot) StdoutLine: {'line': b'-- Using all available rosidl_typesupport_c: rosidl_typesupport_fastrtps_c;rosidl_typesupport_introspection_c\n'}
[2.073572] (simple_robot) StdoutLine: {'line': b'-- Using all available rosidl_typesupport_cpp: rosidl_typesupport_fastrtps_cpp;rosidl_typesupport_introspection_cpp\n'}
[2.116705] (-) TimerEvent: {}
[2.192534] (simple_robot) StdoutLine: {'line': b'-- Found rmw_implementation_cmake: 6.1.2 (/opt/ros/humble/share/rmw_implementation_cmake/cmake)\n'}
[2.197568] (simple_robot) StdoutLine: {'line': b'-- Found rmw_fastrtps_cpp: 6.2.7 (/opt/ros/humble/share/rmw_fastrtps_cpp/cmake)\n'}
[2.216799] (-) TimerEvent: {}
[2.317285] (-) TimerEvent: {}
[2.420744] (-) TimerEvent: {}
[2.522441] (-) TimerEvent: {}
[2.548664] (simple_robot) StdoutLine: {'line': b'-- Found OpenSSL: /usr/lib/x86_64-linux-gnu/libcrypto.so (found version "3.0.2")  \n'}
[2.622602] (-) TimerEvent: {}
[2.639376] (simple_robot) StdoutLine: {'line': b'-- Found FastRTPS: /opt/ros/humble/include  \n'}
[2.722791] (-) TimerEvent: {}
[2.759321] (simple_robot) StdoutLine: {'line': b"-- Using RMW implementation 'rmw_fastrtps_cpp' as default\n"}
[2.782824] (simple_robot) StdoutLine: {'line': b'-- Looking for pthread.h\n'}
[2.824834] (-) TimerEvent: {}
[2.925402] (-) TimerEvent: {}
[3.013238] (simple_robot) StdoutLine: {'line': b'-- Looking for pthread.h - found\n'}
[3.013712] (simple_robot) StdoutLine: {'line': b'-- Performing Test CMAKE_HAVE_LIBC_PTHREAD\n'}
[3.027247] (-) TimerEvent: {}
[3.128237] (-) TimerEvent: {}
[3.230346] (-) TimerEvent: {}
[3.265774] (simple_robot) StdoutLine: {'line': b'-- Performing Test CMAKE_HAVE_LIBC_PTHREAD - Success\n'}
[3.282151] (simple_robot) StdoutLine: {'line': b'-- Found Threads: TRUE  \n'}
[3.330502] (-) TimerEvent: {}
[3.430943] (-) TimerEvent: {}
[3.480885] (simple_robot) StdoutLine: {'line': b'-- Found geometry_msgs: 4.2.4 (/opt/ros/humble/share/geometry_msgs/cmake)\n'}
[3.528221] (simple_robot) StdoutLine: {'line': b'-- Found sensor_msgs: 4.2.4 (/opt/ros/humble/share/sensor_msgs/cmake)\n'}
[3.531049] (-) TimerEvent: {}
[3.584807] (simple_robot) StdoutLine: {'line': b'-- Found nav_msgs: 4.2.4 (/opt/ros/humble/share/nav_msgs/cmake)\n'}
[3.631370] (-) TimerEvent: {}
[3.655887] (simple_robot) StdoutLine: {'line': b'-- Found OpenCV: /usr (found version "4.5.4") \n'}
[3.731477] (-) TimerEvent: {}
[3.832213] (-) TimerEvent: {}
[3.838256] (simple_robot) StdoutLine: {'line': b'-- DATA_DIR: /home/martina/rp_project/robot-programming-project/src/simple_robot/data\n'}
[3.838651] (simple_robot) StdoutLine: {'line': b'-- Configuring done\n'}
[3.893688] (simple_robot) StdoutLine: {'line': b'-- Generating done\n'}
[3.913241] (simple_robot) StdoutLine: {'line': b'-- Build files have been written to: /home/martina/rp_project/robot-programming-project/src/simple_robot/build/simple_robot\n'}
[3.932328] (-) TimerEvent: {}
[3.954273] (simple_robot) CommandEnded: {'returncode': 0}
[3.956257] (simple_robot) JobProgress: {'identifier': 'simple_robot', 'progress': 'build'}
[3.956341] (simple_robot) Command: {'cmd': ['/usr/bin/cmake', '--build', '/home/martina/rp_project/robot-programming-project/src/simple_robot/build/simple_robot', '--', '-j4', '-l4'], 'cwd': '/home/martina/rp_project/robot-programming-project/src/simple_robot/build/simple_robot', 'env': OrderedDict([('GJS_DEBUG_TOPICS', 'JS ERROR;JS LOG'), ('LESSOPEN', '| /usr/bin/env /usr/bin/lesspipe %s 2>/dev/null'), ('CONDA_PROMPT_MODIFIER', '(base)'), ('LC_TIME', 'it_IT.UTF-8'), ('USER', 'martina'), ('XDG_SESSION_TYPE', 'wayland'), ('GIT_ASKPASS', '/usr/share/code/resources/app/extensions/git/dist/askpass.sh'), ('SHLVL', '2'), ('LD_LIBRARY_PATH', '/opt/ros/humble/opt/rviz_ogre_vendor/lib:/opt/ros/humble/lib/x86_64-linux-gnu:/opt/ros/humble/lib::/home/martina/.mujoco/mujoco210/bin:/usr/lib/nvidia:~/anaconda3/lib'), ('HOME', '/home/martina'), ('OLDPWD', '/home/martina/rp_project/robot-programming-project/src/simple_robot'), ('CHROME_DESKTOP', 'code.desktop'), ('TERMINFO', '/home/martina/.terminfo'), ('LESS', '-iRFXMx4'), ('CONDA_SHLVL', '1'), ('DESKTOP_SESSION', 'ubuntu'), ('TERM_PROGRAM_VERSION', '1.97.2'), ('GIO_LAUNCHED_DESKTOP_FILE', '/usr/share/applications/code.desktop'), ('LSCOLORS', 'ExGxDxDxCxDxDxFxFxexEx'), ('GTK_MODULES', 'gail:atk-bridge'), ('GNOME_SHELL_SESSION_MODE', 'ubuntu'), ('VSCODE_GIT_ASKPASS_MAIN', '/usr/share/code/resources/app/extensions/git/dist/askpass-main.js'), ('PAGER', 'less'), ('ROS_PYTHON_VERSION', '3'), ('LC_MONETARY', 'it_IT.UTF-8'), ('MANAGERPID', '887'), ('VSCODE_GIT_ASKPASS_NODE', '/usr/share/code/code'), ('SYSTEMD_EXEC_PID', '1152'), ('DBUS_SESSION_BUS_ADDRESS', 'unix:path=/run/user/1000/bus'), ('P9K_TTY', 'old'), ('GIO_LAUNCHED_DESKTOP_FILE_PID', '3260'), ('COLORTERM', 'truecolor'), ('_CE_M', ''), ('WAYLAND_DISPLAY', 'wayland-0'), ('INFOPATH', ''), ('ROS_DISTRO', 'humble'), ('COLCON_PREFIX_PATH', '/home/martina/rp_project/robot-programming-project/install'), ('LOGNAME', 'martina'), ('_', '/usr/bin/colcon'), ('JOURNAL_STREAM', '8:11413'), ('_P9K_SSH_TTY', '/dev/pts/2'), ('XDG_SESSION_CLASS', 'user'), ('USER_ZDOTDIR', '/home/martina'), ('ROS_VERSION', '2'), ('USERNAME', 'martina'), ('TERM', 'xterm-256color'), ('GNOME_DESKTOP_SESSION_ID', 'this-is-deprecated'), ('_CE_CONDA', ''), ('ROS_LOCALHOST_ONLY', '0'), ('PATH', '/opt/ros/humble/bin:/home/martina/.local/bin:/home/martina/.local/bin:/usr/lib/ccache:.:/home/martina/.mujoco/mujoco210/bin:/usr/lib/nvidia:/home/martina/anaconda3/condabin:/home/martina/bin:/home/martina/.local/bin:/usr/local/sbin:/usr/local/bin:/usr/sbin:/usr/bin:/sbin:/bin:/usr/games:/usr/local/games:/snap/bin:/home/martina/.cache/zsh4humans/v5/fzf/bin:/home/martina/other/install/bin'), ('SESSION_MANAGER', 'local/Martina-ThinkPad-X1-Yoga:@/tmp/.ICE-unix/1105,unix/Martina-ThinkPad-X1-Yoga:/tmp/.ICE-unix/1105'), ('INVOCATION_ID', 'abb78b4b018940349bd4da4c8fed9753'), ('LC_ADDRESS', 'it_IT.UTF-8'), ('XDG_RUNTIME_DIR', '/run/user/1000'), ('XDG_MENU_PREFIX', 'gnome-'), ('GNOME_SETUP_DISPLAY', ':1'), ('GDK_BACKEND', 'x11'), ('DISPLAY', ':0'), ('LANG', 'en_US.UTF-8'), ('LC_TELEPHONE', 'it_IT.UTF-8'), ('XDG_CURRENT_DESKTOP', 'Unity'), ('VSCODE_INJECTION', '1'), ('LD_PRELOAD', ':/usr/lib/x86_64-linux-gnu/libGLEW.so'), ('XDG_SESSION_DESKTOP', 'ubuntu'), ('XMODIFIERS', '@im=ibus'), ('XAUTHORITY', '/run/user/1000/.mutter-Xwaylandauth.L52E22'), ('TERM_PROGRAM', 'vscode'), ('VSCODE_GIT_IPC_HANDLE', '/run/user/1000/vscode-git-f640f2b3f6.sock'), ('LS_COLORS', 'fi=00:mi=00:mh=00:ln=01;36:or=01;31:di=01;34:ow=04;01;34:st=34:tw=04;34:pi=01;33:so=01;33:do=01;33:bd=01;33:cd=01;33:su=01;35:sg=01;35:ca=01;35:ex=01;32:no=38;5;248'), ('TREE_COLORS', 'fi=00:mi=00:mh=00:ln=01;36:or=01;31:di=01;34:ow=01;34:st=34:tw=34:pi=01;33:so=01;33:do=01;33:bd=01;33:cd=01;33:su=01;35:sg=01;35:ca=01;35:ex=01;32'), ('SSH_AGENT_LAUNCHER', 'gnome-keyring'), ('SSH_AUTH_SOCK', '/run/user/1000/keyring/ssh'), ('ORIGINAL_XDG_CURRENT_DESKTOP', 'ubuntu:GNOME'), ('CONDA_PYTHON_EXE', '/home/martina/anaconda3/bin/python'), ('AMENT_PREFIX_PATH', '/home/martina/rp_project/robot-programming-project/install/simple_robot:/opt/ros/humble'), ('LC_NAME', 'it_IT.UTF-8'), ('SHELL', '/usr/local/bin/zsh'), ('DEST', '/home/martina/other/install'), ('QT_ACCESSIBILITY', '1'), ('GDMSESSION', 'ubuntu'), ('CONDA_DEFAULT_ENV', 'base'), ('LC_MEASUREMENT', 'it_IT.UTF-8'), ('LC_IDENTIFICATION', 'it_IT.UTF-8'), ('GJS_DEBUG_OUTPUT', 'stderr'), ('P9K_SSH', '0'), ('QT_IM_MODULE', 'ibus'), ('VSCODE_GIT_ASKPASS_EXTRA_ARGS', ''), ('VSCODE_NONCE', 'f672ca6a-f6db-4411-8134-b3ad71667d44'), ('LC_ALL', 'en_US.UTF-8'), ('PWD', '/home/martina/rp_project/robot-programming-project/src/simple_robot/build/simple_robot'), ('GPG_TTY', '/dev/pts/2'), ('XDG_DATA_DIRS', '/usr/local/share/:/usr/share/:/var/lib/snapd/desktop'), ('ZDOTDIR', '/home/martina'), ('_P9K_TTY', '/dev/pts/2'), ('CONDA_EXE', '/home/martina/anaconda3/bin/conda'), ('LC_NUMERIC', 'it_IT.UTF-8'), ('PYTHONPATH', '/opt/ros/humble/lib/python3.10/site-packages:/opt/ros/humble/local/lib/python3.10/dist-packages:/home/martina/other/install/lib/python3.10/site-packages/'), ('LC_PAPER', 'it_IT.UTF-8'), ('CONDA_PREFIX', '/home/martina/anaconda3'), ('COLCON', '1'), ('MANPATH', '/usr/local/share/man:/home/martina/.cache/zsh4humans/v5/fzf/man:'), ('CMAKE_PREFIX_PATH', '/home/martina/rp_project/robot-programming-project/install/simple_robot:/opt/ros/humble')]), 'shell': False}
[4.035517] (-) TimerEvent: {}
[4.138449] (-) TimerEvent: {}
[4.165896] (simple_robot) StdoutLine: {'line': b'\x1b[35m\x1b[1mConsolidate compiler generated dependencies of target grid_map\x1b[0m\n'}
[4.240439] (-) TimerEvent: {}
[4.285663] (simple_robot) StdoutLine: {'line': b'\x1b[35m\x1b[1mConsolidate compiler generated dependencies of target robot_map_node\x1b[0m\n'}
[4.341495] (-) TimerEvent: {}
[4.356293] (simple_robot) StdoutLine: {'line': b'[  8%] \x1b[32mBuilding CXX object src/CMakeFiles/grid_map.dir/main.cpp.o\x1b[0m\n'}
[4.444418] (-) TimerEvent: {}
[4.544834] (-) TimerEvent: {}
[4.628339] (simple_robot) StdoutLine: {'line': b'[ 16%] \x1b[32mBuilding CXX object CMakeFiles/robot_map_node.dir/src/main.cpp.o\x1b[0m\n'}
[4.645394] (-) TimerEvent: {}
[4.747880] (-) TimerEvent: {}
[4.852056] (-) TimerEvent: {}
[4.954003] (-) TimerEvent: {}
[5.055291] (-) TimerEvent: {}
[5.157722] (-) TimerEvent: {}
[5.258850] (-) TimerEvent: {}
[5.360123] (-) TimerEvent: {}
[5.461727] (-) TimerEvent: {}
[5.565374] (-) TimerEvent: {}
[5.668660] (-) TimerEvent: {}
[5.769131] (-) TimerEvent: {}
[5.871358] (-) TimerEvent: {}
[5.973291] (-) TimerEvent: {}
[6.073712] (-) TimerEvent: {}
[6.176272] (-) TimerEvent: {}
[6.277733] (-) TimerEvent: {}
[6.378177] (-) TimerEvent: {}
[6.481868] (-) TimerEvent: {}
[6.582443] (-) TimerEvent: {}
[6.684145] (-) TimerEvent: {}
[6.788302] (-) TimerEvent: {}
[6.888773] (-) TimerEvent: {}
[6.991001] (-) TimerEvent: {}
[7.092370] (-) TimerEvent: {}
[7.196280] (-) TimerEvent: {}
[7.298487] (-) TimerEvent: {}
[7.398961] (-) TimerEvent: {}
[7.500353] (-) TimerEvent: {}
[7.605290] (-) TimerEvent: {}
[7.705701] (-) TimerEvent: {}
[7.806173] (-) TimerEvent: {}
[7.906986] (-) TimerEvent: {}
[8.008080] (-) TimerEvent: {}
[8.108513] (-) TimerEvent: {}
[8.208943] (-) TimerEvent: {}
[8.309837] (-) TimerEvent: {}
[8.410274] (-) TimerEvent: {}
[8.513284] (-) TimerEvent: {}
[8.616399] (-) TimerEvent: {}
[8.716928] (-) TimerEvent: {}
[8.817674] (-) TimerEvent: {}
[8.918763] (-) TimerEvent: {}
[9.019285] (-) TimerEvent: {}
[9.119676] (-) TimerEvent: {}
[9.220131] (-) TimerEvent: {}
[9.322282] (-) TimerEvent: {}
[9.423735] (-) TimerEvent: {}
[9.525055] (-) TimerEvent: {}
[9.625925] (-) TimerEvent: {}
[9.726817] (-) TimerEvent: {}
[9.827981] (-) TimerEvent: {}
[9.928409] (-) TimerEvent: {}
[10.029444] (-) TimerEvent: {}
[10.129943] (-) TimerEvent: {}
[10.230411] (-) TimerEvent: {}
[10.331401] (-) TimerEvent: {}
[10.431786] (-) TimerEvent: {}
[10.532620] (-) TimerEvent: {}
[10.633009] (-) TimerEvent: {}
[10.733430] (-) TimerEvent: {}
[10.833834] (-) TimerEvent: {}
[10.934863] (-) TimerEvent: {}
[11.035351] (-) TimerEvent: {}
[11.135945] (-) TimerEvent: {}
[11.236599] (-) TimerEvent: {}
[11.337054] (-) TimerEvent: {}
[11.438007] (-) TimerEvent: {}
[11.538644] (-) TimerEvent: {}
[11.639130] (-) TimerEvent: {}
[11.739629] (-) TimerEvent: {}
[11.840081] (-) TimerEvent: {}
[11.940722] (-) TimerEvent: {}
[12.041170] (-) TimerEvent: {}
[12.141788] (-) TimerEvent: {}
[12.242200] (-) TimerEvent: {}
[12.342589] (-) TimerEvent: {}
[12.443174] (-) TimerEvent: {}
[12.543654] (-) TimerEvent: {}
[12.644416] (-) TimerEvent: {}
[12.745371] (-) TimerEvent: {}
[12.846134] (-) TimerEvent: {}
[12.946601] (-) TimerEvent: {}
[13.047010] (-) TimerEvent: {}
[13.147436] (-) TimerEvent: {}
[13.247830] (-) TimerEvent: {}
[13.349170] (-) TimerEvent: {}
[13.449948] (-) TimerEvent: {}
[13.551264] (-) TimerEvent: {}
[13.651680] (-) TimerEvent: {}
[13.752053] (-) TimerEvent: {}
[13.853448] (-) TimerEvent: {}
[13.953844] (-) TimerEvent: {}
[14.054247] (-) TimerEvent: {}
[14.154650] (-) TimerEvent: {}
[14.255053] (-) TimerEvent: {}
[14.355684] (-) TimerEvent: {}
[14.456590] (-) TimerEvent: {}
[14.557287] (-) TimerEvent: {}
[14.657798] (-) TimerEvent: {}
[14.758207] (-) TimerEvent: {}
[14.858602] (-) TimerEvent: {}
[14.959035] (-) TimerEvent: {}
[15.059634] (-) TimerEvent: {}
[15.160541] (-) TimerEvent: {}
[15.260981] (-) TimerEvent: {}
[15.361472] (-) TimerEvent: {}
[15.461914] (-) TimerEvent: {}
[15.562396] (-) TimerEvent: {}
[15.662842] (-) TimerEvent: {}
[15.763388] (-) TimerEvent: {}
[15.863790] (-) TimerEvent: {}
[15.964245] (-) TimerEvent: {}
[16.064667] (-) TimerEvent: {}
[16.165065] (-) TimerEvent: {}
[16.265503] (-) TimerEvent: {}
[16.365900] (-) TimerEvent: {}
[16.466593] (-) TimerEvent: {}
[16.567263] (-) TimerEvent: {}
[16.667686] (-) TimerEvent: {}
[16.768371] (-) TimerEvent: {}
[16.868769] (-) TimerEvent: {}
[16.969159] (-) TimerEvent: {}
[17.069555] (-) TimerEvent: {}
[17.169940] (-) TimerEvent: {}
[17.270346] (-) TimerEvent: {}
[17.370739] (-) TimerEvent: {}
[17.471134] (-) TimerEvent: {}
[17.571550] (-) TimerEvent: {}
[17.674417] (-) TimerEvent: {}
[17.774814] (-) TimerEvent: {}
[17.876101] (-) TimerEvent: {}
[17.977427] (-) TimerEvent: {}
[18.077812] (-) TimerEvent: {}
[18.178213] (-) TimerEvent: {}
[18.278618] (-) TimerEvent: {}
[18.379017] (-) TimerEvent: {}
[18.479666] (-) TimerEvent: {}
[18.580069] (-) TimerEvent: {}
[18.680468] (-) TimerEvent: {}
[18.780856] (-) TimerEvent: {}
[18.881257] (-) TimerEvent: {}
[18.981645] (-) TimerEvent: {}
[19.082043] (-) TimerEvent: {}
[19.182487] (-) TimerEvent: {}
[19.282882] (-) TimerEvent: {}
[19.383286] (-) TimerEvent: {}
[19.483732] (-) TimerEvent: {}
[19.584131] (-) TimerEvent: {}
[19.684551] (-) TimerEvent: {}
[19.785509] (-) TimerEvent: {}
[19.885984] (-) TimerEvent: {}
[19.986893] (-) TimerEvent: {}
[20.087863] (-) TimerEvent: {}
[20.191943] (-) TimerEvent: {}
[20.292360] (-) TimerEvent: {}
[20.393022] (-) TimerEvent: {}
[20.493951] (-) TimerEvent: {}
[20.594379] (-) TimerEvent: {}
[20.694821] (-) TimerEvent: {}
[20.795269] (-) TimerEvent: {}
[20.895680] (-) TimerEvent: {}
[20.996086] (-) TimerEvent: {}
[21.097265] (-) TimerEvent: {}
[21.197673] (-) TimerEvent: {}
[21.298640] (-) TimerEvent: {}
[21.401458] (-) TimerEvent: {}
[21.502350] (-) TimerEvent: {}
[21.603857] (-) TimerEvent: {}
[21.704430] (-) TimerEvent: {}
[21.804999] (-) TimerEvent: {}
[21.905828] (-) TimerEvent: {}
[22.006481] (-) TimerEvent: {}
[22.107640] (-) TimerEvent: {}
[22.208101] (-) TimerEvent: {}
[22.308823] (-) TimerEvent: {}
[22.409270] (-) TimerEvent: {}
[22.509701] (-) TimerEvent: {}
[22.610166] (-) TimerEvent: {}
[22.710826] (-) TimerEvent: {}
[22.811448] (-) TimerEvent: {}
[22.911846] (-) TimerEvent: {}
[23.012271] (-) TimerEvent: {}
[23.112861] (-) TimerEvent: {}
[23.213452] (-) TimerEvent: {}
[23.313873] (-) TimerEvent: {}
[23.414279] (-) TimerEvent: {}
[23.514687] (-) TimerEvent: {}
[23.615334] (-) TimerEvent: {}
[23.715978] (-) TimerEvent: {}
[23.816683] (-) TimerEvent: {}
[23.917142] (-) TimerEvent: {}
[24.017550] (-) TimerEvent: {}
[24.118860] (-) TimerEvent: {}
[24.219599] (-) TimerEvent: {}
[24.321275] (-) TimerEvent: {}
[24.422362] (-) TimerEvent: {}
[24.523244] (-) TimerEvent: {}
[24.623748] (-) TimerEvent: {}
[24.724311] (-) TimerEvent: {}
[24.825083] (-) TimerEvent: {}
[24.925852] (-) TimerEvent: {}
[25.026674] (-) TimerEvent: {}
[25.127176] (-) TimerEvent: {}
[25.227567] (-) TimerEvent: {}
[25.327928] (-) TimerEvent: {}
[25.428745] (-) TimerEvent: {}
[25.529170] (-) TimerEvent: {}
[25.630100] (-) TimerEvent: {}
[25.730469] (-) TimerEvent: {}
[25.831049] (-) TimerEvent: {}
[25.931669] (-) TimerEvent: {}
[26.032039] (-) TimerEvent: {}
[26.132398] (-) TimerEvent: {}
[26.232793] (-) TimerEvent: {}
[26.333173] (-) TimerEvent: {}
[26.433996] (-) TimerEvent: {}
[26.534450] (-) TimerEvent: {}
[26.634856] (-) TimerEvent: {}
[26.735275] (-) TimerEvent: {}
[26.835931] (-) TimerEvent: {}
[26.936362] (-) TimerEvent: {}
[27.036784] (-) TimerEvent: {}
[27.137128] (-) TimerEvent: {}
[27.237586] (-) TimerEvent: {}
[27.337942] (-) TimerEvent: {}
[27.438340] (-) TimerEvent: {}
[27.538719] (-) TimerEvent: {}
[27.639077] (-) TimerEvent: {}
[27.739482] (-) TimerEvent: {}
[27.839861] (-) TimerEvent: {}
[27.940297] (-) TimerEvent: {}
[28.041062] (-) TimerEvent: {}
[28.141464] (-) TimerEvent: {}
[28.242445] (-) TimerEvent: {}
[28.342839] (-) TimerEvent: {}
[28.443220] (-) TimerEvent: {}
[28.543930] (-) TimerEvent: {}
[28.645104] (-) TimerEvent: {}
[28.745580] (-) TimerEvent: {}
[28.847001] (-) TimerEvent: {}
[28.947660] (-) TimerEvent: {}
[29.048855] (-) TimerEvent: {}
[29.149285] (-) TimerEvent: {}
[29.250252] (-) TimerEvent: {}
[29.353263] (-) TimerEvent: {}
[29.453723] (-) TimerEvent: {}
[29.554241] (-) TimerEvent: {}
[29.654678] (-) TimerEvent: {}
[29.755495] (-) TimerEvent: {}
[29.855872] (-) TimerEvent: {}
[29.956533] (-) TimerEvent: {}
[30.057169] (-) TimerEvent: {}
[30.157763] (-) TimerEvent: {}
[30.258287] (-) TimerEvent: {}
[30.359160] (-) TimerEvent: {}
[30.459816] (-) TimerEvent: {}
[30.560242] (-) TimerEvent: {}
[30.663015] (-) TimerEvent: {}
[30.763415] (-) TimerEvent: {}
[30.864017] (-) TimerEvent: {}
[30.964603] (-) TimerEvent: {}
[31.064970] (-) TimerEvent: {}
[31.165329] (-) TimerEvent: {}
[31.265766] (-) TimerEvent: {}
[31.366640] (-) TimerEvent: {}
[31.467009] (-) TimerEvent: {}
[31.567609] (-) TimerEvent: {}
[31.667964] (-) TimerEvent: {}
[31.768886] (-) TimerEvent: {}
[31.869324] (-) TimerEvent: {}
[31.969690] (-) TimerEvent: {}
[32.070060] (-) TimerEvent: {}
[32.170477] (-) TimerEvent: {}
[32.270830] (-) TimerEvent: {}
[32.371214] (-) TimerEvent: {}
[32.471604] (-) TimerEvent: {}
[32.571972] (-) TimerEvent: {}
[32.672382] (-) TimerEvent: {}
[32.772779] (-) TimerEvent: {}
[32.873530] (-) TimerEvent: {}
[32.976301] (-) TimerEvent: {}
[33.079270] (-) TimerEvent: {}
[33.179662] (-) TimerEvent: {}
[33.280035] (-) TimerEvent: {}
[33.380468] (-) TimerEvent: {}
[33.480818] (-) TimerEvent: {}
[33.581242] (-) TimerEvent: {}
[33.681597] (-) TimerEvent: {}
[33.781954] (-) TimerEvent: {}
[33.882340] (-) TimerEvent: {}
[33.982943] (-) TimerEvent: {}
[34.086582] (-) TimerEvent: {}
[34.186935] (-) TimerEvent: {}
[34.287283] (-) TimerEvent: {}
[34.387670] (-) TimerEvent: {}
[34.488001] (-) TimerEvent: {}
[34.588360] (-) TimerEvent: {}
[34.688709] (-) TimerEvent: {}
[34.789067] (-) TimerEvent: {}
[34.889487] (-) TimerEvent: {}
[34.989898] (-) TimerEvent: {}
[35.090267] (-) TimerEvent: {}
[35.190648] (-) TimerEvent: {}
[35.291084] (-) TimerEvent: {}
[35.391560] (-) TimerEvent: {}
[35.491940] (-) TimerEvent: {}
[35.592363] (-) TimerEvent: {}
[35.692872] (-) TimerEvent: {}
[35.793264] (-) TimerEvent: {}
[35.893684] (-) TimerEvent: {}
[35.925590] (simple_robot) StdoutLine: {'line': b'[ 25%] \x1b[32m\x1b[1mLinking CXX shared library libgrid_map.so\x1b[0m\n'}
[35.993801] (-) TimerEvent: {}
[36.097256] (-) TimerEvent: {}
[36.197638] (-) TimerEvent: {}
[36.298133] (-) TimerEvent: {}
[36.397249] (simple_robot) StdoutLine: {'line': b'[ 33%] \x1b[32m\x1b[1mLinking CXX executable robot_map_node\x1b[0m\n'}
[36.399013] (-) TimerEvent: {}
[36.500673] (-) TimerEvent: {}
[36.601803] (-) TimerEvent: {}
[36.705387] (-) TimerEvent: {}
[36.807103] (-) TimerEvent: {}
[36.912560] (-) TimerEvent: {}
[37.014600] (-) TimerEvent: {}
[37.115249] (-) TimerEvent: {}
[37.220286] (-) TimerEvent: {}
[37.320804] (-) TimerEvent: {}
[37.422209] (-) TimerEvent: {}
[37.525273] (-) TimerEvent: {}
[37.625840] (-) TimerEvent: {}
[37.728315] (-) TimerEvent: {}
[37.829029] (-) TimerEvent: {}
[37.932298] (-) TimerEvent: {}
[38.032871] (-) TimerEvent: {}
[38.133605] (-) TimerEvent: {}
[38.236270] (-) TimerEvent: {}
[38.336676] (-) TimerEvent: {}
[38.437119] (-) TimerEvent: {}
[38.537654] (-) TimerEvent: {}
[38.638158] (-) TimerEvent: {}
[38.740383] (-) TimerEvent: {}
[38.843363] (-) TimerEvent: {}
[38.943795] (-) TimerEvent: {}
[39.044269] (-) TimerEvent: {}
[39.090899] (simple_robot) StdoutLine: {'line': b'[ 66%] Built target grid_map\n'}
[39.144377] (-) TimerEvent: {}
[39.244742] (-) TimerEvent: {}
[39.345831] (-) TimerEvent: {}
[39.448334] (-) TimerEvent: {}
[39.548762] (-) TimerEvent: {}
[39.649158] (-) TimerEvent: {}
[39.749610] (-) TimerEvent: {}
[39.850018] (-) TimerEvent: {}
[39.950549] (-) TimerEvent: {}
[40.051100] (-) TimerEvent: {}
[40.152730] (-) TimerEvent: {}
[40.254079] (-) TimerEvent: {}
[40.354835] (-) TimerEvent: {}
[40.455946] (-) TimerEvent: {}
[40.556537] (-) TimerEvent: {}
[40.660636] (-) TimerEvent: {}
[40.761161] (-) TimerEvent: {}
[40.767681] (simple_robot) StdoutLine: {'line': b'[100%] Built target robot_map_node\n'}
[40.805385] (simple_robot) CommandEnded: {'returncode': 0}
[40.807965] (simple_robot) JobProgress: {'identifier': 'simple_robot', 'progress': 'install'}
[40.836425] (simple_robot) Command: {'cmd': ['/usr/bin/cmake', '--install', '/home/martina/rp_project/robot-programming-project/src/simple_robot/build/simple_robot'], 'cwd': '/home/martina/rp_project/robot-programming-project/src/simple_robot/build/simple_robot', 'env': OrderedDict([('GJS_DEBUG_TOPICS', 'JS ERROR;JS LOG'), ('LESSOPEN', '| /usr/bin/env /usr/bin/lesspipe %s 2>/dev/null'), ('CONDA_PROMPT_MODIFIER', '(base)'), ('LC_TIME', 'it_IT.UTF-8'), ('USER', 'martina'), ('XDG_SESSION_TYPE', 'wayland'), ('GIT_ASKPASS', '/usr/share/code/resources/app/extensions/git/dist/askpass.sh'), ('SHLVL', '2'), ('LD_LIBRARY_PATH', '/opt/ros/humble/opt/rviz_ogre_vendor/lib:/opt/ros/humble/lib/x86_64-linux-gnu:/opt/ros/humble/lib::/home/martina/.mujoco/mujoco210/bin:/usr/lib/nvidia:~/anaconda3/lib'), ('HOME', '/home/martina'), ('OLDPWD', '/home/martina/rp_project/robot-programming-project/src/simple_robot'), ('CHROME_DESKTOP', 'code.desktop'), ('TERMINFO', '/home/martina/.terminfo'), ('LESS', '-iRFXMx4'), ('CONDA_SHLVL', '1'), ('DESKTOP_SESSION', 'ubuntu'), ('TERM_PROGRAM_VERSION', '1.97.2'), ('GIO_LAUNCHED_DESKTOP_FILE', '/usr/share/applications/code.desktop'), ('LSCOLORS', 'ExGxDxDxCxDxDxFxFxexEx'), ('GTK_MODULES', 'gail:atk-bridge'), ('GNOME_SHELL_SESSION_MODE', 'ubuntu'), ('VSCODE_GIT_ASKPASS_MAIN', '/usr/share/code/resources/app/extensions/git/dist/askpass-main.js'), ('PAGER', 'less'), ('ROS_PYTHON_VERSION', '3'), ('LC_MONETARY', 'it_IT.UTF-8'), ('MANAGERPID', '887'), ('VSCODE_GIT_ASKPASS_NODE', '/usr/share/code/code'), ('SYSTEMD_EXEC_PID', '1152'), ('DBUS_SESSION_BUS_ADDRESS', 'unix:path=/run/user/1000/bus'), ('P9K_TTY', 'old'), ('GIO_LAUNCHED_DESKTOP_FILE_PID', '3260'), ('COLORTERM', 'truecolor'), ('_CE_M', ''), ('WAYLAND_DISPLAY', 'wayland-0'), ('INFOPATH', ''), ('ROS_DISTRO', 'humble'), ('COLCON_PREFIX_PATH', '/home/martina/rp_project/robot-programming-project/install'), ('LOGNAME', 'martina'), ('_', '/usr/bin/colcon'), ('JOURNAL_STREAM', '8:11413'), ('_P9K_SSH_TTY', '/dev/pts/2'), ('XDG_SESSION_CLASS', 'user'), ('USER_ZDOTDIR', '/home/martina'), ('ROS_VERSION', '2'), ('USERNAME', 'martina'), ('TERM', 'xterm-256color'), ('GNOME_DESKTOP_SESSION_ID', 'this-is-deprecated'), ('_CE_CONDA', ''), ('ROS_LOCALHOST_ONLY', '0'), ('PATH', '/opt/ros/humble/bin:/home/martina/.local/bin:/home/martina/.local/bin:/usr/lib/ccache:.:/home/martina/.mujoco/mujoco210/bin:/usr/lib/nvidia:/home/martina/anaconda3/condabin:/home/martina/bin:/home/martina/.local/bin:/usr/local/sbin:/usr/local/bin:/usr/sbin:/usr/bin:/sbin:/bin:/usr/games:/usr/local/games:/snap/bin:/home/martina/.cache/zsh4humans/v5/fzf/bin:/home/martina/other/install/bin'), ('SESSION_MANAGER', 'local/Martina-ThinkPad-X1-Yoga:@/tmp/.ICE-unix/1105,unix/Martina-ThinkPad-X1-Yoga:/tmp/.ICE-unix/1105'), ('INVOCATION_ID', 'abb78b4b018940349bd4da4c8fed9753'), ('LC_ADDRESS', 'it_IT.UTF-8'), ('XDG_RUNTIME_DIR', '/run/user/1000'), ('XDG_MENU_PREFIX', 'gnome-'), ('GNOME_SETUP_DISPLAY', ':1'), ('GDK_BACKEND', 'x11'), ('DISPLAY', ':0'), ('LANG', 'en_US.UTF-8'), ('LC_TELEPHONE', 'it_IT.UTF-8'), ('XDG_CURRENT_DESKTOP', 'Unity'), ('VSCODE_INJECTION', '1'), ('LD_PRELOAD', ':/usr/lib/x86_64-linux-gnu/libGLEW.so'), ('XDG_SESSION_DESKTOP', 'ubuntu'), ('XMODIFIERS', '@im=ibus'), ('XAUTHORITY', '/run/user/1000/.mutter-Xwaylandauth.L52E22'), ('TERM_PROGRAM', 'vscode'), ('VSCODE_GIT_IPC_HANDLE', '/run/user/1000/vscode-git-f640f2b3f6.sock'), ('LS_COLORS', 'fi=00:mi=00:mh=00:ln=01;36:or=01;31:di=01;34:ow=04;01;34:st=34:tw=04;34:pi=01;33:so=01;33:do=01;33:bd=01;33:cd=01;33:su=01;35:sg=01;35:ca=01;35:ex=01;32:no=38;5;248'), ('TREE_COLORS', 'fi=00:mi=00:mh=00:ln=01;36:or=01;31:di=01;34:ow=01;34:st=34:tw=34:pi=01;33:so=01;33:do=01;33:bd=01;33:cd=01;33:su=01;35:sg=01;35:ca=01;35:ex=01;32'), ('SSH_AGENT_LAUNCHER', 'gnome-keyring'), ('SSH_AUTH_SOCK', '/run/user/1000/keyring/ssh'), ('ORIGINAL_XDG_CURRENT_DESKTOP', 'ubuntu:GNOME'), ('CONDA_PYTHON_EXE', '/home/martina/anaconda3/bin/python'), ('AMENT_PREFIX_PATH', '/home/martina/rp_project/robot-programming-project/install/simple_robot:/opt/ros/humble'), ('LC_NAME', 'it_IT.UTF-8'), ('SHELL', '/usr/local/bin/zsh'), ('DEST', '/home/martina/other/install'), ('QT_ACCESSIBILITY', '1'), ('GDMSESSION', 'ubuntu'), ('CONDA_DEFAULT_ENV', 'base'), ('LC_MEASUREMENT', 'it_IT.UTF-8'), ('LC_IDENTIFICATION', 'it_IT.UTF-8'), ('GJS_DEBUG_OUTPUT', 'stderr'), ('P9K_SSH', '0'), ('QT_IM_MODULE', 'ibus'), ('VSCODE_GIT_ASKPASS_EXTRA_ARGS', ''), ('VSCODE_NONCE', 'f672ca6a-f6db-4411-8134-b3ad71667d44'), ('LC_ALL', 'en_US.UTF-8'), ('PWD', '/home/martina/rp_project/robot-programming-project/src/simple_robot/build/simple_robot'), ('GPG_TTY', '/dev/pts/2'), ('XDG_DATA_DIRS', '/usr/local/share/:/usr/share/:/var/lib/snapd/desktop'), ('ZDOTDIR', '/home/martina'), ('_P9K_TTY', '/dev/pts/2'), ('CONDA_EXE', '/home/martina/anaconda3/bin/conda'), ('LC_NUMERIC', 'it_IT.UTF-8'), ('PYTHONPATH', '/opt/ros/humble/lib/python3.10/site-packages:/opt/ros/humble/local/lib/python3.10/dist-packages:/home/martina/other/install/lib/python3.10/site-packages/'), ('LC_PAPER', 'it_IT.UTF-8'), ('CONDA_PREFIX', '/home/martina/anaconda3'), ('COLCON', '1'), ('MANPATH', '/usr/local/share/man:/home/martina/.cache/zsh4humans/v5/fzf/man:'), ('CMAKE_PREFIX_PATH', '/home/martina/rp_project/robot-programming-project/install/simple_robot:/opt/ros/humble')]), 'shell': False}
[40.861314] (-) TimerEvent: {}
[40.864608] (simple_robot) StdoutLine: {'line': b'-- Install configuration: ""\n'}
[40.865477] (simple_robot) StdoutLine: {'line': b'-- Installing: /home/martina/rp_project/robot-programming-project/src/simple_robot/install/simple_robot/lib/simple_robot/robot_map_node\n'}
[40.884964] (simple_robot) StdoutLine: {'line': b'-- Set runtime path of "/home/martina/rp_project/robot-programming-project/src/simple_robot/install/simple_robot/lib/simple_robot/robot_map_node" to ""\n'}
[40.885357] (simple_robot) StdoutLine: {'line': b'-- Up-to-date: /home/martina/rp_project/robot-programming-project/src/simple_robot/install/simple_robot/share/ament_index/resource_index/package_run_dependencies/simple_robot\n'}
[40.886415] (simple_robot) StdoutLine: {'line': b'-- Up-to-date: /home/martina/rp_project/robot-programming-project/src/simple_robot/install/simple_robot/share/ament_index/resource_index/parent_prefix_path/simple_robot\n'}
[40.886641] (simple_robot) StdoutLine: {'line': b'-- Up-to-date: /home/martina/rp_project/robot-programming-project/src/simple_robot/install/simple_robot/share/simple_robot/environment/ament_prefix_path.sh\n'}
[40.889163] (simple_robot) StdoutLine: {'line': b'-- Installing: /home/martina/rp_project/robot-programming-project/src/simple_robot/install/simple_robot/share/simple_robot/environment/ament_prefix_path.dsv\n'}
[40.889400] (simple_robot) StdoutLine: {'line': b'-- Up-to-date: /home/martina/rp_project/robot-programming-project/src/simple_robot/install/simple_robot/share/simple_robot/environment/path.sh\n'}
[40.889649] (simple_robot) StdoutLine: {'line': b'-- Installing: /home/martina/rp_project/robot-programming-project/src/simple_robot/install/simple_robot/share/simple_robot/environment/path.dsv\n'}
[40.889905] (simple_robot) StdoutLine: {'line': b'-- Up-to-date: /home/martina/rp_project/robot-programming-project/src/simple_robot/install/simple_robot/share/simple_robot/local_setup.bash\n'}
[40.890085] (simple_robot) StdoutLine: {'line': b'-- Up-to-date: /home/martina/rp_project/robot-programming-project/src/simple_robot/install/simple_robot/share/simple_robot/local_setup.sh\n'}
[40.890287] (simple_robot) StdoutLine: {'line': b'-- Up-to-date: /home/martina/rp_project/robot-programming-project/src/simple_robot/install/simple_robot/share/simple_robot/local_setup.zsh\n'}
[40.890490] (simple_robot) StdoutLine: {'line': b'-- Installing: /home/martina/rp_project/robot-programming-project/src/simple_robot/install/simple_robot/share/simple_robot/local_setup.dsv\n'}
[40.890676] (simple_robot) StdoutLine: {'line': b'-- Installing: /home/martina/rp_project/robot-programming-project/src/simple_robot/install/simple_robot/share/simple_robot/package.dsv\n'}
[40.890879] (simple_robot) StdoutLine: {'line': b'-- Up-to-date: /home/martina/rp_project/robot-programming-project/src/simple_robot/install/simple_robot/share/ament_index/resource_index/packages/simple_robot\n'}
[40.891073] (simple_robot) StdoutLine: {'line': b'-- Up-to-date: /home/martina/rp_project/robot-programming-project/src/simple_robot/install/simple_robot/share/simple_robot/cmake/simple_robotConfig.cmake\n'}
[40.891283] (simple_robot) StdoutLine: {'line': b'-- Up-to-date: /home/martina/rp_project/robot-programming-project/src/simple_robot/install/simple_robot/share/simple_robot/cmake/simple_robotConfig-version.cmake\n'}
[40.892817] (simple_robot) StdoutLine: {'line': b'-- Up-to-date: /home/martina/rp_project/robot-programming-project/src/simple_robot/install/simple_robot/share/simple_robot/package.xml\n'}
[40.902869] (simple_robot) CommandEnded: {'returncode': 0}
[40.945573] (simple_robot) JobEnded: {'identifier': 'simple_robot', 'rc': 0}
[40.946908] (-) EventReactorShutdown: {}
