[0.020s] Invoking command in '/home/martina/rp_project/robot-programming-project/src/simple_robot/build/simple_robot': CMAKE_PREFIX_PATH=${CMAKE_PREFIX_PATH}:/opt/ros/humble CONDA_PROMPT_MODIFIER=(base) /usr/bin/cmake /home/martina/rp_project/robot-programming-project/src/simple_robot -DCMAKE_INSTALL_PREFIX=/home/martina/rp_project/robot-programming-project/src/simple_robot/install/simple_robot
[0.148s] -- The C compiler identification is GNU 11.4.0
[0.294s] -- The CXX compiler identification is GNU 11.4.0
[0.325s] -- Detecting C compiler ABI info
[0.510s] -- Detecting C compiler ABI info - done
[0.533s] -- Check for working C compiler: /usr/lib/ccache/cc - skipped
[0.533s] -- Detecting C compile features
[0.535s] -- Detecting C compile features - done
[0.541s] -- Detecting CXX compiler ABI info
[0.950s] -- Detecting CXX compiler ABI info - done
[0.974s] -- Check for working CXX compiler: /usr/lib/ccache/c++ - skipped
[0.974s] -- Detecting CXX compile features
[0.983s] -- Detecting CXX compile features - done
[1.014s] -- Found OpenCV: /usr (found suitable version "4.5.4", minimum required is "4.5.4") 
[1.019s] -- Found ament_cmake: 1.3.11 (/opt/ros/humble/share/ament_cmake/cmake)
[1.319s] -- Found Python3: /usr/bin/python3 (found version "3.10.12") found components: Interpreter 
[1.483s] -- Found rclcpp: 16.0.11 (/opt/ros/humble/share/rclcpp/cmake)
[1.554s] -- Found rosidl_generator_c: 3.1.6 (/opt/ros/humble/share/rosidl_generator_c/cmake)
[1.562s] -- Found rosidl_adapter: 3.1.6 (/opt/ros/humble/share/rosidl_adapter/cmake)
[1.581s] -- Found rosidl_generator_cpp: 3.1.6 (/opt/ros/humble/share/rosidl_generator_cpp/cmake)
[1.604s] -- Using all available rosidl_typesupport_c: rosidl_typesupport_fastrtps_c;rosidl_typesupport_introspection_c
[1.638s] -- Using all available rosidl_typesupport_cpp: rosidl_typesupport_fastrtps_cpp;rosidl_typesupport_introspection_cpp
[1.722s] -- Found rmw_implementation_cmake: 6.1.2 (/opt/ros/humble/share/rmw_implementation_cmake/cmake)
[1.728s] -- Found rmw_fastrtps_cpp: 6.2.7 (/opt/ros/humble/share/rmw_fastrtps_cpp/cmake)
[1.946s] -- Found OpenSSL: /usr/lib/x86_64-linux-gnu/libcrypto.so (found version "3.0.2")  
[2.035s] -- Found FastRTPS: /opt/ros/humble/include  
[2.112s] -- Using RMW implementation 'rmw_fastrtps_cpp' as default
[2.131s] -- Looking for pthread.h
[2.270s] -- Looking for pthread.h - found
[2.271s] -- Performing Test CMAKE_HAVE_LIBC_PTHREAD
[2.411s] -- Performing Test CMAKE_HAVE_LIBC_PTHREAD - Success
[2.413s] -- Found Threads: TRUE  
[2.507s] -- Found geometry_msgs: 4.2.4 (/opt/ros/humble/share/geometry_msgs/cmake)
[2.533s] -- Found sensor_msgs: 4.2.4 (/opt/ros/humble/share/sensor_msgs/cmake)
[2.569s] -- Found nav_msgs: 4.2.4 (/opt/ros/humble/share/nav_msgs/cmake)
[2.606s] -- Found OpenCV: /usr (found version "4.5.4") 
[2.715s] -- DATA_DIR: /home/martina/rp_project/robot-programming-project/src/simple_robot/data
[2.716s] -- Configuring done
[2.783s] -- Generating done
[2.804s] -- Build files have been written to: /home/martina/rp_project/robot-programming-project/src/simple_robot/build/simple_robot
[2.829s] Invoked command in '/home/martina/rp_project/robot-programming-project/src/simple_robot/build/simple_robot' returned '0': CMAKE_PREFIX_PATH=${CMAKE_PREFIX_PATH}:/opt/ros/humble CONDA_PROMPT_MODIFIER=(base) /usr/bin/cmake /home/martina/rp_project/robot-programming-project/src/simple_robot -DCMAKE_INSTALL_PREFIX=/home/martina/rp_project/robot-programming-project/src/simple_robot/install/simple_robot
[2.834s] Invoking command in '/home/martina/rp_project/robot-programming-project/src/simple_robot/build/simple_robot': CMAKE_PREFIX_PATH=${CMAKE_PREFIX_PATH}:/opt/ros/humble CONDA_PROMPT_MODIFIER=(base) /usr/bin/cmake --build /home/martina/rp_project/robot-programming-project/src/simple_robot/build/simple_robot -- -j4 -l4
[2.930s] [35m[1mConsolidate compiler generated dependencies of target grid_map[0m
[2.930s] [35m[1mConsolidate compiler generated dependencies of target robot_map_node[0m
[3.027s] [  6%] [32mBuilding CXX object CMakeFiles/robot_map_node.dir/src/main.cpp.o[0m
[3.053s] [ 12%] [32mBuilding CXX object src/CMakeFiles/grid_map.dir/main.cpp.o[0m
[3.217s] [ 18%] [32m[1mLinking CXX executable robot_map_node[0m
[3.252s] [ 25%] [32m[1mLinking CXX shared library libgrid_map.so[0m
[4.669s] [ 50%] Built target grid_map
[4.708s] [35m[1mConsolidate compiler generated dependencies of target test_map[0m
[4.708s] [35m[1mConsolidate compiler generated dependencies of target test_robot[0m
[4.770s] [ 56%] [32m[1mLinking CXX executable test_robot[0m
[4.796s] [ 62%] [32m[1mLinking CXX executable test_map[0m
[5.729s] [ 87%] Built target robot_map_node
[6.292s] /usr/bin/ld: ../src/libgrid_map.so: undefined reference to `rosidl_message_type_support_t const* rosidl_typesupport_cpp::get_message_type_support_handle<geometry_msgs::msg::Pose2D_<std::allocator<void> > >()'
[6.293s] /usr/bin/ld: ../src/libgrid_map.so: undefined reference to `rosidl_message_type_support_t const* rosidl_typesupport_cpp::get_message_type_support_handle<std_msgs::msg::Float32_<std::allocator<void> > >()'
[6.373s] collect2: error: ld returned 1 exit status
[6.384s] gmake[2]: *** [test/CMakeFiles/test_robot.dir/build.make:206: test/test_robot] Error 1
[6.385s] gmake[1]: *** [CMakeFiles/Makefile2:252: test/CMakeFiles/test_robot.dir/all] Error 2
[6.385s] gmake[1]: *** Waiting for unfinished jobs....
[6.499s] /usr/bin/ld: ../src/libgrid_map.so: undefined reference to `rosidl_message_type_support_t const* rosidl_typesupport_cpp::get_message_type_support_handle<geometry_msgs::msg::Pose2D_<std::allocator<void> > >()'
[6.501s] /usr/bin/ld: ../src/libgrid_map.so: undefined reference to `rosidl_message_type_support_t const* rosidl_typesupport_cpp::get_message_type_support_handle<std_msgs::msg::Float32_<std::allocator<void> > >()'
[6.551s] collect2: error: ld returned 1 exit status
[6.555s] gmake[2]: *** [test/CMakeFiles/test_map.dir/build.make:206: test/test_map] Error 1
[6.556s] gmake[1]: *** [CMakeFiles/Makefile2:226: test/CMakeFiles/test_map.dir/all] Error 2
[6.556s] gmake: *** [Makefile:146: all] Error 2
[6.562s] Invoked command in '/home/martina/rp_project/robot-programming-project/src/simple_robot/build/simple_robot' returned '2': CMAKE_PREFIX_PATH=${CMAKE_PREFIX_PATH}:/opt/ros/humble CONDA_PROMPT_MODIFIER=(base) /usr/bin/cmake --build /home/martina/rp_project/robot-programming-project/src/simple_robot/build/simple_robot -- -j4 -l4
