[0.000000] (-) TimerEvent: {}
[0.001863] (simple_robot) JobQueued: {'identifier': 'simple_robot', 'dependencies': OrderedDict()}
[0.001952] (simple_robot) JobStarted: {'identifier': 'simple_robot'}
[0.030112] (simple_robot) JobProgress: {'identifier': 'simple_robot', 'progress': 'cmake'}
[0.030442] (simple_robot) Command: {'cmd': ['/usr/bin/cmake', '/home/martina/rp_project/robot-programming-project/src/simple_robot', '-DCMAKE_INSTALL_PREFIX=/home/martina/rp_project/robot-programming-project/src/simple_robot/install/simple_robot'], 'cwd': '/home/martina/rp_project/robot-programming-project/src/simple_robot/build/simple_robot', 'env': OrderedDict([('GJS_DEBUG_TOPICS', 'JS ERROR;JS LOG'), ('LESSOPEN', '| /usr/bin/env /usr/bin/lesspipe %s 2>/dev/null'), ('CONDA_PROMPT_MODIFIER', '(base)'), ('LC_TIME', 'it_IT.UTF-8'), ('USER', 'martina'), ('XDG_SESSION_TYPE', 'wayland'), ('GIT_ASKPASS', '/usr/share/code/resources/app/extensions/git/dist/askpass.sh'), ('SHLVL', '2'), ('LD_LIBRARY_PATH', '/opt/ros/humble/opt/rviz_ogre_vendor/lib:/opt/ros/humble/lib/x86_64-linux-gnu:/opt/ros/humble/lib::/home/martina/.mujoco/mujoco210/bin:/usr/lib/nvidia:~/anaconda3/lib'), ('HOME', '/home/martina'), ('OLDPWD', '/home/martina/rp_project/robot-programming-project/src/simple_robot'), ('CHROME_DESKTOP', 'code.desktop'), ('TERMINFO', '/home/martina/.terminfo'), ('LESS', '-iRFXMx4'), ('CONDA_SHLVL', '1'), ('DESKTOP_SESSION', 'ubuntu'), ('TERM_PROGRAM_VERSION', '1.97.2'), ('GIO_LAUNCHED_DESKTOP_FILE', '/usr/share/applications/code.desktop'), ('LSCOLORS', 'ExGxDxDxCxDxDxFxFxexEx'), ('GTK_MODULES', 'gail:atk-bridge'), ('GNOME_SHELL_SESSION_MODE', 'ubuntu'), ('VSCODE_GIT_ASKPASS_MAIN', '/usr/share/code/resources/app/extensions/git/dist/askpass-main.js'), ('PAGER', 'less'), ('ROS_PYTHON_VERSION', '3'), ('LC_MONETARY', 'it_IT.UTF-8'), ('MANAGERPID', '887'), ('VSCODE_GIT_ASKPASS_NODE', '/usr/share/code/code'), ('SYSTEMD_EXEC_PID', '1152'), ('DBUS_SESSION_BUS_ADDRESS', 'unix:path=/run/user/1000/bus'), ('P9K_TTY', 'old'), ('GIO_LAUNCHED_DESKTOP_FILE_PID', '3260'), ('COLORTERM', 'truecolor'), ('_CE_M', ''), ('WAYLAND_DISPLAY', 'wayland-0'), ('INFOPATH', ''), ('ROS_DISTRO', 'humble'), ('COLCON_PREFIX_PATH', '/home/martina/rp_project/robot-programming-project/install'), ('LOGNAME', 'martina'), ('_', '/usr/bin/colcon'), ('JOURNAL_STREAM', '8:11413'), ('_P9K_SSH_TTY', '/dev/pts/7'), ('XDG_SESSION_CLASS', 'user'), ('USER_ZDOTDIR', '/home/martina'), ('ROS_VERSION', '2'), ('USERNAME', 'martina'), ('TERM', 'xterm-256color'), ('GNOME_DESKTOP_SESSION_ID', 'this-is-deprecated'), ('_CE_CONDA', ''), ('ROS_LOCALHOST_ONLY', '0'), ('PATH', '/opt/ros/humble/bin:/home/martina/.local/bin:/home/martina/.local/bin:/usr/lib/ccache:.:/home/martina/.mujoco/mujoco210/bin:/usr/lib/nvidia:/home/martina/anaconda3/condabin:/home/martina/bin:/home/martina/.local/bin:/usr/local/sbin:/usr/local/bin:/usr/sbin:/usr/bin:/sbin:/bin:/usr/games:/usr/local/games:/snap/bin:/home/martina/.cache/zsh4humans/v5/fzf/bin:/home/martina/other/install/bin'), ('SESSION_MANAGER', 'local/Martina-ThinkPad-X1-Yoga:@/tmp/.ICE-unix/1105,unix/Martina-ThinkPad-X1-Yoga:/tmp/.ICE-unix/1105'), ('INVOCATION_ID', 'abb78b4b018940349bd4da4c8fed9753'), ('LC_ADDRESS', 'it_IT.UTF-8'), ('XDG_RUNTIME_DIR', '/run/user/1000'), ('XDG_MENU_PREFIX', 'gnome-'), ('GNOME_SETUP_DISPLAY', ':1'), ('GDK_BACKEND', 'x11'), ('DISPLAY', ':0'), ('LANG', 'en_US.UTF-8'), ('LC_TELEPHONE', 'it_IT.UTF-8'), ('XDG_CURRENT_DESKTOP', 'Unity'), ('VSCODE_INJECTION', '1'), ('LD_PRELOAD', ':/usr/lib/x86_64-linux-gnu/libGLEW.so'), ('XDG_SESSION_DESKTOP', 'ubuntu'), ('XMODIFIERS', '@im=ibus'), ('XAUTHORITY', '/run/user/1000/.mutter-Xwaylandauth.L52E22'), ('TERM_PROGRAM', 'vscode'), ('VSCODE_GIT_IPC_HANDLE', '/run/user/1000/vscode-git-f640f2b3f6.sock'), ('LS_COLORS', 'fi=00:mi=00:mh=00:ln=01;36:or=01;31:di=01;34:ow=04;01;34:st=34:tw=04;34:pi=01;33:so=01;33:do=01;33:bd=01;33:cd=01;33:su=01;35:sg=01;35:ca=01;35:ex=01;32:no=38;5;248'), ('TREE_COLORS', 'fi=00:mi=00:mh=00:ln=01;36:or=01;31:di=01;34:ow=01;34:st=34:tw=34:pi=01;33:so=01;33:do=01;33:bd=01;33:cd=01;33:su=01;35:sg=01;35:ca=01;35:ex=01;32'), ('SSH_AGENT_LAUNCHER', 'gnome-keyring'), ('SSH_AUTH_SOCK', '/run/user/1000/keyring/ssh'), ('ORIGINAL_XDG_CURRENT_DESKTOP', 'ubuntu:GNOME'), ('CONDA_PYTHON_EXE', '/home/martina/anaconda3/bin/python'), ('AMENT_PREFIX_PATH', '/home/martina/rp_project/robot-programming-project/install/simple_robot:/opt/ros/humble'), ('LC_NAME', 'it_IT.UTF-8'), ('SHELL', '/usr/local/bin/zsh'), ('DEST', '/home/martina/other/install'), ('QT_ACCESSIBILITY', '1'), ('GDMSESSION', 'ubuntu'), ('CONDA_DEFAULT_ENV', 'base'), ('LC_MEASUREMENT', 'it_IT.UTF-8'), ('LC_IDENTIFICATION', 'it_IT.UTF-8'), ('GJS_DEBUG_OUTPUT', 'stderr'), ('P9K_SSH', '0'), ('QT_IM_MODULE', 'ibus'), ('VSCODE_GIT_ASKPASS_EXTRA_ARGS', ''), ('VSCODE_NONCE', '738ab651-ad75-4cde-ae7d-4724ca708aea'), ('LC_ALL', 'en_US.UTF-8'), ('PWD', '/home/martina/rp_project/robot-programming-project/src/simple_robot/build/simple_robot'), ('GPG_TTY', '/dev/pts/7'), ('XDG_DATA_DIRS', '/usr/local/share/:/usr/share/:/var/lib/snapd/desktop'), ('ZDOTDIR', '/home/martina'), ('_P9K_TTY', '/dev/pts/7'), ('CONDA_EXE', '/home/martina/anaconda3/bin/conda'), ('LC_NUMERIC', 'it_IT.UTF-8'), ('PYTHONPATH', '/opt/ros/humble/lib/python3.10/site-packages:/opt/ros/humble/local/lib/python3.10/dist-packages:/home/martina/other/install/lib/python3.10/site-packages/'), ('LC_PAPER', 'it_IT.UTF-8'), ('CONDA_PREFIX', '/home/martina/anaconda3'), ('COLCON', '1'), ('MANPATH', '/usr/local/share/man:/home/martina/.cache/zsh4humans/v5/fzf/man:'), ('CMAKE_PREFIX_PATH', '/home/martina/rp_project/robot-programming-project/install/simple_robot:/opt/ros/humble')]), 'shell': False}
[0.099481] (-) TimerEvent: {}
[0.196747] (simple_robot) StdoutLine: {'line': b'-- The C compiler identification is GNU 11.4.0\n'}
[0.199561] (-) TimerEvent: {}
[0.299917] (-) TimerEvent: {}
[0.348261] (simple_robot) StdoutLine: {'line': b'-- The CXX compiler identification is GNU 11.4.0\n'}
[0.381563] (simple_robot) StdoutLine: {'line': b'-- Detecting C compiler ABI info\n'}
[0.400104] (-) TimerEvent: {}
[0.500937] (-) TimerEvent: {}
[0.550670] (simple_robot) StdoutLine: {'line': b'-- Detecting C compiler ABI info - done\n'}
[0.595804] (simple_robot) StdoutLine: {'line': b'-- Check for working C compiler: /usr/lib/ccache/cc - skipped\n'}
[0.598408] (simple_robot) StdoutLine: {'line': b'-- Detecting C compile features\n'}
[0.599092] (simple_robot) StdoutLine: {'line': b'-- Detecting C compile features - done\n'}
[0.602378] (-) TimerEvent: {}
[0.605312] (simple_robot) StdoutLine: {'line': b'-- Detecting CXX compiler ABI info\n'}
[0.705622] (-) TimerEvent: {}
[0.794062] (simple_robot) StdoutLine: {'line': b'-- Detecting CXX compiler ABI info - done\n'}
[0.805790] (-) TimerEvent: {}
[0.813914] (simple_robot) StdoutLine: {'line': b'-- Check for working CXX compiler: /usr/lib/ccache/c++ - skipped\n'}
[0.814492] (simple_robot) StdoutLine: {'line': b'-- Detecting CXX compile features\n'}
[0.816245] (simple_robot) StdoutLine: {'line': b'-- Detecting CXX compile features - done\n'}
[0.841576] (simple_robot) StdoutLine: {'line': b'-- Found OpenCV: /usr (found suitable version "4.5.4", minimum required is "4.5.4") \n'}
[0.845435] (simple_robot) StdoutLine: {'line': b'-- Found ament_cmake: 1.3.11 (/opt/ros/humble/share/ament_cmake/cmake)\n'}
[0.906429] (-) TimerEvent: {}
[1.007034] (-) TimerEvent: {}
[1.107481] (-) TimerEvent: {}
[1.196098] (simple_robot) StdoutLine: {'line': b'-- Found Python3: /usr/bin/python3 (found version "3.10.12") found components: Interpreter \n'}
[1.208164] (-) TimerEvent: {}
[1.309644] (-) TimerEvent: {}
[1.393303] (simple_robot) StdoutLine: {'line': b'-- Found rclcpp: 16.0.11 (/opt/ros/humble/share/rclcpp/cmake)\n'}
[1.409787] (-) TimerEvent: {}
[1.469583] (simple_robot) StdoutLine: {'line': b'-- Found rosidl_generator_c: 3.1.6 (/opt/ros/humble/share/rosidl_generator_c/cmake)\n'}
[1.479402] (simple_robot) StdoutLine: {'line': b'-- Found rosidl_adapter: 3.1.6 (/opt/ros/humble/share/rosidl_adapter/cmake)\n'}
[1.497872] (simple_robot) StdoutLine: {'line': b'-- Found rosidl_generator_cpp: 3.1.6 (/opt/ros/humble/share/rosidl_generator_cpp/cmake)\n'}
[1.509923] (-) TimerEvent: {}
[1.519954] (simple_robot) StdoutLine: {'line': b'-- Using all available rosidl_typesupport_c: rosidl_typesupport_fastrtps_c;rosidl_typesupport_introspection_c\n'}
[1.548742] (simple_robot) StdoutLine: {'line': b'-- Using all available rosidl_typesupport_cpp: rosidl_typesupport_fastrtps_cpp;rosidl_typesupport_introspection_cpp\n'}
[1.610075] (-) TimerEvent: {}
[1.618194] (simple_robot) StdoutLine: {'line': b'-- Found rmw_implementation_cmake: 6.1.2 (/opt/ros/humble/share/rmw_implementation_cmake/cmake)\n'}
[1.624002] (simple_robot) StdoutLine: {'line': b'-- Found rmw_fastrtps_cpp: 6.2.7 (/opt/ros/humble/share/rmw_fastrtps_cpp/cmake)\n'}
[1.710228] (-) TimerEvent: {}
[1.813397] (-) TimerEvent: {}
[1.913784] (-) TimerEvent: {}
[2.014560] (-) TimerEvent: {}
[2.019624] (simple_robot) StdoutLine: {'line': b'-- Found OpenSSL: /usr/lib/x86_64-linux-gnu/libcrypto.so (found version "3.0.2")  \n'}
[2.074069] (simple_robot) StdoutLine: {'line': b'-- Found FastRTPS: /opt/ros/humble/include  \n'}
[2.114689] (-) TimerEvent: {}
[2.147391] (simple_robot) StdoutLine: {'line': b"-- Using RMW implementation 'rmw_fastrtps_cpp' as default\n"}
[2.161844] (simple_robot) StdoutLine: {'line': b'-- Looking for pthread.h\n'}
[2.214825] (-) TimerEvent: {}
[2.303890] (simple_robot) StdoutLine: {'line': b'-- Looking for pthread.h - found\n'}
[2.306184] (simple_robot) StdoutLine: {'line': b'-- Performing Test CMAKE_HAVE_LIBC_PTHREAD\n'}
[2.314951] (-) TimerEvent: {}
[2.415326] (-) TimerEvent: {}
[2.459429] (simple_robot) StdoutLine: {'line': b'-- Performing Test CMAKE_HAVE_LIBC_PTHREAD - Success\n'}
[2.463567] (simple_robot) StdoutLine: {'line': b'-- Found Threads: TRUE  \n'}
[2.515430] (-) TimerEvent: {}
[2.574781] (simple_robot) StdoutLine: {'line': b'-- Found geometry_msgs: 4.2.4 (/opt/ros/humble/share/geometry_msgs/cmake)\n'}
[2.598892] (simple_robot) StdoutLine: {'line': b'-- Found sensor_msgs: 4.2.4 (/opt/ros/humble/share/sensor_msgs/cmake)\n'}
[2.615565] (-) TimerEvent: {}
[2.635084] (simple_robot) StdoutLine: {'line': b'-- Found nav_msgs: 4.2.4 (/opt/ros/humble/share/nav_msgs/cmake)\n'}
[2.686511] (simple_robot) StdoutLine: {'line': b'-- Found OpenCV: /usr (found version "4.5.4") \n'}
[2.715677] (-) TimerEvent: {}
[2.816048] (-) TimerEvent: {}
[2.878331] (simple_robot) StdoutLine: {'line': b'-- DATA_DIR: /home/martina/rp_project/robot-programming-project/src/simple_robot/data\n'}
[2.878694] (simple_robot) StdoutLine: {'line': b'-- Configuring done\n'}
[2.916212] (-) TimerEvent: {}
[2.928441] (simple_robot) StdoutLine: {'line': b'-- Generating done\n'}
[2.944965] (simple_robot) StdoutLine: {'line': b'-- Build files have been written to: /home/martina/rp_project/robot-programming-project/src/simple_robot/build/simple_robot\n'}
[2.972037] (simple_robot) CommandEnded: {'returncode': 0}
[2.973870] (simple_robot) JobProgress: {'identifier': 'simple_robot', 'progress': 'build'}
[2.975812] (simple_robot) Command: {'cmd': ['/usr/bin/cmake', '--build', '/home/martina/rp_project/robot-programming-project/src/simple_robot/build/simple_robot', '--', '-j4', '-l4'], 'cwd': '/home/martina/rp_project/robot-programming-project/src/simple_robot/build/simple_robot', 'env': OrderedDict([('GJS_DEBUG_TOPICS', 'JS ERROR;JS LOG'), ('LESSOPEN', '| /usr/bin/env /usr/bin/lesspipe %s 2>/dev/null'), ('CONDA_PROMPT_MODIFIER', '(base)'), ('LC_TIME', 'it_IT.UTF-8'), ('USER', 'martina'), ('XDG_SESSION_TYPE', 'wayland'), ('GIT_ASKPASS', '/usr/share/code/resources/app/extensions/git/dist/askpass.sh'), ('SHLVL', '2'), ('LD_LIBRARY_PATH', '/opt/ros/humble/opt/rviz_ogre_vendor/lib:/opt/ros/humble/lib/x86_64-linux-gnu:/opt/ros/humble/lib::/home/martina/.mujoco/mujoco210/bin:/usr/lib/nvidia:~/anaconda3/lib'), ('HOME', '/home/martina'), ('OLDPWD', '/home/martina/rp_project/robot-programming-project/src/simple_robot'), ('CHROME_DESKTOP', 'code.desktop'), ('TERMINFO', '/home/martina/.terminfo'), ('LESS', '-iRFXMx4'), ('CONDA_SHLVL', '1'), ('DESKTOP_SESSION', 'ubuntu'), ('TERM_PROGRAM_VERSION', '1.97.2'), ('GIO_LAUNCHED_DESKTOP_FILE', '/usr/share/applications/code.desktop'), ('LSCOLORS', 'ExGxDxDxCxDxDxFxFxexEx'), ('GTK_MODULES', 'gail:atk-bridge'), ('GNOME_SHELL_SESSION_MODE', 'ubuntu'), ('VSCODE_GIT_ASKPASS_MAIN', '/usr/share/code/resources/app/extensions/git/dist/askpass-main.js'), ('PAGER', 'less'), ('ROS_PYTHON_VERSION', '3'), ('LC_MONETARY', 'it_IT.UTF-8'), ('MANAGERPID', '887'), ('VSCODE_GIT_ASKPASS_NODE', '/usr/share/code/code'), ('SYSTEMD_EXEC_PID', '1152'), ('DBUS_SESSION_BUS_ADDRESS', 'unix:path=/run/user/1000/bus'), ('P9K_TTY', 'old'), ('GIO_LAUNCHED_DESKTOP_FILE_PID', '3260'), ('COLORTERM', 'truecolor'), ('_CE_M', ''), ('WAYLAND_DISPLAY', 'wayland-0'), ('INFOPATH', ''), ('ROS_DISTRO', 'humble'), ('COLCON_PREFIX_PATH', '/home/martina/rp_project/robot-programming-project/install'), ('LOGNAME', 'martina'), ('_', '/usr/bin/colcon'), ('JOURNAL_STREAM', '8:11413'), ('_P9K_SSH_TTY', '/dev/pts/7'), ('XDG_SESSION_CLASS', 'user'), ('USER_ZDOTDIR', '/home/martina'), ('ROS_VERSION', '2'), ('USERNAME', 'martina'), ('TERM', 'xterm-256color'), ('GNOME_DESKTOP_SESSION_ID', 'this-is-deprecated'), ('_CE_CONDA', ''), ('ROS_LOCALHOST_ONLY', '0'), ('PATH', '/opt/ros/humble/bin:/home/martina/.local/bin:/home/martina/.local/bin:/usr/lib/ccache:.:/home/martina/.mujoco/mujoco210/bin:/usr/lib/nvidia:/home/martina/anaconda3/condabin:/home/martina/bin:/home/martina/.local/bin:/usr/local/sbin:/usr/local/bin:/usr/sbin:/usr/bin:/sbin:/bin:/usr/games:/usr/local/games:/snap/bin:/home/martina/.cache/zsh4humans/v5/fzf/bin:/home/martina/other/install/bin'), ('SESSION_MANAGER', 'local/Martina-ThinkPad-X1-Yoga:@/tmp/.ICE-unix/1105,unix/Martina-ThinkPad-X1-Yoga:/tmp/.ICE-unix/1105'), ('INVOCATION_ID', 'abb78b4b018940349bd4da4c8fed9753'), ('LC_ADDRESS', 'it_IT.UTF-8'), ('XDG_RUNTIME_DIR', '/run/user/1000'), ('XDG_MENU_PREFIX', 'gnome-'), ('GNOME_SETUP_DISPLAY', ':1'), ('GDK_BACKEND', 'x11'), ('DISPLAY', ':0'), ('LANG', 'en_US.UTF-8'), ('LC_TELEPHONE', 'it_IT.UTF-8'), ('XDG_CURRENT_DESKTOP', 'Unity'), ('VSCODE_INJECTION', '1'), ('LD_PRELOAD', ':/usr/lib/x86_64-linux-gnu/libGLEW.so'), ('XDG_SESSION_DESKTOP', 'ubuntu'), ('XMODIFIERS', '@im=ibus'), ('XAUTHORITY', '/run/user/1000/.mutter-Xwaylandauth.L52E22'), ('TERM_PROGRAM', 'vscode'), ('VSCODE_GIT_IPC_HANDLE', '/run/user/1000/vscode-git-f640f2b3f6.sock'), ('LS_COLORS', 'fi=00:mi=00:mh=00:ln=01;36:or=01;31:di=01;34:ow=04;01;34:st=34:tw=04;34:pi=01;33:so=01;33:do=01;33:bd=01;33:cd=01;33:su=01;35:sg=01;35:ca=01;35:ex=01;32:no=38;5;248'), ('TREE_COLORS', 'fi=00:mi=00:mh=00:ln=01;36:or=01;31:di=01;34:ow=01;34:st=34:tw=34:pi=01;33:so=01;33:do=01;33:bd=01;33:cd=01;33:su=01;35:sg=01;35:ca=01;35:ex=01;32'), ('SSH_AGENT_LAUNCHER', 'gnome-keyring'), ('SSH_AUTH_SOCK', '/run/user/1000/keyring/ssh'), ('ORIGINAL_XDG_CURRENT_DESKTOP', 'ubuntu:GNOME'), ('CONDA_PYTHON_EXE', '/home/martina/anaconda3/bin/python'), ('AMENT_PREFIX_PATH', '/home/martina/rp_project/robot-programming-project/install/simple_robot:/opt/ros/humble'), ('LC_NAME', 'it_IT.UTF-8'), ('SHELL', '/usr/local/bin/zsh'), ('DEST', '/home/martina/other/install'), ('QT_ACCESSIBILITY', '1'), ('GDMSESSION', 'ubuntu'), ('CONDA_DEFAULT_ENV', 'base'), ('LC_MEASUREMENT', 'it_IT.UTF-8'), ('LC_IDENTIFICATION', 'it_IT.UTF-8'), ('GJS_DEBUG_OUTPUT', 'stderr'), ('P9K_SSH', '0'), ('QT_IM_MODULE', 'ibus'), ('VSCODE_GIT_ASKPASS_EXTRA_ARGS', ''), ('VSCODE_NONCE', '738ab651-ad75-4cde-ae7d-4724ca708aea'), ('LC_ALL', 'en_US.UTF-8'), ('PWD', '/home/martina/rp_project/robot-programming-project/src/simple_robot/build/simple_robot'), ('GPG_TTY', '/dev/pts/7'), ('XDG_DATA_DIRS', '/usr/local/share/:/usr/share/:/var/lib/snapd/desktop'), ('ZDOTDIR', '/home/martina'), ('_P9K_TTY', '/dev/pts/7'), ('CONDA_EXE', '/home/martina/anaconda3/bin/conda'), ('LC_NUMERIC', 'it_IT.UTF-8'), ('PYTHONPATH', '/opt/ros/humble/lib/python3.10/site-packages:/opt/ros/humble/local/lib/python3.10/dist-packages:/home/martina/other/install/lib/python3.10/site-packages/'), ('LC_PAPER', 'it_IT.UTF-8'), ('CONDA_PREFIX', '/home/martina/anaconda3'), ('COLCON', '1'), ('MANPATH', '/usr/local/share/man:/home/martina/.cache/zsh4humans/v5/fzf/man:'), ('CMAKE_PREFIX_PATH', '/home/martina/rp_project/robot-programming-project/install/simple_robot:/opt/ros/humble')]), 'shell': False}
[3.016379] (-) TimerEvent: {}
[3.118251] (-) TimerEvent: {}
[3.120471] (simple_robot) StdoutLine: {'line': b'\x1b[35m\x1b[1mConsolidate compiler generated dependencies of target grid_map\x1b[0m\n'}
[3.124352] (simple_robot) StdoutLine: {'line': b'\x1b[35m\x1b[1mConsolidate compiler generated dependencies of target robot_map_node\x1b[0m\n'}
[3.200760] (simple_robot) StdoutLine: {'line': b'[  8%] \x1b[32mBuilding CXX object src/CMakeFiles/grid_map.dir/main.cpp.o\x1b[0m\n'}
[3.210960] (simple_robot) StdoutLine: {'line': b'[ 16%] \x1b[32mBuilding CXX object CMakeFiles/robot_map_node.dir/src/main.cpp.o\x1b[0m\n'}
[3.218376] (-) TimerEvent: {}
[3.318818] (-) TimerEvent: {}
[3.420362] (-) TimerEvent: {}
[3.521353] (-) TimerEvent: {}
[3.624561] (-) TimerEvent: {}
[3.725770] (-) TimerEvent: {}
[3.827410] (-) TimerEvent: {}
[3.927847] (-) TimerEvent: {}
[4.028653] (-) TimerEvent: {}
[4.130741] (-) TimerEvent: {}
[4.231565] (-) TimerEvent: {}
[4.331986] (-) TimerEvent: {}
[4.432344] (-) TimerEvent: {}
[4.532798] (-) TimerEvent: {}
[4.633237] (-) TimerEvent: {}
[4.734522] (-) TimerEvent: {}
[4.836406] (-) TimerEvent: {}
[4.937341] (-) TimerEvent: {}
[5.042764] (-) TimerEvent: {}
[5.143176] (-) TimerEvent: {}
[5.243849] (-) TimerEvent: {}
[5.344256] (-) TimerEvent: {}
[5.444670] (-) TimerEvent: {}
[5.545554] (-) TimerEvent: {}
[5.646445] (-) TimerEvent: {}
[5.746854] (-) TimerEvent: {}
[5.847591] (-) TimerEvent: {}
[5.948226] (-) TimerEvent: {}
[6.048856] (-) TimerEvent: {}
[6.149296] (-) TimerEvent: {}
[6.252231] (-) TimerEvent: {}
[6.352819] (-) TimerEvent: {}
[6.453319] (-) TimerEvent: {}
[6.553767] (-) TimerEvent: {}
[6.654366] (-) TimerEvent: {}
[6.755411] (-) TimerEvent: {}
[6.855870] (-) TimerEvent: {}
[6.956351] (-) TimerEvent: {}
[7.057077] (-) TimerEvent: {}
[7.157620] (-) TimerEvent: {}
[7.258051] (-) TimerEvent: {}
[7.358446] (-) TimerEvent: {}
[7.458832] (-) TimerEvent: {}
[7.559255] (-) TimerEvent: {}
[7.659706] (-) TimerEvent: {}
[7.760338] (-) TimerEvent: {}
[7.860955] (-) TimerEvent: {}
[7.961405] (-) TimerEvent: {}
[8.061999] (-) TimerEvent: {}
[8.162444] (-) TimerEvent: {}
[8.262884] (-) TimerEvent: {}
[8.363550] (-) TimerEvent: {}
[8.464205] (-) TimerEvent: {}
[8.564591] (-) TimerEvent: {}
[8.664976] (-) TimerEvent: {}
[8.765342] (-) TimerEvent: {}
[8.865728] (-) TimerEvent: {}
[8.966105] (-) TimerEvent: {}
[9.066730] (-) TimerEvent: {}
[9.167111] (-) TimerEvent: {}
[9.267848] (-) TimerEvent: {}
[9.368246] (-) TimerEvent: {}
[9.468654] (-) TimerEvent: {}
[9.569039] (-) TimerEvent: {}
[9.669435] (-) TimerEvent: {}
[9.769892] (-) TimerEvent: {}
[9.870298] (-) TimerEvent: {}
[9.970967] (-) TimerEvent: {}
[10.071356] (-) TimerEvent: {}
[10.171999] (-) TimerEvent: {}
[10.272796] (-) TimerEvent: {}
[10.373185] (-) TimerEvent: {}
[10.473609] (-) TimerEvent: {}
[10.574007] (-) TimerEvent: {}
[10.674411] (-) TimerEvent: {}
[10.774790] (-) TimerEvent: {}
[10.875187] (-) TimerEvent: {}
[10.975582] (-) TimerEvent: {}
[11.075969] (-) TimerEvent: {}
[11.176409] (-) TimerEvent: {}
[11.277097] (-) TimerEvent: {}
[11.378497] (-) TimerEvent: {}
[11.479201] (-) TimerEvent: {}
[11.579603] (-) TimerEvent: {}
[11.679990] (-) TimerEvent: {}
[11.780353] (-) TimerEvent: {}
[11.883343] (-) TimerEvent: {}
[11.983752] (-) TimerEvent: {}
[12.084153] (-) TimerEvent: {}
[12.184578] (-) TimerEvent: {}
[12.284976] (-) TimerEvent: {}
[12.385346] (-) TimerEvent: {}
[12.485742] (-) TimerEvent: {}
[12.586123] (-) TimerEvent: {}
[12.686513] (-) TimerEvent: {}
[12.786904] (-) TimerEvent: {}
[12.887284] (-) TimerEvent: {}
[12.987662] (-) TimerEvent: {}
[13.088038] (-) TimerEvent: {}
[13.188426] (-) TimerEvent: {}
[13.288800] (-) TimerEvent: {}
[13.389191] (-) TimerEvent: {}
[13.489586] (-) TimerEvent: {}
[13.591339] (-) TimerEvent: {}
[13.692208] (-) TimerEvent: {}
[13.795549] (-) TimerEvent: {}
[13.895948] (-) TimerEvent: {}
[13.996335] (-) TimerEvent: {}
[14.096710] (-) TimerEvent: {}
[14.197090] (-) TimerEvent: {}
[14.297494] (-) TimerEvent: {}
[14.397884] (-) TimerEvent: {}
[14.498299] (-) TimerEvent: {}
[14.598674] (-) TimerEvent: {}
[14.699059] (-) TimerEvent: {}
[14.799444] (-) TimerEvent: {}
[14.899830] (-) TimerEvent: {}
[15.000221] (-) TimerEvent: {}
[15.100682] (-) TimerEvent: {}
[15.201357] (-) TimerEvent: {}
[15.301741] (-) TimerEvent: {}
[15.402128] (-) TimerEvent: {}
[15.502529] (-) TimerEvent: {}
[15.602913] (-) TimerEvent: {}
[15.703304] (-) TimerEvent: {}
[15.804358] (-) TimerEvent: {}
[15.904739] (-) TimerEvent: {}
[16.006007] (-) TimerEvent: {}
[16.106376] (-) TimerEvent: {}
[16.207026] (-) TimerEvent: {}
[16.307720] (-) TimerEvent: {}
[16.408097] (-) TimerEvent: {}
[16.508762] (-) TimerEvent: {}
[16.609212] (-) TimerEvent: {}
[16.709610] (-) TimerEvent: {}
[16.810024] (-) TimerEvent: {}
[16.910424] (-) TimerEvent: {}
[17.010850] (-) TimerEvent: {}
[17.111243] (-) TimerEvent: {}
[17.211670] (-) TimerEvent: {}
[17.312057] (-) TimerEvent: {}
[17.412521] (-) TimerEvent: {}
[17.512924] (-) TimerEvent: {}
[17.613364] (-) TimerEvent: {}
[17.713792] (-) TimerEvent: {}
[17.814386] (-) TimerEvent: {}
[17.916194] (-) TimerEvent: {}
[18.016637] (-) TimerEvent: {}
[18.117057] (-) TimerEvent: {}
[18.217859] (-) TimerEvent: {}
[18.318353] (-) TimerEvent: {}
[18.418850] (-) TimerEvent: {}
[18.519349] (-) TimerEvent: {}
[18.619750] (-) TimerEvent: {}
[18.720157] (-) TimerEvent: {}
[18.820600] (-) TimerEvent: {}
[18.920973] (-) TimerEvent: {}
[19.021340] (-) TimerEvent: {}
[19.121760] (-) TimerEvent: {}
[19.222340] (-) TimerEvent: {}
[19.322748] (-) TimerEvent: {}
[19.423337] (-) TimerEvent: {}
[19.523684] (-) TimerEvent: {}
[19.624086] (-) TimerEvent: {}
[19.724462] (-) TimerEvent: {}
[19.824807] (-) TimerEvent: {}
[19.925155] (-) TimerEvent: {}
[20.025912] (-) TimerEvent: {}
[20.131346] (-) TimerEvent: {}
[20.231790] (-) TimerEvent: {}
[20.332219] (-) TimerEvent: {}
[20.433092] (-) TimerEvent: {}
[20.533608] (-) TimerEvent: {}
[20.633973] (-) TimerEvent: {}
[20.734514] (-) TimerEvent: {}
[20.834883] (-) TimerEvent: {}
[20.935283] (-) TimerEvent: {}
[21.035899] (-) TimerEvent: {}
[21.136297] (-) TimerEvent: {}
[21.238347] (-) TimerEvent: {}
[21.338722] (-) TimerEvent: {}
[21.439465] (-) TimerEvent: {}
[21.540054] (-) TimerEvent: {}
[21.640531] (-) TimerEvent: {}
[21.742132] (-) TimerEvent: {}
[21.842902] (-) TimerEvent: {}
[21.943247] (-) TimerEvent: {}
[22.043604] (-) TimerEvent: {}
[22.143957] (-) TimerEvent: {}
[22.244961] (-) TimerEvent: {}
[22.345331] (-) TimerEvent: {}
[22.445705] (-) TimerEvent: {}
[22.546089] (-) TimerEvent: {}
[22.646496] (-) TimerEvent: {}
[22.746899] (-) TimerEvent: {}
[22.847341] (-) TimerEvent: {}
[22.947746] (-) TimerEvent: {}
[23.048122] (-) TimerEvent: {}
[23.148553] (-) TimerEvent: {}
[23.248941] (-) TimerEvent: {}
[23.349319] (-) TimerEvent: {}
[23.449842] (-) TimerEvent: {}
[23.550246] (-) TimerEvent: {}
[23.650850] (-) TimerEvent: {}
[23.751258] (-) TimerEvent: {}
[23.851729] (-) TimerEvent: {}
[23.952094] (-) TimerEvent: {}
[24.052507] (-) TimerEvent: {}
[24.152857] (-) TimerEvent: {}
[24.253283] (-) TimerEvent: {}
[24.353660] (-) TimerEvent: {}
[24.454464] (-) TimerEvent: {}
[24.554816] (-) TimerEvent: {}
[24.655172] (-) TimerEvent: {}
[24.755548] (-) TimerEvent: {}
[24.855883] (-) TimerEvent: {}
[24.956683] (-) TimerEvent: {}
[25.057603] (-) TimerEvent: {}
[25.158197] (-) TimerEvent: {}
[25.258672] (-) TimerEvent: {}
[25.359142] (-) TimerEvent: {}
[25.459992] (-) TimerEvent: {}
[25.474359] (simple_robot) StdoutLine: {'line': b'[ 25%] \x1b[32m\x1b[1mLinking CXX shared library libgrid_map.so\x1b[0m\n'}
[25.560122] (-) TimerEvent: {}
[25.660650] (-) TimerEvent: {}
[25.734288] (simple_robot) StdoutLine: {'line': b'[ 33%] \x1b[32m\x1b[1mLinking CXX executable robot_map_node\x1b[0m\n'}
[25.760785] (-) TimerEvent: {}
[25.864496] (-) TimerEvent: {}
[25.968439] (-) TimerEvent: {}
[26.069021] (-) TimerEvent: {}
[26.170225] (-) TimerEvent: {}
[26.271510] (-) TimerEvent: {}
[26.375562] (-) TimerEvent: {}
[26.476006] (-) TimerEvent: {}
[26.576454] (-) TimerEvent: {}
[26.677010] (-) TimerEvent: {}
[26.778941] (-) TimerEvent: {}
[26.879691] (-) TimerEvent: {}
[26.980133] (-) TimerEvent: {}
[27.080910] (-) TimerEvent: {}
[27.181457] (-) TimerEvent: {}
[27.276382] (simple_robot) StdoutLine: {'line': b'[ 66%] Built target grid_map\n'}
[27.281593] (-) TimerEvent: {}
[27.381998] (-) TimerEvent: {}
[27.482434] (-) TimerEvent: {}
[27.582832] (-) TimerEvent: {}
[27.683213] (-) TimerEvent: {}
[27.783709] (-) TimerEvent: {}
[27.884159] (-) TimerEvent: {}
[27.984614] (-) TimerEvent: {}
[28.085647] (-) TimerEvent: {}
[28.178064] (simple_robot) StdoutLine: {'line': b'[100%] Built target robot_map_node\n'}
[28.185774] (-) TimerEvent: {}
[28.201131] (simple_robot) CommandEnded: {'returncode': 0}
[28.202084] (simple_robot) JobProgress: {'identifier': 'simple_robot', 'progress': 'install'}
[28.219145] (simple_robot) Command: {'cmd': ['/usr/bin/cmake', '--install', '/home/martina/rp_project/robot-programming-project/src/simple_robot/build/simple_robot'], 'cwd': '/home/martina/rp_project/robot-programming-project/src/simple_robot/build/simple_robot', 'env': OrderedDict([('GJS_DEBUG_TOPICS', 'JS ERROR;JS LOG'), ('LESSOPEN', '| /usr/bin/env /usr/bin/lesspipe %s 2>/dev/null'), ('CONDA_PROMPT_MODIFIER', '(base)'), ('LC_TIME', 'it_IT.UTF-8'), ('USER', 'martina'), ('XDG_SESSION_TYPE', 'wayland'), ('GIT_ASKPASS', '/usr/share/code/resources/app/extensions/git/dist/askpass.sh'), ('SHLVL', '2'), ('LD_LIBRARY_PATH', '/opt/ros/humble/opt/rviz_ogre_vendor/lib:/opt/ros/humble/lib/x86_64-linux-gnu:/opt/ros/humble/lib::/home/martina/.mujoco/mujoco210/bin:/usr/lib/nvidia:~/anaconda3/lib'), ('HOME', '/home/martina'), ('OLDPWD', '/home/martina/rp_project/robot-programming-project/src/simple_robot'), ('CHROME_DESKTOP', 'code.desktop'), ('TERMINFO', '/home/martina/.terminfo'), ('LESS', '-iRFXMx4'), ('CONDA_SHLVL', '1'), ('DESKTOP_SESSION', 'ubuntu'), ('TERM_PROGRAM_VERSION', '1.97.2'), ('GIO_LAUNCHED_DESKTOP_FILE', '/usr/share/applications/code.desktop'), ('LSCOLORS', 'ExGxDxDxCxDxDxFxFxexEx'), ('GTK_MODULES', 'gail:atk-bridge'), ('GNOME_SHELL_SESSION_MODE', 'ubuntu'), ('VSCODE_GIT_ASKPASS_MAIN', '/usr/share/code/resources/app/extensions/git/dist/askpass-main.js'), ('PAGER', 'less'), ('ROS_PYTHON_VERSION', '3'), ('LC_MONETARY', 'it_IT.UTF-8'), ('MANAGERPID', '887'), ('VSCODE_GIT_ASKPASS_NODE', '/usr/share/code/code'), ('SYSTEMD_EXEC_PID', '1152'), ('DBUS_SESSION_BUS_ADDRESS', 'unix:path=/run/user/1000/bus'), ('P9K_TTY', 'old'), ('GIO_LAUNCHED_DESKTOP_FILE_PID', '3260'), ('COLORTERM', 'truecolor'), ('_CE_M', ''), ('WAYLAND_DISPLAY', 'wayland-0'), ('INFOPATH', ''), ('ROS_DISTRO', 'humble'), ('COLCON_PREFIX_PATH', '/home/martina/rp_project/robot-programming-project/install'), ('LOGNAME', 'martina'), ('_', '/usr/bin/colcon'), ('JOURNAL_STREAM', '8:11413'), ('_P9K_SSH_TTY', '/dev/pts/7'), ('XDG_SESSION_CLASS', 'user'), ('USER_ZDOTDIR', '/home/martina'), ('ROS_VERSION', '2'), ('USERNAME', 'martina'), ('TERM', 'xterm-256color'), ('GNOME_DESKTOP_SESSION_ID', 'this-is-deprecated'), ('_CE_CONDA', ''), ('ROS_LOCALHOST_ONLY', '0'), ('PATH', '/opt/ros/humble/bin:/home/martina/.local/bin:/home/martina/.local/bin:/usr/lib/ccache:.:/home/martina/.mujoco/mujoco210/bin:/usr/lib/nvidia:/home/martina/anaconda3/condabin:/home/martina/bin:/home/martina/.local/bin:/usr/local/sbin:/usr/local/bin:/usr/sbin:/usr/bin:/sbin:/bin:/usr/games:/usr/local/games:/snap/bin:/home/martina/.cache/zsh4humans/v5/fzf/bin:/home/martina/other/install/bin'), ('SESSION_MANAGER', 'local/Martina-ThinkPad-X1-Yoga:@/tmp/.ICE-unix/1105,unix/Martina-ThinkPad-X1-Yoga:/tmp/.ICE-unix/1105'), ('INVOCATION_ID', 'abb78b4b018940349bd4da4c8fed9753'), ('LC_ADDRESS', 'it_IT.UTF-8'), ('XDG_RUNTIME_DIR', '/run/user/1000'), ('XDG_MENU_PREFIX', 'gnome-'), ('GNOME_SETUP_DISPLAY', ':1'), ('GDK_BACKEND', 'x11'), ('DISPLAY', ':0'), ('LANG', 'en_US.UTF-8'), ('LC_TELEPHONE', 'it_IT.UTF-8'), ('XDG_CURRENT_DESKTOP', 'Unity'), ('VSCODE_INJECTION', '1'), ('LD_PRELOAD', ':/usr/lib/x86_64-linux-gnu/libGLEW.so'), ('XDG_SESSION_DESKTOP', 'ubuntu'), ('XMODIFIERS', '@im=ibus'), ('XAUTHORITY', '/run/user/1000/.mutter-Xwaylandauth.L52E22'), ('TERM_PROGRAM', 'vscode'), ('VSCODE_GIT_IPC_HANDLE', '/run/user/1000/vscode-git-f640f2b3f6.sock'), ('LS_COLORS', 'fi=00:mi=00:mh=00:ln=01;36:or=01;31:di=01;34:ow=04;01;34:st=34:tw=04;34:pi=01;33:so=01;33:do=01;33:bd=01;33:cd=01;33:su=01;35:sg=01;35:ca=01;35:ex=01;32:no=38;5;248'), ('TREE_COLORS', 'fi=00:mi=00:mh=00:ln=01;36:or=01;31:di=01;34:ow=01;34:st=34:tw=34:pi=01;33:so=01;33:do=01;33:bd=01;33:cd=01;33:su=01;35:sg=01;35:ca=01;35:ex=01;32'), ('SSH_AGENT_LAUNCHER', 'gnome-keyring'), ('SSH_AUTH_SOCK', '/run/user/1000/keyring/ssh'), ('ORIGINAL_XDG_CURRENT_DESKTOP', 'ubuntu:GNOME'), ('CONDA_PYTHON_EXE', '/home/martina/anaconda3/bin/python'), ('AMENT_PREFIX_PATH', '/home/martina/rp_project/robot-programming-project/install/simple_robot:/opt/ros/humble'), ('LC_NAME', 'it_IT.UTF-8'), ('SHELL', '/usr/local/bin/zsh'), ('DEST', '/home/martina/other/install'), ('QT_ACCESSIBILITY', '1'), ('GDMSESSION', 'ubuntu'), ('CONDA_DEFAULT_ENV', 'base'), ('LC_MEASUREMENT', 'it_IT.UTF-8'), ('LC_IDENTIFICATION', 'it_IT.UTF-8'), ('GJS_DEBUG_OUTPUT', 'stderr'), ('P9K_SSH', '0'), ('QT_IM_MODULE', 'ibus'), ('VSCODE_GIT_ASKPASS_EXTRA_ARGS', ''), ('VSCODE_NONCE', '738ab651-ad75-4cde-ae7d-4724ca708aea'), ('LC_ALL', 'en_US.UTF-8'), ('PWD', '/home/martina/rp_project/robot-programming-project/src/simple_robot/build/simple_robot'), ('GPG_TTY', '/dev/pts/7'), ('XDG_DATA_DIRS', '/usr/local/share/:/usr/share/:/var/lib/snapd/desktop'), ('ZDOTDIR', '/home/martina'), ('_P9K_TTY', '/dev/pts/7'), ('CONDA_EXE', '/home/martina/anaconda3/bin/conda'), ('LC_NUMERIC', 'it_IT.UTF-8'), ('PYTHONPATH', '/opt/ros/humble/lib/python3.10/site-packages:/opt/ros/humble/local/lib/python3.10/dist-packages:/home/martina/other/install/lib/python3.10/site-packages/'), ('LC_PAPER', 'it_IT.UTF-8'), ('CONDA_PREFIX', '/home/martina/anaconda3'), ('COLCON', '1'), ('MANPATH', '/usr/local/share/man:/home/martina/.cache/zsh4humans/v5/fzf/man:'), ('CMAKE_PREFIX_PATH', '/home/martina/rp_project/robot-programming-project/install/simple_robot:/opt/ros/humble')]), 'shell': False}
[28.234472] (simple_robot) StdoutLine: {'line': b'-- Install configuration: ""\n'}
[28.234988] (simple_robot) StdoutLine: {'line': b'-- Installing: /home/martina/rp_project/robot-programming-project/src/simple_robot/install/simple_robot/lib/simple_robot/robot_map_node\n'}
[28.244429] (simple_robot) StdoutLine: {'line': b'-- Set runtime path of "/home/martina/rp_project/robot-programming-project/src/simple_robot/install/simple_robot/lib/simple_robot/robot_map_node" to ""\n'}
[28.244800] (simple_robot) StdoutLine: {'line': b'-- Up-to-date: /home/martina/rp_project/robot-programming-project/src/simple_robot/install/simple_robot/share/ament_index/resource_index/package_run_dependencies/simple_robot\n'}
[28.244957] (simple_robot) StdoutLine: {'line': b'-- Up-to-date: /home/martina/rp_project/robot-programming-project/src/simple_robot/install/simple_robot/share/ament_index/resource_index/parent_prefix_path/simple_robot\n'}
[28.245161] (simple_robot) StdoutLine: {'line': b'-- Up-to-date: /home/martina/rp_project/robot-programming-project/src/simple_robot/install/simple_robot/share/simple_robot/environment/ament_prefix_path.sh\n'}
[28.245313] (simple_robot) StdoutLine: {'line': b'-- Installing: /home/martina/rp_project/robot-programming-project/src/simple_robot/install/simple_robot/share/simple_robot/environment/ament_prefix_path.dsv\n'}
[28.245453] (simple_robot) StdoutLine: {'line': b'-- Up-to-date: /home/martina/rp_project/robot-programming-project/src/simple_robot/install/simple_robot/share/simple_robot/environment/path.sh\n'}
[28.245594] (simple_robot) StdoutLine: {'line': b'-- Installing: /home/martina/rp_project/robot-programming-project/src/simple_robot/install/simple_robot/share/simple_robot/environment/path.dsv\n'}
[28.246161] (simple_robot) StdoutLine: {'line': b'-- Up-to-date: /home/martina/rp_project/robot-programming-project/src/simple_robot/install/simple_robot/share/simple_robot/local_setup.bash\n'}
[28.246408] (simple_robot) StdoutLine: {'line': b'-- Up-to-date: /home/martina/rp_project/robot-programming-project/src/simple_robot/install/simple_robot/share/simple_robot/local_setup.sh\n'}
[28.246572] (simple_robot) StdoutLine: {'line': b'-- Up-to-date: /home/martina/rp_project/robot-programming-project/src/simple_robot/install/simple_robot/share/simple_robot/local_setup.zsh\n'}
[28.246808] (simple_robot) StdoutLine: {'line': b'-- Installing: /home/martina/rp_project/robot-programming-project/src/simple_robot/install/simple_robot/share/simple_robot/local_setup.dsv\n'}
[28.246954] (simple_robot) StdoutLine: {'line': b'-- Installing: /home/martina/rp_project/robot-programming-project/src/simple_robot/install/simple_robot/share/simple_robot/package.dsv\n'}
[28.247130] (simple_robot) StdoutLine: {'line': b'-- Up-to-date: /home/martina/rp_project/robot-programming-project/src/simple_robot/install/simple_robot/share/ament_index/resource_index/packages/simple_robot\n'}
[28.247260] (simple_robot) StdoutLine: {'line': b'-- Up-to-date: /home/martina/rp_project/robot-programming-project/src/simple_robot/install/simple_robot/share/simple_robot/cmake/simple_robotConfig.cmake\n'}
[28.247405] (simple_robot) StdoutLine: {'line': b'-- Up-to-date: /home/martina/rp_project/robot-programming-project/src/simple_robot/install/simple_robot/share/simple_robot/cmake/simple_robotConfig-version.cmake\n'}
[28.247533] (simple_robot) StdoutLine: {'line': b'-- Up-to-date: /home/martina/rp_project/robot-programming-project/src/simple_robot/install/simple_robot/share/simple_robot/package.xml\n'}
[28.249765] (simple_robot) CommandEnded: {'returncode': 0}
[28.274568] (simple_robot) JobEnded: {'identifier': 'simple_robot', 'rc': 0}
[28.275385] (-) EventReactorShutdown: {}
