[0.000000] (-) TimerEvent: {}
[0.000275] (simple_robot) JobQueued: {'identifier': 'simple_robot', 'dependencies': OrderedDict()}
[0.003292] (simple_robot) JobStarted: {'identifier': 'simple_robot'}
[0.034774] (simple_robot) JobProgress: {'identifier': 'simple_robot', 'progress': 'cmake'}
[0.036285] (simple_robot) Command: {'cmd': ['/usr/bin/cmake', '/home/martina/rp_project/robot-programming-project/src/simple_robot', '-DCMAKE_INSTALL_PREFIX=/home/martina/rp_project/robot-programming-project/src/simple_robot/install/simple_robot'], 'cwd': '/home/martina/rp_project/robot-programming-project/src/simple_robot/build/simple_robot', 'env': OrderedDict([('GJS_DEBUG_TOPICS', 'JS ERROR;JS LOG'), ('LESSOPEN', '| /usr/bin/env /usr/bin/lesspipe %s 2>/dev/null'), ('CONDA_PROMPT_MODIFIER', '(base)'), ('LC_TIME', 'it_IT.UTF-8'), ('USER', 'martina'), ('XDG_SESSION_TYPE', 'wayland'), ('GIT_ASKPASS', '/usr/share/code/resources/app/extensions/git/dist/askpass.sh'), ('SHLVL', '2'), ('LD_LIBRARY_PATH', '/opt/ros/humble/opt/rviz_ogre_vendor/lib:/opt/ros/humble/lib/x86_64-linux-gnu:/opt/ros/humble/lib::/home/martina/.mujoco/mujoco210/bin:/usr/lib/nvidia:~/anaconda3/lib'), ('HOME', '/home/martina'), ('OLDPWD', '/home/martina/rp_project/robot-programming-project/src/simple_robot'), ('CHROME_DESKTOP', 'code.desktop'), ('TERMINFO', '/home/martina/.terminfo'), ('LESS', '-iRFXMx4'), ('CONDA_SHLVL', '1'), ('DESKTOP_SESSION', 'ubuntu'), ('TERM_PROGRAM_VERSION', '1.97.2'), ('GIO_LAUNCHED_DESKTOP_FILE', '/usr/share/applications/code.desktop'), ('LSCOLORS', 'ExGxDxDxCxDxDxFxFxexEx'), ('GTK_MODULES', 'gail:atk-bridge'), ('GNOME_SHELL_SESSION_MODE', 'ubuntu'), ('VSCODE_GIT_ASKPASS_MAIN', '/usr/share/code/resources/app/extensions/git/dist/askpass-main.js'), ('PAGER', 'less'), ('ROS_PYTHON_VERSION', '3'), ('LC_MONETARY', 'it_IT.UTF-8'), ('MANAGERPID', '887'), ('VSCODE_GIT_ASKPASS_NODE', '/usr/share/code/code'), ('SYSTEMD_EXEC_PID', '1152'), ('DBUS_SESSION_BUS_ADDRESS', 'unix:path=/run/user/1000/bus'), ('P9K_TTY', 'old'), ('GIO_LAUNCHED_DESKTOP_FILE_PID', '3260'), ('COLORTERM', 'truecolor'), ('_CE_M', ''), ('WAYLAND_DISPLAY', 'wayland-0'), ('INFOPATH', ''), ('ROS_DISTRO', 'humble'), ('COLCON_PREFIX_PATH', '/home/martina/rp_project/robot-programming-project/install'), ('LOGNAME', 'martina'), ('_', '/usr/bin/colcon'), ('JOURNAL_STREAM', '8:11413'), ('_P9K_SSH_TTY', '/dev/pts/8'), ('XDG_SESSION_CLASS', 'user'), ('USER_ZDOTDIR', '/home/martina'), ('ROS_VERSION', '2'), ('USERNAME', 'martina'), ('TERM', 'xterm-256color'), ('GNOME_DESKTOP_SESSION_ID', 'this-is-deprecated'), ('_CE_CONDA', ''), ('ROS_LOCALHOST_ONLY', '0'), ('PATH', '/opt/ros/humble/bin:/home/martina/.local/bin:/home/martina/.local/bin:/usr/lib/ccache:.:/home/martina/.mujoco/mujoco210/bin:/usr/lib/nvidia:/home/martina/anaconda3/condabin:/home/martina/bin:/home/martina/.local/bin:/usr/local/sbin:/usr/local/bin:/usr/sbin:/usr/bin:/sbin:/bin:/usr/games:/usr/local/games:/snap/bin:/home/martina/.cache/zsh4humans/v5/fzf/bin:/home/martina/other/install/bin'), ('SESSION_MANAGER', 'local/Martina-ThinkPad-X1-Yoga:@/tmp/.ICE-unix/1105,unix/Martina-ThinkPad-X1-Yoga:/tmp/.ICE-unix/1105'), ('INVOCATION_ID', 'abb78b4b018940349bd4da4c8fed9753'), ('LC_ADDRESS', 'it_IT.UTF-8'), ('XDG_RUNTIME_DIR', '/run/user/1000'), ('XDG_MENU_PREFIX', 'gnome-'), ('GNOME_SETUP_DISPLAY', ':1'), ('GDK_BACKEND', 'x11'), ('DISPLAY', ':0'), ('LANG', 'en_US.UTF-8'), ('LC_TELEPHONE', 'it_IT.UTF-8'), ('XDG_CURRENT_DESKTOP', 'Unity'), ('VSCODE_INJECTION', '1'), ('LD_PRELOAD', ':/usr/lib/x86_64-linux-gnu/libGLEW.so'), ('XDG_SESSION_DESKTOP', 'ubuntu'), ('XMODIFIERS', '@im=ibus'), ('XAUTHORITY', '/run/user/1000/.mutter-Xwaylandauth.L52E22'), ('TERM_PROGRAM', 'vscode'), ('VSCODE_GIT_IPC_HANDLE', '/run/user/1000/vscode-git-f640f2b3f6.sock'), ('LS_COLORS', 'fi=00:mi=00:mh=00:ln=01;36:or=01;31:di=01;34:ow=04;01;34:st=34:tw=04;34:pi=01;33:so=01;33:do=01;33:bd=01;33:cd=01;33:su=01;35:sg=01;35:ca=01;35:ex=01;32:no=38;5;248'), ('TREE_COLORS', 'fi=00:mi=00:mh=00:ln=01;36:or=01;31:di=01;34:ow=01;34:st=34:tw=34:pi=01;33:so=01;33:do=01;33:bd=01;33:cd=01;33:su=01;35:sg=01;35:ca=01;35:ex=01;32'), ('SSH_AGENT_LAUNCHER', 'gnome-keyring'), ('SSH_AUTH_SOCK', '/run/user/1000/keyring/ssh'), ('ORIGINAL_XDG_CURRENT_DESKTOP', 'ubuntu:GNOME'), ('CONDA_PYTHON_EXE', '/home/martina/anaconda3/bin/python'), ('AMENT_PREFIX_PATH', '/home/martina/rp_project/robot-programming-project/install/simple_robot:/opt/ros/humble'), ('LC_NAME', 'it_IT.UTF-8'), ('SHELL', '/usr/local/bin/zsh'), ('DEST', '/home/martina/other/install'), ('QT_ACCESSIBILITY', '1'), ('GDMSESSION', 'ubuntu'), ('CONDA_DEFAULT_ENV', 'base'), ('LC_MEASUREMENT', 'it_IT.UTF-8'), ('LC_IDENTIFICATION', 'it_IT.UTF-8'), ('GJS_DEBUG_OUTPUT', 'stderr'), ('P9K_SSH', '0'), ('QT_IM_MODULE', 'ibus'), ('VSCODE_GIT_ASKPASS_EXTRA_ARGS', ''), ('VSCODE_NONCE', '7c65222c-0a02-41ce-a83c-cc3ab3c073d9'), ('LC_ALL', 'en_US.UTF-8'), ('PWD', '/home/martina/rp_project/robot-programming-project/src/simple_robot/build/simple_robot'), ('GPG_TTY', '/dev/pts/8'), ('XDG_DATA_DIRS', '/usr/local/share/:/usr/share/:/var/lib/snapd/desktop'), ('ZDOTDIR', '/home/martina'), ('_P9K_TTY', '/dev/pts/8'), ('CONDA_EXE', '/home/martina/anaconda3/bin/conda'), ('LC_NUMERIC', 'it_IT.UTF-8'), ('PYTHONPATH', '/opt/ros/humble/lib/python3.10/site-packages:/opt/ros/humble/local/lib/python3.10/dist-packages:/home/martina/other/install/lib/python3.10/site-packages/'), ('LC_PAPER', 'it_IT.UTF-8'), ('CONDA_PREFIX', '/home/martina/anaconda3'), ('COLCON', '1'), ('MANPATH', '/usr/local/share/man:/home/martina/.cache/zsh4humans/v5/fzf/man:'), ('CMAKE_PREFIX_PATH', '/home/martina/rp_project/robot-programming-project/install/simple_robot:/opt/ros/humble')]), 'shell': False}
[0.099153] (-) TimerEvent: {}
[0.188723] (simple_robot) StdoutLine: {'line': b'-- The C compiler identification is GNU 11.4.0\n'}
[0.199264] (-) TimerEvent: {}
[0.299651] (-) TimerEvent: {}
[0.349122] (simple_robot) StdoutLine: {'line': b'-- The CXX compiler identification is GNU 11.4.0\n'}
[0.377528] (simple_robot) StdoutLine: {'line': b'-- Detecting C compiler ABI info\n'}
[0.400246] (-) TimerEvent: {}
[0.500616] (-) TimerEvent: {}
[0.522168] (simple_robot) StdoutLine: {'line': b'-- Detecting C compiler ABI info - done\n'}
[0.534183] (simple_robot) StdoutLine: {'line': b'-- Check for working C compiler: /usr/lib/ccache/cc - skipped\n'}
[0.534716] (simple_robot) StdoutLine: {'line': b'-- Detecting C compile features\n'}
[0.536559] (simple_robot) StdoutLine: {'line': b'-- Detecting C compile features - done\n'}
[0.543797] (simple_robot) StdoutLine: {'line': b'-- Detecting CXX compiler ABI info\n'}
[0.600760] (-) TimerEvent: {}
[0.701236] (-) TimerEvent: {}
[0.723889] (simple_robot) StdoutLine: {'line': b'-- Detecting CXX compiler ABI info - done\n'}
[0.742878] (simple_robot) StdoutLine: {'line': b'-- Check for working CXX compiler: /usr/lib/ccache/c++ - skipped\n'}
[0.743206] (simple_robot) StdoutLine: {'line': b'-- Detecting CXX compile features\n'}
[0.744415] (simple_robot) StdoutLine: {'line': b'-- Detecting CXX compile features - done\n'}
[0.766299] (simple_robot) StdoutLine: {'line': b'-- Found OpenCV: /usr (found suitable version "4.5.4", minimum required is "4.5.4") \n'}
[0.769689] (simple_robot) StdoutLine: {'line': b'-- Found ament_cmake: 1.3.11 (/opt/ros/humble/share/ament_cmake/cmake)\n'}
[0.801345] (-) TimerEvent: {}
[0.904779] (-) TimerEvent: {}
[1.005151] (-) TimerEvent: {}
[1.105589] (-) TimerEvent: {}
[1.111185] (simple_robot) StdoutLine: {'line': b'-- Found Python3: /usr/bin/python3 (found version "3.10.12") found components: Interpreter \n'}
[1.206142] (-) TimerEvent: {}
[1.308349] (-) TimerEvent: {}
[1.317970] (simple_robot) StdoutLine: {'line': b'-- Found rclcpp: 16.0.11 (/opt/ros/humble/share/rclcpp/cmake)\n'}
[1.403781] (simple_robot) StdoutLine: {'line': b'-- Found rosidl_generator_c: 3.1.6 (/opt/ros/humble/share/rosidl_generator_c/cmake)\n'}
[1.408457] (-) TimerEvent: {}
[1.413161] (simple_robot) StdoutLine: {'line': b'-- Found rosidl_adapter: 3.1.6 (/opt/ros/humble/share/rosidl_adapter/cmake)\n'}
[1.430820] (simple_robot) StdoutLine: {'line': b'-- Found rosidl_generator_cpp: 3.1.6 (/opt/ros/humble/share/rosidl_generator_cpp/cmake)\n'}
[1.456718] (simple_robot) StdoutLine: {'line': b'-- Using all available rosidl_typesupport_c: rosidl_typesupport_fastrtps_c;rosidl_typesupport_introspection_c\n'}
[1.490381] (simple_robot) StdoutLine: {'line': b'-- Using all available rosidl_typesupport_cpp: rosidl_typesupport_fastrtps_cpp;rosidl_typesupport_introspection_cpp\n'}
[1.508572] (-) TimerEvent: {}
[1.559209] (simple_robot) StdoutLine: {'line': b'-- Found rmw_implementation_cmake: 6.1.2 (/opt/ros/humble/share/rmw_implementation_cmake/cmake)\n'}
[1.562549] (simple_robot) StdoutLine: {'line': b'-- Found rmw_fastrtps_cpp: 6.2.7 (/opt/ros/humble/share/rmw_fastrtps_cpp/cmake)\n'}
[1.608684] (-) TimerEvent: {}
[1.709087] (-) TimerEvent: {}
[1.779428] (simple_robot) StdoutLine: {'line': b'-- Found OpenSSL: /usr/lib/x86_64-linux-gnu/libcrypto.so (found version "3.0.2")  \n'}
[1.809538] (-) TimerEvent: {}
[1.829914] (simple_robot) StdoutLine: {'line': b'-- Found FastRTPS: /opt/ros/humble/include  \n'}
[1.907668] (simple_robot) StdoutLine: {'line': b"-- Using RMW implementation 'rmw_fastrtps_cpp' as default\n"}
[1.909656] (-) TimerEvent: {}
[1.921929] (simple_robot) StdoutLine: {'line': b'-- Looking for pthread.h\n'}
[2.009769] (-) TimerEvent: {}
[2.068350] (simple_robot) StdoutLine: {'line': b'-- Looking for pthread.h - found\n'}
[2.069917] (simple_robot) StdoutLine: {'line': b'-- Performing Test CMAKE_HAVE_LIBC_PTHREAD\n'}
[2.109919] (-) TimerEvent: {}
[2.210286] (-) TimerEvent: {}
[2.218570] (simple_robot) StdoutLine: {'line': b'-- Performing Test CMAKE_HAVE_LIBC_PTHREAD - Success\n'}
[2.218957] (simple_robot) StdoutLine: {'line': b'-- Found Threads: TRUE  \n'}
[2.310399] (-) TimerEvent: {}
[2.338317] (simple_robot) StdoutLine: {'line': b'-- Found geometry_msgs: 4.2.4 (/opt/ros/humble/share/geometry_msgs/cmake)\n'}
[2.362078] (simple_robot) StdoutLine: {'line': b'-- Found sensor_msgs: 4.2.4 (/opt/ros/humble/share/sensor_msgs/cmake)\n'}
[2.392527] (simple_robot) StdoutLine: {'line': b'-- Found nav_msgs: 4.2.4 (/opt/ros/humble/share/nav_msgs/cmake)\n'}
[2.410520] (-) TimerEvent: {}
[2.429715] (simple_robot) StdoutLine: {'line': b'-- Found OpenCV: /usr (found version "4.5.4") \n'}
[2.511798] (-) TimerEvent: {}
[2.566670] (simple_robot) StdoutLine: {'line': b'-- DATA_DIR: /home/martina/rp_project/robot-programming-project/src/simple_robot/data\n'}
[2.569907] (simple_robot) StdoutLine: {'line': b'-- Configuring done\n'}
[2.611924] (-) TimerEvent: {}
[2.620122] (simple_robot) StdoutLine: {'line': b'-- Generating done\n'}
[2.639833] (simple_robot) StdoutLine: {'line': b'-- Build files have been written to: /home/martina/rp_project/robot-programming-project/src/simple_robot/build/simple_robot\n'}
[2.665298] (simple_robot) CommandEnded: {'returncode': 0}
[2.667907] (simple_robot) JobProgress: {'identifier': 'simple_robot', 'progress': 'build'}
[2.667980] (simple_robot) Command: {'cmd': ['/usr/bin/cmake', '--build', '/home/martina/rp_project/robot-programming-project/src/simple_robot/build/simple_robot', '--', '-j4', '-l4'], 'cwd': '/home/martina/rp_project/robot-programming-project/src/simple_robot/build/simple_robot', 'env': OrderedDict([('GJS_DEBUG_TOPICS', 'JS ERROR;JS LOG'), ('LESSOPEN', '| /usr/bin/env /usr/bin/lesspipe %s 2>/dev/null'), ('CONDA_PROMPT_MODIFIER', '(base)'), ('LC_TIME', 'it_IT.UTF-8'), ('USER', 'martina'), ('XDG_SESSION_TYPE', 'wayland'), ('GIT_ASKPASS', '/usr/share/code/resources/app/extensions/git/dist/askpass.sh'), ('SHLVL', '2'), ('LD_LIBRARY_PATH', '/opt/ros/humble/opt/rviz_ogre_vendor/lib:/opt/ros/humble/lib/x86_64-linux-gnu:/opt/ros/humble/lib::/home/martina/.mujoco/mujoco210/bin:/usr/lib/nvidia:~/anaconda3/lib'), ('HOME', '/home/martina'), ('OLDPWD', '/home/martina/rp_project/robot-programming-project/src/simple_robot'), ('CHROME_DESKTOP', 'code.desktop'), ('TERMINFO', '/home/martina/.terminfo'), ('LESS', '-iRFXMx4'), ('CONDA_SHLVL', '1'), ('DESKTOP_SESSION', 'ubuntu'), ('TERM_PROGRAM_VERSION', '1.97.2'), ('GIO_LAUNCHED_DESKTOP_FILE', '/usr/share/applications/code.desktop'), ('LSCOLORS', 'ExGxDxDxCxDxDxFxFxexEx'), ('GTK_MODULES', 'gail:atk-bridge'), ('GNOME_SHELL_SESSION_MODE', 'ubuntu'), ('VSCODE_GIT_ASKPASS_MAIN', '/usr/share/code/resources/app/extensions/git/dist/askpass-main.js'), ('PAGER', 'less'), ('ROS_PYTHON_VERSION', '3'), ('LC_MONETARY', 'it_IT.UTF-8'), ('MANAGERPID', '887'), ('VSCODE_GIT_ASKPASS_NODE', '/usr/share/code/code'), ('SYSTEMD_EXEC_PID', '1152'), ('DBUS_SESSION_BUS_ADDRESS', 'unix:path=/run/user/1000/bus'), ('P9K_TTY', 'old'), ('GIO_LAUNCHED_DESKTOP_FILE_PID', '3260'), ('COLORTERM', 'truecolor'), ('_CE_M', ''), ('WAYLAND_DISPLAY', 'wayland-0'), ('INFOPATH', ''), ('ROS_DISTRO', 'humble'), ('COLCON_PREFIX_PATH', '/home/martina/rp_project/robot-programming-project/install'), ('LOGNAME', 'martina'), ('_', '/usr/bin/colcon'), ('JOURNAL_STREAM', '8:11413'), ('_P9K_SSH_TTY', '/dev/pts/8'), ('XDG_SESSION_CLASS', 'user'), ('USER_ZDOTDIR', '/home/martina'), ('ROS_VERSION', '2'), ('USERNAME', 'martina'), ('TERM', 'xterm-256color'), ('GNOME_DESKTOP_SESSION_ID', 'this-is-deprecated'), ('_CE_CONDA', ''), ('ROS_LOCALHOST_ONLY', '0'), ('PATH', '/opt/ros/humble/bin:/home/martina/.local/bin:/home/martina/.local/bin:/usr/lib/ccache:.:/home/martina/.mujoco/mujoco210/bin:/usr/lib/nvidia:/home/martina/anaconda3/condabin:/home/martina/bin:/home/martina/.local/bin:/usr/local/sbin:/usr/local/bin:/usr/sbin:/usr/bin:/sbin:/bin:/usr/games:/usr/local/games:/snap/bin:/home/martina/.cache/zsh4humans/v5/fzf/bin:/home/martina/other/install/bin'), ('SESSION_MANAGER', 'local/Martina-ThinkPad-X1-Yoga:@/tmp/.ICE-unix/1105,unix/Martina-ThinkPad-X1-Yoga:/tmp/.ICE-unix/1105'), ('INVOCATION_ID', 'abb78b4b018940349bd4da4c8fed9753'), ('LC_ADDRESS', 'it_IT.UTF-8'), ('XDG_RUNTIME_DIR', '/run/user/1000'), ('XDG_MENU_PREFIX', 'gnome-'), ('GNOME_SETUP_DISPLAY', ':1'), ('GDK_BACKEND', 'x11'), ('DISPLAY', ':0'), ('LANG', 'en_US.UTF-8'), ('LC_TELEPHONE', 'it_IT.UTF-8'), ('XDG_CURRENT_DESKTOP', 'Unity'), ('VSCODE_INJECTION', '1'), ('LD_PRELOAD', ':/usr/lib/x86_64-linux-gnu/libGLEW.so'), ('XDG_SESSION_DESKTOP', 'ubuntu'), ('XMODIFIERS', '@im=ibus'), ('XAUTHORITY', '/run/user/1000/.mutter-Xwaylandauth.L52E22'), ('TERM_PROGRAM', 'vscode'), ('VSCODE_GIT_IPC_HANDLE', '/run/user/1000/vscode-git-f640f2b3f6.sock'), ('LS_COLORS', 'fi=00:mi=00:mh=00:ln=01;36:or=01;31:di=01;34:ow=04;01;34:st=34:tw=04;34:pi=01;33:so=01;33:do=01;33:bd=01;33:cd=01;33:su=01;35:sg=01;35:ca=01;35:ex=01;32:no=38;5;248'), ('TREE_COLORS', 'fi=00:mi=00:mh=00:ln=01;36:or=01;31:di=01;34:ow=01;34:st=34:tw=34:pi=01;33:so=01;33:do=01;33:bd=01;33:cd=01;33:su=01;35:sg=01;35:ca=01;35:ex=01;32'), ('SSH_AGENT_LAUNCHER', 'gnome-keyring'), ('SSH_AUTH_SOCK', '/run/user/1000/keyring/ssh'), ('ORIGINAL_XDG_CURRENT_DESKTOP', 'ubuntu:GNOME'), ('CONDA_PYTHON_EXE', '/home/martina/anaconda3/bin/python'), ('AMENT_PREFIX_PATH', '/home/martina/rp_project/robot-programming-project/install/simple_robot:/opt/ros/humble'), ('LC_NAME', 'it_IT.UTF-8'), ('SHELL', '/usr/local/bin/zsh'), ('DEST', '/home/martina/other/install'), ('QT_ACCESSIBILITY', '1'), ('GDMSESSION', 'ubuntu'), ('CONDA_DEFAULT_ENV', 'base'), ('LC_MEASUREMENT', 'it_IT.UTF-8'), ('LC_IDENTIFICATION', 'it_IT.UTF-8'), ('GJS_DEBUG_OUTPUT', 'stderr'), ('P9K_SSH', '0'), ('QT_IM_MODULE', 'ibus'), ('VSCODE_GIT_ASKPASS_EXTRA_ARGS', ''), ('VSCODE_NONCE', '7c65222c-0a02-41ce-a83c-cc3ab3c073d9'), ('LC_ALL', 'en_US.UTF-8'), ('PWD', '/home/martina/rp_project/robot-programming-project/src/simple_robot/build/simple_robot'), ('GPG_TTY', '/dev/pts/8'), ('XDG_DATA_DIRS', '/usr/local/share/:/usr/share/:/var/lib/snapd/desktop'), ('ZDOTDIR', '/home/martina'), ('_P9K_TTY', '/dev/pts/8'), ('CONDA_EXE', '/home/martina/anaconda3/bin/conda'), ('LC_NUMERIC', 'it_IT.UTF-8'), ('PYTHONPATH', '/opt/ros/humble/lib/python3.10/site-packages:/opt/ros/humble/local/lib/python3.10/dist-packages:/home/martina/other/install/lib/python3.10/site-packages/'), ('LC_PAPER', 'it_IT.UTF-8'), ('CONDA_PREFIX', '/home/martina/anaconda3'), ('COLCON', '1'), ('MANPATH', '/usr/local/share/man:/home/martina/.cache/zsh4humans/v5/fzf/man:'), ('CMAKE_PREFIX_PATH', '/home/martina/rp_project/robot-programming-project/install/simple_robot:/opt/ros/humble')]), 'shell': False}
[2.712056] (-) TimerEvent: {}
[2.803921] (simple_robot) StdoutLine: {'line': b'\x1b[35m\x1b[1mConsolidate compiler generated dependencies of target grid_map\x1b[0m\n'}
[2.804279] (simple_robot) StdoutLine: {'line': b'\x1b[35m\x1b[1mConsolidate compiler generated dependencies of target robot_map_node\x1b[0m\n'}
[2.812173] (-) TimerEvent: {}
[2.883438] (simple_robot) StdoutLine: {'line': b'[  8%] \x1b[32mBuilding CXX object CMakeFiles/robot_map_node.dir/src/main.cpp.o\x1b[0m\n'}
[2.884082] (simple_robot) StdoutLine: {'line': b'[ 16%] \x1b[32mBuilding CXX object src/CMakeFiles/grid_map.dir/main.cpp.o\x1b[0m\n'}
[2.912297] (-) TimerEvent: {}
[3.012936] (-) TimerEvent: {}
[3.113375] (-) TimerEvent: {}
[3.214791] (-) TimerEvent: {}
[3.315803] (-) TimerEvent: {}
[3.419224] (-) TimerEvent: {}
[3.521804] (-) TimerEvent: {}
[3.622234] (-) TimerEvent: {}
[3.722620] (-) TimerEvent: {}
[3.823046] (-) TimerEvent: {}
[3.923447] (-) TimerEvent: {}
[4.024785] (-) TimerEvent: {}
[4.127369] (-) TimerEvent: {}
[4.227847] (-) TimerEvent: {}
[4.328350] (-) TimerEvent: {}
[4.429246] (-) TimerEvent: {}
[4.529694] (-) TimerEvent: {}
[4.630071] (-) TimerEvent: {}
[4.730491] (-) TimerEvent: {}
[4.831462] (-) TimerEvent: {}
[4.932460] (-) TimerEvent: {}
[5.034864] (-) TimerEvent: {}
[5.135473] (-) TimerEvent: {}
[5.236023] (-) TimerEvent: {}
[5.336508] (-) TimerEvent: {}
[5.436961] (-) TimerEvent: {}
[5.539811] (-) TimerEvent: {}
[5.640247] (-) TimerEvent: {}
[5.741037] (-) TimerEvent: {}
[5.842027] (-) TimerEvent: {}
[5.944456] (-) TimerEvent: {}
[6.044927] (-) TimerEvent: {}
[6.148983] (-) TimerEvent: {}
[6.249410] (-) TimerEvent: {}
[6.353796] (-) TimerEvent: {}
[6.454206] (-) TimerEvent: {}
[6.557014] (-) TimerEvent: {}
[6.657680] (-) TimerEvent: {}
[6.759205] (-) TimerEvent: {}
[6.859624] (-) TimerEvent: {}
[6.960339] (-) TimerEvent: {}
[7.061282] (-) TimerEvent: {}
[7.161666] (-) TimerEvent: {}
[7.262059] (-) TimerEvent: {}
[7.362439] (-) TimerEvent: {}
[7.462796] (-) TimerEvent: {}
[7.563192] (-) TimerEvent: {}
[7.663648] (-) TimerEvent: {}
[7.764350] (-) TimerEvent: {}
[7.864793] (-) TimerEvent: {}
[7.965240] (-) TimerEvent: {}
[8.065987] (-) TimerEvent: {}
[8.166581] (-) TimerEvent: {}
[8.267041] (-) TimerEvent: {}
[8.367418] (-) TimerEvent: {}
[8.467781] (-) TimerEvent: {}
[8.568172] (-) TimerEvent: {}
[8.668607] (-) TimerEvent: {}
[8.769586] (-) TimerEvent: {}
[8.870045] (-) TimerEvent: {}
[8.970693] (-) TimerEvent: {}
[9.071087] (-) TimerEvent: {}
[9.171529] (-) TimerEvent: {}
[9.271934] (-) TimerEvent: {}
[9.372344] (-) TimerEvent: {}
[9.472735] (-) TimerEvent: {}
[9.573116] (-) TimerEvent: {}
[9.673483] (-) TimerEvent: {}
[9.773868] (-) TimerEvent: {}
[9.874246] (-) TimerEvent: {}
[9.974721] (-) TimerEvent: {}
[10.075120] (-) TimerEvent: {}
[10.175513] (-) TimerEvent: {}
[10.276649] (-) TimerEvent: {}
[10.377045] (-) TimerEvent: {}
[10.477436] (-) TimerEvent: {}
[10.577795] (-) TimerEvent: {}
[10.678196] (-) TimerEvent: {}
[10.778581] (-) TimerEvent: {}
[10.878970] (-) TimerEvent: {}
[10.979356] (-) TimerEvent: {}
[11.079755] (-) TimerEvent: {}
[11.180148] (-) TimerEvent: {}
[11.281045] (-) TimerEvent: {}
[11.382103] (-) TimerEvent: {}
[11.482492] (-) TimerEvent: {}
[11.583289] (-) TimerEvent: {}
[11.683660] (-) TimerEvent: {}
[11.784049] (-) TimerEvent: {}
[11.884442] (-) TimerEvent: {}
[11.984838] (-) TimerEvent: {}
[12.085664] (-) TimerEvent: {}
[12.186371] (-) TimerEvent: {}
[12.287505] (-) TimerEvent: {}
[12.388336] (-) TimerEvent: {}
[12.489187] (-) TimerEvent: {}
[12.589648] (-) TimerEvent: {}
[12.690296] (-) TimerEvent: {}
[12.790685] (-) TimerEvent: {}
[12.891082] (-) TimerEvent: {}
[12.991688] (-) TimerEvent: {}
[13.092091] (-) TimerEvent: {}
[13.192719] (-) TimerEvent: {}
[13.293195] (-) TimerEvent: {}
[13.393640] (-) TimerEvent: {}
[13.494057] (-) TimerEvent: {}
[13.594442] (-) TimerEvent: {}
[13.694840] (-) TimerEvent: {}
[13.795293] (-) TimerEvent: {}
[13.896781] (-) TimerEvent: {}
[13.997183] (-) TimerEvent: {}
[14.097593] (-) TimerEvent: {}
[14.198436] (-) TimerEvent: {}
[14.300340] (-) TimerEvent: {}
[14.401349] (-) TimerEvent: {}
[14.502294] (-) TimerEvent: {}
[14.604047] (-) TimerEvent: {}
[14.704422] (-) TimerEvent: {}
[14.805029] (-) TimerEvent: {}
[14.905457] (-) TimerEvent: {}
[15.005856] (-) TimerEvent: {}
[15.106317] (-) TimerEvent: {}
[15.206734] (-) TimerEvent: {}
[15.307125] (-) TimerEvent: {}
[15.407771] (-) TimerEvent: {}
[15.508352] (-) TimerEvent: {}
[15.608779] (-) TimerEvent: {}
[15.709177] (-) TimerEvent: {}
[15.809576] (-) TimerEvent: {}
[15.910107] (-) TimerEvent: {}
[16.010552] (-) TimerEvent: {}
[16.110972] (-) TimerEvent: {}
[16.211662] (-) TimerEvent: {}
[16.312306] (-) TimerEvent: {}
[16.412698] (-) TimerEvent: {}
[16.513158] (-) TimerEvent: {}
[16.613572] (-) TimerEvent: {}
[16.713963] (-) TimerEvent: {}
[16.814486] (-) TimerEvent: {}
[16.915207] (-) TimerEvent: {}
[17.015944] (-) TimerEvent: {}
[17.116857] (-) TimerEvent: {}
[17.217306] (-) TimerEvent: {}
[17.318250] (-) TimerEvent: {}
[17.418939] (-) TimerEvent: {}
[17.519403] (-) TimerEvent: {}
[17.620127] (-) TimerEvent: {}
[17.720544] (-) TimerEvent: {}
[17.820975] (-) TimerEvent: {}
[17.921389] (-) TimerEvent: {}
[18.021808] (-) TimerEvent: {}
[18.122282] (-) TimerEvent: {}
[18.222811] (-) TimerEvent: {}
[18.323334] (-) TimerEvent: {}
[18.423849] (-) TimerEvent: {}
[18.524538] (-) TimerEvent: {}
[18.625295] (-) TimerEvent: {}
[18.725740] (-) TimerEvent: {}
[18.826163] (-) TimerEvent: {}
[18.926632] (-) TimerEvent: {}
[19.027394] (-) TimerEvent: {}
[19.127954] (-) TimerEvent: {}
[19.228437] (-) TimerEvent: {}
[19.328791] (-) TimerEvent: {}
[19.429181] (-) TimerEvent: {}
[19.529532] (-) TimerEvent: {}
[19.630109] (-) TimerEvent: {}
[19.730454] (-) TimerEvent: {}
[19.830805] (-) TimerEvent: {}
[19.931173] (-) TimerEvent: {}
[20.032162] (-) TimerEvent: {}
[20.132511] (-) TimerEvent: {}
[20.232867] (-) TimerEvent: {}
[20.333243] (-) TimerEvent: {}
[20.433589] (-) TimerEvent: {}
[20.533941] (-) TimerEvent: {}
[20.634280] (-) TimerEvent: {}
[20.734655] (-) TimerEvent: {}
[20.836057] (-) TimerEvent: {}
[20.936429] (-) TimerEvent: {}
[21.037251] (-) TimerEvent: {}
[21.137597] (-) TimerEvent: {}
[21.237973] (-) TimerEvent: {}
[21.338863] (-) TimerEvent: {}
[21.439222] (-) TimerEvent: {}
[21.539570] (-) TimerEvent: {}
[21.639914] (-) TimerEvent: {}
[21.740250] (-) TimerEvent: {}
[21.840596] (-) TimerEvent: {}
[21.941147] (-) TimerEvent: {}
[22.041729] (-) TimerEvent: {}
[22.142281] (-) TimerEvent: {}
[22.242622] (-) TimerEvent: {}
[22.343026] (-) TimerEvent: {}
[22.443422] (-) TimerEvent: {}
[22.543795] (-) TimerEvent: {}
[22.644168] (-) TimerEvent: {}
[22.744539] (-) TimerEvent: {}
[22.844961] (-) TimerEvent: {}
[22.945348] (-) TimerEvent: {}
[23.046192] (-) TimerEvent: {}
[23.146540] (-) TimerEvent: {}
[23.246916] (-) TimerEvent: {}
[23.347317] (-) TimerEvent: {}
[23.447759] (-) TimerEvent: {}
[23.548643] (-) TimerEvent: {}
[23.649035] (-) TimerEvent: {}
[23.749405] (-) TimerEvent: {}
[23.849760] (-) TimerEvent: {}
[23.950100] (-) TimerEvent: {}
[24.050433] (-) TimerEvent: {}
[24.151007] (-) TimerEvent: {}
[24.251352] (-) TimerEvent: {}
[24.351692] (-) TimerEvent: {}
[24.452055] (-) TimerEvent: {}
[24.552403] (-) TimerEvent: {}
[24.652793] (-) TimerEvent: {}
[24.753142] (-) TimerEvent: {}
[24.853490] (-) TimerEvent: {}
[24.953854] (-) TimerEvent: {}
[25.054207] (-) TimerEvent: {}
[25.154552] (-) TimerEvent: {}
[25.254914] (-) TimerEvent: {}
[25.355287] (-) TimerEvent: {}
[25.455750] (-) TimerEvent: {}
[25.556132] (-) TimerEvent: {}
[25.656530] (-) TimerEvent: {}
[25.756969] (-) TimerEvent: {}
[25.853412] (simple_robot) StdoutLine: {'line': b'[ 25%] \x1b[32m\x1b[1mLinking CXX executable robot_map_node\x1b[0m\n'}
[25.857737] (-) TimerEvent: {}
[25.961910] (-) TimerEvent: {}
[26.062297] (-) TimerEvent: {}
[26.151831] (simple_robot) StdoutLine: {'line': b'[ 33%] \x1b[32m\x1b[1mLinking CXX shared library libgrid_map.so\x1b[0m\n'}
[26.164543] (-) TimerEvent: {}
[26.272786] (-) TimerEvent: {}
[26.373224] (-) TimerEvent: {}
[26.473665] (-) TimerEvent: {}
[26.574133] (-) TimerEvent: {}
[26.675280] (-) TimerEvent: {}
[26.776493] (-) TimerEvent: {}
[26.881696] (-) TimerEvent: {}
[26.985444] (-) TimerEvent: {}
[27.088123] (-) TimerEvent: {}
[27.188721] (-) TimerEvent: {}
[27.293799] (-) TimerEvent: {}
[27.394327] (-) TimerEvent: {}
[27.494812] (-) TimerEvent: {}
[27.597276] (-) TimerEvent: {}
[27.697983] (-) TimerEvent: {}
[27.798875] (-) TimerEvent: {}
[27.899262] (-) TimerEvent: {}
[28.000646] (-) TimerEvent: {}
[28.101154] (-) TimerEvent: {}
[28.202127] (-) TimerEvent: {}
[28.302582] (-) TimerEvent: {}
[28.327922] (simple_robot) StdoutLine: {'line': b'[ 66%] Built target grid_map\n'}
[28.402765] (-) TimerEvent: {}
[28.503228] (-) TimerEvent: {}
[28.603621] (-) TimerEvent: {}
[28.704125] (-) TimerEvent: {}
[28.743819] (simple_robot) StdoutLine: {'line': b'[100%] Built target robot_map_node\n'}
[28.786243] (simple_robot) CommandEnded: {'returncode': 0}
[28.792485] (simple_robot) JobProgress: {'identifier': 'simple_robot', 'progress': 'install'}
[28.804256] (-) TimerEvent: {}
[28.819473] (simple_robot) Command: {'cmd': ['/usr/bin/cmake', '--install', '/home/martina/rp_project/robot-programming-project/src/simple_robot/build/simple_robot'], 'cwd': '/home/martina/rp_project/robot-programming-project/src/simple_robot/build/simple_robot', 'env': OrderedDict([('GJS_DEBUG_TOPICS', 'JS ERROR;JS LOG'), ('LESSOPEN', '| /usr/bin/env /usr/bin/lesspipe %s 2>/dev/null'), ('CONDA_PROMPT_MODIFIER', '(base)'), ('LC_TIME', 'it_IT.UTF-8'), ('USER', 'martina'), ('XDG_SESSION_TYPE', 'wayland'), ('GIT_ASKPASS', '/usr/share/code/resources/app/extensions/git/dist/askpass.sh'), ('SHLVL', '2'), ('LD_LIBRARY_PATH', '/opt/ros/humble/opt/rviz_ogre_vendor/lib:/opt/ros/humble/lib/x86_64-linux-gnu:/opt/ros/humble/lib::/home/martina/.mujoco/mujoco210/bin:/usr/lib/nvidia:~/anaconda3/lib'), ('HOME', '/home/martina'), ('OLDPWD', '/home/martina/rp_project/robot-programming-project/src/simple_robot'), ('CHROME_DESKTOP', 'code.desktop'), ('TERMINFO', '/home/martina/.terminfo'), ('LESS', '-iRFXMx4'), ('CONDA_SHLVL', '1'), ('DESKTOP_SESSION', 'ubuntu'), ('TERM_PROGRAM_VERSION', '1.97.2'), ('GIO_LAUNCHED_DESKTOP_FILE', '/usr/share/applications/code.desktop'), ('LSCOLORS', 'ExGxDxDxCxDxDxFxFxexEx'), ('GTK_MODULES', 'gail:atk-bridge'), ('GNOME_SHELL_SESSION_MODE', 'ubuntu'), ('VSCODE_GIT_ASKPASS_MAIN', '/usr/share/code/resources/app/extensions/git/dist/askpass-main.js'), ('PAGER', 'less'), ('ROS_PYTHON_VERSION', '3'), ('LC_MONETARY', 'it_IT.UTF-8'), ('MANAGERPID', '887'), ('VSCODE_GIT_ASKPASS_NODE', '/usr/share/code/code'), ('SYSTEMD_EXEC_PID', '1152'), ('DBUS_SESSION_BUS_ADDRESS', 'unix:path=/run/user/1000/bus'), ('P9K_TTY', 'old'), ('GIO_LAUNCHED_DESKTOP_FILE_PID', '3260'), ('COLORTERM', 'truecolor'), ('_CE_M', ''), ('WAYLAND_DISPLAY', 'wayland-0'), ('INFOPATH', ''), ('ROS_DISTRO', 'humble'), ('COLCON_PREFIX_PATH', '/home/martina/rp_project/robot-programming-project/install'), ('LOGNAME', 'martina'), ('_', '/usr/bin/colcon'), ('JOURNAL_STREAM', '8:11413'), ('_P9K_SSH_TTY', '/dev/pts/8'), ('XDG_SESSION_CLASS', 'user'), ('USER_ZDOTDIR', '/home/martina'), ('ROS_VERSION', '2'), ('USERNAME', 'martina'), ('TERM', 'xterm-256color'), ('GNOME_DESKTOP_SESSION_ID', 'this-is-deprecated'), ('_CE_CONDA', ''), ('ROS_LOCALHOST_ONLY', '0'), ('PATH', '/opt/ros/humble/bin:/home/martina/.local/bin:/home/martina/.local/bin:/usr/lib/ccache:.:/home/martina/.mujoco/mujoco210/bin:/usr/lib/nvidia:/home/martina/anaconda3/condabin:/home/martina/bin:/home/martina/.local/bin:/usr/local/sbin:/usr/local/bin:/usr/sbin:/usr/bin:/sbin:/bin:/usr/games:/usr/local/games:/snap/bin:/home/martina/.cache/zsh4humans/v5/fzf/bin:/home/martina/other/install/bin'), ('SESSION_MANAGER', 'local/Martina-ThinkPad-X1-Yoga:@/tmp/.ICE-unix/1105,unix/Martina-ThinkPad-X1-Yoga:/tmp/.ICE-unix/1105'), ('INVOCATION_ID', 'abb78b4b018940349bd4da4c8fed9753'), ('LC_ADDRESS', 'it_IT.UTF-8'), ('XDG_RUNTIME_DIR', '/run/user/1000'), ('XDG_MENU_PREFIX', 'gnome-'), ('GNOME_SETUP_DISPLAY', ':1'), ('GDK_BACKEND', 'x11'), ('DISPLAY', ':0'), ('LANG', 'en_US.UTF-8'), ('LC_TELEPHONE', 'it_IT.UTF-8'), ('XDG_CURRENT_DESKTOP', 'Unity'), ('VSCODE_INJECTION', '1'), ('LD_PRELOAD', ':/usr/lib/x86_64-linux-gnu/libGLEW.so'), ('XDG_SESSION_DESKTOP', 'ubuntu'), ('XMODIFIERS', '@im=ibus'), ('XAUTHORITY', '/run/user/1000/.mutter-Xwaylandauth.L52E22'), ('TERM_PROGRAM', 'vscode'), ('VSCODE_GIT_IPC_HANDLE', '/run/user/1000/vscode-git-f640f2b3f6.sock'), ('LS_COLORS', 'fi=00:mi=00:mh=00:ln=01;36:or=01;31:di=01;34:ow=04;01;34:st=34:tw=04;34:pi=01;33:so=01;33:do=01;33:bd=01;33:cd=01;33:su=01;35:sg=01;35:ca=01;35:ex=01;32:no=38;5;248'), ('TREE_COLORS', 'fi=00:mi=00:mh=00:ln=01;36:or=01;31:di=01;34:ow=01;34:st=34:tw=34:pi=01;33:so=01;33:do=01;33:bd=01;33:cd=01;33:su=01;35:sg=01;35:ca=01;35:ex=01;32'), ('SSH_AGENT_LAUNCHER', 'gnome-keyring'), ('SSH_AUTH_SOCK', '/run/user/1000/keyring/ssh'), ('ORIGINAL_XDG_CURRENT_DESKTOP', 'ubuntu:GNOME'), ('CONDA_PYTHON_EXE', '/home/martina/anaconda3/bin/python'), ('AMENT_PREFIX_PATH', '/home/martina/rp_project/robot-programming-project/install/simple_robot:/opt/ros/humble'), ('LC_NAME', 'it_IT.UTF-8'), ('SHELL', '/usr/local/bin/zsh'), ('DEST', '/home/martina/other/install'), ('QT_ACCESSIBILITY', '1'), ('GDMSESSION', 'ubuntu'), ('CONDA_DEFAULT_ENV', 'base'), ('LC_MEASUREMENT', 'it_IT.UTF-8'), ('LC_IDENTIFICATION', 'it_IT.UTF-8'), ('GJS_DEBUG_OUTPUT', 'stderr'), ('P9K_SSH', '0'), ('QT_IM_MODULE', 'ibus'), ('VSCODE_GIT_ASKPASS_EXTRA_ARGS', ''), ('VSCODE_NONCE', '7c65222c-0a02-41ce-a83c-cc3ab3c073d9'), ('LC_ALL', 'en_US.UTF-8'), ('PWD', '/home/martina/rp_project/robot-programming-project/src/simple_robot/build/simple_robot'), ('GPG_TTY', '/dev/pts/8'), ('XDG_DATA_DIRS', '/usr/local/share/:/usr/share/:/var/lib/snapd/desktop'), ('ZDOTDIR', '/home/martina'), ('_P9K_TTY', '/dev/pts/8'), ('CONDA_EXE', '/home/martina/anaconda3/bin/conda'), ('LC_NUMERIC', 'it_IT.UTF-8'), ('PYTHONPATH', '/opt/ros/humble/lib/python3.10/site-packages:/opt/ros/humble/local/lib/python3.10/dist-packages:/home/martina/other/install/lib/python3.10/site-packages/'), ('LC_PAPER', 'it_IT.UTF-8'), ('CONDA_PREFIX', '/home/martina/anaconda3'), ('COLCON', '1'), ('MANPATH', '/usr/local/share/man:/home/martina/.cache/zsh4humans/v5/fzf/man:'), ('CMAKE_PREFIX_PATH', '/home/martina/rp_project/robot-programming-project/install/simple_robot:/opt/ros/humble')]), 'shell': False}
[28.851113] (simple_robot) StdoutLine: {'line': b'-- Install configuration: ""\n'}
[28.852847] (simple_robot) StdoutLine: {'line': b'-- Installing: /home/martina/rp_project/robot-programming-project/src/simple_robot/install/simple_robot/lib/simple_robot/robot_map_node\n'}
[28.862272] (simple_robot) StdoutLine: {'line': b'-- Set runtime path of "/home/martina/rp_project/robot-programming-project/src/simple_robot/install/simple_robot/lib/simple_robot/robot_map_node" to ""\n'}
[28.862660] (simple_robot) StdoutLine: {'line': b'-- Up-to-date: /home/martina/rp_project/robot-programming-project/src/simple_robot/install/simple_robot/share/ament_index/resource_index/package_run_dependencies/simple_robot\n'}
[28.863087] (simple_robot) StdoutLine: {'line': b'-- Up-to-date: /home/martina/rp_project/robot-programming-project/src/simple_robot/install/simple_robot/share/ament_index/resource_index/parent_prefix_path/simple_robot\n'}
[28.863856] (simple_robot) StdoutLine: {'line': b'-- Up-to-date: /home/martina/rp_project/robot-programming-project/src/simple_robot/install/simple_robot/share/simple_robot/environment/ament_prefix_path.sh\n'}
[28.864617] (simple_robot) StdoutLine: {'line': b'-- Installing: /home/martina/rp_project/robot-programming-project/src/simple_robot/install/simple_robot/share/simple_robot/environment/ament_prefix_path.dsv\n'}
[28.865763] (simple_robot) StdoutLine: {'line': b'-- Up-to-date: /home/martina/rp_project/robot-programming-project/src/simple_robot/install/simple_robot/share/simple_robot/environment/path.sh\n'}
[28.866099] (simple_robot) StdoutLine: {'line': b'-- Installing: /home/martina/rp_project/robot-programming-project/src/simple_robot/install/simple_robot/share/simple_robot/environment/path.dsv\n'}
[28.866466] (simple_robot) StdoutLine: {'line': b'-- Up-to-date: /home/martina/rp_project/robot-programming-project/src/simple_robot/install/simple_robot/share/simple_robot/local_setup.bash\n'}
[28.867182] (simple_robot) StdoutLine: {'line': b'-- Up-to-date: /home/martina/rp_project/robot-programming-project/src/simple_robot/install/simple_robot/share/simple_robot/local_setup.sh\n'}
[28.867553] (simple_robot) StdoutLine: {'line': b'-- Up-to-date: /home/martina/rp_project/robot-programming-project/src/simple_robot/install/simple_robot/share/simple_robot/local_setup.zsh\n'}
[28.869168] (simple_robot) StdoutLine: {'line': b'-- Installing: /home/martina/rp_project/robot-programming-project/src/simple_robot/install/simple_robot/share/simple_robot/local_setup.dsv\n'}
[28.869385] (simple_robot) StdoutLine: {'line': b'-- Installing: /home/martina/rp_project/robot-programming-project/src/simple_robot/install/simple_robot/share/simple_robot/package.dsv\n'}
[28.869543] (simple_robot) StdoutLine: {'line': b'-- Up-to-date: /home/martina/rp_project/robot-programming-project/src/simple_robot/install/simple_robot/share/ament_index/resource_index/packages/simple_robot\n'}
[28.869749] (simple_robot) StdoutLine: {'line': b'-- Up-to-date: /home/martina/rp_project/robot-programming-project/src/simple_robot/install/simple_robot/share/simple_robot/cmake/simple_robotConfig.cmake\n'}
[28.870166] (simple_robot) StdoutLine: {'line': b'-- Up-to-date: /home/martina/rp_project/robot-programming-project/src/simple_robot/install/simple_robot/share/simple_robot/cmake/simple_robotConfig-version.cmake\n'}
[28.870990] (simple_robot) StdoutLine: {'line': b'-- Up-to-date: /home/martina/rp_project/robot-programming-project/src/simple_robot/install/simple_robot/share/simple_robot/package.xml\n'}
[28.872114] (simple_robot) CommandEnded: {'returncode': 0}
[28.904652] (-) TimerEvent: {}
[28.924109] (simple_robot) JobEnded: {'identifier': 'simple_robot', 'rc': 0}
[28.926331] (-) EventReactorShutdown: {}
