[0.024s] Invoking command in '/home/martina/rp_project/robot-programming-project/src/simple_robot/build/simple_robot': CMAKE_PREFIX_PATH=${CMAKE_PREFIX_PATH}:/opt/ros/humble CONDA_PROMPT_MODIFIER=(base) /usr/bin/cmake /home/martina/rp_project/robot-programming-project/src/simple_robot -DCMAKE_INSTALL_PREFIX=/home/martina/rp_project/robot-programming-project/src/simple_robot/install/simple_robot
[0.141s] -- The C compiler identification is GNU 11.4.0
[0.260s] -- The CXX compiler identification is GNU 11.4.0
[0.281s] -- Detecting C compiler ABI info
[0.433s] -- Detecting C compiler ABI info - done
[0.456s] -- Check for working C compiler: /usr/lib/ccache/cc - skipped
[0.458s] -- Detecting C compile features
[0.459s] -- Detecting C compile features - done
[0.465s] -- Detecting CXX compiler ABI info
[0.662s] -- Detecting CXX compiler ABI info - done
[0.683s] -- Check for working CXX compiler: /usr/lib/ccache/c++ - skipped
[0.684s] -- Detecting CXX compile features
[0.688s] -- Detecting CXX compile features - done
[0.708s] -- Found OpenCV: /usr (found suitable version "4.5.4", minimum required is "4.5.4") 
[0.711s] -- Found ament_cmake: 1.3.11 (/opt/ros/humble/share/ament_cmake/cmake)
[0.982s] -- Found Python3: /usr/bin/python3 (found version "3.10.12") found components: Interpreter 
[1.149s] -- Found rclcpp: 16.0.11 (/opt/ros/humble/share/rclcpp/cmake)
[1.210s] -- Found rosidl_generator_c: 3.1.6 (/opt/ros/humble/share/rosidl_generator_c/cmake)
[1.219s] -- Found rosidl_adapter: 3.1.6 (/opt/ros/humble/share/rosidl_adapter/cmake)
[1.232s] -- Found rosidl_generator_cpp: 3.1.6 (/opt/ros/humble/share/rosidl_generator_cpp/cmake)
[1.253s] -- Using all available rosidl_typesupport_c: rosidl_typesupport_fastrtps_c;rosidl_typesupport_introspection_c
[1.280s] -- Using all available rosidl_typesupport_cpp: rosidl_typesupport_fastrtps_cpp;rosidl_typesupport_introspection_cpp
[1.356s] -- Found rmw_implementation_cmake: 6.1.2 (/opt/ros/humble/share/rmw_implementation_cmake/cmake)
[1.361s] -- Found rmw_fastrtps_cpp: 6.2.7 (/opt/ros/humble/share/rmw_fastrtps_cpp/cmake)
[1.565s] -- Found OpenSSL: /usr/lib/x86_64-linux-gnu/libcrypto.so (found version "3.0.2")  
[1.611s] -- Found FastRTPS: /opt/ros/humble/include  
[1.688s] -- Using RMW implementation 'rmw_fastrtps_cpp' as default
[1.700s] -- Looking for pthread.h
[1.836s] -- Looking for pthread.h - found
[1.837s] -- Performing Test CMAKE_HAVE_LIBC_PTHREAD
[1.983s] -- Performing Test CMAKE_HAVE_LIBC_PTHREAD - Success
[1.985s] -- Found Threads: TRUE  
[2.119s] -- Found geometry_msgs: 4.2.4 (/opt/ros/humble/share/geometry_msgs/cmake)
[2.153s] -- Found sensor_msgs: 4.2.4 (/opt/ros/humble/share/sensor_msgs/cmake)
[2.191s] -- Found nav_msgs: 4.2.4 (/opt/ros/humble/share/nav_msgs/cmake)
[2.236s] -- Found OpenCV: /usr (found version "4.5.4") 
[2.355s] -- DATA_DIR: /home/martina/rp_project/robot-programming-project/src/simple_robot/data
[2.355s] -- Configuring done
[2.396s] -- Generating done
[2.409s] -- Build files have been written to: /home/martina/rp_project/robot-programming-project/src/simple_robot/build/simple_robot
[2.439s] Invoked command in '/home/martina/rp_project/robot-programming-project/src/simple_robot/build/simple_robot' returned '0': CMAKE_PREFIX_PATH=${CMAKE_PREFIX_PATH}:/opt/ros/humble CONDA_PROMPT_MODIFIER=(base) /usr/bin/cmake /home/martina/rp_project/robot-programming-project/src/simple_robot -DCMAKE_INSTALL_PREFIX=/home/martina/rp_project/robot-programming-project/src/simple_robot/install/simple_robot
[2.441s] Invoking command in '/home/martina/rp_project/robot-programming-project/src/simple_robot/build/simple_robot': CMAKE_PREFIX_PATH=${CMAKE_PREFIX_PATH}:/opt/ros/humble CONDA_PROMPT_MODIFIER=(base) /usr/bin/cmake --build /home/martina/rp_project/robot-programming-project/src/simple_robot/build/simple_robot -- -j4 -l4
[2.536s] [35m[1mConsolidate compiler generated dependencies of target robot_map_node[0m
[2.542s] [35m[1mConsolidate compiler generated dependencies of target grid_map[0m
[2.618s] [ 50%] Built target robot_map_node
[2.629s] [100%] Built target grid_map
[2.661s] Invoked command in '/home/martina/rp_project/robot-programming-project/src/simple_robot/build/simple_robot' returned '0': CMAKE_PREFIX_PATH=${CMAKE_PREFIX_PATH}:/opt/ros/humble CONDA_PROMPT_MODIFIER=(base) /usr/bin/cmake --build /home/martina/rp_project/robot-programming-project/src/simple_robot/build/simple_robot -- -j4 -l4
[2.686s] Invoking command in '/home/martina/rp_project/robot-programming-project/src/simple_robot/build/simple_robot': CMAKE_PREFIX_PATH=${CMAKE_PREFIX_PATH}:/opt/ros/humble CONDA_PROMPT_MODIFIER=(base) /usr/bin/cmake --install /home/martina/rp_project/robot-programming-project/src/simple_robot/build/simple_robot
[2.701s] -- Install configuration: ""
[2.703s] -- Up-to-date: /home/martina/rp_project/robot-programming-project/src/simple_robot/install/simple_robot/lib/simple_robot/robot_map_node
[2.703s] -- Up-to-date: /home/martina/rp_project/robot-programming-project/src/simple_robot/install/simple_robot/share/ament_index/resource_index/package_run_dependencies/simple_robot
[2.704s] -- Up-to-date: /home/martina/rp_project/robot-programming-project/src/simple_robot/install/simple_robot/share/ament_index/resource_index/parent_prefix_path/simple_robot
[2.704s] -- Up-to-date: /home/martina/rp_project/robot-programming-project/src/simple_robot/install/simple_robot/share/simple_robot/environment/ament_prefix_path.sh
[2.705s] -- Installing: /home/martina/rp_project/robot-programming-project/src/simple_robot/install/simple_robot/share/simple_robot/environment/ament_prefix_path.dsv
[2.705s] -- Up-to-date: /home/martina/rp_project/robot-programming-project/src/simple_robot/install/simple_robot/share/simple_robot/environment/path.sh
[2.706s] -- Installing: /home/martina/rp_project/robot-programming-project/src/simple_robot/install/simple_robot/share/simple_robot/environment/path.dsv
[2.706s] -- Up-to-date: /home/martina/rp_project/robot-programming-project/src/simple_robot/install/simple_robot/share/simple_robot/local_setup.bash
[2.706s] -- Up-to-date: /home/martina/rp_project/robot-programming-project/src/simple_robot/install/simple_robot/share/simple_robot/local_setup.sh
[2.706s] -- Up-to-date: /home/martina/rp_project/robot-programming-project/src/simple_robot/install/simple_robot/share/simple_robot/local_setup.zsh
[2.707s] -- Installing: /home/martina/rp_project/robot-programming-project/src/simple_robot/install/simple_robot/share/simple_robot/local_setup.dsv
[2.707s] -- Installing: /home/martina/rp_project/robot-programming-project/src/simple_robot/install/simple_robot/share/simple_robot/package.dsv
[2.707s] -- Up-to-date: /home/martina/rp_project/robot-programming-project/src/simple_robot/install/simple_robot/share/ament_index/resource_index/packages/simple_robot
[2.707s] -- Up-to-date: /home/martina/rp_project/robot-programming-project/src/simple_robot/install/simple_robot/share/simple_robot/cmake/simple_robotConfig.cmake
[2.708s] -- Up-to-date: /home/martina/rp_project/robot-programming-project/src/simple_robot/install/simple_robot/share/simple_robot/cmake/simple_robotConfig-version.cmake
[2.711s] -- Up-to-date: /home/martina/rp_project/robot-programming-project/src/simple_robot/install/simple_robot/share/simple_robot/package.xml
[2.712s] Invoked command in '/home/martina/rp_project/robot-programming-project/src/simple_robot/build/simple_robot' returned '0': CMAKE_PREFIX_PATH=${CMAKE_PREFIX_PATH}:/opt/ros/humble CONDA_PROMPT_MODIFIER=(base) /usr/bin/cmake --install /home/martina/rp_project/robot-programming-project/src/simple_robot/build/simple_robot
