[0.040s] Invoking command in '/home/martina/rp_project/robot-programming-project/src/simple_robot/build/simple_robot': CMAKE_PREFIX_PATH=${CMAKE_PREFIX_PATH}:/opt/ros/humble CONDA_PROMPT_MODIFIER=(base) /usr/bin/cmake /home/martina/rp_project/robot-programming-project/src/simple_robot -DCMAKE_INSTALL_PREFIX=/home/martina/rp_project/robot-programming-project/src/simple_robot/install/simple_robot
[0.250s] -- The C compiler identification is GNU 11.4.0
[0.424s] -- The CXX compiler identification is GNU 11.4.0
[0.460s] -- Detecting C compiler ABI info
[0.641s] -- Detecting C compiler ABI info - done
[0.670s] -- Check for working C compiler: /usr/lib/ccache/cc - skipped
[0.672s] -- Detecting C compile features
[0.673s] -- Detecting C compile features - done
[0.712s] -- Detecting CXX compiler ABI info
[0.998s] -- Detecting CXX compiler ABI info - done
[1.019s] -- Check for working CXX compiler: /usr/lib/ccache/c++ - skipped
[1.019s] -- Detecting CXX compile features
[1.024s] -- Detecting CXX compile features - done
[1.040s] -- Found OpenCV: /usr (found suitable version "4.5.4", minimum required is "4.5.4") 
[1.045s] -- Found ament_cmake: 1.3.11 (/opt/ros/humble/share/ament_cmake/cmake)
[1.405s] -- Found Python3: /usr/bin/python3 (found version "3.10.12") found components: Interpreter 
[1.591s] -- Found rclcpp: 16.0.11 (/opt/ros/humble/share/rclcpp/cmake)
[1.674s] -- Found rosidl_generator_c: 3.1.6 (/opt/ros/humble/share/rosidl_generator_c/cmake)
[1.685s] -- Found rosidl_adapter: 3.1.6 (/opt/ros/humble/share/rosidl_adapter/cmake)
[1.701s] -- Found rosidl_generator_cpp: 3.1.6 (/opt/ros/humble/share/rosidl_generator_cpp/cmake)
[1.733s] -- Using all available rosidl_typesupport_c: rosidl_typesupport_fastrtps_c;rosidl_typesupport_introspection_c
[1.773s] -- Using all available rosidl_typesupport_cpp: rosidl_typesupport_fastrtps_cpp;rosidl_typesupport_introspection_cpp
[1.883s] -- Found rmw_implementation_cmake: 6.1.2 (/opt/ros/humble/share/rmw_implementation_cmake/cmake)
[1.886s] -- Found rmw_fastrtps_cpp: 6.2.7 (/opt/ros/humble/share/rmw_fastrtps_cpp/cmake)
[2.201s] -- Found OpenSSL: /usr/lib/x86_64-linux-gnu/libcrypto.so (found version "3.0.2")  
[2.273s] -- Found FastRTPS: /opt/ros/humble/include  
[2.382s] -- Using RMW implementation 'rmw_fastrtps_cpp' as default
[2.404s] -- Looking for pthread.h
[2.612s] -- Looking for pthread.h - found
[2.613s] -- Performing Test CMAKE_HAVE_LIBC_PTHREAD
[2.961s] -- Performing Test CMAKE_HAVE_LIBC_PTHREAD - Success
[2.975s] -- Found Threads: TRUE  
[3.265s] -- Found geometry_msgs: 4.2.4 (/opt/ros/humble/share/geometry_msgs/cmake)
[3.307s] -- Found sensor_msgs: 4.2.4 (/opt/ros/humble/share/sensor_msgs/cmake)
[3.351s] -- Found nav_msgs: 4.2.4 (/opt/ros/humble/share/nav_msgs/cmake)
[3.407s] -- Found OpenCV: /usr (found version "4.5.4") 
[3.615s] -- DATA_DIR: /home/martina/rp_project/robot-programming-project/src/simple_robot/data
[3.619s] -- Configuring done
[3.665s] -- Generating done
[3.688s] -- Build files have been written to: /home/martina/rp_project/robot-programming-project/src/simple_robot/build/simple_robot
[3.720s] Invoked command in '/home/martina/rp_project/robot-programming-project/src/simple_robot/build/simple_robot' returned '0': CMAKE_PREFIX_PATH=${CMAKE_PREFIX_PATH}:/opt/ros/humble CONDA_PROMPT_MODIFIER=(base) /usr/bin/cmake /home/martina/rp_project/robot-programming-project/src/simple_robot -DCMAKE_INSTALL_PREFIX=/home/martina/rp_project/robot-programming-project/src/simple_robot/install/simple_robot
[3.721s] Invoking command in '/home/martina/rp_project/robot-programming-project/src/simple_robot/build/simple_robot': CMAKE_PREFIX_PATH=${CMAKE_PREFIX_PATH}:/opt/ros/humble CONDA_PROMPT_MODIFIER=(base) /usr/bin/cmake --build /home/martina/rp_project/robot-programming-project/src/simple_robot/build/simple_robot -- -j4 -l4
[3.874s] [35m[1mConsolidate compiler generated dependencies of target robot_map_node[0m
[3.928s] [35m[1mConsolidate compiler generated dependencies of target grid_map[0m
[4.070s] [  8%] [32mBuilding CXX object CMakeFiles/robot_map_node.dir/src/grid_map.cpp.o[0m
[4.091s] [ 16%] [32mBuilding CXX object CMakeFiles/robot_map_node.dir/src/map_utils.cpp.o[0m
[4.096s] [ 25%] [32mBuilding CXX object CMakeFiles/robot_map_node.dir/src/robot.cpp.o[0m
[4.140s] [ 33%] [32mBuilding CXX object src/CMakeFiles/grid_map.dir/grid_map.cpp.o[0m
[15.495s] [ 41%] [32mBuilding CXX object src/CMakeFiles/grid_map.dir/map_utils.cpp.o[0m
[16.443s] [01m[K/home/martina/rp_project/robot-programming-project/src/simple_robot/src/map_utils.cpp:[m[K In function ‘[01m[Kvoid closeCanvas(Canvas&)[m[K’:
[16.443s] [01m[K/home/martina/rp_project/robot-programming-project/src/simple_robot/src/map_utils.cpp:40:27:[m[K [01;35m[Kwarning: [m[Kunused parameter ‘[01m[Kcanvas[m[K’ [[01;35m[K-Wunused-parameter[m[K]
[16.443s]    40 | void closeCanvas( [01;35m[KCanvas& canvas[m[K) {
[16.444s]       |                   [01;35m[K~~~~~~~~^~~~~~[m[K
[16.483s] [ 50%] [32mBuilding CXX object CMakeFiles/robot_map_node.dir/src/main.cpp.o[0m
[22.716s] [01m[K/home/martina/rp_project/robot-programming-project/src/simple_robot/src/map_utils.cpp:[m[K In function ‘[01m[Kvoid closeCanvas(Canvas&)[m[K’:
[22.716s] [01m[K/home/martina/rp_project/robot-programming-project/src/simple_robot/src/map_utils.cpp:40:27:[m[K [01;35m[Kwarning: [m[Kunused parameter ‘[01m[Kcanvas[m[K’ [[01;35m[K-Wunused-parameter[m[K]
[22.718s]    40 | void closeCanvas( [01;35m[KCanvas& canvas[m[K) {
[22.718s]       |                   [01;35m[K~~~~~~~~^~~~~~[m[K
[22.757s] [ 58%] [32mBuilding CXX object src/CMakeFiles/grid_map.dir/main.cpp.o[0m
[62.007s] [ 66%] [32m[1mLinking CXX executable robot_map_node[0m
[66.808s] [ 75%] Built target robot_map_node
[68.468s] [ 83%] [32mBuilding CXX object src/CMakeFiles/grid_map.dir/robot.cpp.o[0m
[73.871s] [ 91%] [32m[1mLinking CXX shared library libgrid_map.so[0m
[76.350s] [100%] Built target grid_map
[76.393s] Invoked command in '/home/martina/rp_project/robot-programming-project/src/simple_robot/build/simple_robot' returned '0': CMAKE_PREFIX_PATH=${CMAKE_PREFIX_PATH}:/opt/ros/humble CONDA_PROMPT_MODIFIER=(base) /usr/bin/cmake --build /home/martina/rp_project/robot-programming-project/src/simple_robot/build/simple_robot -- -j4 -l4
[76.420s] Invoking command in '/home/martina/rp_project/robot-programming-project/src/simple_robot/build/simple_robot': CMAKE_PREFIX_PATH=${CMAKE_PREFIX_PATH}:/opt/ros/humble CONDA_PROMPT_MODIFIER=(base) /usr/bin/cmake --install /home/martina/rp_project/robot-programming-project/src/simple_robot/build/simple_robot
[76.439s] -- Install configuration: ""
[76.441s] -- Installing: /home/martina/rp_project/robot-programming-project/src/simple_robot/install/simple_robot/lib/simple_robot/robot_map_node
[76.456s] -- Set runtime path of "/home/martina/rp_project/robot-programming-project/src/simple_robot/install/simple_robot/lib/simple_robot/robot_map_node" to ""
[76.456s] -- Up-to-date: /home/martina/rp_project/robot-programming-project/src/simple_robot/install/simple_robot/share/ament_index/resource_index/package_run_dependencies/simple_robot
[76.457s] -- Up-to-date: /home/martina/rp_project/robot-programming-project/src/simple_robot/install/simple_robot/share/ament_index/resource_index/parent_prefix_path/simple_robot
[76.457s] -- Up-to-date: /home/martina/rp_project/robot-programming-project/src/simple_robot/install/simple_robot/share/simple_robot/environment/ament_prefix_path.sh
[76.457s] -- Installing: /home/martina/rp_project/robot-programming-project/src/simple_robot/install/simple_robot/share/simple_robot/environment/ament_prefix_path.dsv
[76.457s] -- Up-to-date: /home/martina/rp_project/robot-programming-project/src/simple_robot/install/simple_robot/share/simple_robot/environment/path.sh
[76.457s] -- Installing: /home/martina/rp_project/robot-programming-project/src/simple_robot/install/simple_robot/share/simple_robot/environment/path.dsv
[76.458s] -- Up-to-date: /home/martina/rp_project/robot-programming-project/src/simple_robot/install/simple_robot/share/simple_robot/local_setup.bash
[76.458s] -- Up-to-date: /home/martina/rp_project/robot-programming-project/src/simple_robot/install/simple_robot/share/simple_robot/local_setup.sh
[76.458s] -- Up-to-date: /home/martina/rp_project/robot-programming-project/src/simple_robot/install/simple_robot/share/simple_robot/local_setup.zsh
[76.458s] -- Installing: /home/martina/rp_project/robot-programming-project/src/simple_robot/install/simple_robot/share/simple_robot/local_setup.dsv
[76.459s] -- Installing: /home/martina/rp_project/robot-programming-project/src/simple_robot/install/simple_robot/share/simple_robot/package.dsv
[76.459s] -- Up-to-date: /home/martina/rp_project/robot-programming-project/src/simple_robot/install/simple_robot/share/ament_index/resource_index/packages/simple_robot
[76.459s] -- Up-to-date: /home/martina/rp_project/robot-programming-project/src/simple_robot/install/simple_robot/share/simple_robot/cmake/simple_robotConfig.cmake
[76.459s] -- Up-to-date: /home/martina/rp_project/robot-programming-project/src/simple_robot/install/simple_robot/share/simple_robot/cmake/simple_robotConfig-version.cmake
[76.459s] -- Up-to-date: /home/martina/rp_project/robot-programming-project/src/simple_robot/install/simple_robot/share/simple_robot/package.xml
[76.464s] Invoked command in '/home/martina/rp_project/robot-programming-project/src/simple_robot/build/simple_robot' returned '0': CMAKE_PREFIX_PATH=${CMAKE_PREFIX_PATH}:/opt/ros/humble CONDA_PROMPT_MODIFIER=(base) /usr/bin/cmake --install /home/martina/rp_project/robot-programming-project/src/simple_robot/build/simple_robot
