[0.000000] (-) TimerEvent: {}
[0.000440] (simple_robot) JobQueued: {'identifier': 'simple_robot', 'dependencies': OrderedDict()}
[0.000533] (simple_robot) JobStarted: {'identifier': 'simple_robot'}
[0.018285] (simple_robot) JobProgress: {'identifier': 'simple_robot', 'progress': 'cmake'}
[0.019118] (simple_robot) Command: {'cmd': ['/usr/bin/cmake', '/home/martina/rp_project/robot-programming-project/src/simple_robot', '-DCMAKE_INSTALL_PREFIX=/home/martina/rp_project/robot-programming-project/src/simple_robot/install/simple_robot'], 'cwd': '/home/martina/rp_project/robot-programming-project/src/simple_robot/build/simple_robot', 'env': OrderedDict([('GJS_DEBUG_TOPICS', 'JS ERROR;JS LOG'), ('LESSOPEN', '| /usr/bin/env /usr/bin/lesspipe %s 2>/dev/null'), ('CONDA_PROMPT_MODIFIER', '(base)'), ('LC_TIME', 'it_IT.UTF-8'), ('USER', 'martina'), ('XDG_SESSION_TYPE', 'wayland'), ('GIT_ASKPASS', '/usr/share/code/resources/app/extensions/git/dist/askpass.sh'), ('SHLVL', '2'), ('LD_LIBRARY_PATH', '/opt/ros/humble/opt/rviz_ogre_vendor/lib:/opt/ros/humble/lib/x86_64-linux-gnu:/opt/ros/humble/lib::/home/martina/.mujoco/mujoco210/bin:/usr/lib/nvidia:~/anaconda3/lib'), ('HOME', '/home/martina'), ('OLDPWD', '/home/martina/rp_project/robot-programming-project/src/simple_robot'), ('CHROME_DESKTOP', 'code.desktop'), ('TERMINFO', '/home/martina/.terminfo'), ('LESS', '-iRFXMx4'), ('CONDA_SHLVL', '1'), ('DESKTOP_SESSION', 'ubuntu'), ('TERM_PROGRAM_VERSION', '1.97.2'), ('GIO_LAUNCHED_DESKTOP_FILE', '/usr/share/applications/code.desktop'), ('LSCOLORS', 'ExGxDxDxCxDxDxFxFxexEx'), ('GTK_MODULES', 'gail:atk-bridge'), ('GNOME_SHELL_SESSION_MODE', 'ubuntu'), ('VSCODE_GIT_ASKPASS_MAIN', '/usr/share/code/resources/app/extensions/git/dist/askpass-main.js'), ('PAGER', 'less'), ('ROS_PYTHON_VERSION', '3'), ('LC_MONETARY', 'it_IT.UTF-8'), ('MANAGERPID', '887'), ('VSCODE_GIT_ASKPASS_NODE', '/usr/share/code/code'), ('SYSTEMD_EXEC_PID', '1152'), ('DBUS_SESSION_BUS_ADDRESS', 'unix:path=/run/user/1000/bus'), ('P9K_TTY', 'old'), ('GIO_LAUNCHED_DESKTOP_FILE_PID', '3260'), ('COLORTERM', 'truecolor'), ('_CE_M', ''), ('WAYLAND_DISPLAY', 'wayland-0'), ('INFOPATH', ''), ('ROS_DISTRO', 'humble'), ('COLCON_PREFIX_PATH', '/home/martina/rp_project/robot-programming-project/install:/home/martina/rp_project/robot-programming-project/src/simple_robot/install:/home/martina/rp_project/robot-programming-project/install'), ('LOGNAME', 'martina'), ('_', '/usr/bin/colcon'), ('JOURNAL_STREAM', '8:11413'), ('_P9K_SSH_TTY', '/dev/pts/3'), ('XDG_SESSION_CLASS', 'user'), ('USER_ZDOTDIR', '/home/martina'), ('ROS_VERSION', '2'), ('USERNAME', 'martina'), ('TERM', 'xterm-256color'), ('GNOME_DESKTOP_SESSION_ID', 'this-is-deprecated'), ('_CE_CONDA', ''), ('ROS_LOCALHOST_ONLY', '0'), ('PATH', '/opt/ros/humble/bin:/home/martina/.local/bin:/home/martina/.local/bin:/usr/lib/ccache:.:/home/martina/.mujoco/mujoco210/bin:/usr/lib/nvidia:/home/martina/anaconda3/condabin:/home/martina/bin:/home/martina/.local/bin:/usr/local/sbin:/usr/local/bin:/usr/sbin:/usr/bin:/sbin:/bin:/usr/games:/usr/local/games:/snap/bin:/home/martina/.cache/zsh4humans/v5/fzf/bin:/home/martina/other/install/bin'), ('SESSION_MANAGER', 'local/Martina-ThinkPad-X1-Yoga:@/tmp/.ICE-unix/1105,unix/Martina-ThinkPad-X1-Yoga:/tmp/.ICE-unix/1105'), ('INVOCATION_ID', 'abb78b4b018940349bd4da4c8fed9753'), ('LC_ADDRESS', 'it_IT.UTF-8'), ('XDG_RUNTIME_DIR', '/run/user/1000'), ('XDG_MENU_PREFIX', 'gnome-'), ('GNOME_SETUP_DISPLAY', ':1'), ('GDK_BACKEND', 'x11'), ('DISPLAY', ':0'), ('LANG', 'en_US.UTF-8'), ('LC_TELEPHONE', 'it_IT.UTF-8'), ('XDG_CURRENT_DESKTOP', 'Unity'), ('VSCODE_INJECTION', '1'), ('LD_PRELOAD', ':/usr/lib/x86_64-linux-gnu/libGLEW.so'), ('XDG_SESSION_DESKTOP', 'ubuntu'), ('XMODIFIERS', '@im=ibus'), ('XAUTHORITY', '/run/user/1000/.mutter-Xwaylandauth.L52E22'), ('TERM_PROGRAM', 'vscode'), ('VSCODE_GIT_IPC_HANDLE', '/run/user/1000/vscode-git-f640f2b3f6.sock'), ('LS_COLORS', 'fi=00:mi=00:mh=00:ln=01;36:or=01;31:di=01;34:ow=04;01;34:st=34:tw=04;34:pi=01;33:so=01;33:do=01;33:bd=01;33:cd=01;33:su=01;35:sg=01;35:ca=01;35:ex=01;32:no=38;5;248'), ('TREE_COLORS', 'fi=00:mi=00:mh=00:ln=01;36:or=01;31:di=01;34:ow=01;34:st=34:tw=34:pi=01;33:so=01;33:do=01;33:bd=01;33:cd=01;33:su=01;35:sg=01;35:ca=01;35:ex=01;32'), ('SSH_AGENT_LAUNCHER', 'gnome-keyring'), ('SSH_AUTH_SOCK', '/run/user/1000/keyring/ssh'), ('ORIGINAL_XDG_CURRENT_DESKTOP', 'ubuntu:GNOME'), ('CONDA_PYTHON_EXE', '/home/martina/anaconda3/bin/python'), ('AMENT_PREFIX_PATH', '/home/martina/rp_project/robot-programming-project/src/simple_robot/install/simple_robot:/home/martina/rp_project/robot-programming-project/install/simple_robot:/opt/ros/humble'), ('LC_NAME', 'it_IT.UTF-8'), ('SHELL', '/usr/local/bin/zsh'), ('DEST', '/home/martina/other/install'), ('QT_ACCESSIBILITY', '1'), ('GDMSESSION', 'ubuntu'), ('CONDA_DEFAULT_ENV', 'base'), ('LC_MEASUREMENT', 'it_IT.UTF-8'), ('LC_IDENTIFICATION', 'it_IT.UTF-8'), ('GJS_DEBUG_OUTPUT', 'stderr'), ('P9K_SSH', '0'), ('QT_IM_MODULE', 'ibus'), ('VSCODE_GIT_ASKPASS_EXTRA_ARGS', ''), ('VSCODE_NONCE', '1ad4f682-72d1-4075-8257-e4257286b7b3'), ('LC_ALL', 'en_US.UTF-8'), ('PWD', '/home/martina/rp_project/robot-programming-project/src/simple_robot/build/simple_robot'), ('GPG_TTY', '/dev/pts/3'), ('XDG_DATA_DIRS', '/usr/local/share/:/usr/share/:/var/lib/snapd/desktop'), ('ZDOTDIR', '/home/martina'), ('_P9K_TTY', '/dev/pts/3'), ('CONDA_EXE', '/home/martina/anaconda3/bin/conda'), ('LC_NUMERIC', 'it_IT.UTF-8'), ('PYTHONPATH', '/opt/ros/humble/lib/python3.10/site-packages:/opt/ros/humble/local/lib/python3.10/dist-packages:/home/martina/other/install/lib/python3.10/site-packages/'), ('LC_PAPER', 'it_IT.UTF-8'), ('CONDA_PREFIX', '/home/martina/anaconda3'), ('COLCON', '1'), ('MANPATH', '/usr/local/share/man:/home/martina/.cache/zsh4humans/v5/fzf/man:'), ('CMAKE_PREFIX_PATH', '/home/martina/rp_project/robot-programming-project/src/simple_robot/install/simple_robot:/home/martina/rp_project/robot-programming-project/install/simple_robot:/opt/ros/humble')]), 'shell': False}
[0.099345] (-) TimerEvent: {}
[0.149451] (simple_robot) StdoutLine: {'line': b'-- The C compiler identification is GNU 11.4.0\n'}
[0.199460] (-) TimerEvent: {}
[0.277735] (simple_robot) StdoutLine: {'line': b'-- The CXX compiler identification is GNU 11.4.0\n'}
[0.299643] (-) TimerEvent: {}
[0.302176] (simple_robot) StdoutLine: {'line': b'-- Detecting C compiler ABI info\n'}
[0.399766] (-) TimerEvent: {}
[0.466915] (simple_robot) StdoutLine: {'line': b'-- Detecting C compiler ABI info - done\n'}
[0.489461] (simple_robot) StdoutLine: {'line': b'-- Check for working C compiler: /usr/lib/ccache/cc - skipped\n'}
[0.492868] (simple_robot) StdoutLine: {'line': b'-- Detecting C compile features\n'}
[0.493379] (simple_robot) StdoutLine: {'line': b'-- Detecting C compile features - done\n'}
[0.501181] (-) TimerEvent: {}
[0.503431] (simple_robot) StdoutLine: {'line': b'-- Detecting CXX compiler ABI info\n'}
[0.601298] (-) TimerEvent: {}
[0.676564] (simple_robot) StdoutLine: {'line': b'-- Detecting CXX compiler ABI info - done\n'}
[0.687867] (simple_robot) StdoutLine: {'line': b'-- Check for working CXX compiler: /usr/lib/ccache/c++ - skipped\n'}
[0.689282] (simple_robot) StdoutLine: {'line': b'-- Detecting CXX compile features\n'}
[0.689676] (simple_robot) StdoutLine: {'line': b'-- Detecting CXX compile features - done\n'}
[0.701434] (-) TimerEvent: {}
[0.709105] (simple_robot) StdoutLine: {'line': b'-- Found OpenCV: /usr (found suitable version "4.5.4", minimum required is "4.5.4") \n'}
[0.712506] (simple_robot) StdoutLine: {'line': b'-- Found ament_cmake: 1.3.11 (/opt/ros/humble/share/ament_cmake/cmake)\n'}
[0.801541] (-) TimerEvent: {}
[0.901910] (-) TimerEvent: {}
[1.002247] (-) TimerEvent: {}
[1.004889] (simple_robot) StdoutLine: {'line': b'-- Found Python3: /usr/bin/python3 (found version "3.10.12") found components: Interpreter \n'}
[1.102394] (-) TimerEvent: {}
[1.148804] (simple_robot) StdoutLine: {'line': b'-- Found rclcpp: 16.0.11 (/opt/ros/humble/share/rclcpp/cmake)\n'}
[1.202497] (-) TimerEvent: {}
[1.216503] (simple_robot) StdoutLine: {'line': b'-- Found rosidl_generator_c: 3.1.6 (/opt/ros/humble/share/rosidl_generator_c/cmake)\n'}
[1.223838] (simple_robot) StdoutLine: {'line': b'-- Found rosidl_adapter: 3.1.6 (/opt/ros/humble/share/rosidl_adapter/cmake)\n'}
[1.241348] (simple_robot) StdoutLine: {'line': b'-- Found rosidl_generator_cpp: 3.1.6 (/opt/ros/humble/share/rosidl_generator_cpp/cmake)\n'}
[1.267506] (simple_robot) StdoutLine: {'line': b'-- Using all available rosidl_typesupport_c: rosidl_typesupport_fastrtps_c;rosidl_typesupport_introspection_c\n'}
[1.301523] (simple_robot) StdoutLine: {'line': b'-- Using all available rosidl_typesupport_cpp: rosidl_typesupport_fastrtps_cpp;rosidl_typesupport_introspection_cpp\n'}
[1.302586] (-) TimerEvent: {}
[1.371990] (simple_robot) StdoutLine: {'line': b'-- Found rmw_implementation_cmake: 6.1.2 (/opt/ros/humble/share/rmw_implementation_cmake/cmake)\n'}
[1.375682] (simple_robot) StdoutLine: {'line': b'-- Found rmw_fastrtps_cpp: 6.2.7 (/opt/ros/humble/share/rmw_fastrtps_cpp/cmake)\n'}
[1.402729] (-) TimerEvent: {}
[1.503078] (-) TimerEvent: {}
[1.583771] (simple_robot) StdoutLine: {'line': b'-- Found OpenSSL: /usr/lib/x86_64-linux-gnu/libcrypto.so (found version "3.0.2")  \n'}
[1.603226] (-) TimerEvent: {}
[1.635259] (simple_robot) StdoutLine: {'line': b'-- Found FastRTPS: /opt/ros/humble/include  \n'}
[1.703308] (-) TimerEvent: {}
[1.714893] (simple_robot) StdoutLine: {'line': b"-- Using RMW implementation 'rmw_fastrtps_cpp' as default\n"}
[1.730552] (simple_robot) StdoutLine: {'line': b'-- Looking for pthread.h\n'}
[1.803425] (-) TimerEvent: {}
[1.872534] (simple_robot) StdoutLine: {'line': b'-- Looking for pthread.h - found\n'}
[1.872998] (simple_robot) StdoutLine: {'line': b'-- Performing Test CMAKE_HAVE_LIBC_PTHREAD\n'}
[1.903542] (-) TimerEvent: {}
[2.003922] (-) TimerEvent: {}
[2.012415] (simple_robot) StdoutLine: {'line': b'-- Performing Test CMAKE_HAVE_LIBC_PTHREAD - Success\n'}
[2.017188] (simple_robot) StdoutLine: {'line': b'-- Found Threads: TRUE  \n'}
[2.104082] (-) TimerEvent: {}
[2.119691] (simple_robot) StdoutLine: {'line': b'-- Found geometry_msgs: 4.2.4 (/opt/ros/humble/share/geometry_msgs/cmake)\n'}
[2.154082] (simple_robot) StdoutLine: {'line': b'-- Found OpenCV: /usr (found version "4.5.4") \n'}
[2.204206] (-) TimerEvent: {}
[2.276686] (simple_robot) StdoutLine: {'line': b'-- DATA_DIR: /home/martina/rp_project/robot-programming-project/src/simple_robot/data\n'}
[2.277033] (simple_robot) StdoutLine: {'line': b'-- Configuring done\n'}
[2.304354] (-) TimerEvent: {}
[2.349822] (simple_robot) StdoutLine: {'line': b'-- Generating done\n'}
[2.371049] (simple_robot) StdoutLine: {'line': b'-- Build files have been written to: /home/martina/rp_project/robot-programming-project/src/simple_robot/build/simple_robot\n'}
[2.397836] (simple_robot) CommandEnded: {'returncode': 0}
[2.400150] (simple_robot) JobProgress: {'identifier': 'simple_robot', 'progress': 'build'}
[2.400325] (simple_robot) Command: {'cmd': ['/usr/bin/cmake', '--build', '/home/martina/rp_project/robot-programming-project/src/simple_robot/build/simple_robot', '--', '-j4', '-l4'], 'cwd': '/home/martina/rp_project/robot-programming-project/src/simple_robot/build/simple_robot', 'env': OrderedDict([('GJS_DEBUG_TOPICS', 'JS ERROR;JS LOG'), ('LESSOPEN', '| /usr/bin/env /usr/bin/lesspipe %s 2>/dev/null'), ('CONDA_PROMPT_MODIFIER', '(base)'), ('LC_TIME', 'it_IT.UTF-8'), ('USER', 'martina'), ('XDG_SESSION_TYPE', 'wayland'), ('GIT_ASKPASS', '/usr/share/code/resources/app/extensions/git/dist/askpass.sh'), ('SHLVL', '2'), ('LD_LIBRARY_PATH', '/opt/ros/humble/opt/rviz_ogre_vendor/lib:/opt/ros/humble/lib/x86_64-linux-gnu:/opt/ros/humble/lib::/home/martina/.mujoco/mujoco210/bin:/usr/lib/nvidia:~/anaconda3/lib'), ('HOME', '/home/martina'), ('OLDPWD', '/home/martina/rp_project/robot-programming-project/src/simple_robot'), ('CHROME_DESKTOP', 'code.desktop'), ('TERMINFO', '/home/martina/.terminfo'), ('LESS', '-iRFXMx4'), ('CONDA_SHLVL', '1'), ('DESKTOP_SESSION', 'ubuntu'), ('TERM_PROGRAM_VERSION', '1.97.2'), ('GIO_LAUNCHED_DESKTOP_FILE', '/usr/share/applications/code.desktop'), ('LSCOLORS', 'ExGxDxDxCxDxDxFxFxexEx'), ('GTK_MODULES', 'gail:atk-bridge'), ('GNOME_SHELL_SESSION_MODE', 'ubuntu'), ('VSCODE_GIT_ASKPASS_MAIN', '/usr/share/code/resources/app/extensions/git/dist/askpass-main.js'), ('PAGER', 'less'), ('ROS_PYTHON_VERSION', '3'), ('LC_MONETARY', 'it_IT.UTF-8'), ('MANAGERPID', '887'), ('VSCODE_GIT_ASKPASS_NODE', '/usr/share/code/code'), ('SYSTEMD_EXEC_PID', '1152'), ('DBUS_SESSION_BUS_ADDRESS', 'unix:path=/run/user/1000/bus'), ('P9K_TTY', 'old'), ('GIO_LAUNCHED_DESKTOP_FILE_PID', '3260'), ('COLORTERM', 'truecolor'), ('_CE_M', ''), ('WAYLAND_DISPLAY', 'wayland-0'), ('INFOPATH', ''), ('ROS_DISTRO', 'humble'), ('COLCON_PREFIX_PATH', '/home/martina/rp_project/robot-programming-project/install:/home/martina/rp_project/robot-programming-project/src/simple_robot/install:/home/martina/rp_project/robot-programming-project/install'), ('LOGNAME', 'martina'), ('_', '/usr/bin/colcon'), ('JOURNAL_STREAM', '8:11413'), ('_P9K_SSH_TTY', '/dev/pts/3'), ('XDG_SESSION_CLASS', 'user'), ('USER_ZDOTDIR', '/home/martina'), ('ROS_VERSION', '2'), ('USERNAME', 'martina'), ('TERM', 'xterm-256color'), ('GNOME_DESKTOP_SESSION_ID', 'this-is-deprecated'), ('_CE_CONDA', ''), ('ROS_LOCALHOST_ONLY', '0'), ('PATH', '/opt/ros/humble/bin:/home/martina/.local/bin:/home/martina/.local/bin:/usr/lib/ccache:.:/home/martina/.mujoco/mujoco210/bin:/usr/lib/nvidia:/home/martina/anaconda3/condabin:/home/martina/bin:/home/martina/.local/bin:/usr/local/sbin:/usr/local/bin:/usr/sbin:/usr/bin:/sbin:/bin:/usr/games:/usr/local/games:/snap/bin:/home/martina/.cache/zsh4humans/v5/fzf/bin:/home/martina/other/install/bin'), ('SESSION_MANAGER', 'local/Martina-ThinkPad-X1-Yoga:@/tmp/.ICE-unix/1105,unix/Martina-ThinkPad-X1-Yoga:/tmp/.ICE-unix/1105'), ('INVOCATION_ID', 'abb78b4b018940349bd4da4c8fed9753'), ('LC_ADDRESS', 'it_IT.UTF-8'), ('XDG_RUNTIME_DIR', '/run/user/1000'), ('XDG_MENU_PREFIX', 'gnome-'), ('GNOME_SETUP_DISPLAY', ':1'), ('GDK_BACKEND', 'x11'), ('DISPLAY', ':0'), ('LANG', 'en_US.UTF-8'), ('LC_TELEPHONE', 'it_IT.UTF-8'), ('XDG_CURRENT_DESKTOP', 'Unity'), ('VSCODE_INJECTION', '1'), ('LD_PRELOAD', ':/usr/lib/x86_64-linux-gnu/libGLEW.so'), ('XDG_SESSION_DESKTOP', 'ubuntu'), ('XMODIFIERS', '@im=ibus'), ('XAUTHORITY', '/run/user/1000/.mutter-Xwaylandauth.L52E22'), ('TERM_PROGRAM', 'vscode'), ('VSCODE_GIT_IPC_HANDLE', '/run/user/1000/vscode-git-f640f2b3f6.sock'), ('LS_COLORS', 'fi=00:mi=00:mh=00:ln=01;36:or=01;31:di=01;34:ow=04;01;34:st=34:tw=04;34:pi=01;33:so=01;33:do=01;33:bd=01;33:cd=01;33:su=01;35:sg=01;35:ca=01;35:ex=01;32:no=38;5;248'), ('TREE_COLORS', 'fi=00:mi=00:mh=00:ln=01;36:or=01;31:di=01;34:ow=01;34:st=34:tw=34:pi=01;33:so=01;33:do=01;33:bd=01;33:cd=01;33:su=01;35:sg=01;35:ca=01;35:ex=01;32'), ('SSH_AGENT_LAUNCHER', 'gnome-keyring'), ('SSH_AUTH_SOCK', '/run/user/1000/keyring/ssh'), ('ORIGINAL_XDG_CURRENT_DESKTOP', 'ubuntu:GNOME'), ('CONDA_PYTHON_EXE', '/home/martina/anaconda3/bin/python'), ('AMENT_PREFIX_PATH', '/home/martina/rp_project/robot-programming-project/src/simple_robot/install/simple_robot:/home/martina/rp_project/robot-programming-project/install/simple_robot:/opt/ros/humble'), ('LC_NAME', 'it_IT.UTF-8'), ('SHELL', '/usr/local/bin/zsh'), ('DEST', '/home/martina/other/install'), ('QT_ACCESSIBILITY', '1'), ('GDMSESSION', 'ubuntu'), ('CONDA_DEFAULT_ENV', 'base'), ('LC_MEASUREMENT', 'it_IT.UTF-8'), ('LC_IDENTIFICATION', 'it_IT.UTF-8'), ('GJS_DEBUG_OUTPUT', 'stderr'), ('P9K_SSH', '0'), ('QT_IM_MODULE', 'ibus'), ('VSCODE_GIT_ASKPASS_EXTRA_ARGS', ''), ('VSCODE_NONCE', '1ad4f682-72d1-4075-8257-e4257286b7b3'), ('LC_ALL', 'en_US.UTF-8'), ('PWD', '/home/martina/rp_project/robot-programming-project/src/simple_robot/build/simple_robot'), ('GPG_TTY', '/dev/pts/3'), ('XDG_DATA_DIRS', '/usr/local/share/:/usr/share/:/var/lib/snapd/desktop'), ('ZDOTDIR', '/home/martina'), ('_P9K_TTY', '/dev/pts/3'), ('CONDA_EXE', '/home/martina/anaconda3/bin/conda'), ('LC_NUMERIC', 'it_IT.UTF-8'), ('PYTHONPATH', '/opt/ros/humble/lib/python3.10/site-packages:/opt/ros/humble/local/lib/python3.10/dist-packages:/home/martina/other/install/lib/python3.10/site-packages/'), ('LC_PAPER', 'it_IT.UTF-8'), ('CONDA_PREFIX', '/home/martina/anaconda3'), ('COLCON', '1'), ('MANPATH', '/usr/local/share/man:/home/martina/.cache/zsh4humans/v5/fzf/man:'), ('CMAKE_PREFIX_PATH', '/home/martina/rp_project/robot-programming-project/src/simple_robot/install/simple_robot:/home/martina/rp_project/robot-programming-project/install/simple_robot:/opt/ros/humble')]), 'shell': False}
[2.404492] (-) TimerEvent: {}
[2.501510] (simple_robot) StdoutLine: {'line': b'\x1b[35m\x1b[1mConsolidate compiler generated dependencies of target robot_map_node\x1b[0m\n'}
[2.503325] (simple_robot) StdoutLine: {'line': b'\x1b[35m\x1b[1mConsolidate compiler generated dependencies of target grid_map\x1b[0m\n'}
[2.504568] (-) TimerEvent: {}
[2.597671] (simple_robot) StdoutLine: {'line': b'[  5%] \x1b[32mBuilding CXX object CMakeFiles/robot_map_node.dir/src/grid_map.cpp.o\x1b[0m\n'}
[2.598806] (simple_robot) StdoutLine: {'line': b'[ 11%] \x1b[32mBuilding CXX object CMakeFiles/robot_map_node.dir/src/dmap.cpp.o\x1b[0m\n'}
[2.604843] (-) TimerEvent: {}
[2.608166] (simple_robot) StdoutLine: {'line': b'[ 17%] \x1b[32mBuilding CXX object CMakeFiles/robot_map_node.dir/src/robot.cpp.o\x1b[0m\n'}
[2.617397] (simple_robot) StdoutLine: {'line': b'[ 58%] Built target grid_map\n'}
[2.704969] (-) TimerEvent: {}
[2.713016] (simple_robot) StdoutLine: {'line': b'\x1b[35m\x1b[1mConsolidate compiler generated dependencies of target test_map\x1b[0m\n'}
[2.805130] (-) TimerEvent: {}
[2.840201] (simple_robot) StdoutLine: {'line': b'[ 64%] \x1b[32m\x1b[1mLinking CXX executable test_map\x1b[0m\n'}
[2.907131] (-) TimerEvent: {}
[3.008726] (-) TimerEvent: {}
[3.112807] (-) TimerEvent: {}
[3.213250] (-) TimerEvent: {}
[3.247565] (simple_robot) StdoutLine: {'line': b'[ 70%] \x1b[32mBuilding CXX object CMakeFiles/robot_map_node.dir/src/map_utils.cpp.o\x1b[0m\n'}
[3.316152] (-) TimerEvent: {}
[3.416554] (-) TimerEvent: {}
[3.516973] (-) TimerEvent: {}
[3.617426] (-) TimerEvent: {}
[3.717860] (-) TimerEvent: {}
[3.820344] (-) TimerEvent: {}
[3.905113] (simple_robot) StdoutLine: {'line': b'[ 76%] \x1b[32mBuilding CXX object CMakeFiles/robot_map_node.dir/src/main.cpp.o\x1b[0m\n'}
[3.920527] (-) TimerEvent: {}
[4.020899] (-) TimerEvent: {}
[4.121881] (-) TimerEvent: {}
[4.224144] (-) TimerEvent: {}
[4.325341] (-) TimerEvent: {}
[4.383223] (simple_robot) StdoutLine: {'line': b'\x1b[35m\x1b[1mConsolidate compiler generated dependencies of target test_robot\x1b[0m\n'}
[4.425447] (-) TimerEvent: {}
[4.459206] (simple_robot) StdoutLine: {'line': b'[ 82%] \x1b[32m\x1b[1mLinking CXX executable test_robot\x1b[0m\n'}
[4.525612] (-) TimerEvent: {}
[4.626238] (-) TimerEvent: {}
[4.726703] (-) TimerEvent: {}
[4.829153] (-) TimerEvent: {}
[4.929597] (-) TimerEvent: {}
[4.930767] (simple_robot) StderrLine: {'line': b"/usr/bin/ld: ../src/libgrid_map.so: undefined reference to `rosidl_message_type_support_t const* rosidl_typesupport_cpp::get_message_type_support_handle<geometry_msgs::msg::Pose2D_<std::allocator<void> > >()'\n"}
[4.933677] (simple_robot) StderrLine: {'line': b"/usr/bin/ld: ../src/libgrid_map.so: undefined reference to `rosidl_message_type_support_t const* rosidl_typesupport_cpp::get_message_type_support_handle<std_msgs::msg::Float32_<std::allocator<void> > >()'\n"}
[5.006706] (simple_robot) StderrLine: {'line': b'collect2: error: ld returned 1 exit status\n'}
[5.013527] (simple_robot) StderrLine: {'line': b'gmake[2]: *** [test/CMakeFiles/test_map.dir/build.make:206: test/test_map] Error 1\n'}
[5.013945] (simple_robot) StderrLine: {'line': b'gmake[1]: *** [CMakeFiles/Makefile2:226: test/CMakeFiles/test_map.dir/all] Error 2\n'}
[5.014156] (simple_robot) StderrLine: {'line': b'gmake[1]: *** Waiting for unfinished jobs....\n'}
[5.029710] (-) TimerEvent: {}
[5.130449] (-) TimerEvent: {}
[5.231087] (-) TimerEvent: {}
[5.331721] (-) TimerEvent: {}
[5.434295] (-) TimerEvent: {}
[5.534896] (-) TimerEvent: {}
[5.635569] (-) TimerEvent: {}
[5.680691] (simple_robot) StderrLine: {'line': b"/usr/bin/ld: ../src/libgrid_map.so: undefined reference to `rosidl_message_type_support_t const* rosidl_typesupport_cpp::get_message_type_support_handle<geometry_msgs::msg::Pose2D_<std::allocator<void> > >()'\n"}
[5.681860] (simple_robot) StderrLine: {'line': b"/usr/bin/ld: ../src/libgrid_map.so: undefined reference to `rosidl_message_type_support_t const* rosidl_typesupport_cpp::get_message_type_support_handle<std_msgs::msg::Float32_<std::allocator<void> > >()'\n"}
[5.729337] (simple_robot) StderrLine: {'line': b'collect2: error: ld returned 1 exit status\n'}
[5.734165] (simple_robot) StderrLine: {'line': b'gmake[2]: *** [test/CMakeFiles/test_robot.dir/build.make:206: test/test_robot] Error 1\n'}
[5.735417] (simple_robot) StderrLine: {'line': b'gmake[1]: *** [CMakeFiles/Makefile2:252: test/CMakeFiles/test_robot.dir/all] Error 2\n'}
[5.736204] (-) TimerEvent: {}
[5.836823] (-) TimerEvent: {}
[5.937178] (-) TimerEvent: {}
[6.037562] (-) TimerEvent: {}
[6.137914] (-) TimerEvent: {}
[6.238265] (-) TimerEvent: {}
[6.338619] (-) TimerEvent: {}
[6.438992] (-) TimerEvent: {}
[6.539328] (-) TimerEvent: {}
[6.639693] (-) TimerEvent: {}
[6.740057] (-) TimerEvent: {}
[6.840421] (-) TimerEvent: {}
[6.940783] (-) TimerEvent: {}
[7.041142] (-) TimerEvent: {}
[7.141494] (-) TimerEvent: {}
[7.241842] (-) TimerEvent: {}
[7.345311] (-) TimerEvent: {}
[7.447151] (-) TimerEvent: {}
[7.547577] (-) TimerEvent: {}
[7.648050] (-) TimerEvent: {}
[7.748507] (-) TimerEvent: {}
[7.848934] (-) TimerEvent: {}
[7.949389] (-) TimerEvent: {}
[8.049816] (-) TimerEvent: {}
[8.150244] (-) TimerEvent: {}
[8.250614] (-) TimerEvent: {}
[8.350960] (-) TimerEvent: {}
[8.451365] (-) TimerEvent: {}
[8.551766] (-) TimerEvent: {}
[8.652096] (-) TimerEvent: {}
[8.752461] (-) TimerEvent: {}
[8.852827] (-) TimerEvent: {}
[8.953157] (-) TimerEvent: {}
[9.053487] (-) TimerEvent: {}
[9.153823] (-) TimerEvent: {}
[9.254183] (-) TimerEvent: {}
[9.354525] (-) TimerEvent: {}
[9.454864] (-) TimerEvent: {}
[9.555157] (-) TimerEvent: {}
[9.655474] (-) TimerEvent: {}
[9.755842] (-) TimerEvent: {}
[9.856220] (-) TimerEvent: {}
[9.956563] (-) TimerEvent: {}
[10.056908] (-) TimerEvent: {}
[10.157249] (-) TimerEvent: {}
[10.257592] (-) TimerEvent: {}
[10.357939] (-) TimerEvent: {}
[10.458313] (-) TimerEvent: {}
[10.558703] (-) TimerEvent: {}
[10.659066] (-) TimerEvent: {}
[10.759416] (-) TimerEvent: {}
[10.859785] (-) TimerEvent: {}
[10.960162] (-) TimerEvent: {}
[11.060530] (-) TimerEvent: {}
[11.160914] (-) TimerEvent: {}
[11.261299] (-) TimerEvent: {}
[11.361731] (-) TimerEvent: {}
[11.462261] (-) TimerEvent: {}
[11.562629] (-) TimerEvent: {}
[11.662998] (-) TimerEvent: {}
[11.763856] (-) TimerEvent: {}
[11.864544] (-) TimerEvent: {}
[11.964916] (-) TimerEvent: {}
[12.065237] (-) TimerEvent: {}
[12.165611] (-) TimerEvent: {}
[12.265969] (-) TimerEvent: {}
[12.366333] (-) TimerEvent: {}
[12.466682] (-) TimerEvent: {}
[12.567074] (-) TimerEvent: {}
[12.667451] (-) TimerEvent: {}
[12.767864] (-) TimerEvent: {}
[12.868359] (-) TimerEvent: {}
[12.968819] (-) TimerEvent: {}
[13.069179] (-) TimerEvent: {}
[13.169555] (-) TimerEvent: {}
[13.269930] (-) TimerEvent: {}
[13.370284] (-) TimerEvent: {}
[13.470616] (-) TimerEvent: {}
[13.571035] (-) TimerEvent: {}
[13.671460] (-) TimerEvent: {}
[13.771759] (-) TimerEvent: {}
[13.872241] (-) TimerEvent: {}
[13.972676] (-) TimerEvent: {}
[14.073013] (-) TimerEvent: {}
[14.173309] (-) TimerEvent: {}
[14.273619] (-) TimerEvent: {}
[14.373942] (-) TimerEvent: {}
[14.474237] (-) TimerEvent: {}
[14.574571] (-) TimerEvent: {}
[14.674922] (-) TimerEvent: {}
[14.775254] (-) TimerEvent: {}
[14.875643] (-) TimerEvent: {}
[14.975980] (-) TimerEvent: {}
[15.076284] (-) TimerEvent: {}
[15.176648] (-) TimerEvent: {}
[15.277000] (-) TimerEvent: {}
[15.377308] (-) TimerEvent: {}
[15.477636] (-) TimerEvent: {}
[15.577955] (-) TimerEvent: {}
[15.678255] (-) TimerEvent: {}
[15.778575] (-) TimerEvent: {}
[15.878889] (-) TimerEvent: {}
[15.979185] (-) TimerEvent: {}
[16.079769] (-) TimerEvent: {}
[16.180096] (-) TimerEvent: {}
[16.280380] (-) TimerEvent: {}
[16.380701] (-) TimerEvent: {}
[16.481046] (-) TimerEvent: {}
[16.581398] (-) TimerEvent: {}
[16.681917] (-) TimerEvent: {}
[16.782273] (-) TimerEvent: {}
[16.882622] (-) TimerEvent: {}
[16.982999] (-) TimerEvent: {}
[17.083338] (-) TimerEvent: {}
[17.183695] (-) TimerEvent: {}
[17.284130] (-) TimerEvent: {}
[17.384509] (-) TimerEvent: {}
[17.484904] (-) TimerEvent: {}
[17.541868] (simple_robot) StdoutLine: {'line': b'[ 88%] \x1b[32m\x1b[1mLinking CXX executable robot_map_node\x1b[0m\n'}
[17.585025] (-) TimerEvent: {}
[17.685384] (-) TimerEvent: {}
[17.785806] (-) TimerEvent: {}
[17.886232] (-) TimerEvent: {}
[17.986652] (-) TimerEvent: {}
[18.086999] (-) TimerEvent: {}
[18.187434] (-) TimerEvent: {}
[18.287816] (-) TimerEvent: {}
[18.388254] (-) TimerEvent: {}
[18.488618] (-) TimerEvent: {}
[18.588982] (-) TimerEvent: {}
[18.689361] (-) TimerEvent: {}
[18.789786] (-) TimerEvent: {}
[18.890235] (-) TimerEvent: {}
[18.990607] (-) TimerEvent: {}
[19.031021] (simple_robot) StdoutLine: {'line': b'[ 88%] Built target robot_map_node\n'}
[19.033534] (simple_robot) StderrLine: {'line': b'gmake: *** [Makefile:146: all] Error 2\n'}
[19.036981] (simple_robot) CommandEnded: {'returncode': 2}
[19.064690] (simple_robot) JobEnded: {'identifier': 'simple_robot', 'rc': 2}
[19.075515] (-) EventReactorShutdown: {}
