[0.029s] Invoking command in '/home/martina/rp_project/robot-programming-project/src/simple_robot/build/simple_robot': CMAKE_PREFIX_PATH=${CMAKE_PREFIX_PATH}:/opt/ros/humble CONDA_PROMPT_MODIFIER=(base) /usr/bin/cmake /home/martina/rp_project/robot-programming-project/src/simple_robot -DCMAKE_INSTALL_PREFIX=/home/martina/rp_project/robot-programming-project/src/simple_robot/install/simple_robot
[0.258s] -- The C compiler identification is GNU 11.4.0
[0.486s] -- The CXX compiler identification is GNU 11.4.0
[0.516s] -- Detecting C compiler ABI info
[0.672s] -- Detecting C compiler ABI info - done
[0.698s] -- Check for working C compiler: /usr/lib/ccache/cc - skipped
[0.698s] -- Detecting C compile features
[0.700s] -- Detecting C compile features - done
[0.705s] -- Detecting CXX compiler ABI info
[0.881s] -- Detecting CXX compiler ABI info - done
[0.894s] -- Check for working CXX compiler: /usr/lib/ccache/c++ - skipped
[0.894s] -- Detecting CXX compile features
[0.895s] -- Detecting CXX compile features - done
[0.912s] -- Found OpenCV: /usr (found suitable version "4.5.4", minimum required is "4.5.4") 
[0.915s] -- Found ament_cmake: 1.3.11 (/opt/ros/humble/share/ament_cmake/cmake)
[1.173s] -- Found Python3: /usr/bin/python3 (found version "3.10.12") found components: Interpreter 
[1.336s] -- Found rclcpp: 16.0.11 (/opt/ros/humble/share/rclcpp/cmake)
[1.408s] -- Found rosidl_generator_c: 3.1.6 (/opt/ros/humble/share/rosidl_generator_c/cmake)
[1.415s] -- Found rosidl_adapter: 3.1.6 (/opt/ros/humble/share/rosidl_adapter/cmake)
[1.433s] -- Found rosidl_generator_cpp: 3.1.6 (/opt/ros/humble/share/rosidl_generator_cpp/cmake)
[1.461s] -- Using all available rosidl_typesupport_c: rosidl_typesupport_fastrtps_c;rosidl_typesupport_introspection_c
[1.494s] -- Using all available rosidl_typesupport_cpp: rosidl_typesupport_fastrtps_cpp;rosidl_typesupport_introspection_cpp
[1.570s] -- Found rmw_implementation_cmake: 6.1.2 (/opt/ros/humble/share/rmw_implementation_cmake/cmake)
[1.574s] -- Found rmw_fastrtps_cpp: 6.2.7 (/opt/ros/humble/share/rmw_fastrtps_cpp/cmake)
[1.774s] -- Found OpenSSL: /usr/lib/x86_64-linux-gnu/libcrypto.so (found version "3.0.2")  
[1.827s] -- Found FastRTPS: /opt/ros/humble/include  
[1.906s] -- Using RMW implementation 'rmw_fastrtps_cpp' as default
[1.920s] -- Looking for pthread.h
[2.059s] -- Looking for pthread.h - found
[2.059s] -- Performing Test CMAKE_HAVE_LIBC_PTHREAD
[2.208s] -- Performing Test CMAKE_HAVE_LIBC_PTHREAD - Success
[2.211s] -- Found Threads: TRUE  
[2.301s] -- Found geometry_msgs: 4.2.4 (/opt/ros/humble/share/geometry_msgs/cmake)
[2.328s] -- Found OpenCV: /usr (found version "4.5.4") 
[2.339s] [31mCMake Error at /opt/ros/humble/share/ament_cmake_target_dependencies/cmake/ament_target_dependencies.cmake:77 (message):
[2.339s]   ament_target_dependencies() the passed package name 'sensor_msgs' was not
[2.340s]   found before
[2.341s] Call Stack (most recent call first):
[2.341s]   CMakeLists.txt:33 (ament_target_dependencies)
[2.341s] 
[2.341s] [0m
[2.341s] -- Configuring incomplete, errors occurred!
[2.341s] See also "/home/martina/rp_project/robot-programming-project/src/simple_robot/build/simple_robot/CMakeFiles/CMakeOutput.log".
[2.362s] Invoked command in '/home/martina/rp_project/robot-programming-project/src/simple_robot/build/simple_robot' returned '1': CMAKE_PREFIX_PATH=${CMAKE_PREFIX_PATH}:/opt/ros/humble CONDA_PROMPT_MODIFIER=(base) /usr/bin/cmake /home/martina/rp_project/robot-programming-project/src/simple_robot -DCMAKE_INSTALL_PREFIX=/home/martina/rp_project/robot-programming-project/src/simple_robot/install/simple_robot
