[0.000000] (-) TimerEvent: {}
[0.000652] (simple_robot) JobQueued: {'identifier': 'simple_robot', 'dependencies': OrderedDict()}
[0.001114] (simple_robot) JobStarted: {'identifier': 'simple_robot'}
[0.019705] (simple_robot) JobProgress: {'identifier': 'simple_robot', 'progress': 'cmake'}
[0.020747] (simple_robot) Command: {'cmd': ['/usr/bin/cmake', '/home/martina/rp_project/robot-programming-project/src/simple_robot', '-DCMAKE_INSTALL_PREFIX=/home/martina/rp_project/robot-programming-project/src/simple_robot/install/simple_robot'], 'cwd': '/home/martina/rp_project/robot-programming-project/src/simple_robot/build/simple_robot', 'env': OrderedDict([('GJS_DEBUG_TOPICS', 'JS ERROR;JS LOG'), ('LESSOPEN', '| /usr/bin/env /usr/bin/lesspipe %s 2>/dev/null'), ('CONDA_PROMPT_MODIFIER', '(base)'), ('LC_TIME', 'it_IT.UTF-8'), ('USER', 'martina'), ('XDG_SESSION_TYPE', 'wayland'), ('GIT_ASKPASS', '/usr/share/code/resources/app/extensions/git/dist/askpass.sh'), ('SHLVL', '2'), ('LD_LIBRARY_PATH', '/opt/ros/humble/opt/rviz_ogre_vendor/lib:/opt/ros/humble/lib/x86_64-linux-gnu:/opt/ros/humble/lib::/home/martina/.mujoco/mujoco210/bin:/usr/lib/nvidia:~/anaconda3/lib'), ('HOME', '/home/martina'), ('OLDPWD', '/home/martina/rp_project/robot-programming-project/src/simple_robot'), ('CHROME_DESKTOP', 'code.desktop'), ('TERMINFO', '/home/martina/.terminfo'), ('LESS', '-iRFXMx4'), ('CONDA_SHLVL', '1'), ('DESKTOP_SESSION', 'ubuntu'), ('TERM_PROGRAM_VERSION', '1.97.2'), ('GIO_LAUNCHED_DESKTOP_FILE', '/usr/share/applications/code.desktop'), ('LSCOLORS', 'ExGxDxDxCxDxDxFxFxexEx'), ('GTK_MODULES', 'gail:atk-bridge'), ('GNOME_SHELL_SESSION_MODE', 'ubuntu'), ('VSCODE_GIT_ASKPASS_MAIN', '/usr/share/code/resources/app/extensions/git/dist/askpass-main.js'), ('PAGER', 'less'), ('ROS_PYTHON_VERSION', '3'), ('LC_MONETARY', 'it_IT.UTF-8'), ('MANAGERPID', '887'), ('VSCODE_GIT_ASKPASS_NODE', '/usr/share/code/code'), ('SYSTEMD_EXEC_PID', '1152'), ('DBUS_SESSION_BUS_ADDRESS', 'unix:path=/run/user/1000/bus'), ('P9K_TTY', 'old'), ('GIO_LAUNCHED_DESKTOP_FILE_PID', '3260'), ('COLORTERM', 'truecolor'), ('_CE_M', ''), ('WAYLAND_DISPLAY', 'wayland-0'), ('INFOPATH', ''), ('ROS_DISTRO', 'humble'), ('COLCON_PREFIX_PATH', '/home/martina/rp_project/robot-programming-project/install:/home/martina/rp_project/robot-programming-project/src/simple_robot/install:/home/martina/rp_project/robot-programming-project/install'), ('LOGNAME', 'martina'), ('_', '/usr/bin/colcon'), ('JOURNAL_STREAM', '8:11413'), ('_P9K_SSH_TTY', '/dev/pts/3'), ('XDG_SESSION_CLASS', 'user'), ('USER_ZDOTDIR', '/home/martina'), ('ROS_VERSION', '2'), ('USERNAME', 'martina'), ('TERM', 'xterm-256color'), ('GNOME_DESKTOP_SESSION_ID', 'this-is-deprecated'), ('_CE_CONDA', ''), ('ROS_LOCALHOST_ONLY', '0'), ('PATH', '/opt/ros/humble/bin:/home/martina/.local/bin:/home/martina/.local/bin:/usr/lib/ccache:.:/home/martina/.mujoco/mujoco210/bin:/usr/lib/nvidia:/home/martina/anaconda3/condabin:/home/martina/bin:/home/martina/.local/bin:/usr/local/sbin:/usr/local/bin:/usr/sbin:/usr/bin:/sbin:/bin:/usr/games:/usr/local/games:/snap/bin:/home/martina/.cache/zsh4humans/v5/fzf/bin:/home/martina/other/install/bin'), ('SESSION_MANAGER', 'local/Martina-ThinkPad-X1-Yoga:@/tmp/.ICE-unix/1105,unix/Martina-ThinkPad-X1-Yoga:/tmp/.ICE-unix/1105'), ('INVOCATION_ID', 'abb78b4b018940349bd4da4c8fed9753'), ('LC_ADDRESS', 'it_IT.UTF-8'), ('XDG_RUNTIME_DIR', '/run/user/1000'), ('XDG_MENU_PREFIX', 'gnome-'), ('GNOME_SETUP_DISPLAY', ':1'), ('GDK_BACKEND', 'x11'), ('DISPLAY', ':0'), ('LANG', 'en_US.UTF-8'), ('LC_TELEPHONE', 'it_IT.UTF-8'), ('XDG_CURRENT_DESKTOP', 'Unity'), ('VSCODE_INJECTION', '1'), ('LD_PRELOAD', ':/usr/lib/x86_64-linux-gnu/libGLEW.so'), ('XDG_SESSION_DESKTOP', 'ubuntu'), ('XMODIFIERS', '@im=ibus'), ('XAUTHORITY', '/run/user/1000/.mutter-Xwaylandauth.L52E22'), ('TERM_PROGRAM', 'vscode'), ('VSCODE_GIT_IPC_HANDLE', '/run/user/1000/vscode-git-f640f2b3f6.sock'), ('LS_COLORS', 'fi=00:mi=00:mh=00:ln=01;36:or=01;31:di=01;34:ow=04;01;34:st=34:tw=04;34:pi=01;33:so=01;33:do=01;33:bd=01;33:cd=01;33:su=01;35:sg=01;35:ca=01;35:ex=01;32:no=38;5;248'), ('TREE_COLORS', 'fi=00:mi=00:mh=00:ln=01;36:or=01;31:di=01;34:ow=01;34:st=34:tw=34:pi=01;33:so=01;33:do=01;33:bd=01;33:cd=01;33:su=01;35:sg=01;35:ca=01;35:ex=01;32'), ('SSH_AGENT_LAUNCHER', 'gnome-keyring'), ('SSH_AUTH_SOCK', '/run/user/1000/keyring/ssh'), ('ORIGINAL_XDG_CURRENT_DESKTOP', 'ubuntu:GNOME'), ('CONDA_PYTHON_EXE', '/home/martina/anaconda3/bin/python'), ('AMENT_PREFIX_PATH', '/home/martina/rp_project/robot-programming-project/src/simple_robot/install/simple_robot:/home/martina/rp_project/robot-programming-project/install/simple_robot:/opt/ros/humble'), ('LC_NAME', 'it_IT.UTF-8'), ('SHELL', '/usr/local/bin/zsh'), ('DEST', '/home/martina/other/install'), ('QT_ACCESSIBILITY', '1'), ('GDMSESSION', 'ubuntu'), ('CONDA_DEFAULT_ENV', 'base'), ('LC_MEASUREMENT', 'it_IT.UTF-8'), ('LC_IDENTIFICATION', 'it_IT.UTF-8'), ('GJS_DEBUG_OUTPUT', 'stderr'), ('P9K_SSH', '0'), ('QT_IM_MODULE', 'ibus'), ('VSCODE_GIT_ASKPASS_EXTRA_ARGS', ''), ('VSCODE_NONCE', '1ad4f682-72d1-4075-8257-e4257286b7b3'), ('LC_ALL', 'en_US.UTF-8'), ('PWD', '/home/martina/rp_project/robot-programming-project/src/simple_robot/build/simple_robot'), ('GPG_TTY', '/dev/pts/3'), ('XDG_DATA_DIRS', '/usr/local/share/:/usr/share/:/var/lib/snapd/desktop'), ('ZDOTDIR', '/home/martina'), ('_P9K_TTY', '/dev/pts/3'), ('CONDA_EXE', '/home/martina/anaconda3/bin/conda'), ('LC_NUMERIC', 'it_IT.UTF-8'), ('PYTHONPATH', '/opt/ros/humble/lib/python3.10/site-packages:/opt/ros/humble/local/lib/python3.10/dist-packages:/home/martina/other/install/lib/python3.10/site-packages/'), ('LC_PAPER', 'it_IT.UTF-8'), ('CONDA_PREFIX', '/home/martina/anaconda3'), ('COLCON', '1'), ('MANPATH', '/usr/local/share/man:/home/martina/.cache/zsh4humans/v5/fzf/man:'), ('CMAKE_PREFIX_PATH', '/home/martina/rp_project/robot-programming-project/src/simple_robot/install/simple_robot:/home/martina/rp_project/robot-programming-project/install/simple_robot:/opt/ros/humble')]), 'shell': False}
[0.099581] (-) TimerEvent: {}
[0.152201] (simple_robot) StdoutLine: {'line': b'-- The C compiler identification is GNU 11.4.0\n'}
[0.199706] (-) TimerEvent: {}
[0.277366] (simple_robot) StdoutLine: {'line': b'-- The CXX compiler identification is GNU 11.4.0\n'}
[0.301079] (-) TimerEvent: {}
[0.305683] (simple_robot) StdoutLine: {'line': b'-- Detecting C compiler ABI info\n'}
[0.401135] (-) TimerEvent: {}
[0.448150] (simple_robot) StdoutLine: {'line': b'-- Detecting C compiler ABI info - done\n'}
[0.461607] (simple_robot) StdoutLine: {'line': b'-- Check for working C compiler: /usr/lib/ccache/cc - skipped\n'}
[0.462231] (simple_robot) StdoutLine: {'line': b'-- Detecting C compile features\n'}
[0.462849] (simple_robot) StdoutLine: {'line': b'-- Detecting C compile features - done\n'}
[0.468254] (simple_robot) StdoutLine: {'line': b'-- Detecting CXX compiler ABI info\n'}
[0.501260] (-) TimerEvent: {}
[0.603137] (-) TimerEvent: {}
[0.665160] (simple_robot) StdoutLine: {'line': b'-- Detecting CXX compiler ABI info - done\n'}
[0.700716] (simple_robot) StdoutLine: {'line': b'-- Check for working CXX compiler: /usr/lib/ccache/c++ - skipped\n'}
[0.701435] (simple_robot) StdoutLine: {'line': b'-- Detecting CXX compile features\n'}
[0.704878] (simple_robot) StdoutLine: {'line': b'-- Detecting CXX compile features - done\n'}
[0.705253] (-) TimerEvent: {}
[0.732986] (simple_robot) StdoutLine: {'line': b'-- Found OpenCV: /usr (found suitable version "4.5.4", minimum required is "4.5.4") \n'}
[0.738375] (simple_robot) StdoutLine: {'line': b'-- Found ament_cmake: 1.3.11 (/opt/ros/humble/share/ament_cmake/cmake)\n'}
[0.805402] (-) TimerEvent: {}
[0.905783] (-) TimerEvent: {}
[1.006574] (-) TimerEvent: {}
[1.028321] (simple_robot) StdoutLine: {'line': b'-- Found Python3: /usr/bin/python3 (found version "3.10.12") found components: Interpreter \n'}
[1.106721] (-) TimerEvent: {}
[1.175475] (simple_robot) StdoutLine: {'line': b'-- Found rclcpp: 16.0.11 (/opt/ros/humble/share/rclcpp/cmake)\n'}
[1.206870] (-) TimerEvent: {}
[1.250373] (simple_robot) StdoutLine: {'line': b'-- Found rosidl_generator_c: 3.1.6 (/opt/ros/humble/share/rosidl_generator_c/cmake)\n'}
[1.257785] (simple_robot) StdoutLine: {'line': b'-- Found rosidl_adapter: 3.1.6 (/opt/ros/humble/share/rosidl_adapter/cmake)\n'}
[1.276040] (simple_robot) StdoutLine: {'line': b'-- Found rosidl_generator_cpp: 3.1.6 (/opt/ros/humble/share/rosidl_generator_cpp/cmake)\n'}
[1.305968] (simple_robot) StdoutLine: {'line': b'-- Using all available rosidl_typesupport_c: rosidl_typesupport_fastrtps_c;rosidl_typesupport_introspection_c\n'}
[1.307667] (-) TimerEvent: {}
[1.347673] (simple_robot) StdoutLine: {'line': b'-- Using all available rosidl_typesupport_cpp: rosidl_typesupport_fastrtps_cpp;rosidl_typesupport_introspection_cpp\n'}
[1.407797] (-) TimerEvent: {}
[1.437288] (simple_robot) StdoutLine: {'line': b'-- Found rmw_implementation_cmake: 6.1.2 (/opt/ros/humble/share/rmw_implementation_cmake/cmake)\n'}
[1.440962] (simple_robot) StdoutLine: {'line': b'-- Found rmw_fastrtps_cpp: 6.2.7 (/opt/ros/humble/share/rmw_fastrtps_cpp/cmake)\n'}
[1.507905] (-) TimerEvent: {}
[1.608277] (-) TimerEvent: {}
[1.644660] (simple_robot) StdoutLine: {'line': b'-- Found OpenSSL: /usr/lib/x86_64-linux-gnu/libcrypto.so (found version "3.0.2")  \n'}
[1.693224] (simple_robot) StdoutLine: {'line': b'-- Found FastRTPS: /opt/ros/humble/include  \n'}
[1.708395] (-) TimerEvent: {}
[1.773501] (simple_robot) StdoutLine: {'line': b"-- Using RMW implementation 'rmw_fastrtps_cpp' as default\n"}
[1.787436] (simple_robot) StdoutLine: {'line': b'-- Looking for pthread.h\n'}
[1.808521] (-) TimerEvent: {}
[1.908960] (-) TimerEvent: {}
[1.925121] (simple_robot) StdoutLine: {'line': b'-- Looking for pthread.h - found\n'}
[1.925558] (simple_robot) StdoutLine: {'line': b'-- Performing Test CMAKE_HAVE_LIBC_PTHREAD\n'}
[2.009079] (-) TimerEvent: {}
[2.076227] (simple_robot) StdoutLine: {'line': b'-- Performing Test CMAKE_HAVE_LIBC_PTHREAD - Success\n'}
[2.078464] (simple_robot) StdoutLine: {'line': b'-- Found Threads: TRUE  \n'}
[2.109178] (-) TimerEvent: {}
[2.187544] (simple_robot) StdoutLine: {'line': b'-- Found geometry_msgs: 4.2.4 (/opt/ros/humble/share/geometry_msgs/cmake)\n'}
[2.209296] (-) TimerEvent: {}
[2.216139] (simple_robot) StdoutLine: {'line': b'-- Found OpenCV: /usr (found version "4.5.4") \n'}
[2.309404] (-) TimerEvent: {}
[2.331833] (simple_robot) StdoutLine: {'line': b'-- DATA_DIR: /home/martina/rp_project/robot-programming-project/src/simple_robot/data\n'}
[2.332470] (simple_robot) StdoutLine: {'line': b'-- Configuring done\n'}
[2.393573] (simple_robot) StdoutLine: {'line': b'-- Generating done\n'}
[2.409505] (-) TimerEvent: {}
[2.412121] (simple_robot) StdoutLine: {'line': b'-- Build files have been written to: /home/martina/rp_project/robot-programming-project/src/simple_robot/build/simple_robot\n'}
[2.434996] (simple_robot) CommandEnded: {'returncode': 0}
[2.439681] (simple_robot) JobProgress: {'identifier': 'simple_robot', 'progress': 'build'}
[2.440006] (simple_robot) Command: {'cmd': ['/usr/bin/cmake', '--build', '/home/martina/rp_project/robot-programming-project/src/simple_robot/build/simple_robot', '--', '-j4', '-l4'], 'cwd': '/home/martina/rp_project/robot-programming-project/src/simple_robot/build/simple_robot', 'env': OrderedDict([('GJS_DEBUG_TOPICS', 'JS ERROR;JS LOG'), ('LESSOPEN', '| /usr/bin/env /usr/bin/lesspipe %s 2>/dev/null'), ('CONDA_PROMPT_MODIFIER', '(base)'), ('LC_TIME', 'it_IT.UTF-8'), ('USER', 'martina'), ('XDG_SESSION_TYPE', 'wayland'), ('GIT_ASKPASS', '/usr/share/code/resources/app/extensions/git/dist/askpass.sh'), ('SHLVL', '2'), ('LD_LIBRARY_PATH', '/opt/ros/humble/opt/rviz_ogre_vendor/lib:/opt/ros/humble/lib/x86_64-linux-gnu:/opt/ros/humble/lib::/home/martina/.mujoco/mujoco210/bin:/usr/lib/nvidia:~/anaconda3/lib'), ('HOME', '/home/martina'), ('OLDPWD', '/home/martina/rp_project/robot-programming-project/src/simple_robot'), ('CHROME_DESKTOP', 'code.desktop'), ('TERMINFO', '/home/martina/.terminfo'), ('LESS', '-iRFXMx4'), ('CONDA_SHLVL', '1'), ('DESKTOP_SESSION', 'ubuntu'), ('TERM_PROGRAM_VERSION', '1.97.2'), ('GIO_LAUNCHED_DESKTOP_FILE', '/usr/share/applications/code.desktop'), ('LSCOLORS', 'ExGxDxDxCxDxDxFxFxexEx'), ('GTK_MODULES', 'gail:atk-bridge'), ('GNOME_SHELL_SESSION_MODE', 'ubuntu'), ('VSCODE_GIT_ASKPASS_MAIN', '/usr/share/code/resources/app/extensions/git/dist/askpass-main.js'), ('PAGER', 'less'), ('ROS_PYTHON_VERSION', '3'), ('LC_MONETARY', 'it_IT.UTF-8'), ('MANAGERPID', '887'), ('VSCODE_GIT_ASKPASS_NODE', '/usr/share/code/code'), ('SYSTEMD_EXEC_PID', '1152'), ('DBUS_SESSION_BUS_ADDRESS', 'unix:path=/run/user/1000/bus'), ('P9K_TTY', 'old'), ('GIO_LAUNCHED_DESKTOP_FILE_PID', '3260'), ('COLORTERM', 'truecolor'), ('_CE_M', ''), ('WAYLAND_DISPLAY', 'wayland-0'), ('INFOPATH', ''), ('ROS_DISTRO', 'humble'), ('COLCON_PREFIX_PATH', '/home/martina/rp_project/robot-programming-project/install:/home/martina/rp_project/robot-programming-project/src/simple_robot/install:/home/martina/rp_project/robot-programming-project/install'), ('LOGNAME', 'martina'), ('_', '/usr/bin/colcon'), ('JOURNAL_STREAM', '8:11413'), ('_P9K_SSH_TTY', '/dev/pts/3'), ('XDG_SESSION_CLASS', 'user'), ('USER_ZDOTDIR', '/home/martina'), ('ROS_VERSION', '2'), ('USERNAME', 'martina'), ('TERM', 'xterm-256color'), ('GNOME_DESKTOP_SESSION_ID', 'this-is-deprecated'), ('_CE_CONDA', ''), ('ROS_LOCALHOST_ONLY', '0'), ('PATH', '/opt/ros/humble/bin:/home/martina/.local/bin:/home/martina/.local/bin:/usr/lib/ccache:.:/home/martina/.mujoco/mujoco210/bin:/usr/lib/nvidia:/home/martina/anaconda3/condabin:/home/martina/bin:/home/martina/.local/bin:/usr/local/sbin:/usr/local/bin:/usr/sbin:/usr/bin:/sbin:/bin:/usr/games:/usr/local/games:/snap/bin:/home/martina/.cache/zsh4humans/v5/fzf/bin:/home/martina/other/install/bin'), ('SESSION_MANAGER', 'local/Martina-ThinkPad-X1-Yoga:@/tmp/.ICE-unix/1105,unix/Martina-ThinkPad-X1-Yoga:/tmp/.ICE-unix/1105'), ('INVOCATION_ID', 'abb78b4b018940349bd4da4c8fed9753'), ('LC_ADDRESS', 'it_IT.UTF-8'), ('XDG_RUNTIME_DIR', '/run/user/1000'), ('XDG_MENU_PREFIX', 'gnome-'), ('GNOME_SETUP_DISPLAY', ':1'), ('GDK_BACKEND', 'x11'), ('DISPLAY', ':0'), ('LANG', 'en_US.UTF-8'), ('LC_TELEPHONE', 'it_IT.UTF-8'), ('XDG_CURRENT_DESKTOP', 'Unity'), ('VSCODE_INJECTION', '1'), ('LD_PRELOAD', ':/usr/lib/x86_64-linux-gnu/libGLEW.so'), ('XDG_SESSION_DESKTOP', 'ubuntu'), ('XMODIFIERS', '@im=ibus'), ('XAUTHORITY', '/run/user/1000/.mutter-Xwaylandauth.L52E22'), ('TERM_PROGRAM', 'vscode'), ('VSCODE_GIT_IPC_HANDLE', '/run/user/1000/vscode-git-f640f2b3f6.sock'), ('LS_COLORS', 'fi=00:mi=00:mh=00:ln=01;36:or=01;31:di=01;34:ow=04;01;34:st=34:tw=04;34:pi=01;33:so=01;33:do=01;33:bd=01;33:cd=01;33:su=01;35:sg=01;35:ca=01;35:ex=01;32:no=38;5;248'), ('TREE_COLORS', 'fi=00:mi=00:mh=00:ln=01;36:or=01;31:di=01;34:ow=01;34:st=34:tw=34:pi=01;33:so=01;33:do=01;33:bd=01;33:cd=01;33:su=01;35:sg=01;35:ca=01;35:ex=01;32'), ('SSH_AGENT_LAUNCHER', 'gnome-keyring'), ('SSH_AUTH_SOCK', '/run/user/1000/keyring/ssh'), ('ORIGINAL_XDG_CURRENT_DESKTOP', 'ubuntu:GNOME'), ('CONDA_PYTHON_EXE', '/home/martina/anaconda3/bin/python'), ('AMENT_PREFIX_PATH', '/home/martina/rp_project/robot-programming-project/src/simple_robot/install/simple_robot:/home/martina/rp_project/robot-programming-project/install/simple_robot:/opt/ros/humble'), ('LC_NAME', 'it_IT.UTF-8'), ('SHELL', '/usr/local/bin/zsh'), ('DEST', '/home/martina/other/install'), ('QT_ACCESSIBILITY', '1'), ('GDMSESSION', 'ubuntu'), ('CONDA_DEFAULT_ENV', 'base'), ('LC_MEASUREMENT', 'it_IT.UTF-8'), ('LC_IDENTIFICATION', 'it_IT.UTF-8'), ('GJS_DEBUG_OUTPUT', 'stderr'), ('P9K_SSH', '0'), ('QT_IM_MODULE', 'ibus'), ('VSCODE_GIT_ASKPASS_EXTRA_ARGS', ''), ('VSCODE_NONCE', '1ad4f682-72d1-4075-8257-e4257286b7b3'), ('LC_ALL', 'en_US.UTF-8'), ('PWD', '/home/martina/rp_project/robot-programming-project/src/simple_robot/build/simple_robot'), ('GPG_TTY', '/dev/pts/3'), ('XDG_DATA_DIRS', '/usr/local/share/:/usr/share/:/var/lib/snapd/desktop'), ('ZDOTDIR', '/home/martina'), ('_P9K_TTY', '/dev/pts/3'), ('CONDA_EXE', '/home/martina/anaconda3/bin/conda'), ('LC_NUMERIC', 'it_IT.UTF-8'), ('PYTHONPATH', '/opt/ros/humble/lib/python3.10/site-packages:/opt/ros/humble/local/lib/python3.10/dist-packages:/home/martina/other/install/lib/python3.10/site-packages/'), ('LC_PAPER', 'it_IT.UTF-8'), ('CONDA_PREFIX', '/home/martina/anaconda3'), ('COLCON', '1'), ('MANPATH', '/usr/local/share/man:/home/martina/.cache/zsh4humans/v5/fzf/man:'), ('CMAKE_PREFIX_PATH', '/home/martina/rp_project/robot-programming-project/src/simple_robot/install/simple_robot:/home/martina/rp_project/robot-programming-project/install/simple_robot:/opt/ros/humble')]), 'shell': False}
[2.509647] (-) TimerEvent: {}
[2.545262] (simple_robot) StdoutLine: {'line': b'\x1b[35m\x1b[1mConsolidate compiler generated dependencies of target robot_map_node\x1b[0m\n'}
[2.548075] (simple_robot) StdoutLine: {'line': b'\x1b[35m\x1b[1mConsolidate compiler generated dependencies of target grid_map\x1b[0m\n'}
[2.610182] (-) TimerEvent: {}
[2.619454] (simple_robot) StdoutLine: {'line': b'[  5%] \x1b[32mBuilding CXX object CMakeFiles/robot_map_node.dir/src/robot.cpp.o\x1b[0m\n'}
[2.625318] (simple_robot) StdoutLine: {'line': b'[ 11%] \x1b[32mBuilding CXX object src/CMakeFiles/grid_map.dir/robot.cpp.o\x1b[0m\n'}
[2.710306] (-) TimerEvent: {}
[2.810750] (-) TimerEvent: {}
[2.911296] (-) TimerEvent: {}
[3.011677] (-) TimerEvent: {}
[3.115292] (-) TimerEvent: {}
[3.216192] (-) TimerEvent: {}
[3.316634] (-) TimerEvent: {}
[3.393016] (simple_robot) StdoutLine: {'line': b'[ 17%] \x1b[32m\x1b[1mLinking CXX shared library libgrid_map.so\x1b[0m\n'}
[3.418440] (-) TimerEvent: {}
[3.463424] (simple_robot) StdoutLine: {'line': b'[ 23%] \x1b[32m\x1b[1mLinking CXX executable robot_map_node\x1b[0m\n'}
[3.521156] (-) TimerEvent: {}
[3.621550] (-) TimerEvent: {}
[3.722038] (-) TimerEvent: {}
[3.823108] (-) TimerEvent: {}
[3.924182] (-) TimerEvent: {}
[4.025114] (-) TimerEvent: {}
[4.125576] (-) TimerEvent: {}
[4.226010] (-) TimerEvent: {}
[4.326454] (-) TimerEvent: {}
[4.426890] (-) TimerEvent: {}
[4.527627] (-) TimerEvent: {}
[4.628049] (-) TimerEvent: {}
[4.726339] (simple_robot) StdoutLine: {'line': b'[ 52%] Built target grid_map\n'}
[4.728133] (-) TimerEvent: {}
[4.763508] (simple_robot) StdoutLine: {'line': b'\x1b[35m\x1b[1mConsolidate compiler generated dependencies of target test_map\x1b[0m\n'}
[4.764634] (simple_robot) StdoutLine: {'line': b'\x1b[35m\x1b[1mConsolidate compiler generated dependencies of target test_robot\x1b[0m\n'}
[4.823380] (simple_robot) StdoutLine: {'line': b'[ 58%] \x1b[32mBuilding CXX object test/CMakeFiles/test_map.dir/test_map.cpp.o\x1b[0m\n'}
[4.831255] (-) TimerEvent: {}
[4.835637] (simple_robot) StdoutLine: {'line': b'[ 64%] \x1b[32mBuilding CXX object test/CMakeFiles/test_robot.dir/test_robot.cpp.o\x1b[0m\n'}
[4.931370] (-) TimerEvent: {}
[5.031720] (-) TimerEvent: {}
[5.132144] (-) TimerEvent: {}
[5.232945] (-) TimerEvent: {}
[5.263180] (simple_robot) StderrLine: {'line': b"/usr/bin/ld: CMakeFiles/robot_map_node.dir/src/main.cpp.o: in function `std::enable_if<rosidl_generator_traits::is_message<geometry_msgs::msg::Pose2D_<std::allocator<void> > >::value, rosidl_message_type_support_t const&>::type rclcpp::get_message_type_support_handle<geometry_msgs::msg::Pose2D_<std::allocator<void> > >()':\n"}
[5.263619] (simple_robot) StderrLine: {'line': b"main.cpp:(.text._ZN6rclcpp31get_message_type_support_handleIN13geometry_msgs3msg7Pose2D_ISaIvEEEEENSt9enable_ifIXsrN23rosidl_generator_traits10is_messageIT_EE5valueERK29rosidl_message_type_support_tE4typeEv[_ZN6rclcpp31get_message_type_support_handleIN13geometry_msgs3msg7Pose2D_ISaIvEEEEENSt9enable_ifIXsrN23rosidl_generator_traits10is_messageIT_EE5valueERK29rosidl_message_type_support_tE4typeEv]+0x10): undefined reference to `rosidl_message_type_support_t const* rosidl_typesupport_cpp::get_message_type_support_handle<geometry_msgs::msg::Pose2D_<std::allocator<void> > >()'\n"}
[5.273954] (simple_robot) StderrLine: {'line': b"/usr/bin/ld: CMakeFiles/robot_map_node.dir/src/main.cpp.o: in function `std::enable_if<rosidl_generator_traits::is_message<std_msgs::msg::Float32_<std::allocator<void> > >::value, rosidl_message_type_support_t const&>::type rclcpp::get_message_type_support_handle<std_msgs::msg::Float32_<std::allocator<void> > >()':\n"}
[5.278204] (simple_robot) StderrLine: {'line': b"main.cpp:(.text._ZN6rclcpp31get_message_type_support_handleIN8std_msgs3msg8Float32_ISaIvEEEEENSt9enable_ifIXsrN23rosidl_generator_traits10is_messageIT_EE5valueERK29rosidl_message_type_support_tE4typeEv[_ZN6rclcpp31get_message_type_support_handleIN8std_msgs3msg8Float32_ISaIvEEEEENSt9enable_ifIXsrN23rosidl_generator_traits10is_messageIT_EE5valueERK29rosidl_message_type_support_tE4typeEv]+0x10): undefined reference to `rosidl_message_type_support_t const* rosidl_typesupport_cpp::get_message_type_support_handle<std_msgs::msg::Float32_<std::allocator<void> > >()'\n"}
[5.333067] (-) TimerEvent: {}
[5.433385] (simple_robot) StderrLine: {'line': b'collect2: error: ld returned 1 exit status\n'}
[5.434368] (-) TimerEvent: {}
[5.446171] (simple_robot) StderrLine: {'line': b'gmake[2]: *** [CMakeFiles/robot_map_node.dir/build.make:269: robot_map_node] Error 1\n'}
[5.446507] (simple_robot) StderrLine: {'line': b'gmake[1]: *** [CMakeFiles/Makefile2:174: CMakeFiles/robot_map_node.dir/all] Error 2\n'}
[5.447584] (simple_robot) StderrLine: {'line': b'gmake[1]: *** Waiting for unfinished jobs....\n'}
[5.540125] (-) TimerEvent: {}
[5.640494] (-) TimerEvent: {}
[5.743135] (-) TimerEvent: {}
[5.848123] (-) TimerEvent: {}
[5.948497] (-) TimerEvent: {}
[6.051127] (-) TimerEvent: {}
[6.069202] (simple_robot) StderrLine: {'line': b'\x1b[01m\x1b[K/home/martina/rp_project/robot-programming-project/src/simple_robot/test/test_robot.cpp:9:\x1b[m\x1b[K \x1b[01;35m\x1b[Kwarning: \x1b[m\x1b[K"DATA_DIR" redefined\n'}
[6.069522] (simple_robot) StderrLine: {'line': b'    9 | #define DATA_DIR "/home/martina/rp_project/robot-programming-project/src/simple_robot/data"\n'}
[6.069675] (simple_robot) StderrLine: {'line': b'      | \n'}
[6.069817] (simple_robot) StderrLine: {'line': b'\x1b[01m\x1b[K<command-line>:\x1b[m\x1b[K \x1b[01;36m\x1b[Knote: \x1b[m\x1b[Kthis is the location of the previous definition\n'}
[6.109010] (simple_robot) StdoutLine: {'line': b'[ 70%] \x1b[32m\x1b[1mLinking CXX executable test_robot\x1b[0m\n'}
[6.131949] (simple_robot) StderrLine: {'line': b'\x1b[01m\x1b[K/home/martina/rp_project/robot-programming-project/src/simple_robot/test/test_map.cpp:7:\x1b[m\x1b[K \x1b[01;35m\x1b[Kwarning: \x1b[m\x1b[K"DATA_DIR" redefined\n'}
[6.132694] (simple_robot) StderrLine: {'line': b'    7 | #define DATA_DIR "/home/martina/rp_project/robot-programming-project/src/simple_robot/data"\n'}
[6.133273] (simple_robot) StderrLine: {'line': b'      | \n'}
[6.133717] (simple_robot) StderrLine: {'line': b'\x1b[01m\x1b[K<command-line>:\x1b[m\x1b[K \x1b[01;36m\x1b[Knote: \x1b[m\x1b[Kthis is the location of the previous definition\n'}
[6.151294] (-) TimerEvent: {}
[6.208679] (simple_robot) StdoutLine: {'line': b'[ 76%] \x1b[32m\x1b[1mLinking CXX executable test_map\x1b[0m\n'}
[6.253151] (-) TimerEvent: {}
[6.353534] (-) TimerEvent: {}
[6.457137] (-) TimerEvent: {}
[6.557537] (-) TimerEvent: {}
[6.658071] (-) TimerEvent: {}
[6.758591] (-) TimerEvent: {}
[6.862162] (-) TimerEvent: {}
[6.962620] (-) TimerEvent: {}
[7.063034] (-) TimerEvent: {}
[7.163416] (-) TimerEvent: {}
[7.263803] (-) TimerEvent: {}
[7.364270] (-) TimerEvent: {}
[7.465096] (-) TimerEvent: {}
[7.540408] (simple_robot) StderrLine: {'line': b"/usr/bin/ld: ../src/libgrid_map.so: undefined reference to `rosidl_message_type_support_t const* rosidl_typesupport_cpp::get_message_type_support_handle<geometry_msgs::msg::Pose2D_<std::allocator<void> > >()'\n"}
[7.541584] (simple_robot) StderrLine: {'line': b"/usr/bin/ld: ../src/libgrid_map.so: undefined reference to `rosidl_message_type_support_t const* rosidl_typesupport_cpp::get_message_type_support_handle<std_msgs::msg::Float32_<std::allocator<void> > >()'\n"}
[7.560234] (simple_robot) StderrLine: {'line': b"/usr/bin/ld: ../src/libgrid_map.so: undefined reference to `rosidl_message_type_support_t const* rosidl_typesupport_cpp::get_message_type_support_handle<geometry_msgs::msg::Pose2D_<std::allocator<void> > >()'\n"}
[7.562472] (simple_robot) StderrLine: {'line': b"/usr/bin/ld: ../src/libgrid_map.so: undefined reference to `rosidl_message_type_support_t const* rosidl_typesupport_cpp::get_message_type_support_handle<std_msgs::msg::Float32_<std::allocator<void> > >()'\n"}
[7.565458] (-) TimerEvent: {}
[7.598838] (simple_robot) StderrLine: {'line': b'collect2: error: ld returned 1 exit status\n'}
[7.605309] (simple_robot) StderrLine: {'line': b'gmake[2]: *** [test/CMakeFiles/test_map.dir/build.make:206: test/test_map] Error 1\n'}
[7.606781] (simple_robot) StderrLine: {'line': b'gmake[1]: *** [CMakeFiles/Makefile2:226: test/CMakeFiles/test_map.dir/all] Error 2\n'}
[7.622134] (simple_robot) StderrLine: {'line': b'collect2: error: ld returned 1 exit status\n'}
[7.627827] (simple_robot) StderrLine: {'line': b'gmake[2]: *** [test/CMakeFiles/test_robot.dir/build.make:206: test/test_robot] Error 1\n'}
[7.628561] (simple_robot) StderrLine: {'line': b'gmake[1]: *** [CMakeFiles/Makefile2:252: test/CMakeFiles/test_robot.dir/all] Error 2\n'}
[7.629483] (simple_robot) StderrLine: {'line': b'gmake: *** [Makefile:146: all] Error 2\n'}
[7.638326] (simple_robot) CommandEnded: {'returncode': 2}
[7.668544] (-) TimerEvent: {}
[7.671405] (simple_robot) JobEnded: {'identifier': 'simple_robot', 'rc': 2}
[7.682338] (-) EventReactorShutdown: {}
