[0.000000] (-) TimerEvent: {}
[0.000812] (simple_robot) JobQueued: {'identifier': 'simple_robot', 'dependencies': OrderedDict()}
[0.001365] (simple_robot) JobStarted: {'identifier': 'simple_robot'}
[0.030037] (simple_robot) JobProgress: {'identifier': 'simple_robot', 'progress': 'cmake'}
[0.030937] (simple_robot) Command: {'cmd': ['/usr/bin/cmake', '/home/martina/rp_project/robot-programming-project/src/simple_robot', '-DCMAKE_INSTALL_PREFIX=/home/martina/rp_project/robot-programming-project/src/simple_robot/install/simple_robot'], 'cwd': '/home/martina/rp_project/robot-programming-project/src/simple_robot/build/simple_robot', 'env': OrderedDict([('GJS_DEBUG_TOPICS', 'JS ERROR;JS LOG'), ('LESSOPEN', '| /usr/bin/env /usr/bin/lesspipe %s 2>/dev/null'), ('CONDA_PROMPT_MODIFIER', '(base)'), ('LC_TIME', 'it_IT.UTF-8'), ('USER', 'martina'), ('XDG_SESSION_TYPE', 'wayland'), ('GIT_ASKPASS', '/usr/share/code/resources/app/extensions/git/dist/askpass.sh'), ('SHLVL', '2'), ('LD_LIBRARY_PATH', '/opt/ros/humble/opt/rviz_ogre_vendor/lib:/opt/ros/humble/lib/x86_64-linux-gnu:/opt/ros/humble/lib::/home/martina/.mujoco/mujoco210/bin:/usr/lib/nvidia:~/anaconda3/lib:/home/martina/.mujoco/mujoco210/bin:/usr/lib/nvidia:~/anaconda3/lib'), ('HOME', '/home/martina'), ('OLDPWD', '/home/martina/rp_project/robot-programming-project/src/simple_robot'), ('CHROME_DESKTOP', 'code.desktop'), ('TERMINFO', '/home/martina/.terminfo'), ('LESS', '-iRFXMx4'), ('CONDA_SHLVL', '1'), ('DESKTOP_SESSION', 'ubuntu'), ('TERM_PROGRAM_VERSION', '1.97.2'), ('GIO_LAUNCHED_DESKTOP_FILE', '/usr/share/applications/code.desktop'), ('LSCOLORS', 'ExGxDxDxCxDxDxFxFxexEx'), ('GTK_MODULES', 'gail:atk-bridge'), ('GNOME_SHELL_SESSION_MODE', 'ubuntu'), ('PAGER', 'less'), ('ROS_PYTHON_VERSION', '3'), ('VSCODE_GIT_ASKPASS_MAIN', '/usr/share/code/resources/app/extensions/git/dist/askpass-main.js'), ('LC_MONETARY', 'it_IT.UTF-8'), ('MANAGERPID', '887'), ('VSCODE_GIT_ASKPASS_NODE', '/usr/share/code/code'), ('SYSTEMD_EXEC_PID', '1152'), ('DBUS_SESSION_BUS_ADDRESS', 'unix:path=/run/user/1000/bus'), ('P9K_TTY', 'old'), ('GIO_LAUNCHED_DESKTOP_FILE_PID', '684652'), ('_CE_M', ''), ('COLORTERM', 'truecolor'), ('WAYLAND_DISPLAY', 'wayland-0'), ('ROS_DISTRO', 'humble'), ('COLCON_PREFIX_PATH', '/home/martina/rp_project/robot-programming-project/install'), ('INFOPATH', ''), ('LOGNAME', 'martina'), ('_', '/usr/bin/colcon'), ('JOURNAL_STREAM', '8:11413'), ('_P9K_SSH_TTY', '/dev/pts/0'), ('XDG_SESSION_CLASS', 'user'), ('ROS_VERSION', '2'), ('USER_ZDOTDIR', '/home/martina'), ('USERNAME', 'martina'), ('TERM', 'xterm-256color'), ('GNOME_DESKTOP_SESSION_ID', 'this-is-deprecated'), ('_CE_CONDA', ''), ('ROS_LOCALHOST_ONLY', '0'), ('PATH', '/opt/ros/humble/bin:/home/martina/.local/bin:/home/martina/.local/bin:/usr/lib/ccache:.:/home/martina/.mujoco/mujoco210/bin:/usr/lib/nvidia:/home/martina/anaconda3/condabin:/home/martina/bin:/home/martina/.local/bin:/usr/local/sbin:/usr/local/bin:/usr/sbin:/usr/bin:/sbin:/bin:/usr/games:/usr/local/games:/snap/bin:/home/martina/.cache/zsh4humans/v5/fzf/bin:/home/martina/other/install/bin'), ('SESSION_MANAGER', 'local/Martina-ThinkPad-X1-Yoga:@/tmp/.ICE-unix/1105,unix/Martina-ThinkPad-X1-Yoga:/tmp/.ICE-unix/1105'), ('INVOCATION_ID', 'abb78b4b018940349bd4da4c8fed9753'), ('LC_ADDRESS', 'it_IT.UTF-8'), ('XDG_RUNTIME_DIR', '/run/user/1000'), ('XDG_MENU_PREFIX', 'gnome-'), ('GNOME_SETUP_DISPLAY', ':1'), ('GDK_BACKEND', 'x11'), ('DISPLAY', ':0'), ('LANG', 'en_US.UTF-8'), ('LC_TELEPHONE', 'it_IT.UTF-8'), ('XDG_CURRENT_DESKTOP', 'Unity'), ('LD_PRELOAD', ':/usr/lib/x86_64-linux-gnu/libGLEW.so:/usr/lib/x86_64-linux-gnu/libGLEW.so'), ('VSCODE_INJECTION', '1'), ('XDG_SESSION_DESKTOP', 'ubuntu'), ('XMODIFIERS', '@im=ibus'), ('XAUTHORITY', '/run/user/1000/.mutter-Xwaylandauth.L52E22'), ('LS_COLORS', 'fi=00:mi=00:mh=00:ln=01;36:or=01;31:di=01;34:ow=04;01;34:st=34:tw=04;34:pi=01;33:so=01;33:do=01;33:bd=01;33:cd=01;33:su=01;35:sg=01;35:ca=01;35:ex=01;32:no=38;5;248'), ('TREE_COLORS', 'fi=00:mi=00:mh=00:ln=01;36:or=01;31:di=01;34:ow=01;34:st=34:tw=34:pi=01;33:so=01;33:do=01;33:bd=01;33:cd=01;33:su=01;35:sg=01;35:ca=01;35:ex=01;32'), ('TERM_PROGRAM', 'vscode'), ('VSCODE_GIT_IPC_HANDLE', '/run/user/1000/vscode-git-f640f2b3f6.sock'), ('SSH_AGENT_LAUNCHER', 'gnome-keyring'), ('SSH_AUTH_SOCK', '/run/user/1000/keyring/ssh'), ('ORIGINAL_XDG_CURRENT_DESKTOP', 'ubuntu:GNOME'), ('CONDA_PYTHON_EXE', '/home/martina/anaconda3/bin/python'), ('AMENT_PREFIX_PATH', '/home/martina/rp_project/robot-programming-project/install/simple_robot:/opt/ros/humble'), ('LC_NAME', 'it_IT.UTF-8'), ('SHELL', '/usr/local/bin/zsh'), ('DEST', '/home/martina/other/install'), ('QT_ACCESSIBILITY', '1'), ('GDMSESSION', 'ubuntu'), ('CONDA_DEFAULT_ENV', 'base'), ('LC_MEASUREMENT', 'it_IT.UTF-8'), ('LC_IDENTIFICATION', 'it_IT.UTF-8'), ('GJS_DEBUG_OUTPUT', 'stderr'), ('P9K_SSH', '0'), ('QT_IM_MODULE', 'ibus'), ('VSCODE_GIT_ASKPASS_EXTRA_ARGS', ''), ('VSCODE_NONCE', 'f672ca6a-f6db-4411-8134-b3ad71667d44'), ('LC_ALL', 'en_US.UTF-8'), ('PWD', '/home/martina/rp_project/robot-programming-project/src/simple_robot/build/simple_robot'), ('GPG_TTY', '/dev/pts/0'), ('XDG_DATA_DIRS', '/usr/local/share/:/usr/share/:/var/lib/snapd/desktop'), ('CONDA_EXE', '/home/martina/anaconda3/bin/conda'), ('ZDOTDIR', '/home/martina'), ('_P9K_TTY', '/dev/pts/0'), ('LC_NUMERIC', 'it_IT.UTF-8'), ('PYTHONPATH', '/opt/ros/humble/lib/python3.10/site-packages:/opt/ros/humble/local/lib/python3.10/dist-packages:/home/martina/other/install/lib/python3.10/site-packages/'), ('LC_PAPER', 'it_IT.UTF-8'), ('CONDA_PREFIX', '/home/martina/anaconda3'), ('COLCON', '1'), ('MANPATH', '/usr/local/share/man:/home/martina/.cache/zsh4humans/v5/fzf/man:'), ('CMAKE_PREFIX_PATH', '/home/martina/rp_project/robot-programming-project/install/simple_robot:/opt/ros/humble')]), 'shell': False}
[0.099534] (-) TimerEvent: {}
[0.199988] (-) TimerEvent: {}
[0.213851] (simple_robot) StdoutLine: {'line': b'-- The C compiler identification is GNU 11.4.0\n'}
[0.301203] (-) TimerEvent: {}
[0.401596] (-) TimerEvent: {}
[0.444075] (simple_robot) StdoutLine: {'line': b'-- The CXX compiler identification is GNU 11.4.0\n'}
[0.473763] (simple_robot) StdoutLine: {'line': b'-- Detecting C compiler ABI info\n'}
[0.502479] (-) TimerEvent: {}
[0.602996] (-) TimerEvent: {}
[0.661718] (simple_robot) StdoutLine: {'line': b'-- Detecting C compiler ABI info - done\n'}
[0.689307] (simple_robot) StdoutLine: {'line': b'-- Check for working C compiler: /usr/lib/ccache/cc - skipped\n'}
[0.689657] (simple_robot) StdoutLine: {'line': b'-- Detecting C compile features\n'}
[0.693964] (simple_robot) StdoutLine: {'line': b'-- Detecting C compile features - done\n'}
[0.703759] (-) TimerEvent: {}
[0.706315] (simple_robot) StdoutLine: {'line': b'-- Detecting CXX compiler ABI info\n'}
[0.803791] (-) TimerEvent: {}
[0.905101] (-) TimerEvent: {}
[0.913596] (simple_robot) StdoutLine: {'line': b'-- Detecting CXX compiler ABI info - done\n'}
[0.944014] (simple_robot) StdoutLine: {'line': b'-- Check for working CXX compiler: /usr/lib/ccache/c++ - skipped\n'}
[0.944717] (simple_robot) StdoutLine: {'line': b'-- Detecting CXX compile features\n'}
[0.949111] (simple_robot) StdoutLine: {'line': b'-- Detecting CXX compile features - done\n'}
[0.974238] (simple_robot) StdoutLine: {'line': b'-- Found OpenCV: /usr (found suitable version "4.5.4", minimum required is "4.5.4") \n'}
[0.976434] (simple_robot) StdoutLine: {'line': b'-- Found ament_cmake: 1.3.11 (/opt/ros/humble/share/ament_cmake/cmake)\n'}
[1.005625] (-) TimerEvent: {}
[1.107042] (-) TimerEvent: {}
[1.209357] (-) TimerEvent: {}
[1.309898] (-) TimerEvent: {}
[1.383551] (simple_robot) StdoutLine: {'line': b'-- Found Python3: /usr/bin/python3 (found version "3.10.12") found components: Interpreter \n'}
[1.410784] (-) TimerEvent: {}
[1.511197] (-) TimerEvent: {}
[1.594527] (simple_robot) StdoutLine: {'line': b'-- Found rclcpp: 16.0.11 (/opt/ros/humble/share/rclcpp/cmake)\n'}
[1.611699] (-) TimerEvent: {}
[1.685484] (simple_robot) StdoutLine: {'line': b'-- Found rosidl_generator_c: 3.1.6 (/opt/ros/humble/share/rosidl_generator_c/cmake)\n'}
[1.695256] (simple_robot) StdoutLine: {'line': b'-- Found rosidl_adapter: 3.1.6 (/opt/ros/humble/share/rosidl_adapter/cmake)\n'}
[1.712596] (simple_robot) StdoutLine: {'line': b'-- Found rosidl_generator_cpp: 3.1.6 (/opt/ros/humble/share/rosidl_generator_cpp/cmake)\n'}
[1.714373] (-) TimerEvent: {}
[1.740685] (simple_robot) StdoutLine: {'line': b'-- Using all available rosidl_typesupport_c: rosidl_typesupport_fastrtps_c;rosidl_typesupport_introspection_c\n'}
[1.777931] (simple_robot) StdoutLine: {'line': b'-- Using all available rosidl_typesupport_cpp: rosidl_typesupport_fastrtps_cpp;rosidl_typesupport_introspection_cpp\n'}
[1.814503] (-) TimerEvent: {}
[1.868403] (simple_robot) StdoutLine: {'line': b'-- Found rmw_implementation_cmake: 6.1.2 (/opt/ros/humble/share/rmw_implementation_cmake/cmake)\n'}
[1.873061] (simple_robot) StdoutLine: {'line': b'-- Found rmw_fastrtps_cpp: 6.2.7 (/opt/ros/humble/share/rmw_fastrtps_cpp/cmake)\n'}
[1.914609] (-) TimerEvent: {}
[2.016674] (-) TimerEvent: {}
[2.117760] (-) TimerEvent: {}
[2.152276] (simple_robot) StdoutLine: {'line': b'-- Found OpenSSL: /usr/lib/x86_64-linux-gnu/libcrypto.so (found version "3.0.2")  \n'}
[2.219197] (-) TimerEvent: {}
[2.282288] (simple_robot) StdoutLine: {'line': b'-- Found FastRTPS: /opt/ros/humble/include  \n'}
[2.319313] (-) TimerEvent: {}
[2.367731] (simple_robot) StdoutLine: {'line': b"-- Using RMW implementation 'rmw_fastrtps_cpp' as default\n"}
[2.382151] (simple_robot) StdoutLine: {'line': b'-- Looking for pthread.h\n'}
[2.419717] (-) TimerEvent: {}
[2.520004] (simple_robot) StdoutLine: {'line': b'-- Looking for pthread.h - found\n'}
[2.520305] (-) TimerEvent: {}
[2.520934] (simple_robot) StdoutLine: {'line': b'-- Performing Test CMAKE_HAVE_LIBC_PTHREAD\n'}
[2.621240] (-) TimerEvent: {}
[2.679129] (simple_robot) StdoutLine: {'line': b'-- Performing Test CMAKE_HAVE_LIBC_PTHREAD - Success\n'}
[2.684189] (simple_robot) StdoutLine: {'line': b'-- Found Threads: TRUE  \n'}
[2.721354] (-) TimerEvent: {}
[2.791002] (simple_robot) StdoutLine: {'line': b'-- Found geometry_msgs: 4.2.4 (/opt/ros/humble/share/geometry_msgs/cmake)\n'}
[2.815101] (simple_robot) StdoutLine: {'line': b'-- Found sensor_msgs: 4.2.4 (/opt/ros/humble/share/sensor_msgs/cmake)\n'}
[2.821725] (-) TimerEvent: {}
[2.855548] (simple_robot) StdoutLine: {'line': b'-- Found nav_msgs: 4.2.4 (/opt/ros/humble/share/nav_msgs/cmake)\n'}
[2.903336] (simple_robot) StdoutLine: {'line': b'-- Found OpenCV: /usr (found version "4.5.4") \n'}
[2.924213] (-) TimerEvent: {}
[3.024685] (-) TimerEvent: {}
[3.061176] (simple_robot) StdoutLine: {'line': b'-- DATA_DIR: /home/martina/rp_project/robot-programming-project/src/simple_robot/data\n'}
[3.061623] (simple_robot) StdoutLine: {'line': b'-- Configuring done\n'}
[3.121204] (simple_robot) StdoutLine: {'line': b'-- Generating done\n'}
[3.124810] (-) TimerEvent: {}
[3.135286] (simple_robot) StdoutLine: {'line': b'-- Build files have been written to: /home/martina/rp_project/robot-programming-project/src/simple_robot/build/simple_robot\n'}
[3.161399] (simple_robot) CommandEnded: {'returncode': 0}
[3.162960] (simple_robot) JobProgress: {'identifier': 'simple_robot', 'progress': 'build'}
[3.164651] (simple_robot) Command: {'cmd': ['/usr/bin/cmake', '--build', '/home/martina/rp_project/robot-programming-project/src/simple_robot/build/simple_robot', '--', '-j4', '-l4'], 'cwd': '/home/martina/rp_project/robot-programming-project/src/simple_robot/build/simple_robot', 'env': OrderedDict([('GJS_DEBUG_TOPICS', 'JS ERROR;JS LOG'), ('LESSOPEN', '| /usr/bin/env /usr/bin/lesspipe %s 2>/dev/null'), ('CONDA_PROMPT_MODIFIER', '(base)'), ('LC_TIME', 'it_IT.UTF-8'), ('USER', 'martina'), ('XDG_SESSION_TYPE', 'wayland'), ('GIT_ASKPASS', '/usr/share/code/resources/app/extensions/git/dist/askpass.sh'), ('SHLVL', '2'), ('LD_LIBRARY_PATH', '/opt/ros/humble/opt/rviz_ogre_vendor/lib:/opt/ros/humble/lib/x86_64-linux-gnu:/opt/ros/humble/lib::/home/martina/.mujoco/mujoco210/bin:/usr/lib/nvidia:~/anaconda3/lib:/home/martina/.mujoco/mujoco210/bin:/usr/lib/nvidia:~/anaconda3/lib'), ('HOME', '/home/martina'), ('OLDPWD', '/home/martina/rp_project/robot-programming-project/src/simple_robot'), ('CHROME_DESKTOP', 'code.desktop'), ('TERMINFO', '/home/martina/.terminfo'), ('LESS', '-iRFXMx4'), ('CONDA_SHLVL', '1'), ('DESKTOP_SESSION', 'ubuntu'), ('TERM_PROGRAM_VERSION', '1.97.2'), ('GIO_LAUNCHED_DESKTOP_FILE', '/usr/share/applications/code.desktop'), ('LSCOLORS', 'ExGxDxDxCxDxDxFxFxexEx'), ('GTK_MODULES', 'gail:atk-bridge'), ('GNOME_SHELL_SESSION_MODE', 'ubuntu'), ('PAGER', 'less'), ('ROS_PYTHON_VERSION', '3'), ('VSCODE_GIT_ASKPASS_MAIN', '/usr/share/code/resources/app/extensions/git/dist/askpass-main.js'), ('LC_MONETARY', 'it_IT.UTF-8'), ('MANAGERPID', '887'), ('VSCODE_GIT_ASKPASS_NODE', '/usr/share/code/code'), ('SYSTEMD_EXEC_PID', '1152'), ('DBUS_SESSION_BUS_ADDRESS', 'unix:path=/run/user/1000/bus'), ('P9K_TTY', 'old'), ('GIO_LAUNCHED_DESKTOP_FILE_PID', '684652'), ('_CE_M', ''), ('COLORTERM', 'truecolor'), ('WAYLAND_DISPLAY', 'wayland-0'), ('ROS_DISTRO', 'humble'), ('COLCON_PREFIX_PATH', '/home/martina/rp_project/robot-programming-project/install'), ('INFOPATH', ''), ('LOGNAME', 'martina'), ('_', '/usr/bin/colcon'), ('JOURNAL_STREAM', '8:11413'), ('_P9K_SSH_TTY', '/dev/pts/0'), ('XDG_SESSION_CLASS', 'user'), ('ROS_VERSION', '2'), ('USER_ZDOTDIR', '/home/martina'), ('USERNAME', 'martina'), ('TERM', 'xterm-256color'), ('GNOME_DESKTOP_SESSION_ID', 'this-is-deprecated'), ('_CE_CONDA', ''), ('ROS_LOCALHOST_ONLY', '0'), ('PATH', '/opt/ros/humble/bin:/home/martina/.local/bin:/home/martina/.local/bin:/usr/lib/ccache:.:/home/martina/.mujoco/mujoco210/bin:/usr/lib/nvidia:/home/martina/anaconda3/condabin:/home/martina/bin:/home/martina/.local/bin:/usr/local/sbin:/usr/local/bin:/usr/sbin:/usr/bin:/sbin:/bin:/usr/games:/usr/local/games:/snap/bin:/home/martina/.cache/zsh4humans/v5/fzf/bin:/home/martina/other/install/bin'), ('SESSION_MANAGER', 'local/Martina-ThinkPad-X1-Yoga:@/tmp/.ICE-unix/1105,unix/Martina-ThinkPad-X1-Yoga:/tmp/.ICE-unix/1105'), ('INVOCATION_ID', 'abb78b4b018940349bd4da4c8fed9753'), ('LC_ADDRESS', 'it_IT.UTF-8'), ('XDG_RUNTIME_DIR', '/run/user/1000'), ('XDG_MENU_PREFIX', 'gnome-'), ('GNOME_SETUP_DISPLAY', ':1'), ('GDK_BACKEND', 'x11'), ('DISPLAY', ':0'), ('LANG', 'en_US.UTF-8'), ('LC_TELEPHONE', 'it_IT.UTF-8'), ('XDG_CURRENT_DESKTOP', 'Unity'), ('LD_PRELOAD', ':/usr/lib/x86_64-linux-gnu/libGLEW.so:/usr/lib/x86_64-linux-gnu/libGLEW.so'), ('VSCODE_INJECTION', '1'), ('XDG_SESSION_DESKTOP', 'ubuntu'), ('XMODIFIERS', '@im=ibus'), ('XAUTHORITY', '/run/user/1000/.mutter-Xwaylandauth.L52E22'), ('LS_COLORS', 'fi=00:mi=00:mh=00:ln=01;36:or=01;31:di=01;34:ow=04;01;34:st=34:tw=04;34:pi=01;33:so=01;33:do=01;33:bd=01;33:cd=01;33:su=01;35:sg=01;35:ca=01;35:ex=01;32:no=38;5;248'), ('TREE_COLORS', 'fi=00:mi=00:mh=00:ln=01;36:or=01;31:di=01;34:ow=01;34:st=34:tw=34:pi=01;33:so=01;33:do=01;33:bd=01;33:cd=01;33:su=01;35:sg=01;35:ca=01;35:ex=01;32'), ('TERM_PROGRAM', 'vscode'), ('VSCODE_GIT_IPC_HANDLE', '/run/user/1000/vscode-git-f640f2b3f6.sock'), ('SSH_AGENT_LAUNCHER', 'gnome-keyring'), ('SSH_AUTH_SOCK', '/run/user/1000/keyring/ssh'), ('ORIGINAL_XDG_CURRENT_DESKTOP', 'ubuntu:GNOME'), ('CONDA_PYTHON_EXE', '/home/martina/anaconda3/bin/python'), ('AMENT_PREFIX_PATH', '/home/martina/rp_project/robot-programming-project/install/simple_robot:/opt/ros/humble'), ('LC_NAME', 'it_IT.UTF-8'), ('SHELL', '/usr/local/bin/zsh'), ('DEST', '/home/martina/other/install'), ('QT_ACCESSIBILITY', '1'), ('GDMSESSION', 'ubuntu'), ('CONDA_DEFAULT_ENV', 'base'), ('LC_MEASUREMENT', 'it_IT.UTF-8'), ('LC_IDENTIFICATION', 'it_IT.UTF-8'), ('GJS_DEBUG_OUTPUT', 'stderr'), ('P9K_SSH', '0'), ('QT_IM_MODULE', 'ibus'), ('VSCODE_GIT_ASKPASS_EXTRA_ARGS', ''), ('VSCODE_NONCE', 'f672ca6a-f6db-4411-8134-b3ad71667d44'), ('LC_ALL', 'en_US.UTF-8'), ('PWD', '/home/martina/rp_project/robot-programming-project/src/simple_robot/build/simple_robot'), ('GPG_TTY', '/dev/pts/0'), ('XDG_DATA_DIRS', '/usr/local/share/:/usr/share/:/var/lib/snapd/desktop'), ('CONDA_EXE', '/home/martina/anaconda3/bin/conda'), ('ZDOTDIR', '/home/martina'), ('_P9K_TTY', '/dev/pts/0'), ('LC_NUMERIC', 'it_IT.UTF-8'), ('PYTHONPATH', '/opt/ros/humble/lib/python3.10/site-packages:/opt/ros/humble/local/lib/python3.10/dist-packages:/home/martina/other/install/lib/python3.10/site-packages/'), ('LC_PAPER', 'it_IT.UTF-8'), ('CONDA_PREFIX', '/home/martina/anaconda3'), ('COLCON', '1'), ('MANPATH', '/usr/local/share/man:/home/martina/.cache/zsh4humans/v5/fzf/man:'), ('CMAKE_PREFIX_PATH', '/home/martina/rp_project/robot-programming-project/install/simple_robot:/opt/ros/humble')]), 'shell': False}
[3.224966] (-) TimerEvent: {}
[3.299733] (simple_robot) StdoutLine: {'line': b'\x1b[35m\x1b[1mConsolidate compiler generated dependencies of target grid_map\x1b[0m\n'}
[3.304248] (simple_robot) StdoutLine: {'line': b'\x1b[35m\x1b[1mConsolidate compiler generated dependencies of target robot_map_node\x1b[0m\n'}
[3.325699] (-) TimerEvent: {}
[3.427187] (-) TimerEvent: {}
[3.427548] (simple_robot) StdoutLine: {'line': b'[  8%] \x1b[32mBuilding CXX object CMakeFiles/robot_map_node.dir/src/main.cpp.o\x1b[0m\n'}
[3.438970] (simple_robot) StdoutLine: {'line': b'[ 16%] \x1b[32mBuilding CXX object src/CMakeFiles/grid_map.dir/main.cpp.o\x1b[0m\n'}
[3.527302] (-) TimerEvent: {}
[3.629305] (-) TimerEvent: {}
[3.729711] (-) TimerEvent: {}
[3.833215] (-) TimerEvent: {}
[3.933685] (-) TimerEvent: {}
[4.034366] (-) TimerEvent: {}
[4.136217] (-) TimerEvent: {}
[4.236958] (-) TimerEvent: {}
[4.339802] (-) TimerEvent: {}
[4.441114] (-) TimerEvent: {}
[4.544434] (-) TimerEvent: {}
[4.645132] (-) TimerEvent: {}
[4.745539] (-) TimerEvent: {}
[4.846407] (-) TimerEvent: {}
[4.948187] (-) TimerEvent: {}
[5.048563] (-) TimerEvent: {}
[5.151181] (-) TimerEvent: {}
[5.251543] (-) TimerEvent: {}
[5.351903] (-) TimerEvent: {}
[5.452296] (-) TimerEvent: {}
[5.553417] (-) TimerEvent: {}
[5.653864] (-) TimerEvent: {}
[5.756994] (-) TimerEvent: {}
[5.858316] (-) TimerEvent: {}
[5.959362] (-) TimerEvent: {}
[6.061211] (-) TimerEvent: {}
[6.161698] (-) TimerEvent: {}
[6.262164] (-) TimerEvent: {}
[6.367217] (-) TimerEvent: {}
[6.468053] (-) TimerEvent: {}
[6.571216] (-) TimerEvent: {}
[6.671692] (-) TimerEvent: {}
[6.774093] (-) TimerEvent: {}
[6.874639] (-) TimerEvent: {}
[6.975042] (-) TimerEvent: {}
[7.076048] (-) TimerEvent: {}
[7.176401] (-) TimerEvent: {}
[7.276882] (-) TimerEvent: {}
[7.377327] (-) TimerEvent: {}
[7.477777] (-) TimerEvent: {}
[7.578216] (-) TimerEvent: {}
[7.678583] (-) TimerEvent: {}
[7.779345] (-) TimerEvent: {}
[7.880042] (-) TimerEvent: {}
[7.980975] (-) TimerEvent: {}
[8.081372] (-) TimerEvent: {}
[8.181775] (-) TimerEvent: {}
[8.282744] (-) TimerEvent: {}
[8.383218] (-) TimerEvent: {}
[8.483933] (-) TimerEvent: {}
[8.585031] (-) TimerEvent: {}
[8.685446] (-) TimerEvent: {}
[8.785964] (-) TimerEvent: {}
[8.886877] (-) TimerEvent: {}
[8.987579] (-) TimerEvent: {}
[9.088100] (-) TimerEvent: {}
[9.188682] (-) TimerEvent: {}
[9.289164] (-) TimerEvent: {}
[9.389903] (-) TimerEvent: {}
[9.490728] (-) TimerEvent: {}
[9.591362] (-) TimerEvent: {}
[9.691730] (-) TimerEvent: {}
[9.792188] (-) TimerEvent: {}
[9.892953] (-) TimerEvent: {}
[9.993658] (-) TimerEvent: {}
[10.094297] (-) TimerEvent: {}
[10.194687] (-) TimerEvent: {}
[10.295334] (-) TimerEvent: {}
[10.395995] (-) TimerEvent: {}
[10.496439] (-) TimerEvent: {}
[10.597075] (-) TimerEvent: {}
[10.697697] (-) TimerEvent: {}
[10.798163] (-) TimerEvent: {}
[10.898800] (-) TimerEvent: {}
[10.999438] (-) TimerEvent: {}
[11.099823] (-) TimerEvent: {}
[11.200204] (-) TimerEvent: {}
[11.300599] (-) TimerEvent: {}
[11.401044] (-) TimerEvent: {}
[11.501682] (-) TimerEvent: {}
[11.602508] (-) TimerEvent: {}
[11.702921] (-) TimerEvent: {}
[11.803336] (-) TimerEvent: {}
[11.903742] (-) TimerEvent: {}
[12.004173] (-) TimerEvent: {}
[12.104552] (-) TimerEvent: {}
[12.206052] (-) TimerEvent: {}
[12.314087] (-) TimerEvent: {}
[12.414505] (-) TimerEvent: {}
[12.515311] (-) TimerEvent: {}
[12.615688] (-) TimerEvent: {}
[12.716055] (-) TimerEvent: {}
[12.816727] (-) TimerEvent: {}
[12.917400] (-) TimerEvent: {}
[13.017779] (-) TimerEvent: {}
[13.118167] (-) TimerEvent: {}
[13.218799] (-) TimerEvent: {}
[13.319195] (-) TimerEvent: {}
[13.419592] (-) TimerEvent: {}
[13.520031] (-) TimerEvent: {}
[13.620587] (-) TimerEvent: {}
[13.721467] (-) TimerEvent: {}
[13.822283] (-) TimerEvent: {}
[13.922878] (-) TimerEvent: {}
[14.023313] (-) TimerEvent: {}
[14.124012] (-) TimerEvent: {}
[14.224969] (-) TimerEvent: {}
[14.325583] (-) TimerEvent: {}
[14.425965] (-) TimerEvent: {}
[14.526426] (-) TimerEvent: {}
[14.626857] (-) TimerEvent: {}
[14.727293] (-) TimerEvent: {}
[14.827663] (-) TimerEvent: {}
[14.928033] (-) TimerEvent: {}
[15.028467] (-) TimerEvent: {}
[15.128909] (-) TimerEvent: {}
[15.229323] (-) TimerEvent: {}
[15.329721] (-) TimerEvent: {}
[15.430139] (-) TimerEvent: {}
[15.530514] (-) TimerEvent: {}
[15.630898] (-) TimerEvent: {}
[15.731283] (-) TimerEvent: {}
[15.831663] (-) TimerEvent: {}
[15.932295] (-) TimerEvent: {}
[16.032743] (-) TimerEvent: {}
[16.133173] (-) TimerEvent: {}
[16.233542] (-) TimerEvent: {}
[16.333921] (-) TimerEvent: {}
[16.434327] (-) TimerEvent: {}
[16.534699] (-) TimerEvent: {}
[16.635096] (-) TimerEvent: {}
[16.735981] (-) TimerEvent: {}
[16.836762] (-) TimerEvent: {}
[16.937153] (-) TimerEvent: {}
[17.037532] (-) TimerEvent: {}
[17.138171] (-) TimerEvent: {}
[17.239213] (-) TimerEvent: {}
[17.339767] (-) TimerEvent: {}
[17.440165] (-) TimerEvent: {}
[17.540591] (-) TimerEvent: {}
[17.641019] (-) TimerEvent: {}
[17.741553] (-) TimerEvent: {}
[17.841927] (-) TimerEvent: {}
[17.942646] (-) TimerEvent: {}
[18.043020] (-) TimerEvent: {}
[18.143669] (-) TimerEvent: {}
[18.244138] (-) TimerEvent: {}
[18.344543] (-) TimerEvent: {}
[18.445393] (-) TimerEvent: {}
[18.546748] (-) TimerEvent: {}
[18.648193] (-) TimerEvent: {}
[18.748595] (-) TimerEvent: {}
[18.848982] (-) TimerEvent: {}
[18.949404] (-) TimerEvent: {}
[19.049835] (-) TimerEvent: {}
[19.150503] (-) TimerEvent: {}
[19.250893] (-) TimerEvent: {}
[19.351341] (-) TimerEvent: {}
[19.451812] (-) TimerEvent: {}
[19.552307] (-) TimerEvent: {}
[19.652891] (-) TimerEvent: {}
[19.753587] (-) TimerEvent: {}
[19.854141] (-) TimerEvent: {}
[19.954630] (-) TimerEvent: {}
[20.055094] (-) TimerEvent: {}
[20.155548] (-) TimerEvent: {}
[20.255925] (-) TimerEvent: {}
[20.356439] (-) TimerEvent: {}
[20.457830] (-) TimerEvent: {}
[20.558658] (-) TimerEvent: {}
[20.659152] (-) TimerEvent: {}
[20.759557] (-) TimerEvent: {}
[20.859903] (-) TimerEvent: {}
[20.960285] (-) TimerEvent: {}
[21.060668] (-) TimerEvent: {}
[21.161053] (-) TimerEvent: {}
[21.261446] (-) TimerEvent: {}
[21.362088] (-) TimerEvent: {}
[21.462929] (-) TimerEvent: {}
[21.563389] (-) TimerEvent: {}
[21.664490] (-) TimerEvent: {}
[21.764956] (-) TimerEvent: {}
[21.865362] (-) TimerEvent: {}
[21.965763] (-) TimerEvent: {}
[22.066206] (-) TimerEvent: {}
[22.166618] (-) TimerEvent: {}
[22.267151] (-) TimerEvent: {}
[22.367690] (-) TimerEvent: {}
[22.468371] (-) TimerEvent: {}
[22.568928] (-) TimerEvent: {}
[22.669312] (-) TimerEvent: {}
[22.769739] (-) TimerEvent: {}
[22.870112] (-) TimerEvent: {}
[22.970527] (-) TimerEvent: {}
[23.070930] (-) TimerEvent: {}
[23.171359] (-) TimerEvent: {}
[23.271716] (-) TimerEvent: {}
[23.372093] (-) TimerEvent: {}
[23.472492] (-) TimerEvent: {}
[23.573405] (-) TimerEvent: {}
[23.673757] (-) TimerEvent: {}
[23.774100] (-) TimerEvent: {}
[23.874469] (-) TimerEvent: {}
[23.974818] (-) TimerEvent: {}
[24.075188] (-) TimerEvent: {}
[24.175543] (-) TimerEvent: {}
[24.275882] (-) TimerEvent: {}
[24.376189] (-) TimerEvent: {}
[24.476809] (-) TimerEvent: {}
[24.577168] (-) TimerEvent: {}
[24.679197] (-) TimerEvent: {}
[24.781196] (-) TimerEvent: {}
[24.884190] (-) TimerEvent: {}
[24.984622] (-) TimerEvent: {}
[25.085009] (-) TimerEvent: {}
[25.185418] (-) TimerEvent: {}
[25.285820] (-) TimerEvent: {}
[25.386220] (-) TimerEvent: {}
[25.486618] (-) TimerEvent: {}
[25.587014] (-) TimerEvent: {}
[25.687482] (-) TimerEvent: {}
[25.788192] (-) TimerEvent: {}
[25.888651] (-) TimerEvent: {}
[25.989203] (-) TimerEvent: {}
[26.089620] (-) TimerEvent: {}
[26.190189] (-) TimerEvent: {}
[26.290562] (-) TimerEvent: {}
[26.391147] (-) TimerEvent: {}
[26.491490] (-) TimerEvent: {}
[26.592275] (-) TimerEvent: {}
[26.692641] (-) TimerEvent: {}
[26.792983] (-) TimerEvent: {}
[26.893378] (-) TimerEvent: {}
[26.993930] (-) TimerEvent: {}
[27.094284] (-) TimerEvent: {}
[27.194623] (-) TimerEvent: {}
[27.295200] (-) TimerEvent: {}
[27.395558] (-) TimerEvent: {}
[27.495903] (-) TimerEvent: {}
[27.596261] (-) TimerEvent: {}
[27.697031] (-) TimerEvent: {}
[27.797404] (-) TimerEvent: {}
[27.897747] (-) TimerEvent: {}
[27.998179] (-) TimerEvent: {}
[28.098586] (-) TimerEvent: {}
[28.198934] (-) TimerEvent: {}
[28.299286] (-) TimerEvent: {}
[28.399641] (-) TimerEvent: {}
[28.499990] (-) TimerEvent: {}
[28.600342] (-) TimerEvent: {}
[28.700686] (-) TimerEvent: {}
[28.801045] (-) TimerEvent: {}
[28.901659] (-) TimerEvent: {}
[29.002030] (-) TimerEvent: {}
[29.102742] (-) TimerEvent: {}
[29.203132] (-) TimerEvent: {}
[29.303547] (-) TimerEvent: {}
[29.403935] (-) TimerEvent: {}
[29.504347] (-) TimerEvent: {}
[29.604777] (-) TimerEvent: {}
[29.705180] (-) TimerEvent: {}
[29.805521] (-) TimerEvent: {}
[29.905868] (-) TimerEvent: {}
[30.006556] (-) TimerEvent: {}
[30.107104] (-) TimerEvent: {}
[30.207469] (-) TimerEvent: {}
[30.307812] (-) TimerEvent: {}
[30.408167] (-) TimerEvent: {}
[30.508523] (-) TimerEvent: {}
[30.608875] (-) TimerEvent: {}
[30.709183] (-) TimerEvent: {}
[30.809622] (-) TimerEvent: {}
[30.913361] (-) TimerEvent: {}
[31.014706] (-) TimerEvent: {}
[31.115679] (-) TimerEvent: {}
[31.216457] (-) TimerEvent: {}
[31.316813] (-) TimerEvent: {}
[31.417169] (-) TimerEvent: {}
[31.517620] (-) TimerEvent: {}
[31.617974] (-) TimerEvent: {}
[31.718367] (-) TimerEvent: {}
[31.818874] (-) TimerEvent: {}
[31.919293] (-) TimerEvent: {}
[32.019641] (-) TimerEvent: {}
[32.120076] (-) TimerEvent: {}
[32.220552] (-) TimerEvent: {}
[32.320923] (-) TimerEvent: {}
[32.421687] (-) TimerEvent: {}
[32.458949] (simple_robot) StdoutLine: {'line': b'[ 25%] \x1b[32m\x1b[1mLinking CXX executable robot_map_node\x1b[0m\n'}
[32.473819] (simple_robot) StdoutLine: {'line': b'[ 33%] \x1b[32m\x1b[1mLinking CXX shared library libgrid_map.so\x1b[0m\n'}
[32.522837] (-) TimerEvent: {}
[32.623205] (-) TimerEvent: {}
[32.724054] (-) TimerEvent: {}
[32.826225] (-) TimerEvent: {}
[32.928152] (-) TimerEvent: {}
[33.028747] (-) TimerEvent: {}
[33.131668] (-) TimerEvent: {}
[33.232892] (-) TimerEvent: {}
[33.336110] (-) TimerEvent: {}
[33.438542] (-) TimerEvent: {}
[33.539070] (-) TimerEvent: {}
[33.643336] (-) TimerEvent: {}
[33.746310] (-) TimerEvent: {}
[33.847040] (-) TimerEvent: {}
[33.947726] (-) TimerEvent: {}
[34.049693] (-) TimerEvent: {}
[34.151940] (-) TimerEvent: {}
[34.253186] (-) TimerEvent: {}
[34.354422] (-) TimerEvent: {}
[34.455291] (-) TimerEvent: {}
[34.555925] (-) TimerEvent: {}
[34.656803] (-) TimerEvent: {}
[34.757200] (-) TimerEvent: {}
[34.857603] (-) TimerEvent: {}
[34.958025] (-) TimerEvent: {}
[35.061224] (-) TimerEvent: {}
[35.154031] (simple_robot) StdoutLine: {'line': b'[ 66%] Built target grid_map\n'}
[35.162398] (-) TimerEvent: {}
[35.263042] (-) TimerEvent: {}
[35.366212] (-) TimerEvent: {}
[35.466746] (-) TimerEvent: {}
[35.568240] (-) TimerEvent: {}
[35.668762] (-) TimerEvent: {}
[35.769250] (-) TimerEvent: {}
[35.870065] (-) TimerEvent: {}
[35.959912] (simple_robot) StdoutLine: {'line': b'[100%] Built target robot_map_node\n'}
[35.970225] (-) TimerEvent: {}
[35.992104] (simple_robot) CommandEnded: {'returncode': 0}
[35.993811] (simple_robot) JobProgress: {'identifier': 'simple_robot', 'progress': 'install'}
[36.018660] (simple_robot) Command: {'cmd': ['/usr/bin/cmake', '--install', '/home/martina/rp_project/robot-programming-project/src/simple_robot/build/simple_robot'], 'cwd': '/home/martina/rp_project/robot-programming-project/src/simple_robot/build/simple_robot', 'env': OrderedDict([('GJS_DEBUG_TOPICS', 'JS ERROR;JS LOG'), ('LESSOPEN', '| /usr/bin/env /usr/bin/lesspipe %s 2>/dev/null'), ('CONDA_PROMPT_MODIFIER', '(base)'), ('LC_TIME', 'it_IT.UTF-8'), ('USER', 'martina'), ('XDG_SESSION_TYPE', 'wayland'), ('GIT_ASKPASS', '/usr/share/code/resources/app/extensions/git/dist/askpass.sh'), ('SHLVL', '2'), ('LD_LIBRARY_PATH', '/opt/ros/humble/opt/rviz_ogre_vendor/lib:/opt/ros/humble/lib/x86_64-linux-gnu:/opt/ros/humble/lib::/home/martina/.mujoco/mujoco210/bin:/usr/lib/nvidia:~/anaconda3/lib:/home/martina/.mujoco/mujoco210/bin:/usr/lib/nvidia:~/anaconda3/lib'), ('HOME', '/home/martina'), ('OLDPWD', '/home/martina/rp_project/robot-programming-project/src/simple_robot'), ('CHROME_DESKTOP', 'code.desktop'), ('TERMINFO', '/home/martina/.terminfo'), ('LESS', '-iRFXMx4'), ('CONDA_SHLVL', '1'), ('DESKTOP_SESSION', 'ubuntu'), ('TERM_PROGRAM_VERSION', '1.97.2'), ('GIO_LAUNCHED_DESKTOP_FILE', '/usr/share/applications/code.desktop'), ('LSCOLORS', 'ExGxDxDxCxDxDxFxFxexEx'), ('GTK_MODULES', 'gail:atk-bridge'), ('GNOME_SHELL_SESSION_MODE', 'ubuntu'), ('PAGER', 'less'), ('ROS_PYTHON_VERSION', '3'), ('VSCODE_GIT_ASKPASS_MAIN', '/usr/share/code/resources/app/extensions/git/dist/askpass-main.js'), ('LC_MONETARY', 'it_IT.UTF-8'), ('MANAGERPID', '887'), ('VSCODE_GIT_ASKPASS_NODE', '/usr/share/code/code'), ('SYSTEMD_EXEC_PID', '1152'), ('DBUS_SESSION_BUS_ADDRESS', 'unix:path=/run/user/1000/bus'), ('P9K_TTY', 'old'), ('GIO_LAUNCHED_DESKTOP_FILE_PID', '684652'), ('_CE_M', ''), ('COLORTERM', 'truecolor'), ('WAYLAND_DISPLAY', 'wayland-0'), ('ROS_DISTRO', 'humble'), ('COLCON_PREFIX_PATH', '/home/martina/rp_project/robot-programming-project/install'), ('INFOPATH', ''), ('LOGNAME', 'martina'), ('_', '/usr/bin/colcon'), ('JOURNAL_STREAM', '8:11413'), ('_P9K_SSH_TTY', '/dev/pts/0'), ('XDG_SESSION_CLASS', 'user'), ('ROS_VERSION', '2'), ('USER_ZDOTDIR', '/home/martina'), ('USERNAME', 'martina'), ('TERM', 'xterm-256color'), ('GNOME_DESKTOP_SESSION_ID', 'this-is-deprecated'), ('_CE_CONDA', ''), ('ROS_LOCALHOST_ONLY', '0'), ('PATH', '/opt/ros/humble/bin:/home/martina/.local/bin:/home/martina/.local/bin:/usr/lib/ccache:.:/home/martina/.mujoco/mujoco210/bin:/usr/lib/nvidia:/home/martina/anaconda3/condabin:/home/martina/bin:/home/martina/.local/bin:/usr/local/sbin:/usr/local/bin:/usr/sbin:/usr/bin:/sbin:/bin:/usr/games:/usr/local/games:/snap/bin:/home/martina/.cache/zsh4humans/v5/fzf/bin:/home/martina/other/install/bin'), ('SESSION_MANAGER', 'local/Martina-ThinkPad-X1-Yoga:@/tmp/.ICE-unix/1105,unix/Martina-ThinkPad-X1-Yoga:/tmp/.ICE-unix/1105'), ('INVOCATION_ID', 'abb78b4b018940349bd4da4c8fed9753'), ('LC_ADDRESS', 'it_IT.UTF-8'), ('XDG_RUNTIME_DIR', '/run/user/1000'), ('XDG_MENU_PREFIX', 'gnome-'), ('GNOME_SETUP_DISPLAY', ':1'), ('GDK_BACKEND', 'x11'), ('DISPLAY', ':0'), ('LANG', 'en_US.UTF-8'), ('LC_TELEPHONE', 'it_IT.UTF-8'), ('XDG_CURRENT_DESKTOP', 'Unity'), ('LD_PRELOAD', ':/usr/lib/x86_64-linux-gnu/libGLEW.so:/usr/lib/x86_64-linux-gnu/libGLEW.so'), ('VSCODE_INJECTION', '1'), ('XDG_SESSION_DESKTOP', 'ubuntu'), ('XMODIFIERS', '@im=ibus'), ('XAUTHORITY', '/run/user/1000/.mutter-Xwaylandauth.L52E22'), ('LS_COLORS', 'fi=00:mi=00:mh=00:ln=01;36:or=01;31:di=01;34:ow=04;01;34:st=34:tw=04;34:pi=01;33:so=01;33:do=01;33:bd=01;33:cd=01;33:su=01;35:sg=01;35:ca=01;35:ex=01;32:no=38;5;248'), ('TREE_COLORS', 'fi=00:mi=00:mh=00:ln=01;36:or=01;31:di=01;34:ow=01;34:st=34:tw=34:pi=01;33:so=01;33:do=01;33:bd=01;33:cd=01;33:su=01;35:sg=01;35:ca=01;35:ex=01;32'), ('TERM_PROGRAM', 'vscode'), ('VSCODE_GIT_IPC_HANDLE', '/run/user/1000/vscode-git-f640f2b3f6.sock'), ('SSH_AGENT_LAUNCHER', 'gnome-keyring'), ('SSH_AUTH_SOCK', '/run/user/1000/keyring/ssh'), ('ORIGINAL_XDG_CURRENT_DESKTOP', 'ubuntu:GNOME'), ('CONDA_PYTHON_EXE', '/home/martina/anaconda3/bin/python'), ('AMENT_PREFIX_PATH', '/home/martina/rp_project/robot-programming-project/install/simple_robot:/opt/ros/humble'), ('LC_NAME', 'it_IT.UTF-8'), ('SHELL', '/usr/local/bin/zsh'), ('DEST', '/home/martina/other/install'), ('QT_ACCESSIBILITY', '1'), ('GDMSESSION', 'ubuntu'), ('CONDA_DEFAULT_ENV', 'base'), ('LC_MEASUREMENT', 'it_IT.UTF-8'), ('LC_IDENTIFICATION', 'it_IT.UTF-8'), ('GJS_DEBUG_OUTPUT', 'stderr'), ('P9K_SSH', '0'), ('QT_IM_MODULE', 'ibus'), ('VSCODE_GIT_ASKPASS_EXTRA_ARGS', ''), ('VSCODE_NONCE', 'f672ca6a-f6db-4411-8134-b3ad71667d44'), ('LC_ALL', 'en_US.UTF-8'), ('PWD', '/home/martina/rp_project/robot-programming-project/src/simple_robot/build/simple_robot'), ('GPG_TTY', '/dev/pts/0'), ('XDG_DATA_DIRS', '/usr/local/share/:/usr/share/:/var/lib/snapd/desktop'), ('CONDA_EXE', '/home/martina/anaconda3/bin/conda'), ('ZDOTDIR', '/home/martina'), ('_P9K_TTY', '/dev/pts/0'), ('LC_NUMERIC', 'it_IT.UTF-8'), ('PYTHONPATH', '/opt/ros/humble/lib/python3.10/site-packages:/opt/ros/humble/local/lib/python3.10/dist-packages:/home/martina/other/install/lib/python3.10/site-packages/'), ('LC_PAPER', 'it_IT.UTF-8'), ('CONDA_PREFIX', '/home/martina/anaconda3'), ('COLCON', '1'), ('MANPATH', '/usr/local/share/man:/home/martina/.cache/zsh4humans/v5/fzf/man:'), ('CMAKE_PREFIX_PATH', '/home/martina/rp_project/robot-programming-project/install/simple_robot:/opt/ros/humble')]), 'shell': False}
[36.044157] (simple_robot) StdoutLine: {'line': b'-- Install configuration: ""\n'}
[36.045088] (simple_robot) StdoutLine: {'line': b'-- Installing: /home/martina/rp_project/robot-programming-project/src/simple_robot/install/simple_robot/lib/simple_robot/robot_map_node\n'}
[36.065855] (simple_robot) StdoutLine: {'line': b'-- Set runtime path of "/home/martina/rp_project/robot-programming-project/src/simple_robot/install/simple_robot/lib/simple_robot/robot_map_node" to ""\n'}
[36.066286] (simple_robot) StdoutLine: {'line': b'-- Up-to-date: /home/martina/rp_project/robot-programming-project/src/simple_robot/install/simple_robot/share/ament_index/resource_index/package_run_dependencies/simple_robot\n'}
[36.066516] (simple_robot) StdoutLine: {'line': b'-- Up-to-date: /home/martina/rp_project/robot-programming-project/src/simple_robot/install/simple_robot/share/ament_index/resource_index/parent_prefix_path/simple_robot\n'}
[36.066703] (simple_robot) StdoutLine: {'line': b'-- Up-to-date: /home/martina/rp_project/robot-programming-project/src/simple_robot/install/simple_robot/share/simple_robot/environment/ament_prefix_path.sh\n'}
[36.067103] (simple_robot) StdoutLine: {'line': b'-- Installing: /home/martina/rp_project/robot-programming-project/src/simple_robot/install/simple_robot/share/simple_robot/environment/ament_prefix_path.dsv\n'}
[36.067613] (simple_robot) StdoutLine: {'line': b'-- Up-to-date: /home/martina/rp_project/robot-programming-project/src/simple_robot/install/simple_robot/share/simple_robot/environment/path.sh\n'}
[36.068393] (simple_robot) StdoutLine: {'line': b'-- Installing: /home/martina/rp_project/robot-programming-project/src/simple_robot/install/simple_robot/share/simple_robot/environment/path.dsv\n'}
[36.069353] (simple_robot) StdoutLine: {'line': b'-- Up-to-date: /home/martina/rp_project/robot-programming-project/src/simple_robot/install/simple_robot/share/simple_robot/local_setup.bash\n'}
[36.070977] (-) TimerEvent: {}
[36.071216] (simple_robot) StdoutLine: {'line': b'-- Up-to-date: /home/martina/rp_project/robot-programming-project/src/simple_robot/install/simple_robot/share/simple_robot/local_setup.sh\n'}
[36.072046] (simple_robot) StdoutLine: {'line': b'-- Up-to-date: /home/martina/rp_project/robot-programming-project/src/simple_robot/install/simple_robot/share/simple_robot/local_setup.zsh\n'}
[36.073379] (simple_robot) StdoutLine: {'line': b'-- Installing: /home/martina/rp_project/robot-programming-project/src/simple_robot/install/simple_robot/share/simple_robot/local_setup.dsv\n'}
[36.075060] (simple_robot) StdoutLine: {'line': b'-- Installing: /home/martina/rp_project/robot-programming-project/src/simple_robot/install/simple_robot/share/simple_robot/package.dsv\n'}
[36.078504] (simple_robot) StdoutLine: {'line': b'-- Up-to-date: /home/martina/rp_project/robot-programming-project/src/simple_robot/install/simple_robot/share/ament_index/resource_index/packages/simple_robot\n'}
[36.081600] (simple_robot) StdoutLine: {'line': b'-- Up-to-date: /home/martina/rp_project/robot-programming-project/src/simple_robot/install/simple_robot/share/simple_robot/cmake/simple_robotConfig.cmake\n'}
[36.081923] (simple_robot) StdoutLine: {'line': b'-- Up-to-date: /home/martina/rp_project/robot-programming-project/src/simple_robot/install/simple_robot/share/simple_robot/cmake/simple_robotConfig-version.cmake\n'}
[36.085603] (simple_robot) StdoutLine: {'line': b'-- Up-to-date: /home/martina/rp_project/robot-programming-project/src/simple_robot/install/simple_robot/share/simple_robot/package.xml\n'}
[36.085954] (simple_robot) CommandEnded: {'returncode': 0}
[36.125245] (simple_robot) JobEnded: {'identifier': 'simple_robot', 'rc': 0}
[36.126493] (-) EventReactorShutdown: {}
