[0.000000] (-) TimerEvent: {}
[0.001023] (simple_robot) JobQueued: {'identifier': 'simple_robot', 'dependencies': OrderedDict()}
[0.006803] (simple_robot) JobStarted: {'identifier': 'simple_robot'}
[0.036401] (simple_robot) JobProgress: {'identifier': 'simple_robot', 'progress': 'cmake'}
[0.037829] (simple_robot) Command: {'cmd': ['/usr/bin/cmake', '/home/martina/rp_project/robot-programming-project/src/simple_robot', '-DCMAKE_INSTALL_PREFIX=/home/martina/rp_project/robot-programming-project/src/simple_robot/install/simple_robot'], 'cwd': '/home/martina/rp_project/robot-programming-project/src/simple_robot/build/simple_robot', 'env': OrderedDict([('GJS_DEBUG_TOPICS', 'JS ERROR;JS LOG'), ('LESSOPEN', '| /usr/bin/env /usr/bin/lesspipe %s 2>/dev/null'), ('CONDA_PROMPT_MODIFIER', '(base)'), ('LC_TIME', 'it_IT.UTF-8'), ('USER', 'martina'), ('XDG_SESSION_TYPE', 'wayland'), ('GIT_ASKPASS', '/usr/share/code/resources/app/extensions/git/dist/askpass.sh'), ('SHLVL', '2'), ('LD_LIBRARY_PATH', '/opt/ros/humble/opt/rviz_ogre_vendor/lib:/opt/ros/humble/lib/x86_64-linux-gnu:/opt/ros/humble/lib::/home/martina/.mujoco/mujoco210/bin:/usr/lib/nvidia:~/anaconda3/lib'), ('HOME', '/home/martina'), ('OLDPWD', '/home/martina/rp_project/robot-programming-project/src/simple_robot'), ('CHROME_DESKTOP', 'code.desktop'), ('TERMINFO', '/home/martina/.terminfo'), ('LESS', '-iRFXMx4'), ('CONDA_SHLVL', '1'), ('DESKTOP_SESSION', 'ubuntu'), ('TERM_PROGRAM_VERSION', '1.97.2'), ('GIO_LAUNCHED_DESKTOP_FILE', '/usr/share/applications/code.desktop'), ('LSCOLORS', 'ExGxDxDxCxDxDxFxFxexEx'), ('GTK_MODULES', 'gail:atk-bridge'), ('GNOME_SHELL_SESSION_MODE', 'ubuntu'), ('VSCODE_GIT_ASKPASS_MAIN', '/usr/share/code/resources/app/extensions/git/dist/askpass-main.js'), ('PAGER', 'less'), ('ROS_PYTHON_VERSION', '3'), ('LC_MONETARY', 'it_IT.UTF-8'), ('MANAGERPID', '887'), ('VSCODE_GIT_ASKPASS_NODE', '/usr/share/code/code'), ('SYSTEMD_EXEC_PID', '1152'), ('DBUS_SESSION_BUS_ADDRESS', 'unix:path=/run/user/1000/bus'), ('P9K_TTY', 'old'), ('GIO_LAUNCHED_DESKTOP_FILE_PID', '3260'), ('COLORTERM', 'truecolor'), ('_CE_M', ''), ('WAYLAND_DISPLAY', 'wayland-0'), ('INFOPATH', ''), ('ROS_DISTRO', 'humble'), ('COLCON_PREFIX_PATH', '/home/martina/rp_project/robot-programming-project/install'), ('LOGNAME', 'martina'), ('_', '/usr/bin/colcon'), ('JOURNAL_STREAM', '8:11413'), ('_P9K_SSH_TTY', '/dev/pts/2'), ('XDG_SESSION_CLASS', 'user'), ('USER_ZDOTDIR', '/home/martina'), ('ROS_VERSION', '2'), ('USERNAME', 'martina'), ('TERM', 'xterm-256color'), ('GNOME_DESKTOP_SESSION_ID', 'this-is-deprecated'), ('_CE_CONDA', ''), ('ROS_LOCALHOST_ONLY', '0'), ('PATH', '/opt/ros/humble/bin:/home/martina/.local/bin:/home/martina/.local/bin:/usr/lib/ccache:.:/home/martina/.mujoco/mujoco210/bin:/usr/lib/nvidia:/home/martina/anaconda3/condabin:/home/martina/bin:/home/martina/.local/bin:/usr/local/sbin:/usr/local/bin:/usr/sbin:/usr/bin:/sbin:/bin:/usr/games:/usr/local/games:/snap/bin:/home/martina/.cache/zsh4humans/v5/fzf/bin:/home/martina/other/install/bin'), ('SESSION_MANAGER', 'local/Martina-ThinkPad-X1-Yoga:@/tmp/.ICE-unix/1105,unix/Martina-ThinkPad-X1-Yoga:/tmp/.ICE-unix/1105'), ('INVOCATION_ID', 'abb78b4b018940349bd4da4c8fed9753'), ('LC_ADDRESS', 'it_IT.UTF-8'), ('XDG_RUNTIME_DIR', '/run/user/1000'), ('XDG_MENU_PREFIX', 'gnome-'), ('GNOME_SETUP_DISPLAY', ':1'), ('GDK_BACKEND', 'x11'), ('DISPLAY', ':0'), ('LANG', 'en_US.UTF-8'), ('LC_TELEPHONE', 'it_IT.UTF-8'), ('XDG_CURRENT_DESKTOP', 'Unity'), ('VSCODE_INJECTION', '1'), ('LD_PRELOAD', ':/usr/lib/x86_64-linux-gnu/libGLEW.so'), ('XDG_SESSION_DESKTOP', 'ubuntu'), ('XMODIFIERS', '@im=ibus'), ('XAUTHORITY', '/run/user/1000/.mutter-Xwaylandauth.L52E22'), ('TERM_PROGRAM', 'vscode'), ('VSCODE_GIT_IPC_HANDLE', '/run/user/1000/vscode-git-f640f2b3f6.sock'), ('LS_COLORS', 'fi=00:mi=00:mh=00:ln=01;36:or=01;31:di=01;34:ow=04;01;34:st=34:tw=04;34:pi=01;33:so=01;33:do=01;33:bd=01;33:cd=01;33:su=01;35:sg=01;35:ca=01;35:ex=01;32:no=38;5;248'), ('TREE_COLORS', 'fi=00:mi=00:mh=00:ln=01;36:or=01;31:di=01;34:ow=01;34:st=34:tw=34:pi=01;33:so=01;33:do=01;33:bd=01;33:cd=01;33:su=01;35:sg=01;35:ca=01;35:ex=01;32'), ('SSH_AGENT_LAUNCHER', 'gnome-keyring'), ('SSH_AUTH_SOCK', '/run/user/1000/keyring/ssh'), ('ORIGINAL_XDG_CURRENT_DESKTOP', 'ubuntu:GNOME'), ('CONDA_PYTHON_EXE', '/home/martina/anaconda3/bin/python'), ('AMENT_PREFIX_PATH', '/home/martina/rp_project/robot-programming-project/install/simple_robot:/opt/ros/humble'), ('LC_NAME', 'it_IT.UTF-8'), ('SHELL', '/usr/local/bin/zsh'), ('DEST', '/home/martina/other/install'), ('QT_ACCESSIBILITY', '1'), ('GDMSESSION', 'ubuntu'), ('CONDA_DEFAULT_ENV', 'base'), ('LC_MEASUREMENT', 'it_IT.UTF-8'), ('LC_IDENTIFICATION', 'it_IT.UTF-8'), ('GJS_DEBUG_OUTPUT', 'stderr'), ('P9K_SSH', '0'), ('QT_IM_MODULE', 'ibus'), ('VSCODE_GIT_ASKPASS_EXTRA_ARGS', ''), ('VSCODE_NONCE', '052e925b-acb5-444f-b870-f20c06506941'), ('LC_ALL', 'en_US.UTF-8'), ('PWD', '/home/martina/rp_project/robot-programming-project/src/simple_robot/build/simple_robot'), ('GPG_TTY', '/dev/pts/2'), ('XDG_DATA_DIRS', '/usr/local/share/:/usr/share/:/var/lib/snapd/desktop'), ('ZDOTDIR', '/home/martina'), ('_P9K_TTY', '/dev/pts/2'), ('CONDA_EXE', '/home/martina/anaconda3/bin/conda'), ('LC_NUMERIC', 'it_IT.UTF-8'), ('PYTHONPATH', '/opt/ros/humble/lib/python3.10/site-packages:/opt/ros/humble/local/lib/python3.10/dist-packages:/home/martina/other/install/lib/python3.10/site-packages/'), ('LC_PAPER', 'it_IT.UTF-8'), ('CONDA_PREFIX', '/home/martina/anaconda3'), ('COLCON', '1'), ('MANPATH', '/usr/local/share/man:/home/martina/.cache/zsh4humans/v5/fzf/man:'), ('CMAKE_PREFIX_PATH', '/home/martina/rp_project/robot-programming-project/install/simple_robot:/opt/ros/humble')]), 'shell': False}
[0.099885] (-) TimerEvent: {}
[0.200331] (-) TimerEvent: {}
[0.247015] (simple_robot) StdoutLine: {'line': b'-- The C compiler identification is GNU 11.4.0\n'}
[0.301053] (-) TimerEvent: {}
[0.404507] (-) TimerEvent: {}
[0.467218] (simple_robot) StdoutLine: {'line': b'-- The CXX compiler identification is GNU 11.4.0\n'}
[0.506501] (-) TimerEvent: {}
[0.513591] (simple_robot) StdoutLine: {'line': b'-- Detecting C compiler ABI info\n'}
[0.606623] (-) TimerEvent: {}
[0.708727] (-) TimerEvent: {}
[0.740811] (simple_robot) StdoutLine: {'line': b'-- Detecting C compiler ABI info - done\n'}
[0.780959] (simple_robot) StdoutLine: {'line': b'-- Check for working C compiler: /usr/lib/ccache/cc - skipped\n'}
[0.783538] (simple_robot) StdoutLine: {'line': b'-- Detecting C compile features\n'}
[0.787599] (simple_robot) StdoutLine: {'line': b'-- Detecting C compile features - done\n'}
[0.793684] (simple_robot) StdoutLine: {'line': b'-- Detecting CXX compiler ABI info\n'}
[0.808848] (-) TimerEvent: {}
[0.909222] (-) TimerEvent: {}
[1.009630] (-) TimerEvent: {}
[1.015825] (simple_robot) StdoutLine: {'line': b'-- Detecting CXX compiler ABI info - done\n'}
[1.055140] (simple_robot) StdoutLine: {'line': b'-- Check for working CXX compiler: /usr/lib/ccache/c++ - skipped\n'}
[1.055671] (simple_robot) StdoutLine: {'line': b'-- Detecting CXX compile features\n'}
[1.056658] (simple_robot) StdoutLine: {'line': b'-- Detecting CXX compile features - done\n'}
[1.077314] (simple_robot) StdoutLine: {'line': b'-- Found OpenCV: /usr (found suitable version "4.5.4", minimum required is "4.5.4") \n'}
[1.080285] (simple_robot) StdoutLine: {'line': b'-- Found ament_cmake: 1.3.11 (/opt/ros/humble/share/ament_cmake/cmake)\n'}
[1.109772] (-) TimerEvent: {}
[1.211806] (-) TimerEvent: {}
[1.312568] (-) TimerEvent: {}
[1.413572] (-) TimerEvent: {}
[1.421573] (simple_robot) StdoutLine: {'line': b'-- Found Python3: /usr/bin/python3 (found version "3.10.12") found components: Interpreter \n'}
[1.513688] (-) TimerEvent: {}
[1.617504] (-) TimerEvent: {}
[1.717903] (-) TimerEvent: {}
[1.820502] (simple_robot) StdoutLine: {'line': b'-- Found rclcpp: 16.0.11 (/opt/ros/humble/share/rclcpp/cmake)\n'}
[1.820881] (-) TimerEvent: {}
[1.923513] (-) TimerEvent: {}
[1.942333] (simple_robot) StdoutLine: {'line': b'-- Found rosidl_generator_c: 3.1.6 (/opt/ros/humble/share/rosidl_generator_c/cmake)\n'}
[1.960442] (simple_robot) StdoutLine: {'line': b'-- Found rosidl_adapter: 3.1.6 (/opt/ros/humble/share/rosidl_adapter/cmake)\n'}
[2.004625] (simple_robot) StdoutLine: {'line': b'-- Found rosidl_generator_cpp: 3.1.6 (/opt/ros/humble/share/rosidl_generator_cpp/cmake)\n'}
[2.023651] (-) TimerEvent: {}
[2.052956] (simple_robot) StdoutLine: {'line': b'-- Using all available rosidl_typesupport_c: rosidl_typesupport_fastrtps_c;rosidl_typesupport_introspection_c\n'}
[2.125551] (-) TimerEvent: {}
[2.164661] (simple_robot) StdoutLine: {'line': b'-- Using all available rosidl_typesupport_cpp: rosidl_typesupport_fastrtps_cpp;rosidl_typesupport_introspection_cpp\n'}
[2.225676] (-) TimerEvent: {}
[2.287945] (simple_robot) StdoutLine: {'line': b'-- Found rmw_implementation_cmake: 6.1.2 (/opt/ros/humble/share/rmw_implementation_cmake/cmake)\n'}
[2.293628] (simple_robot) StdoutLine: {'line': b'-- Found rmw_fastrtps_cpp: 6.2.7 (/opt/ros/humble/share/rmw_fastrtps_cpp/cmake)\n'}
[2.325804] (-) TimerEvent: {}
[2.426213] (-) TimerEvent: {}
[2.526619] (-) TimerEvent: {}
[2.586043] (simple_robot) StdoutLine: {'line': b'-- Found OpenSSL: /usr/lib/x86_64-linux-gnu/libcrypto.so (found version "3.0.2")  \n'}
[2.626720] (-) TimerEvent: {}
[2.639812] (simple_robot) StdoutLine: {'line': b'-- Found FastRTPS: /opt/ros/humble/include  \n'}
[2.717758] (simple_robot) StdoutLine: {'line': b"-- Using RMW implementation 'rmw_fastrtps_cpp' as default\n"}
[2.726858] (-) TimerEvent: {}
[2.733053] (simple_robot) StdoutLine: {'line': b'-- Looking for pthread.h\n'}
[2.826980] (-) TimerEvent: {}
[2.884354] (simple_robot) StdoutLine: {'line': b'-- Looking for pthread.h - found\n'}
[2.885238] (simple_robot) StdoutLine: {'line': b'-- Performing Test CMAKE_HAVE_LIBC_PTHREAD\n'}
[2.927482] (-) TimerEvent: {}
[3.027877] (-) TimerEvent: {}
[3.038951] (simple_robot) StdoutLine: {'line': b'-- Performing Test CMAKE_HAVE_LIBC_PTHREAD - Success\n'}
[3.041717] (simple_robot) StdoutLine: {'line': b'-- Found Threads: TRUE  \n'}
[3.128004] (-) TimerEvent: {}
[3.167581] (simple_robot) StdoutLine: {'line': b'-- Found geometry_msgs: 4.2.4 (/opt/ros/humble/share/geometry_msgs/cmake)\n'}
[3.196781] (simple_robot) StdoutLine: {'line': b'-- Found sensor_msgs: 4.2.4 (/opt/ros/humble/share/sensor_msgs/cmake)\n'}
[3.227501] (simple_robot) StdoutLine: {'line': b'-- Found nav_msgs: 4.2.4 (/opt/ros/humble/share/nav_msgs/cmake)\n'}
[3.228110] (-) TimerEvent: {}
[3.264446] (simple_robot) StdoutLine: {'line': b'-- Found OpenCV: /usr (found version "4.5.4") \n'}
[3.328255] (-) TimerEvent: {}
[3.429359] (-) TimerEvent: {}
[3.456564] (simple_robot) StdoutLine: {'line': b'-- DATA_DIR: /home/martina/rp_project/robot-programming-project/src/simple_robot/data\n'}
[3.457047] (simple_robot) StdoutLine: {'line': b'-- Configuring done\n'}
[3.529751] (-) TimerEvent: {}
[3.530816] (simple_robot) StdoutLine: {'line': b'-- Generating done\n'}
[3.549683] (simple_robot) StdoutLine: {'line': b'-- Build files have been written to: /home/martina/rp_project/robot-programming-project/src/simple_robot/build/simple_robot\n'}
[3.581003] (simple_robot) CommandEnded: {'returncode': 0}
[3.581988] (simple_robot) JobProgress: {'identifier': 'simple_robot', 'progress': 'build'}
[3.582063] (simple_robot) Command: {'cmd': ['/usr/bin/cmake', '--build', '/home/martina/rp_project/robot-programming-project/src/simple_robot/build/simple_robot', '--', '-j4', '-l4'], 'cwd': '/home/martina/rp_project/robot-programming-project/src/simple_robot/build/simple_robot', 'env': OrderedDict([('GJS_DEBUG_TOPICS', 'JS ERROR;JS LOG'), ('LESSOPEN', '| /usr/bin/env /usr/bin/lesspipe %s 2>/dev/null'), ('CONDA_PROMPT_MODIFIER', '(base)'), ('LC_TIME', 'it_IT.UTF-8'), ('USER', 'martina'), ('XDG_SESSION_TYPE', 'wayland'), ('GIT_ASKPASS', '/usr/share/code/resources/app/extensions/git/dist/askpass.sh'), ('SHLVL', '2'), ('LD_LIBRARY_PATH', '/opt/ros/humble/opt/rviz_ogre_vendor/lib:/opt/ros/humble/lib/x86_64-linux-gnu:/opt/ros/humble/lib::/home/martina/.mujoco/mujoco210/bin:/usr/lib/nvidia:~/anaconda3/lib'), ('HOME', '/home/martina'), ('OLDPWD', '/home/martina/rp_project/robot-programming-project/src/simple_robot'), ('CHROME_DESKTOP', 'code.desktop'), ('TERMINFO', '/home/martina/.terminfo'), ('LESS', '-iRFXMx4'), ('CONDA_SHLVL', '1'), ('DESKTOP_SESSION', 'ubuntu'), ('TERM_PROGRAM_VERSION', '1.97.2'), ('GIO_LAUNCHED_DESKTOP_FILE', '/usr/share/applications/code.desktop'), ('LSCOLORS', 'ExGxDxDxCxDxDxFxFxexEx'), ('GTK_MODULES', 'gail:atk-bridge'), ('GNOME_SHELL_SESSION_MODE', 'ubuntu'), ('VSCODE_GIT_ASKPASS_MAIN', '/usr/share/code/resources/app/extensions/git/dist/askpass-main.js'), ('PAGER', 'less'), ('ROS_PYTHON_VERSION', '3'), ('LC_MONETARY', 'it_IT.UTF-8'), ('MANAGERPID', '887'), ('VSCODE_GIT_ASKPASS_NODE', '/usr/share/code/code'), ('SYSTEMD_EXEC_PID', '1152'), ('DBUS_SESSION_BUS_ADDRESS', 'unix:path=/run/user/1000/bus'), ('P9K_TTY', 'old'), ('GIO_LAUNCHED_DESKTOP_FILE_PID', '3260'), ('COLORTERM', 'truecolor'), ('_CE_M', ''), ('WAYLAND_DISPLAY', 'wayland-0'), ('INFOPATH', ''), ('ROS_DISTRO', 'humble'), ('COLCON_PREFIX_PATH', '/home/martina/rp_project/robot-programming-project/install'), ('LOGNAME', 'martina'), ('_', '/usr/bin/colcon'), ('JOURNAL_STREAM', '8:11413'), ('_P9K_SSH_TTY', '/dev/pts/2'), ('XDG_SESSION_CLASS', 'user'), ('USER_ZDOTDIR', '/home/martina'), ('ROS_VERSION', '2'), ('USERNAME', 'martina'), ('TERM', 'xterm-256color'), ('GNOME_DESKTOP_SESSION_ID', 'this-is-deprecated'), ('_CE_CONDA', ''), ('ROS_LOCALHOST_ONLY', '0'), ('PATH', '/opt/ros/humble/bin:/home/martina/.local/bin:/home/martina/.local/bin:/usr/lib/ccache:.:/home/martina/.mujoco/mujoco210/bin:/usr/lib/nvidia:/home/martina/anaconda3/condabin:/home/martina/bin:/home/martina/.local/bin:/usr/local/sbin:/usr/local/bin:/usr/sbin:/usr/bin:/sbin:/bin:/usr/games:/usr/local/games:/snap/bin:/home/martina/.cache/zsh4humans/v5/fzf/bin:/home/martina/other/install/bin'), ('SESSION_MANAGER', 'local/Martina-ThinkPad-X1-Yoga:@/tmp/.ICE-unix/1105,unix/Martina-ThinkPad-X1-Yoga:/tmp/.ICE-unix/1105'), ('INVOCATION_ID', 'abb78b4b018940349bd4da4c8fed9753'), ('LC_ADDRESS', 'it_IT.UTF-8'), ('XDG_RUNTIME_DIR', '/run/user/1000'), ('XDG_MENU_PREFIX', 'gnome-'), ('GNOME_SETUP_DISPLAY', ':1'), ('GDK_BACKEND', 'x11'), ('DISPLAY', ':0'), ('LANG', 'en_US.UTF-8'), ('LC_TELEPHONE', 'it_IT.UTF-8'), ('XDG_CURRENT_DESKTOP', 'Unity'), ('VSCODE_INJECTION', '1'), ('LD_PRELOAD', ':/usr/lib/x86_64-linux-gnu/libGLEW.so'), ('XDG_SESSION_DESKTOP', 'ubuntu'), ('XMODIFIERS', '@im=ibus'), ('XAUTHORITY', '/run/user/1000/.mutter-Xwaylandauth.L52E22'), ('TERM_PROGRAM', 'vscode'), ('VSCODE_GIT_IPC_HANDLE', '/run/user/1000/vscode-git-f640f2b3f6.sock'), ('LS_COLORS', 'fi=00:mi=00:mh=00:ln=01;36:or=01;31:di=01;34:ow=04;01;34:st=34:tw=04;34:pi=01;33:so=01;33:do=01;33:bd=01;33:cd=01;33:su=01;35:sg=01;35:ca=01;35:ex=01;32:no=38;5;248'), ('TREE_COLORS', 'fi=00:mi=00:mh=00:ln=01;36:or=01;31:di=01;34:ow=01;34:st=34:tw=34:pi=01;33:so=01;33:do=01;33:bd=01;33:cd=01;33:su=01;35:sg=01;35:ca=01;35:ex=01;32'), ('SSH_AGENT_LAUNCHER', 'gnome-keyring'), ('SSH_AUTH_SOCK', '/run/user/1000/keyring/ssh'), ('ORIGINAL_XDG_CURRENT_DESKTOP', 'ubuntu:GNOME'), ('CONDA_PYTHON_EXE', '/home/martina/anaconda3/bin/python'), ('AMENT_PREFIX_PATH', '/home/martina/rp_project/robot-programming-project/install/simple_robot:/opt/ros/humble'), ('LC_NAME', 'it_IT.UTF-8'), ('SHELL', '/usr/local/bin/zsh'), ('DEST', '/home/martina/other/install'), ('QT_ACCESSIBILITY', '1'), ('GDMSESSION', 'ubuntu'), ('CONDA_DEFAULT_ENV', 'base'), ('LC_MEASUREMENT', 'it_IT.UTF-8'), ('LC_IDENTIFICATION', 'it_IT.UTF-8'), ('GJS_DEBUG_OUTPUT', 'stderr'), ('P9K_SSH', '0'), ('QT_IM_MODULE', 'ibus'), ('VSCODE_GIT_ASKPASS_EXTRA_ARGS', ''), ('VSCODE_NONCE', '052e925b-acb5-444f-b870-f20c06506941'), ('LC_ALL', 'en_US.UTF-8'), ('PWD', '/home/martina/rp_project/robot-programming-project/src/simple_robot/build/simple_robot'), ('GPG_TTY', '/dev/pts/2'), ('XDG_DATA_DIRS', '/usr/local/share/:/usr/share/:/var/lib/snapd/desktop'), ('ZDOTDIR', '/home/martina'), ('_P9K_TTY', '/dev/pts/2'), ('CONDA_EXE', '/home/martina/anaconda3/bin/conda'), ('LC_NUMERIC', 'it_IT.UTF-8'), ('PYTHONPATH', '/opt/ros/humble/lib/python3.10/site-packages:/opt/ros/humble/local/lib/python3.10/dist-packages:/home/martina/other/install/lib/python3.10/site-packages/'), ('LC_PAPER', 'it_IT.UTF-8'), ('CONDA_PREFIX', '/home/martina/anaconda3'), ('COLCON', '1'), ('MANPATH', '/usr/local/share/man:/home/martina/.cache/zsh4humans/v5/fzf/man:'), ('CMAKE_PREFIX_PATH', '/home/martina/rp_project/robot-programming-project/install/simple_robot:/opt/ros/humble')]), 'shell': False}
[3.629859] (-) TimerEvent: {}
[3.710480] (simple_robot) StdoutLine: {'line': b'\x1b[35m\x1b[1mConsolidate compiler generated dependencies of target robot_map_node\x1b[0m\n'}
[3.712730] (simple_robot) StdoutLine: {'line': b'\x1b[35m\x1b[1mConsolidate compiler generated dependencies of target grid_map\x1b[0m\n'}
[3.730245] (-) TimerEvent: {}
[3.806626] (simple_robot) StdoutLine: {'line': b'[  8%] \x1b[32mBuilding CXX object src/CMakeFiles/grid_map.dir/main.cpp.o\x1b[0m\n'}
[3.815379] (simple_robot) StdoutLine: {'line': b'[ 16%] \x1b[32mBuilding CXX object CMakeFiles/robot_map_node.dir/src/main.cpp.o\x1b[0m\n'}
[3.831109] (-) TimerEvent: {}
[3.931507] (-) TimerEvent: {}
[4.031906] (-) TimerEvent: {}
[4.132529] (-) TimerEvent: {}
[4.234364] (-) TimerEvent: {}
[4.338376] (-) TimerEvent: {}
[4.438884] (-) TimerEvent: {}
[4.539344] (-) TimerEvent: {}
[4.643522] (-) TimerEvent: {}
[4.746518] (-) TimerEvent: {}
[4.846969] (-) TimerEvent: {}
[4.947474] (-) TimerEvent: {}
[5.047913] (-) TimerEvent: {}
[5.149448] (-) TimerEvent: {}
[5.252496] (-) TimerEvent: {}
[5.352890] (-) TimerEvent: {}
[5.453339] (-) TimerEvent: {}
[5.553870] (-) TimerEvent: {}
[5.654246] (-) TimerEvent: {}
[5.754653] (-) TimerEvent: {}
[5.855089] (-) TimerEvent: {}
[5.955475] (-) TimerEvent: {}
[6.056071] (-) TimerEvent: {}
[6.156491] (-) TimerEvent: {}
[6.257382] (-) TimerEvent: {}
[6.360681] (-) TimerEvent: {}
[6.462377] (-) TimerEvent: {}
[6.562793] (-) TimerEvent: {}
[6.664637] (-) TimerEvent: {}
[6.765175] (-) TimerEvent: {}
[6.865517] (-) TimerEvent: {}
[6.966132] (-) TimerEvent: {}
[7.066768] (-) TimerEvent: {}
[7.167513] (-) TimerEvent: {}
[7.267966] (-) TimerEvent: {}
[7.368677] (-) TimerEvent: {}
[7.469067] (-) TimerEvent: {}
[7.570025] (-) TimerEvent: {}
[7.672510] (-) TimerEvent: {}
[7.772924] (-) TimerEvent: {}
[7.873917] (-) TimerEvent: {}
[7.974582] (-) TimerEvent: {}
[8.075373] (-) TimerEvent: {}
[8.175996] (-) TimerEvent: {}
[8.276961] (-) TimerEvent: {}
[8.377342] (-) TimerEvent: {}
[8.477738] (-) TimerEvent: {}
[8.578112] (-) TimerEvent: {}
[8.678805] (-) TimerEvent: {}
[8.779186] (-) TimerEvent: {}
[8.879563] (-) TimerEvent: {}
[8.980017] (-) TimerEvent: {}
[9.080384] (-) TimerEvent: {}
[9.180758] (-) TimerEvent: {}
[9.281185] (-) TimerEvent: {}
[9.381616] (-) TimerEvent: {}
[9.482044] (-) TimerEvent: {}
[9.582509] (-) TimerEvent: {}
[9.682943] (-) TimerEvent: {}
[9.783311] (-) TimerEvent: {}
[9.885094] (-) TimerEvent: {}
[9.986228] (-) TimerEvent: {}
[10.086645] (-) TimerEvent: {}
[10.187251] (-) TimerEvent: {}
[10.287655] (-) TimerEvent: {}
[10.388022] (-) TimerEvent: {}
[10.488403] (-) TimerEvent: {}
[10.588800] (-) TimerEvent: {}
[10.689192] (-) TimerEvent: {}
[10.789585] (-) TimerEvent: {}
[10.890046] (-) TimerEvent: {}
[10.990449] (-) TimerEvent: {}
[11.090839] (-) TimerEvent: {}
[11.191224] (-) TimerEvent: {}
[11.291607] (-) TimerEvent: {}
[11.391991] (-) TimerEvent: {}
[11.492399] (-) TimerEvent: {}
[11.592799] (-) TimerEvent: {}
[11.693193] (-) TimerEvent: {}
[11.793580] (-) TimerEvent: {}
[11.893970] (-) TimerEvent: {}
[11.995523] (-) TimerEvent: {}
[12.095931] (-) TimerEvent: {}
[12.196774] (-) TimerEvent: {}
[12.297244] (-) TimerEvent: {}
[12.397662] (-) TimerEvent: {}
[12.498051] (-) TimerEvent: {}
[12.598457] (-) TimerEvent: {}
[12.698834] (-) TimerEvent: {}
[12.799230] (-) TimerEvent: {}
[12.899644] (-) TimerEvent: {}
[13.000037] (-) TimerEvent: {}
[13.103675] (-) TimerEvent: {}
[13.204078] (-) TimerEvent: {}
[13.304500] (-) TimerEvent: {}
[13.407507] (-) TimerEvent: {}
[13.507939] (-) TimerEvent: {}
[13.608321] (-) TimerEvent: {}
[13.708776] (-) TimerEvent: {}
[13.809147] (-) TimerEvent: {}
[13.909507] (-) TimerEvent: {}
[14.009911] (-) TimerEvent: {}
[14.110293] (-) TimerEvent: {}
[14.210921] (-) TimerEvent: {}
[14.311375] (-) TimerEvent: {}
[14.411765] (-) TimerEvent: {}
[14.512140] (-) TimerEvent: {}
[14.612512] (-) TimerEvent: {}
[14.712890] (-) TimerEvent: {}
[14.813494] (-) TimerEvent: {}
[14.913868] (-) TimerEvent: {}
[15.014246] (-) TimerEvent: {}
[15.114674] (-) TimerEvent: {}
[15.215299] (-) TimerEvent: {}
[15.315747] (-) TimerEvent: {}
[15.416125] (-) TimerEvent: {}
[15.516574] (-) TimerEvent: {}
[15.616956] (-) TimerEvent: {}
[15.717325] (-) TimerEvent: {}
[15.817714] (-) TimerEvent: {}
[15.918319] (-) TimerEvent: {}
[16.018728] (-) TimerEvent: {}
[16.119342] (-) TimerEvent: {}
[16.220525] (-) TimerEvent: {}
[16.320963] (-) TimerEvent: {}
[16.421470] (-) TimerEvent: {}
[16.521821] (-) TimerEvent: {}
[16.622209] (-) TimerEvent: {}
[16.722598] (-) TimerEvent: {}
[16.822998] (-) TimerEvent: {}
[16.923381] (-) TimerEvent: {}
[17.023780] (-) TimerEvent: {}
[17.124158] (-) TimerEvent: {}
[17.224513] (-) TimerEvent: {}
[17.324909] (-) TimerEvent: {}
[17.425281] (-) TimerEvent: {}
[17.525703] (-) TimerEvent: {}
[17.626192] (-) TimerEvent: {}
[17.726587] (-) TimerEvent: {}
[17.826977] (-) TimerEvent: {}
[17.927366] (-) TimerEvent: {}
[18.027770] (-) TimerEvent: {}
[18.128154] (-) TimerEvent: {}
[18.228523] (-) TimerEvent: {}
[18.328933] (-) TimerEvent: {}
[18.430044] (-) TimerEvent: {}
[18.531095] (-) TimerEvent: {}
[18.631843] (-) TimerEvent: {}
[18.732233] (-) TimerEvent: {}
[18.832654] (-) TimerEvent: {}
[18.933040] (-) TimerEvent: {}
[19.033424] (-) TimerEvent: {}
[19.133847] (-) TimerEvent: {}
[19.236284] (-) TimerEvent: {}
[19.336710] (-) TimerEvent: {}
[19.437212] (-) TimerEvent: {}
[19.537678] (-) TimerEvent: {}
[19.638566] (-) TimerEvent: {}
[19.739076] (-) TimerEvent: {}
[19.839544] (-) TimerEvent: {}
[19.940038] (-) TimerEvent: {}
[20.040482] (-) TimerEvent: {}
[20.140863] (-) TimerEvent: {}
[20.241242] (-) TimerEvent: {}
[20.341653] (-) TimerEvent: {}
[20.442070] (-) TimerEvent: {}
[20.542475] (-) TimerEvent: {}
[20.642830] (-) TimerEvent: {}
[20.743169] (-) TimerEvent: {}
[20.843498] (-) TimerEvent: {}
[20.943870] (-) TimerEvent: {}
[21.044255] (-) TimerEvent: {}
[21.144649] (-) TimerEvent: {}
[21.245030] (-) TimerEvent: {}
[21.345484] (-) TimerEvent: {}
[21.446539] (-) TimerEvent: {}
[21.547392] (-) TimerEvent: {}
[21.648543] (-) TimerEvent: {}
[21.749089] (-) TimerEvent: {}
[21.849503] (-) TimerEvent: {}
[21.950043] (-) TimerEvent: {}
[22.050468] (-) TimerEvent: {}
[22.150904] (-) TimerEvent: {}
[22.251637] (-) TimerEvent: {}
[22.352187] (-) TimerEvent: {}
[22.452777] (-) TimerEvent: {}
[22.553340] (-) TimerEvent: {}
[22.653812] (-) TimerEvent: {}
[22.754212] (-) TimerEvent: {}
[22.854602] (-) TimerEvent: {}
[22.954948] (-) TimerEvent: {}
[23.055296] (-) TimerEvent: {}
[23.155834] (-) TimerEvent: {}
[23.256206] (-) TimerEvent: {}
[23.356563] (-) TimerEvent: {}
[23.456917] (-) TimerEvent: {}
[23.557292] (-) TimerEvent: {}
[23.657662] (-) TimerEvent: {}
[23.758023] (-) TimerEvent: {}
[23.858595] (-) TimerEvent: {}
[23.959506] (-) TimerEvent: {}
[24.059884] (-) TimerEvent: {}
[24.160229] (-) TimerEvent: {}
[24.260578] (-) TimerEvent: {}
[24.360942] (-) TimerEvent: {}
[24.461286] (-) TimerEvent: {}
[24.561697] (-) TimerEvent: {}
[24.662042] (-) TimerEvent: {}
[24.762511] (-) TimerEvent: {}
[24.863114] (-) TimerEvent: {}
[24.963685] (-) TimerEvent: {}
[25.064250] (-) TimerEvent: {}
[25.164904] (-) TimerEvent: {}
[25.265298] (-) TimerEvent: {}
[25.365774] (-) TimerEvent: {}
[25.466284] (-) TimerEvent: {}
[25.567228] (-) TimerEvent: {}
[25.667982] (-) TimerEvent: {}
[25.768829] (-) TimerEvent: {}
[25.869635] (-) TimerEvent: {}
[25.969998] (-) TimerEvent: {}
[26.070329] (-) TimerEvent: {}
[26.170921] (-) TimerEvent: {}
[26.271499] (-) TimerEvent: {}
[26.372113] (-) TimerEvent: {}
[26.472464] (-) TimerEvent: {}
[26.572811] (-) TimerEvent: {}
[26.673159] (-) TimerEvent: {}
[26.773733] (-) TimerEvent: {}
[26.874075] (-) TimerEvent: {}
[26.974437] (-) TimerEvent: {}
[27.075223] (-) TimerEvent: {}
[27.175574] (-) TimerEvent: {}
[27.275913] (-) TimerEvent: {}
[27.376256] (-) TimerEvent: {}
[27.476810] (-) TimerEvent: {}
[27.577161] (-) TimerEvent: {}
[27.677504] (-) TimerEvent: {}
[27.777844] (-) TimerEvent: {}
[27.878183] (-) TimerEvent: {}
[27.978502] (-) TimerEvent: {}
[28.078852] (-) TimerEvent: {}
[28.179196] (-) TimerEvent: {}
[28.279597] (-) TimerEvent: {}
[28.379982] (-) TimerEvent: {}
[28.480326] (-) TimerEvent: {}
[28.580706] (-) TimerEvent: {}
[28.681176] (-) TimerEvent: {}
[28.781580] (-) TimerEvent: {}
[28.881965] (-) TimerEvent: {}
[28.982358] (-) TimerEvent: {}
[29.082772] (-) TimerEvent: {}
[29.183600] (-) TimerEvent: {}
[29.284406] (-) TimerEvent: {}
[29.384781] (-) TimerEvent: {}
[29.485591] (-) TimerEvent: {}
[29.586213] (-) TimerEvent: {}
[29.686644] (-) TimerEvent: {}
[29.787049] (-) TimerEvent: {}
[29.887479] (-) TimerEvent: {}
[29.987855] (-) TimerEvent: {}
[30.088277] (-) TimerEvent: {}
[30.188919] (-) TimerEvent: {}
[30.289292] (-) TimerEvent: {}
[30.390654] (-) TimerEvent: {}
[30.492885] (-) TimerEvent: {}
[30.595596] (-) TimerEvent: {}
[30.695953] (-) TimerEvent: {}
[30.796290] (-) TimerEvent: {}
[30.896631] (-) TimerEvent: {}
[30.997042] (-) TimerEvent: {}
[31.097491] (-) TimerEvent: {}
[31.198515] (-) TimerEvent: {}
[31.298869] (-) TimerEvent: {}
[31.399498] (-) TimerEvent: {}
[31.499845] (-) TimerEvent: {}
[31.600206] (-) TimerEvent: {}
[31.700962] (-) TimerEvent: {}
[31.804288] (-) TimerEvent: {}
[31.905009] (-) TimerEvent: {}
[32.005378] (-) TimerEvent: {}
[32.105759] (-) TimerEvent: {}
[32.206108] (-) TimerEvent: {}
[32.306498] (-) TimerEvent: {}
[32.407142] (-) TimerEvent: {}
[32.507825] (-) TimerEvent: {}
[32.608633] (-) TimerEvent: {}
[32.709248] (-) TimerEvent: {}
[32.810509] (-) TimerEvent: {}
[32.910937] (-) TimerEvent: {}
[33.011373] (-) TimerEvent: {}
[33.047843] (simple_robot) StdoutLine: {'line': b'[ 25%] \x1b[32m\x1b[1mLinking CXX executable robot_map_node\x1b[0m\n'}
[33.111492] (-) TimerEvent: {}
[33.214742] (-) TimerEvent: {}
[33.260541] (simple_robot) StdoutLine: {'line': b'[ 33%] \x1b[32m\x1b[1mLinking CXX shared library libgrid_map.so\x1b[0m\n'}
[33.314891] (-) TimerEvent: {}
[33.416462] (-) TimerEvent: {}
[33.517334] (-) TimerEvent: {}
[33.623097] (-) TimerEvent: {}
[33.723636] (-) TimerEvent: {}
[33.826524] (-) TimerEvent: {}
[33.931891] (-) TimerEvent: {}
[34.032560] (-) TimerEvent: {}
[34.137533] (-) TimerEvent: {}
[34.240649] (-) TimerEvent: {}
[34.342600] (-) TimerEvent: {}
[34.443276] (-) TimerEvent: {}
[34.545664] (-) TimerEvent: {}
[34.647340] (-) TimerEvent: {}
[34.751470] (-) TimerEvent: {}
[34.855847] (-) TimerEvent: {}
[34.958489] (-) TimerEvent: {}
[35.059796] (-) TimerEvent: {}
[35.160968] (-) TimerEvent: {}
[35.261814] (-) TimerEvent: {}
[35.363208] (-) TimerEvent: {}
[35.464531] (-) TimerEvent: {}
[35.567131] (-) TimerEvent: {}
[35.671516] (-) TimerEvent: {}
[35.771940] (-) TimerEvent: {}
[35.872478] (-) TimerEvent: {}
[35.972905] (-) TimerEvent: {}
[36.074933] (-) TimerEvent: {}
[36.177895] (-) TimerEvent: {}
[36.278292] (-) TimerEvent: {}
[36.378879] (-) TimerEvent: {}
[36.442637] (simple_robot) StdoutLine: {'line': b'[ 66%] Built target grid_map\n'}
[36.478991] (-) TimerEvent: {}
[36.579411] (-) TimerEvent: {}
[36.679772] (-) TimerEvent: {}
[36.749688] (simple_robot) StdoutLine: {'line': b'[100%] Built target robot_map_node\n'}
[36.781510] (-) TimerEvent: {}
[36.787706] (simple_robot) CommandEnded: {'returncode': 0}
[36.790163] (simple_robot) JobProgress: {'identifier': 'simple_robot', 'progress': 'install'}
[36.816870] (simple_robot) Command: {'cmd': ['/usr/bin/cmake', '--install', '/home/martina/rp_project/robot-programming-project/src/simple_robot/build/simple_robot'], 'cwd': '/home/martina/rp_project/robot-programming-project/src/simple_robot/build/simple_robot', 'env': OrderedDict([('GJS_DEBUG_TOPICS', 'JS ERROR;JS LOG'), ('LESSOPEN', '| /usr/bin/env /usr/bin/lesspipe %s 2>/dev/null'), ('CONDA_PROMPT_MODIFIER', '(base)'), ('LC_TIME', 'it_IT.UTF-8'), ('USER', 'martina'), ('XDG_SESSION_TYPE', 'wayland'), ('GIT_ASKPASS', '/usr/share/code/resources/app/extensions/git/dist/askpass.sh'), ('SHLVL', '2'), ('LD_LIBRARY_PATH', '/opt/ros/humble/opt/rviz_ogre_vendor/lib:/opt/ros/humble/lib/x86_64-linux-gnu:/opt/ros/humble/lib::/home/martina/.mujoco/mujoco210/bin:/usr/lib/nvidia:~/anaconda3/lib'), ('HOME', '/home/martina'), ('OLDPWD', '/home/martina/rp_project/robot-programming-project/src/simple_robot'), ('CHROME_DESKTOP', 'code.desktop'), ('TERMINFO', '/home/martina/.terminfo'), ('LESS', '-iRFXMx4'), ('CONDA_SHLVL', '1'), ('DESKTOP_SESSION', 'ubuntu'), ('TERM_PROGRAM_VERSION', '1.97.2'), ('GIO_LAUNCHED_DESKTOP_FILE', '/usr/share/applications/code.desktop'), ('LSCOLORS', 'ExGxDxDxCxDxDxFxFxexEx'), ('GTK_MODULES', 'gail:atk-bridge'), ('GNOME_SHELL_SESSION_MODE', 'ubuntu'), ('VSCODE_GIT_ASKPASS_MAIN', '/usr/share/code/resources/app/extensions/git/dist/askpass-main.js'), ('PAGER', 'less'), ('ROS_PYTHON_VERSION', '3'), ('LC_MONETARY', 'it_IT.UTF-8'), ('MANAGERPID', '887'), ('VSCODE_GIT_ASKPASS_NODE', '/usr/share/code/code'), ('SYSTEMD_EXEC_PID', '1152'), ('DBUS_SESSION_BUS_ADDRESS', 'unix:path=/run/user/1000/bus'), ('P9K_TTY', 'old'), ('GIO_LAUNCHED_DESKTOP_FILE_PID', '3260'), ('COLORTERM', 'truecolor'), ('_CE_M', ''), ('WAYLAND_DISPLAY', 'wayland-0'), ('INFOPATH', ''), ('ROS_DISTRO', 'humble'), ('COLCON_PREFIX_PATH', '/home/martina/rp_project/robot-programming-project/install'), ('LOGNAME', 'martina'), ('_', '/usr/bin/colcon'), ('JOURNAL_STREAM', '8:11413'), ('_P9K_SSH_TTY', '/dev/pts/2'), ('XDG_SESSION_CLASS', 'user'), ('USER_ZDOTDIR', '/home/martina'), ('ROS_VERSION', '2'), ('USERNAME', 'martina'), ('TERM', 'xterm-256color'), ('GNOME_DESKTOP_SESSION_ID', 'this-is-deprecated'), ('_CE_CONDA', ''), ('ROS_LOCALHOST_ONLY', '0'), ('PATH', '/opt/ros/humble/bin:/home/martina/.local/bin:/home/martina/.local/bin:/usr/lib/ccache:.:/home/martina/.mujoco/mujoco210/bin:/usr/lib/nvidia:/home/martina/anaconda3/condabin:/home/martina/bin:/home/martina/.local/bin:/usr/local/sbin:/usr/local/bin:/usr/sbin:/usr/bin:/sbin:/bin:/usr/games:/usr/local/games:/snap/bin:/home/martina/.cache/zsh4humans/v5/fzf/bin:/home/martina/other/install/bin'), ('SESSION_MANAGER', 'local/Martina-ThinkPad-X1-Yoga:@/tmp/.ICE-unix/1105,unix/Martina-ThinkPad-X1-Yoga:/tmp/.ICE-unix/1105'), ('INVOCATION_ID', 'abb78b4b018940349bd4da4c8fed9753'), ('LC_ADDRESS', 'it_IT.UTF-8'), ('XDG_RUNTIME_DIR', '/run/user/1000'), ('XDG_MENU_PREFIX', 'gnome-'), ('GNOME_SETUP_DISPLAY', ':1'), ('GDK_BACKEND', 'x11'), ('DISPLAY', ':0'), ('LANG', 'en_US.UTF-8'), ('LC_TELEPHONE', 'it_IT.UTF-8'), ('XDG_CURRENT_DESKTOP', 'Unity'), ('VSCODE_INJECTION', '1'), ('LD_PRELOAD', ':/usr/lib/x86_64-linux-gnu/libGLEW.so'), ('XDG_SESSION_DESKTOP', 'ubuntu'), ('XMODIFIERS', '@im=ibus'), ('XAUTHORITY', '/run/user/1000/.mutter-Xwaylandauth.L52E22'), ('TERM_PROGRAM', 'vscode'), ('VSCODE_GIT_IPC_HANDLE', '/run/user/1000/vscode-git-f640f2b3f6.sock'), ('LS_COLORS', 'fi=00:mi=00:mh=00:ln=01;36:or=01;31:di=01;34:ow=04;01;34:st=34:tw=04;34:pi=01;33:so=01;33:do=01;33:bd=01;33:cd=01;33:su=01;35:sg=01;35:ca=01;35:ex=01;32:no=38;5;248'), ('TREE_COLORS', 'fi=00:mi=00:mh=00:ln=01;36:or=01;31:di=01;34:ow=01;34:st=34:tw=34:pi=01;33:so=01;33:do=01;33:bd=01;33:cd=01;33:su=01;35:sg=01;35:ca=01;35:ex=01;32'), ('SSH_AGENT_LAUNCHER', 'gnome-keyring'), ('SSH_AUTH_SOCK', '/run/user/1000/keyring/ssh'), ('ORIGINAL_XDG_CURRENT_DESKTOP', 'ubuntu:GNOME'), ('CONDA_PYTHON_EXE', '/home/martina/anaconda3/bin/python'), ('AMENT_PREFIX_PATH', '/home/martina/rp_project/robot-programming-project/install/simple_robot:/opt/ros/humble'), ('LC_NAME', 'it_IT.UTF-8'), ('SHELL', '/usr/local/bin/zsh'), ('DEST', '/home/martina/other/install'), ('QT_ACCESSIBILITY', '1'), ('GDMSESSION', 'ubuntu'), ('CONDA_DEFAULT_ENV', 'base'), ('LC_MEASUREMENT', 'it_IT.UTF-8'), ('LC_IDENTIFICATION', 'it_IT.UTF-8'), ('GJS_DEBUG_OUTPUT', 'stderr'), ('P9K_SSH', '0'), ('QT_IM_MODULE', 'ibus'), ('VSCODE_GIT_ASKPASS_EXTRA_ARGS', ''), ('VSCODE_NONCE', '052e925b-acb5-444f-b870-f20c06506941'), ('LC_ALL', 'en_US.UTF-8'), ('PWD', '/home/martina/rp_project/robot-programming-project/src/simple_robot/build/simple_robot'), ('GPG_TTY', '/dev/pts/2'), ('XDG_DATA_DIRS', '/usr/local/share/:/usr/share/:/var/lib/snapd/desktop'), ('ZDOTDIR', '/home/martina'), ('_P9K_TTY', '/dev/pts/2'), ('CONDA_EXE', '/home/martina/anaconda3/bin/conda'), ('LC_NUMERIC', 'it_IT.UTF-8'), ('PYTHONPATH', '/opt/ros/humble/lib/python3.10/site-packages:/opt/ros/humble/local/lib/python3.10/dist-packages:/home/martina/other/install/lib/python3.10/site-packages/'), ('LC_PAPER', 'it_IT.UTF-8'), ('CONDA_PREFIX', '/home/martina/anaconda3'), ('COLCON', '1'), ('MANPATH', '/usr/local/share/man:/home/martina/.cache/zsh4humans/v5/fzf/man:'), ('CMAKE_PREFIX_PATH', '/home/martina/rp_project/robot-programming-project/install/simple_robot:/opt/ros/humble')]), 'shell': False}
[36.842516] (simple_robot) StdoutLine: {'line': b'-- Install configuration: ""\n'}
[36.842935] (simple_robot) StdoutLine: {'line': b'-- Installing: /home/martina/rp_project/robot-programming-project/src/simple_robot/install/simple_robot/lib/simple_robot/robot_map_node\n'}
[36.860237] (simple_robot) StdoutLine: {'line': b'-- Set runtime path of "/home/martina/rp_project/robot-programming-project/src/simple_robot/install/simple_robot/lib/simple_robot/robot_map_node" to ""\n'}
[36.860937] (simple_robot) StdoutLine: {'line': b'-- Up-to-date: /home/martina/rp_project/robot-programming-project/src/simple_robot/install/simple_robot/share/ament_index/resource_index/package_run_dependencies/simple_robot\n'}
[36.861418] (simple_robot) StdoutLine: {'line': b'-- Up-to-date: /home/martina/rp_project/robot-programming-project/src/simple_robot/install/simple_robot/share/ament_index/resource_index/parent_prefix_path/simple_robot\n'}
[36.861729] (simple_robot) StdoutLine: {'line': b'-- Up-to-date: /home/martina/rp_project/robot-programming-project/src/simple_robot/install/simple_robot/share/simple_robot/environment/ament_prefix_path.sh\n'}
[36.861947] (simple_robot) StdoutLine: {'line': b'-- Installing: /home/martina/rp_project/robot-programming-project/src/simple_robot/install/simple_robot/share/simple_robot/environment/ament_prefix_path.dsv\n'}
[36.864297] (simple_robot) StdoutLine: {'line': b'-- Up-to-date: /home/martina/rp_project/robot-programming-project/src/simple_robot/install/simple_robot/share/simple_robot/environment/path.sh\n'}
[36.864910] (simple_robot) StdoutLine: {'line': b'-- Installing: /home/martina/rp_project/robot-programming-project/src/simple_robot/install/simple_robot/share/simple_robot/environment/path.dsv\n'}
[36.865163] (simple_robot) StdoutLine: {'line': b'-- Up-to-date: /home/martina/rp_project/robot-programming-project/src/simple_robot/install/simple_robot/share/simple_robot/local_setup.bash\n'}
[36.865371] (simple_robot) StdoutLine: {'line': b'-- Up-to-date: /home/martina/rp_project/robot-programming-project/src/simple_robot/install/simple_robot/share/simple_robot/local_setup.sh\n'}
[36.865577] (simple_robot) StdoutLine: {'line': b'-- Up-to-date: /home/martina/rp_project/robot-programming-project/src/simple_robot/install/simple_robot/share/simple_robot/local_setup.zsh\n'}
[36.872975] (simple_robot) StdoutLine: {'line': b'-- Installing: /home/martina/rp_project/robot-programming-project/src/simple_robot/install/simple_robot/share/simple_robot/local_setup.dsv\n'}
[36.874349] (simple_robot) StdoutLine: {'line': b'-- Installing: /home/martina/rp_project/robot-programming-project/src/simple_robot/install/simple_robot/share/simple_robot/package.dsv\n'}
[36.874692] (simple_robot) StdoutLine: {'line': b'-- Up-to-date: /home/martina/rp_project/robot-programming-project/src/simple_robot/install/simple_robot/share/ament_index/resource_index/packages/simple_robot\n'}
[36.875079] (simple_robot) StdoutLine: {'line': b'-- Up-to-date: /home/martina/rp_project/robot-programming-project/src/simple_robot/install/simple_robot/share/simple_robot/cmake/simple_robotConfig.cmake\n'}
[36.875566] (simple_robot) StdoutLine: {'line': b'-- Up-to-date: /home/martina/rp_project/robot-programming-project/src/simple_robot/install/simple_robot/share/simple_robot/cmake/simple_robotConfig-version.cmake\n'}
[36.876120] (simple_robot) StdoutLine: {'line': b'-- Up-to-date: /home/martina/rp_project/robot-programming-project/src/simple_robot/install/simple_robot/share/simple_robot/package.xml\n'}
[36.877394] (simple_robot) CommandEnded: {'returncode': 0}
[36.881949] (-) TimerEvent: {}
[36.922546] (simple_robot) JobEnded: {'identifier': 'simple_robot', 'rc': 0}
[36.924275] (-) EventReactorShutdown: {}
