[0.947s] DEBUG:colcon:Command line arguments: ['/usr/bin/colcon', 'build', '--packages-select', 'simple_robot', '--cmake-clean-cache', '--event-handlers', 'console_direct+']
[0.947s] DEBUG:colcon:Parsed command line arguments: Namespace(log_base=None, log_level=None, verb_name='build', build_base='build', install_base='install', merge_install=False, symlink_install=False, test_result_base=None, continue_on_error=False, executor='parallel', parallel_workers=4, event_handlers=['console_direct+'], ignore_user_meta=False, metas=['./colcon.meta'], base_paths=['.'], packages_ignore=None, packages_ignore_regex=None, paths=None, packages_up_to=None, packages_up_to_regex=None, packages_above=None, packages_above_and_dependencies=None, packages_above_depth=None, packages_select_by_dep=None, packages_skip_by_dep=None, packages_skip_up_to=None, packages_select_build_failed=False, packages_skip_build_finished=False, packages_select_test_failures=False, packages_skip_test_passed=False, packages_select=['simple_robot'], packages_skip=None, packages_select_regex=None, packages_skip_regex=None, packages_start=None, packages_end=None, allow_overriding=[], cmake_args=None, cmake_target=None, cmake_target_skip_unavailable=False, cmake_clean_cache=True, cmake_clean_first=False, cmake_force_configure=False, ament_cmake_args=None, catkin_cmake_args=None, catkin_skip_building_tests=False, mixin_files=None, mixin=None, verb_parser=<colcon_mixin.mixin.mixin_argument.MixinArgumentDecorator object at 0x70197b2799c0>, verb_extension=<colcon_core.verb.build.BuildVerb object at 0x70197b278fd0>, main=<bound method BuildVerb.main of <colcon_core.verb.build.BuildVerb object at 0x70197b278fd0>>, mixin_verb=('build',))
[3.433s] Level 1:colcon.colcon_core.package_discovery:discover_packages(colcon_meta) check parameters
[3.434s] Level 1:colcon.colcon_core.package_discovery:discover_packages(recursive) check parameters
[3.434s] Level 1:colcon.colcon_core.package_discovery:discover_packages(ignore) check parameters
[3.434s] Level 1:colcon.colcon_core.package_discovery:discover_packages(path) check parameters
[3.435s] Level 1:colcon.colcon_core.package_discovery:discover_packages(colcon_meta) discover
[3.435s] Level 1:colcon.colcon_core.package_discovery:discover_packages(recursive) discover
[3.436s] INFO:colcon.colcon_core.package_discovery:Crawling recursively for packages in '/home/martina/rp_project/robot-programming-project/src/simple_robot'
[3.437s] Level 1:colcon.colcon_core.package_identification:_identify(.) by extensions ['ignore', 'ignore_ament_install']
[3.438s] Level 1:colcon.colcon_core.package_identification:_identify(.) by extension 'ignore'
[3.438s] Level 1:colcon.colcon_core.package_identification:_identify(.) by extension 'ignore_ament_install'
[3.439s] Level 1:colcon.colcon_core.package_identification:_identify(.) by extensions ['colcon_pkg']
[3.440s] Level 1:colcon.colcon_core.package_identification:_identify(.) by extension 'colcon_pkg'
[3.440s] Level 1:colcon.colcon_core.package_identification:_identify(.) by extensions ['colcon_meta']
[3.441s] Level 1:colcon.colcon_core.package_identification:_identify(.) by extension 'colcon_meta'
[3.441s] Level 1:colcon.colcon_core.package_identification:_identify(.) by extensions ['ros']
[3.442s] Level 1:colcon.colcon_core.package_identification:_identify(.) by extension 'ros'
[3.568s] DEBUG:colcon.colcon_core.package_identification:Package '.' with type 'ros.ament_cmake' and name 'simple_robot'
[3.569s] Level 1:colcon.colcon_core.package_discovery:discover_packages(recursive) using defaults
[3.569s] Level 1:colcon.colcon_core.package_discovery:discover_packages(ignore) discover
[3.570s] Level 1:colcon.colcon_core.package_discovery:discover_packages(ignore) using defaults
[3.570s] Level 1:colcon.colcon_core.package_discovery:discover_packages(path) discover
[3.570s] Level 1:colcon.colcon_core.package_discovery:discover_packages(path) using defaults
[3.819s] Level 1:colcon.colcon_core.package_discovery:discover_packages(prefix_path) check parameters
[3.819s] Level 1:colcon.colcon_core.package_discovery:discover_packages(prefix_path) discover
[3.834s] DEBUG:colcon.colcon_installed_package_information.package_discovery:Found 1 installed packages in /home/martina/rp_project/robot-programming-project/install
[3.847s] DEBUG:colcon.colcon_installed_package_information.package_discovery:Found 271 installed packages in /opt/ros/humble
[3.865s] Level 1:colcon.colcon_core.package_discovery:discover_packages(prefix_path) using defaults
[4.354s] Level 5:colcon.colcon_core.verb:set package 'simple_robot' build argument 'cmake_args' from command line to 'None'
[4.354s] Level 5:colcon.colcon_core.verb:set package 'simple_robot' build argument 'cmake_target' from command line to 'None'
[4.355s] Level 5:colcon.colcon_core.verb:set package 'simple_robot' build argument 'cmake_target_skip_unavailable' from command line to 'False'
[4.355s] Level 5:colcon.colcon_core.verb:set package 'simple_robot' build argument 'cmake_clean_cache' from command line to 'True'
[4.355s] Level 5:colcon.colcon_core.verb:set package 'simple_robot' build argument 'cmake_clean_first' from command line to 'False'
[4.356s] Level 5:colcon.colcon_core.verb:set package 'simple_robot' build argument 'cmake_force_configure' from command line to 'False'
[4.356s] Level 5:colcon.colcon_core.verb:set package 'simple_robot' build argument 'ament_cmake_args' from command line to 'None'
[4.356s] Level 5:colcon.colcon_core.verb:set package 'simple_robot' build argument 'catkin_cmake_args' from command line to 'None'
[4.357s] Level 5:colcon.colcon_core.verb:set package 'simple_robot' build argument 'catkin_skip_building_tests' from command line to 'False'
[4.357s] DEBUG:colcon.colcon_core.verb:Building package 'simple_robot' with the following arguments: {'ament_cmake_args': None, 'build_base': '/home/martina/rp_project/robot-programming-project/src/simple_robot/build/simple_robot', 'catkin_cmake_args': None, 'catkin_skip_building_tests': False, 'cmake_args': None, 'cmake_clean_cache': True, 'cmake_clean_first': False, 'cmake_force_configure': False, 'cmake_target': None, 'cmake_target_skip_unavailable': False, 'install_base': '/home/martina/rp_project/robot-programming-project/src/simple_robot/install/simple_robot', 'merge_install': False, 'path': '/home/martina/rp_project/robot-programming-project/src/simple_robot', 'symlink_install': False, 'test_result_base': None}
[4.358s] INFO:colcon.colcon_core.executor:Executing jobs using 'parallel' executor
[4.367s] DEBUG:colcon.colcon_parallel_executor.executor.parallel:run_until_complete
[4.372s] INFO:colcon.colcon_ros.task.ament_cmake.build:Building ROS package in '/home/martina/rp_project/robot-programming-project/src/simple_robot' with build type 'ament_cmake'
[4.374s] INFO:colcon.colcon_cmake.task.cmake.build:Building CMake package in '/home/martina/rp_project/robot-programming-project/src/simple_robot'
[4.402s] INFO:colcon.colcon_core.plugin_system:Skipping extension 'colcon_core.shell.bat': Not used on non-Windows systems
[4.403s] INFO:colcon.colcon_core.shell:Skip shell extension 'powershell' for command environment: Not usable outside of PowerShell
[4.406s] DEBUG:colcon.colcon_core.shell:Skip shell extension 'dsv' for command environment
[4.508s] DEBUG:colcon.colcon_core.event_handler.log_command:Invoking command in '/home/martina/rp_project/robot-programming-project/src/simple_robot/build/simple_robot': CMAKE_PREFIX_PATH=${CMAKE_PREFIX_PATH}:/opt/ros/humble CONDA_PROMPT_MODIFIER=(base) /usr/bin/cmake /home/martina/rp_project/robot-programming-project/src/simple_robot -DCMAKE_INSTALL_PREFIX=/home/martina/rp_project/robot-programming-project/src/simple_robot/install/simple_robot
[21.752s] DEBUG:colcon.colcon_core.event_handler.log_command:Invoked command in '/home/martina/rp_project/robot-programming-project/src/simple_robot/build/simple_robot' returned '0': CMAKE_PREFIX_PATH=${CMAKE_PREFIX_PATH}:/opt/ros/humble CONDA_PROMPT_MODIFIER=(base) /usr/bin/cmake /home/martina/rp_project/robot-programming-project/src/simple_robot -DCMAKE_INSTALL_PREFIX=/home/martina/rp_project/robot-programming-project/src/simple_robot/install/simple_robot
[21.771s] DEBUG:colcon.colcon_core.event_handler.log_command:Invoking command in '/home/martina/rp_project/robot-programming-project/src/simple_robot/build/simple_robot': CMAKE_PREFIX_PATH=${CMAKE_PREFIX_PATH}:/opt/ros/humble CONDA_PROMPT_MODIFIER=(base) /usr/bin/cmake --build /home/martina/rp_project/robot-programming-project/src/simple_robot/build/simple_robot -- -j4 -l4
[299.012s] DEBUG:colcon.colcon_core.event_handler.log_command:Invoked command in '/home/martina/rp_project/robot-programming-project/src/simple_robot/build/simple_robot' returned '0': CMAKE_PREFIX_PATH=${CMAKE_PREFIX_PATH}:/opt/ros/humble CONDA_PROMPT_MODIFIER=(base) /usr/bin/cmake --build /home/martina/rp_project/robot-programming-project/src/simple_robot/build/simple_robot -- -j4 -l4
[299.101s] DEBUG:colcon.colcon_core.event_handler.log_command:Invoking command in '/home/martina/rp_project/robot-programming-project/src/simple_robot/build/simple_robot': CMAKE_PREFIX_PATH=${CMAKE_PREFIX_PATH}:/opt/ros/humble CONDA_PROMPT_MODIFIER=(base) /usr/bin/cmake --install /home/martina/rp_project/robot-programming-project/src/simple_robot/build/simple_robot
[299.216s] Level 1:colcon.colcon_core.environment:create_environment_scripts_only(simple_robot)
[299.221s] DEBUG:colcon.colcon_core.event_handler.log_command:Invoked command in '/home/martina/rp_project/robot-programming-project/src/simple_robot/build/simple_robot' returned '0': CMAKE_PREFIX_PATH=${CMAKE_PREFIX_PATH}:/opt/ros/humble CONDA_PROMPT_MODIFIER=(base) /usr/bin/cmake --install /home/martina/rp_project/robot-programming-project/src/simple_robot/build/simple_robot
[299.251s] Level 1:colcon.colcon_core.environment:checking '/home/martina/rp_project/robot-programming-project/src/simple_robot/install/simple_robot' for CMake module files
[299.255s] Level 1:colcon.colcon_core.environment:checking '/home/martina/rp_project/robot-programming-project/src/simple_robot/install/simple_robot' for CMake config files
[299.256s] Level 1:colcon.colcon_core.shell:create_environment_hook('simple_robot', 'cmake_prefix_path')
[299.259s] INFO:colcon.colcon_core.shell:Creating environment hook '/home/martina/rp_project/robot-programming-project/src/simple_robot/install/simple_robot/share/simple_robot/hook/cmake_prefix_path.ps1'
[299.264s] INFO:colcon.colcon_core.shell:Creating environment descriptor '/home/martina/rp_project/robot-programming-project/src/simple_robot/install/simple_robot/share/simple_robot/hook/cmake_prefix_path.dsv'
[299.267s] INFO:colcon.colcon_core.shell:Creating environment hook '/home/martina/rp_project/robot-programming-project/src/simple_robot/install/simple_robot/share/simple_robot/hook/cmake_prefix_path.sh'
[299.275s] Level 1:colcon.colcon_core.environment:checking '/home/martina/rp_project/robot-programming-project/src/simple_robot/install/simple_robot/lib'
[299.277s] Level 1:colcon.colcon_core.environment:checking '/home/martina/rp_project/robot-programming-project/src/simple_robot/install/simple_robot/bin'
[299.278s] Level 1:colcon.colcon_core.environment:checking '/home/martina/rp_project/robot-programming-project/src/simple_robot/install/simple_robot/lib/pkgconfig/simple_robot.pc'
[299.281s] Level 1:colcon.colcon_core.environment:checking '/home/martina/rp_project/robot-programming-project/src/simple_robot/install/simple_robot/lib/python3.10/site-packages'
[299.283s] Level 1:colcon.colcon_core.environment:checking '/home/martina/rp_project/robot-programming-project/src/simple_robot/install/simple_robot/bin'
[299.286s] INFO:colcon.colcon_core.shell:Creating package script '/home/martina/rp_project/robot-programming-project/src/simple_robot/install/simple_robot/share/simple_robot/package.ps1'
[299.292s] INFO:colcon.colcon_core.shell:Creating package descriptor '/home/martina/rp_project/robot-programming-project/src/simple_robot/install/simple_robot/share/simple_robot/package.dsv'
[299.296s] INFO:colcon.colcon_core.shell:Creating package script '/home/martina/rp_project/robot-programming-project/src/simple_robot/install/simple_robot/share/simple_robot/package.sh'
[299.302s] INFO:colcon.colcon_core.shell:Creating package script '/home/martina/rp_project/robot-programming-project/src/simple_robot/install/simple_robot/share/simple_robot/package.bash'
[299.308s] INFO:colcon.colcon_core.shell:Creating package script '/home/martina/rp_project/robot-programming-project/src/simple_robot/install/simple_robot/share/simple_robot/package.zsh'
[299.312s] Level 1:colcon.colcon_core.environment:create_file_with_runtime_dependencies(/home/martina/rp_project/robot-programming-project/src/simple_robot/install/simple_robot/share/colcon-core/packages/simple_robot)
[299.316s] Level 1:colcon.colcon_core.environment:create_environment_scripts_only(simple_robot)
[299.317s] Level 1:colcon.colcon_core.environment:checking '/home/martina/rp_project/robot-programming-project/src/simple_robot/install/simple_robot' for CMake module files
[299.321s] Level 1:colcon.colcon_core.environment:checking '/home/martina/rp_project/robot-programming-project/src/simple_robot/install/simple_robot' for CMake config files
[299.322s] Level 1:colcon.colcon_core.shell:create_environment_hook('simple_robot', 'cmake_prefix_path')
[299.325s] INFO:colcon.colcon_core.shell:Creating environment hook '/home/martina/rp_project/robot-programming-project/src/simple_robot/install/simple_robot/share/simple_robot/hook/cmake_prefix_path.ps1'
[299.330s] INFO:colcon.colcon_core.shell:Creating environment descriptor '/home/martina/rp_project/robot-programming-project/src/simple_robot/install/simple_robot/share/simple_robot/hook/cmake_prefix_path.dsv'
[299.333s] INFO:colcon.colcon_core.shell:Creating environment hook '/home/martina/rp_project/robot-programming-project/src/simple_robot/install/simple_robot/share/simple_robot/hook/cmake_prefix_path.sh'
[299.337s] Level 1:colcon.colcon_core.environment:checking '/home/martina/rp_project/robot-programming-project/src/simple_robot/install/simple_robot/lib'
[299.337s] Level 1:colcon.colcon_core.environment:checking '/home/martina/rp_project/robot-programming-project/src/simple_robot/install/simple_robot/bin'
[299.338s] Level 1:colcon.colcon_core.environment:checking '/home/martina/rp_project/robot-programming-project/src/simple_robot/install/simple_robot/lib/pkgconfig/simple_robot.pc'
[299.339s] Level 1:colcon.colcon_core.environment:checking '/home/martina/rp_project/robot-programming-project/src/simple_robot/install/simple_robot/lib/python3.10/site-packages'
[299.341s] Level 1:colcon.colcon_core.environment:checking '/home/martina/rp_project/robot-programming-project/src/simple_robot/install/simple_robot/bin'
[299.344s] INFO:colcon.colcon_core.shell:Creating package script '/home/martina/rp_project/robot-programming-project/src/simple_robot/install/simple_robot/share/simple_robot/package.ps1'
[299.348s] INFO:colcon.colcon_core.shell:Creating package descriptor '/home/martina/rp_project/robot-programming-project/src/simple_robot/install/simple_robot/share/simple_robot/package.dsv'
[299.352s] INFO:colcon.colcon_core.shell:Creating package script '/home/martina/rp_project/robot-programming-project/src/simple_robot/install/simple_robot/share/simple_robot/package.sh'
[299.356s] INFO:colcon.colcon_core.shell:Creating package script '/home/martina/rp_project/robot-programming-project/src/simple_robot/install/simple_robot/share/simple_robot/package.bash'
[299.359s] INFO:colcon.colcon_core.shell:Creating package script '/home/martina/rp_project/robot-programming-project/src/simple_robot/install/simple_robot/share/simple_robot/package.zsh'
[299.363s] Level 1:colcon.colcon_core.environment:create_file_with_runtime_dependencies(/home/martina/rp_project/robot-programming-project/src/simple_robot/install/simple_robot/share/colcon-core/packages/simple_robot)
[299.365s] DEBUG:colcon.colcon_parallel_executor.executor.parallel:closing loop
[299.367s] DEBUG:colcon.colcon_parallel_executor.executor.parallel:loop closed
[299.367s] DEBUG:colcon.colcon_parallel_executor.executor.parallel:run_until_complete finished with '0'
[299.368s] DEBUG:colcon.colcon_core.event_reactor:joining thread
[299.402s] INFO:colcon.colcon_core.plugin_system:Skipping extension 'colcon_notification.desktop_notification.terminal_notifier': Not used on non-Darwin systems
[299.403s] INFO:colcon.colcon_core.plugin_system:Skipping extension 'colcon_notification.desktop_notification.win32': Not used on non-Windows systems
[299.403s] INFO:colcon.colcon_notification.desktop_notification:Sending desktop notification using 'notify2'
[299.455s] DEBUG:colcon.colcon_core.event_reactor:joined thread
[299.457s] INFO:colcon.colcon_core.shell:Creating prefix script '/home/martina/rp_project/robot-programming-project/src/simple_robot/install/local_setup.ps1'
[299.462s] INFO:colcon.colcon_core.shell:Creating prefix util module '/home/martina/rp_project/robot-programming-project/src/simple_robot/install/_local_setup_util_ps1.py'
[299.470s] INFO:colcon.colcon_core.shell:Creating prefix chain script '/home/martina/rp_project/robot-programming-project/src/simple_robot/install/setup.ps1'
[299.475s] INFO:colcon.colcon_core.shell:Creating prefix script '/home/martina/rp_project/robot-programming-project/src/simple_robot/install/local_setup.sh'
[299.478s] INFO:colcon.colcon_core.shell:Creating prefix util module '/home/martina/rp_project/robot-programming-project/src/simple_robot/install/_local_setup_util_sh.py'
[299.481s] INFO:colcon.colcon_core.shell:Creating prefix chain script '/home/martina/rp_project/robot-programming-project/src/simple_robot/install/setup.sh'
[299.487s] INFO:colcon.colcon_core.shell:Creating prefix script '/home/martina/rp_project/robot-programming-project/src/simple_robot/install/local_setup.bash'
[299.490s] INFO:colcon.colcon_core.shell:Creating prefix chain script '/home/martina/rp_project/robot-programming-project/src/simple_robot/install/setup.bash'
[299.496s] INFO:colcon.colcon_core.shell:Creating prefix script '/home/martina/rp_project/robot-programming-project/src/simple_robot/install/local_setup.zsh'
[299.498s] INFO:colcon.colcon_core.shell:Creating prefix chain script '/home/martina/rp_project/robot-programming-project/src/simple_robot/install/setup.zsh'
