[0.000000] (-) TimerEvent: {}
[0.000652] (simple_robot) JobQueued: {'identifier': 'simple_robot', 'dependencies': OrderedDict()}
[0.000898] (simple_robot) JobStarted: {'identifier': 'simple_robot'}
[0.022389] (simple_robot) JobProgress: {'identifier': 'simple_robot', 'progress': 'cmake'}
[0.031737] (simple_robot) Command: {'cmd': ['/usr/bin/cmake', '/home/martina/rp_project/robot-programming-project/src/simple_robot', '-DCMAKE_INSTALL_PREFIX=/home/martina/rp_project/robot-programming-project/src/simple_robot/install/simple_robot'], 'cwd': '/home/martina/rp_project/robot-programming-project/src/simple_robot/build/simple_robot', 'env': OrderedDict([('GJS_DEBUG_TOPICS', 'JS ERROR;JS LOG'), ('LESSOPEN', '| /usr/bin/env /usr/bin/lesspipe %s 2>/dev/null'), ('CONDA_PROMPT_MODIFIER', '(base)'), ('LC_TIME', 'it_IT.UTF-8'), ('USER', 'martina'), ('XDG_SESSION_TYPE', 'wayland'), ('GIT_ASKPASS', '/usr/share/code/resources/app/extensions/git/dist/askpass.sh'), ('SHLVL', '2'), ('LD_LIBRARY_PATH', '/opt/ros/humble/opt/rviz_ogre_vendor/lib:/opt/ros/humble/lib/x86_64-linux-gnu:/opt/ros/humble/lib::/home/martina/.mujoco/mujoco210/bin:/usr/lib/nvidia:~/anaconda3/lib'), ('HOME', '/home/martina'), ('OLDPWD', '/home/martina/rp_project/robot-programming-project/src/simple_robot'), ('CHROME_DESKTOP', 'code.desktop'), ('TERMINFO', '/home/martina/.terminfo'), ('LESS', '-iRFXMx4'), ('CONDA_SHLVL', '1'), ('DESKTOP_SESSION', 'ubuntu'), ('TERM_PROGRAM_VERSION', '1.97.2'), ('GIO_LAUNCHED_DESKTOP_FILE', '/usr/share/applications/code.desktop'), ('LSCOLORS', 'ExGxDxDxCxDxDxFxFxexEx'), ('GTK_MODULES', 'gail:atk-bridge'), ('GNOME_SHELL_SESSION_MODE', 'ubuntu'), ('VSCODE_GIT_ASKPASS_MAIN', '/usr/share/code/resources/app/extensions/git/dist/askpass-main.js'), ('PAGER', 'less'), ('ROS_PYTHON_VERSION', '3'), ('LC_MONETARY', 'it_IT.UTF-8'), ('MANAGERPID', '887'), ('VSCODE_GIT_ASKPASS_NODE', '/usr/share/code/code'), ('SYSTEMD_EXEC_PID', '1152'), ('DBUS_SESSION_BUS_ADDRESS', 'unix:path=/run/user/1000/bus'), ('P9K_TTY', 'old'), ('GIO_LAUNCHED_DESKTOP_FILE_PID', '3260'), ('COLORTERM', 'truecolor'), ('_CE_M', ''), ('WAYLAND_DISPLAY', 'wayland-0'), ('INFOPATH', ''), ('ROS_DISTRO', 'humble'), ('COLCON_PREFIX_PATH', '/home/martina/rp_project/robot-programming-project/install'), ('LOGNAME', 'martina'), ('_', '/usr/bin/colcon'), ('JOURNAL_STREAM', '8:11413'), ('_P9K_SSH_TTY', '/dev/pts/7'), ('XDG_SESSION_CLASS', 'user'), ('USER_ZDOTDIR', '/home/martina'), ('ROS_VERSION', '2'), ('USERNAME', 'martina'), ('TERM', 'xterm-256color'), ('GNOME_DESKTOP_SESSION_ID', 'this-is-deprecated'), ('_CE_CONDA', ''), ('ROS_LOCALHOST_ONLY', '0'), ('PATH', '/opt/ros/humble/bin:/home/martina/.local/bin:/home/martina/.local/bin:/usr/lib/ccache:.:/home/martina/.mujoco/mujoco210/bin:/usr/lib/nvidia:/home/martina/anaconda3/condabin:/home/martina/bin:/home/martina/.local/bin:/usr/local/sbin:/usr/local/bin:/usr/sbin:/usr/bin:/sbin:/bin:/usr/games:/usr/local/games:/snap/bin:/home/martina/.cache/zsh4humans/v5/fzf/bin:/home/martina/other/install/bin'), ('SESSION_MANAGER', 'local/Martina-ThinkPad-X1-Yoga:@/tmp/.ICE-unix/1105,unix/Martina-ThinkPad-X1-Yoga:/tmp/.ICE-unix/1105'), ('INVOCATION_ID', 'abb78b4b018940349bd4da4c8fed9753'), ('LC_ADDRESS', 'it_IT.UTF-8'), ('XDG_RUNTIME_DIR', '/run/user/1000'), ('XDG_MENU_PREFIX', 'gnome-'), ('GNOME_SETUP_DISPLAY', ':1'), ('GDK_BACKEND', 'x11'), ('DISPLAY', ':0'), ('LANG', 'en_US.UTF-8'), ('LC_TELEPHONE', 'it_IT.UTF-8'), ('XDG_CURRENT_DESKTOP', 'Unity'), ('VSCODE_INJECTION', '1'), ('LD_PRELOAD', ':/usr/lib/x86_64-linux-gnu/libGLEW.so'), ('XDG_SESSION_DESKTOP', 'ubuntu'), ('XMODIFIERS', '@im=ibus'), ('XAUTHORITY', '/run/user/1000/.mutter-Xwaylandauth.L52E22'), ('TERM_PROGRAM', 'vscode'), ('VSCODE_GIT_IPC_HANDLE', '/run/user/1000/vscode-git-f640f2b3f6.sock'), ('LS_COLORS', 'fi=00:mi=00:mh=00:ln=01;36:or=01;31:di=01;34:ow=04;01;34:st=34:tw=04;34:pi=01;33:so=01;33:do=01;33:bd=01;33:cd=01;33:su=01;35:sg=01;35:ca=01;35:ex=01;32:no=38;5;248'), ('TREE_COLORS', 'fi=00:mi=00:mh=00:ln=01;36:or=01;31:di=01;34:ow=01;34:st=34:tw=34:pi=01;33:so=01;33:do=01;33:bd=01;33:cd=01;33:su=01;35:sg=01;35:ca=01;35:ex=01;32'), ('SSH_AGENT_LAUNCHER', 'gnome-keyring'), ('SSH_AUTH_SOCK', '/run/user/1000/keyring/ssh'), ('ORIGINAL_XDG_CURRENT_DESKTOP', 'ubuntu:GNOME'), ('CONDA_PYTHON_EXE', '/home/martina/anaconda3/bin/python'), ('AMENT_PREFIX_PATH', '/home/martina/rp_project/robot-programming-project/install/simple_robot:/opt/ros/humble'), ('LC_NAME', 'it_IT.UTF-8'), ('SHELL', '/usr/local/bin/zsh'), ('DEST', '/home/martina/other/install'), ('QT_ACCESSIBILITY', '1'), ('GDMSESSION', 'ubuntu'), ('CONDA_DEFAULT_ENV', 'base'), ('LC_MEASUREMENT', 'it_IT.UTF-8'), ('LC_IDENTIFICATION', 'it_IT.UTF-8'), ('GJS_DEBUG_OUTPUT', 'stderr'), ('P9K_SSH', '0'), ('QT_IM_MODULE', 'ibus'), ('VSCODE_GIT_ASKPASS_EXTRA_ARGS', ''), ('VSCODE_NONCE', '738ab651-ad75-4cde-ae7d-4724ca708aea'), ('LC_ALL', 'en_US.UTF-8'), ('PWD', '/home/martina/rp_project/robot-programming-project/src/simple_robot/build/simple_robot'), ('GPG_TTY', '/dev/pts/7'), ('XDG_DATA_DIRS', '/usr/local/share/:/usr/share/:/var/lib/snapd/desktop'), ('ZDOTDIR', '/home/martina'), ('_P9K_TTY', '/dev/pts/7'), ('CONDA_EXE', '/home/martina/anaconda3/bin/conda'), ('LC_NUMERIC', 'it_IT.UTF-8'), ('PYTHONPATH', '/opt/ros/humble/lib/python3.10/site-packages:/opt/ros/humble/local/lib/python3.10/dist-packages:/home/martina/other/install/lib/python3.10/site-packages/'), ('LC_PAPER', 'it_IT.UTF-8'), ('CONDA_PREFIX', '/home/martina/anaconda3'), ('COLCON', '1'), ('MANPATH', '/usr/local/share/man:/home/martina/.cache/zsh4humans/v5/fzf/man:'), ('CMAKE_PREFIX_PATH', '/home/martina/rp_project/robot-programming-project/install/simple_robot:/opt/ros/humble')]), 'shell': False}
[0.099613] (-) TimerEvent: {}
[0.187696] (simple_robot) StdoutLine: {'line': b'-- The C compiler identification is GNU 11.4.0\n'}
[0.199742] (-) TimerEvent: {}
[0.300126] (-) TimerEvent: {}
[0.347668] (simple_robot) StdoutLine: {'line': b'-- The CXX compiler identification is GNU 11.4.0\n'}
[0.377548] (simple_robot) StdoutLine: {'line': b'-- Detecting C compiler ABI info\n'}
[0.400241] (-) TimerEvent: {}
[0.501205] (-) TimerEvent: {}
[0.530514] (simple_robot) StdoutLine: {'line': b'-- Detecting C compiler ABI info - done\n'}
[0.542507] (simple_robot) StdoutLine: {'line': b'-- Check for working C compiler: /usr/lib/ccache/cc - skipped\n'}
[0.543555] (simple_robot) StdoutLine: {'line': b'-- Detecting C compile features\n'}
[0.546774] (simple_robot) StdoutLine: {'line': b'-- Detecting C compile features - done\n'}
[0.551414] (simple_robot) StdoutLine: {'line': b'-- Detecting CXX compiler ABI info\n'}
[0.601322] (-) TimerEvent: {}
[0.702303] (-) TimerEvent: {}
[0.727704] (simple_robot) StdoutLine: {'line': b'-- Detecting CXX compiler ABI info - done\n'}
[0.754227] (simple_robot) StdoutLine: {'line': b'-- Check for working CXX compiler: /usr/lib/ccache/c++ - skipped\n'}
[0.756846] (simple_robot) StdoutLine: {'line': b'-- Detecting CXX compile features\n'}
[0.757230] (simple_robot) StdoutLine: {'line': b'-- Detecting CXX compile features - done\n'}
[0.787875] (simple_robot) StdoutLine: {'line': b'-- Found OpenCV: /usr (found suitable version "4.5.4", minimum required is "4.5.4") \n'}
[0.791387] (simple_robot) StdoutLine: {'line': b'-- Found ament_cmake: 1.3.11 (/opt/ros/humble/share/ament_cmake/cmake)\n'}
[0.802435] (-) TimerEvent: {}
[0.902836] (-) TimerEvent: {}
[1.003646] (-) TimerEvent: {}
[1.104672] (-) TimerEvent: {}
[1.115740] (simple_robot) StdoutLine: {'line': b'-- Found Python3: /usr/bin/python3 (found version "3.10.12") found components: Interpreter \n'}
[1.204787] (-) TimerEvent: {}
[1.302200] (simple_robot) StdoutLine: {'line': b'-- Found rclcpp: 16.0.11 (/opt/ros/humble/share/rclcpp/cmake)\n'}
[1.305064] (-) TimerEvent: {}
[1.394711] (simple_robot) StdoutLine: {'line': b'-- Found rosidl_generator_c: 3.1.6 (/opt/ros/humble/share/rosidl_generator_c/cmake)\n'}
[1.404429] (simple_robot) StdoutLine: {'line': b'-- Found rosidl_adapter: 3.1.6 (/opt/ros/humble/share/rosidl_adapter/cmake)\n'}
[1.405509] (-) TimerEvent: {}
[1.421763] (simple_robot) StdoutLine: {'line': b'-- Found rosidl_generator_cpp: 3.1.6 (/opt/ros/humble/share/rosidl_generator_cpp/cmake)\n'}
[1.448686] (simple_robot) StdoutLine: {'line': b'-- Using all available rosidl_typesupport_c: rosidl_typesupport_fastrtps_c;rosidl_typesupport_introspection_c\n'}
[1.482060] (simple_robot) StdoutLine: {'line': b'-- Using all available rosidl_typesupport_cpp: rosidl_typesupport_fastrtps_cpp;rosidl_typesupport_introspection_cpp\n'}
[1.505668] (-) TimerEvent: {}
[1.570140] (simple_robot) StdoutLine: {'line': b'-- Found rmw_implementation_cmake: 6.1.2 (/opt/ros/humble/share/rmw_implementation_cmake/cmake)\n'}
[1.574267] (simple_robot) StdoutLine: {'line': b'-- Found rmw_fastrtps_cpp: 6.2.7 (/opt/ros/humble/share/rmw_fastrtps_cpp/cmake)\n'}
[1.605765] (-) TimerEvent: {}
[1.706068] (-) TimerEvent: {}
[1.788363] (simple_robot) StdoutLine: {'line': b'-- Found OpenSSL: /usr/lib/x86_64-linux-gnu/libcrypto.so (found version "3.0.2")  \n'}
[1.806225] (-) TimerEvent: {}
[1.842033] (simple_robot) StdoutLine: {'line': b'-- Found FastRTPS: /opt/ros/humble/include  \n'}
[1.906367] (-) TimerEvent: {}
[1.920628] (simple_robot) StdoutLine: {'line': b"-- Using RMW implementation 'rmw_fastrtps_cpp' as default\n"}
[1.933999] (simple_robot) StdoutLine: {'line': b'-- Looking for pthread.h\n'}
[2.006493] (-) TimerEvent: {}
[2.067513] (simple_robot) StdoutLine: {'line': b'-- Looking for pthread.h - found\n'}
[2.067946] (simple_robot) StdoutLine: {'line': b'-- Performing Test CMAKE_HAVE_LIBC_PTHREAD\n'}
[2.106633] (-) TimerEvent: {}
[2.206968] (-) TimerEvent: {}
[2.209074] (simple_robot) StdoutLine: {'line': b'-- Performing Test CMAKE_HAVE_LIBC_PTHREAD - Success\n'}
[2.214231] (simple_robot) StdoutLine: {'line': b'-- Found Threads: TRUE  \n'}
[2.307106] (-) TimerEvent: {}
[2.318371] (simple_robot) StdoutLine: {'line': b'-- Found geometry_msgs: 4.2.4 (/opt/ros/humble/share/geometry_msgs/cmake)\n'}
[2.345919] (simple_robot) StdoutLine: {'line': b'-- Found sensor_msgs: 4.2.4 (/opt/ros/humble/share/sensor_msgs/cmake)\n'}
[2.377035] (simple_robot) StdoutLine: {'line': b'-- Found nav_msgs: 4.2.4 (/opt/ros/humble/share/nav_msgs/cmake)\n'}
[2.407254] (-) TimerEvent: {}
[2.414037] (simple_robot) StdoutLine: {'line': b'-- Found OpenCV: /usr (found version "4.5.4") \n'}
[2.507353] (-) TimerEvent: {}
[2.536791] (simple_robot) StdoutLine: {'line': b'-- DATA_DIR: /home/martina/rp_project/robot-programming-project/src/simple_robot/data\n'}
[2.537167] (simple_robot) StdoutLine: {'line': b'-- Configuring done\n'}
[2.584950] (simple_robot) StdoutLine: {'line': b'-- Generating done\n'}
[2.600476] (simple_robot) StdoutLine: {'line': b'-- Build files have been written to: /home/martina/rp_project/robot-programming-project/src/simple_robot/build/simple_robot\n'}
[2.607484] (-) TimerEvent: {}
[2.626789] (simple_robot) CommandEnded: {'returncode': 0}
[2.631050] (simple_robot) JobProgress: {'identifier': 'simple_robot', 'progress': 'build'}
[2.631145] (simple_robot) Command: {'cmd': ['/usr/bin/cmake', '--build', '/home/martina/rp_project/robot-programming-project/src/simple_robot/build/simple_robot', '--', '-j4', '-l4'], 'cwd': '/home/martina/rp_project/robot-programming-project/src/simple_robot/build/simple_robot', 'env': OrderedDict([('GJS_DEBUG_TOPICS', 'JS ERROR;JS LOG'), ('LESSOPEN', '| /usr/bin/env /usr/bin/lesspipe %s 2>/dev/null'), ('CONDA_PROMPT_MODIFIER', '(base)'), ('LC_TIME', 'it_IT.UTF-8'), ('USER', 'martina'), ('XDG_SESSION_TYPE', 'wayland'), ('GIT_ASKPASS', '/usr/share/code/resources/app/extensions/git/dist/askpass.sh'), ('SHLVL', '2'), ('LD_LIBRARY_PATH', '/opt/ros/humble/opt/rviz_ogre_vendor/lib:/opt/ros/humble/lib/x86_64-linux-gnu:/opt/ros/humble/lib::/home/martina/.mujoco/mujoco210/bin:/usr/lib/nvidia:~/anaconda3/lib'), ('HOME', '/home/martina'), ('OLDPWD', '/home/martina/rp_project/robot-programming-project/src/simple_robot'), ('CHROME_DESKTOP', 'code.desktop'), ('TERMINFO', '/home/martina/.terminfo'), ('LESS', '-iRFXMx4'), ('CONDA_SHLVL', '1'), ('DESKTOP_SESSION', 'ubuntu'), ('TERM_PROGRAM_VERSION', '1.97.2'), ('GIO_LAUNCHED_DESKTOP_FILE', '/usr/share/applications/code.desktop'), ('LSCOLORS', 'ExGxDxDxCxDxDxFxFxexEx'), ('GTK_MODULES', 'gail:atk-bridge'), ('GNOME_SHELL_SESSION_MODE', 'ubuntu'), ('VSCODE_GIT_ASKPASS_MAIN', '/usr/share/code/resources/app/extensions/git/dist/askpass-main.js'), ('PAGER', 'less'), ('ROS_PYTHON_VERSION', '3'), ('LC_MONETARY', 'it_IT.UTF-8'), ('MANAGERPID', '887'), ('VSCODE_GIT_ASKPASS_NODE', '/usr/share/code/code'), ('SYSTEMD_EXEC_PID', '1152'), ('DBUS_SESSION_BUS_ADDRESS', 'unix:path=/run/user/1000/bus'), ('P9K_TTY', 'old'), ('GIO_LAUNCHED_DESKTOP_FILE_PID', '3260'), ('COLORTERM', 'truecolor'), ('_CE_M', ''), ('WAYLAND_DISPLAY', 'wayland-0'), ('INFOPATH', ''), ('ROS_DISTRO', 'humble'), ('COLCON_PREFIX_PATH', '/home/martina/rp_project/robot-programming-project/install'), ('LOGNAME', 'martina'), ('_', '/usr/bin/colcon'), ('JOURNAL_STREAM', '8:11413'), ('_P9K_SSH_TTY', '/dev/pts/7'), ('XDG_SESSION_CLASS', 'user'), ('USER_ZDOTDIR', '/home/martina'), ('ROS_VERSION', '2'), ('USERNAME', 'martina'), ('TERM', 'xterm-256color'), ('GNOME_DESKTOP_SESSION_ID', 'this-is-deprecated'), ('_CE_CONDA', ''), ('ROS_LOCALHOST_ONLY', '0'), ('PATH', '/opt/ros/humble/bin:/home/martina/.local/bin:/home/martina/.local/bin:/usr/lib/ccache:.:/home/martina/.mujoco/mujoco210/bin:/usr/lib/nvidia:/home/martina/anaconda3/condabin:/home/martina/bin:/home/martina/.local/bin:/usr/local/sbin:/usr/local/bin:/usr/sbin:/usr/bin:/sbin:/bin:/usr/games:/usr/local/games:/snap/bin:/home/martina/.cache/zsh4humans/v5/fzf/bin:/home/martina/other/install/bin'), ('SESSION_MANAGER', 'local/Martina-ThinkPad-X1-Yoga:@/tmp/.ICE-unix/1105,unix/Martina-ThinkPad-X1-Yoga:/tmp/.ICE-unix/1105'), ('INVOCATION_ID', 'abb78b4b018940349bd4da4c8fed9753'), ('LC_ADDRESS', 'it_IT.UTF-8'), ('XDG_RUNTIME_DIR', '/run/user/1000'), ('XDG_MENU_PREFIX', 'gnome-'), ('GNOME_SETUP_DISPLAY', ':1'), ('GDK_BACKEND', 'x11'), ('DISPLAY', ':0'), ('LANG', 'en_US.UTF-8'), ('LC_TELEPHONE', 'it_IT.UTF-8'), ('XDG_CURRENT_DESKTOP', 'Unity'), ('VSCODE_INJECTION', '1'), ('LD_PRELOAD', ':/usr/lib/x86_64-linux-gnu/libGLEW.so'), ('XDG_SESSION_DESKTOP', 'ubuntu'), ('XMODIFIERS', '@im=ibus'), ('XAUTHORITY', '/run/user/1000/.mutter-Xwaylandauth.L52E22'), ('TERM_PROGRAM', 'vscode'), ('VSCODE_GIT_IPC_HANDLE', '/run/user/1000/vscode-git-f640f2b3f6.sock'), ('LS_COLORS', 'fi=00:mi=00:mh=00:ln=01;36:or=01;31:di=01;34:ow=04;01;34:st=34:tw=04;34:pi=01;33:so=01;33:do=01;33:bd=01;33:cd=01;33:su=01;35:sg=01;35:ca=01;35:ex=01;32:no=38;5;248'), ('TREE_COLORS', 'fi=00:mi=00:mh=00:ln=01;36:or=01;31:di=01;34:ow=01;34:st=34:tw=34:pi=01;33:so=01;33:do=01;33:bd=01;33:cd=01;33:su=01;35:sg=01;35:ca=01;35:ex=01;32'), ('SSH_AGENT_LAUNCHER', 'gnome-keyring'), ('SSH_AUTH_SOCK', '/run/user/1000/keyring/ssh'), ('ORIGINAL_XDG_CURRENT_DESKTOP', 'ubuntu:GNOME'), ('CONDA_PYTHON_EXE', '/home/martina/anaconda3/bin/python'), ('AMENT_PREFIX_PATH', '/home/martina/rp_project/robot-programming-project/install/simple_robot:/opt/ros/humble'), ('LC_NAME', 'it_IT.UTF-8'), ('SHELL', '/usr/local/bin/zsh'), ('DEST', '/home/martina/other/install'), ('QT_ACCESSIBILITY', '1'), ('GDMSESSION', 'ubuntu'), ('CONDA_DEFAULT_ENV', 'base'), ('LC_MEASUREMENT', 'it_IT.UTF-8'), ('LC_IDENTIFICATION', 'it_IT.UTF-8'), ('GJS_DEBUG_OUTPUT', 'stderr'), ('P9K_SSH', '0'), ('QT_IM_MODULE', 'ibus'), ('VSCODE_GIT_ASKPASS_EXTRA_ARGS', ''), ('VSCODE_NONCE', '738ab651-ad75-4cde-ae7d-4724ca708aea'), ('LC_ALL', 'en_US.UTF-8'), ('PWD', '/home/martina/rp_project/robot-programming-project/src/simple_robot/build/simple_robot'), ('GPG_TTY', '/dev/pts/7'), ('XDG_DATA_DIRS', '/usr/local/share/:/usr/share/:/var/lib/snapd/desktop'), ('ZDOTDIR', '/home/martina'), ('_P9K_TTY', '/dev/pts/7'), ('CONDA_EXE', '/home/martina/anaconda3/bin/conda'), ('LC_NUMERIC', 'it_IT.UTF-8'), ('PYTHONPATH', '/opt/ros/humble/lib/python3.10/site-packages:/opt/ros/humble/local/lib/python3.10/dist-packages:/home/martina/other/install/lib/python3.10/site-packages/'), ('LC_PAPER', 'it_IT.UTF-8'), ('CONDA_PREFIX', '/home/martina/anaconda3'), ('COLCON', '1'), ('MANPATH', '/usr/local/share/man:/home/martina/.cache/zsh4humans/v5/fzf/man:'), ('CMAKE_PREFIX_PATH', '/home/martina/rp_project/robot-programming-project/install/simple_robot:/opt/ros/humble')]), 'shell': False}
[2.707697] (-) TimerEvent: {}
[2.750686] (simple_robot) StdoutLine: {'line': b'\x1b[35m\x1b[1mConsolidate compiler generated dependencies of target robot_map_node\x1b[0m\n'}
[2.763189] (simple_robot) StdoutLine: {'line': b'\x1b[35m\x1b[1mConsolidate compiler generated dependencies of target grid_map\x1b[0m\n'}
[2.807814] (-) TimerEvent: {}
[2.828393] (simple_robot) StdoutLine: {'line': b'[  8%] \x1b[32mBuilding CXX object CMakeFiles/robot_map_node.dir/src/main.cpp.o\x1b[0m\n'}
[2.880502] (simple_robot) StdoutLine: {'line': b'[ 16%] \x1b[32mBuilding CXX object src/CMakeFiles/grid_map.dir/main.cpp.o\x1b[0m\n'}
[2.907953] (-) TimerEvent: {}
[3.008332] (-) TimerEvent: {}
[3.110246] (-) TimerEvent: {}
[3.210652] (-) TimerEvent: {}
[3.311518] (-) TimerEvent: {}
[3.414176] (-) TimerEvent: {}
[3.514663] (-) TimerEvent: {}
[3.615381] (-) TimerEvent: {}
[3.717708] (-) TimerEvent: {}
[3.820682] (-) TimerEvent: {}
[3.921058] (-) TimerEvent: {}
[4.021474] (-) TimerEvent: {}
[4.121939] (-) TimerEvent: {}
[4.224682] (-) TimerEvent: {}
[4.325193] (-) TimerEvent: {}
[4.425666] (-) TimerEvent: {}
[4.526789] (-) TimerEvent: {}
[4.628458] (-) TimerEvent: {}
[4.728909] (-) TimerEvent: {}
[4.829332] (-) TimerEvent: {}
[4.929878] (-) TimerEvent: {}
[5.030680] (-) TimerEvent: {}
[5.131090] (-) TimerEvent: {}
[5.231839] (-) TimerEvent: {}
[5.332491] (-) TimerEvent: {}
[5.433197] (-) TimerEvent: {}
[5.534104] (-) TimerEvent: {}
[5.634498] (-) TimerEvent: {}
[5.734891] (-) TimerEvent: {}
[5.835285] (-) TimerEvent: {}
[5.935681] (-) TimerEvent: {}
[6.036088] (-) TimerEvent: {}
[6.136756] (-) TimerEvent: {}
[6.237188] (-) TimerEvent: {}
[6.337681] (-) TimerEvent: {}
[6.438146] (-) TimerEvent: {}
[6.538936] (-) TimerEvent: {}
[6.640464] (-) TimerEvent: {}
[6.740866] (-) TimerEvent: {}
[6.841458] (-) TimerEvent: {}
[6.942075] (-) TimerEvent: {}
[7.042444] (-) TimerEvent: {}
[7.142824] (-) TimerEvent: {}
[7.243213] (-) TimerEvent: {}
[7.343594] (-) TimerEvent: {}
[7.443978] (-) TimerEvent: {}
[7.544352] (-) TimerEvent: {}
[7.644799] (-) TimerEvent: {}
[7.745450] (-) TimerEvent: {}
[7.846278] (-) TimerEvent: {}
[7.946740] (-) TimerEvent: {}
[8.047105] (-) TimerEvent: {}
[8.147686] (-) TimerEvent: {}
[8.248143] (-) TimerEvent: {}
[8.348549] (-) TimerEvent: {}
[8.448950] (-) TimerEvent: {}
[8.549332] (-) TimerEvent: {}
[8.649858] (-) TimerEvent: {}
[8.750230] (-) TimerEvent: {}
[8.850618] (-) TimerEvent: {}
[8.950992] (-) TimerEvent: {}
[9.051382] (-) TimerEvent: {}
[9.151757] (-) TimerEvent: {}
[9.252137] (-) TimerEvent: {}
[9.353056] (-) TimerEvent: {}
[9.453424] (-) TimerEvent: {}
[9.553831] (-) TimerEvent: {}
[9.654234] (-) TimerEvent: {}
[9.754638] (-) TimerEvent: {}
[9.855039] (-) TimerEvent: {}
[9.955405] (-) TimerEvent: {}
[10.055795] (-) TimerEvent: {}
[10.156179] (-) TimerEvent: {}
[10.256560] (-) TimerEvent: {}
[10.356963] (-) TimerEvent: {}
[10.457371] (-) TimerEvent: {}
[10.557807] (-) TimerEvent: {}
[10.658306] (-) TimerEvent: {}
[10.758947] (-) TimerEvent: {}
[10.859387] (-) TimerEvent: {}
[10.959788] (-) TimerEvent: {}
[11.060201] (-) TimerEvent: {}
[11.160628] (-) TimerEvent: {}
[11.261299] (-) TimerEvent: {}
[11.361771] (-) TimerEvent: {}
[11.462189] (-) TimerEvent: {}
[11.562557] (-) TimerEvent: {}
[11.662929] (-) TimerEvent: {}
[11.763317] (-) TimerEvent: {}
[11.863756] (-) TimerEvent: {}
[11.964230] (-) TimerEvent: {}
[12.066851] (-) TimerEvent: {}
[12.167248] (-) TimerEvent: {}
[12.267649] (-) TimerEvent: {}
[12.368032] (-) TimerEvent: {}
[12.468428] (-) TimerEvent: {}
[12.568886] (-) TimerEvent: {}
[12.669267] (-) TimerEvent: {}
[12.769659] (-) TimerEvent: {}
[12.870040] (-) TimerEvent: {}
[12.970897] (-) TimerEvent: {}
[13.071278] (-) TimerEvent: {}
[13.171670] (-) TimerEvent: {}
[13.272050] (-) TimerEvent: {}
[13.372434] (-) TimerEvent: {}
[13.472828] (-) TimerEvent: {}
[13.573220] (-) TimerEvent: {}
[13.673613] (-) TimerEvent: {}
[13.773994] (-) TimerEvent: {}
[13.874385] (-) TimerEvent: {}
[13.974800] (-) TimerEvent: {}
[14.075209] (-) TimerEvent: {}
[14.176700] (-) TimerEvent: {}
[14.277097] (-) TimerEvent: {}
[14.377556] (-) TimerEvent: {}
[14.478590] (-) TimerEvent: {}
[14.579388] (-) TimerEvent: {}
[14.679780] (-) TimerEvent: {}
[14.780155] (-) TimerEvent: {}
[14.880527] (-) TimerEvent: {}
[14.980970] (-) TimerEvent: {}
[15.081588] (-) TimerEvent: {}
[15.182080] (-) TimerEvent: {}
[15.282460] (-) TimerEvent: {}
[15.382843] (-) TimerEvent: {}
[15.483225] (-) TimerEvent: {}
[15.583616] (-) TimerEvent: {}
[15.683984] (-) TimerEvent: {}
[15.784358] (-) TimerEvent: {}
[15.884955] (-) TimerEvent: {}
[15.985548] (-) TimerEvent: {}
[16.085938] (-) TimerEvent: {}
[16.186375] (-) TimerEvent: {}
[16.287695] (-) TimerEvent: {}
[16.388101] (-) TimerEvent: {}
[16.488509] (-) TimerEvent: {}
[16.589189] (-) TimerEvent: {}
[16.689581] (-) TimerEvent: {}
[16.790255] (-) TimerEvent: {}
[16.890679] (-) TimerEvent: {}
[16.991060] (-) TimerEvent: {}
[17.091465] (-) TimerEvent: {}
[17.191960] (-) TimerEvent: {}
[17.292489] (-) TimerEvent: {}
[17.393079] (-) TimerEvent: {}
[17.493581] (-) TimerEvent: {}
[17.594115] (-) TimerEvent: {}
[17.695303] (-) TimerEvent: {}
[17.796241] (-) TimerEvent: {}
[17.896698] (-) TimerEvent: {}
[17.997224] (-) TimerEvent: {}
[18.097716] (-) TimerEvent: {}
[18.201690] (-) TimerEvent: {}
[18.302139] (-) TimerEvent: {}
[18.405684] (-) TimerEvent: {}
[18.506106] (-) TimerEvent: {}
[18.606761] (-) TimerEvent: {}
[18.707176] (-) TimerEvent: {}
[18.807489] (-) TimerEvent: {}
[18.908071] (-) TimerEvent: {}
[19.008631] (-) TimerEvent: {}
[19.109043] (-) TimerEvent: {}
[19.209861] (-) TimerEvent: {}
[19.310276] (-) TimerEvent: {}
[19.410923] (-) TimerEvent: {}
[19.511288] (-) TimerEvent: {}
[19.612455] (-) TimerEvent: {}
[19.712824] (-) TimerEvent: {}
[19.813163] (-) TimerEvent: {}
[19.913505] (-) TimerEvent: {}
[20.013926] (-) TimerEvent: {}
[20.114337] (-) TimerEvent: {}
[20.214679] (-) TimerEvent: {}
[20.315023] (-) TimerEvent: {}
[20.415590] (-) TimerEvent: {}
[20.516490] (-) TimerEvent: {}
[20.617883] (-) TimerEvent: {}
[20.718247] (-) TimerEvent: {}
[20.818621] (-) TimerEvent: {}
[20.918963] (-) TimerEvent: {}
[21.019506] (-) TimerEvent: {}
[21.119867] (-) TimerEvent: {}
[21.220210] (-) TimerEvent: {}
[21.320553] (-) TimerEvent: {}
[21.420916] (-) TimerEvent: {}
[21.521260] (-) TimerEvent: {}
[21.621631] (-) TimerEvent: {}
[21.721976] (-) TimerEvent: {}
[21.822325] (-) TimerEvent: {}
[21.922676] (-) TimerEvent: {}
[22.023091] (-) TimerEvent: {}
[22.123494] (-) TimerEvent: {}
[22.223909] (-) TimerEvent: {}
[22.324384] (-) TimerEvent: {}
[22.424781] (-) TimerEvent: {}
[22.525146] (-) TimerEvent: {}
[22.625543] (-) TimerEvent: {}
[22.726036] (-) TimerEvent: {}
[22.826390] (-) TimerEvent: {}
[22.927094] (-) TimerEvent: {}
[23.027668] (-) TimerEvent: {}
[23.128065] (-) TimerEvent: {}
[23.228428] (-) TimerEvent: {}
[23.329003] (-) TimerEvent: {}
[23.429349] (-) TimerEvent: {}
[23.529673] (-) TimerEvent: {}
[23.630008] (-) TimerEvent: {}
[23.730353] (-) TimerEvent: {}
[23.830683] (-) TimerEvent: {}
[23.931028] (-) TimerEvent: {}
[24.031367] (-) TimerEvent: {}
[24.131674] (-) TimerEvent: {}
[24.232042] (-) TimerEvent: {}
[24.332379] (-) TimerEvent: {}
[24.432679] (-) TimerEvent: {}
[24.533031] (-) TimerEvent: {}
[24.633464] (-) TimerEvent: {}
[24.733837] (-) TimerEvent: {}
[24.834224] (-) TimerEvent: {}
[24.934678] (-) TimerEvent: {}
[25.035043] (-) TimerEvent: {}
[25.135409] (-) TimerEvent: {}
[25.235860] (-) TimerEvent: {}
[25.336281] (-) TimerEvent: {}
[25.381684] (simple_robot) StdoutLine: {'line': b'[ 25%] \x1b[32m\x1b[1mLinking CXX executable robot_map_node\x1b[0m\n'}
[25.404251] (simple_robot) StdoutLine: {'line': b'[ 33%] \x1b[32m\x1b[1mLinking CXX shared library libgrid_map.so\x1b[0m\n'}
[25.436432] (-) TimerEvent: {}
[25.536945] (-) TimerEvent: {}
[25.637428] (-) TimerEvent: {}
[25.738980] (-) TimerEvent: {}
[25.841748] (-) TimerEvent: {}
[25.943078] (-) TimerEvent: {}
[26.045816] (-) TimerEvent: {}
[26.146386] (-) TimerEvent: {}
[26.246949] (-) TimerEvent: {}
[26.347454] (-) TimerEvent: {}
[26.448871] (-) TimerEvent: {}
[26.549395] (-) TimerEvent: {}
[26.649815] (-) TimerEvent: {}
[26.750224] (-) TimerEvent: {}
[26.850610] (-) TimerEvent: {}
[26.951379] (-) TimerEvent: {}
[27.052031] (-) TimerEvent: {}
[27.153096] (-) TimerEvent: {}
[27.253816] (-) TimerEvent: {}
[27.354473] (-) TimerEvent: {}
[27.455973] (-) TimerEvent: {}
[27.469887] (simple_robot) StdoutLine: {'line': b'[ 66%] Built target grid_map\n'}
[27.556112] (-) TimerEvent: {}
[27.656982] (-) TimerEvent: {}
[27.757671] (-) TimerEvent: {}
[27.860847] (-) TimerEvent: {}
[27.961306] (-) TimerEvent: {}
[28.064297] (-) TimerEvent: {}
[28.171065] (-) TimerEvent: {}
[28.185781] (simple_robot) StdoutLine: {'line': b'[100%] Built target robot_map_node\n'}
[28.227316] (simple_robot) CommandEnded: {'returncode': 0}
[28.231461] (simple_robot) JobProgress: {'identifier': 'simple_robot', 'progress': 'install'}
[28.257733] (simple_robot) Command: {'cmd': ['/usr/bin/cmake', '--install', '/home/martina/rp_project/robot-programming-project/src/simple_robot/build/simple_robot'], 'cwd': '/home/martina/rp_project/robot-programming-project/src/simple_robot/build/simple_robot', 'env': OrderedDict([('GJS_DEBUG_TOPICS', 'JS ERROR;JS LOG'), ('LESSOPEN', '| /usr/bin/env /usr/bin/lesspipe %s 2>/dev/null'), ('CONDA_PROMPT_MODIFIER', '(base)'), ('LC_TIME', 'it_IT.UTF-8'), ('USER', 'martina'), ('XDG_SESSION_TYPE', 'wayland'), ('GIT_ASKPASS', '/usr/share/code/resources/app/extensions/git/dist/askpass.sh'), ('SHLVL', '2'), ('LD_LIBRARY_PATH', '/opt/ros/humble/opt/rviz_ogre_vendor/lib:/opt/ros/humble/lib/x86_64-linux-gnu:/opt/ros/humble/lib::/home/martina/.mujoco/mujoco210/bin:/usr/lib/nvidia:~/anaconda3/lib'), ('HOME', '/home/martina'), ('OLDPWD', '/home/martina/rp_project/robot-programming-project/src/simple_robot'), ('CHROME_DESKTOP', 'code.desktop'), ('TERMINFO', '/home/martina/.terminfo'), ('LESS', '-iRFXMx4'), ('CONDA_SHLVL', '1'), ('DESKTOP_SESSION', 'ubuntu'), ('TERM_PROGRAM_VERSION', '1.97.2'), ('GIO_LAUNCHED_DESKTOP_FILE', '/usr/share/applications/code.desktop'), ('LSCOLORS', 'ExGxDxDxCxDxDxFxFxexEx'), ('GTK_MODULES', 'gail:atk-bridge'), ('GNOME_SHELL_SESSION_MODE', 'ubuntu'), ('VSCODE_GIT_ASKPASS_MAIN', '/usr/share/code/resources/app/extensions/git/dist/askpass-main.js'), ('PAGER', 'less'), ('ROS_PYTHON_VERSION', '3'), ('LC_MONETARY', 'it_IT.UTF-8'), ('MANAGERPID', '887'), ('VSCODE_GIT_ASKPASS_NODE', '/usr/share/code/code'), ('SYSTEMD_EXEC_PID', '1152'), ('DBUS_SESSION_BUS_ADDRESS', 'unix:path=/run/user/1000/bus'), ('P9K_TTY', 'old'), ('GIO_LAUNCHED_DESKTOP_FILE_PID', '3260'), ('COLORTERM', 'truecolor'), ('_CE_M', ''), ('WAYLAND_DISPLAY', 'wayland-0'), ('INFOPATH', ''), ('ROS_DISTRO', 'humble'), ('COLCON_PREFIX_PATH', '/home/martina/rp_project/robot-programming-project/install'), ('LOGNAME', 'martina'), ('_', '/usr/bin/colcon'), ('JOURNAL_STREAM', '8:11413'), ('_P9K_SSH_TTY', '/dev/pts/7'), ('XDG_SESSION_CLASS', 'user'), ('USER_ZDOTDIR', '/home/martina'), ('ROS_VERSION', '2'), ('USERNAME', 'martina'), ('TERM', 'xterm-256color'), ('GNOME_DESKTOP_SESSION_ID', 'this-is-deprecated'), ('_CE_CONDA', ''), ('ROS_LOCALHOST_ONLY', '0'), ('PATH', '/opt/ros/humble/bin:/home/martina/.local/bin:/home/martina/.local/bin:/usr/lib/ccache:.:/home/martina/.mujoco/mujoco210/bin:/usr/lib/nvidia:/home/martina/anaconda3/condabin:/home/martina/bin:/home/martina/.local/bin:/usr/local/sbin:/usr/local/bin:/usr/sbin:/usr/bin:/sbin:/bin:/usr/games:/usr/local/games:/snap/bin:/home/martina/.cache/zsh4humans/v5/fzf/bin:/home/martina/other/install/bin'), ('SESSION_MANAGER', 'local/Martina-ThinkPad-X1-Yoga:@/tmp/.ICE-unix/1105,unix/Martina-ThinkPad-X1-Yoga:/tmp/.ICE-unix/1105'), ('INVOCATION_ID', 'abb78b4b018940349bd4da4c8fed9753'), ('LC_ADDRESS', 'it_IT.UTF-8'), ('XDG_RUNTIME_DIR', '/run/user/1000'), ('XDG_MENU_PREFIX', 'gnome-'), ('GNOME_SETUP_DISPLAY', ':1'), ('GDK_BACKEND', 'x11'), ('DISPLAY', ':0'), ('LANG', 'en_US.UTF-8'), ('LC_TELEPHONE', 'it_IT.UTF-8'), ('XDG_CURRENT_DESKTOP', 'Unity'), ('VSCODE_INJECTION', '1'), ('LD_PRELOAD', ':/usr/lib/x86_64-linux-gnu/libGLEW.so'), ('XDG_SESSION_DESKTOP', 'ubuntu'), ('XMODIFIERS', '@im=ibus'), ('XAUTHORITY', '/run/user/1000/.mutter-Xwaylandauth.L52E22'), ('TERM_PROGRAM', 'vscode'), ('VSCODE_GIT_IPC_HANDLE', '/run/user/1000/vscode-git-f640f2b3f6.sock'), ('LS_COLORS', 'fi=00:mi=00:mh=00:ln=01;36:or=01;31:di=01;34:ow=04;01;34:st=34:tw=04;34:pi=01;33:so=01;33:do=01;33:bd=01;33:cd=01;33:su=01;35:sg=01;35:ca=01;35:ex=01;32:no=38;5;248'), ('TREE_COLORS', 'fi=00:mi=00:mh=00:ln=01;36:or=01;31:di=01;34:ow=01;34:st=34:tw=34:pi=01;33:so=01;33:do=01;33:bd=01;33:cd=01;33:su=01;35:sg=01;35:ca=01;35:ex=01;32'), ('SSH_AGENT_LAUNCHER', 'gnome-keyring'), ('SSH_AUTH_SOCK', '/run/user/1000/keyring/ssh'), ('ORIGINAL_XDG_CURRENT_DESKTOP', 'ubuntu:GNOME'), ('CONDA_PYTHON_EXE', '/home/martina/anaconda3/bin/python'), ('AMENT_PREFIX_PATH', '/home/martina/rp_project/robot-programming-project/install/simple_robot:/opt/ros/humble'), ('LC_NAME', 'it_IT.UTF-8'), ('SHELL', '/usr/local/bin/zsh'), ('DEST', '/home/martina/other/install'), ('QT_ACCESSIBILITY', '1'), ('GDMSESSION', 'ubuntu'), ('CONDA_DEFAULT_ENV', 'base'), ('LC_MEASUREMENT', 'it_IT.UTF-8'), ('LC_IDENTIFICATION', 'it_IT.UTF-8'), ('GJS_DEBUG_OUTPUT', 'stderr'), ('P9K_SSH', '0'), ('QT_IM_MODULE', 'ibus'), ('VSCODE_GIT_ASKPASS_EXTRA_ARGS', ''), ('VSCODE_NONCE', '738ab651-ad75-4cde-ae7d-4724ca708aea'), ('LC_ALL', 'en_US.UTF-8'), ('PWD', '/home/martina/rp_project/robot-programming-project/src/simple_robot/build/simple_robot'), ('GPG_TTY', '/dev/pts/7'), ('XDG_DATA_DIRS', '/usr/local/share/:/usr/share/:/var/lib/snapd/desktop'), ('ZDOTDIR', '/home/martina'), ('_P9K_TTY', '/dev/pts/7'), ('CONDA_EXE', '/home/martina/anaconda3/bin/conda'), ('LC_NUMERIC', 'it_IT.UTF-8'), ('PYTHONPATH', '/opt/ros/humble/lib/python3.10/site-packages:/opt/ros/humble/local/lib/python3.10/dist-packages:/home/martina/other/install/lib/python3.10/site-packages/'), ('LC_PAPER', 'it_IT.UTF-8'), ('CONDA_PREFIX', '/home/martina/anaconda3'), ('COLCON', '1'), ('MANPATH', '/usr/local/share/man:/home/martina/.cache/zsh4humans/v5/fzf/man:'), ('CMAKE_PREFIX_PATH', '/home/martina/rp_project/robot-programming-project/install/simple_robot:/opt/ros/humble')]), 'shell': False}
[28.275205] (-) TimerEvent: {}
[28.282906] (simple_robot) StdoutLine: {'line': b'-- Install configuration: ""\n'}
[28.284728] (simple_robot) StdoutLine: {'line': b'-- Installing: /home/martina/rp_project/robot-programming-project/src/simple_robot/install/simple_robot/lib/simple_robot/robot_map_node\n'}
[28.297779] (simple_robot) StdoutLine: {'line': b'-- Set runtime path of "/home/martina/rp_project/robot-programming-project/src/simple_robot/install/simple_robot/lib/simple_robot/robot_map_node" to ""\n'}
[28.298976] (simple_robot) StdoutLine: {'line': b'-- Up-to-date: /home/martina/rp_project/robot-programming-project/src/simple_robot/install/simple_robot/share/ament_index/resource_index/package_run_dependencies/simple_robot\n'}
[28.301776] (simple_robot) StdoutLine: {'line': b'-- Up-to-date: /home/martina/rp_project/robot-programming-project/src/simple_robot/install/simple_robot/share/ament_index/resource_index/parent_prefix_path/simple_robot\n'}
[28.302074] (simple_robot) StdoutLine: {'line': b'-- Up-to-date: /home/martina/rp_project/robot-programming-project/src/simple_robot/install/simple_robot/share/simple_robot/environment/ament_prefix_path.sh\n'}
[28.302261] (simple_robot) StdoutLine: {'line': b'-- Installing: /home/martina/rp_project/robot-programming-project/src/simple_robot/install/simple_robot/share/simple_robot/environment/ament_prefix_path.dsv\n'}
[28.302542] (simple_robot) StdoutLine: {'line': b'-- Up-to-date: /home/martina/rp_project/robot-programming-project/src/simple_robot/install/simple_robot/share/simple_robot/environment/path.sh\n'}
[28.305739] (simple_robot) StdoutLine: {'line': b'-- Installing: /home/martina/rp_project/robot-programming-project/src/simple_robot/install/simple_robot/share/simple_robot/environment/path.dsv\n'}
[28.306073] (simple_robot) StdoutLine: {'line': b'-- Up-to-date: /home/martina/rp_project/robot-programming-project/src/simple_robot/install/simple_robot/share/simple_robot/local_setup.bash\n'}
[28.306240] (simple_robot) StdoutLine: {'line': b'-- Up-to-date: /home/martina/rp_project/robot-programming-project/src/simple_robot/install/simple_robot/share/simple_robot/local_setup.sh\n'}
[28.306399] (simple_robot) StdoutLine: {'line': b'-- Up-to-date: /home/martina/rp_project/robot-programming-project/src/simple_robot/install/simple_robot/share/simple_robot/local_setup.zsh\n'}
[28.306545] (simple_robot) StdoutLine: {'line': b'-- Installing: /home/martina/rp_project/robot-programming-project/src/simple_robot/install/simple_robot/share/simple_robot/local_setup.dsv\n'}
[28.306727] (simple_robot) StdoutLine: {'line': b'-- Installing: /home/martina/rp_project/robot-programming-project/src/simple_robot/install/simple_robot/share/simple_robot/package.dsv\n'}
[28.306885] (simple_robot) StdoutLine: {'line': b'-- Up-to-date: /home/martina/rp_project/robot-programming-project/src/simple_robot/install/simple_robot/share/ament_index/resource_index/packages/simple_robot\n'}
[28.307032] (simple_robot) StdoutLine: {'line': b'-- Up-to-date: /home/martina/rp_project/robot-programming-project/src/simple_robot/install/simple_robot/share/simple_robot/cmake/simple_robotConfig.cmake\n'}
[28.307170] (simple_robot) StdoutLine: {'line': b'-- Up-to-date: /home/martina/rp_project/robot-programming-project/src/simple_robot/install/simple_robot/share/simple_robot/cmake/simple_robotConfig-version.cmake\n'}
[28.307311] (simple_robot) StdoutLine: {'line': b'-- Up-to-date: /home/martina/rp_project/robot-programming-project/src/simple_robot/install/simple_robot/share/simple_robot/package.xml\n'}
[28.307455] (simple_robot) CommandEnded: {'returncode': 0}
[28.358167] (simple_robot) JobEnded: {'identifier': 'simple_robot', 'rc': 0}
[28.359932] (-) EventReactorShutdown: {}
