[0.000000] (-) TimerEvent: {}
[0.001953] (simple_robot) JobQueued: {'identifier': 'simple_robot', 'dependencies': OrderedDict()}
[0.002329] (simple_robot) JobStarted: {'identifier': 'simple_robot'}
[0.049827] (simple_robot) JobProgress: {'identifier': 'simple_robot', 'progress': 'cmake'}
[0.049991] (simple_robot) Command: {'cmd': ['/usr/bin/cmake', '/home/martina/rp_project/robot-programming-project/src/simple_robot', '-DCMAKE_INSTALL_PREFIX=/home/martina/rp_project/robot-programming-project/src/simple_robot/install/simple_robot'], 'cwd': '/home/martina/rp_project/robot-programming-project/src/simple_robot/build/simple_robot', 'env': OrderedDict([('GJS_DEBUG_TOPICS', 'JS ERROR;JS LOG'), ('LESSOPEN', '| /usr/bin/env /usr/bin/lesspipe %s 2>/dev/null'), ('CONDA_PROMPT_MODIFIER', '(base)'), ('LC_TIME', 'it_IT.UTF-8'), ('USER', 'martina'), ('XDG_SESSION_TYPE', 'wayland'), ('GIT_ASKPASS', '/usr/share/code/resources/app/extensions/git/dist/askpass.sh'), ('SHLVL', '2'), ('LD_LIBRARY_PATH', '/opt/ros/humble/opt/rviz_ogre_vendor/lib:/opt/ros/humble/lib/x86_64-linux-gnu:/opt/ros/humble/lib::/home/martina/.mujoco/mujoco210/bin:/usr/lib/nvidia:~/anaconda3/lib'), ('HOME', '/home/martina'), ('OLDPWD', '/home/martina/rp_project/robot-programming-project/src/simple_robot'), ('CHROME_DESKTOP', 'code.desktop'), ('TERMINFO', '/home/martina/.terminfo'), ('LESS', '-iRFXMx4'), ('CONDA_SHLVL', '1'), ('DESKTOP_SESSION', 'ubuntu'), ('TERM_PROGRAM_VERSION', '1.97.2'), ('GIO_LAUNCHED_DESKTOP_FILE', '/usr/share/applications/code.desktop'), ('LSCOLORS', 'ExGxDxDxCxDxDxFxFxexEx'), ('GTK_MODULES', 'gail:atk-bridge'), ('GNOME_SHELL_SESSION_MODE', 'ubuntu'), ('VSCODE_GIT_ASKPASS_MAIN', '/usr/share/code/resources/app/extensions/git/dist/askpass-main.js'), ('PAGER', 'less'), ('ROS_PYTHON_VERSION', '3'), ('LC_MONETARY', 'it_IT.UTF-8'), ('MANAGERPID', '887'), ('VSCODE_GIT_ASKPASS_NODE', '/usr/share/code/code'), ('SYSTEMD_EXEC_PID', '1152'), ('DBUS_SESSION_BUS_ADDRESS', 'unix:path=/run/user/1000/bus'), ('P9K_TTY', 'old'), ('GIO_LAUNCHED_DESKTOP_FILE_PID', '3260'), ('COLORTERM', 'truecolor'), ('_CE_M', ''), ('WAYLAND_DISPLAY', 'wayland-0'), ('INFOPATH', ''), ('ROS_DISTRO', 'humble'), ('COLCON_PREFIX_PATH', '/home/martina/rp_project/robot-programming-project/install'), ('LOGNAME', 'martina'), ('_', '/usr/bin/colcon'), ('JOURNAL_STREAM', '8:11413'), ('_P9K_SSH_TTY', '/dev/pts/2'), ('XDG_SESSION_CLASS', 'user'), ('USER_ZDOTDIR', '/home/martina'), ('ROS_VERSION', '2'), ('USERNAME', 'martina'), ('TERM', 'xterm-256color'), ('GNOME_DESKTOP_SESSION_ID', 'this-is-deprecated'), ('_CE_CONDA', ''), ('ROS_LOCALHOST_ONLY', '0'), ('PATH', '/opt/ros/humble/bin:/home/martina/.local/bin:/home/martina/.local/bin:/usr/lib/ccache:.:/home/martina/.mujoco/mujoco210/bin:/usr/lib/nvidia:/home/martina/anaconda3/condabin:/home/martina/bin:/home/martina/.local/bin:/usr/local/sbin:/usr/local/bin:/usr/sbin:/usr/bin:/sbin:/bin:/usr/games:/usr/local/games:/snap/bin:/home/martina/.cache/zsh4humans/v5/fzf/bin:/home/martina/other/install/bin'), ('SESSION_MANAGER', 'local/Martina-ThinkPad-X1-Yoga:@/tmp/.ICE-unix/1105,unix/Martina-ThinkPad-X1-Yoga:/tmp/.ICE-unix/1105'), ('INVOCATION_ID', 'abb78b4b018940349bd4da4c8fed9753'), ('LC_ADDRESS', 'it_IT.UTF-8'), ('XDG_RUNTIME_DIR', '/run/user/1000'), ('XDG_MENU_PREFIX', 'gnome-'), ('GNOME_SETUP_DISPLAY', ':1'), ('GDK_BACKEND', 'x11'), ('DISPLAY', ':0'), ('LANG', 'en_US.UTF-8'), ('LC_TELEPHONE', 'it_IT.UTF-8'), ('XDG_CURRENT_DESKTOP', 'Unity'), ('VSCODE_INJECTION', '1'), ('LD_PRELOAD', ':/usr/lib/x86_64-linux-gnu/libGLEW.so'), ('XDG_SESSION_DESKTOP', 'ubuntu'), ('XMODIFIERS', '@im=ibus'), ('XAUTHORITY', '/run/user/1000/.mutter-Xwaylandauth.L52E22'), ('TERM_PROGRAM', 'vscode'), ('VSCODE_GIT_IPC_HANDLE', '/run/user/1000/vscode-git-f640f2b3f6.sock'), ('LS_COLORS', 'fi=00:mi=00:mh=00:ln=01;36:or=01;31:di=01;34:ow=04;01;34:st=34:tw=04;34:pi=01;33:so=01;33:do=01;33:bd=01;33:cd=01;33:su=01;35:sg=01;35:ca=01;35:ex=01;32:no=38;5;248'), ('TREE_COLORS', 'fi=00:mi=00:mh=00:ln=01;36:or=01;31:di=01;34:ow=01;34:st=34:tw=34:pi=01;33:so=01;33:do=01;33:bd=01;33:cd=01;33:su=01;35:sg=01;35:ca=01;35:ex=01;32'), ('SSH_AGENT_LAUNCHER', 'gnome-keyring'), ('SSH_AUTH_SOCK', '/run/user/1000/keyring/ssh'), ('ORIGINAL_XDG_CURRENT_DESKTOP', 'ubuntu:GNOME'), ('CONDA_PYTHON_EXE', '/home/martina/anaconda3/bin/python'), ('AMENT_PREFIX_PATH', '/home/martina/rp_project/robot-programming-project/install/simple_robot:/opt/ros/humble'), ('LC_NAME', 'it_IT.UTF-8'), ('SHELL', '/usr/local/bin/zsh'), ('DEST', '/home/martina/other/install'), ('QT_ACCESSIBILITY', '1'), ('GDMSESSION', 'ubuntu'), ('CONDA_DEFAULT_ENV', 'base'), ('LC_MEASUREMENT', 'it_IT.UTF-8'), ('LC_IDENTIFICATION', 'it_IT.UTF-8'), ('GJS_DEBUG_OUTPUT', 'stderr'), ('P9K_SSH', '0'), ('QT_IM_MODULE', 'ibus'), ('VSCODE_GIT_ASKPASS_EXTRA_ARGS', ''), ('VSCODE_NONCE', '052e925b-acb5-444f-b870-f20c06506941'), ('LC_ALL', 'en_US.UTF-8'), ('PWD', '/home/martina/rp_project/robot-programming-project/src/simple_robot/build/simple_robot'), ('GPG_TTY', '/dev/pts/2'), ('XDG_DATA_DIRS', '/usr/local/share/:/usr/share/:/var/lib/snapd/desktop'), ('ZDOTDIR', '/home/martina'), ('_P9K_TTY', '/dev/pts/2'), ('CONDA_EXE', '/home/martina/anaconda3/bin/conda'), ('LC_NUMERIC', 'it_IT.UTF-8'), ('PYTHONPATH', '/opt/ros/humble/lib/python3.10/site-packages:/opt/ros/humble/local/lib/python3.10/dist-packages:/home/martina/other/install/lib/python3.10/site-packages/'), ('LC_PAPER', 'it_IT.UTF-8'), ('CONDA_PREFIX', '/home/martina/anaconda3'), ('COLCON', '1'), ('MANPATH', '/usr/local/share/man:/home/martina/.cache/zsh4humans/v5/fzf/man:'), ('CMAKE_PREFIX_PATH', '/home/martina/rp_project/robot-programming-project/install/simple_robot:/opt/ros/humble')]), 'shell': False}
[0.099643] (-) TimerEvent: {}
[0.201788] (-) TimerEvent: {}
[0.288356] (simple_robot) StdoutLine: {'line': b'-- The C compiler identification is GNU 11.4.0\n'}
[0.301955] (-) TimerEvent: {}
[0.402329] (-) TimerEvent: {}
[0.502782] (-) TimerEvent: {}
[0.503849] (simple_robot) StdoutLine: {'line': b'-- The CXX compiler identification is GNU 11.4.0\n'}
[0.539834] (simple_robot) StdoutLine: {'line': b'-- Detecting C compiler ABI info\n'}
[0.602927] (-) TimerEvent: {}
[0.705785] (-) TimerEvent: {}
[0.750068] (simple_robot) StdoutLine: {'line': b'-- Detecting C compiler ABI info - done\n'}
[0.805903] (-) TimerEvent: {}
[0.815398] (simple_robot) StdoutLine: {'line': b'-- Check for working C compiler: /usr/lib/ccache/cc - skipped\n'}
[0.819799] (simple_robot) StdoutLine: {'line': b'-- Detecting C compile features\n'}
[0.826113] (simple_robot) StdoutLine: {'line': b'-- Detecting C compile features - done\n'}
[0.830026] (simple_robot) StdoutLine: {'line': b'-- Detecting CXX compiler ABI info\n'}
[0.906113] (-) TimerEvent: {}
[1.007254] (-) TimerEvent: {}
[1.082576] (simple_robot) StdoutLine: {'line': b'-- Detecting CXX compiler ABI info - done\n'}
[1.104742] (simple_robot) StdoutLine: {'line': b'-- Check for working CXX compiler: /usr/lib/ccache/c++ - skipped\n'}
[1.105291] (simple_robot) StdoutLine: {'line': b'-- Detecting CXX compile features\n'}
[1.106857] (simple_robot) StdoutLine: {'line': b'-- Detecting CXX compile features - done\n'}
[1.108407] (-) TimerEvent: {}
[1.128872] (simple_robot) StdoutLine: {'line': b'-- Found OpenCV: /usr (found suitable version "4.5.4", minimum required is "4.5.4") \n'}
[1.134666] (simple_robot) StdoutLine: {'line': b'-- Found ament_cmake: 1.3.11 (/opt/ros/humble/share/ament_cmake/cmake)\n'}
[1.208554] (-) TimerEvent: {}
[1.309099] (-) TimerEvent: {}
[1.409542] (-) TimerEvent: {}
[1.455118] (simple_robot) StdoutLine: {'line': b'-- Found Python3: /usr/bin/python3 (found version "3.10.12") found components: Interpreter \n'}
[1.511837] (-) TimerEvent: {}
[1.612424] (-) TimerEvent: {}
[1.675776] (simple_robot) StdoutLine: {'line': b'-- Found rclcpp: 16.0.11 (/opt/ros/humble/share/rclcpp/cmake)\n'}
[1.712988] (-) TimerEvent: {}
[1.763673] (simple_robot) StdoutLine: {'line': b'-- Found rosidl_generator_c: 3.1.6 (/opt/ros/humble/share/rosidl_generator_c/cmake)\n'}
[1.775646] (simple_robot) StdoutLine: {'line': b'-- Found rosidl_adapter: 3.1.6 (/opt/ros/humble/share/rosidl_adapter/cmake)\n'}
[1.795846] (simple_robot) StdoutLine: {'line': b'-- Found rosidl_generator_cpp: 3.1.6 (/opt/ros/humble/share/rosidl_generator_cpp/cmake)\n'}
[1.815134] (-) TimerEvent: {}
[1.834140] (simple_robot) StdoutLine: {'line': b'-- Using all available rosidl_typesupport_c: rosidl_typesupport_fastrtps_c;rosidl_typesupport_introspection_c\n'}
[1.873264] (simple_robot) StdoutLine: {'line': b'-- Using all available rosidl_typesupport_cpp: rosidl_typesupport_fastrtps_cpp;rosidl_typesupport_introspection_cpp\n'}
[1.915177] (-) TimerEvent: {}
[2.017345] (simple_robot) StdoutLine: {'line': b'-- Found rmw_implementation_cmake: 6.1.2 (/opt/ros/humble/share/rmw_implementation_cmake/cmake)\n'}
[2.019516] (-) TimerEvent: {}
[2.024436] (simple_robot) StdoutLine: {'line': b'-- Found rmw_fastrtps_cpp: 6.2.7 (/opt/ros/humble/share/rmw_fastrtps_cpp/cmake)\n'}
[2.125472] (-) TimerEvent: {}
[2.225878] (-) TimerEvent: {}
[2.326348] (-) TimerEvent: {}
[2.427985] (-) TimerEvent: {}
[2.479945] (simple_robot) StdoutLine: {'line': b'-- Found OpenSSL: /usr/lib/x86_64-linux-gnu/libcrypto.so (found version "3.0.2")  \n'}
[2.528114] (-) TimerEvent: {}
[2.609419] (simple_robot) StdoutLine: {'line': b'-- Found FastRTPS: /opt/ros/humble/include  \n'}
[2.628980] (-) TimerEvent: {}
[2.710360] (simple_robot) StdoutLine: {'line': b"-- Using RMW implementation 'rmw_fastrtps_cpp' as default\n"}
[2.728800] (simple_robot) StdoutLine: {'line': b'-- Looking for pthread.h\n'}
[2.729179] (-) TimerEvent: {}
[2.829525] (-) TimerEvent: {}
[2.930632] (-) TimerEvent: {}
[2.931102] (simple_robot) StdoutLine: {'line': b'-- Looking for pthread.h - found\n'}
[2.931897] (simple_robot) StdoutLine: {'line': b'-- Performing Test CMAKE_HAVE_LIBC_PTHREAD\n'}
[3.034085] (-) TimerEvent: {}
[3.134495] (-) TimerEvent: {}
[3.224857] (simple_robot) StdoutLine: {'line': b'-- Performing Test CMAKE_HAVE_LIBC_PTHREAD - Success\n'}
[3.227196] (simple_robot) StdoutLine: {'line': b'-- Found Threads: TRUE  \n'}
[3.234672] (-) TimerEvent: {}
[3.335653] (-) TimerEvent: {}
[3.418603] (simple_robot) StdoutLine: {'line': b'-- Found geometry_msgs: 4.2.4 (/opt/ros/humble/share/geometry_msgs/cmake)\n'}
[3.436990] (-) TimerEvent: {}
[3.454795] (simple_robot) StdoutLine: {'line': b'-- Found sensor_msgs: 4.2.4 (/opt/ros/humble/share/sensor_msgs/cmake)\n'}
[3.503701] (simple_robot) StdoutLine: {'line': b'-- Found nav_msgs: 4.2.4 (/opt/ros/humble/share/nav_msgs/cmake)\n'}
[3.537118] (-) TimerEvent: {}
[3.557276] (simple_robot) StdoutLine: {'line': b'-- Found OpenCV: /usr (found version "4.5.4") \n'}
[3.637820] (-) TimerEvent: {}
[3.738329] (-) TimerEvent: {}
[3.746669] (simple_robot) StdoutLine: {'line': b'-- DATA_DIR: /home/martina/rp_project/robot-programming-project/src/simple_robot/data\n'}
[3.747642] (simple_robot) StdoutLine: {'line': b'-- Configuring done\n'}
[3.809587] (simple_robot) StdoutLine: {'line': b'-- Generating done\n'}
[3.834833] (simple_robot) StdoutLine: {'line': b'-- Build files have been written to: /home/martina/rp_project/robot-programming-project/src/simple_robot/build/simple_robot\n'}
[3.838455] (-) TimerEvent: {}
[3.878976] (simple_robot) CommandEnded: {'returncode': 0}
[3.880345] (simple_robot) JobProgress: {'identifier': 'simple_robot', 'progress': 'build'}
[3.880447] (simple_robot) Command: {'cmd': ['/usr/bin/cmake', '--build', '/home/martina/rp_project/robot-programming-project/src/simple_robot/build/simple_robot', '--', '-j4', '-l4'], 'cwd': '/home/martina/rp_project/robot-programming-project/src/simple_robot/build/simple_robot', 'env': OrderedDict([('GJS_DEBUG_TOPICS', 'JS ERROR;JS LOG'), ('LESSOPEN', '| /usr/bin/env /usr/bin/lesspipe %s 2>/dev/null'), ('CONDA_PROMPT_MODIFIER', '(base)'), ('LC_TIME', 'it_IT.UTF-8'), ('USER', 'martina'), ('XDG_SESSION_TYPE', 'wayland'), ('GIT_ASKPASS', '/usr/share/code/resources/app/extensions/git/dist/askpass.sh'), ('SHLVL', '2'), ('LD_LIBRARY_PATH', '/opt/ros/humble/opt/rviz_ogre_vendor/lib:/opt/ros/humble/lib/x86_64-linux-gnu:/opt/ros/humble/lib::/home/martina/.mujoco/mujoco210/bin:/usr/lib/nvidia:~/anaconda3/lib'), ('HOME', '/home/martina'), ('OLDPWD', '/home/martina/rp_project/robot-programming-project/src/simple_robot'), ('CHROME_DESKTOP', 'code.desktop'), ('TERMINFO', '/home/martina/.terminfo'), ('LESS', '-iRFXMx4'), ('CONDA_SHLVL', '1'), ('DESKTOP_SESSION', 'ubuntu'), ('TERM_PROGRAM_VERSION', '1.97.2'), ('GIO_LAUNCHED_DESKTOP_FILE', '/usr/share/applications/code.desktop'), ('LSCOLORS', 'ExGxDxDxCxDxDxFxFxexEx'), ('GTK_MODULES', 'gail:atk-bridge'), ('GNOME_SHELL_SESSION_MODE', 'ubuntu'), ('VSCODE_GIT_ASKPASS_MAIN', '/usr/share/code/resources/app/extensions/git/dist/askpass-main.js'), ('PAGER', 'less'), ('ROS_PYTHON_VERSION', '3'), ('LC_MONETARY', 'it_IT.UTF-8'), ('MANAGERPID', '887'), ('VSCODE_GIT_ASKPASS_NODE', '/usr/share/code/code'), ('SYSTEMD_EXEC_PID', '1152'), ('DBUS_SESSION_BUS_ADDRESS', 'unix:path=/run/user/1000/bus'), ('P9K_TTY', 'old'), ('GIO_LAUNCHED_DESKTOP_FILE_PID', '3260'), ('COLORTERM', 'truecolor'), ('_CE_M', ''), ('WAYLAND_DISPLAY', 'wayland-0'), ('INFOPATH', ''), ('ROS_DISTRO', 'humble'), ('COLCON_PREFIX_PATH', '/home/martina/rp_project/robot-programming-project/install'), ('LOGNAME', 'martina'), ('_', '/usr/bin/colcon'), ('JOURNAL_STREAM', '8:11413'), ('_P9K_SSH_TTY', '/dev/pts/2'), ('XDG_SESSION_CLASS', 'user'), ('USER_ZDOTDIR', '/home/martina'), ('ROS_VERSION', '2'), ('USERNAME', 'martina'), ('TERM', 'xterm-256color'), ('GNOME_DESKTOP_SESSION_ID', 'this-is-deprecated'), ('_CE_CONDA', ''), ('ROS_LOCALHOST_ONLY', '0'), ('PATH', '/opt/ros/humble/bin:/home/martina/.local/bin:/home/martina/.local/bin:/usr/lib/ccache:.:/home/martina/.mujoco/mujoco210/bin:/usr/lib/nvidia:/home/martina/anaconda3/condabin:/home/martina/bin:/home/martina/.local/bin:/usr/local/sbin:/usr/local/bin:/usr/sbin:/usr/bin:/sbin:/bin:/usr/games:/usr/local/games:/snap/bin:/home/martina/.cache/zsh4humans/v5/fzf/bin:/home/martina/other/install/bin'), ('SESSION_MANAGER', 'local/Martina-ThinkPad-X1-Yoga:@/tmp/.ICE-unix/1105,unix/Martina-ThinkPad-X1-Yoga:/tmp/.ICE-unix/1105'), ('INVOCATION_ID', 'abb78b4b018940349bd4da4c8fed9753'), ('LC_ADDRESS', 'it_IT.UTF-8'), ('XDG_RUNTIME_DIR', '/run/user/1000'), ('XDG_MENU_PREFIX', 'gnome-'), ('GNOME_SETUP_DISPLAY', ':1'), ('GDK_BACKEND', 'x11'), ('DISPLAY', ':0'), ('LANG', 'en_US.UTF-8'), ('LC_TELEPHONE', 'it_IT.UTF-8'), ('XDG_CURRENT_DESKTOP', 'Unity'), ('VSCODE_INJECTION', '1'), ('LD_PRELOAD', ':/usr/lib/x86_64-linux-gnu/libGLEW.so'), ('XDG_SESSION_DESKTOP', 'ubuntu'), ('XMODIFIERS', '@im=ibus'), ('XAUTHORITY', '/run/user/1000/.mutter-Xwaylandauth.L52E22'), ('TERM_PROGRAM', 'vscode'), ('VSCODE_GIT_IPC_HANDLE', '/run/user/1000/vscode-git-f640f2b3f6.sock'), ('LS_COLORS', 'fi=00:mi=00:mh=00:ln=01;36:or=01;31:di=01;34:ow=04;01;34:st=34:tw=04;34:pi=01;33:so=01;33:do=01;33:bd=01;33:cd=01;33:su=01;35:sg=01;35:ca=01;35:ex=01;32:no=38;5;248'), ('TREE_COLORS', 'fi=00:mi=00:mh=00:ln=01;36:or=01;31:di=01;34:ow=01;34:st=34:tw=34:pi=01;33:so=01;33:do=01;33:bd=01;33:cd=01;33:su=01;35:sg=01;35:ca=01;35:ex=01;32'), ('SSH_AGENT_LAUNCHER', 'gnome-keyring'), ('SSH_AUTH_SOCK', '/run/user/1000/keyring/ssh'), ('ORIGINAL_XDG_CURRENT_DESKTOP', 'ubuntu:GNOME'), ('CONDA_PYTHON_EXE', '/home/martina/anaconda3/bin/python'), ('AMENT_PREFIX_PATH', '/home/martina/rp_project/robot-programming-project/install/simple_robot:/opt/ros/humble'), ('LC_NAME', 'it_IT.UTF-8'), ('SHELL', '/usr/local/bin/zsh'), ('DEST', '/home/martina/other/install'), ('QT_ACCESSIBILITY', '1'), ('GDMSESSION', 'ubuntu'), ('CONDA_DEFAULT_ENV', 'base'), ('LC_MEASUREMENT', 'it_IT.UTF-8'), ('LC_IDENTIFICATION', 'it_IT.UTF-8'), ('GJS_DEBUG_OUTPUT', 'stderr'), ('P9K_SSH', '0'), ('QT_IM_MODULE', 'ibus'), ('VSCODE_GIT_ASKPASS_EXTRA_ARGS', ''), ('VSCODE_NONCE', '052e925b-acb5-444f-b870-f20c06506941'), ('LC_ALL', 'en_US.UTF-8'), ('PWD', '/home/martina/rp_project/robot-programming-project/src/simple_robot/build/simple_robot'), ('GPG_TTY', '/dev/pts/2'), ('XDG_DATA_DIRS', '/usr/local/share/:/usr/share/:/var/lib/snapd/desktop'), ('ZDOTDIR', '/home/martina'), ('_P9K_TTY', '/dev/pts/2'), ('CONDA_EXE', '/home/martina/anaconda3/bin/conda'), ('LC_NUMERIC', 'it_IT.UTF-8'), ('PYTHONPATH', '/opt/ros/humble/lib/python3.10/site-packages:/opt/ros/humble/local/lib/python3.10/dist-packages:/home/martina/other/install/lib/python3.10/site-packages/'), ('LC_PAPER', 'it_IT.UTF-8'), ('CONDA_PREFIX', '/home/martina/anaconda3'), ('COLCON', '1'), ('MANPATH', '/usr/local/share/man:/home/martina/.cache/zsh4humans/v5/fzf/man:'), ('CMAKE_PREFIX_PATH', '/home/martina/rp_project/robot-programming-project/install/simple_robot:/opt/ros/humble')]), 'shell': False}
[3.938591] (-) TimerEvent: {}
[4.042632] (simple_robot) StdoutLine: {'line': b'\x1b[35m\x1b[1mConsolidate compiler generated dependencies of target robot_map_node\x1b[0m\n'}
[4.043053] (-) TimerEvent: {}
[4.079353] (simple_robot) StdoutLine: {'line': b'\x1b[35m\x1b[1mConsolidate compiler generated dependencies of target grid_map\x1b[0m\n'}
[4.144386] (-) TimerEvent: {}
[4.167171] (simple_robot) StdoutLine: {'line': b'[  8%] \x1b[32mBuilding CXX object CMakeFiles/robot_map_node.dir/src/main.cpp.o\x1b[0m\n'}
[4.196733] (simple_robot) StdoutLine: {'line': b'[ 16%] \x1b[32mBuilding CXX object src/CMakeFiles/grid_map.dir/main.cpp.o\x1b[0m\n'}
[4.244508] (-) TimerEvent: {}
[4.344970] (-) TimerEvent: {}
[4.447005] (-) TimerEvent: {}
[4.549464] (-) TimerEvent: {}
[4.650494] (-) TimerEvent: {}
[4.752353] (-) TimerEvent: {}
[4.854198] (-) TimerEvent: {}
[4.954679] (-) TimerEvent: {}
[5.057785] (-) TimerEvent: {}
[5.158219] (-) TimerEvent: {}
[5.260948] (-) TimerEvent: {}
[5.361385] (-) TimerEvent: {}
[5.462401] (-) TimerEvent: {}
[5.564964] (-) TimerEvent: {}
[5.665590] (-) TimerEvent: {}
[5.766356] (-) TimerEvent: {}
[5.867922] (-) TimerEvent: {}
[5.970981] (-) TimerEvent: {}
[6.071446] (-) TimerEvent: {}
[6.173368] (-) TimerEvent: {}
[6.273797] (-) TimerEvent: {}
[6.377028] (-) TimerEvent: {}
[6.477740] (-) TimerEvent: {}
[6.580032] (-) TimerEvent: {}
[6.680431] (-) TimerEvent: {}
[6.781199] (-) TimerEvent: {}
[6.883778] (-) TimerEvent: {}
[6.984223] (-) TimerEvent: {}
[7.084728] (-) TimerEvent: {}
[7.185430] (-) TimerEvent: {}
[7.289801] (-) TimerEvent: {}
[7.390498] (-) TimerEvent: {}
[7.492420] (-) TimerEvent: {}
[7.594008] (-) TimerEvent: {}
[7.698792] (-) TimerEvent: {}
[7.799264] (-) TimerEvent: {}
[7.900839] (-) TimerEvent: {}
[8.001512] (-) TimerEvent: {}
[8.102410] (-) TimerEvent: {}
[8.203039] (-) TimerEvent: {}
[8.304819] (-) TimerEvent: {}
[8.405343] (-) TimerEvent: {}
[8.506642] (-) TimerEvent: {}
[8.607189] (-) TimerEvent: {}
[8.707741] (-) TimerEvent: {}
[8.808212] (-) TimerEvent: {}
[8.908638] (-) TimerEvent: {}
[9.009087] (-) TimerEvent: {}
[9.109516] (-) TimerEvent: {}
[9.209982] (-) TimerEvent: {}
[9.310373] (-) TimerEvent: {}
[9.410999] (-) TimerEvent: {}
[9.511447] (-) TimerEvent: {}
[9.611926] (-) TimerEvent: {}
[9.712327] (-) TimerEvent: {}
[9.813574] (-) TimerEvent: {}
[9.914910] (-) TimerEvent: {}
[10.015303] (-) TimerEvent: {}
[10.115685] (-) TimerEvent: {}
[10.216158] (-) TimerEvent: {}
[10.316853] (-) TimerEvent: {}
[10.417247] (-) TimerEvent: {}
[10.517624] (-) TimerEvent: {}
[10.618029] (-) TimerEvent: {}
[10.718520] (-) TimerEvent: {}
[10.819143] (-) TimerEvent: {}
[10.919529] (-) TimerEvent: {}
[11.020138] (-) TimerEvent: {}
[11.120545] (-) TimerEvent: {}
[11.221037] (-) TimerEvent: {}
[11.321408] (-) TimerEvent: {}
[11.421790] (-) TimerEvent: {}
[11.522174] (-) TimerEvent: {}
[11.622571] (-) TimerEvent: {}
[11.722995] (-) TimerEvent: {}
[11.823576] (-) TimerEvent: {}
[11.924468] (-) TimerEvent: {}
[12.025074] (-) TimerEvent: {}
[12.125459] (-) TimerEvent: {}
[12.225855] (-) TimerEvent: {}
[12.326237] (-) TimerEvent: {}
[12.426638] (-) TimerEvent: {}
[12.529314] (-) TimerEvent: {}
[12.629741] (-) TimerEvent: {}
[12.730687] (-) TimerEvent: {}
[12.834856] (-) TimerEvent: {}
[12.935268] (-) TimerEvent: {}
[13.035873] (-) TimerEvent: {}
[13.136277] (-) TimerEvent: {}
[13.236663] (-) TimerEvent: {}
[13.337056] (-) TimerEvent: {}
[13.437435] (-) TimerEvent: {}
[13.537805] (-) TimerEvent: {}
[13.638205] (-) TimerEvent: {}
[13.738654] (-) TimerEvent: {}
[13.839051] (-) TimerEvent: {}
[13.939802] (-) TimerEvent: {}
[14.040738] (-) TimerEvent: {}
[14.141131] (-) TimerEvent: {}
[14.241547] (-) TimerEvent: {}
[14.341957] (-) TimerEvent: {}
[14.442354] (-) TimerEvent: {}
[14.543363] (-) TimerEvent: {}
[14.644098] (-) TimerEvent: {}
[14.744544] (-) TimerEvent: {}
[14.845214] (-) TimerEvent: {}
[14.945662] (-) TimerEvent: {}
[15.046066] (-) TimerEvent: {}
[15.146456] (-) TimerEvent: {}
[15.246849] (-) TimerEvent: {}
[15.347227] (-) TimerEvent: {}
[15.447614] (-) TimerEvent: {}
[15.548018] (-) TimerEvent: {}
[15.648676] (-) TimerEvent: {}
[15.749116] (-) TimerEvent: {}
[15.849494] (-) TimerEvent: {}
[15.950481] (-) TimerEvent: {}
[16.051134] (-) TimerEvent: {}
[16.151508] (-) TimerEvent: {}
[16.252347] (-) TimerEvent: {}
[16.352732] (-) TimerEvent: {}
[16.453111] (-) TimerEvent: {}
[16.553488] (-) TimerEvent: {}
[16.653887] (-) TimerEvent: {}
[16.754268] (-) TimerEvent: {}
[16.855121] (-) TimerEvent: {}
[16.955775] (-) TimerEvent: {}
[17.056187] (-) TimerEvent: {}
[17.157042] (-) TimerEvent: {}
[17.257886] (-) TimerEvent: {}
[17.358279] (-) TimerEvent: {}
[17.458677] (-) TimerEvent: {}
[17.559120] (-) TimerEvent: {}
[17.659510] (-) TimerEvent: {}
[17.759933] (-) TimerEvent: {}
[17.860332] (-) TimerEvent: {}
[17.960742] (-) TimerEvent: {}
[18.061129] (-) TimerEvent: {}
[18.161527] (-) TimerEvent: {}
[18.261944] (-) TimerEvent: {}
[18.362334] (-) TimerEvent: {}
[18.462742] (-) TimerEvent: {}
[18.563252] (-) TimerEvent: {}
[18.663681] (-) TimerEvent: {}
[18.764090] (-) TimerEvent: {}
[18.864515] (-) TimerEvent: {}
[18.964952] (-) TimerEvent: {}
[19.065351] (-) TimerEvent: {}
[19.165762] (-) TimerEvent: {}
[19.266468] (-) TimerEvent: {}
[19.367025] (-) TimerEvent: {}
[19.467430] (-) TimerEvent: {}
[19.568101] (-) TimerEvent: {}
[19.668466] (-) TimerEvent: {}
[19.769784] (-) TimerEvent: {}
[19.870201] (-) TimerEvent: {}
[19.970608] (-) TimerEvent: {}
[20.071087] (-) TimerEvent: {}
[20.171557] (-) TimerEvent: {}
[20.272352] (-) TimerEvent: {}
[20.373363] (-) TimerEvent: {}
[20.474035] (-) TimerEvent: {}
[20.574503] (-) TimerEvent: {}
[20.674956] (-) TimerEvent: {}
[20.775351] (-) TimerEvent: {}
[20.875819] (-) TimerEvent: {}
[20.976917] (-) TimerEvent: {}
[21.078632] (-) TimerEvent: {}
[21.179073] (-) TimerEvent: {}
[21.279805] (-) TimerEvent: {}
[21.380689] (-) TimerEvent: {}
[21.481081] (-) TimerEvent: {}
[21.581457] (-) TimerEvent: {}
[21.681791] (-) TimerEvent: {}
[21.782391] (-) TimerEvent: {}
[21.882776] (-) TimerEvent: {}
[21.983218] (-) TimerEvent: {}
[22.083603] (-) TimerEvent: {}
[22.184023] (-) TimerEvent: {}
[22.284401] (-) TimerEvent: {}
[22.384810] (-) TimerEvent: {}
[22.485294] (-) TimerEvent: {}
[22.587133] (-) TimerEvent: {}
[22.687582] (-) TimerEvent: {}
[22.788501] (-) TimerEvent: {}
[22.889229] (-) TimerEvent: {}
[22.989699] (-) TimerEvent: {}
[23.090102] (-) TimerEvent: {}
[23.190607] (-) TimerEvent: {}
[23.291133] (-) TimerEvent: {}
[23.391558] (-) TimerEvent: {}
[23.492170] (-) TimerEvent: {}
[23.592580] (-) TimerEvent: {}
[23.692986] (-) TimerEvent: {}
[23.793546] (-) TimerEvent: {}
[23.893904] (-) TimerEvent: {}
[23.994250] (-) TimerEvent: {}
[24.094613] (-) TimerEvent: {}
[24.194996] (-) TimerEvent: {}
[24.295332] (-) TimerEvent: {}
[24.395678] (-) TimerEvent: {}
[24.496035] (-) TimerEvent: {}
[24.596375] (-) TimerEvent: {}
[24.697179] (-) TimerEvent: {}
[24.797914] (-) TimerEvent: {}
[24.898296] (-) TimerEvent: {}
[24.998641] (-) TimerEvent: {}
[25.099198] (-) TimerEvent: {}
[25.199545] (-) TimerEvent: {}
[25.299973] (-) TimerEvent: {}
[25.400545] (-) TimerEvent: {}
[25.501203] (-) TimerEvent: {}
[25.601580] (-) TimerEvent: {}
[25.702094] (-) TimerEvent: {}
[25.802495] (-) TimerEvent: {}
[25.903347] (-) TimerEvent: {}
[26.004023] (-) TimerEvent: {}
[26.104677] (-) TimerEvent: {}
[26.205086] (-) TimerEvent: {}
[26.305519] (-) TimerEvent: {}
[26.405892] (-) TimerEvent: {}
[26.506275] (-) TimerEvent: {}
[26.606970] (-) TimerEvent: {}
[26.707383] (-) TimerEvent: {}
[26.807758] (-) TimerEvent: {}
[26.908565] (-) TimerEvent: {}
[27.009311] (-) TimerEvent: {}
[27.109685] (-) TimerEvent: {}
[27.210096] (-) TimerEvent: {}
[27.310455] (-) TimerEvent: {}
[27.410883] (-) TimerEvent: {}
[27.511227] (-) TimerEvent: {}
[27.611642] (-) TimerEvent: {}
[27.712004] (-) TimerEvent: {}
[27.812565] (-) TimerEvent: {}
[27.912932] (-) TimerEvent: {}
[28.013273] (-) TimerEvent: {}
[28.113610] (-) TimerEvent: {}
[28.213996] (-) TimerEvent: {}
[28.314776] (-) TimerEvent: {}
[28.415118] (-) TimerEvent: {}
[28.515463] (-) TimerEvent: {}
[28.615871] (-) TimerEvent: {}
[28.716270] (-) TimerEvent: {}
[28.816670] (-) TimerEvent: {}
[28.917026] (-) TimerEvent: {}
[29.017795] (-) TimerEvent: {}
[29.118374] (-) TimerEvent: {}
[29.218725] (-) TimerEvent: {}
[29.319183] (-) TimerEvent: {}
[29.419881] (-) TimerEvent: {}
[29.520283] (-) TimerEvent: {}
[29.620777] (-) TimerEvent: {}
[29.721946] (-) TimerEvent: {}
[29.822656] (-) TimerEvent: {}
[29.923879] (-) TimerEvent: {}
[30.024283] (-) TimerEvent: {}
[30.124714] (-) TimerEvent: {}
[30.225091] (-) TimerEvent: {}
[30.325436] (-) TimerEvent: {}
[30.426076] (-) TimerEvent: {}
[30.526444] (-) TimerEvent: {}
[30.626780] (-) TimerEvent: {}
[30.727139] (-) TimerEvent: {}
[30.827488] (-) TimerEvent: {}
[30.927863] (-) TimerEvent: {}
[31.028220] (-) TimerEvent: {}
[31.128576] (-) TimerEvent: {}
[31.229154] (-) TimerEvent: {}
[31.329532] (-) TimerEvent: {}
[31.429861] (-) TimerEvent: {}
[31.530225] (-) TimerEvent: {}
[31.630778] (-) TimerEvent: {}
[31.731124] (-) TimerEvent: {}
[31.831569] (-) TimerEvent: {}
[31.931946] (-) TimerEvent: {}
[32.032307] (-) TimerEvent: {}
[32.132855] (-) TimerEvent: {}
[32.233251] (-) TimerEvent: {}
[32.333602] (-) TimerEvent: {}
[32.433991] (-) TimerEvent: {}
[32.534710] (-) TimerEvent: {}
[32.635073] (-) TimerEvent: {}
[32.735505] (-) TimerEvent: {}
[32.836160] (-) TimerEvent: {}
[32.936670] (-) TimerEvent: {}
[33.037135] (-) TimerEvent: {}
[33.125554] (simple_robot) StdoutLine: {'line': b'[ 25%] \x1b[32m\x1b[1mLinking CXX executable robot_map_node\x1b[0m\n'}
[33.137600] (-) TimerEvent: {}
[33.238021] (-) TimerEvent: {}
[33.338793] (-) TimerEvent: {}
[33.440829] (-) TimerEvent: {}
[33.541379] (-) TimerEvent: {}
[33.641811] (-) TimerEvent: {}
[33.742288] (-) TimerEvent: {}
[33.838310] (simple_robot) StdoutLine: {'line': b'[ 33%] \x1b[32m\x1b[1mLinking CXX shared library libgrid_map.so\x1b[0m\n'}
[33.842433] (-) TimerEvent: {}
[33.942949] (-) TimerEvent: {}
[34.044330] (-) TimerEvent: {}
[34.147081] (-) TimerEvent: {}
[34.248236] (-) TimerEvent: {}
[34.352598] (-) TimerEvent: {}
[34.453204] (-) TimerEvent: {}
[34.555836] (-) TimerEvent: {}
[34.656378] (-) TimerEvent: {}
[34.757816] (-) TimerEvent: {}
[34.861198] (-) TimerEvent: {}
[34.962177] (-) TimerEvent: {}
[35.062867] (-) TimerEvent: {}
[35.164398] (-) TimerEvent: {}
[35.266656] (-) TimerEvent: {}
[35.368725] (-) TimerEvent: {}
[35.469739] (-) TimerEvent: {}
[35.571798] (-) TimerEvent: {}
[35.672240] (-) TimerEvent: {}
[35.774777] (-) TimerEvent: {}
[35.875164] (-) TimerEvent: {}
[35.975580] (-) TimerEvent: {}
[36.075966] (-) TimerEvent: {}
[36.176777] (-) TimerEvent: {}
[36.278778] (-) TimerEvent: {}
[36.379187] (-) TimerEvent: {}
[36.481814] (-) TimerEvent: {}
[36.583446] (-) TimerEvent: {}
[36.684125] (-) TimerEvent: {}
[36.784763] (-) TimerEvent: {}
[36.885735] (-) TimerEvent: {}
[36.983868] (simple_robot) StdoutLine: {'line': b'[ 66%] Built target grid_map\n'}
[36.985938] (-) TimerEvent: {}
[37.072742] (simple_robot) StdoutLine: {'line': b'[100%] Built target robot_map_node\n'}
[37.088798] (-) TimerEvent: {}
[37.102148] (simple_robot) CommandEnded: {'returncode': 0}
[37.104472] (simple_robot) JobProgress: {'identifier': 'simple_robot', 'progress': 'install'}
[37.137325] (simple_robot) Command: {'cmd': ['/usr/bin/cmake', '--install', '/home/martina/rp_project/robot-programming-project/src/simple_robot/build/simple_robot'], 'cwd': '/home/martina/rp_project/robot-programming-project/src/simple_robot/build/simple_robot', 'env': OrderedDict([('GJS_DEBUG_TOPICS', 'JS ERROR;JS LOG'), ('LESSOPEN', '| /usr/bin/env /usr/bin/lesspipe %s 2>/dev/null'), ('CONDA_PROMPT_MODIFIER', '(base)'), ('LC_TIME', 'it_IT.UTF-8'), ('USER', 'martina'), ('XDG_SESSION_TYPE', 'wayland'), ('GIT_ASKPASS', '/usr/share/code/resources/app/extensions/git/dist/askpass.sh'), ('SHLVL', '2'), ('LD_LIBRARY_PATH', '/opt/ros/humble/opt/rviz_ogre_vendor/lib:/opt/ros/humble/lib/x86_64-linux-gnu:/opt/ros/humble/lib::/home/martina/.mujoco/mujoco210/bin:/usr/lib/nvidia:~/anaconda3/lib'), ('HOME', '/home/martina'), ('OLDPWD', '/home/martina/rp_project/robot-programming-project/src/simple_robot'), ('CHROME_DESKTOP', 'code.desktop'), ('TERMINFO', '/home/martina/.terminfo'), ('LESS', '-iRFXMx4'), ('CONDA_SHLVL', '1'), ('DESKTOP_SESSION', 'ubuntu'), ('TERM_PROGRAM_VERSION', '1.97.2'), ('GIO_LAUNCHED_DESKTOP_FILE', '/usr/share/applications/code.desktop'), ('LSCOLORS', 'ExGxDxDxCxDxDxFxFxexEx'), ('GTK_MODULES', 'gail:atk-bridge'), ('GNOME_SHELL_SESSION_MODE', 'ubuntu'), ('VSCODE_GIT_ASKPASS_MAIN', '/usr/share/code/resources/app/extensions/git/dist/askpass-main.js'), ('PAGER', 'less'), ('ROS_PYTHON_VERSION', '3'), ('LC_MONETARY', 'it_IT.UTF-8'), ('MANAGERPID', '887'), ('VSCODE_GIT_ASKPASS_NODE', '/usr/share/code/code'), ('SYSTEMD_EXEC_PID', '1152'), ('DBUS_SESSION_BUS_ADDRESS', 'unix:path=/run/user/1000/bus'), ('P9K_TTY', 'old'), ('GIO_LAUNCHED_DESKTOP_FILE_PID', '3260'), ('COLORTERM', 'truecolor'), ('_CE_M', ''), ('WAYLAND_DISPLAY', 'wayland-0'), ('INFOPATH', ''), ('ROS_DISTRO', 'humble'), ('COLCON_PREFIX_PATH', '/home/martina/rp_project/robot-programming-project/install'), ('LOGNAME', 'martina'), ('_', '/usr/bin/colcon'), ('JOURNAL_STREAM', '8:11413'), ('_P9K_SSH_TTY', '/dev/pts/2'), ('XDG_SESSION_CLASS', 'user'), ('USER_ZDOTDIR', '/home/martina'), ('ROS_VERSION', '2'), ('USERNAME', 'martina'), ('TERM', 'xterm-256color'), ('GNOME_DESKTOP_SESSION_ID', 'this-is-deprecated'), ('_CE_CONDA', ''), ('ROS_LOCALHOST_ONLY', '0'), ('PATH', '/opt/ros/humble/bin:/home/martina/.local/bin:/home/martina/.local/bin:/usr/lib/ccache:.:/home/martina/.mujoco/mujoco210/bin:/usr/lib/nvidia:/home/martina/anaconda3/condabin:/home/martina/bin:/home/martina/.local/bin:/usr/local/sbin:/usr/local/bin:/usr/sbin:/usr/bin:/sbin:/bin:/usr/games:/usr/local/games:/snap/bin:/home/martina/.cache/zsh4humans/v5/fzf/bin:/home/martina/other/install/bin'), ('SESSION_MANAGER', 'local/Martina-ThinkPad-X1-Yoga:@/tmp/.ICE-unix/1105,unix/Martina-ThinkPad-X1-Yoga:/tmp/.ICE-unix/1105'), ('INVOCATION_ID', 'abb78b4b018940349bd4da4c8fed9753'), ('LC_ADDRESS', 'it_IT.UTF-8'), ('XDG_RUNTIME_DIR', '/run/user/1000'), ('XDG_MENU_PREFIX', 'gnome-'), ('GNOME_SETUP_DISPLAY', ':1'), ('GDK_BACKEND', 'x11'), ('DISPLAY', ':0'), ('LANG', 'en_US.UTF-8'), ('LC_TELEPHONE', 'it_IT.UTF-8'), ('XDG_CURRENT_DESKTOP', 'Unity'), ('VSCODE_INJECTION', '1'), ('LD_PRELOAD', ':/usr/lib/x86_64-linux-gnu/libGLEW.so'), ('XDG_SESSION_DESKTOP', 'ubuntu'), ('XMODIFIERS', '@im=ibus'), ('XAUTHORITY', '/run/user/1000/.mutter-Xwaylandauth.L52E22'), ('TERM_PROGRAM', 'vscode'), ('VSCODE_GIT_IPC_HANDLE', '/run/user/1000/vscode-git-f640f2b3f6.sock'), ('LS_COLORS', 'fi=00:mi=00:mh=00:ln=01;36:or=01;31:di=01;34:ow=04;01;34:st=34:tw=04;34:pi=01;33:so=01;33:do=01;33:bd=01;33:cd=01;33:su=01;35:sg=01;35:ca=01;35:ex=01;32:no=38;5;248'), ('TREE_COLORS', 'fi=00:mi=00:mh=00:ln=01;36:or=01;31:di=01;34:ow=01;34:st=34:tw=34:pi=01;33:so=01;33:do=01;33:bd=01;33:cd=01;33:su=01;35:sg=01;35:ca=01;35:ex=01;32'), ('SSH_AGENT_LAUNCHER', 'gnome-keyring'), ('SSH_AUTH_SOCK', '/run/user/1000/keyring/ssh'), ('ORIGINAL_XDG_CURRENT_DESKTOP', 'ubuntu:GNOME'), ('CONDA_PYTHON_EXE', '/home/martina/anaconda3/bin/python'), ('AMENT_PREFIX_PATH', '/home/martina/rp_project/robot-programming-project/install/simple_robot:/opt/ros/humble'), ('LC_NAME', 'it_IT.UTF-8'), ('SHELL', '/usr/local/bin/zsh'), ('DEST', '/home/martina/other/install'), ('QT_ACCESSIBILITY', '1'), ('GDMSESSION', 'ubuntu'), ('CONDA_DEFAULT_ENV', 'base'), ('LC_MEASUREMENT', 'it_IT.UTF-8'), ('LC_IDENTIFICATION', 'it_IT.UTF-8'), ('GJS_DEBUG_OUTPUT', 'stderr'), ('P9K_SSH', '0'), ('QT_IM_MODULE', 'ibus'), ('VSCODE_GIT_ASKPASS_EXTRA_ARGS', ''), ('VSCODE_NONCE', '052e925b-acb5-444f-b870-f20c06506941'), ('LC_ALL', 'en_US.UTF-8'), ('PWD', '/home/martina/rp_project/robot-programming-project/src/simple_robot/build/simple_robot'), ('GPG_TTY', '/dev/pts/2'), ('XDG_DATA_DIRS', '/usr/local/share/:/usr/share/:/var/lib/snapd/desktop'), ('ZDOTDIR', '/home/martina'), ('_P9K_TTY', '/dev/pts/2'), ('CONDA_EXE', '/home/martina/anaconda3/bin/conda'), ('LC_NUMERIC', 'it_IT.UTF-8'), ('PYTHONPATH', '/opt/ros/humble/lib/python3.10/site-packages:/opt/ros/humble/local/lib/python3.10/dist-packages:/home/martina/other/install/lib/python3.10/site-packages/'), ('LC_PAPER', 'it_IT.UTF-8'), ('CONDA_PREFIX', '/home/martina/anaconda3'), ('COLCON', '1'), ('MANPATH', '/usr/local/share/man:/home/martina/.cache/zsh4humans/v5/fzf/man:'), ('CMAKE_PREFIX_PATH', '/home/martina/rp_project/robot-programming-project/install/simple_robot:/opt/ros/humble')]), 'shell': False}
[37.159081] (simple_robot) StdoutLine: {'line': b'-- Install configuration: ""\n'}
[37.159927] (simple_robot) StdoutLine: {'line': b'-- Installing: /home/martina/rp_project/robot-programming-project/src/simple_robot/install/simple_robot/lib/simple_robot/robot_map_node\n'}
[37.175873] (simple_robot) StdoutLine: {'line': b'-- Set runtime path of "/home/martina/rp_project/robot-programming-project/src/simple_robot/install/simple_robot/lib/simple_robot/robot_map_node" to ""\n'}
[37.176362] (simple_robot) StdoutLine: {'line': b'-- Up-to-date: /home/martina/rp_project/robot-programming-project/src/simple_robot/install/simple_robot/share/ament_index/resource_index/package_run_dependencies/simple_robot\n'}
[37.176615] (simple_robot) StdoutLine: {'line': b'-- Up-to-date: /home/martina/rp_project/robot-programming-project/src/simple_robot/install/simple_robot/share/ament_index/resource_index/parent_prefix_path/simple_robot\n'}
[37.176832] (simple_robot) StdoutLine: {'line': b'-- Up-to-date: /home/martina/rp_project/robot-programming-project/src/simple_robot/install/simple_robot/share/simple_robot/environment/ament_prefix_path.sh\n'}
[37.177233] (simple_robot) StdoutLine: {'line': b'-- Installing: /home/martina/rp_project/robot-programming-project/src/simple_robot/install/simple_robot/share/simple_robot/environment/ament_prefix_path.dsv\n'}
[37.177700] (simple_robot) StdoutLine: {'line': b'-- Up-to-date: /home/martina/rp_project/robot-programming-project/src/simple_robot/install/simple_robot/share/simple_robot/environment/path.sh\n'}
[37.178326] (simple_robot) StdoutLine: {'line': b'-- Installing: /home/martina/rp_project/robot-programming-project/src/simple_robot/install/simple_robot/share/simple_robot/environment/path.dsv\n'}
[37.178831] (simple_robot) StdoutLine: {'line': b'-- Up-to-date: /home/martina/rp_project/robot-programming-project/src/simple_robot/install/simple_robot/share/simple_robot/local_setup.bash\n'}
[37.179337] (simple_robot) StdoutLine: {'line': b'-- Up-to-date: /home/martina/rp_project/robot-programming-project/src/simple_robot/install/simple_robot/share/simple_robot/local_setup.sh\n'}
[37.179779] (simple_robot) StdoutLine: {'line': b'-- Up-to-date: /home/martina/rp_project/robot-programming-project/src/simple_robot/install/simple_robot/share/simple_robot/local_setup.zsh\n'}
[37.180273] (simple_robot) StdoutLine: {'line': b'-- Installing: /home/martina/rp_project/robot-programming-project/src/simple_robot/install/simple_robot/share/simple_robot/local_setup.dsv\n'}
[37.180626] (simple_robot) StdoutLine: {'line': b'-- Installing: /home/martina/rp_project/robot-programming-project/src/simple_robot/install/simple_robot/share/simple_robot/package.dsv\n'}
[37.183590] (simple_robot) StdoutLine: {'line': b'-- Up-to-date: /home/martina/rp_project/robot-programming-project/src/simple_robot/install/simple_robot/share/ament_index/resource_index/packages/simple_robot\n'}
[37.184354] (simple_robot) StdoutLine: {'line': b'-- Up-to-date: /home/martina/rp_project/robot-programming-project/src/simple_robot/install/simple_robot/share/simple_robot/cmake/simple_robotConfig.cmake\n'}
[37.186155] (simple_robot) StdoutLine: {'line': b'-- Up-to-date: /home/martina/rp_project/robot-programming-project/src/simple_robot/install/simple_robot/share/simple_robot/cmake/simple_robotConfig-version.cmake\n'}
[37.186815] (simple_robot) StdoutLine: {'line': b'-- Up-to-date: /home/martina/rp_project/robot-programming-project/src/simple_robot/install/simple_robot/share/simple_robot/package.xml\n'}
[37.187474] (simple_robot) CommandEnded: {'returncode': 0}
[37.190519] (-) TimerEvent: {}
[37.222460] (simple_robot) JobEnded: {'identifier': 'simple_robot', 'rc': 0}
[37.223634] (-) EventReactorShutdown: {}
