[0.030s] Invoking command in '/home/martina/rp_project/robot-programming-project/src/simple_robot/build/simple_robot': CMAKE_PREFIX_PATH=${CMAKE_PREFIX_PATH}:/opt/ros/humble CONDA_PROMPT_MODIFIER=(base) /usr/bin/cmake /home/martina/rp_project/robot-programming-project/src/simple_robot -DCMAKE_INSTALL_PREFIX=/home/martina/rp_project/robot-programming-project/src/simple_robot/install/simple_robot
[0.237s] -- The C compiler identification is GNU 11.4.0
[0.401s] -- The CXX compiler identification is GNU 11.4.0
[0.434s] -- Detecting C compiler ABI info
[0.658s] -- Detecting C compiler ABI info - done
[0.682s] -- Check for working C compiler: /usr/lib/ccache/cc - skipped
[0.684s] -- Detecting C compile features
[0.685s] -- Detecting C compile features - done
[0.692s] -- Detecting CXX compiler ABI info
[0.930s] -- Detecting CXX compiler ABI info - done
[0.950s] -- Check for working CXX compiler: /usr/lib/ccache/c++ - skipped
[0.953s] -- Detecting CXX compile features
[0.954s] -- Detecting CXX compile features - done
[0.981s] -- Found OpenCV: /usr (found suitable version "4.5.4", minimum required is "4.5.4") 
[0.988s] -- Found ament_cmake: 1.3.11 (/opt/ros/humble/share/ament_cmake/cmake)
[1.359s] -- Found Python3: /usr/bin/python3 (found version "3.10.12") found components: Interpreter 
[1.543s] -- Found rclcpp: 16.0.11 (/opt/ros/humble/share/rclcpp/cmake)
[1.632s] -- Found rosidl_generator_c: 3.1.6 (/opt/ros/humble/share/rosidl_generator_c/cmake)
[1.645s] -- Found rosidl_adapter: 3.1.6 (/opt/ros/humble/share/rosidl_adapter/cmake)
[1.666s] -- Found rosidl_generator_cpp: 3.1.6 (/opt/ros/humble/share/rosidl_generator_cpp/cmake)
[1.698s] -- Using all available rosidl_typesupport_c: rosidl_typesupport_fastrtps_c;rosidl_typesupport_introspection_c
[1.749s] -- Using all available rosidl_typesupport_cpp: rosidl_typesupport_fastrtps_cpp;rosidl_typesupport_introspection_cpp
[1.861s] -- Found rmw_implementation_cmake: 6.1.2 (/opt/ros/humble/share/rmw_implementation_cmake/cmake)
[1.867s] -- Found rmw_fastrtps_cpp: 6.2.7 (/opt/ros/humble/share/rmw_fastrtps_cpp/cmake)
[2.127s] -- Found OpenSSL: /usr/lib/x86_64-linux-gnu/libcrypto.so (found version "3.0.2")  
[2.182s] -- Found FastRTPS: /opt/ros/humble/include  
[2.273s] -- Using RMW implementation 'rmw_fastrtps_cpp' as default
[2.289s] -- Looking for pthread.h
[2.459s] -- Looking for pthread.h - found
[2.459s] -- Performing Test CMAKE_HAVE_LIBC_PTHREAD
[2.731s] -- Performing Test CMAKE_HAVE_LIBC_PTHREAD - Success
[2.749s] -- Found Threads: TRUE  
[3.165s] -- Found geometry_msgs: 4.2.4 (/opt/ros/humble/share/geometry_msgs/cmake)
[3.201s] -- Found sensor_msgs: 4.2.4 (/opt/ros/humble/share/sensor_msgs/cmake)
[3.244s] -- Found nav_msgs: 4.2.4 (/opt/ros/humble/share/nav_msgs/cmake)
[3.321s] -- Found OpenCV: /usr (found version "4.5.4") 
[3.528s] -- DATA_DIR: /home/martina/rp_project/robot-programming-project/src/simple_robot/data
[3.529s] -- Configuring done
[3.603s] -- Generating done
[3.619s] -- Build files have been written to: /home/martina/rp_project/robot-programming-project/src/simple_robot/build/simple_robot
[3.657s] Invoked command in '/home/martina/rp_project/robot-programming-project/src/simple_robot/build/simple_robot' returned '0': CMAKE_PREFIX_PATH=${CMAKE_PREFIX_PATH}:/opt/ros/humble CONDA_PROMPT_MODIFIER=(base) /usr/bin/cmake /home/martina/rp_project/robot-programming-project/src/simple_robot -DCMAKE_INSTALL_PREFIX=/home/martina/rp_project/robot-programming-project/src/simple_robot/install/simple_robot
[3.659s] Invoking command in '/home/martina/rp_project/robot-programming-project/src/simple_robot/build/simple_robot': CMAKE_PREFIX_PATH=${CMAKE_PREFIX_PATH}:/opt/ros/humble CONDA_PROMPT_MODIFIER=(base) /usr/bin/cmake --build /home/martina/rp_project/robot-programming-project/src/simple_robot/build/simple_robot -- -j4 -l4
[3.791s] [35m[1mConsolidate compiler generated dependencies of target robot_map_node[0m
[3.791s] [35m[1mConsolidate compiler generated dependencies of target grid_map[0m
[3.880s] [  8%] [32mBuilding CXX object CMakeFiles/robot_map_node.dir/src/main.cpp.o[0m
[3.882s] [ 16%] [32mBuilding CXX object src/CMakeFiles/grid_map.dir/main.cpp.o[0m
[18.861s] [01m[K/home/martina/rp_project/robot-programming-project/src/simple_robot/src/main.cpp:[m[K In constructor ‘[01m[KMapNode::MapNode()[m[K’:
[18.861s] [01m[K/home/martina/rp_project/robot-programming-project/src/simple_robot/src/main.cpp:88:32:[m[K [01;31m[Kerror: [m[Kno matching function for call to ‘[01m[KGridMap::GridMap()[m[K’
[18.861s]    88 |     MapNode() : Node("map_node"[01;31m[K)[m[K {
[18.862s]       |                                [01;31m[K^[m[K
[18.862s] In file included from [01m[K/home/martina/rp_project/robot-programming-project/src/simple_robot/src/main.cpp:8[m[K:
[18.862s] [01m[K/home/martina/rp_project/robot-programming-project/src/simple_robot/src/../include/grid_map.h:20:3:[m[K [01;36m[Knote: [m[Kcandidate: ‘[01m[KGridMap::GridMap(int, int, float)[m[K’
[18.862s]    20 |   [01;36m[KGridMap[m[K(int rows, int cols, float resolution);
[18.862s]       |   [01;36m[K^~~~~~~[m[K
[18.862s] [01m[K/home/martina/rp_project/robot-programming-project/src/simple_robot/src/../include/grid_map.h:20:3:[m[K [01;36m[Knote: [m[K  candidate expects 3 arguments, 0 provided
[18.862s] [01m[K/home/martina/rp_project/robot-programming-project/src/simple_robot/src/../include/grid_map.h:17:8:[m[K [01;36m[Knote: [m[Kcandidate: ‘[01m[KGridMap::GridMap(const GridMap&)[m[K’
[18.863s]    17 | struct [01;36m[KGridMap[m[K: public Grid_<uint8_t> {
[18.863s]       |        [01;36m[K^~~~~~~[m[K
[18.863s] [01m[K/home/martina/rp_project/robot-programming-project/src/simple_robot/src/../include/grid_map.h:17:8:[m[K [01;36m[Knote: [m[K  candidate expects 1 argument, 0 provided
[18.863s] [01m[K/home/martina/rp_project/robot-programming-project/src/simple_robot/src/../include/grid_map.h:17:8:[m[K [01;36m[Knote: [m[Kcandidate: ‘[01m[KGridMap::GridMap(GridMap&&)[m[K’
[18.863s] [01m[K/home/martina/rp_project/robot-programming-project/src/simple_robot/src/../include/grid_map.h:17:8:[m[K [01;36m[Knote: [m[K  candidate expects 1 argument, 0 provided
[18.865s] gmake[2]: *** [CMakeFiles/robot_map_node.dir/build.make:132: CMakeFiles/robot_map_node.dir/src/main.cpp.o] Error 1
[18.865s] gmake[1]: *** [CMakeFiles/Makefile2:154: CMakeFiles/robot_map_node.dir/all] Error 2
[18.865s] gmake[1]: *** Waiting for unfinished jobs....
[19.059s] [01m[K/home/martina/rp_project/robot-programming-project/src/simple_robot/src/main.cpp:[m[K In constructor ‘[01m[KMapNode::MapNode()[m[K’:
[19.059s] [01m[K/home/martina/rp_project/robot-programming-project/src/simple_robot/src/main.cpp:88:32:[m[K [01;31m[Kerror: [m[Kno matching function for call to ‘[01m[KGridMap::GridMap()[m[K’
[19.059s]    88 |     MapNode() : Node("map_node"[01;31m[K)[m[K {
[19.059s]       |                                [01;31m[K^[m[K
[19.059s] In file included from [01m[K/home/martina/rp_project/robot-programming-project/src/simple_robot/src/main.cpp:8[m[K:
[19.059s] [01m[K/home/martina/rp_project/robot-programming-project/src/simple_robot/src/../include/grid_map.h:20:3:[m[K [01;36m[Knote: [m[Kcandidate: ‘[01m[KGridMap::GridMap(int, int, float)[m[K’
[19.060s]    20 |   [01;36m[KGridMap[m[K(int rows, int cols, float resolution);
[19.060s]       |   [01;36m[K^~~~~~~[m[K
[19.060s] [01m[K/home/martina/rp_project/robot-programming-project/src/simple_robot/src/../include/grid_map.h:20:3:[m[K [01;36m[Knote: [m[K  candidate expects 3 arguments, 0 provided
[19.060s] [01m[K/home/martina/rp_project/robot-programming-project/src/simple_robot/src/../include/grid_map.h:17:8:[m[K [01;36m[Knote: [m[Kcandidate: ‘[01m[KGridMap::GridMap(const GridMap&)[m[K’
[19.060s]    17 | struct [01;36m[KGridMap[m[K: public Grid_<uint8_t> {
[19.060s]       |        [01;36m[K^~~~~~~[m[K
[19.061s] [01m[K/home/martina/rp_project/robot-programming-project/src/simple_robot/src/../include/grid_map.h:17:8:[m[K [01;36m[Knote: [m[K  candidate expects 1 argument, 0 provided
[19.061s] [01m[K/home/martina/rp_project/robot-programming-project/src/simple_robot/src/../include/grid_map.h:17:8:[m[K [01;36m[Knote: [m[Kcandidate: ‘[01m[KGridMap::GridMap(GridMap&&)[m[K’
[19.061s] [01m[K/home/martina/rp_project/robot-programming-project/src/simple_robot/src/../include/grid_map.h:17:8:[m[K [01;36m[Knote: [m[K  candidate expects 1 argument, 0 provided
[19.064s] gmake[2]: *** [src/CMakeFiles/grid_map.dir/build.make:132: src/CMakeFiles/grid_map.dir/main.cpp.o] Error 1
[19.066s] gmake[1]: *** [CMakeFiles/Makefile2:180: src/CMakeFiles/grid_map.dir/all] Error 2
[19.066s] gmake: *** [Makefile:146: all] Error 2
[19.073s] Invoked command in '/home/martina/rp_project/robot-programming-project/src/simple_robot/build/simple_robot' returned '2': CMAKE_PREFIX_PATH=${CMAKE_PREFIX_PATH}:/opt/ros/humble CONDA_PROMPT_MODIFIER=(base) /usr/bin/cmake --build /home/martina/rp_project/robot-programming-project/src/simple_robot/build/simple_robot -- -j4 -l4
