[01m[K/home/martina/rp_project/robot-programming-project/src/simple_robot/src/main.cpp:[m[K In member function ‘[01m[Kvoid KeyboardControlNode::key_callback(std_msgs::msg::Int32_<std::allocator<void> >::SharedPtr)[m[K’:
[01m[K/home/martina/rp_project/robot-programming-project/src/simple_robot/src/main.cpp:47:13:[m[K [01;31m[Kerror: [m[Kjump to case label
   47 |             [01;31m[Kdefault[m[K:
      |             [01;31m[K^~~~~~~[m[K
[01m[K/home/martina/rp_project/robot-programming-project/src/simple_robot/src/main.cpp:43:22:[m[K [01;36m[Knote: [m[K  crosses initialization of ‘[01m[Kstd_msgs::msg::Int32_<std::allocator<void> > laser_msg[m[K’
   43 |                 auto [01;36m[Klaser_msg[m[K = std_msgs::msg::Int32();
      |                      [01;36m[K^~~~~~~~~[m[K
gmake[2]: *** [src/CMakeFiles/grid_map.dir/build.make:132: src/CMakeFiles/grid_map.dir/main.cpp.o] Error 1
gmake[1]: *** [CMakeFiles/Makefile2:180: src/CMakeFiles/grid_map.dir/all] Error 2
gmake[1]: *** Waiting for unfinished jobs....
[01m[K/home/martina/rp_project/robot-programming-project/src/simple_robot/src/main.cpp:[m[K In member function ‘[01m[Kvoid KeyboardControlNode::key_callback(std_msgs::msg::Int32_<std::allocator<void> >::SharedPtr)[m[K’:
[01m[K/home/martina/rp_project/robot-programming-project/src/simple_robot/src/main.cpp:47:13:[m[K [01;31m[Kerror: [m[Kjump to case label
   47 |             [01;31m[Kdefault[m[K:
      |             [01;31m[K^~~~~~~[m[K
[01m[K/home/martina/rp_project/robot-programming-project/src/simple_robot/src/main.cpp:43:22:[m[K [01;36m[Knote: [m[K  crosses initialization of ‘[01m[Kstd_msgs::msg::Int32_<std::allocator<void> > laser_msg[m[K’
   43 |                 auto [01;36m[Klaser_msg[m[K = std_msgs::msg::Int32();
      |                      [01;36m[K^~~~~~~~~[m[K
gmake[2]: *** [CMakeFiles/robot_map_node.dir/build.make:132: CMakeFiles/robot_map_node.dir/src/main.cpp.o] Error 1
gmake[1]: *** [CMakeFiles/Makefile2:154: CMakeFiles/robot_map_node.dir/all] Error 2
gmake: *** [Makefile:146: all] Error 2
