[0.034s] Invoking command in '/home/martina/rp_project/robot-programming-project/src/simple_robot/build/simple_robot': CMAKE_PREFIX_PATH=${CMAKE_PREFIX_PATH}:/opt/ros/humble CONDA_PROMPT_MODIFIER=(base) /usr/bin/cmake /home/martina/rp_project/robot-programming-project/src/simple_robot -DCMAKE_INSTALL_PREFIX=/home/martina/rp_project/robot-programming-project/src/simple_robot/install/simple_robot
[0.222s] -- The C compiler identification is GNU 11.4.0
[0.425s] -- The CXX compiler identification is GNU 11.4.0
[0.460s] -- Detecting C compiler ABI info
[0.630s] -- Detecting C compiler ABI info - done
[0.660s] -- Check for working C compiler: /usr/lib/ccache/cc - skipped
[0.664s] -- Detecting C compile features
[0.664s] -- Detecting C compile features - done
[0.667s] -- Detecting CXX compiler ABI info
[0.908s] -- Detecting CXX compiler ABI info - done
[0.940s] -- Check for working CXX compiler: /usr/lib/ccache/c++ - skipped
[0.941s] -- Detecting CXX compile features
[0.942s] -- Detecting CXX compile features - done
[0.983s] -- Found OpenCV: /usr (found suitable version "4.5.4", minimum required is "4.5.4") 
[0.988s] -- Found ament_cmake: 1.3.11 (/opt/ros/humble/share/ament_cmake/cmake)
[1.353s] -- Found Python3: /usr/bin/python3 (found version "3.10.12") found components: Interpreter 
[1.610s] -- Found rclcpp: 16.0.11 (/opt/ros/humble/share/rclcpp/cmake)
[1.713s] -- Found rosidl_generator_c: 3.1.6 (/opt/ros/humble/share/rosidl_generator_c/cmake)
[1.727s] -- Found rosidl_adapter: 3.1.6 (/opt/ros/humble/share/rosidl_adapter/cmake)
[1.749s] -- Found rosidl_generator_cpp: 3.1.6 (/opt/ros/humble/share/rosidl_generator_cpp/cmake)
[1.778s] -- Using all available rosidl_typesupport_c: rosidl_typesupport_fastrtps_c;rosidl_typesupport_introspection_c
[1.810s] -- Using all available rosidl_typesupport_cpp: rosidl_typesupport_fastrtps_cpp;rosidl_typesupport_introspection_cpp
[1.902s] -- Found rmw_implementation_cmake: 6.1.2 (/opt/ros/humble/share/rmw_implementation_cmake/cmake)
[1.909s] -- Found rmw_fastrtps_cpp: 6.2.7 (/opt/ros/humble/share/rmw_fastrtps_cpp/cmake)
[2.197s] -- Found OpenSSL: /usr/lib/x86_64-linux-gnu/libcrypto.so (found version "3.0.2")  
[2.268s] -- Found FastRTPS: /opt/ros/humble/include  
[2.382s] -- Using RMW implementation 'rmw_fastrtps_cpp' as default
[2.400s] -- Looking for pthread.h
[2.629s] -- Looking for pthread.h - found
[2.629s] -- Performing Test CMAKE_HAVE_LIBC_PTHREAD
[2.879s] -- Performing Test CMAKE_HAVE_LIBC_PTHREAD - Success
[2.883s] -- Found Threads: TRUE  
[3.063s] -- Found geometry_msgs: 4.2.4 (/opt/ros/humble/share/geometry_msgs/cmake)
[3.104s] -- Found sensor_msgs: 4.2.4 (/opt/ros/humble/share/sensor_msgs/cmake)
[3.153s] -- Found nav_msgs: 4.2.4 (/opt/ros/humble/share/nav_msgs/cmake)
[3.210s] -- Found OpenCV: /usr (found version "4.5.4") 
[3.402s] -- DATA_DIR: /home/martina/rp_project/robot-programming-project/src/simple_robot/data
[3.402s] -- Configuring done
[3.454s] -- Generating done
[3.472s] -- Build files have been written to: /home/martina/rp_project/robot-programming-project/src/simple_robot/build/simple_robot
[3.515s] Invoked command in '/home/martina/rp_project/robot-programming-project/src/simple_robot/build/simple_robot' returned '0': CMAKE_PREFIX_PATH=${CMAKE_PREFIX_PATH}:/opt/ros/humble CONDA_PROMPT_MODIFIER=(base) /usr/bin/cmake /home/martina/rp_project/robot-programming-project/src/simple_robot -DCMAKE_INSTALL_PREFIX=/home/martina/rp_project/robot-programming-project/src/simple_robot/install/simple_robot
[3.516s] Invoking command in '/home/martina/rp_project/robot-programming-project/src/simple_robot/build/simple_robot': CMAKE_PREFIX_PATH=${CMAKE_PREFIX_PATH}:/opt/ros/humble CONDA_PROMPT_MODIFIER=(base) /usr/bin/cmake --build /home/martina/rp_project/robot-programming-project/src/simple_robot/build/simple_robot -- -j4 -l4
[3.787s] [35m[1mConsolidate compiler generated dependencies of target grid_map[0m
[3.837s] [35m[1mConsolidate compiler generated dependencies of target robot_map_node[0m
[3.927s] [  8%] [32mBuilding CXX object src/CMakeFiles/grid_map.dir/main.cpp.o[0m
[4.058s] [ 16%] [32mBuilding CXX object CMakeFiles/robot_map_node.dir/src/main.cpp.o[0m
[21.987s] [01m[K/home/martina/rp_project/robot-programming-project/src/simple_robot/src/main.cpp:[m[K In constructor ‘[01m[KMapNode::MapNode()[m[K’:
[21.988s] [01m[K/home/martina/rp_project/robot-programming-project/src/simple_robot/src/main.cpp:170:9:[m[K [01;31m[Kerror: [m[K‘[01m[Kanvas_timer_[m[K’ was not declared in this scope; did you mean ‘[01m[Kcanvas_timer_[m[K’?
[21.988s]   170 |         [01;31m[Kanvas_timer_[m[K = this->create_wall_timer(
[21.988s]       |         [01;31m[K^~~~~~~~~~~~[m[K
[21.988s]       |         [32m[Kcanvas_timer_[m[K
[21.995s] gmake[2]: *** [src/CMakeFiles/grid_map.dir/build.make:132: src/CMakeFiles/grid_map.dir/main.cpp.o] Error 1
[21.995s] gmake[1]: *** [CMakeFiles/Makefile2:180: src/CMakeFiles/grid_map.dir/all] Error 2
[21.996s] gmake[1]: *** Waiting for unfinished jobs....
[22.123s] [01m[K/home/martina/rp_project/robot-programming-project/src/simple_robot/src/main.cpp:[m[K In constructor ‘[01m[KMapNode::MapNode()[m[K’:
[22.124s] [01m[K/home/martina/rp_project/robot-programming-project/src/simple_robot/src/main.cpp:170:9:[m[K [01;31m[Kerror: [m[K‘[01m[Kanvas_timer_[m[K’ was not declared in this scope; did you mean ‘[01m[Kcanvas_timer_[m[K’?
[22.124s]   170 |         [01;31m[Kanvas_timer_[m[K = this->create_wall_timer(
[22.124s]       |         [01;31m[K^~~~~~~~~~~~[m[K
[22.124s]       |         [32m[Kcanvas_timer_[m[K
[22.129s] gmake[2]: *** [CMakeFiles/robot_map_node.dir/build.make:132: CMakeFiles/robot_map_node.dir/src/main.cpp.o] Error 1
[22.130s] gmake[1]: *** [CMakeFiles/Makefile2:154: CMakeFiles/robot_map_node.dir/all] Error 2
[22.131s] gmake: *** [Makefile:146: all] Error 2
[22.134s] Invoked command in '/home/martina/rp_project/robot-programming-project/src/simple_robot/build/simple_robot' returned '2': CMAKE_PREFIX_PATH=${CMAKE_PREFIX_PATH}:/opt/ros/humble CONDA_PROMPT_MODIFIER=(base) /usr/bin/cmake --build /home/martina/rp_project/robot-programming-project/src/simple_robot/build/simple_robot -- -j4 -l4
