[0.024s] Invoking command in '/home/martina/rp_project/robot-programming-project/src/simple_robot/build/simple_robot': CMAKE_PREFIX_PATH=${CMAKE_PREFIX_PATH}:/opt/ros/humble CONDA_PROMPT_MODIFIER=(base) /usr/bin/cmake /home/martina/rp_project/robot-programming-project/src/simple_robot -DCMAKE_INSTALL_PREFIX=/home/martina/rp_project/robot-programming-project/src/simple_robot/install/simple_robot
[0.148s] -- The C compiler identification is GNU 11.4.0
[0.279s] -- The CXX compiler identification is GNU 11.4.0
[0.307s] -- Detecting C compiler ABI info
[0.484s] -- Detecting C compiler ABI info - done
[0.499s] -- Check for working C compiler: /usr/lib/ccache/cc - skipped
[0.502s] -- Detecting C compile features
[0.502s] -- Detecting C compile features - done
[0.506s] -- Detecting CXX compiler ABI info
[0.694s] -- Detecting CXX compiler ABI info - done
[0.713s] -- Check for working CXX compiler: /usr/lib/ccache/c++ - skipped
[0.714s] -- Detecting CXX compile features
[0.715s] -- Detecting CXX compile features - done
[0.729s] -- Found OpenCV: /usr (found suitable version "4.5.4", minimum required is "4.5.4") 
[0.732s] -- Found ament_cmake: 1.3.11 (/opt/ros/humble/share/ament_cmake/cmake)
[0.997s] -- Found Python3: /usr/bin/python3 (found version "3.10.12") found components: Interpreter 
[1.152s] -- Found rclcpp: 16.0.11 (/opt/ros/humble/share/rclcpp/cmake)
[1.230s] -- Found rosidl_generator_c: 3.1.6 (/opt/ros/humble/share/rosidl_generator_c/cmake)
[1.239s] -- Found rosidl_adapter: 3.1.6 (/opt/ros/humble/share/rosidl_adapter/cmake)
[1.255s] -- Found rosidl_generator_cpp: 3.1.6 (/opt/ros/humble/share/rosidl_generator_cpp/cmake)
[1.280s] -- Using all available rosidl_typesupport_c: rosidl_typesupport_fastrtps_c;rosidl_typesupport_introspection_c
[1.312s] -- Using all available rosidl_typesupport_cpp: rosidl_typesupport_fastrtps_cpp;rosidl_typesupport_introspection_cpp
[1.386s] -- Found rmw_implementation_cmake: 6.1.2 (/opt/ros/humble/share/rmw_implementation_cmake/cmake)
[1.390s] -- Found rmw_fastrtps_cpp: 6.2.7 (/opt/ros/humble/share/rmw_fastrtps_cpp/cmake)
[1.606s] -- Found OpenSSL: /usr/lib/x86_64-linux-gnu/libcrypto.so (found version "3.0.2")  
[1.662s] -- Found FastRTPS: /opt/ros/humble/include  
[1.739s] -- Using RMW implementation 'rmw_fastrtps_cpp' as default
[1.754s] -- Looking for pthread.h
[1.894s] -- Looking for pthread.h - found
[1.895s] -- Performing Test CMAKE_HAVE_LIBC_PTHREAD
[2.042s] -- Performing Test CMAKE_HAVE_LIBC_PTHREAD - Success
[2.044s] -- Found Threads: TRUE  
[2.162s] -- Found geometry_msgs: 4.2.4 (/opt/ros/humble/share/geometry_msgs/cmake)
[2.208s] -- Found OpenCV: /usr (found version "4.5.4") 
[2.321s] -- DATA_DIR: /home/martina/rp_project/robot-programming-project/src/simple_robot/data
[2.322s] -- Configuring done
[2.382s] -- Generating done
[2.400s] -- Build files have been written to: /home/martina/rp_project/robot-programming-project/src/simple_robot/build/simple_robot
[2.423s] Invoked command in '/home/martina/rp_project/robot-programming-project/src/simple_robot/build/simple_robot' returned '0': CMAKE_PREFIX_PATH=${CMAKE_PREFIX_PATH}:/opt/ros/humble CONDA_PROMPT_MODIFIER=(base) /usr/bin/cmake /home/martina/rp_project/robot-programming-project/src/simple_robot -DCMAKE_INSTALL_PREFIX=/home/martina/rp_project/robot-programming-project/src/simple_robot/install/simple_robot
[2.428s] Invoking command in '/home/martina/rp_project/robot-programming-project/src/simple_robot/build/simple_robot': CMAKE_PREFIX_PATH=${CMAKE_PREFIX_PATH}:/opt/ros/humble CONDA_PROMPT_MODIFIER=(base) /usr/bin/cmake --build /home/martina/rp_project/robot-programming-project/src/simple_robot/build/simple_robot -- -j4 -l4
[2.526s] [35m[1mConsolidate compiler generated dependencies of target robot_map_node[0m
[2.527s] [35m[1mConsolidate compiler generated dependencies of target grid_map[0m
[2.607s] [  5%] [32mBuilding CXX object src/CMakeFiles/grid_map.dir/grid_map.cpp.o[0m
[2.608s] [ 11%] [32mBuilding CXX object CMakeFiles/robot_map_node.dir/src/grid_map.cpp.o[0m
[2.624s] [ 17%] [32mBuilding CXX object src/CMakeFiles/grid_map.dir/map_utils.cpp.o[0m
[2.644s] [ 23%] [32mBuilding CXX object CMakeFiles/robot_map_node.dir/src/robot.cpp.o[0m
[2.749s] [ 29%] [32mBuilding CXX object src/CMakeFiles/grid_map.dir/robot.cpp.o[0m
[2.776s] [ 35%] [32mBuilding CXX object CMakeFiles/robot_map_node.dir/src/dmap.cpp.o[0m
[3.653s] [ 41%] [32mBuilding CXX object src/CMakeFiles/grid_map.dir/dmap.cpp.o[0m
[3.716s] [ 47%] [32mBuilding CXX object CMakeFiles/robot_map_node.dir/src/map_utils.cpp.o[0m
[3.930s] [ 52%] [32mBuilding CXX object src/CMakeFiles/grid_map.dir/main.cpp.o[0m
[3.985s] [ 58%] [32mBuilding CXX object src/CMakeFiles/grid_map.dir/robot_node.cpp.o[0m
[4.332s] [ 64%] [32mBuilding CXX object CMakeFiles/robot_map_node.dir/src/main.cpp.o[0m
[5.371s] [ 70%] [32m[1mLinking CXX executable robot_map_node[0m
[5.554s] [01m[K/home/martina/rp_project/robot-programming-project/src/simple_robot/src/main.cpp:2:10:[m[K [01;31m[Kfatal error: [m[Kstd_msgs/msg/float32.hpp: No such file or directory
[5.554s]     2 | #include [01;31m[K"std_msgs/msg/float32.hpp"[m[K
[5.554s]       |          [01;31m[K^~~~~~~~~~~~~~~~~~~~~~~~~~[m[K
[5.554s] compilation terminated.
[5.565s] gmake[2]: *** [src/CMakeFiles/grid_map.dir/build.make:132: src/CMakeFiles/grid_map.dir/main.cpp.o] Error 1
[5.565s] gmake[2]: *** Waiting for unfinished jobs....
[5.576s] [01m[K/home/martina/rp_project/robot-programming-project/src/simple_robot/src/robot_node.cpp:2:10:[m[K [01;31m[Kfatal error: [m[Kstd_msgs/msg/float32.hpp: No such file or directory
[5.576s]     2 | #include [01;31m[K"std_msgs/msg/float32.hpp"[m[K
[5.576s]       |          [01;31m[K^~~~~~~~~~~~~~~~~~~~~~~~~~[m[K
[5.577s] compilation terminated.
[5.581s] gmake[2]: *** [src/CMakeFiles/grid_map.dir/build.make:146: src/CMakeFiles/grid_map.dir/robot_node.cpp.o] Error 1
[5.584s] gmake[1]: *** [CMakeFiles/Makefile2:200: src/CMakeFiles/grid_map.dir/all] Error 2
[5.584s] gmake[1]: *** Waiting for unfinished jobs....
[7.095s] [ 70%] Built target robot_map_node
[7.098s] gmake: *** [Makefile:146: all] Error 2
[7.110s] Invoked command in '/home/martina/rp_project/robot-programming-project/src/simple_robot/build/simple_robot' returned '2': CMAKE_PREFIX_PATH=${CMAKE_PREFIX_PATH}:/opt/ros/humble CONDA_PROMPT_MODIFIER=(base) /usr/bin/cmake --build /home/martina/rp_project/robot-programming-project/src/simple_robot/build/simple_robot -- -j4 -l4
