[0.024s] Invoking command in '/home/martina/rp_project/robot-programming-project/src/simple_robot/build/simple_robot': CMAKE_PREFIX_PATH=${CMAKE_PREFIX_PATH}:/opt/ros/humble CONDA_PROMPT_MODIFIER=(base) /usr/bin/cmake /home/martina/rp_project/robot-programming-project/src/simple_robot -DCMAKE_INSTALL_PREFIX=/home/martina/rp_project/robot-programming-project/src/simple_robot/install/simple_robot
[0.145s] -- The C compiler identification is GNU 11.4.0
[0.279s] -- The CXX compiler identification is GNU 11.4.0
[0.303s] -- Detecting C compiler ABI info
[0.455s] -- Detecting C compiler ABI info - done
[0.473s] -- Check for working C compiler: /usr/lib/ccache/cc - skipped
[0.474s] -- Detecting C compile features
[0.475s] -- Detecting C compile features - done
[0.483s] -- Detecting CXX compiler ABI info
[0.658s] -- Detecting CXX compiler ABI info - done
[0.674s] -- Check for working CXX compiler: /usr/lib/ccache/c++ - skipped
[0.674s] -- Detecting CXX compile features
[0.675s] -- Detecting CXX compile features - done
[0.693s] -- Found OpenCV: /usr (found suitable version "4.5.4", minimum required is "4.5.4") 
[0.696s] -- Found ament_cmake: 1.3.11 (/opt/ros/humble/share/ament_cmake/cmake)
[0.960s] -- Found Python3: /usr/bin/python3 (found version "3.10.12") found components: Interpreter 
[1.101s] -- Found rclcpp: 16.0.11 (/opt/ros/humble/share/rclcpp/cmake)
[1.167s] -- Found rosidl_generator_c: 3.1.6 (/opt/ros/humble/share/rosidl_generator_c/cmake)
[1.174s] -- Found rosidl_adapter: 3.1.6 (/opt/ros/humble/share/rosidl_adapter/cmake)
[1.188s] -- Found rosidl_generator_cpp: 3.1.6 (/opt/ros/humble/share/rosidl_generator_cpp/cmake)
[1.212s] -- Using all available rosidl_typesupport_c: rosidl_typesupport_fastrtps_c;rosidl_typesupport_introspection_c
[1.252s] -- Using all available rosidl_typesupport_cpp: rosidl_typesupport_fastrtps_cpp;rosidl_typesupport_introspection_cpp
[1.323s] -- Found rmw_implementation_cmake: 6.1.2 (/opt/ros/humble/share/rmw_implementation_cmake/cmake)
[1.328s] -- Found rmw_fastrtps_cpp: 6.2.7 (/opt/ros/humble/share/rmw_fastrtps_cpp/cmake)
[1.539s] -- Found OpenSSL: /usr/lib/x86_64-linux-gnu/libcrypto.so (found version "3.0.2")  
[1.594s] -- Found FastRTPS: /opt/ros/humble/include  
[1.676s] -- Using RMW implementation 'rmw_fastrtps_cpp' as default
[1.689s] -- Looking for pthread.h
[1.864s] -- Looking for pthread.h - found
[1.864s] -- Performing Test CMAKE_HAVE_LIBC_PTHREAD
[2.008s] -- Performing Test CMAKE_HAVE_LIBC_PTHREAD - Success
[2.011s] -- Found Threads: TRUE  
[2.148s] -- Found geometry_msgs: 4.2.4 (/opt/ros/humble/share/geometry_msgs/cmake)
[2.180s] -- Found OpenCV: /usr (found version "4.5.4") 
[2.296s] -- DATA_DIR: /home/martina/rp_project/robot-programming-project/src/simple_robot/data
[2.296s] -- Configuring done
[2.368s] -- Generating done
[2.392s] -- Build files have been written to: /home/martina/rp_project/robot-programming-project/src/simple_robot/build/simple_robot
[2.416s] Invoked command in '/home/martina/rp_project/robot-programming-project/src/simple_robot/build/simple_robot' returned '0': CMAKE_PREFIX_PATH=${CMAKE_PREFIX_PATH}:/opt/ros/humble CONDA_PROMPT_MODIFIER=(base) /usr/bin/cmake /home/martina/rp_project/robot-programming-project/src/simple_robot -DCMAKE_INSTALL_PREFIX=/home/martina/rp_project/robot-programming-project/src/simple_robot/install/simple_robot
[2.421s] Invoking command in '/home/martina/rp_project/robot-programming-project/src/simple_robot/build/simple_robot': CMAKE_PREFIX_PATH=${CMAKE_PREFIX_PATH}:/opt/ros/humble CONDA_PROMPT_MODIFIER=(base) /usr/bin/cmake --build /home/martina/rp_project/robot-programming-project/src/simple_robot/build/simple_robot -- -j4 -l4
[2.523s] [35m[1mConsolidate compiler generated dependencies of target grid_map[0m
[2.524s] [35m[1mConsolidate compiler generated dependencies of target robot_node[0m
[2.531s] [35m[1mConsolidate compiler generated dependencies of target robot_map_node[0m
[2.609s] [  4%] [32mBuilding CXX object CMakeFiles/robot_node.dir/src/map_utils.cpp.o[0m
[2.626s] [  9%] [32m[1mLinking CXX shared library libgrid_map.so[0m
[2.644s] [ 14%] [32m[1mLinking CXX executable robot_map_node[0m
[2.940s] /usr/bin/ld: CMakeFiles/grid_map.dir/robot_node.cpp.o: in function `main':
[2.946s] robot_node.cpp:(.text+0x69): multiple definition of `main'; CMakeFiles/grid_map.dir/main.cpp.o:main.cpp:(.text+0x69): first defined here
[4.641s] /usr/bin/ld: CMakeFiles/robot_map_node.dir/src/main.cpp.o: in function `std::enable_if<rosidl_generator_traits::is_message<geometry_msgs::msg::Pose2D_<std::allocator<void> > >::value, rosidl_message_type_support_t const&>::type rclcpp::get_message_type_support_handle<geometry_msgs::msg::Pose2D_<std::allocator<void> > >()':
[4.642s] main.cpp:(.text._ZN6rclcpp31get_message_type_support_handleIN13geometry_msgs3msg7Pose2D_ISaIvEEEEENSt9enable_ifIXsrN23rosidl_generator_traits10is_messageIT_EE5valueERK29rosidl_message_type_support_tE4typeEv[_ZN6rclcpp31get_message_type_support_handleIN13geometry_msgs3msg7Pose2D_ISaIvEEEEENSt9enable_ifIXsrN23rosidl_generator_traits10is_messageIT_EE5valueERK29rosidl_message_type_support_tE4typeEv]+0x10): undefined reference to `rosidl_message_type_support_t const* rosidl_typesupport_cpp::get_message_type_support_handle<geometry_msgs::msg::Pose2D_<std::allocator<void> > >()'
[4.653s] /usr/bin/ld: CMakeFiles/robot_map_node.dir/src/main.cpp.o: in function `std::enable_if<rosidl_generator_traits::is_message<std_msgs::msg::Float32_<std::allocator<void> > >::value, rosidl_message_type_support_t const&>::type rclcpp::get_message_type_support_handle<std_msgs::msg::Float32_<std::allocator<void> > >()':
[4.653s] main.cpp:(.text._ZN6rclcpp31get_message_type_support_handleIN8std_msgs3msg8Float32_ISaIvEEEEENSt9enable_ifIXsrN23rosidl_generator_traits10is_messageIT_EE5valueERK29rosidl_message_type_support_tE4typeEv[_ZN6rclcpp31get_message_type_support_handleIN8std_msgs3msg8Float32_ISaIvEEEEENSt9enable_ifIXsrN23rosidl_generator_traits10is_messageIT_EE5valueERK29rosidl_message_type_support_tE4typeEv]+0x10): undefined reference to `rosidl_message_type_support_t const* rosidl_typesupport_cpp::get_message_type_support_handle<std_msgs::msg::Float32_<std::allocator<void> > >()'
[4.817s] collect2: error: ld returned 1 exit status
[4.821s] gmake[2]: *** [CMakeFiles/robot_map_node.dir/build.make:269: robot_map_node] Error 1
[4.822s] gmake[1]: *** [CMakeFiles/Makefile2:202: CMakeFiles/robot_map_node.dir/all] Error 2
[4.822s] gmake[1]: *** Waiting for unfinished jobs....
[5.163s] collect2: error: ld returned 1 exit status
[5.166s] gmake[2]: *** [src/CMakeFiles/grid_map.dir/build.make:285: src/libgrid_map.so] Error 1
[5.167s] gmake[1]: *** [CMakeFiles/Makefile2:228: src/CMakeFiles/grid_map.dir/all] Error 2
[9.058s] [ 19%] [32m[1mLinking CXX executable robot_node[0m
[10.475s] [ 28%] Built target robot_node
[10.477s] gmake: *** [Makefile:146: all] Error 2
[10.482s] Invoked command in '/home/martina/rp_project/robot-programming-project/src/simple_robot/build/simple_robot' returned '2': CMAKE_PREFIX_PATH=${CMAKE_PREFIX_PATH}:/opt/ros/humble CONDA_PROMPT_MODIFIER=(base) /usr/bin/cmake --build /home/martina/rp_project/robot-programming-project/src/simple_robot/build/simple_robot -- -j4 -l4
