[0.000000] (-) TimerEvent: {}
[0.005402] (simple_robot) JobQueued: {'identifier': 'simple_robot', 'dependencies': OrderedDict()}
[0.005559] (simple_robot) JobStarted: {'identifier': 'simple_robot'}
[0.040367] (simple_robot) JobProgress: {'identifier': 'simple_robot', 'progress': 'cmake'}
[0.041249] (simple_robot) Command: {'cmd': ['/usr/bin/cmake', '/home/martina/rp_project/robot-programming-project/src/simple_robot', '-DCMAKE_INSTALL_PREFIX=/home/martina/rp_project/robot-programming-project/src/simple_robot/install/simple_robot'], 'cwd': '/home/martina/rp_project/robot-programming-project/src/simple_robot/build/simple_robot', 'env': OrderedDict([('GJS_DEBUG_TOPICS', 'JS ERROR;JS LOG'), ('LESSOPEN', '| /usr/bin/env /usr/bin/lesspipe %s 2>/dev/null'), ('CONDA_PROMPT_MODIFIER', '(base)'), ('LC_TIME', 'it_IT.UTF-8'), ('USER', 'martina'), ('XDG_SESSION_TYPE', 'wayland'), ('GIT_ASKPASS', '/usr/share/code/resources/app/extensions/git/dist/askpass.sh'), ('SHLVL', '2'), ('LD_LIBRARY_PATH', '/opt/ros/humble/opt/rviz_ogre_vendor/lib:/opt/ros/humble/lib/x86_64-linux-gnu:/opt/ros/humble/lib::/home/martina/.mujoco/mujoco210/bin:/usr/lib/nvidia:~/anaconda3/lib'), ('HOME', '/home/martina'), ('OLDPWD', '/home/martina/rp_project/robot-programming-project/src/simple_robot'), ('CHROME_DESKTOP', 'code.desktop'), ('TERMINFO', '/home/martina/.terminfo'), ('LESS', '-iRFXMx4'), ('CONDA_SHLVL', '1'), ('DESKTOP_SESSION', 'ubuntu'), ('TERM_PROGRAM_VERSION', '1.97.2'), ('GIO_LAUNCHED_DESKTOP_FILE', '/usr/share/applications/code.desktop'), ('LSCOLORS', 'ExGxDxDxCxDxDxFxFxexEx'), ('GTK_MODULES', 'gail:atk-bridge'), ('GNOME_SHELL_SESSION_MODE', 'ubuntu'), ('VSCODE_GIT_ASKPASS_MAIN', '/usr/share/code/resources/app/extensions/git/dist/askpass-main.js'), ('PAGER', 'less'), ('ROS_PYTHON_VERSION', '3'), ('LC_MONETARY', 'it_IT.UTF-8'), ('MANAGERPID', '887'), ('VSCODE_GIT_ASKPASS_NODE', '/usr/share/code/code'), ('SYSTEMD_EXEC_PID', '1152'), ('DBUS_SESSION_BUS_ADDRESS', 'unix:path=/run/user/1000/bus'), ('P9K_TTY', 'old'), ('GIO_LAUNCHED_DESKTOP_FILE_PID', '3260'), ('COLORTERM', 'truecolor'), ('_CE_M', ''), ('WAYLAND_DISPLAY', 'wayland-0'), ('INFOPATH', ''), ('ROS_DISTRO', 'humble'), ('COLCON_PREFIX_PATH', '/home/martina/rp_project/robot-programming-project/install'), ('LOGNAME', 'martina'), ('_', '/usr/bin/colcon'), ('JOURNAL_STREAM', '8:11413'), ('_P9K_SSH_TTY', '/dev/pts/2'), ('XDG_SESSION_CLASS', 'user'), ('USER_ZDOTDIR', '/home/martina'), ('ROS_VERSION', '2'), ('USERNAME', 'martina'), ('TERM', 'xterm-256color'), ('GNOME_DESKTOP_SESSION_ID', 'this-is-deprecated'), ('_CE_CONDA', ''), ('ROS_LOCALHOST_ONLY', '0'), ('PATH', '/opt/ros/humble/bin:/home/martina/.local/bin:/home/martina/.local/bin:/usr/lib/ccache:.:/home/martina/.mujoco/mujoco210/bin:/usr/lib/nvidia:/home/martina/anaconda3/condabin:/home/martina/bin:/home/martina/.local/bin:/usr/local/sbin:/usr/local/bin:/usr/sbin:/usr/bin:/sbin:/bin:/usr/games:/usr/local/games:/snap/bin:/home/martina/.cache/zsh4humans/v5/fzf/bin:/home/martina/other/install/bin'), ('SESSION_MANAGER', 'local/Martina-ThinkPad-X1-Yoga:@/tmp/.ICE-unix/1105,unix/Martina-ThinkPad-X1-Yoga:/tmp/.ICE-unix/1105'), ('INVOCATION_ID', 'abb78b4b018940349bd4da4c8fed9753'), ('LC_ADDRESS', 'it_IT.UTF-8'), ('XDG_RUNTIME_DIR', '/run/user/1000'), ('XDG_MENU_PREFIX', 'gnome-'), ('GNOME_SETUP_DISPLAY', ':1'), ('GDK_BACKEND', 'x11'), ('DISPLAY', ':0'), ('LANG', 'en_US.UTF-8'), ('LC_TELEPHONE', 'it_IT.UTF-8'), ('XDG_CURRENT_DESKTOP', 'Unity'), ('VSCODE_INJECTION', '1'), ('LD_PRELOAD', ':/usr/lib/x86_64-linux-gnu/libGLEW.so'), ('XDG_SESSION_DESKTOP', 'ubuntu'), ('XMODIFIERS', '@im=ibus'), ('XAUTHORITY', '/run/user/1000/.mutter-Xwaylandauth.L52E22'), ('TERM_PROGRAM', 'vscode'), ('VSCODE_GIT_IPC_HANDLE', '/run/user/1000/vscode-git-f640f2b3f6.sock'), ('LS_COLORS', 'fi=00:mi=00:mh=00:ln=01;36:or=01;31:di=01;34:ow=04;01;34:st=34:tw=04;34:pi=01;33:so=01;33:do=01;33:bd=01;33:cd=01;33:su=01;35:sg=01;35:ca=01;35:ex=01;32:no=38;5;248'), ('TREE_COLORS', 'fi=00:mi=00:mh=00:ln=01;36:or=01;31:di=01;34:ow=01;34:st=34:tw=34:pi=01;33:so=01;33:do=01;33:bd=01;33:cd=01;33:su=01;35:sg=01;35:ca=01;35:ex=01;32'), ('SSH_AGENT_LAUNCHER', 'gnome-keyring'), ('SSH_AUTH_SOCK', '/run/user/1000/keyring/ssh'), ('ORIGINAL_XDG_CURRENT_DESKTOP', 'ubuntu:GNOME'), ('CONDA_PYTHON_EXE', '/home/martina/anaconda3/bin/python'), ('AMENT_PREFIX_PATH', '/home/martina/rp_project/robot-programming-project/install/simple_robot:/opt/ros/humble'), ('LC_NAME', 'it_IT.UTF-8'), ('SHELL', '/usr/local/bin/zsh'), ('DEST', '/home/martina/other/install'), ('QT_ACCESSIBILITY', '1'), ('GDMSESSION', 'ubuntu'), ('CONDA_DEFAULT_ENV', 'base'), ('LC_MEASUREMENT', 'it_IT.UTF-8'), ('LC_IDENTIFICATION', 'it_IT.UTF-8'), ('GJS_DEBUG_OUTPUT', 'stderr'), ('P9K_SSH', '0'), ('QT_IM_MODULE', 'ibus'), ('VSCODE_GIT_ASKPASS_EXTRA_ARGS', ''), ('VSCODE_NONCE', '052e925b-acb5-444f-b870-f20c06506941'), ('LC_ALL', 'en_US.UTF-8'), ('PWD', '/home/martina/rp_project/robot-programming-project/src/simple_robot/build/simple_robot'), ('GPG_TTY', '/dev/pts/2'), ('XDG_DATA_DIRS', '/usr/local/share/:/usr/share/:/var/lib/snapd/desktop'), ('ZDOTDIR', '/home/martina'), ('_P9K_TTY', '/dev/pts/2'), ('CONDA_EXE', '/home/martina/anaconda3/bin/conda'), ('LC_NUMERIC', 'it_IT.UTF-8'), ('PYTHONPATH', '/opt/ros/humble/lib/python3.10/site-packages:/opt/ros/humble/local/lib/python3.10/dist-packages:/home/martina/other/install/lib/python3.10/site-packages/'), ('LC_PAPER', 'it_IT.UTF-8'), ('CONDA_PREFIX', '/home/martina/anaconda3'), ('COLCON', '1'), ('MANPATH', '/usr/local/share/man:/home/martina/.cache/zsh4humans/v5/fzf/man:'), ('CMAKE_PREFIX_PATH', '/home/martina/rp_project/robot-programming-project/install/simple_robot:/opt/ros/humble')]), 'shell': False}
[0.101398] (-) TimerEvent: {}
[0.203131] (-) TimerEvent: {}
[0.304306] (-) TimerEvent: {}
[0.371252] (simple_robot) StdoutLine: {'line': b'-- The C compiler identification is GNU 11.4.0\n'}
[0.407746] (-) TimerEvent: {}
[0.508155] (-) TimerEvent: {}
[0.585683] (simple_robot) StdoutLine: {'line': b'-- The CXX compiler identification is GNU 11.4.0\n'}
[0.608280] (-) TimerEvent: {}
[0.627189] (simple_robot) StdoutLine: {'line': b'-- Detecting C compiler ABI info\n'}
[0.709168] (-) TimerEvent: {}
[0.809849] (-) TimerEvent: {}
[0.819455] (simple_robot) StdoutLine: {'line': b'-- Detecting C compiler ABI info - done\n'}
[0.842636] (simple_robot) StdoutLine: {'line': b'-- Check for working C compiler: /usr/lib/ccache/cc - skipped\n'}
[0.843881] (simple_robot) StdoutLine: {'line': b'-- Detecting C compile features\n'}
[0.845488] (simple_robot) StdoutLine: {'line': b'-- Detecting C compile features - done\n'}
[0.859480] (simple_robot) StdoutLine: {'line': b'-- Detecting CXX compiler ABI info\n'}
[0.909974] (-) TimerEvent: {}
[1.011069] (-) TimerEvent: {}
[1.092448] (simple_robot) StdoutLine: {'line': b'-- Detecting CXX compiler ABI info - done\n'}
[1.108826] (simple_robot) StdoutLine: {'line': b'-- Check for working CXX compiler: /usr/lib/ccache/c++ - skipped\n'}
[1.109505] (simple_robot) StdoutLine: {'line': b'-- Detecting CXX compile features\n'}
[1.110271] (simple_robot) StdoutLine: {'line': b'-- Detecting CXX compile features - done\n'}
[1.111145] (-) TimerEvent: {}
[1.133422] (simple_robot) StdoutLine: {'line': b'-- Found OpenCV: /usr (found suitable version "4.5.4", minimum required is "4.5.4") \n'}
[1.138399] (simple_robot) StdoutLine: {'line': b'-- Found ament_cmake: 1.3.11 (/opt/ros/humble/share/ament_cmake/cmake)\n'}
[1.211267] (-) TimerEvent: {}
[1.311769] (-) TimerEvent: {}
[1.413575] (-) TimerEvent: {}
[1.506447] (simple_robot) StdoutLine: {'line': b'-- Found Python3: /usr/bin/python3 (found version "3.10.12") found components: Interpreter \n'}
[1.514121] (-) TimerEvent: {}
[1.615764] (-) TimerEvent: {}
[1.682494] (simple_robot) StdoutLine: {'line': b'-- Found rclcpp: 16.0.11 (/opt/ros/humble/share/rclcpp/cmake)\n'}
[1.715873] (-) TimerEvent: {}
[1.778495] (simple_robot) StdoutLine: {'line': b'-- Found rosidl_generator_c: 3.1.6 (/opt/ros/humble/share/rosidl_generator_c/cmake)\n'}
[1.788898] (simple_robot) StdoutLine: {'line': b'-- Found rosidl_adapter: 3.1.6 (/opt/ros/humble/share/rosidl_adapter/cmake)\n'}
[1.805511] (simple_robot) StdoutLine: {'line': b'-- Found rosidl_generator_cpp: 3.1.6 (/opt/ros/humble/share/rosidl_generator_cpp/cmake)\n'}
[1.816000] (-) TimerEvent: {}
[1.838419] (simple_robot) StdoutLine: {'line': b'-- Using all available rosidl_typesupport_c: rosidl_typesupport_fastrtps_c;rosidl_typesupport_introspection_c\n'}
[1.884345] (simple_robot) StdoutLine: {'line': b'-- Using all available rosidl_typesupport_cpp: rosidl_typesupport_fastrtps_cpp;rosidl_typesupport_introspection_cpp\n'}
[1.916122] (-) TimerEvent: {}
[1.995063] (simple_robot) StdoutLine: {'line': b'-- Found rmw_implementation_cmake: 6.1.2 (/opt/ros/humble/share/rmw_implementation_cmake/cmake)\n'}
[2.002064] (simple_robot) StdoutLine: {'line': b'-- Found rmw_fastrtps_cpp: 6.2.7 (/opt/ros/humble/share/rmw_fastrtps_cpp/cmake)\n'}
[2.016244] (-) TimerEvent: {}
[2.116696] (-) TimerEvent: {}
[2.220481] (-) TimerEvent: {}
[2.324404] (-) TimerEvent: {}
[2.424838] (-) TimerEvent: {}
[2.430929] (simple_robot) StdoutLine: {'line': b'-- Found OpenSSL: /usr/lib/x86_64-linux-gnu/libcrypto.so (found version "3.0.2")  \n'}
[2.524959] (-) TimerEvent: {}
[2.551695] (simple_robot) StdoutLine: {'line': b'-- Found FastRTPS: /opt/ros/humble/include  \n'}
[2.625083] (-) TimerEvent: {}
[2.658460] (simple_robot) StdoutLine: {'line': b"-- Using RMW implementation 'rmw_fastrtps_cpp' as default\n"}
[2.677025] (simple_robot) StdoutLine: {'line': b'-- Looking for pthread.h\n'}
[2.725226] (-) TimerEvent: {}
[2.825873] (-) TimerEvent: {}
[2.848856] (simple_robot) StdoutLine: {'line': b'-- Looking for pthread.h - found\n'}
[2.849262] (simple_robot) StdoutLine: {'line': b'-- Performing Test CMAKE_HAVE_LIBC_PTHREAD\n'}
[2.925993] (-) TimerEvent: {}
[3.011891] (simple_robot) StdoutLine: {'line': b'-- Performing Test CMAKE_HAVE_LIBC_PTHREAD - Success\n'}
[3.012901] (simple_robot) StdoutLine: {'line': b'-- Found Threads: TRUE  \n'}
[3.026112] (-) TimerEvent: {}
[3.126484] (-) TimerEvent: {}
[3.143638] (simple_robot) StdoutLine: {'line': b'-- Found geometry_msgs: 4.2.4 (/opt/ros/humble/share/geometry_msgs/cmake)\n'}
[3.174740] (simple_robot) StdoutLine: {'line': b'-- Found sensor_msgs: 4.2.4 (/opt/ros/humble/share/sensor_msgs/cmake)\n'}
[3.210813] (simple_robot) StdoutLine: {'line': b'-- Found nav_msgs: 4.2.4 (/opt/ros/humble/share/nav_msgs/cmake)\n'}
[3.227424] (-) TimerEvent: {}
[3.265880] (simple_robot) StdoutLine: {'line': b'-- Found OpenCV: /usr (found version "4.5.4") \n'}
[3.328033] (-) TimerEvent: {}
[3.428762] (-) TimerEvent: {}
[3.469946] (simple_robot) StdoutLine: {'line': b'-- DATA_DIR: /home/martina/rp_project/robot-programming-project/src/simple_robot/data\n'}
[3.472182] (simple_robot) StdoutLine: {'line': b'-- Configuring done\n'}
[3.530537] (-) TimerEvent: {}
[3.534480] (simple_robot) StdoutLine: {'line': b'-- Generating done\n'}
[3.552514] (simple_robot) StdoutLine: {'line': b'-- Build files have been written to: /home/martina/rp_project/robot-programming-project/src/simple_robot/build/simple_robot\n'}
[3.584869] (simple_robot) CommandEnded: {'returncode': 0}
[3.585888] (simple_robot) JobProgress: {'identifier': 'simple_robot', 'progress': 'build'}
[3.585970] (simple_robot) Command: {'cmd': ['/usr/bin/cmake', '--build', '/home/martina/rp_project/robot-programming-project/src/simple_robot/build/simple_robot', '--', '-j4', '-l4'], 'cwd': '/home/martina/rp_project/robot-programming-project/src/simple_robot/build/simple_robot', 'env': OrderedDict([('GJS_DEBUG_TOPICS', 'JS ERROR;JS LOG'), ('LESSOPEN', '| /usr/bin/env /usr/bin/lesspipe %s 2>/dev/null'), ('CONDA_PROMPT_MODIFIER', '(base)'), ('LC_TIME', 'it_IT.UTF-8'), ('USER', 'martina'), ('XDG_SESSION_TYPE', 'wayland'), ('GIT_ASKPASS', '/usr/share/code/resources/app/extensions/git/dist/askpass.sh'), ('SHLVL', '2'), ('LD_LIBRARY_PATH', '/opt/ros/humble/opt/rviz_ogre_vendor/lib:/opt/ros/humble/lib/x86_64-linux-gnu:/opt/ros/humble/lib::/home/martina/.mujoco/mujoco210/bin:/usr/lib/nvidia:~/anaconda3/lib'), ('HOME', '/home/martina'), ('OLDPWD', '/home/martina/rp_project/robot-programming-project/src/simple_robot'), ('CHROME_DESKTOP', 'code.desktop'), ('TERMINFO', '/home/martina/.terminfo'), ('LESS', '-iRFXMx4'), ('CONDA_SHLVL', '1'), ('DESKTOP_SESSION', 'ubuntu'), ('TERM_PROGRAM_VERSION', '1.97.2'), ('GIO_LAUNCHED_DESKTOP_FILE', '/usr/share/applications/code.desktop'), ('LSCOLORS', 'ExGxDxDxCxDxDxFxFxexEx'), ('GTK_MODULES', 'gail:atk-bridge'), ('GNOME_SHELL_SESSION_MODE', 'ubuntu'), ('VSCODE_GIT_ASKPASS_MAIN', '/usr/share/code/resources/app/extensions/git/dist/askpass-main.js'), ('PAGER', 'less'), ('ROS_PYTHON_VERSION', '3'), ('LC_MONETARY', 'it_IT.UTF-8'), ('MANAGERPID', '887'), ('VSCODE_GIT_ASKPASS_NODE', '/usr/share/code/code'), ('SYSTEMD_EXEC_PID', '1152'), ('DBUS_SESSION_BUS_ADDRESS', 'unix:path=/run/user/1000/bus'), ('P9K_TTY', 'old'), ('GIO_LAUNCHED_DESKTOP_FILE_PID', '3260'), ('COLORTERM', 'truecolor'), ('_CE_M', ''), ('WAYLAND_DISPLAY', 'wayland-0'), ('INFOPATH', ''), ('ROS_DISTRO', 'humble'), ('COLCON_PREFIX_PATH', '/home/martina/rp_project/robot-programming-project/install'), ('LOGNAME', 'martina'), ('_', '/usr/bin/colcon'), ('JOURNAL_STREAM', '8:11413'), ('_P9K_SSH_TTY', '/dev/pts/2'), ('XDG_SESSION_CLASS', 'user'), ('USER_ZDOTDIR', '/home/martina'), ('ROS_VERSION', '2'), ('USERNAME', 'martina'), ('TERM', 'xterm-256color'), ('GNOME_DESKTOP_SESSION_ID', 'this-is-deprecated'), ('_CE_CONDA', ''), ('ROS_LOCALHOST_ONLY', '0'), ('PATH', '/opt/ros/humble/bin:/home/martina/.local/bin:/home/martina/.local/bin:/usr/lib/ccache:.:/home/martina/.mujoco/mujoco210/bin:/usr/lib/nvidia:/home/martina/anaconda3/condabin:/home/martina/bin:/home/martina/.local/bin:/usr/local/sbin:/usr/local/bin:/usr/sbin:/usr/bin:/sbin:/bin:/usr/games:/usr/local/games:/snap/bin:/home/martina/.cache/zsh4humans/v5/fzf/bin:/home/martina/other/install/bin'), ('SESSION_MANAGER', 'local/Martina-ThinkPad-X1-Yoga:@/tmp/.ICE-unix/1105,unix/Martina-ThinkPad-X1-Yoga:/tmp/.ICE-unix/1105'), ('INVOCATION_ID', 'abb78b4b018940349bd4da4c8fed9753'), ('LC_ADDRESS', 'it_IT.UTF-8'), ('XDG_RUNTIME_DIR', '/run/user/1000'), ('XDG_MENU_PREFIX', 'gnome-'), ('GNOME_SETUP_DISPLAY', ':1'), ('GDK_BACKEND', 'x11'), ('DISPLAY', ':0'), ('LANG', 'en_US.UTF-8'), ('LC_TELEPHONE', 'it_IT.UTF-8'), ('XDG_CURRENT_DESKTOP', 'Unity'), ('VSCODE_INJECTION', '1'), ('LD_PRELOAD', ':/usr/lib/x86_64-linux-gnu/libGLEW.so'), ('XDG_SESSION_DESKTOP', 'ubuntu'), ('XMODIFIERS', '@im=ibus'), ('XAUTHORITY', '/run/user/1000/.mutter-Xwaylandauth.L52E22'), ('TERM_PROGRAM', 'vscode'), ('VSCODE_GIT_IPC_HANDLE', '/run/user/1000/vscode-git-f640f2b3f6.sock'), ('LS_COLORS', 'fi=00:mi=00:mh=00:ln=01;36:or=01;31:di=01;34:ow=04;01;34:st=34:tw=04;34:pi=01;33:so=01;33:do=01;33:bd=01;33:cd=01;33:su=01;35:sg=01;35:ca=01;35:ex=01;32:no=38;5;248'), ('TREE_COLORS', 'fi=00:mi=00:mh=00:ln=01;36:or=01;31:di=01;34:ow=01;34:st=34:tw=34:pi=01;33:so=01;33:do=01;33:bd=01;33:cd=01;33:su=01;35:sg=01;35:ca=01;35:ex=01;32'), ('SSH_AGENT_LAUNCHER', 'gnome-keyring'), ('SSH_AUTH_SOCK', '/run/user/1000/keyring/ssh'), ('ORIGINAL_XDG_CURRENT_DESKTOP', 'ubuntu:GNOME'), ('CONDA_PYTHON_EXE', '/home/martina/anaconda3/bin/python'), ('AMENT_PREFIX_PATH', '/home/martina/rp_project/robot-programming-project/install/simple_robot:/opt/ros/humble'), ('LC_NAME', 'it_IT.UTF-8'), ('SHELL', '/usr/local/bin/zsh'), ('DEST', '/home/martina/other/install'), ('QT_ACCESSIBILITY', '1'), ('GDMSESSION', 'ubuntu'), ('CONDA_DEFAULT_ENV', 'base'), ('LC_MEASUREMENT', 'it_IT.UTF-8'), ('LC_IDENTIFICATION', 'it_IT.UTF-8'), ('GJS_DEBUG_OUTPUT', 'stderr'), ('P9K_SSH', '0'), ('QT_IM_MODULE', 'ibus'), ('VSCODE_GIT_ASKPASS_EXTRA_ARGS', ''), ('VSCODE_NONCE', '052e925b-acb5-444f-b870-f20c06506941'), ('LC_ALL', 'en_US.UTF-8'), ('PWD', '/home/martina/rp_project/robot-programming-project/src/simple_robot/build/simple_robot'), ('GPG_TTY', '/dev/pts/2'), ('XDG_DATA_DIRS', '/usr/local/share/:/usr/share/:/var/lib/snapd/desktop'), ('ZDOTDIR', '/home/martina'), ('_P9K_TTY', '/dev/pts/2'), ('CONDA_EXE', '/home/martina/anaconda3/bin/conda'), ('LC_NUMERIC', 'it_IT.UTF-8'), ('PYTHONPATH', '/opt/ros/humble/lib/python3.10/site-packages:/opt/ros/humble/local/lib/python3.10/dist-packages:/home/martina/other/install/lib/python3.10/site-packages/'), ('LC_PAPER', 'it_IT.UTF-8'), ('CONDA_PREFIX', '/home/martina/anaconda3'), ('COLCON', '1'), ('MANPATH', '/usr/local/share/man:/home/martina/.cache/zsh4humans/v5/fzf/man:'), ('CMAKE_PREFIX_PATH', '/home/martina/rp_project/robot-programming-project/install/simple_robot:/opt/ros/humble')]), 'shell': False}
[3.633929] (-) TimerEvent: {}
[3.734417] (-) TimerEvent: {}
[3.786037] (simple_robot) StdoutLine: {'line': b'\x1b[35m\x1b[1mConsolidate compiler generated dependencies of target robot_map_node\x1b[0m\n'}
[3.787232] (simple_robot) StdoutLine: {'line': b'\x1b[35m\x1b[1mConsolidate compiler generated dependencies of target grid_map\x1b[0m\n'}
[3.835417] (-) TimerEvent: {}
[3.903898] (simple_robot) StdoutLine: {'line': b'[  8%] \x1b[32mBuilding CXX object CMakeFiles/robot_map_node.dir/src/main.cpp.o\x1b[0m\n'}
[3.937438] (-) TimerEvent: {}
[3.961450] (simple_robot) StdoutLine: {'line': b'[ 16%] \x1b[32mBuilding CXX object src/CMakeFiles/grid_map.dir/main.cpp.o\x1b[0m\n'}
[4.039953] (-) TimerEvent: {}
[4.140348] (-) TimerEvent: {}
[4.240746] (-) TimerEvent: {}
[4.341237] (-) TimerEvent: {}
[4.444420] (-) TimerEvent: {}
[4.544889] (-) TimerEvent: {}
[4.645716] (-) TimerEvent: {}
[4.747580] (-) TimerEvent: {}
[4.848823] (-) TimerEvent: {}
[4.951414] (-) TimerEvent: {}
[5.051826] (-) TimerEvent: {}
[5.152237] (-) TimerEvent: {}
[5.254841] (-) TimerEvent: {}
[5.355287] (-) TimerEvent: {}
[5.456036] (-) TimerEvent: {}
[5.559620] (-) TimerEvent: {}
[5.660069] (-) TimerEvent: {}
[5.760556] (-) TimerEvent: {}
[5.861021] (-) TimerEvent: {}
[5.962394] (-) TimerEvent: {}
[6.065415] (-) TimerEvent: {}
[6.165835] (-) TimerEvent: {}
[6.266283] (-) TimerEvent: {}
[6.367182] (-) TimerEvent: {}
[6.467677] (-) TimerEvent: {}
[6.568272] (-) TimerEvent: {}
[6.669395] (-) TimerEvent: {}
[6.771996] (-) TimerEvent: {}
[6.874472] (-) TimerEvent: {}
[6.974999] (-) TimerEvent: {}
[7.075449] (-) TimerEvent: {}
[7.177428] (-) TimerEvent: {}
[7.277885] (-) TimerEvent: {}
[7.378387] (-) TimerEvent: {}
[7.478831] (-) TimerEvent: {}
[7.581791] (-) TimerEvent: {}
[7.682224] (-) TimerEvent: {}
[7.782650] (-) TimerEvent: {}
[7.884348] (-) TimerEvent: {}
[7.984837] (-) TimerEvent: {}
[8.085683] (-) TimerEvent: {}
[8.186412] (-) TimerEvent: {}
[8.286809] (-) TimerEvent: {}
[8.387219] (-) TimerEvent: {}
[8.487653] (-) TimerEvent: {}
[8.588158] (-) TimerEvent: {}
[8.689090] (-) TimerEvent: {}
[8.791399] (-) TimerEvent: {}
[8.891827] (-) TimerEvent: {}
[8.992266] (-) TimerEvent: {}
[9.095647] (-) TimerEvent: {}
[9.196903] (-) TimerEvent: {}
[9.297290] (-) TimerEvent: {}
[9.397689] (-) TimerEvent: {}
[9.498372] (-) TimerEvent: {}
[9.599546] (-) TimerEvent: {}
[9.700758] (-) TimerEvent: {}
[9.804398] (-) TimerEvent: {}
[9.904803] (-) TimerEvent: {}
[10.005568] (-) TimerEvent: {}
[10.106620] (-) TimerEvent: {}
[10.207601] (-) TimerEvent: {}
[10.307996] (-) TimerEvent: {}
[10.408390] (-) TimerEvent: {}
[10.508787] (-) TimerEvent: {}
[10.609204] (-) TimerEvent: {}
[10.709657] (-) TimerEvent: {}
[10.810055] (-) TimerEvent: {}
[10.910719] (-) TimerEvent: {}
[11.011166] (-) TimerEvent: {}
[11.111784] (-) TimerEvent: {}
[11.216536] (-) TimerEvent: {}
[11.316944] (-) TimerEvent: {}
[11.418604] (-) TimerEvent: {}
[11.518989] (-) TimerEvent: {}
[11.619658] (-) TimerEvent: {}
[11.720255] (-) TimerEvent: {}
[11.820668] (-) TimerEvent: {}
[11.921307] (-) TimerEvent: {}
[12.022040] (-) TimerEvent: {}
[12.122626] (-) TimerEvent: {}
[12.225091] (-) TimerEvent: {}
[12.326829] (-) TimerEvent: {}
[12.427615] (-) TimerEvent: {}
[12.528615] (-) TimerEvent: {}
[12.631033] (-) TimerEvent: {}
[12.731405] (-) TimerEvent: {}
[12.833994] (-) TimerEvent: {}
[12.934409] (-) TimerEvent: {}
[13.037094] (-) TimerEvent: {}
[13.137538] (-) TimerEvent: {}
[13.238597] (-) TimerEvent: {}
[13.339895] (-) TimerEvent: {}
[13.440356] (-) TimerEvent: {}
[13.541137] (-) TimerEvent: {}
[13.641609] (-) TimerEvent: {}
[13.742023] (-) TimerEvent: {}
[13.842437] (-) TimerEvent: {}
[13.943312] (-) TimerEvent: {}
[14.044411] (-) TimerEvent: {}
[14.145021] (-) TimerEvent: {}
[14.245497] (-) TimerEvent: {}
[14.345899] (-) TimerEvent: {}
[14.446272] (-) TimerEvent: {}
[14.546680] (-) TimerEvent: {}
[14.647133] (-) TimerEvent: {}
[14.747907] (-) TimerEvent: {}
[14.848719] (-) TimerEvent: {}
[14.949505] (-) TimerEvent: {}
[15.049958] (-) TimerEvent: {}
[15.150374] (-) TimerEvent: {}
[15.250781] (-) TimerEvent: {}
[15.351164] (-) TimerEvent: {}
[15.451636] (-) TimerEvent: {}
[15.552064] (-) TimerEvent: {}
[15.652465] (-) TimerEvent: {}
[15.753077] (-) TimerEvent: {}
[15.853488] (-) TimerEvent: {}
[15.953873] (-) TimerEvent: {}
[16.054278] (-) TimerEvent: {}
[16.155021] (-) TimerEvent: {}
[16.255430] (-) TimerEvent: {}
[16.355817] (-) TimerEvent: {}
[16.456260] (-) TimerEvent: {}
[16.556717] (-) TimerEvent: {}
[16.657175] (-) TimerEvent: {}
[16.757876] (-) TimerEvent: {}
[16.858285] (-) TimerEvent: {}
[16.959421] (-) TimerEvent: {}
[17.059876] (-) TimerEvent: {}
[17.160265] (-) TimerEvent: {}
[17.260715] (-) TimerEvent: {}
[17.361121] (-) TimerEvent: {}
[17.461773] (-) TimerEvent: {}
[17.562163] (-) TimerEvent: {}
[17.662807] (-) TimerEvent: {}
[17.763688] (-) TimerEvent: {}
[17.864091] (-) TimerEvent: {}
[17.964754] (-) TimerEvent: {}
[18.065151] (-) TimerEvent: {}
[18.165800] (-) TimerEvent: {}
[18.266861] (-) TimerEvent: {}
[18.367480] (-) TimerEvent: {}
[18.467927] (-) TimerEvent: {}
[18.568547] (-) TimerEvent: {}
[18.668951] (-) TimerEvent: {}
[18.769405] (-) TimerEvent: {}
[18.869866] (-) TimerEvent: {}
[18.970506] (-) TimerEvent: {}
[19.071417] (-) TimerEvent: {}
[19.172247] (-) TimerEvent: {}
[19.275177] (-) TimerEvent: {}
[19.378400] (-) TimerEvent: {}
[19.478854] (-) TimerEvent: {}
[19.579928] (-) TimerEvent: {}
[19.680374] (-) TimerEvent: {}
[19.781433] (-) TimerEvent: {}
[19.881827] (-) TimerEvent: {}
[19.983822] (-) TimerEvent: {}
[20.084513] (-) TimerEvent: {}
[20.185300] (-) TimerEvent: {}
[20.286177] (-) TimerEvent: {}
[20.386645] (-) TimerEvent: {}
[20.487140] (-) TimerEvent: {}
[20.587642] (-) TimerEvent: {}
[20.689426] (-) TimerEvent: {}
[20.789869] (-) TimerEvent: {}
[20.890254] (-) TimerEvent: {}
[20.991439] (-) TimerEvent: {}
[21.091891] (-) TimerEvent: {}
[21.193613] (-) TimerEvent: {}
[21.294055] (-) TimerEvent: {}
[21.394894] (-) TimerEvent: {}
[21.495393] (-) TimerEvent: {}
[21.596166] (-) TimerEvent: {}
[21.697059] (-) TimerEvent: {}
[21.797518] (-) TimerEvent: {}
[21.898694] (-) TimerEvent: {}
[21.999696] (-) TimerEvent: {}
[22.102615] (-) TimerEvent: {}
[22.204098] (-) TimerEvent: {}
[22.304544] (-) TimerEvent: {}
[22.405206] (-) TimerEvent: {}
[22.505658] (-) TimerEvent: {}
[22.606101] (-) TimerEvent: {}
[22.706485] (-) TimerEvent: {}
[22.807165] (-) TimerEvent: {}
[22.907633] (-) TimerEvent: {}
[23.007997] (-) TimerEvent: {}
[23.108403] (-) TimerEvent: {}
[23.208772] (-) TimerEvent: {}
[23.309149] (-) TimerEvent: {}
[23.409547] (-) TimerEvent: {}
[23.509959] (-) TimerEvent: {}
[23.610359] (-) TimerEvent: {}
[23.710914] (-) TimerEvent: {}
[23.811318] (-) TimerEvent: {}
[23.912213] (-) TimerEvent: {}
[24.012626] (-) TimerEvent: {}
[24.113645] (-) TimerEvent: {}
[24.214100] (-) TimerEvent: {}
[24.314552] (-) TimerEvent: {}
[24.415000] (-) TimerEvent: {}
[24.515409] (-) TimerEvent: {}
[24.615852] (-) TimerEvent: {}
[24.716294] (-) TimerEvent: {}
[24.816997] (-) TimerEvent: {}
[24.917371] (-) TimerEvent: {}
[25.017939] (-) TimerEvent: {}
[25.118315] (-) TimerEvent: {}
[25.218686] (-) TimerEvent: {}
[25.319053] (-) TimerEvent: {}
[25.419528] (-) TimerEvent: {}
[25.520543] (-) TimerEvent: {}
[25.620974] (-) TimerEvent: {}
[25.721342] (-) TimerEvent: {}
[25.821688] (-) TimerEvent: {}
[25.923482] (-) TimerEvent: {}
[26.024086] (-) TimerEvent: {}
[26.125414] (-) TimerEvent: {}
[26.225769] (-) TimerEvent: {}
[26.326410] (-) TimerEvent: {}
[26.429409] (-) TimerEvent: {}
[26.529823] (-) TimerEvent: {}
[26.630201] (-) TimerEvent: {}
[26.730678] (-) TimerEvent: {}
[26.831046] (-) TimerEvent: {}
[26.933101] (-) TimerEvent: {}
[27.033626] (-) TimerEvent: {}
[27.133976] (-) TimerEvent: {}
[27.234416] (-) TimerEvent: {}
[27.334891] (-) TimerEvent: {}
[27.435283] (-) TimerEvent: {}
[27.535954] (-) TimerEvent: {}
[27.636367] (-) TimerEvent: {}
[27.736741] (-) TimerEvent: {}
[27.837101] (-) TimerEvent: {}
[27.938296] (-) TimerEvent: {}
[28.039170] (-) TimerEvent: {}
[28.139667] (-) TimerEvent: {}
[28.241222] (-) TimerEvent: {}
[28.341599] (-) TimerEvent: {}
[28.442005] (-) TimerEvent: {}
[28.542886] (-) TimerEvent: {}
[28.643712] (-) TimerEvent: {}
[28.744997] (-) TimerEvent: {}
[28.846179] (-) TimerEvent: {}
[28.948258] (-) TimerEvent: {}
[29.048711] (-) TimerEvent: {}
[29.149379] (-) TimerEvent: {}
[29.249730] (-) TimerEvent: {}
[29.351358] (-) TimerEvent: {}
[29.452291] (-) TimerEvent: {}
[29.552811] (-) TimerEvent: {}
[29.653780] (-) TimerEvent: {}
[29.754203] (-) TimerEvent: {}
[29.854606] (-) TimerEvent: {}
[29.955042] (-) TimerEvent: {}
[30.055590] (-) TimerEvent: {}
[30.155981] (-) TimerEvent: {}
[30.256839] (-) TimerEvent: {}
[30.357259] (-) TimerEvent: {}
[30.457651] (-) TimerEvent: {}
[30.558408] (-) TimerEvent: {}
[30.658753] (-) TimerEvent: {}
[30.759555] (-) TimerEvent: {}
[30.859921] (-) TimerEvent: {}
[30.960689] (-) TimerEvent: {}
[31.061034] (-) TimerEvent: {}
[31.161394] (-) TimerEvent: {}
[31.261739] (-) TimerEvent: {}
[31.362085] (-) TimerEvent: {}
[31.462401] (-) TimerEvent: {}
[31.562956] (-) TimerEvent: {}
[31.663312] (-) TimerEvent: {}
[31.763661] (-) TimerEvent: {}
[31.863999] (-) TimerEvent: {}
[31.964354] (-) TimerEvent: {}
[32.064716] (-) TimerEvent: {}
[32.165060] (-) TimerEvent: {}
[32.265401] (-) TimerEvent: {}
[32.366197] (-) TimerEvent: {}
[32.466559] (-) TimerEvent: {}
[32.567365] (-) TimerEvent: {}
[32.668512] (-) TimerEvent: {}
[32.769506] (-) TimerEvent: {}
[32.870126] (-) TimerEvent: {}
[32.970548] (-) TimerEvent: {}
[33.070917] (-) TimerEvent: {}
[33.171290] (-) TimerEvent: {}
[33.271685] (-) TimerEvent: {}
[33.372135] (-) TimerEvent: {}
[33.472509] (-) TimerEvent: {}
[33.572866] (-) TimerEvent: {}
[33.673229] (-) TimerEvent: {}
[33.773661] (-) TimerEvent: {}
[33.874041] (-) TimerEvent: {}
[33.974399] (-) TimerEvent: {}
[34.074774] (-) TimerEvent: {}
[34.175412] (-) TimerEvent: {}
[34.276016] (-) TimerEvent: {}
[34.376369] (-) TimerEvent: {}
[34.476715] (-) TimerEvent: {}
[34.577107] (-) TimerEvent: {}
[34.678398] (-) TimerEvent: {}
[34.778754] (-) TimerEvent: {}
[34.879119] (-) TimerEvent: {}
[34.979500] (-) TimerEvent: {}
[35.079968] (-) TimerEvent: {}
[35.180406] (-) TimerEvent: {}
[35.281067] (-) TimerEvent: {}
[35.381501] (-) TimerEvent: {}
[35.412822] (simple_robot) StdoutLine: {'line': b'[ 25%] \x1b[32m\x1b[1mLinking CXX executable robot_map_node\x1b[0m\n'}
[35.481613] (-) TimerEvent: {}
[35.582000] (-) TimerEvent: {}
[35.683807] (-) TimerEvent: {}
[35.784377] (-) TimerEvent: {}
[35.887506] (-) TimerEvent: {}
[35.911219] (simple_robot) StdoutLine: {'line': b'[ 33%] \x1b[32m\x1b[1mLinking CXX shared library libgrid_map.so\x1b[0m\n'}
[35.987646] (-) TimerEvent: {}
[36.090221] (-) TimerEvent: {}
[36.191088] (-) TimerEvent: {}
[36.293316] (-) TimerEvent: {}
[36.396736] (-) TimerEvent: {}
[36.498448] (-) TimerEvent: {}
[36.601454] (-) TimerEvent: {}
[36.702073] (-) TimerEvent: {}
[36.802945] (-) TimerEvent: {}
[36.904139] (-) TimerEvent: {}
[37.007661] (-) TimerEvent: {}
[37.111224] (-) TimerEvent: {}
[37.212238] (-) TimerEvent: {}
[37.315435] (-) TimerEvent: {}
[37.417055] (-) TimerEvent: {}
[37.517984] (-) TimerEvent: {}
[37.618452] (-) TimerEvent: {}
[37.718968] (-) TimerEvent: {}
[37.819370] (-) TimerEvent: {}
[37.919723] (-) TimerEvent: {}
[38.020100] (-) TimerEvent: {}
[38.120473] (-) TimerEvent: {}
[38.220821] (-) TimerEvent: {}
[38.322018] (-) TimerEvent: {}
[38.423551] (-) TimerEvent: {}
[38.524054] (-) TimerEvent: {}
[38.627823] (-) TimerEvent: {}
[38.728593] (-) TimerEvent: {}
[38.832571] (-) TimerEvent: {}
[38.934347] (-) TimerEvent: {}
[38.964484] (simple_robot) StdoutLine: {'line': b'[ 66%] Built target grid_map\n'}
[39.034607] (-) TimerEvent: {}
[39.124471] (simple_robot) StdoutLine: {'line': b'[100%] Built target robot_map_node\n'}
[39.134691] (-) TimerEvent: {}
[39.154694] (simple_robot) CommandEnded: {'returncode': 0}
[39.156273] (simple_robot) JobProgress: {'identifier': 'simple_robot', 'progress': 'install'}
[39.179366] (simple_robot) Command: {'cmd': ['/usr/bin/cmake', '--install', '/home/martina/rp_project/robot-programming-project/src/simple_robot/build/simple_robot'], 'cwd': '/home/martina/rp_project/robot-programming-project/src/simple_robot/build/simple_robot', 'env': OrderedDict([('GJS_DEBUG_TOPICS', 'JS ERROR;JS LOG'), ('LESSOPEN', '| /usr/bin/env /usr/bin/lesspipe %s 2>/dev/null'), ('CONDA_PROMPT_MODIFIER', '(base)'), ('LC_TIME', 'it_IT.UTF-8'), ('USER', 'martina'), ('XDG_SESSION_TYPE', 'wayland'), ('GIT_ASKPASS', '/usr/share/code/resources/app/extensions/git/dist/askpass.sh'), ('SHLVL', '2'), ('LD_LIBRARY_PATH', '/opt/ros/humble/opt/rviz_ogre_vendor/lib:/opt/ros/humble/lib/x86_64-linux-gnu:/opt/ros/humble/lib::/home/martina/.mujoco/mujoco210/bin:/usr/lib/nvidia:~/anaconda3/lib'), ('HOME', '/home/martina'), ('OLDPWD', '/home/martina/rp_project/robot-programming-project/src/simple_robot'), ('CHROME_DESKTOP', 'code.desktop'), ('TERMINFO', '/home/martina/.terminfo'), ('LESS', '-iRFXMx4'), ('CONDA_SHLVL', '1'), ('DESKTOP_SESSION', 'ubuntu'), ('TERM_PROGRAM_VERSION', '1.97.2'), ('GIO_LAUNCHED_DESKTOP_FILE', '/usr/share/applications/code.desktop'), ('LSCOLORS', 'ExGxDxDxCxDxDxFxFxexEx'), ('GTK_MODULES', 'gail:atk-bridge'), ('GNOME_SHELL_SESSION_MODE', 'ubuntu'), ('VSCODE_GIT_ASKPASS_MAIN', '/usr/share/code/resources/app/extensions/git/dist/askpass-main.js'), ('PAGER', 'less'), ('ROS_PYTHON_VERSION', '3'), ('LC_MONETARY', 'it_IT.UTF-8'), ('MANAGERPID', '887'), ('VSCODE_GIT_ASKPASS_NODE', '/usr/share/code/code'), ('SYSTEMD_EXEC_PID', '1152'), ('DBUS_SESSION_BUS_ADDRESS', 'unix:path=/run/user/1000/bus'), ('P9K_TTY', 'old'), ('GIO_LAUNCHED_DESKTOP_FILE_PID', '3260'), ('COLORTERM', 'truecolor'), ('_CE_M', ''), ('WAYLAND_DISPLAY', 'wayland-0'), ('INFOPATH', ''), ('ROS_DISTRO', 'humble'), ('COLCON_PREFIX_PATH', '/home/martina/rp_project/robot-programming-project/install'), ('LOGNAME', 'martina'), ('_', '/usr/bin/colcon'), ('JOURNAL_STREAM', '8:11413'), ('_P9K_SSH_TTY', '/dev/pts/2'), ('XDG_SESSION_CLASS', 'user'), ('USER_ZDOTDIR', '/home/martina'), ('ROS_VERSION', '2'), ('USERNAME', 'martina'), ('TERM', 'xterm-256color'), ('GNOME_DESKTOP_SESSION_ID', 'this-is-deprecated'), ('_CE_CONDA', ''), ('ROS_LOCALHOST_ONLY', '0'), ('PATH', '/opt/ros/humble/bin:/home/martina/.local/bin:/home/martina/.local/bin:/usr/lib/ccache:.:/home/martina/.mujoco/mujoco210/bin:/usr/lib/nvidia:/home/martina/anaconda3/condabin:/home/martina/bin:/home/martina/.local/bin:/usr/local/sbin:/usr/local/bin:/usr/sbin:/usr/bin:/sbin:/bin:/usr/games:/usr/local/games:/snap/bin:/home/martina/.cache/zsh4humans/v5/fzf/bin:/home/martina/other/install/bin'), ('SESSION_MANAGER', 'local/Martina-ThinkPad-X1-Yoga:@/tmp/.ICE-unix/1105,unix/Martina-ThinkPad-X1-Yoga:/tmp/.ICE-unix/1105'), ('INVOCATION_ID', 'abb78b4b018940349bd4da4c8fed9753'), ('LC_ADDRESS', 'it_IT.UTF-8'), ('XDG_RUNTIME_DIR', '/run/user/1000'), ('XDG_MENU_PREFIX', 'gnome-'), ('GNOME_SETUP_DISPLAY', ':1'), ('GDK_BACKEND', 'x11'), ('DISPLAY', ':0'), ('LANG', 'en_US.UTF-8'), ('LC_TELEPHONE', 'it_IT.UTF-8'), ('XDG_CURRENT_DESKTOP', 'Unity'), ('VSCODE_INJECTION', '1'), ('LD_PRELOAD', ':/usr/lib/x86_64-linux-gnu/libGLEW.so'), ('XDG_SESSION_DESKTOP', 'ubuntu'), ('XMODIFIERS', '@im=ibus'), ('XAUTHORITY', '/run/user/1000/.mutter-Xwaylandauth.L52E22'), ('TERM_PROGRAM', 'vscode'), ('VSCODE_GIT_IPC_HANDLE', '/run/user/1000/vscode-git-f640f2b3f6.sock'), ('LS_COLORS', 'fi=00:mi=00:mh=00:ln=01;36:or=01;31:di=01;34:ow=04;01;34:st=34:tw=04;34:pi=01;33:so=01;33:do=01;33:bd=01;33:cd=01;33:su=01;35:sg=01;35:ca=01;35:ex=01;32:no=38;5;248'), ('TREE_COLORS', 'fi=00:mi=00:mh=00:ln=01;36:or=01;31:di=01;34:ow=01;34:st=34:tw=34:pi=01;33:so=01;33:do=01;33:bd=01;33:cd=01;33:su=01;35:sg=01;35:ca=01;35:ex=01;32'), ('SSH_AGENT_LAUNCHER', 'gnome-keyring'), ('SSH_AUTH_SOCK', '/run/user/1000/keyring/ssh'), ('ORIGINAL_XDG_CURRENT_DESKTOP', 'ubuntu:GNOME'), ('CONDA_PYTHON_EXE', '/home/martina/anaconda3/bin/python'), ('AMENT_PREFIX_PATH', '/home/martina/rp_project/robot-programming-project/install/simple_robot:/opt/ros/humble'), ('LC_NAME', 'it_IT.UTF-8'), ('SHELL', '/usr/local/bin/zsh'), ('DEST', '/home/martina/other/install'), ('QT_ACCESSIBILITY', '1'), ('GDMSESSION', 'ubuntu'), ('CONDA_DEFAULT_ENV', 'base'), ('LC_MEASUREMENT', 'it_IT.UTF-8'), ('LC_IDENTIFICATION', 'it_IT.UTF-8'), ('GJS_DEBUG_OUTPUT', 'stderr'), ('P9K_SSH', '0'), ('QT_IM_MODULE', 'ibus'), ('VSCODE_GIT_ASKPASS_EXTRA_ARGS', ''), ('VSCODE_NONCE', '052e925b-acb5-444f-b870-f20c06506941'), ('LC_ALL', 'en_US.UTF-8'), ('PWD', '/home/martina/rp_project/robot-programming-project/src/simple_robot/build/simple_robot'), ('GPG_TTY', '/dev/pts/2'), ('XDG_DATA_DIRS', '/usr/local/share/:/usr/share/:/var/lib/snapd/desktop'), ('ZDOTDIR', '/home/martina'), ('_P9K_TTY', '/dev/pts/2'), ('CONDA_EXE', '/home/martina/anaconda3/bin/conda'), ('LC_NUMERIC', 'it_IT.UTF-8'), ('PYTHONPATH', '/opt/ros/humble/lib/python3.10/site-packages:/opt/ros/humble/local/lib/python3.10/dist-packages:/home/martina/other/install/lib/python3.10/site-packages/'), ('LC_PAPER', 'it_IT.UTF-8'), ('CONDA_PREFIX', '/home/martina/anaconda3'), ('COLCON', '1'), ('MANPATH', '/usr/local/share/man:/home/martina/.cache/zsh4humans/v5/fzf/man:'), ('CMAKE_PREFIX_PATH', '/home/martina/rp_project/robot-programming-project/install/simple_robot:/opt/ros/humble')]), 'shell': False}
[39.196366] (simple_robot) StdoutLine: {'line': b'-- Install configuration: ""\n'}
[39.197240] (simple_robot) StdoutLine: {'line': b'-- Installing: /home/martina/rp_project/robot-programming-project/src/simple_robot/install/simple_robot/lib/simple_robot/robot_map_node\n'}
[39.210792] (simple_robot) StdoutLine: {'line': b'-- Set runtime path of "/home/martina/rp_project/robot-programming-project/src/simple_robot/install/simple_robot/lib/simple_robot/robot_map_node" to ""\n'}
[39.212108] (simple_robot) StdoutLine: {'line': b'-- Up-to-date: /home/martina/rp_project/robot-programming-project/src/simple_robot/install/simple_robot/share/ament_index/resource_index/package_run_dependencies/simple_robot\n'}
[39.213008] (simple_robot) StdoutLine: {'line': b'-- Up-to-date: /home/martina/rp_project/robot-programming-project/src/simple_robot/install/simple_robot/share/ament_index/resource_index/parent_prefix_path/simple_robot\n'}
[39.213509] (simple_robot) StdoutLine: {'line': b'-- Up-to-date: /home/martina/rp_project/robot-programming-project/src/simple_robot/install/simple_robot/share/simple_robot/environment/ament_prefix_path.sh\n'}
[39.214014] (simple_robot) StdoutLine: {'line': b'-- Installing: /home/martina/rp_project/robot-programming-project/src/simple_robot/install/simple_robot/share/simple_robot/environment/ament_prefix_path.dsv\n'}
[39.215493] (simple_robot) StdoutLine: {'line': b'-- Up-to-date: /home/martina/rp_project/robot-programming-project/src/simple_robot/install/simple_robot/share/simple_robot/environment/path.sh\n'}
[39.216442] (simple_robot) StdoutLine: {'line': b'-- Installing: /home/martina/rp_project/robot-programming-project/src/simple_robot/install/simple_robot/share/simple_robot/environment/path.dsv\n'}
[39.217303] (simple_robot) StdoutLine: {'line': b'-- Up-to-date: /home/martina/rp_project/robot-programming-project/src/simple_robot/install/simple_robot/share/simple_robot/local_setup.bash\n'}
[39.217900] (simple_robot) StdoutLine: {'line': b'-- Up-to-date: /home/martina/rp_project/robot-programming-project/src/simple_robot/install/simple_robot/share/simple_robot/local_setup.sh\n'}
[39.218457] (simple_robot) StdoutLine: {'line': b'-- Up-to-date: /home/martina/rp_project/robot-programming-project/src/simple_robot/install/simple_robot/share/simple_robot/local_setup.zsh\n'}
[39.218717] (simple_robot) StdoutLine: {'line': b'-- Installing: /home/martina/rp_project/robot-programming-project/src/simple_robot/install/simple_robot/share/simple_robot/local_setup.dsv\n'}
[39.221462] (simple_robot) StdoutLine: {'line': b'-- Installing: /home/martina/rp_project/robot-programming-project/src/simple_robot/install/simple_robot/share/simple_robot/package.dsv\n'}
[39.221763] (simple_robot) StdoutLine: {'line': b'-- Up-to-date: /home/martina/rp_project/robot-programming-project/src/simple_robot/install/simple_robot/share/ament_index/resource_index/packages/simple_robot\n'}
[39.221975] (simple_robot) StdoutLine: {'line': b'-- Up-to-date: /home/martina/rp_project/robot-programming-project/src/simple_robot/install/simple_robot/share/simple_robot/cmake/simple_robotConfig.cmake\n'}
[39.222158] (simple_robot) StdoutLine: {'line': b'-- Up-to-date: /home/martina/rp_project/robot-programming-project/src/simple_robot/install/simple_robot/share/simple_robot/cmake/simple_robotConfig-version.cmake\n'}
[39.222352] (simple_robot) StdoutLine: {'line': b'-- Up-to-date: /home/martina/rp_project/robot-programming-project/src/simple_robot/install/simple_robot/share/simple_robot/package.xml\n'}
[39.224305] (simple_robot) CommandEnded: {'returncode': 0}
[39.234803] (-) TimerEvent: {}
[39.269543] (simple_robot) JobEnded: {'identifier': 'simple_robot', 'rc': 0}
[39.270591] (-) EventReactorShutdown: {}
