[0.023s] Invoking command in '/home/martina/rp_project/robot-programming-project/src/simple_robot/build/simple_robot': CMAKE_PREFIX_PATH=${CMAKE_PREFIX_PATH}:/opt/ros/humble CONDA_PROMPT_MODIFIER=(base) /usr/bin/cmake /home/martina/rp_project/robot-programming-project/src/simple_robot -DCMAKE_INSTALL_PREFIX=/home/martina/rp_project/robot-programming-project/src/simple_robot/install/simple_robot
[0.143s] -- The C compiler identification is GNU 11.4.0
[0.270s] -- The CXX compiler identification is GNU 11.4.0
[0.294s] -- Detecting C compiler ABI info
[0.453s] -- Detecting C compiler ABI info - done
[0.476s] -- Check for working C compiler: /usr/lib/ccache/cc - skipped
[0.482s] -- Detecting C compile features
[0.482s] -- Detecting C compile features - done
[0.491s] -- Detecting CXX compiler ABI info
[0.661s] -- Detecting CXX compiler ABI info - done
[0.674s] -- Check for working CXX compiler: /usr/lib/ccache/c++ - skipped
[0.674s] -- Detecting CXX compile features
[0.675s] -- Detecting CXX compile features - done
[0.694s] -- Found OpenCV: /usr (found suitable version "4.5.4", minimum required is "4.5.4") 
[0.697s] -- Found ament_cmake: 1.3.11 (/opt/ros/humble/share/ament_cmake/cmake)
[0.978s] -- Found Python3: /usr/bin/python3 (found version "3.10.12") found components: Interpreter 
[1.128s] -- Found rclcpp: 16.0.11 (/opt/ros/humble/share/rclcpp/cmake)
[1.195s] -- Found rosidl_generator_c: 3.1.6 (/opt/ros/humble/share/rosidl_generator_c/cmake)
[1.202s] -- Found rosidl_adapter: 3.1.6 (/opt/ros/humble/share/rosidl_adapter/cmake)
[1.217s] -- Found rosidl_generator_cpp: 3.1.6 (/opt/ros/humble/share/rosidl_generator_cpp/cmake)
[1.239s] -- Using all available rosidl_typesupport_c: rosidl_typesupport_fastrtps_c;rosidl_typesupport_introspection_c
[1.267s] -- Using all available rosidl_typesupport_cpp: rosidl_typesupport_fastrtps_cpp;rosidl_typesupport_introspection_cpp
[1.347s] -- Found rmw_implementation_cmake: 6.1.2 (/opt/ros/humble/share/rmw_implementation_cmake/cmake)
[1.351s] -- Found rmw_fastrtps_cpp: 6.2.7 (/opt/ros/humble/share/rmw_fastrtps_cpp/cmake)
[1.555s] -- Found OpenSSL: /usr/lib/x86_64-linux-gnu/libcrypto.so (found version "3.0.2")  
[1.624s] -- Found FastRTPS: /opt/ros/humble/include  
[1.737s] -- Using RMW implementation 'rmw_fastrtps_cpp' as default
[1.751s] -- Looking for pthread.h
[1.974s] -- Looking for pthread.h - found
[1.974s] -- Performing Test CMAKE_HAVE_LIBC_PTHREAD
[2.174s] -- Performing Test CMAKE_HAVE_LIBC_PTHREAD - Success
[2.177s] -- Found Threads: TRUE  
[2.330s] -- Found OpenCV: /usr (found version "4.5.4") 
[2.460s] -- DATA_DIR: /home/martina/rp_project/robot-programming-project/src/simple_robot/data
[2.461s] -- Configuring done
[2.528s] -- Generating done
[2.548s] -- Build files have been written to: /home/martina/rp_project/robot-programming-project/src/simple_robot/build/simple_robot
[2.575s] Invoked command in '/home/martina/rp_project/robot-programming-project/src/simple_robot/build/simple_robot' returned '0': CMAKE_PREFIX_PATH=${CMAKE_PREFIX_PATH}:/opt/ros/humble CONDA_PROMPT_MODIFIER=(base) /usr/bin/cmake /home/martina/rp_project/robot-programming-project/src/simple_robot -DCMAKE_INSTALL_PREFIX=/home/martina/rp_project/robot-programming-project/src/simple_robot/install/simple_robot
[2.577s] Invoking command in '/home/martina/rp_project/robot-programming-project/src/simple_robot/build/simple_robot': CMAKE_PREFIX_PATH=${CMAKE_PREFIX_PATH}:/opt/ros/humble CONDA_PROMPT_MODIFIER=(base) /usr/bin/cmake --build /home/martina/rp_project/robot-programming-project/src/simple_robot/build/simple_robot -- -j4 -l4
[2.699s] [35m[1mConsolidate compiler generated dependencies of target grid_map[0m
[2.700s] [35m[1mConsolidate compiler generated dependencies of target robot_map_node[0m
[2.749s] [  5%] [32mBuilding CXX object CMakeFiles/robot_node.dir/src/robot_node.cpp.o[0m
[2.790s] [ 35%] Built target grid_map
[2.819s] [ 41%] [32mBuilding CXX object CMakeFiles/robot_map_node.dir/src/main.cpp.o[0m
[2.860s] [35m[1mConsolidate compiler generated dependencies of target test_map[0m
[2.884s] [35m[1mConsolidate compiler generated dependencies of target test_robot[0m
[2.974s] [ 52%] Built target test_map
[2.992s] [ 64%] Built target test_robot
[3.925s] [01m[K/home/martina/rp_project/robot-programming-project/src/simple_robot/src/main.cpp:3:10:[m[K [01;31m[Kfatal error: [m[Kstd_msgs/msg/float32.hpp: No such file or directory
[3.929s]     3 | #include [01;31m[K"std_msgs/msg/float32.hpp"[m[K
[3.929s]       |          [01;31m[K^~~~~~~~~~~~~~~~~~~~~~~~~~[m[K
[3.932s] compilation terminated.
[3.936s] gmake[2]: *** [CMakeFiles/robot_map_node.dir/build.make:132: CMakeFiles/robot_map_node.dir/src/main.cpp.o] Error 1
[3.937s] gmake[1]: *** [CMakeFiles/Makefile2:202: CMakeFiles/robot_map_node.dir/all] Error 2
[3.940s] gmake[1]: *** Waiting for unfinished jobs....
[3.940s] [01m[K/home/martina/rp_project/robot-programming-project/src/simple_robot/src/robot_node.cpp:3:10:[m[K [01;31m[Kfatal error: [m[Kgeometry_msgs/msg/pose2_d.hpp: No such file or directory
[3.941s]     3 | #include [01;31m[K"geometry_msgs/msg/pose2_d.hpp"[m[K
[3.942s]       |          [01;31m[K^~~~~~~~~~~~~~~~~~~~~~~~~~~~~~~[m[K
[3.943s] compilation terminated.
[3.946s] gmake[2]: *** [CMakeFiles/robot_node.dir/build.make:76: CMakeFiles/robot_node.dir/src/robot_node.cpp.o] Error 1
[3.948s] gmake[1]: *** [CMakeFiles/Makefile2:176: CMakeFiles/robot_node.dir/all] Error 2
[3.948s] gmake: *** [Makefile:146: all] Error 2
[3.958s] Invoked command in '/home/martina/rp_project/robot-programming-project/src/simple_robot/build/simple_robot' returned '2': CMAKE_PREFIX_PATH=${CMAKE_PREFIX_PATH}:/opt/ros/humble CONDA_PROMPT_MODIFIER=(base) /usr/bin/cmake --build /home/martina/rp_project/robot-programming-project/src/simple_robot/build/simple_robot -- -j4 -l4
