-- The C compiler identification is GNU 11.4.0
-- The CXX compiler identification is GNU 11.4.0
-- Detecting C compiler ABI info
-- Detecting C compiler ABI info - done
-- Check for working C compiler: /usr/lib/ccache/cc - skipped
-- Detecting C compile features
-- Detecting C compile features - done
-- Detecting CXX compiler ABI info
-- Detecting CXX compiler ABI info - done
-- Check for working CXX compiler: /usr/lib/ccache/c++ - skipped
-- Detecting CXX compile features
-- Detecting CXX compile features - done
-- Found OpenCV: /usr (found suitable version "4.5.4", minimum required is "4.5.4") 
-- Found ament_cmake: 1.3.11 (/opt/ros/humble/share/ament_cmake/cmake)
-- Found Python3: /usr/bin/python3 (found version "3.10.12") found components: Interpreter 
-- Found OpenCV: /usr (found version "4.5.4") 
-- DATA_DIR: /home/martina/rp_project/robot-programming-project/src/simple_robot/data
-- Configuring done
-- Generating done
-- Build files have been written to: /home/martina/rp_project/robot-programming-project/build/simple_robot
[  8%] [32mBuilding CXX object src/CMakeFiles/grid_map.dir/grid_map.cpp.o[0m
[ 16%] [32mBuilding CXX object CMakeFiles/tests.dir/test/test_robot.cpp.o[0m
[ 25%] [32mBuilding CXX object src/CMakeFiles/grid_map.dir/map_utils.cpp.o[0m
[ 33%] [32mBuilding CXX object CMakeFiles/tests.dir/test/test_map.cpp.o[0m
[ 41%] [32mBuilding CXX object src/CMakeFiles/grid_map.dir/robot.cpp.o[0m
[ 50%] [32m[1mLinking CXX executable tests[0m
[ 58%] [32mBuilding CXX object src/CMakeFiles/grid_map.dir/dmap.cpp.o[0m
[ 66%] [32m[1mLinking CXX shared library libgrid_map.so[0m
[ 66%] Built target grid_map
