[0.033s] Invoking command in '/home/martina/rp_project/robot-programming-project/build/simple_robot': CMAKE_PREFIX_PATH=${CMAKE_PREFIX_PATH}:/opt/ros/humble CONDA_PROMPT_MODIFIER=(base) /usr/bin/cmake /home/martina/rp_project/robot-programming-project/src/simple_robot -DCMAKE_INSTALL_PREFIX=/home/martina/rp_project/robot-programming-project/install/simple_robot
[0.213s] -- The C compiler identification is GNU 11.4.0
[0.334s] -- The CXX compiler identification is GNU 11.4.0
[0.362s] -- Detecting C compiler ABI info
[0.492s] -- Detecting C compiler ABI info - done
[0.502s] -- Check for working C compiler: /usr/lib/ccache/cc - skipped
[0.503s] -- Detecting C compile features
[0.504s] -- Detecting C compile features - done
[0.511s] -- Detecting CXX compiler ABI info
[0.661s] -- Detecting CXX compiler ABI info - done
[0.674s] -- Check for working CXX compiler: /usr/lib/ccache/c++ - skipped
[0.674s] -- Detecting CXX compile features
[0.675s] -- Detecting CXX compile features - done
[0.705s] -- Found OpenCV: /usr (found suitable version "4.5.4", minimum required is "4.5.4") 
[0.711s] -- Found ament_cmake: 1.3.11 (/opt/ros/humble/share/ament_cmake/cmake)
[0.950s] -- Found Python3: /usr/bin/python3 (found version "3.10.12") found components: Interpreter 
[1.096s] -- Found OpenCV: /usr (found version "4.5.4") 
[1.097s] -- DATA_DIR: /home/martina/rp_project/robot-programming-project/src/simple_robot/data
[1.098s] -- Configuring done
[1.124s] -- Generating done
[1.132s] -- Build files have been written to: /home/martina/rp_project/robot-programming-project/build/simple_robot
[1.141s] Invoked command in '/home/martina/rp_project/robot-programming-project/build/simple_robot' returned '0': CMAKE_PREFIX_PATH=${CMAKE_PREFIX_PATH}:/opt/ros/humble CONDA_PROMPT_MODIFIER=(base) /usr/bin/cmake /home/martina/rp_project/robot-programming-project/src/simple_robot -DCMAKE_INSTALL_PREFIX=/home/martina/rp_project/robot-programming-project/install/simple_robot
[1.143s] Invoking command in '/home/martina/rp_project/robot-programming-project/build/simple_robot': CMAKE_PREFIX_PATH=${CMAKE_PREFIX_PATH}:/opt/ros/humble CONDA_PROMPT_MODIFIER=(base) /usr/bin/cmake --build /home/martina/rp_project/robot-programming-project/build/simple_robot -- -j4 -l4
[1.261s] [  8%] [32mBuilding CXX object src/CMakeFiles/grid_map.dir/grid_map.cpp.o[0m
[1.261s] [ 16%] [32mBuilding CXX object CMakeFiles/tests.dir/test/test_robot.cpp.o[0m
[1.263s] [ 25%] [32mBuilding CXX object src/CMakeFiles/grid_map.dir/map_utils.cpp.o[0m
[1.268s] [ 33%] [32mBuilding CXX object CMakeFiles/tests.dir/test/test_map.cpp.o[0m
[8.762s] [ 41%] [32mBuilding CXX object src/CMakeFiles/grid_map.dir/robot.cpp.o[0m
[9.632s] [ 50%] [32m[1mLinking CXX executable tests[0m
[9.693s] /usr/bin/ld: CMakeFiles/tests.dir/test/test_robot.cpp.o: in function `main':
[9.693s] test_robot.cpp:(.text+0x0): multiple definition of `main'; CMakeFiles/tests.dir/test/test_map.cpp.o:test_map.cpp:(.text+0x0): first defined here
[9.769s] [ 58%] [32mBuilding CXX object src/CMakeFiles/grid_map.dir/dmap.cpp.o[0m
[9.850s] /usr/bin/ld: CMakeFiles/tests.dir/test/test_map.cpp.o: in function `main':
[9.855s] test_map.cpp:(.text+0xe6): undefined reference to `GridMap::GridMap(int, int, float)'
[9.855s] /usr/bin/ld: test_map.cpp:(.text+0x122): undefined reference to `GridMap::loadFromImage(std::__cxx11::basic_string<char, std::char_traits<char>, std::allocator<char> >, float)'
[9.855s] /usr/bin/ld: test_map.cpp:(.text+0x140): undefined reference to `cv::Mat::Mat()'
[9.855s] /usr/bin/ld: test_map.cpp:(.text+0x19d): undefined reference to `GridMap::draw(cv::Mat&) const'
[9.855s] /usr/bin/ld: test_map.cpp:(.text+0x23b): undefined reference to `GridMap::scanRay(Eigen::Matrix<float, 2, 1, 0, 2, 1>&, Eigen::Matrix<float, 2, 1, 0, 2, 1> const&, Eigen::Matrix<float, 2, 1, 0, 2, 1> const&, float) const'
[9.855s] /usr/bin/ld: test_map.cpp:(.text+0x416): undefined reference to `drawLine(cv::Mat&, Eigen::Matrix<int, 2, 1, 0, 2, 1> const&, Eigen::Matrix<int, 2, 1, 0, 2, 1> const&, unsigned char)'
[9.855s] /usr/bin/ld: test_map.cpp:(.text+0x48c): undefined reference to `drawCircle(cv::Mat&, Eigen::Matrix<int, 2, 1, 0, 2, 1> const&, int, unsigned char)'
[9.856s] /usr/bin/ld: test_map.cpp:(.text+0x4a0): undefined reference to `showCanvas(cv::Mat&, int)'
[9.856s] /usr/bin/ld: test_map.cpp:(.text+0x570): undefined reference to `cv::Mat::~Mat()'
[9.858s] /usr/bin/ld: CMakeFiles/tests.dir/test/test_robot.cpp.o: in function `main':
[9.860s] test_robot.cpp:(.text+0xbb): undefined reference to `GridMap::GridMap(int, int, float)'
[9.860s] /usr/bin/ld: test_robot.cpp:(.text+0xf7): undefined reference to `GridMap::loadFromImage(std::__cxx11::basic_string<char, std::char_traits<char>, std::allocator<char> >, float)'
[9.860s] /usr/bin/ld: test_robot.cpp:(.text+0x115): undefined reference to `cv::Mat::Mat()'
[9.860s] /usr/bin/ld: test_robot.cpp:(.text+0x136): undefined reference to `Robot::Robot(float, float)'
[9.861s] /usr/bin/ld: test_robot.cpp:(.text+0x179): undefined reference to `GridMap::draw(cv::Mat&) const'
[9.861s] /usr/bin/ld: test_robot.cpp:(.text+0x277): undefined reference to `Robot::step(float, float)'
[9.861s] /usr/bin/ld: test_robot.cpp:(.text+0x290): undefined reference to `Robot::getPosition() const'
[9.861s] /usr/bin/ld: test_robot.cpp:(.text+0x2c9): undefined reference to `Robot::getPosition() const'
[9.861s] /usr/bin/ld: test_robot.cpp:(.text+0x31e): undefined reference to `Robot::getPosition() const'
[9.861s] /usr/bin/ld: test_robot.cpp:(.text+0x37c): undefined reference to `GridMap::is_colliding(float, float) const'
[9.861s] /usr/bin/ld: test_robot.cpp:(.text+0x3e6): undefined reference to `Robot::step(float, float)'
[9.861s] /usr/bin/ld: test_robot.cpp:(.text+0x40e): undefined reference to `Robot::draw(cv::Mat&, GridMap const&, unsigned char, int)'
[9.862s] /usr/bin/ld: test_robot.cpp:(.text+0x422): undefined reference to `showCanvas(cv::Mat&, int)'
[9.862s] /usr/bin/ld: test_robot.cpp:(.text+0x494): undefined reference to `cv::Mat::~Mat()'
[9.880s] collect2: error: ld returned 1 exit status
[9.881s] gmake[2]: *** [CMakeFiles/tests.dir/build.make:113: tests] Error 1
[9.881s] gmake[1]: *** [CMakeFiles/Makefile2:174: CMakeFiles/tests.dir/all] Error 2
[9.881s] gmake[1]: *** Waiting for unfinished jobs....
[13.815s] [ 66%] [32m[1mLinking CXX shared library libgrid_map.so[0m
[14.086s] [ 66%] Built target grid_map
[14.088s] gmake: *** [Makefile:101: all] Error 2
[14.092s] Invoked command in '/home/martina/rp_project/robot-programming-project/build/simple_robot' returned '2': CMAKE_PREFIX_PATH=${CMAKE_PREFIX_PATH}:/opt/ros/humble CONDA_PROMPT_MODIFIER=(base) /usr/bin/cmake --build /home/martina/rp_project/robot-programming-project/build/simple_robot -- -j4 -l4
