[01m[K/home/martina/rp_project/robot-programming-project/src/simple_robot/src/main.cpp:[m[K In member function ‘[01m[Kvoid KeyboardControlNode::key_callback(std_msgs::msg::Int32_<std::allocator<void> >::SharedPtr)[m[K’:
[01m[K/home/martina/rp_project/robot-programming-project/src/simple_robot/src/main.cpp:60:18:[m[K [01;31m[Kerror: [m[Kdeclaration of ‘[01m[Kauto msg[m[K’ shadows a parameter
   60 |             auto [01;31m[Kmsg[m[K = std_msgs::msg::Float32();
      |                  [01;31m[K^~~[m[K
[01m[K/home/martina/rp_project/robot-programming-project/src/simple_robot/src/main.cpp:36:61:[m[K [01;36m[Knote: [m[K‘[01m[Kconst SharedPtr msg[m[K’ previously declared here
   36 |     void key_callback([01;36m[Kconst std_msgs::msg::Int32::SharedPtr msg[m[K) {
      |                       [01;36m[K~~~~~~~~~~~~~~~~~~~~~~~~~~~~~~~~~~~~~~^~~[m[K
gmake[2]: *** [CMakeFiles/robot_map_node.dir/build.make:132: CMakeFiles/robot_map_node.dir/src/main.cpp.o] Error 1
gmake[1]: *** [CMakeFiles/Makefile2:154: CMakeFiles/robot_map_node.dir/all] Error 2
gmake[1]: *** Waiting for unfinished jobs....
[01m[K/home/martina/rp_project/robot-programming-project/src/simple_robot/src/main.cpp:[m[K In member function ‘[01m[Kvoid KeyboardControlNode::key_callback(std_msgs::msg::Int32_<std::allocator<void> >::SharedPtr)[m[K’:
[01m[K/home/martina/rp_project/robot-programming-project/src/simple_robot/src/main.cpp:60:18:[m[K [01;31m[Kerror: [m[Kdeclaration of ‘[01m[Kauto msg[m[K’ shadows a parameter
   60 |             auto [01;31m[Kmsg[m[K = std_msgs::msg::Float32();
      |                  [01;31m[K^~~[m[K
[01m[K/home/martina/rp_project/robot-programming-project/src/simple_robot/src/main.cpp:36:61:[m[K [01;36m[Knote: [m[K‘[01m[Kconst SharedPtr msg[m[K’ previously declared here
   36 |     void key_callback([01;36m[Kconst std_msgs::msg::Int32::SharedPtr msg[m[K) {
      |                       [01;36m[K~~~~~~~~~~~~~~~~~~~~~~~~~~~~~~~~~~~~~~^~~[m[K
gmake[2]: *** [src/CMakeFiles/grid_map.dir/build.make:132: src/CMakeFiles/grid_map.dir/main.cpp.o] Error 1
gmake[1]: *** [CMakeFiles/Makefile2:180: src/CMakeFiles/grid_map.dir/all] Error 2
gmake: *** [Makefile:146: all] Error 2
