[0.000000] (-) TimerEvent: {}
[0.001333] (simple_robot) JobQueued: {'identifier': 'simple_robot', 'dependencies': OrderedDict()}
[0.001743] (simple_robot) JobStarted: {'identifier': 'simple_robot'}
[0.024444] (simple_robot) JobProgress: {'identifier': 'simple_robot', 'progress': 'cmake'}
[0.025522] (simple_robot) Command: {'cmd': ['/usr/bin/cmake', '/home/martina/rp_project/robot-programming-project/src/simple_robot', '-DCMAKE_INSTALL_PREFIX=/home/martina/rp_project/robot-programming-project/src/simple_robot/install/simple_robot'], 'cwd': '/home/martina/rp_project/robot-programming-project/src/simple_robot/build/simple_robot', 'env': OrderedDict([('GJS_DEBUG_TOPICS', 'JS ERROR;JS LOG'), ('LESSOPEN', '| /usr/bin/env /usr/bin/lesspipe %s 2>/dev/null'), ('CONDA_PROMPT_MODIFIER', '(base)'), ('LC_TIME', 'it_IT.UTF-8'), ('USER', 'martina'), ('XDG_SESSION_TYPE', 'wayland'), ('GIT_ASKPASS', '/usr/share/code/resources/app/extensions/git/dist/askpass.sh'), ('SHLVL', '2'), ('LD_LIBRARY_PATH', '/opt/ros/humble/opt/rviz_ogre_vendor/lib:/opt/ros/humble/lib/x86_64-linux-gnu:/opt/ros/humble/lib::/home/martina/.mujoco/mujoco210/bin:/usr/lib/nvidia:~/anaconda3/lib'), ('HOME', '/home/martina'), ('OLDPWD', '/home/martina/rp_project/robot-programming-project/src/simple_robot'), ('CHROME_DESKTOP', 'code.desktop'), ('TERMINFO', '/home/martina/.terminfo'), ('LESS', '-iRFXMx4'), ('CONDA_SHLVL', '1'), ('DESKTOP_SESSION', 'ubuntu'), ('TERM_PROGRAM_VERSION', '1.97.2'), ('GIO_LAUNCHED_DESKTOP_FILE', '/usr/share/applications/code.desktop'), ('LSCOLORS', 'ExGxDxDxCxDxDxFxFxexEx'), ('GTK_MODULES', 'gail:atk-bridge'), ('GNOME_SHELL_SESSION_MODE', 'ubuntu'), ('VSCODE_GIT_ASKPASS_MAIN', '/usr/share/code/resources/app/extensions/git/dist/askpass-main.js'), ('PAGER', 'less'), ('ROS_PYTHON_VERSION', '3'), ('LC_MONETARY', 'it_IT.UTF-8'), ('MANAGERPID', '887'), ('VSCODE_GIT_ASKPASS_NODE', '/usr/share/code/code'), ('SYSTEMD_EXEC_PID', '1152'), ('DBUS_SESSION_BUS_ADDRESS', 'unix:path=/run/user/1000/bus'), ('P9K_TTY', 'old'), ('GIO_LAUNCHED_DESKTOP_FILE_PID', '3260'), ('COLORTERM', 'truecolor'), ('_CE_M', ''), ('WAYLAND_DISPLAY', 'wayland-0'), ('INFOPATH', ''), ('ROS_DISTRO', 'humble'), ('COLCON_PREFIX_PATH', '/home/martina/rp_project/robot-programming-project/install'), ('LOGNAME', 'martina'), ('_', '/usr/bin/colcon'), ('JOURNAL_STREAM', '8:11413'), ('_P9K_SSH_TTY', '/dev/pts/5'), ('XDG_SESSION_CLASS', 'user'), ('USER_ZDOTDIR', '/home/martina'), ('ROS_VERSION', '2'), ('USERNAME', 'martina'), ('TERM', 'xterm-256color'), ('GNOME_DESKTOP_SESSION_ID', 'this-is-deprecated'), ('_CE_CONDA', ''), ('ROS_LOCALHOST_ONLY', '0'), ('PATH', '/opt/ros/humble/bin:/home/martina/.local/bin:/home/martina/.local/bin:/usr/lib/ccache:.:/home/martina/.mujoco/mujoco210/bin:/usr/lib/nvidia:/home/martina/anaconda3/condabin:/home/martina/bin:/home/martina/.local/bin:/usr/local/sbin:/usr/local/bin:/usr/sbin:/usr/bin:/sbin:/bin:/usr/games:/usr/local/games:/snap/bin:/home/martina/.cache/zsh4humans/v5/fzf/bin:/home/martina/other/install/bin'), ('SESSION_MANAGER', 'local/Martina-ThinkPad-X1-Yoga:@/tmp/.ICE-unix/1105,unix/Martina-ThinkPad-X1-Yoga:/tmp/.ICE-unix/1105'), ('INVOCATION_ID', 'abb78b4b018940349bd4da4c8fed9753'), ('LC_ADDRESS', 'it_IT.UTF-8'), ('XDG_RUNTIME_DIR', '/run/user/1000'), ('XDG_MENU_PREFIX', 'gnome-'), ('GNOME_SETUP_DISPLAY', ':1'), ('GDK_BACKEND', 'x11'), ('DISPLAY', ':0'), ('LANG', 'en_US.UTF-8'), ('LC_TELEPHONE', 'it_IT.UTF-8'), ('XDG_CURRENT_DESKTOP', 'Unity'), ('VSCODE_INJECTION', '1'), ('LD_PRELOAD', ':/usr/lib/x86_64-linux-gnu/libGLEW.so'), ('XDG_SESSION_DESKTOP', 'ubuntu'), ('XMODIFIERS', '@im=ibus'), ('XAUTHORITY', '/run/user/1000/.mutter-Xwaylandauth.L52E22'), ('TERM_PROGRAM', 'vscode'), ('VSCODE_GIT_IPC_HANDLE', '/run/user/1000/vscode-git-f640f2b3f6.sock'), ('LS_COLORS', 'fi=00:mi=00:mh=00:ln=01;36:or=01;31:di=01;34:ow=04;01;34:st=34:tw=04;34:pi=01;33:so=01;33:do=01;33:bd=01;33:cd=01;33:su=01;35:sg=01;35:ca=01;35:ex=01;32:no=38;5;248'), ('TREE_COLORS', 'fi=00:mi=00:mh=00:ln=01;36:or=01;31:di=01;34:ow=01;34:st=34:tw=34:pi=01;33:so=01;33:do=01;33:bd=01;33:cd=01;33:su=01;35:sg=01;35:ca=01;35:ex=01;32'), ('SSH_AGENT_LAUNCHER', 'gnome-keyring'), ('SSH_AUTH_SOCK', '/run/user/1000/keyring/ssh'), ('ORIGINAL_XDG_CURRENT_DESKTOP', 'ubuntu:GNOME'), ('CONDA_PYTHON_EXE', '/home/martina/anaconda3/bin/python'), ('AMENT_PREFIX_PATH', '/home/martina/rp_project/robot-programming-project/install/simple_robot:/opt/ros/humble'), ('LC_NAME', 'it_IT.UTF-8'), ('SHELL', '/usr/local/bin/zsh'), ('DEST', '/home/martina/other/install'), ('QT_ACCESSIBILITY', '1'), ('GDMSESSION', 'ubuntu'), ('CONDA_DEFAULT_ENV', 'base'), ('LC_MEASUREMENT', 'it_IT.UTF-8'), ('LC_IDENTIFICATION', 'it_IT.UTF-8'), ('GJS_DEBUG_OUTPUT', 'stderr'), ('P9K_SSH', '0'), ('QT_IM_MODULE', 'ibus'), ('VSCODE_GIT_ASKPASS_EXTRA_ARGS', ''), ('VSCODE_NONCE', '6b07265e-46af-412a-ae8b-c93e2b7fb3db'), ('LC_ALL', 'en_US.UTF-8'), ('PWD', '/home/martina/rp_project/robot-programming-project/src/simple_robot/build/simple_robot'), ('GPG_TTY', '/dev/pts/5'), ('XDG_DATA_DIRS', '/usr/local/share/:/usr/share/:/var/lib/snapd/desktop'), ('ZDOTDIR', '/home/martina'), ('_P9K_TTY', '/dev/pts/5'), ('CONDA_EXE', '/home/martina/anaconda3/bin/conda'), ('LC_NUMERIC', 'it_IT.UTF-8'), ('PYTHONPATH', '/opt/ros/humble/lib/python3.10/site-packages:/opt/ros/humble/local/lib/python3.10/dist-packages:/home/martina/other/install/lib/python3.10/site-packages/'), ('LC_PAPER', 'it_IT.UTF-8'), ('CONDA_PREFIX', '/home/martina/anaconda3'), ('COLCON', '1'), ('MANPATH', '/usr/local/share/man:/home/martina/.cache/zsh4humans/v5/fzf/man:'), ('CMAKE_PREFIX_PATH', '/home/martina/rp_project/robot-programming-project/install/simple_robot:/opt/ros/humble')]), 'shell': False}
[0.099218] (-) TimerEvent: {}
[0.199582] (-) TimerEvent: {}
[0.217606] (simple_robot) StdoutLine: {'line': b'-- The C compiler identification is GNU 11.4.0\n'}
[0.299721] (-) TimerEvent: {}
[0.395711] (simple_robot) StdoutLine: {'line': b'-- The CXX compiler identification is GNU 11.4.0\n'}
[0.399851] (-) TimerEvent: {}
[0.430337] (simple_robot) StdoutLine: {'line': b'-- Detecting C compiler ABI info\n'}
[0.501438] (-) TimerEvent: {}
[0.601881] (-) TimerEvent: {}
[0.682079] (simple_robot) StdoutLine: {'line': b'-- Detecting C compiler ABI info - done\n'}
[0.702021] (-) TimerEvent: {}
[0.706653] (simple_robot) StdoutLine: {'line': b'-- Check for working C compiler: /usr/lib/ccache/cc - skipped\n'}
[0.712885] (simple_robot) StdoutLine: {'line': b'-- Detecting C compile features\n'}
[0.713278] (simple_robot) StdoutLine: {'line': b'-- Detecting C compile features - done\n'}
[0.718405] (simple_robot) StdoutLine: {'line': b'-- Detecting CXX compiler ABI info\n'}
[0.802160] (-) TimerEvent: {}
[0.905424] (-) TimerEvent: {}
[0.968098] (simple_robot) StdoutLine: {'line': b'-- Detecting CXX compiler ABI info - done\n'}
[0.992373] (simple_robot) StdoutLine: {'line': b'-- Check for working CXX compiler: /usr/lib/ccache/c++ - skipped\n'}
[0.993882] (simple_robot) StdoutLine: {'line': b'-- Detecting CXX compile features\n'}
[0.995518] (simple_robot) StdoutLine: {'line': b'-- Detecting CXX compile features - done\n'}
[1.007004] (-) TimerEvent: {}
[1.021060] (simple_robot) StdoutLine: {'line': b'-- Found OpenCV: /usr (found suitable version "4.5.4", minimum required is "4.5.4") \n'}
[1.027181] (simple_robot) StdoutLine: {'line': b'-- Found ament_cmake: 1.3.11 (/opt/ros/humble/share/ament_cmake/cmake)\n'}
[1.107791] (-) TimerEvent: {}
[1.208682] (-) TimerEvent: {}
[1.309957] (-) TimerEvent: {}
[1.412609] (-) TimerEvent: {}
[1.438060] (simple_robot) StdoutLine: {'line': b'-- Found Python3: /usr/bin/python3 (found version "3.10.12") found components: Interpreter \n'}
[1.512760] (-) TimerEvent: {}
[1.614572] (-) TimerEvent: {}
[1.678491] (simple_robot) StdoutLine: {'line': b'-- Found rclcpp: 16.0.11 (/opt/ros/humble/share/rclcpp/cmake)\n'}
[1.717434] (-) TimerEvent: {}
[1.785481] (simple_robot) StdoutLine: {'line': b'-- Found rosidl_generator_c: 3.1.6 (/opt/ros/humble/share/rosidl_generator_c/cmake)\n'}
[1.797011] (simple_robot) StdoutLine: {'line': b'-- Found rosidl_adapter: 3.1.6 (/opt/ros/humble/share/rosidl_adapter/cmake)\n'}
[1.817571] (-) TimerEvent: {}
[1.825990] (simple_robot) StdoutLine: {'line': b'-- Found rosidl_generator_cpp: 3.1.6 (/opt/ros/humble/share/rosidl_generator_cpp/cmake)\n'}
[1.867242] (simple_robot) StdoutLine: {'line': b'-- Using all available rosidl_typesupport_c: rosidl_typesupport_fastrtps_c;rosidl_typesupport_introspection_c\n'}
[1.913534] (simple_robot) StdoutLine: {'line': b'-- Using all available rosidl_typesupport_cpp: rosidl_typesupport_fastrtps_cpp;rosidl_typesupport_introspection_cpp\n'}
[1.917723] (-) TimerEvent: {}
[2.018446] (-) TimerEvent: {}
[2.077183] (simple_robot) StdoutLine: {'line': b'-- Found rmw_implementation_cmake: 6.1.2 (/opt/ros/humble/share/rmw_implementation_cmake/cmake)\n'}
[2.091863] (simple_robot) StdoutLine: {'line': b'-- Found rmw_fastrtps_cpp: 6.2.7 (/opt/ros/humble/share/rmw_fastrtps_cpp/cmake)\n'}
[2.119289] (-) TimerEvent: {}
[2.219674] (-) TimerEvent: {}
[2.320057] (-) TimerEvent: {}
[2.364713] (simple_robot) StdoutLine: {'line': b'-- Found OpenSSL: /usr/lib/x86_64-linux-gnu/libcrypto.so (found version "3.0.2")  \n'}
[2.417628] (simple_robot) StdoutLine: {'line': b'-- Found FastRTPS: /opt/ros/humble/include  \n'}
[2.420175] (-) TimerEvent: {}
[2.506117] (simple_robot) StdoutLine: {'line': b"-- Using RMW implementation 'rmw_fastrtps_cpp' as default\n"}
[2.520316] (-) TimerEvent: {}
[2.521702] (simple_robot) StdoutLine: {'line': b'-- Looking for pthread.h\n'}
[2.620424] (-) TimerEvent: {}
[2.711307] (simple_robot) StdoutLine: {'line': b'-- Looking for pthread.h - found\n'}
[2.711820] (simple_robot) StdoutLine: {'line': b'-- Performing Test CMAKE_HAVE_LIBC_PTHREAD\n'}
[2.720558] (-) TimerEvent: {}
[2.820950] (-) TimerEvent: {}
[2.899824] (simple_robot) StdoutLine: {'line': b'-- Performing Test CMAKE_HAVE_LIBC_PTHREAD - Success\n'}
[2.902489] (simple_robot) StdoutLine: {'line': b'-- Found Threads: TRUE  \n'}
[2.921085] (-) TimerEvent: {}
[3.022124] (-) TimerEvent: {}
[3.035186] (simple_robot) StdoutLine: {'line': b'-- Found geometry_msgs: 4.2.4 (/opt/ros/humble/share/geometry_msgs/cmake)\n'}
[3.084547] (simple_robot) StdoutLine: {'line': b'-- Found sensor_msgs: 4.2.4 (/opt/ros/humble/share/sensor_msgs/cmake)\n'}
[3.122242] (-) TimerEvent: {}
[3.141532] (simple_robot) StdoutLine: {'line': b'-- Found nav_msgs: 4.2.4 (/opt/ros/humble/share/nav_msgs/cmake)\n'}
[3.199527] (simple_robot) StdoutLine: {'line': b'-- Found OpenCV: /usr (found version "4.5.4") \n'}
[3.222558] (-) TimerEvent: {}
[3.325341] (-) TimerEvent: {}
[3.372106] (simple_robot) StdoutLine: {'line': b'-- DATA_DIR: /home/martina/rp_project/robot-programming-project/src/simple_robot/data\n'}
[3.372590] (simple_robot) StdoutLine: {'line': b'-- Configuring done\n'}
[3.427735] (-) TimerEvent: {}
[3.431647] (simple_robot) StdoutLine: {'line': b'-- Generating done\n'}
[3.451461] (simple_robot) StdoutLine: {'line': b'-- Build files have been written to: /home/martina/rp_project/robot-programming-project/src/simple_robot/build/simple_robot\n'}
[3.493309] (simple_robot) CommandEnded: {'returncode': 0}
[3.494892] (simple_robot) JobProgress: {'identifier': 'simple_robot', 'progress': 'build'}
[3.494996] (simple_robot) Command: {'cmd': ['/usr/bin/cmake', '--build', '/home/martina/rp_project/robot-programming-project/src/simple_robot/build/simple_robot', '--', '-j4', '-l4'], 'cwd': '/home/martina/rp_project/robot-programming-project/src/simple_robot/build/simple_robot', 'env': OrderedDict([('GJS_DEBUG_TOPICS', 'JS ERROR;JS LOG'), ('LESSOPEN', '| /usr/bin/env /usr/bin/lesspipe %s 2>/dev/null'), ('CONDA_PROMPT_MODIFIER', '(base)'), ('LC_TIME', 'it_IT.UTF-8'), ('USER', 'martina'), ('XDG_SESSION_TYPE', 'wayland'), ('GIT_ASKPASS', '/usr/share/code/resources/app/extensions/git/dist/askpass.sh'), ('SHLVL', '2'), ('LD_LIBRARY_PATH', '/opt/ros/humble/opt/rviz_ogre_vendor/lib:/opt/ros/humble/lib/x86_64-linux-gnu:/opt/ros/humble/lib::/home/martina/.mujoco/mujoco210/bin:/usr/lib/nvidia:~/anaconda3/lib'), ('HOME', '/home/martina'), ('OLDPWD', '/home/martina/rp_project/robot-programming-project/src/simple_robot'), ('CHROME_DESKTOP', 'code.desktop'), ('TERMINFO', '/home/martina/.terminfo'), ('LESS', '-iRFXMx4'), ('CONDA_SHLVL', '1'), ('DESKTOP_SESSION', 'ubuntu'), ('TERM_PROGRAM_VERSION', '1.97.2'), ('GIO_LAUNCHED_DESKTOP_FILE', '/usr/share/applications/code.desktop'), ('LSCOLORS', 'ExGxDxDxCxDxDxFxFxexEx'), ('GTK_MODULES', 'gail:atk-bridge'), ('GNOME_SHELL_SESSION_MODE', 'ubuntu'), ('VSCODE_GIT_ASKPASS_MAIN', '/usr/share/code/resources/app/extensions/git/dist/askpass-main.js'), ('PAGER', 'less'), ('ROS_PYTHON_VERSION', '3'), ('LC_MONETARY', 'it_IT.UTF-8'), ('MANAGERPID', '887'), ('VSCODE_GIT_ASKPASS_NODE', '/usr/share/code/code'), ('SYSTEMD_EXEC_PID', '1152'), ('DBUS_SESSION_BUS_ADDRESS', 'unix:path=/run/user/1000/bus'), ('P9K_TTY', 'old'), ('GIO_LAUNCHED_DESKTOP_FILE_PID', '3260'), ('COLORTERM', 'truecolor'), ('_CE_M', ''), ('WAYLAND_DISPLAY', 'wayland-0'), ('INFOPATH', ''), ('ROS_DISTRO', 'humble'), ('COLCON_PREFIX_PATH', '/home/martina/rp_project/robot-programming-project/install'), ('LOGNAME', 'martina'), ('_', '/usr/bin/colcon'), ('JOURNAL_STREAM', '8:11413'), ('_P9K_SSH_TTY', '/dev/pts/5'), ('XDG_SESSION_CLASS', 'user'), ('USER_ZDOTDIR', '/home/martina'), ('ROS_VERSION', '2'), ('USERNAME', 'martina'), ('TERM', 'xterm-256color'), ('GNOME_DESKTOP_SESSION_ID', 'this-is-deprecated'), ('_CE_CONDA', ''), ('ROS_LOCALHOST_ONLY', '0'), ('PATH', '/opt/ros/humble/bin:/home/martina/.local/bin:/home/martina/.local/bin:/usr/lib/ccache:.:/home/martina/.mujoco/mujoco210/bin:/usr/lib/nvidia:/home/martina/anaconda3/condabin:/home/martina/bin:/home/martina/.local/bin:/usr/local/sbin:/usr/local/bin:/usr/sbin:/usr/bin:/sbin:/bin:/usr/games:/usr/local/games:/snap/bin:/home/martina/.cache/zsh4humans/v5/fzf/bin:/home/martina/other/install/bin'), ('SESSION_MANAGER', 'local/Martina-ThinkPad-X1-Yoga:@/tmp/.ICE-unix/1105,unix/Martina-ThinkPad-X1-Yoga:/tmp/.ICE-unix/1105'), ('INVOCATION_ID', 'abb78b4b018940349bd4da4c8fed9753'), ('LC_ADDRESS', 'it_IT.UTF-8'), ('XDG_RUNTIME_DIR', '/run/user/1000'), ('XDG_MENU_PREFIX', 'gnome-'), ('GNOME_SETUP_DISPLAY', ':1'), ('GDK_BACKEND', 'x11'), ('DISPLAY', ':0'), ('LANG', 'en_US.UTF-8'), ('LC_TELEPHONE', 'it_IT.UTF-8'), ('XDG_CURRENT_DESKTOP', 'Unity'), ('VSCODE_INJECTION', '1'), ('LD_PRELOAD', ':/usr/lib/x86_64-linux-gnu/libGLEW.so'), ('XDG_SESSION_DESKTOP', 'ubuntu'), ('XMODIFIERS', '@im=ibus'), ('XAUTHORITY', '/run/user/1000/.mutter-Xwaylandauth.L52E22'), ('TERM_PROGRAM', 'vscode'), ('VSCODE_GIT_IPC_HANDLE', '/run/user/1000/vscode-git-f640f2b3f6.sock'), ('LS_COLORS', 'fi=00:mi=00:mh=00:ln=01;36:or=01;31:di=01;34:ow=04;01;34:st=34:tw=04;34:pi=01;33:so=01;33:do=01;33:bd=01;33:cd=01;33:su=01;35:sg=01;35:ca=01;35:ex=01;32:no=38;5;248'), ('TREE_COLORS', 'fi=00:mi=00:mh=00:ln=01;36:or=01;31:di=01;34:ow=01;34:st=34:tw=34:pi=01;33:so=01;33:do=01;33:bd=01;33:cd=01;33:su=01;35:sg=01;35:ca=01;35:ex=01;32'), ('SSH_AGENT_LAUNCHER', 'gnome-keyring'), ('SSH_AUTH_SOCK', '/run/user/1000/keyring/ssh'), ('ORIGINAL_XDG_CURRENT_DESKTOP', 'ubuntu:GNOME'), ('CONDA_PYTHON_EXE', '/home/martina/anaconda3/bin/python'), ('AMENT_PREFIX_PATH', '/home/martina/rp_project/robot-programming-project/install/simple_robot:/opt/ros/humble'), ('LC_NAME', 'it_IT.UTF-8'), ('SHELL', '/usr/local/bin/zsh'), ('DEST', '/home/martina/other/install'), ('QT_ACCESSIBILITY', '1'), ('GDMSESSION', 'ubuntu'), ('CONDA_DEFAULT_ENV', 'base'), ('LC_MEASUREMENT', 'it_IT.UTF-8'), ('LC_IDENTIFICATION', 'it_IT.UTF-8'), ('GJS_DEBUG_OUTPUT', 'stderr'), ('P9K_SSH', '0'), ('QT_IM_MODULE', 'ibus'), ('VSCODE_GIT_ASKPASS_EXTRA_ARGS', ''), ('VSCODE_NONCE', '6b07265e-46af-412a-ae8b-c93e2b7fb3db'), ('LC_ALL', 'en_US.UTF-8'), ('PWD', '/home/martina/rp_project/robot-programming-project/src/simple_robot/build/simple_robot'), ('GPG_TTY', '/dev/pts/5'), ('XDG_DATA_DIRS', '/usr/local/share/:/usr/share/:/var/lib/snapd/desktop'), ('ZDOTDIR', '/home/martina'), ('_P9K_TTY', '/dev/pts/5'), ('CONDA_EXE', '/home/martina/anaconda3/bin/conda'), ('LC_NUMERIC', 'it_IT.UTF-8'), ('PYTHONPATH', '/opt/ros/humble/lib/python3.10/site-packages:/opt/ros/humble/local/lib/python3.10/dist-packages:/home/martina/other/install/lib/python3.10/site-packages/'), ('LC_PAPER', 'it_IT.UTF-8'), ('CONDA_PREFIX', '/home/martina/anaconda3'), ('COLCON', '1'), ('MANPATH', '/usr/local/share/man:/home/martina/.cache/zsh4humans/v5/fzf/man:'), ('CMAKE_PREFIX_PATH', '/home/martina/rp_project/robot-programming-project/install/simple_robot:/opt/ros/humble')]), 'shell': False}
[3.528388] (-) TimerEvent: {}
[3.629837] (-) TimerEvent: {}
[3.682005] (simple_robot) StdoutLine: {'line': b'\x1b[35m\x1b[1mConsolidate compiler generated dependencies of target robot_map_node\x1b[0m\n'}
[3.718424] (simple_robot) StdoutLine: {'line': b'\x1b[35m\x1b[1mConsolidate compiler generated dependencies of target grid_map\x1b[0m\n'}
[3.729952] (-) TimerEvent: {}
[3.830303] (-) TimerEvent: {}
[3.856863] (simple_robot) StdoutLine: {'line': b'[  8%] \x1b[32mBuilding CXX object CMakeFiles/robot_map_node.dir/src/main.cpp.o\x1b[0m\n'}
[3.887055] (simple_robot) StdoutLine: {'line': b'[ 16%] \x1b[32mBuilding CXX object src/CMakeFiles/grid_map.dir/main.cpp.o\x1b[0m\n'}
[3.930460] (-) TimerEvent: {}
[4.030973] (-) TimerEvent: {}
[4.135431] (-) TimerEvent: {}
[4.239250] (-) TimerEvent: {}
[4.339964] (-) TimerEvent: {}
[4.441291] (-) TimerEvent: {}
[4.542274] (-) TimerEvent: {}
[4.643248] (-) TimerEvent: {}
[4.745910] (-) TimerEvent: {}
[4.853477] (-) TimerEvent: {}
[4.954026] (-) TimerEvent: {}
[5.056883] (-) TimerEvent: {}
[5.162143] (-) TimerEvent: {}
[5.263548] (-) TimerEvent: {}
[5.363933] (-) TimerEvent: {}
[5.467667] (-) TimerEvent: {}
[5.568161] (-) TimerEvent: {}
[5.672449] (-) TimerEvent: {}
[5.773822] (-) TimerEvent: {}
[5.874337] (-) TimerEvent: {}
[5.975323] (-) TimerEvent: {}
[6.078451] (-) TimerEvent: {}
[6.186422] (-) TimerEvent: {}
[6.286857] (-) TimerEvent: {}
[6.387288] (-) TimerEvent: {}
[6.487787] (-) TimerEvent: {}
[6.589461] (-) TimerEvent: {}
[6.689850] (-) TimerEvent: {}
[6.791442] (-) TimerEvent: {}
[6.895129] (-) TimerEvent: {}
[6.997905] (-) TimerEvent: {}
[7.100364] (-) TimerEvent: {}
[7.200894] (-) TimerEvent: {}
[7.302659] (-) TimerEvent: {}
[7.403227] (-) TimerEvent: {}
[7.504281] (-) TimerEvent: {}
[7.609698] (-) TimerEvent: {}
[7.710279] (-) TimerEvent: {}
[7.811379] (-) TimerEvent: {}
[7.912218] (-) TimerEvent: {}
[8.012739] (-) TimerEvent: {}
[8.117091] (-) TimerEvent: {}
[8.218300] (-) TimerEvent: {}
[8.320713] (-) TimerEvent: {}
[8.421329] (-) TimerEvent: {}
[8.522953] (-) TimerEvent: {}
[8.623453] (-) TimerEvent: {}
[8.725464] (-) TimerEvent: {}
[8.825908] (-) TimerEvent: {}
[8.928435] (-) TimerEvent: {}
[9.028938] (-) TimerEvent: {}
[9.131083] (-) TimerEvent: {}
[9.235178] (-) TimerEvent: {}
[9.336425] (-) TimerEvent: {}
[9.436876] (-) TimerEvent: {}
[9.537981] (-) TimerEvent: {}
[9.638931] (-) TimerEvent: {}
[9.739444] (-) TimerEvent: {}
[9.840026] (-) TimerEvent: {}
[9.942404] (-) TimerEvent: {}
[10.044893] (-) TimerEvent: {}
[10.148417] (-) TimerEvent: {}
[10.248989] (-) TimerEvent: {}
[10.349530] (-) TimerEvent: {}
[10.451463] (-) TimerEvent: {}
[10.552140] (-) TimerEvent: {}
[10.652600] (-) TimerEvent: {}
[10.753107] (-) TimerEvent: {}
[10.853819] (-) TimerEvent: {}
[10.954209] (-) TimerEvent: {}
[11.054678] (-) TimerEvent: {}
[11.155575] (-) TimerEvent: {}
[11.255977] (-) TimerEvent: {}
[11.356386] (-) TimerEvent: {}
[11.456769] (-) TimerEvent: {}
[11.557168] (-) TimerEvent: {}
[11.657809] (-) TimerEvent: {}
[11.758212] (-) TimerEvent: {}
[11.858901] (-) TimerEvent: {}
[11.959365] (-) TimerEvent: {}
[12.059845] (-) TimerEvent: {}
[12.160244] (-) TimerEvent: {}
[12.261053] (-) TimerEvent: {}
[12.361519] (-) TimerEvent: {}
[12.461953] (-) TimerEvent: {}
[12.562335] (-) TimerEvent: {}
[12.662719] (-) TimerEvent: {}
[12.763105] (-) TimerEvent: {}
[12.863519] (-) TimerEvent: {}
[12.963929] (-) TimerEvent: {}
[13.064313] (-) TimerEvent: {}
[13.164713] (-) TimerEvent: {}
[13.265116] (-) TimerEvent: {}
[13.365526] (-) TimerEvent: {}
[13.465928] (-) TimerEvent: {}
[13.566319] (-) TimerEvent: {}
[13.666730] (-) TimerEvent: {}
[13.767147] (-) TimerEvent: {}
[13.867557] (-) TimerEvent: {}
[13.967956] (-) TimerEvent: {}
[14.068796] (-) TimerEvent: {}
[14.169197] (-) TimerEvent: {}
[14.269874] (-) TimerEvent: {}
[14.370305] (-) TimerEvent: {}
[14.470712] (-) TimerEvent: {}
[14.571089] (-) TimerEvent: {}
[14.671437] (-) TimerEvent: {}
[14.772111] (-) TimerEvent: {}
[14.872964] (-) TimerEvent: {}
[14.973697] (-) TimerEvent: {}
[15.074163] (-) TimerEvent: {}
[15.174608] (-) TimerEvent: {}
[15.275024] (-) TimerEvent: {}
[15.375385] (-) TimerEvent: {}
[15.475802] (-) TimerEvent: {}
[15.576637] (-) TimerEvent: {}
[15.677040] (-) TimerEvent: {}
[15.778010] (-) TimerEvent: {}
[15.878432] (-) TimerEvent: {}
[15.979375] (-) TimerEvent: {}
[16.080366] (-) TimerEvent: {}
[16.181060] (-) TimerEvent: {}
[16.281618] (-) TimerEvent: {}
[16.382105] (-) TimerEvent: {}
[16.483441] (-) TimerEvent: {}
[16.584426] (-) TimerEvent: {}
[16.684821] (-) TimerEvent: {}
[16.785217] (-) TimerEvent: {}
[16.885850] (-) TimerEvent: {}
[16.986225] (-) TimerEvent: {}
[17.086622] (-) TimerEvent: {}
[17.187017] (-) TimerEvent: {}
[17.287417] (-) TimerEvent: {}
[17.387803] (-) TimerEvent: {}
[17.488185] (-) TimerEvent: {}
[17.588649] (-) TimerEvent: {}
[17.689125] (-) TimerEvent: {}
[17.789536] (-) TimerEvent: {}
[17.890000] (-) TimerEvent: {}
[17.990394] (-) TimerEvent: {}
[18.091135] (-) TimerEvent: {}
[18.191618] (-) TimerEvent: {}
[18.292668] (-) TimerEvent: {}
[18.393082] (-) TimerEvent: {}
[18.493543] (-) TimerEvent: {}
[18.594001] (-) TimerEvent: {}
[18.694674] (-) TimerEvent: {}
[18.795053] (-) TimerEvent: {}
[18.895436] (-) TimerEvent: {}
[18.995832] (-) TimerEvent: {}
[19.096223] (-) TimerEvent: {}
[19.196972] (-) TimerEvent: {}
[19.297392] (-) TimerEvent: {}
[19.397800] (-) TimerEvent: {}
[19.498238] (-) TimerEvent: {}
[19.599453] (-) TimerEvent: {}
[19.700289] (-) TimerEvent: {}
[19.800794] (-) TimerEvent: {}
[19.901217] (-) TimerEvent: {}
[20.001702] (-) TimerEvent: {}
[20.102097] (-) TimerEvent: {}
[20.202421] (-) TimerEvent: {}
[20.302803] (-) TimerEvent: {}
[20.403191] (-) TimerEvent: {}
[20.503593] (-) TimerEvent: {}
[20.603990] (-) TimerEvent: {}
[20.704391] (-) TimerEvent: {}
[20.805129] (-) TimerEvent: {}
[20.879327] (simple_robot) StderrLine: {'line': b'\x1b[01m\x1b[K/home/martina/rp_project/robot-programming-project/src/simple_robot/src/main.cpp:\x1b[m\x1b[K In constructor \xe2\x80\x98\x1b[01m\x1b[KMapNode::MapNode()\x1b[m\x1b[K\xe2\x80\x99:\n'}
[20.879780] (simple_robot) StderrLine: {'line': b'\x1b[01m\x1b[K/home/martina/rp_project/robot-programming-project/src/simple_robot/src/main.cpp:90:28:\x1b[m\x1b[K \x1b[01;31m\x1b[Kerror: \x1b[m\x1b[Kno matching function for call to \xe2\x80\x98\x1b[01m\x1b[KGridMap::GridMap()\x1b[m\x1b[K\xe2\x80\x99\n'}
[20.879968] (simple_robot) StderrLine: {'line': b'   90 | MapNode() : Node("map_node"\x1b[01;31m\x1b[K)\x1b[m\x1b[K {\n'}
[20.880128] (simple_robot) StderrLine: {'line': b'      |                            \x1b[01;31m\x1b[K^\x1b[m\x1b[K\n'}
[20.880284] (simple_robot) StderrLine: {'line': b'In file included from \x1b[01m\x1b[K/home/martina/rp_project/robot-programming-project/src/simple_robot/src/main.cpp:8\x1b[m\x1b[K:\n'}
[20.880455] (simple_robot) StderrLine: {'line': b'\x1b[01m\x1b[K/home/martina/rp_project/robot-programming-project/src/simple_robot/src/../include/grid_map.h:20:3:\x1b[m\x1b[K \x1b[01;36m\x1b[Knote: \x1b[m\x1b[Kcandidate: \xe2\x80\x98\x1b[01m\x1b[KGridMap::GridMap(int, int, float)\x1b[m\x1b[K\xe2\x80\x99\n'}
[20.880615] (simple_robot) StderrLine: {'line': b'   20 |   \x1b[01;36m\x1b[KGridMap\x1b[m\x1b[K(int rows, int cols, float resolution);\n'}
[20.880773] (simple_robot) StderrLine: {'line': b'      |   \x1b[01;36m\x1b[K^~~~~~~\x1b[m\x1b[K\n'}
[20.880925] (simple_robot) StderrLine: {'line': b'\x1b[01m\x1b[K/home/martina/rp_project/robot-programming-project/src/simple_robot/src/../include/grid_map.h:20:3:\x1b[m\x1b[K \x1b[01;36m\x1b[Knote: \x1b[m\x1b[K  candidate expects 3 arguments, 0 provided\n'}
[20.881083] (simple_robot) StderrLine: {'line': b'\x1b[01m\x1b[K/home/martina/rp_project/robot-programming-project/src/simple_robot/src/../include/grid_map.h:17:8:\x1b[m\x1b[K \x1b[01;36m\x1b[Knote: \x1b[m\x1b[Kcandidate: \xe2\x80\x98\x1b[01m\x1b[KGridMap::GridMap(const GridMap&)\x1b[m\x1b[K\xe2\x80\x99\n'}
[20.881248] (simple_robot) StderrLine: {'line': b'   17 | struct \x1b[01;36m\x1b[KGridMap\x1b[m\x1b[K: public Grid_<uint8_t> {\n'}
[20.882991] (simple_robot) StderrLine: {'line': b'      |        \x1b[01;36m\x1b[K^~~~~~~\x1b[m\x1b[K\n'}
[20.883230] (simple_robot) StderrLine: {'line': b'\x1b[01m\x1b[K/home/martina/rp_project/robot-programming-project/src/simple_robot/src/../include/grid_map.h:17:8:\x1b[m\x1b[K \x1b[01;36m\x1b[Knote: \x1b[m\x1b[K  candidate expects 1 argument, 0 provided\n'}
[20.884374] (simple_robot) StderrLine: {'line': b'\x1b[01m\x1b[K/home/martina/rp_project/robot-programming-project/src/simple_robot/src/../include/grid_map.h:17:8:\x1b[m\x1b[K \x1b[01;36m\x1b[Knote: \x1b[m\x1b[Kcandidate: \xe2\x80\x98\x1b[01m\x1b[KGridMap::GridMap(GridMap&&)\x1b[m\x1b[K\xe2\x80\x99\n'}
[20.884629] (simple_robot) StderrLine: {'line': b'\x1b[01m\x1b[K/home/martina/rp_project/robot-programming-project/src/simple_robot/src/../include/grid_map.h:17:8:\x1b[m\x1b[K \x1b[01;36m\x1b[Knote: \x1b[m\x1b[K  candidate expects 1 argument, 0 provided\n'}
[20.884822] (simple_robot) StderrLine: {'line': b'gmake[2]: *** [CMakeFiles/robot_map_node.dir/build.make:132: CMakeFiles/robot_map_node.dir/src/main.cpp.o] Error 1\n'}
[20.885013] (simple_robot) StderrLine: {'line': b'gmake[1]: *** [CMakeFiles/Makefile2:154: CMakeFiles/robot_map_node.dir/all] Error 2\n'}
[20.885190] (simple_robot) StderrLine: {'line': b'gmake[1]: *** Waiting for unfinished jobs....\n'}
[20.905288] (-) TimerEvent: {}
[21.005985] (-) TimerEvent: {}
[21.028621] (simple_robot) StderrLine: {'line': b'\x1b[01m\x1b[K/home/martina/rp_project/robot-programming-project/src/simple_robot/src/main.cpp:\x1b[m\x1b[K In constructor \xe2\x80\x98\x1b[01m\x1b[KMapNode::MapNode()\x1b[m\x1b[K\xe2\x80\x99:\n'}
[21.028979] (simple_robot) StderrLine: {'line': b'\x1b[01m\x1b[K/home/martina/rp_project/robot-programming-project/src/simple_robot/src/main.cpp:90:28:\x1b[m\x1b[K \x1b[01;31m\x1b[Kerror: \x1b[m\x1b[Kno matching function for call to \xe2\x80\x98\x1b[01m\x1b[KGridMap::GridMap()\x1b[m\x1b[K\xe2\x80\x99\n'}
[21.029170] (simple_robot) StderrLine: {'line': b'   90 | MapNode() : Node("map_node"\x1b[01;31m\x1b[K)\x1b[m\x1b[K {\n'}
[21.029371] (simple_robot) StderrLine: {'line': b'      |                            \x1b[01;31m\x1b[K^\x1b[m\x1b[K\n'}
[21.029568] (simple_robot) StderrLine: {'line': b'In file included from \x1b[01m\x1b[K/home/martina/rp_project/robot-programming-project/src/simple_robot/src/main.cpp:8\x1b[m\x1b[K:\n'}
[21.029754] (simple_robot) StderrLine: {'line': b'\x1b[01m\x1b[K/home/martina/rp_project/robot-programming-project/src/simple_robot/src/../include/grid_map.h:20:3:\x1b[m\x1b[K \x1b[01;36m\x1b[Knote: \x1b[m\x1b[Kcandidate: \xe2\x80\x98\x1b[01m\x1b[KGridMap::GridMap(int, int, float)\x1b[m\x1b[K\xe2\x80\x99\n'}
[21.029935] (simple_robot) StderrLine: {'line': b'   20 |   \x1b[01;36m\x1b[KGridMap\x1b[m\x1b[K(int rows, int cols, float resolution);\n'}
[21.030112] (simple_robot) StderrLine: {'line': b'      |   \x1b[01;36m\x1b[K^~~~~~~\x1b[m\x1b[K\n'}
[21.030290] (simple_robot) StderrLine: {'line': b'\x1b[01m\x1b[K/home/martina/rp_project/robot-programming-project/src/simple_robot/src/../include/grid_map.h:20:3:\x1b[m\x1b[K \x1b[01;36m\x1b[Knote: \x1b[m\x1b[K  candidate expects 3 arguments, 0 provided\n'}
[21.030565] (simple_robot) StderrLine: {'line': b'\x1b[01m\x1b[K/home/martina/rp_project/robot-programming-project/src/simple_robot/src/../include/grid_map.h:17:8:\x1b[m\x1b[K \x1b[01;36m\x1b[Knote: \x1b[m\x1b[Kcandidate: \xe2\x80\x98\x1b[01m\x1b[KGridMap::GridMap(const GridMap&)\x1b[m\x1b[K\xe2\x80\x99\n'}
[21.030799] (simple_robot) StderrLine: {'line': b'   17 | struct \x1b[01;36m\x1b[KGridMap\x1b[m\x1b[K: public Grid_<uint8_t> {\n'}
[21.031005] (simple_robot) StderrLine: {'line': b'      |        \x1b[01;36m\x1b[K^~~~~~~\x1b[m\x1b[K\n'}
[21.031376] (simple_robot) StderrLine: {'line': b'\x1b[01m\x1b[K/home/martina/rp_project/robot-programming-project/src/simple_robot/src/../include/grid_map.h:17:8:\x1b[m\x1b[K \x1b[01;36m\x1b[Knote: \x1b[m\x1b[K  candidate expects 1 argument, 0 provided\n'}
[21.031686] (simple_robot) StderrLine: {'line': b'\x1b[01m\x1b[K/home/martina/rp_project/robot-programming-project/src/simple_robot/src/../include/grid_map.h:17:8:\x1b[m\x1b[K \x1b[01;36m\x1b[Knote: \x1b[m\x1b[Kcandidate: \xe2\x80\x98\x1b[01m\x1b[KGridMap::GridMap(GridMap&&)\x1b[m\x1b[K\xe2\x80\x99\n'}
[21.031916] (simple_robot) StderrLine: {'line': b'\x1b[01m\x1b[K/home/martina/rp_project/robot-programming-project/src/simple_robot/src/../include/grid_map.h:17:8:\x1b[m\x1b[K \x1b[01;36m\x1b[Knote: \x1b[m\x1b[K  candidate expects 1 argument, 0 provided\n'}
[21.035993] (simple_robot) StderrLine: {'line': b'gmake[2]: *** [src/CMakeFiles/grid_map.dir/build.make:132: src/CMakeFiles/grid_map.dir/main.cpp.o] Error 1\n'}
[21.037079] (simple_robot) StderrLine: {'line': b'gmake[1]: *** [CMakeFiles/Makefile2:180: src/CMakeFiles/grid_map.dir/all] Error 2\n'}
[21.037375] (simple_robot) StderrLine: {'line': b'gmake: *** [Makefile:146: all] Error 2\n'}
[21.042263] (simple_robot) CommandEnded: {'returncode': 2}
[21.068301] (simple_robot) JobEnded: {'identifier': 'simple_robot', 'rc': 2}
[21.079471] (-) EventReactorShutdown: {}
