[0.000000] (-) TimerEvent: {}
[0.010468] (simple_robot) JobQueued: {'identifier': 'simple_robot', 'dependencies': OrderedDict()}
[0.010608] (simple_robot) JobStarted: {'identifier': 'simple_robot'}
[0.080187] (simple_robot) JobProgress: {'identifier': 'simple_robot', 'progress': 'cmake'}
[0.080297] (simple_robot) Command: {'cmd': ['/usr/bin/cmake', '/home/martina/rp_project/robot-programming-project/src/simple_robot', '-DCMAKE_INSTALL_PREFIX=/home/martina/rp_project/robot-programming-project/src/simple_robot/install/simple_robot'], 'cwd': '/home/martina/rp_project/robot-programming-project/src/simple_robot/build/simple_robot', 'env': OrderedDict([('GJS_DEBUG_TOPICS', 'JS ERROR;JS LOG'), ('LESSOPEN', '| /usr/bin/env /usr/bin/lesspipe %s 2>/dev/null'), ('CONDA_PROMPT_MODIFIER', '(base)'), ('LC_TIME', 'it_IT.UTF-8'), ('USER', 'martina'), ('XDG_SESSION_TYPE', 'wayland'), ('GIT_ASKPASS', '/usr/share/code/resources/app/extensions/git/dist/askpass.sh'), ('SHLVL', '1'), ('LD_LIBRARY_PATH', '/opt/ros/humble/opt/rviz_ogre_vendor/lib:/opt/ros/humble/lib/x86_64-linux-gnu:/opt/ros/humble/lib::/home/martina/.mujoco/mujoco210/bin:/usr/lib/nvidia:~/anaconda3/lib:/home/martina/.mujoco/mujoco210/bin:/usr/lib/nvidia:~/anaconda3/lib'), ('HOME', '/home/martina'), ('OLDPWD', '/home/martina/rp_project/robot-programming-project/src/simple_robot'), ('CHROME_DESKTOP', 'code.desktop'), ('TERMINFO', '/home/martina/.terminfo'), ('LESS', '-iRFXMx4'), ('CONDA_SHLVL', '1'), ('DESKTOP_SESSION', 'ubuntu'), ('TERM_PROGRAM_VERSION', '1.97.2'), ('GIO_LAUNCHED_DESKTOP_FILE', '/usr/share/applications/code.desktop'), ('LSCOLORS', 'ExGxDxDxCxDxDxFxFxexEx'), ('GTK_MODULES', 'gail:atk-bridge'), ('GNOME_SHELL_SESSION_MODE', 'ubuntu'), ('PAGER', 'less'), ('ROS_PYTHON_VERSION', '3'), ('VSCODE_GIT_ASKPASS_MAIN', '/usr/share/code/resources/app/extensions/git/dist/askpass-main.js'), ('LC_MONETARY', 'it_IT.UTF-8'), ('MANAGERPID', '887'), ('VSCODE_GIT_ASKPASS_NODE', '/usr/share/code/code'), ('SYSTEMD_EXEC_PID', '1152'), ('DBUS_SESSION_BUS_ADDRESS', 'unix:path=/run/user/1000/bus'), ('P9K_TTY', 'old'), ('GIO_LAUNCHED_DESKTOP_FILE_PID', '684652'), ('_CE_M', ''), ('COLORTERM', 'truecolor'), ('WAYLAND_DISPLAY', 'wayland-0'), ('ROS_DISTRO', 'humble'), ('COLCON_PREFIX_PATH', '/home/martina/rp_project/robot-programming-project/install'), ('INFOPATH', ''), ('LOGNAME', 'martina'), ('_', '/home/martina/rp_project/robot-programming-project/src/simple_robot/run_simple_robot.sh'), ('JOURNAL_STREAM', '8:11413'), ('_P9K_SSH_TTY', '/dev/pts/0'), ('XDG_SESSION_CLASS', 'user'), ('ROS_VERSION', '2'), ('USER_ZDOTDIR', '/home/martina'), ('USERNAME', 'martina'), ('TERM', 'xterm-256color'), ('GNOME_DESKTOP_SESSION_ID', 'this-is-deprecated'), ('_CE_CONDA', ''), ('ROS_LOCALHOST_ONLY', '0'), ('PATH', '/opt/ros/humble/bin:/home/martina/.local/bin:/home/martina/.local/bin:/usr/lib/ccache:.:/home/martina/.mujoco/mujoco210/bin:/usr/lib/nvidia:/home/martina/anaconda3/condabin:/home/martina/bin:/home/martina/.local/bin:/usr/local/sbin:/usr/local/bin:/usr/sbin:/usr/bin:/sbin:/bin:/usr/games:/usr/local/games:/snap/bin:/home/martina/.cache/zsh4humans/v5/fzf/bin:/home/martina/other/install/bin'), ('SESSION_MANAGER', 'local/Martina-ThinkPad-X1-Yoga:@/tmp/.ICE-unix/1105,unix/Martina-ThinkPad-X1-Yoga:/tmp/.ICE-unix/1105'), ('INVOCATION_ID', 'abb78b4b018940349bd4da4c8fed9753'), ('LC_ADDRESS', 'it_IT.UTF-8'), ('XDG_RUNTIME_DIR', '/run/user/1000'), ('XDG_MENU_PREFIX', 'gnome-'), ('GNOME_SETUP_DISPLAY', ':1'), ('GDK_BACKEND', 'x11'), ('DISPLAY', ':0'), ('LANG', 'en_US.UTF-8'), ('LC_TELEPHONE', 'it_IT.UTF-8'), ('XDG_CURRENT_DESKTOP', 'Unity'), ('LD_PRELOAD', ':/usr/lib/x86_64-linux-gnu/libGLEW.so:/usr/lib/x86_64-linux-gnu/libGLEW.so'), ('VSCODE_INJECTION', '1'), ('XDG_SESSION_DESKTOP', 'ubuntu'), ('XMODIFIERS', '@im=ibus'), ('XAUTHORITY', '/run/user/1000/.mutter-Xwaylandauth.L52E22'), ('LS_COLORS', 'fi=00:mi=00:mh=00:ln=01;36:or=01;31:di=01;34:ow=04;01;34:st=34:tw=04;34:pi=01;33:so=01;33:do=01;33:bd=01;33:cd=01;33:su=01;35:sg=01;35:ca=01;35:ex=01;32:no=38;5;248'), ('TREE_COLORS', 'fi=00:mi=00:mh=00:ln=01;36:or=01;31:di=01;34:ow=01;34:st=34:tw=34:pi=01;33:so=01;33:do=01;33:bd=01;33:cd=01;33:su=01;35:sg=01;35:ca=01;35:ex=01;32'), ('TERM_PROGRAM', 'vscode'), ('VSCODE_GIT_IPC_HANDLE', '/run/user/1000/vscode-git-f640f2b3f6.sock'), ('SSH_AGENT_LAUNCHER', 'gnome-keyring'), ('SSH_AUTH_SOCK', '/run/user/1000/keyring/ssh'), ('ORIGINAL_XDG_CURRENT_DESKTOP', 'ubuntu:GNOME'), ('CONDA_PYTHON_EXE', '/home/martina/anaconda3/bin/python'), ('AMENT_PREFIX_PATH', '/home/martina/rp_project/robot-programming-project/install/simple_robot:/opt/ros/humble'), ('LC_NAME', 'it_IT.UTF-8'), ('SHELL', '/usr/local/bin/zsh'), ('DEST', '/home/martina/other/install'), ('QT_ACCESSIBILITY', '1'), ('GDMSESSION', 'ubuntu'), ('CONDA_DEFAULT_ENV', 'base'), ('LC_MEASUREMENT', 'it_IT.UTF-8'), ('LC_IDENTIFICATION', 'it_IT.UTF-8'), ('GJS_DEBUG_OUTPUT', 'stderr'), ('P9K_SSH', '0'), ('QT_IM_MODULE', 'ibus'), ('VSCODE_GIT_ASKPASS_EXTRA_ARGS', ''), ('VSCODE_NONCE', 'f672ca6a-f6db-4411-8134-b3ad71667d44'), ('LC_ALL', 'en_US.UTF-8'), ('PWD', '/home/martina/rp_project/robot-programming-project/src/simple_robot/build/simple_robot'), ('GPG_TTY', '/dev/pts/0'), ('XDG_DATA_DIRS', '/usr/local/share/:/usr/share/:/var/lib/snapd/desktop'), ('CONDA_EXE', '/home/martina/anaconda3/bin/conda'), ('ZDOTDIR', '/home/martina'), ('_P9K_TTY', '/dev/pts/0'), ('LC_NUMERIC', 'it_IT.UTF-8'), ('PYTHONPATH', '/opt/ros/humble/lib/python3.10/site-packages:/opt/ros/humble/local/lib/python3.10/dist-packages:/home/martina/other/install/lib/python3.10/site-packages/'), ('LC_PAPER', 'it_IT.UTF-8'), ('CONDA_PREFIX', '/home/martina/anaconda3'), ('COLCON', '1'), ('MANPATH', '/usr/local/share/man:/home/martina/.cache/zsh4humans/v5/fzf/man:'), ('CMAKE_PREFIX_PATH', '/home/martina/rp_project/robot-programming-project/install/simple_robot:/opt/ros/humble')]), 'shell': False}
[0.102172] (-) TimerEvent: {}
[0.205002] (-) TimerEvent: {}
[0.305381] (-) TimerEvent: {}
[0.309275] (simple_robot) StdoutLine: {'line': b'-- The C compiler identification is GNU 11.4.0\n'}
[0.405460] (-) TimerEvent: {}
[0.507017] (-) TimerEvent: {}
[0.583333] (simple_robot) StdoutLine: {'line': b'-- The CXX compiler identification is GNU 11.4.0\n'}
[0.607588] (-) TimerEvent: {}
[0.635674] (simple_robot) StdoutLine: {'line': b'-- Detecting C compiler ABI info\n'}
[0.707707] (-) TimerEvent: {}
[0.808169] (-) TimerEvent: {}
[0.906818] (simple_robot) StdoutLine: {'line': b'-- Detecting C compiler ABI info - done\n'}
[0.908284] (-) TimerEvent: {}
[0.944489] (simple_robot) StdoutLine: {'line': b'-- Check for working C compiler: /usr/lib/ccache/cc - skipped\n'}
[0.944924] (simple_robot) StdoutLine: {'line': b'-- Detecting C compile features\n'}
[0.945848] (simple_robot) StdoutLine: {'line': b'-- Detecting C compile features - done\n'}
[0.955511] (simple_robot) StdoutLine: {'line': b'-- Detecting CXX compiler ABI info\n'}
[1.009015] (-) TimerEvent: {}
[1.109411] (-) TimerEvent: {}
[1.211005] (-) TimerEvent: {}
[1.311441] (-) TimerEvent: {}
[1.346137] (simple_robot) StdoutLine: {'line': b'-- Detecting CXX compiler ABI info - done\n'}
[1.413846] (-) TimerEvent: {}
[1.428726] (simple_robot) StdoutLine: {'line': b'-- Check for working CXX compiler: /usr/lib/ccache/c++ - skipped\n'}
[1.429359] (simple_robot) StdoutLine: {'line': b'-- Detecting CXX compile features\n'}
[1.429557] (simple_robot) StdoutLine: {'line': b'-- Detecting CXX compile features - done\n'}
[1.512371] (simple_robot) StdoutLine: {'line': b'-- Found OpenCV: /usr (found suitable version "4.5.4", minimum required is "4.5.4") \n'}
[1.513881] (-) TimerEvent: {}
[1.527118] (simple_robot) StdoutLine: {'line': b'-- Found ament_cmake: 1.3.11 (/opt/ros/humble/share/ament_cmake/cmake)\n'}
[1.616992] (-) TimerEvent: {}
[1.717431] (-) TimerEvent: {}
[1.820224] (-) TimerEvent: {}
[1.922482] (-) TimerEvent: {}
[2.024568] (-) TimerEvent: {}
[2.129985] (-) TimerEvent: {}
[2.230394] (-) TimerEvent: {}
[2.331999] (-) TimerEvent: {}
[2.432964] (-) TimerEvent: {}
[2.534755] (-) TimerEvent: {}
[2.581015] (simple_robot) StdoutLine: {'line': b'-- Found Python3: /usr/bin/python3 (found version "3.10.12") found components: Interpreter \n'}
[2.634885] (-) TimerEvent: {}
[2.737384] (-) TimerEvent: {}
[2.838146] (-) TimerEvent: {}
[2.943575] (-) TimerEvent: {}
[2.965994] (simple_robot) StdoutLine: {'line': b'-- Found rclcpp: 16.0.11 (/opt/ros/humble/share/rclcpp/cmake)\n'}
[3.043676] (-) TimerEvent: {}
[3.146185] (-) TimerEvent: {}
[3.250028] (-) TimerEvent: {}
[3.269973] (simple_robot) StdoutLine: {'line': b'-- Found rosidl_generator_c: 3.1.6 (/opt/ros/humble/share/rosidl_generator_c/cmake)\n'}
[3.292687] (simple_robot) StdoutLine: {'line': b'-- Found rosidl_adapter: 3.1.6 (/opt/ros/humble/share/rosidl_adapter/cmake)\n'}
[3.333019] (simple_robot) StdoutLine: {'line': b'-- Found rosidl_generator_cpp: 3.1.6 (/opt/ros/humble/share/rosidl_generator_cpp/cmake)\n'}
[3.352509] (-) TimerEvent: {}
[3.430097] (simple_robot) StdoutLine: {'line': b'-- Using all available rosidl_typesupport_c: rosidl_typesupport_fastrtps_c;rosidl_typesupport_introspection_c\n'}
[3.456380] (-) TimerEvent: {}
[3.561000] (-) TimerEvent: {}
[3.582245] (simple_robot) StdoutLine: {'line': b'-- Using all available rosidl_typesupport_cpp: rosidl_typesupport_fastrtps_cpp;rosidl_typesupport_introspection_cpp\n'}
[3.661108] (-) TimerEvent: {}
[3.764043] (-) TimerEvent: {}
[3.836058] (simple_robot) StdoutLine: {'line': b'-- Found rmw_implementation_cmake: 6.1.2 (/opt/ros/humble/share/rmw_implementation_cmake/cmake)\n'}
[3.855069] (simple_robot) StdoutLine: {'line': b'-- Found rmw_fastrtps_cpp: 6.2.7 (/opt/ros/humble/share/rmw_fastrtps_cpp/cmake)\n'}
[3.865626] (-) TimerEvent: {}
[3.967966] (-) TimerEvent: {}
[4.069404] (-) TimerEvent: {}
[4.170089] (-) TimerEvent: {}
[4.248888] (simple_robot) StdoutLine: {'line': b'-- Found OpenSSL: /usr/lib/x86_64-linux-gnu/libcrypto.so (found version "3.0.2")  \n'}
[4.273489] (-) TimerEvent: {}
[4.373928] (-) TimerEvent: {}
[4.469353] (simple_robot) StdoutLine: {'line': b'-- Found FastRTPS: /opt/ros/humble/include  \n'}
[4.474082] (-) TimerEvent: {}
[4.574734] (-) TimerEvent: {}
[4.669818] (simple_robot) StdoutLine: {'line': b"-- Using RMW implementation 'rmw_fastrtps_cpp' as default\n"}
[4.674861] (-) TimerEvent: {}
[4.690332] (simple_robot) StdoutLine: {'line': b'-- Looking for pthread.h\n'}
[4.776996] (-) TimerEvent: {}
[4.881525] (-) TimerEvent: {}
[4.984452] (-) TimerEvent: {}
[5.085010] (-) TimerEvent: {}
[5.145129] (simple_robot) StdoutLine: {'line': b'-- Looking for pthread.h - found\n'}
[5.151881] (simple_robot) StdoutLine: {'line': b'-- Performing Test CMAKE_HAVE_LIBC_PTHREAD\n'}
[5.185122] (-) TimerEvent: {}
[5.288786] (-) TimerEvent: {}
[5.389719] (-) TimerEvent: {}
[5.490688] (-) TimerEvent: {}
[5.554380] (simple_robot) StdoutLine: {'line': b'-- Performing Test CMAKE_HAVE_LIBC_PTHREAD - Success\n'}
[5.565001] (simple_robot) StdoutLine: {'line': b'-- Found Threads: TRUE  \n'}
[5.593998] (-) TimerEvent: {}
[5.694415] (-) TimerEvent: {}
[5.734350] (simple_robot) StdoutLine: {'line': b'-- Found geometry_msgs: 4.2.4 (/opt/ros/humble/share/geometry_msgs/cmake)\n'}
[5.792069] (simple_robot) StdoutLine: {'line': b'-- Found sensor_msgs: 4.2.4 (/opt/ros/humble/share/sensor_msgs/cmake)\n'}
[5.794534] (-) TimerEvent: {}
[5.898823] (-) TimerEvent: {}
[5.956564] (simple_robot) StdoutLine: {'line': b'-- Found nav_msgs: 4.2.4 (/opt/ros/humble/share/nav_msgs/cmake)\n'}
[5.998987] (-) TimerEvent: {}
[6.058094] (simple_robot) StdoutLine: {'line': b'-- Found OpenCV: /usr (found version "4.5.4") \n'}
[6.099105] (-) TimerEvent: {}
[6.201119] (-) TimerEvent: {}
[6.301553] (-) TimerEvent: {}
[6.408629] (-) TimerEvent: {}
[6.489568] (simple_robot) StdoutLine: {'line': b'-- DATA_DIR: /home/martina/rp_project/robot-programming-project/src/simple_robot/data\n'}
[6.492964] (simple_robot) StdoutLine: {'line': b'-- Configuring done\n'}
[6.510359] (-) TimerEvent: {}
[6.581023] (simple_robot) StdoutLine: {'line': b'-- Generating done\n'}
[6.603048] (simple_robot) StdoutLine: {'line': b'-- Build files have been written to: /home/martina/rp_project/robot-programming-project/src/simple_robot/build/simple_robot\n'}
[6.610480] (-) TimerEvent: {}
[6.650971] (simple_robot) CommandEnded: {'returncode': 0}
[6.655053] (simple_robot) JobProgress: {'identifier': 'simple_robot', 'progress': 'build'}
[6.664801] (simple_robot) Command: {'cmd': ['/usr/bin/cmake', '--build', '/home/martina/rp_project/robot-programming-project/src/simple_robot/build/simple_robot', '--', '-j4', '-l4'], 'cwd': '/home/martina/rp_project/robot-programming-project/src/simple_robot/build/simple_robot', 'env': OrderedDict([('GJS_DEBUG_TOPICS', 'JS ERROR;JS LOG'), ('LESSOPEN', '| /usr/bin/env /usr/bin/lesspipe %s 2>/dev/null'), ('CONDA_PROMPT_MODIFIER', '(base)'), ('LC_TIME', 'it_IT.UTF-8'), ('USER', 'martina'), ('XDG_SESSION_TYPE', 'wayland'), ('GIT_ASKPASS', '/usr/share/code/resources/app/extensions/git/dist/askpass.sh'), ('SHLVL', '1'), ('LD_LIBRARY_PATH', '/opt/ros/humble/opt/rviz_ogre_vendor/lib:/opt/ros/humble/lib/x86_64-linux-gnu:/opt/ros/humble/lib::/home/martina/.mujoco/mujoco210/bin:/usr/lib/nvidia:~/anaconda3/lib:/home/martina/.mujoco/mujoco210/bin:/usr/lib/nvidia:~/anaconda3/lib'), ('HOME', '/home/martina'), ('OLDPWD', '/home/martina/rp_project/robot-programming-project/src/simple_robot'), ('CHROME_DESKTOP', 'code.desktop'), ('TERMINFO', '/home/martina/.terminfo'), ('LESS', '-iRFXMx4'), ('CONDA_SHLVL', '1'), ('DESKTOP_SESSION', 'ubuntu'), ('TERM_PROGRAM_VERSION', '1.97.2'), ('GIO_LAUNCHED_DESKTOP_FILE', '/usr/share/applications/code.desktop'), ('LSCOLORS', 'ExGxDxDxCxDxDxFxFxexEx'), ('GTK_MODULES', 'gail:atk-bridge'), ('GNOME_SHELL_SESSION_MODE', 'ubuntu'), ('PAGER', 'less'), ('ROS_PYTHON_VERSION', '3'), ('VSCODE_GIT_ASKPASS_MAIN', '/usr/share/code/resources/app/extensions/git/dist/askpass-main.js'), ('LC_MONETARY', 'it_IT.UTF-8'), ('MANAGERPID', '887'), ('VSCODE_GIT_ASKPASS_NODE', '/usr/share/code/code'), ('SYSTEMD_EXEC_PID', '1152'), ('DBUS_SESSION_BUS_ADDRESS', 'unix:path=/run/user/1000/bus'), ('P9K_TTY', 'old'), ('GIO_LAUNCHED_DESKTOP_FILE_PID', '684652'), ('_CE_M', ''), ('COLORTERM', 'truecolor'), ('WAYLAND_DISPLAY', 'wayland-0'), ('ROS_DISTRO', 'humble'), ('COLCON_PREFIX_PATH', '/home/martina/rp_project/robot-programming-project/install'), ('INFOPATH', ''), ('LOGNAME', 'martina'), ('_', '/home/martina/rp_project/robot-programming-project/src/simple_robot/run_simple_robot.sh'), ('JOURNAL_STREAM', '8:11413'), ('_P9K_SSH_TTY', '/dev/pts/0'), ('XDG_SESSION_CLASS', 'user'), ('ROS_VERSION', '2'), ('USER_ZDOTDIR', '/home/martina'), ('USERNAME', 'martina'), ('TERM', 'xterm-256color'), ('GNOME_DESKTOP_SESSION_ID', 'this-is-deprecated'), ('_CE_CONDA', ''), ('ROS_LOCALHOST_ONLY', '0'), ('PATH', '/opt/ros/humble/bin:/home/martina/.local/bin:/home/martina/.local/bin:/usr/lib/ccache:.:/home/martina/.mujoco/mujoco210/bin:/usr/lib/nvidia:/home/martina/anaconda3/condabin:/home/martina/bin:/home/martina/.local/bin:/usr/local/sbin:/usr/local/bin:/usr/sbin:/usr/bin:/sbin:/bin:/usr/games:/usr/local/games:/snap/bin:/home/martina/.cache/zsh4humans/v5/fzf/bin:/home/martina/other/install/bin'), ('SESSION_MANAGER', 'local/Martina-ThinkPad-X1-Yoga:@/tmp/.ICE-unix/1105,unix/Martina-ThinkPad-X1-Yoga:/tmp/.ICE-unix/1105'), ('INVOCATION_ID', 'abb78b4b018940349bd4da4c8fed9753'), ('LC_ADDRESS', 'it_IT.UTF-8'), ('XDG_RUNTIME_DIR', '/run/user/1000'), ('XDG_MENU_PREFIX', 'gnome-'), ('GNOME_SETUP_DISPLAY', ':1'), ('GDK_BACKEND', 'x11'), ('DISPLAY', ':0'), ('LANG', 'en_US.UTF-8'), ('LC_TELEPHONE', 'it_IT.UTF-8'), ('XDG_CURRENT_DESKTOP', 'Unity'), ('LD_PRELOAD', ':/usr/lib/x86_64-linux-gnu/libGLEW.so:/usr/lib/x86_64-linux-gnu/libGLEW.so'), ('VSCODE_INJECTION', '1'), ('XDG_SESSION_DESKTOP', 'ubuntu'), ('XMODIFIERS', '@im=ibus'), ('XAUTHORITY', '/run/user/1000/.mutter-Xwaylandauth.L52E22'), ('LS_COLORS', 'fi=00:mi=00:mh=00:ln=01;36:or=01;31:di=01;34:ow=04;01;34:st=34:tw=04;34:pi=01;33:so=01;33:do=01;33:bd=01;33:cd=01;33:su=01;35:sg=01;35:ca=01;35:ex=01;32:no=38;5;248'), ('TREE_COLORS', 'fi=00:mi=00:mh=00:ln=01;36:or=01;31:di=01;34:ow=01;34:st=34:tw=34:pi=01;33:so=01;33:do=01;33:bd=01;33:cd=01;33:su=01;35:sg=01;35:ca=01;35:ex=01;32'), ('TERM_PROGRAM', 'vscode'), ('VSCODE_GIT_IPC_HANDLE', '/run/user/1000/vscode-git-f640f2b3f6.sock'), ('SSH_AGENT_LAUNCHER', 'gnome-keyring'), ('SSH_AUTH_SOCK', '/run/user/1000/keyring/ssh'), ('ORIGINAL_XDG_CURRENT_DESKTOP', 'ubuntu:GNOME'), ('CONDA_PYTHON_EXE', '/home/martina/anaconda3/bin/python'), ('AMENT_PREFIX_PATH', '/home/martina/rp_project/robot-programming-project/install/simple_robot:/opt/ros/humble'), ('LC_NAME', 'it_IT.UTF-8'), ('SHELL', '/usr/local/bin/zsh'), ('DEST', '/home/martina/other/install'), ('QT_ACCESSIBILITY', '1'), ('GDMSESSION', 'ubuntu'), ('CONDA_DEFAULT_ENV', 'base'), ('LC_MEASUREMENT', 'it_IT.UTF-8'), ('LC_IDENTIFICATION', 'it_IT.UTF-8'), ('GJS_DEBUG_OUTPUT', 'stderr'), ('P9K_SSH', '0'), ('QT_IM_MODULE', 'ibus'), ('VSCODE_GIT_ASKPASS_EXTRA_ARGS', ''), ('VSCODE_NONCE', 'f672ca6a-f6db-4411-8134-b3ad71667d44'), ('LC_ALL', 'en_US.UTF-8'), ('PWD', '/home/martina/rp_project/robot-programming-project/src/simple_robot/build/simple_robot'), ('GPG_TTY', '/dev/pts/0'), ('XDG_DATA_DIRS', '/usr/local/share/:/usr/share/:/var/lib/snapd/desktop'), ('CONDA_EXE', '/home/martina/anaconda3/bin/conda'), ('ZDOTDIR', '/home/martina'), ('_P9K_TTY', '/dev/pts/0'), ('LC_NUMERIC', 'it_IT.UTF-8'), ('PYTHONPATH', '/opt/ros/humble/lib/python3.10/site-packages:/opt/ros/humble/local/lib/python3.10/dist-packages:/home/martina/other/install/lib/python3.10/site-packages/'), ('LC_PAPER', 'it_IT.UTF-8'), ('CONDA_PREFIX', '/home/martina/anaconda3'), ('COLCON', '1'), ('MANPATH', '/usr/local/share/man:/home/martina/.cache/zsh4humans/v5/fzf/man:'), ('CMAKE_PREFIX_PATH', '/home/martina/rp_project/robot-programming-project/install/simple_robot:/opt/ros/humble')]), 'shell': False}
[6.711277] (-) TimerEvent: {}
[6.816990] (-) TimerEvent: {}
[6.834675] (simple_robot) StdoutLine: {'line': b'\x1b[35m\x1b[1mConsolidate compiler generated dependencies of target robot_map_node\x1b[0m\n'}
[6.917115] (-) TimerEvent: {}
[6.941865] (simple_robot) StdoutLine: {'line': b'[  8%] \x1b[32mBuilding CXX object CMakeFiles/robot_map_node.dir/src/grid_map.cpp.o\x1b[0m\n'}
[7.017284] (-) TimerEvent: {}
[7.117735] (-) TimerEvent: {}
[7.218209] (-) TimerEvent: {}
[7.318662] (-) TimerEvent: {}
[7.419078] (-) TimerEvent: {}
[7.520981] (-) TimerEvent: {}
[7.621346] (-) TimerEvent: {}
[7.724035] (-) TimerEvent: {}
[7.824608] (-) TimerEvent: {}
[7.925989] (-) TimerEvent: {}
[8.026370] (-) TimerEvent: {}
[8.132019] (-) TimerEvent: {}
[8.232463] (-) TimerEvent: {}
[8.333422] (-) TimerEvent: {}
[8.433884] (-) TimerEvent: {}
[8.536208] (-) TimerEvent: {}
[8.637762] (-) TimerEvent: {}
[8.738190] (-) TimerEvent: {}
[8.838579] (-) TimerEvent: {}
[8.940144] (-) TimerEvent: {}
[9.040590] (-) TimerEvent: {}
[9.142700] (-) TimerEvent: {}
[9.246959] (-) TimerEvent: {}
[9.348429] (-) TimerEvent: {}
[9.448970] (-) TimerEvent: {}
[9.551040] (-) TimerEvent: {}
[9.651786] (-) TimerEvent: {}
[9.754418] (-) TimerEvent: {}
[9.856024] (-) TimerEvent: {}
[9.957074] (-) TimerEvent: {}
[10.057512] (-) TimerEvent: {}
[10.160001] (-) TimerEvent: {}
[10.260413] (-) TimerEvent: {}
[10.363998] (-) TimerEvent: {}
[10.464403] (-) TimerEvent: {}
[10.564811] (-) TimerEvent: {}
[10.665327] (-) TimerEvent: {}
[10.765775] (-) TimerEvent: {}
[10.866264] (-) TimerEvent: {}
[10.968010] (-) TimerEvent: {}
[11.068408] (-) TimerEvent: {}
[11.175000] (-) TimerEvent: {}
[11.276410] (-) TimerEvent: {}
[11.376945] (-) TimerEvent: {}
[11.477484] (-) TimerEvent: {}
[11.578731] (-) TimerEvent: {}
[11.681466] (-) TimerEvent: {}
[11.781862] (-) TimerEvent: {}
[11.885690] (-) TimerEvent: {}
[11.987015] (-) TimerEvent: {}
[12.087513] (-) TimerEvent: {}
[12.197032] (-) TimerEvent: {}
[12.297453] (-) TimerEvent: {}
[12.397899] (-) TimerEvent: {}
[12.499207] (-) TimerEvent: {}
[12.603794] (-) TimerEvent: {}
[12.707558] (-) TimerEvent: {}
[12.812081] (-) TimerEvent: {}
[12.913109] (-) TimerEvent: {}
[13.017081] (-) TimerEvent: {}
[13.120007] (-) TimerEvent: {}
[13.220404] (-) TimerEvent: {}
[13.327988] (-) TimerEvent: {}
[13.430998] (-) TimerEvent: {}
[13.531414] (-) TimerEvent: {}
[13.633374] (-) TimerEvent: {}
[13.736966] (-) TimerEvent: {}
[13.837458] (-) TimerEvent: {}
[13.941139] (-) TimerEvent: {}
[14.044011] (-) TimerEvent: {}
[14.144978] (-) TimerEvent: {}
[14.246606] (-) TimerEvent: {}
[14.347678] (-) TimerEvent: {}
[14.451133] (-) TimerEvent: {}
[14.553481] (-) TimerEvent: {}
[14.654444] (-) TimerEvent: {}
[14.755805] (-) TimerEvent: {}
[14.857386] (-) TimerEvent: {}
[14.959989] (-) TimerEvent: {}
[15.062013] (-) TimerEvent: {}
[15.162422] (-) TimerEvent: {}
[15.264997] (-) TimerEvent: {}
[15.344813] (simple_robot) StdoutLine: {'line': b'[ 16%] \x1b[32mBuilding CXX object CMakeFiles/robot_map_node.dir/src/map_utils.cpp.o\x1b[0m\n'}
[15.365129] (-) TimerEvent: {}
[15.467025] (-) TimerEvent: {}
[15.567472] (-) TimerEvent: {}
[15.670003] (-) TimerEvent: {}
[15.770500] (-) TimerEvent: {}
[15.870976] (-) TimerEvent: {}
[15.973002] (-) TimerEvent: {}
[16.073374] (-) TimerEvent: {}
[16.173789] (-) TimerEvent: {}
[16.274449] (-) TimerEvent: {}
[16.380032] (-) TimerEvent: {}
[16.480501] (-) TimerEvent: {}
[16.581265] (-) TimerEvent: {}
[16.681794] (-) TimerEvent: {}
[16.784029] (-) TimerEvent: {}
[16.884616] (-) TimerEvent: {}
[16.986664] (-) TimerEvent: {}
[17.088374] (-) TimerEvent: {}
[17.188862] (-) TimerEvent: {}
[17.290480] (-) TimerEvent: {}
[17.394001] (-) TimerEvent: {}
[17.494432] (-) TimerEvent: {}
[17.599146] (-) TimerEvent: {}
[17.699639] (-) TimerEvent: {}
[17.801625] (-) TimerEvent: {}
[17.903013] (-) TimerEvent: {}
[18.003451] (-) TimerEvent: {}
[18.106022] (-) TimerEvent: {}
[18.206461] (-) TimerEvent: {}
[18.306931] (-) TimerEvent: {}
[18.407388] (-) TimerEvent: {}
[18.509317] (-) TimerEvent: {}
[18.609790] (-) TimerEvent: {}
[18.713014] (-) TimerEvent: {}
[18.813465] (-) TimerEvent: {}
[18.913893] (-) TimerEvent: {}
[19.014401] (-) TimerEvent: {}
[19.114864] (-) TimerEvent: {}
[19.215332] (-) TimerEvent: {}
[19.315839] (-) TimerEvent: {}
[19.417213] (-) TimerEvent: {}
[19.518369] (-) TimerEvent: {}
[19.619949] (-) TimerEvent: {}
[19.721014] (-) TimerEvent: {}
[19.822010] (-) TimerEvent: {}
[19.922467] (-) TimerEvent: {}
[20.023637] (-) TimerEvent: {}
[20.125599] (-) TimerEvent: {}
[20.228525] (-) TimerEvent: {}
[20.332236] (-) TimerEvent: {}
[20.433248] (-) TimerEvent: {}
[20.534086] (-) TimerEvent: {}
[20.634789] (-) TimerEvent: {}
[20.736806] (-) TimerEvent: {}
[20.837457] (-) TimerEvent: {}
[20.937836] (-) TimerEvent: {}
[21.038489] (-) TimerEvent: {}
[21.139627] (-) TimerEvent: {}
[21.240091] (-) TimerEvent: {}
[21.340491] (-) TimerEvent: {}
[21.440883] (-) TimerEvent: {}
[21.541548] (-) TimerEvent: {}
[21.642234] (-) TimerEvent: {}
[21.742894] (-) TimerEvent: {}
[21.843284] (-) TimerEvent: {}
[21.943677] (-) TimerEvent: {}
[22.044065] (-) TimerEvent: {}
[22.144430] (-) TimerEvent: {}
[22.244873] (-) TimerEvent: {}
[22.346258] (-) TimerEvent: {}
[22.448206] (-) TimerEvent: {}
[22.550003] (-) TimerEvent: {}
[22.650419] (-) TimerEvent: {}
[22.750821] (-) TimerEvent: {}
[22.851367] (-) TimerEvent: {}
[22.953998] (-) TimerEvent: {}
[23.054475] (-) TimerEvent: {}
[23.155779] (-) TimerEvent: {}
[23.256274] (-) TimerEvent: {}
[23.357801] (-) TimerEvent: {}
[23.458268] (-) TimerEvent: {}
[23.496803] (simple_robot) StdoutLine: {'line': b'[ 25%] \x1b[32m\x1b[1mLinking CXX executable robot_map_node\x1b[0m\n'}
[23.558416] (-) TimerEvent: {}
[23.658880] (-) TimerEvent: {}
[23.760400] (-) TimerEvent: {}
[23.863415] (-) TimerEvent: {}
[23.967279] (-) TimerEvent: {}
[24.067844] (-) TimerEvent: {}
[24.171039] (-) TimerEvent: {}
[24.271603] (-) TimerEvent: {}
[24.372440] (-) TimerEvent: {}
[24.479018] (-) TimerEvent: {}
[24.579490] (-) TimerEvent: {}
[24.681029] (-) TimerEvent: {}
[24.781572] (-) TimerEvent: {}
[24.883422] (-) TimerEvent: {}
[24.987024] (-) TimerEvent: {}
[25.090009] (-) TimerEvent: {}
[25.191768] (-) TimerEvent: {}
[25.293098] (-) TimerEvent: {}
[25.394194] (-) TimerEvent: {}
[25.494612] (-) TimerEvent: {}
[25.596334] (-) TimerEvent: {}
[25.697023] (-) TimerEvent: {}
[25.797530] (-) TimerEvent: {}
[25.897948] (-) TimerEvent: {}
[25.998312] (-) TimerEvent: {}
[26.098685] (-) TimerEvent: {}
[26.199705] (-) TimerEvent: {}
[26.300338] (-) TimerEvent: {}
[26.400734] (-) TimerEvent: {}
[26.501213] (-) TimerEvent: {}
[26.602057] (-) TimerEvent: {}
[26.702697] (-) TimerEvent: {}
[26.804163] (-) TimerEvent: {}
[26.904877] (-) TimerEvent: {}
[26.952931] (simple_robot) StdoutLine: {'line': b'[ 50%] Built target robot_map_node\n'}
[26.989903] (simple_robot) StdoutLine: {'line': b'\x1b[35m\x1b[1mConsolidate compiler generated dependencies of target grid_map\x1b[0m\n'}
[27.004989] (-) TimerEvent: {}
[27.067973] (simple_robot) StdoutLine: {'line': b'[ 58%] \x1b[32mBuilding CXX object src/CMakeFiles/grid_map.dir/grid_map.cpp.o\x1b[0m\n'}
[27.105225] (-) TimerEvent: {}
[27.205625] (-) TimerEvent: {}
[27.307148] (-) TimerEvent: {}
[27.408458] (-) TimerEvent: {}
[27.510305] (-) TimerEvent: {}
[27.612385] (-) TimerEvent: {}
[27.714995] (-) TimerEvent: {}
[27.815445] (-) TimerEvent: {}
[27.916503] (-) TimerEvent: {}
[28.017363] (-) TimerEvent: {}
[28.119181] (-) TimerEvent: {}
[28.219982] (-) TimerEvent: {}
[28.320407] (-) TimerEvent: {}
[28.420795] (-) TimerEvent: {}
[28.521197] (-) TimerEvent: {}
[28.621558] (-) TimerEvent: {}
[28.721947] (-) TimerEvent: {}
[28.822380] (-) TimerEvent: {}
[28.922799] (-) TimerEvent: {}
[29.023251] (-) TimerEvent: {}
[29.123645] (-) TimerEvent: {}
[29.224121] (-) TimerEvent: {}
[29.324598] (-) TimerEvent: {}
[29.425512] (-) TimerEvent: {}
[29.525923] (-) TimerEvent: {}
[29.626304] (-) TimerEvent: {}
[29.726740] (-) TimerEvent: {}
[29.827094] (-) TimerEvent: {}
[29.927540] (-) TimerEvent: {}
[30.027939] (-) TimerEvent: {}
[30.128286] (-) TimerEvent: {}
[30.228657] (-) TimerEvent: {}
[30.329012] (-) TimerEvent: {}
[30.429427] (-) TimerEvent: {}
[30.529822] (-) TimerEvent: {}
[30.630228] (-) TimerEvent: {}
[30.730568] (-) TimerEvent: {}
[30.830901] (-) TimerEvent: {}
[30.931279] (-) TimerEvent: {}
[31.031730] (-) TimerEvent: {}
[31.132085] (-) TimerEvent: {}
[31.232432] (-) TimerEvent: {}
[31.332733] (-) TimerEvent: {}
[31.433114] (-) TimerEvent: {}
[31.533533] (-) TimerEvent: {}
[31.633857] (-) TimerEvent: {}
[31.734411] (-) TimerEvent: {}
[31.834809] (-) TimerEvent: {}
[31.935217] (-) TimerEvent: {}
[32.037733] (-) TimerEvent: {}
[32.138986] (-) TimerEvent: {}
[32.239353] (-) TimerEvent: {}
[32.341040] (-) TimerEvent: {}
[32.441414] (-) TimerEvent: {}
[32.541785] (-) TimerEvent: {}
[32.634577] (simple_robot) StdoutLine: {'line': b'[ 66%] \x1b[32mBuilding CXX object src/CMakeFiles/grid_map.dir/map_utils.cpp.o\x1b[0m\n'}
[32.641910] (-) TimerEvent: {}
[32.742357] (-) TimerEvent: {}
[32.842790] (-) TimerEvent: {}
[32.944024] (-) TimerEvent: {}
[33.044459] (-) TimerEvent: {}
[33.144859] (-) TimerEvent: {}
[33.245427] (-) TimerEvent: {}
[33.345813] (-) TimerEvent: {}
[33.446253] (-) TimerEvent: {}
[33.546714] (-) TimerEvent: {}
[33.647206] (-) TimerEvent: {}
[33.747598] (-) TimerEvent: {}
[33.847988] (-) TimerEvent: {}
[33.948381] (-) TimerEvent: {}
[34.048707] (-) TimerEvent: {}
[34.149070] (-) TimerEvent: {}
[34.249433] (-) TimerEvent: {}
[34.349833] (-) TimerEvent: {}
[34.450174] (-) TimerEvent: {}
[34.550507] (-) TimerEvent: {}
[34.650886] (-) TimerEvent: {}
[34.751295] (-) TimerEvent: {}
[34.851802] (-) TimerEvent: {}
[34.952255] (-) TimerEvent: {}
[35.052706] (-) TimerEvent: {}
[35.153163] (-) TimerEvent: {}
[35.253584] (-) TimerEvent: {}
[35.354006] (-) TimerEvent: {}
[35.456311] (-) TimerEvent: {}
[35.559581] (-) TimerEvent: {}
[35.660291] (-) TimerEvent: {}
[35.764008] (-) TimerEvent: {}
[35.864486] (-) TimerEvent: {}
[35.966135] (-) TimerEvent: {}
[36.067154] (-) TimerEvent: {}
[36.172359] (-) TimerEvent: {}
[36.272810] (-) TimerEvent: {}
[36.374906] (-) TimerEvent: {}
[36.475951] (-) TimerEvent: {}
[36.577073] (-) TimerEvent: {}
[36.680623] (-) TimerEvent: {}
[36.783038] (-) TimerEvent: {}
[36.883808] (-) TimerEvent: {}
[36.986027] (-) TimerEvent: {}
[37.087337] (-) TimerEvent: {}
[37.188647] (-) TimerEvent: {}
[37.291005] (-) TimerEvent: {}
[37.397014] (-) TimerEvent: {}
[37.497503] (-) TimerEvent: {}
[37.598297] (-) TimerEvent: {}
[37.699067] (-) TimerEvent: {}
[37.800540] (-) TimerEvent: {}
[37.902877] (-) TimerEvent: {}
[38.003574] (-) TimerEvent: {}
[38.106697] (-) TimerEvent: {}
[38.207274] (-) TimerEvent: {}
[38.311197] (-) TimerEvent: {}
[38.411644] (-) TimerEvent: {}
[38.512235] (-) TimerEvent: {}
[38.616075] (-) TimerEvent: {}
[38.725135] (-) TimerEvent: {}
[38.826785] (-) TimerEvent: {}
[38.927950] (-) TimerEvent: {}
[39.032991] (-) TimerEvent: {}
[39.134497] (-) TimerEvent: {}
[39.239560] (-) TimerEvent: {}
[39.339975] (-) TimerEvent: {}
[39.443951] (-) TimerEvent: {}
[39.544356] (-) TimerEvent: {}
[39.645318] (-) TimerEvent: {}
[39.745691] (-) TimerEvent: {}
[39.847035] (-) TimerEvent: {}
[39.948280] (-) TimerEvent: {}
[40.050461] (-) TimerEvent: {}
[40.150902] (-) TimerEvent: {}
[40.252054] (-) TimerEvent: {}
[40.355650] (-) TimerEvent: {}
[40.456152] (-) TimerEvent: {}
[40.561228] (-) TimerEvent: {}
[40.665999] (-) TimerEvent: {}
[40.766401] (-) TimerEvent: {}
[40.866840] (-) TimerEvent: {}
[40.970006] (-) TimerEvent: {}
[41.002037] (simple_robot) StdoutLine: {'line': b'[ 75%] \x1b[32m\x1b[1mLinking CXX shared library libgrid_map.so\x1b[0m\n'}
[41.072101] (-) TimerEvent: {}
[41.172570] (-) TimerEvent: {}
[41.280203] (-) TimerEvent: {}
[41.380615] (-) TimerEvent: {}
[41.484004] (-) TimerEvent: {}
[41.584644] (-) TimerEvent: {}
[41.687517] (-) TimerEvent: {}
[41.788993] (-) TimerEvent: {}
[41.891222] (-) TimerEvent: {}
[41.995261] (-) TimerEvent: {}
[42.098961] (-) TimerEvent: {}
[42.202491] (-) TimerEvent: {}
[42.303286] (-) TimerEvent: {}
[42.407978] (-) TimerEvent: {}
[42.508977] (-) TimerEvent: {}
[42.612254] (-) TimerEvent: {}
[42.715366] (-) TimerEvent: {}
[42.817456] (-) TimerEvent: {}
[42.920418] (-) TimerEvent: {}
[43.020846] (-) TimerEvent: {}
[43.121289] (-) TimerEvent: {}
[43.234028] (-) TimerEvent: {}
[43.340010] (-) TimerEvent: {}
[43.440394] (-) TimerEvent: {}
[43.542028] (-) TimerEvent: {}
[43.642607] (-) TimerEvent: {}
[43.743810] (-) TimerEvent: {}
[43.845295] (-) TimerEvent: {}
[43.946275] (-) TimerEvent: {}
[44.002339] (simple_robot) StdoutLine: {'line': b'[100%] Built target grid_map\n'}
[44.039102] (simple_robot) CommandEnded: {'returncode': 0}
[44.040663] (simple_robot) JobProgress: {'identifier': 'simple_robot', 'progress': 'install'}
[44.047428] (-) TimerEvent: {}
[44.077304] (simple_robot) Command: {'cmd': ['/usr/bin/cmake', '--install', '/home/martina/rp_project/robot-programming-project/src/simple_robot/build/simple_robot'], 'cwd': '/home/martina/rp_project/robot-programming-project/src/simple_robot/build/simple_robot', 'env': OrderedDict([('GJS_DEBUG_TOPICS', 'JS ERROR;JS LOG'), ('LESSOPEN', '| /usr/bin/env /usr/bin/lesspipe %s 2>/dev/null'), ('CONDA_PROMPT_MODIFIER', '(base)'), ('LC_TIME', 'it_IT.UTF-8'), ('USER', 'martina'), ('XDG_SESSION_TYPE', 'wayland'), ('GIT_ASKPASS', '/usr/share/code/resources/app/extensions/git/dist/askpass.sh'), ('SHLVL', '1'), ('LD_LIBRARY_PATH', '/opt/ros/humble/opt/rviz_ogre_vendor/lib:/opt/ros/humble/lib/x86_64-linux-gnu:/opt/ros/humble/lib::/home/martina/.mujoco/mujoco210/bin:/usr/lib/nvidia:~/anaconda3/lib:/home/martina/.mujoco/mujoco210/bin:/usr/lib/nvidia:~/anaconda3/lib'), ('HOME', '/home/martina'), ('OLDPWD', '/home/martina/rp_project/robot-programming-project/src/simple_robot'), ('CHROME_DESKTOP', 'code.desktop'), ('TERMINFO', '/home/martina/.terminfo'), ('LESS', '-iRFXMx4'), ('CONDA_SHLVL', '1'), ('DESKTOP_SESSION', 'ubuntu'), ('TERM_PROGRAM_VERSION', '1.97.2'), ('GIO_LAUNCHED_DESKTOP_FILE', '/usr/share/applications/code.desktop'), ('LSCOLORS', 'ExGxDxDxCxDxDxFxFxexEx'), ('GTK_MODULES', 'gail:atk-bridge'), ('GNOME_SHELL_SESSION_MODE', 'ubuntu'), ('PAGER', 'less'), ('ROS_PYTHON_VERSION', '3'), ('VSCODE_GIT_ASKPASS_MAIN', '/usr/share/code/resources/app/extensions/git/dist/askpass-main.js'), ('LC_MONETARY', 'it_IT.UTF-8'), ('MANAGERPID', '887'), ('VSCODE_GIT_ASKPASS_NODE', '/usr/share/code/code'), ('SYSTEMD_EXEC_PID', '1152'), ('DBUS_SESSION_BUS_ADDRESS', 'unix:path=/run/user/1000/bus'), ('P9K_TTY', 'old'), ('GIO_LAUNCHED_DESKTOP_FILE_PID', '684652'), ('_CE_M', ''), ('COLORTERM', 'truecolor'), ('WAYLAND_DISPLAY', 'wayland-0'), ('ROS_DISTRO', 'humble'), ('COLCON_PREFIX_PATH', '/home/martina/rp_project/robot-programming-project/install'), ('INFOPATH', ''), ('LOGNAME', 'martina'), ('_', '/home/martina/rp_project/robot-programming-project/src/simple_robot/run_simple_robot.sh'), ('JOURNAL_STREAM', '8:11413'), ('_P9K_SSH_TTY', '/dev/pts/0'), ('XDG_SESSION_CLASS', 'user'), ('ROS_VERSION', '2'), ('USER_ZDOTDIR', '/home/martina'), ('USERNAME', 'martina'), ('TERM', 'xterm-256color'), ('GNOME_DESKTOP_SESSION_ID', 'this-is-deprecated'), ('_CE_CONDA', ''), ('ROS_LOCALHOST_ONLY', '0'), ('PATH', '/opt/ros/humble/bin:/home/martina/.local/bin:/home/martina/.local/bin:/usr/lib/ccache:.:/home/martina/.mujoco/mujoco210/bin:/usr/lib/nvidia:/home/martina/anaconda3/condabin:/home/martina/bin:/home/martina/.local/bin:/usr/local/sbin:/usr/local/bin:/usr/sbin:/usr/bin:/sbin:/bin:/usr/games:/usr/local/games:/snap/bin:/home/martina/.cache/zsh4humans/v5/fzf/bin:/home/martina/other/install/bin'), ('SESSION_MANAGER', 'local/Martina-ThinkPad-X1-Yoga:@/tmp/.ICE-unix/1105,unix/Martina-ThinkPad-X1-Yoga:/tmp/.ICE-unix/1105'), ('INVOCATION_ID', 'abb78b4b018940349bd4da4c8fed9753'), ('LC_ADDRESS', 'it_IT.UTF-8'), ('XDG_RUNTIME_DIR', '/run/user/1000'), ('XDG_MENU_PREFIX', 'gnome-'), ('GNOME_SETUP_DISPLAY', ':1'), ('GDK_BACKEND', 'x11'), ('DISPLAY', ':0'), ('LANG', 'en_US.UTF-8'), ('LC_TELEPHONE', 'it_IT.UTF-8'), ('XDG_CURRENT_DESKTOP', 'Unity'), ('LD_PRELOAD', ':/usr/lib/x86_64-linux-gnu/libGLEW.so:/usr/lib/x86_64-linux-gnu/libGLEW.so'), ('VSCODE_INJECTION', '1'), ('XDG_SESSION_DESKTOP', 'ubuntu'), ('XMODIFIERS', '@im=ibus'), ('XAUTHORITY', '/run/user/1000/.mutter-Xwaylandauth.L52E22'), ('LS_COLORS', 'fi=00:mi=00:mh=00:ln=01;36:or=01;31:di=01;34:ow=04;01;34:st=34:tw=04;34:pi=01;33:so=01;33:do=01;33:bd=01;33:cd=01;33:su=01;35:sg=01;35:ca=01;35:ex=01;32:no=38;5;248'), ('TREE_COLORS', 'fi=00:mi=00:mh=00:ln=01;36:or=01;31:di=01;34:ow=01;34:st=34:tw=34:pi=01;33:so=01;33:do=01;33:bd=01;33:cd=01;33:su=01;35:sg=01;35:ca=01;35:ex=01;32'), ('TERM_PROGRAM', 'vscode'), ('VSCODE_GIT_IPC_HANDLE', '/run/user/1000/vscode-git-f640f2b3f6.sock'), ('SSH_AGENT_LAUNCHER', 'gnome-keyring'), ('SSH_AUTH_SOCK', '/run/user/1000/keyring/ssh'), ('ORIGINAL_XDG_CURRENT_DESKTOP', 'ubuntu:GNOME'), ('CONDA_PYTHON_EXE', '/home/martina/anaconda3/bin/python'), ('AMENT_PREFIX_PATH', '/home/martina/rp_project/robot-programming-project/install/simple_robot:/opt/ros/humble'), ('LC_NAME', 'it_IT.UTF-8'), ('SHELL', '/usr/local/bin/zsh'), ('DEST', '/home/martina/other/install'), ('QT_ACCESSIBILITY', '1'), ('GDMSESSION', 'ubuntu'), ('CONDA_DEFAULT_ENV', 'base'), ('LC_MEASUREMENT', 'it_IT.UTF-8'), ('LC_IDENTIFICATION', 'it_IT.UTF-8'), ('GJS_DEBUG_OUTPUT', 'stderr'), ('P9K_SSH', '0'), ('QT_IM_MODULE', 'ibus'), ('VSCODE_GIT_ASKPASS_EXTRA_ARGS', ''), ('VSCODE_NONCE', 'f672ca6a-f6db-4411-8134-b3ad71667d44'), ('LC_ALL', 'en_US.UTF-8'), ('PWD', '/home/martina/rp_project/robot-programming-project/src/simple_robot/build/simple_robot'), ('GPG_TTY', '/dev/pts/0'), ('XDG_DATA_DIRS', '/usr/local/share/:/usr/share/:/var/lib/snapd/desktop'), ('CONDA_EXE', '/home/martina/anaconda3/bin/conda'), ('ZDOTDIR', '/home/martina'), ('_P9K_TTY', '/dev/pts/0'), ('LC_NUMERIC', 'it_IT.UTF-8'), ('PYTHONPATH', '/opt/ros/humble/lib/python3.10/site-packages:/opt/ros/humble/local/lib/python3.10/dist-packages:/home/martina/other/install/lib/python3.10/site-packages/'), ('LC_PAPER', 'it_IT.UTF-8'), ('CONDA_PREFIX', '/home/martina/anaconda3'), ('COLCON', '1'), ('MANPATH', '/usr/local/share/man:/home/martina/.cache/zsh4humans/v5/fzf/man:'), ('CMAKE_PREFIX_PATH', '/home/martina/rp_project/robot-programming-project/install/simple_robot:/opt/ros/humble')]), 'shell': False}
[44.114483] (simple_robot) StdoutLine: {'line': b'-- Install configuration: ""\n'}
[44.115548] (simple_robot) StdoutLine: {'line': b'-- Installing: /home/martina/rp_project/robot-programming-project/src/simple_robot/install/simple_robot/lib/simple_robot/robot_map_node\n'}
[44.134268] (simple_robot) StdoutLine: {'line': b'-- Set runtime path of "/home/martina/rp_project/robot-programming-project/src/simple_robot/install/simple_robot/lib/simple_robot/robot_map_node" to ""\n'}
[44.137130] (simple_robot) StdoutLine: {'line': b'-- Up-to-date: /home/martina/rp_project/robot-programming-project/src/simple_robot/install/simple_robot/share/ament_index/resource_index/package_run_dependencies/simple_robot\n'}
[44.138155] (simple_robot) StdoutLine: {'line': b'-- Up-to-date: /home/martina/rp_project/robot-programming-project/src/simple_robot/install/simple_robot/share/ament_index/resource_index/parent_prefix_path/simple_robot\n'}
[44.138587] (simple_robot) StdoutLine: {'line': b'-- Up-to-date: /home/martina/rp_project/robot-programming-project/src/simple_robot/install/simple_robot/share/simple_robot/environment/ament_prefix_path.sh\n'}
[44.139673] (simple_robot) StdoutLine: {'line': b'-- Installing: /home/martina/rp_project/robot-programming-project/src/simple_robot/install/simple_robot/share/simple_robot/environment/ament_prefix_path.dsv\n'}
[44.142587] (simple_robot) StdoutLine: {'line': b'-- Up-to-date: /home/martina/rp_project/robot-programming-project/src/simple_robot/install/simple_robot/share/simple_robot/environment/path.sh\n'}
[44.143870] (simple_robot) StdoutLine: {'line': b'-- Installing: /home/martina/rp_project/robot-programming-project/src/simple_robot/install/simple_robot/share/simple_robot/environment/path.dsv\n'}
[44.144957] (simple_robot) StdoutLine: {'line': b'-- Up-to-date: /home/martina/rp_project/robot-programming-project/src/simple_robot/install/simple_robot/share/simple_robot/local_setup.bash\n'}
[44.145984] (simple_robot) StdoutLine: {'line': b'-- Up-to-date: /home/martina/rp_project/robot-programming-project/src/simple_robot/install/simple_robot/share/simple_robot/local_setup.sh\n'}
[44.146341] (simple_robot) StdoutLine: {'line': b'-- Up-to-date: /home/martina/rp_project/robot-programming-project/src/simple_robot/install/simple_robot/share/simple_robot/local_setup.zsh\n'}
[44.148278] (simple_robot) StdoutLine: {'line': b'-- Installing: /home/martina/rp_project/robot-programming-project/src/simple_robot/install/simple_robot/share/simple_robot/local_setup.dsv\n'}
[44.148599] (-) TimerEvent: {}
[44.148791] (simple_robot) StdoutLine: {'line': b'-- Installing: /home/martina/rp_project/robot-programming-project/src/simple_robot/install/simple_robot/share/simple_robot/package.dsv\n'}
[44.149077] (simple_robot) StdoutLine: {'line': b'-- Up-to-date: /home/martina/rp_project/robot-programming-project/src/simple_robot/install/simple_robot/share/ament_index/resource_index/packages/simple_robot\n'}
[44.149894] (simple_robot) StdoutLine: {'line': b'-- Up-to-date: /home/martina/rp_project/robot-programming-project/src/simple_robot/install/simple_robot/share/simple_robot/cmake/simple_robotConfig.cmake\n'}
[44.150182] (simple_robot) StdoutLine: {'line': b'-- Up-to-date: /home/martina/rp_project/robot-programming-project/src/simple_robot/install/simple_robot/share/simple_robot/cmake/simple_robotConfig-version.cmake\n'}
[44.151003] (simple_robot) StdoutLine: {'line': b'-- Up-to-date: /home/martina/rp_project/robot-programming-project/src/simple_robot/install/simple_robot/share/simple_robot/package.xml\n'}
[44.153563] (simple_robot) CommandEnded: {'returncode': 0}
[44.196668] (simple_robot) JobEnded: {'identifier': 'simple_robot', 'rc': 0}
[44.198796] (-) EventReactorShutdown: {}
