[0.000000] (-) TimerEvent: {}
[0.000304] (simple_robot) JobQueued: {'identifier': 'simple_robot', 'dependencies': OrderedDict()}
[0.000370] (simple_robot) JobStarted: {'identifier': 'simple_robot'}
[0.025737] (simple_robot) JobProgress: {'identifier': 'simple_robot', 'progress': 'cmake'}
[0.028048] (simple_robot) Command: {'cmd': ['/usr/bin/cmake', '/home/martina/rp_project/robot-programming-project/src/simple_robot', '-DCMAKE_INSTALL_PREFIX=/home/martina/rp_project/robot-programming-project/src/simple_robot/install/simple_robot'], 'cwd': '/home/martina/rp_project/robot-programming-project/src/simple_robot/build/simple_robot', 'env': OrderedDict([('GJS_DEBUG_TOPICS', 'JS ERROR;JS LOG'), ('LESSOPEN', '| /usr/bin/env /usr/bin/lesspipe %s 2>/dev/null'), ('CONDA_PROMPT_MODIFIER', '(base)'), ('LC_TIME', 'it_IT.UTF-8'), ('USER', 'martina'), ('XDG_SESSION_TYPE', 'wayland'), ('GIT_ASKPASS', '/usr/share/code/resources/app/extensions/git/dist/askpass.sh'), ('SHLVL', '2'), ('LD_LIBRARY_PATH', '/opt/ros/humble/opt/rviz_ogre_vendor/lib:/opt/ros/humble/lib/x86_64-linux-gnu:/opt/ros/humble/lib::/home/martina/.mujoco/mujoco210/bin:/usr/lib/nvidia:~/anaconda3/lib'), ('HOME', '/home/martina'), ('OLDPWD', '/home/martina/rp_project/robot-programming-project/src/simple_robot'), ('CHROME_DESKTOP', 'code.desktop'), ('TERMINFO', '/home/martina/.terminfo'), ('LESS', '-iRFXMx4'), ('CONDA_SHLVL', '1'), ('DESKTOP_SESSION', 'ubuntu'), ('TERM_PROGRAM_VERSION', '1.97.2'), ('GIO_LAUNCHED_DESKTOP_FILE', '/usr/share/applications/code.desktop'), ('LSCOLORS', 'ExGxDxDxCxDxDxFxFxexEx'), ('GTK_MODULES', 'gail:atk-bridge'), ('GNOME_SHELL_SESSION_MODE', 'ubuntu'), ('VSCODE_GIT_ASKPASS_MAIN', '/usr/share/code/resources/app/extensions/git/dist/askpass-main.js'), ('PAGER', 'less'), ('ROS_PYTHON_VERSION', '3'), ('LC_MONETARY', 'it_IT.UTF-8'), ('MANAGERPID', '887'), ('VSCODE_GIT_ASKPASS_NODE', '/usr/share/code/code'), ('SYSTEMD_EXEC_PID', '1152'), ('DBUS_SESSION_BUS_ADDRESS', 'unix:path=/run/user/1000/bus'), ('P9K_TTY', 'old'), ('GIO_LAUNCHED_DESKTOP_FILE_PID', '3260'), ('COLORTERM', 'truecolor'), ('_CE_M', ''), ('WAYLAND_DISPLAY', 'wayland-0'), ('INFOPATH', ''), ('ROS_DISTRO', 'humble'), ('COLCON_PREFIX_PATH', '/home/martina/rp_project/robot-programming-project/install'), ('LOGNAME', 'martina'), ('_', '/usr/bin/colcon'), ('JOURNAL_STREAM', '8:11413'), ('_P9K_SSH_TTY', '/dev/pts/2'), ('XDG_SESSION_CLASS', 'user'), ('USER_ZDOTDIR', '/home/martina'), ('ROS_VERSION', '2'), ('USERNAME', 'martina'), ('TERM', 'xterm-256color'), ('GNOME_DESKTOP_SESSION_ID', 'this-is-deprecated'), ('_CE_CONDA', ''), ('ROS_LOCALHOST_ONLY', '0'), ('PATH', '/opt/ros/humble/bin:/home/martina/.local/bin:/home/martina/.local/bin:/usr/lib/ccache:.:/home/martina/.mujoco/mujoco210/bin:/usr/lib/nvidia:/home/martina/anaconda3/condabin:/home/martina/bin:/home/martina/.local/bin:/usr/local/sbin:/usr/local/bin:/usr/sbin:/usr/bin:/sbin:/bin:/usr/games:/usr/local/games:/snap/bin:/home/martina/.cache/zsh4humans/v5/fzf/bin:/home/martina/other/install/bin'), ('SESSION_MANAGER', 'local/Martina-ThinkPad-X1-Yoga:@/tmp/.ICE-unix/1105,unix/Martina-ThinkPad-X1-Yoga:/tmp/.ICE-unix/1105'), ('INVOCATION_ID', 'abb78b4b018940349bd4da4c8fed9753'), ('LC_ADDRESS', 'it_IT.UTF-8'), ('XDG_RUNTIME_DIR', '/run/user/1000'), ('XDG_MENU_PREFIX', 'gnome-'), ('GNOME_SETUP_DISPLAY', ':1'), ('GDK_BACKEND', 'x11'), ('DISPLAY', ':0'), ('LANG', 'en_US.UTF-8'), ('LC_TELEPHONE', 'it_IT.UTF-8'), ('XDG_CURRENT_DESKTOP', 'Unity'), ('VSCODE_INJECTION', '1'), ('LD_PRELOAD', ':/usr/lib/x86_64-linux-gnu/libGLEW.so'), ('XDG_SESSION_DESKTOP', 'ubuntu'), ('XMODIFIERS', '@im=ibus'), ('XAUTHORITY', '/run/user/1000/.mutter-Xwaylandauth.L52E22'), ('TERM_PROGRAM', 'vscode'), ('VSCODE_GIT_IPC_HANDLE', '/run/user/1000/vscode-git-f640f2b3f6.sock'), ('LS_COLORS', 'fi=00:mi=00:mh=00:ln=01;36:or=01;31:di=01;34:ow=04;01;34:st=34:tw=04;34:pi=01;33:so=01;33:do=01;33:bd=01;33:cd=01;33:su=01;35:sg=01;35:ca=01;35:ex=01;32:no=38;5;248'), ('TREE_COLORS', 'fi=00:mi=00:mh=00:ln=01;36:or=01;31:di=01;34:ow=01;34:st=34:tw=34:pi=01;33:so=01;33:do=01;33:bd=01;33:cd=01;33:su=01;35:sg=01;35:ca=01;35:ex=01;32'), ('SSH_AGENT_LAUNCHER', 'gnome-keyring'), ('SSH_AUTH_SOCK', '/run/user/1000/keyring/ssh'), ('ORIGINAL_XDG_CURRENT_DESKTOP', 'ubuntu:GNOME'), ('CONDA_PYTHON_EXE', '/home/martina/anaconda3/bin/python'), ('AMENT_PREFIX_PATH', '/home/martina/rp_project/robot-programming-project/install/simple_robot:/opt/ros/humble'), ('LC_NAME', 'it_IT.UTF-8'), ('SHELL', '/usr/local/bin/zsh'), ('DEST', '/home/martina/other/install'), ('QT_ACCESSIBILITY', '1'), ('GDMSESSION', 'ubuntu'), ('CONDA_DEFAULT_ENV', 'base'), ('LC_MEASUREMENT', 'it_IT.UTF-8'), ('LC_IDENTIFICATION', 'it_IT.UTF-8'), ('GJS_DEBUG_OUTPUT', 'stderr'), ('P9K_SSH', '0'), ('QT_IM_MODULE', 'ibus'), ('VSCODE_GIT_ASKPASS_EXTRA_ARGS', ''), ('VSCODE_NONCE', '052e925b-acb5-444f-b870-f20c06506941'), ('LC_ALL', 'en_US.UTF-8'), ('PWD', '/home/martina/rp_project/robot-programming-project/src/simple_robot/build/simple_robot'), ('GPG_TTY', '/dev/pts/2'), ('XDG_DATA_DIRS', '/usr/local/share/:/usr/share/:/var/lib/snapd/desktop'), ('ZDOTDIR', '/home/martina'), ('_P9K_TTY', '/dev/pts/2'), ('CONDA_EXE', '/home/martina/anaconda3/bin/conda'), ('LC_NUMERIC', 'it_IT.UTF-8'), ('PYTHONPATH', '/opt/ros/humble/lib/python3.10/site-packages:/opt/ros/humble/local/lib/python3.10/dist-packages:/home/martina/other/install/lib/python3.10/site-packages/'), ('LC_PAPER', 'it_IT.UTF-8'), ('CONDA_PREFIX', '/home/martina/anaconda3'), ('COLCON', '1'), ('MANPATH', '/usr/local/share/man:/home/martina/.cache/zsh4humans/v5/fzf/man:'), ('CMAKE_PREFIX_PATH', '/home/martina/rp_project/robot-programming-project/install/simple_robot:/opt/ros/humble')]), 'shell': False}
[0.097113] (-) TimerEvent: {}
[0.197874] (-) TimerEvent: {}
[0.265683] (simple_robot) StdoutLine: {'line': b'-- The C compiler identification is GNU 11.4.0\n'}
[0.303980] (-) TimerEvent: {}
[0.407346] (-) TimerEvent: {}
[0.510727] (-) TimerEvent: {}
[0.551123] (simple_robot) StdoutLine: {'line': b'-- The CXX compiler identification is GNU 11.4.0\n'}
[0.608119] (simple_robot) StdoutLine: {'line': b'-- Detecting C compiler ABI info\n'}
[0.611017] (-) TimerEvent: {}
[0.711447] (-) TimerEvent: {}
[0.806974] (simple_robot) StdoutLine: {'line': b'-- Detecting C compiler ABI info - done\n'}
[0.811550] (-) TimerEvent: {}
[0.829785] (simple_robot) StdoutLine: {'line': b'-- Check for working C compiler: /usr/lib/ccache/cc - skipped\n'}
[0.830444] (simple_robot) StdoutLine: {'line': b'-- Detecting C compile features\n'}
[0.832058] (simple_robot) StdoutLine: {'line': b'-- Detecting C compile features - done\n'}
[0.841383] (simple_robot) StdoutLine: {'line': b'-- Detecting CXX compiler ABI info\n'}
[0.911684] (-) TimerEvent: {}
[1.012442] (-) TimerEvent: {}
[1.065680] (simple_robot) StdoutLine: {'line': b'-- Detecting CXX compiler ABI info - done\n'}
[1.088267] (simple_robot) StdoutLine: {'line': b'-- Check for working CXX compiler: /usr/lib/ccache/c++ - skipped\n'}
[1.092065] (simple_robot) StdoutLine: {'line': b'-- Detecting CXX compile features\n'}
[1.095217] (simple_robot) StdoutLine: {'line': b'-- Detecting CXX compile features - done\n'}
[1.112575] (-) TimerEvent: {}
[1.117549] (simple_robot) StdoutLine: {'line': b'-- Found OpenCV: /usr (found suitable version "4.5.4", minimum required is "4.5.4") \n'}
[1.130039] (simple_robot) StdoutLine: {'line': b'-- Found ament_cmake: 1.3.11 (/opt/ros/humble/share/ament_cmake/cmake)\n'}
[1.212695] (-) TimerEvent: {}
[1.313049] (-) TimerEvent: {}
[1.413485] (-) TimerEvent: {}
[1.515203] (-) TimerEvent: {}
[1.530622] (simple_robot) StdoutLine: {'line': b'-- Found Python3: /usr/bin/python3 (found version "3.10.12") found components: Interpreter \n'}
[1.615916] (-) TimerEvent: {}
[1.716363] (-) TimerEvent: {}
[1.753483] (simple_robot) StdoutLine: {'line': b'-- Found rclcpp: 16.0.11 (/opt/ros/humble/share/rclcpp/cmake)\n'}
[1.817810] (-) TimerEvent: {}
[1.857530] (simple_robot) StdoutLine: {'line': b'-- Found rosidl_generator_c: 3.1.6 (/opt/ros/humble/share/rosidl_generator_c/cmake)\n'}
[1.867176] (simple_robot) StdoutLine: {'line': b'-- Found rosidl_adapter: 3.1.6 (/opt/ros/humble/share/rosidl_adapter/cmake)\n'}
[1.887340] (simple_robot) StdoutLine: {'line': b'-- Found rosidl_generator_cpp: 3.1.6 (/opt/ros/humble/share/rosidl_generator_cpp/cmake)\n'}
[1.915987] (simple_robot) StdoutLine: {'line': b'-- Using all available rosidl_typesupport_c: rosidl_typesupport_fastrtps_c;rosidl_typesupport_introspection_c\n'}
[1.919409] (-) TimerEvent: {}
[1.957771] (simple_robot) StdoutLine: {'line': b'-- Using all available rosidl_typesupport_cpp: rosidl_typesupport_fastrtps_cpp;rosidl_typesupport_introspection_cpp\n'}
[2.019608] (-) TimerEvent: {}
[2.061452] (simple_robot) StdoutLine: {'line': b'-- Found rmw_implementation_cmake: 6.1.2 (/opt/ros/humble/share/rmw_implementation_cmake/cmake)\n'}
[2.066558] (simple_robot) StdoutLine: {'line': b'-- Found rmw_fastrtps_cpp: 6.2.7 (/opt/ros/humble/share/rmw_fastrtps_cpp/cmake)\n'}
[2.119779] (-) TimerEvent: {}
[2.220217] (-) TimerEvent: {}
[2.320718] (-) TimerEvent: {}
[2.389216] (simple_robot) StdoutLine: {'line': b'-- Found OpenSSL: /usr/lib/x86_64-linux-gnu/libcrypto.so (found version "3.0.2")  \n'}
[2.421681] (-) TimerEvent: {}
[2.465825] (simple_robot) StdoutLine: {'line': b'-- Found FastRTPS: /opt/ros/humble/include  \n'}
[2.523277] (-) TimerEvent: {}
[2.596743] (simple_robot) StdoutLine: {'line': b"-- Using RMW implementation 'rmw_fastrtps_cpp' as default\n"}
[2.623411] (-) TimerEvent: {}
[2.628365] (simple_robot) StdoutLine: {'line': b'-- Looking for pthread.h\n'}
[2.723559] (-) TimerEvent: {}
[2.824890] (-) TimerEvent: {}
[2.856180] (simple_robot) StdoutLine: {'line': b'-- Looking for pthread.h - found\n'}
[2.860837] (simple_robot) StdoutLine: {'line': b'-- Performing Test CMAKE_HAVE_LIBC_PTHREAD\n'}
[2.925041] (-) TimerEvent: {}
[3.025527] (-) TimerEvent: {}
[3.081757] (simple_robot) StdoutLine: {'line': b'-- Performing Test CMAKE_HAVE_LIBC_PTHREAD - Success\n'}
[3.090226] (simple_robot) StdoutLine: {'line': b'-- Found Threads: TRUE  \n'}
[3.125656] (-) TimerEvent: {}
[3.226863] (-) TimerEvent: {}
[3.263732] (simple_robot) StdoutLine: {'line': b'-- Found geometry_msgs: 4.2.4 (/opt/ros/humble/share/geometry_msgs/cmake)\n'}
[3.295747] (simple_robot) StdoutLine: {'line': b'-- Found sensor_msgs: 4.2.4 (/opt/ros/humble/share/sensor_msgs/cmake)\n'}
[3.326978] (-) TimerEvent: {}
[3.347949] (simple_robot) StdoutLine: {'line': b'-- Found nav_msgs: 4.2.4 (/opt/ros/humble/share/nav_msgs/cmake)\n'}
[3.408959] (simple_robot) StdoutLine: {'line': b'-- Found OpenCV: /usr (found version "4.5.4") \n'}
[3.427100] (-) TimerEvent: {}
[3.527521] (-) TimerEvent: {}
[3.578055] (simple_robot) StdoutLine: {'line': b'-- DATA_DIR: /home/martina/rp_project/robot-programming-project/src/simple_robot/data\n'}
[3.578833] (simple_robot) StdoutLine: {'line': b'-- Configuring done\n'}
[3.627663] (-) TimerEvent: {}
[3.640911] (simple_robot) StdoutLine: {'line': b'-- Generating done\n'}
[3.657638] (simple_robot) StdoutLine: {'line': b'-- Build files have been written to: /home/martina/rp_project/robot-programming-project/src/simple_robot/build/simple_robot\n'}
[3.688681] (simple_robot) CommandEnded: {'returncode': 0}
[3.692477] (simple_robot) JobProgress: {'identifier': 'simple_robot', 'progress': 'build'}
[3.693512] (simple_robot) Command: {'cmd': ['/usr/bin/cmake', '--build', '/home/martina/rp_project/robot-programming-project/src/simple_robot/build/simple_robot', '--', '-j4', '-l4'], 'cwd': '/home/martina/rp_project/robot-programming-project/src/simple_robot/build/simple_robot', 'env': OrderedDict([('GJS_DEBUG_TOPICS', 'JS ERROR;JS LOG'), ('LESSOPEN', '| /usr/bin/env /usr/bin/lesspipe %s 2>/dev/null'), ('CONDA_PROMPT_MODIFIER', '(base)'), ('LC_TIME', 'it_IT.UTF-8'), ('USER', 'martina'), ('XDG_SESSION_TYPE', 'wayland'), ('GIT_ASKPASS', '/usr/share/code/resources/app/extensions/git/dist/askpass.sh'), ('SHLVL', '2'), ('LD_LIBRARY_PATH', '/opt/ros/humble/opt/rviz_ogre_vendor/lib:/opt/ros/humble/lib/x86_64-linux-gnu:/opt/ros/humble/lib::/home/martina/.mujoco/mujoco210/bin:/usr/lib/nvidia:~/anaconda3/lib'), ('HOME', '/home/martina'), ('OLDPWD', '/home/martina/rp_project/robot-programming-project/src/simple_robot'), ('CHROME_DESKTOP', 'code.desktop'), ('TERMINFO', '/home/martina/.terminfo'), ('LESS', '-iRFXMx4'), ('CONDA_SHLVL', '1'), ('DESKTOP_SESSION', 'ubuntu'), ('TERM_PROGRAM_VERSION', '1.97.2'), ('GIO_LAUNCHED_DESKTOP_FILE', '/usr/share/applications/code.desktop'), ('LSCOLORS', 'ExGxDxDxCxDxDxFxFxexEx'), ('GTK_MODULES', 'gail:atk-bridge'), ('GNOME_SHELL_SESSION_MODE', 'ubuntu'), ('VSCODE_GIT_ASKPASS_MAIN', '/usr/share/code/resources/app/extensions/git/dist/askpass-main.js'), ('PAGER', 'less'), ('ROS_PYTHON_VERSION', '3'), ('LC_MONETARY', 'it_IT.UTF-8'), ('MANAGERPID', '887'), ('VSCODE_GIT_ASKPASS_NODE', '/usr/share/code/code'), ('SYSTEMD_EXEC_PID', '1152'), ('DBUS_SESSION_BUS_ADDRESS', 'unix:path=/run/user/1000/bus'), ('P9K_TTY', 'old'), ('GIO_LAUNCHED_DESKTOP_FILE_PID', '3260'), ('COLORTERM', 'truecolor'), ('_CE_M', ''), ('WAYLAND_DISPLAY', 'wayland-0'), ('INFOPATH', ''), ('ROS_DISTRO', 'humble'), ('COLCON_PREFIX_PATH', '/home/martina/rp_project/robot-programming-project/install'), ('LOGNAME', 'martina'), ('_', '/usr/bin/colcon'), ('JOURNAL_STREAM', '8:11413'), ('_P9K_SSH_TTY', '/dev/pts/2'), ('XDG_SESSION_CLASS', 'user'), ('USER_ZDOTDIR', '/home/martina'), ('ROS_VERSION', '2'), ('USERNAME', 'martina'), ('TERM', 'xterm-256color'), ('GNOME_DESKTOP_SESSION_ID', 'this-is-deprecated'), ('_CE_CONDA', ''), ('ROS_LOCALHOST_ONLY', '0'), ('PATH', '/opt/ros/humble/bin:/home/martina/.local/bin:/home/martina/.local/bin:/usr/lib/ccache:.:/home/martina/.mujoco/mujoco210/bin:/usr/lib/nvidia:/home/martina/anaconda3/condabin:/home/martina/bin:/home/martina/.local/bin:/usr/local/sbin:/usr/local/bin:/usr/sbin:/usr/bin:/sbin:/bin:/usr/games:/usr/local/games:/snap/bin:/home/martina/.cache/zsh4humans/v5/fzf/bin:/home/martina/other/install/bin'), ('SESSION_MANAGER', 'local/Martina-ThinkPad-X1-Yoga:@/tmp/.ICE-unix/1105,unix/Martina-ThinkPad-X1-Yoga:/tmp/.ICE-unix/1105'), ('INVOCATION_ID', 'abb78b4b018940349bd4da4c8fed9753'), ('LC_ADDRESS', 'it_IT.UTF-8'), ('XDG_RUNTIME_DIR', '/run/user/1000'), ('XDG_MENU_PREFIX', 'gnome-'), ('GNOME_SETUP_DISPLAY', ':1'), ('GDK_BACKEND', 'x11'), ('DISPLAY', ':0'), ('LANG', 'en_US.UTF-8'), ('LC_TELEPHONE', 'it_IT.UTF-8'), ('XDG_CURRENT_DESKTOP', 'Unity'), ('VSCODE_INJECTION', '1'), ('LD_PRELOAD', ':/usr/lib/x86_64-linux-gnu/libGLEW.so'), ('XDG_SESSION_DESKTOP', 'ubuntu'), ('XMODIFIERS', '@im=ibus'), ('XAUTHORITY', '/run/user/1000/.mutter-Xwaylandauth.L52E22'), ('TERM_PROGRAM', 'vscode'), ('VSCODE_GIT_IPC_HANDLE', '/run/user/1000/vscode-git-f640f2b3f6.sock'), ('LS_COLORS', 'fi=00:mi=00:mh=00:ln=01;36:or=01;31:di=01;34:ow=04;01;34:st=34:tw=04;34:pi=01;33:so=01;33:do=01;33:bd=01;33:cd=01;33:su=01;35:sg=01;35:ca=01;35:ex=01;32:no=38;5;248'), ('TREE_COLORS', 'fi=00:mi=00:mh=00:ln=01;36:or=01;31:di=01;34:ow=01;34:st=34:tw=34:pi=01;33:so=01;33:do=01;33:bd=01;33:cd=01;33:su=01;35:sg=01;35:ca=01;35:ex=01;32'), ('SSH_AGENT_LAUNCHER', 'gnome-keyring'), ('SSH_AUTH_SOCK', '/run/user/1000/keyring/ssh'), ('ORIGINAL_XDG_CURRENT_DESKTOP', 'ubuntu:GNOME'), ('CONDA_PYTHON_EXE', '/home/martina/anaconda3/bin/python'), ('AMENT_PREFIX_PATH', '/home/martina/rp_project/robot-programming-project/install/simple_robot:/opt/ros/humble'), ('LC_NAME', 'it_IT.UTF-8'), ('SHELL', '/usr/local/bin/zsh'), ('DEST', '/home/martina/other/install'), ('QT_ACCESSIBILITY', '1'), ('GDMSESSION', 'ubuntu'), ('CONDA_DEFAULT_ENV', 'base'), ('LC_MEASUREMENT', 'it_IT.UTF-8'), ('LC_IDENTIFICATION', 'it_IT.UTF-8'), ('GJS_DEBUG_OUTPUT', 'stderr'), ('P9K_SSH', '0'), ('QT_IM_MODULE', 'ibus'), ('VSCODE_GIT_ASKPASS_EXTRA_ARGS', ''), ('VSCODE_NONCE', '052e925b-acb5-444f-b870-f20c06506941'), ('LC_ALL', 'en_US.UTF-8'), ('PWD', '/home/martina/rp_project/robot-programming-project/src/simple_robot/build/simple_robot'), ('GPG_TTY', '/dev/pts/2'), ('XDG_DATA_DIRS', '/usr/local/share/:/usr/share/:/var/lib/snapd/desktop'), ('ZDOTDIR', '/home/martina'), ('_P9K_TTY', '/dev/pts/2'), ('CONDA_EXE', '/home/martina/anaconda3/bin/conda'), ('LC_NUMERIC', 'it_IT.UTF-8'), ('PYTHONPATH', '/opt/ros/humble/lib/python3.10/site-packages:/opt/ros/humble/local/lib/python3.10/dist-packages:/home/martina/other/install/lib/python3.10/site-packages/'), ('LC_PAPER', 'it_IT.UTF-8'), ('CONDA_PREFIX', '/home/martina/anaconda3'), ('COLCON', '1'), ('MANPATH', '/usr/local/share/man:/home/martina/.cache/zsh4humans/v5/fzf/man:'), ('CMAKE_PREFIX_PATH', '/home/martina/rp_project/robot-programming-project/install/simple_robot:/opt/ros/humble')]), 'shell': False}
[3.727745] (-) TimerEvent: {}
[3.828195] (-) TimerEvent: {}
[3.841901] (simple_robot) StdoutLine: {'line': b'\x1b[35m\x1b[1mConsolidate compiler generated dependencies of target grid_map\x1b[0m\n'}
[3.847460] (simple_robot) StdoutLine: {'line': b'\x1b[35m\x1b[1mConsolidate compiler generated dependencies of target robot_map_node\x1b[0m\n'}
[3.929728] (-) TimerEvent: {}
[3.967691] (simple_robot) StdoutLine: {'line': b'[  8%] \x1b[32mBuilding CXX object src/CMakeFiles/grid_map.dir/main.cpp.o\x1b[0m\n'}
[3.992812] (simple_robot) StdoutLine: {'line': b'[ 16%] \x1b[32mBuilding CXX object CMakeFiles/robot_map_node.dir/src/main.cpp.o\x1b[0m\n'}
[4.034991] (-) TimerEvent: {}
[4.135826] (-) TimerEvent: {}
[4.236727] (-) TimerEvent: {}
[4.339643] (-) TimerEvent: {}
[4.440130] (-) TimerEvent: {}
[4.543868] (-) TimerEvent: {}
[4.644364] (-) TimerEvent: {}
[4.745741] (-) TimerEvent: {}
[4.848400] (-) TimerEvent: {}
[4.948955] (-) TimerEvent: {}
[5.049436] (-) TimerEvent: {}
[5.151102] (-) TimerEvent: {}
[5.253073] (-) TimerEvent: {}
[5.357313] (-) TimerEvent: {}
[5.459755] (-) TimerEvent: {}
[5.560211] (-) TimerEvent: {}
[5.661202] (-) TimerEvent: {}
[5.765083] (-) TimerEvent: {}
[5.865502] (-) TimerEvent: {}
[5.965955] (-) TimerEvent: {}
[6.069728] (-) TimerEvent: {}
[6.170145] (-) TimerEvent: {}
[6.270572] (-) TimerEvent: {}
[6.371590] (-) TimerEvent: {}
[6.473681] (-) TimerEvent: {}
[6.574104] (-) TimerEvent: {}
[6.676929] (-) TimerEvent: {}
[6.777383] (-) TimerEvent: {}
[6.878571] (-) TimerEvent: {}
[6.980167] (-) TimerEvent: {}
[7.080566] (-) TimerEvent: {}
[7.180997] (-) TimerEvent: {}
[7.284723] (-) TimerEvent: {}
[7.385159] (-) TimerEvent: {}
[7.485723] (-) TimerEvent: {}
[7.586237] (-) TimerEvent: {}
[7.686735] (-) TimerEvent: {}
[7.788723] (-) TimerEvent: {}
[7.889140] (-) TimerEvent: {}
[7.991465] (-) TimerEvent: {}
[8.091874] (-) TimerEvent: {}
[8.192270] (-) TimerEvent: {}
[8.292697] (-) TimerEvent: {}
[8.393299] (-) TimerEvent: {}
[8.493716] (-) TimerEvent: {}
[8.594098] (-) TimerEvent: {}
[8.694719] (-) TimerEvent: {}
[8.795164] (-) TimerEvent: {}
[8.895567] (-) TimerEvent: {}
[8.995977] (-) TimerEvent: {}
[9.096399] (-) TimerEvent: {}
[9.196813] (-) TimerEvent: {}
[9.297221] (-) TimerEvent: {}
[9.397640] (-) TimerEvent: {}
[9.498042] (-) TimerEvent: {}
[9.598496] (-) TimerEvent: {}
[9.698920] (-) TimerEvent: {}
[9.799476] (-) TimerEvent: {}
[9.899880] (-) TimerEvent: {}
[10.000345] (-) TimerEvent: {}
[10.101003] (-) TimerEvent: {}
[10.201399] (-) TimerEvent: {}
[10.301807] (-) TimerEvent: {}
[10.402203] (-) TimerEvent: {}
[10.502582] (-) TimerEvent: {}
[10.603187] (-) TimerEvent: {}
[10.703593] (-) TimerEvent: {}
[10.805718] (-) TimerEvent: {}
[10.906107] (-) TimerEvent: {}
[11.007017] (-) TimerEvent: {}
[11.107833] (-) TimerEvent: {}
[11.208233] (-) TimerEvent: {}
[11.308610] (-) TimerEvent: {}
[11.409013] (-) TimerEvent: {}
[11.509886] (-) TimerEvent: {}
[11.610567] (-) TimerEvent: {}
[11.710964] (-) TimerEvent: {}
[11.811421] (-) TimerEvent: {}
[11.911838] (-) TimerEvent: {}
[12.012222] (-) TimerEvent: {}
[12.112631] (-) TimerEvent: {}
[12.213043] (-) TimerEvent: {}
[12.313452] (-) TimerEvent: {}
[12.413826] (-) TimerEvent: {}
[12.514415] (-) TimerEvent: {}
[12.614856] (-) TimerEvent: {}
[12.715590] (-) TimerEvent: {}
[12.815965] (-) TimerEvent: {}
[12.916334] (-) TimerEvent: {}
[13.017116] (-) TimerEvent: {}
[13.117508] (-) TimerEvent: {}
[13.218424] (-) TimerEvent: {}
[13.318803] (-) TimerEvent: {}
[13.419172] (-) TimerEvent: {}
[13.519577] (-) TimerEvent: {}
[13.619984] (-) TimerEvent: {}
[13.720460] (-) TimerEvent: {}
[13.820938] (-) TimerEvent: {}
[13.921370] (-) TimerEvent: {}
[14.022877] (-) TimerEvent: {}
[14.123331] (-) TimerEvent: {}
[14.223732] (-) TimerEvent: {}
[14.324388] (-) TimerEvent: {}
[14.425005] (-) TimerEvent: {}
[14.525557] (-) TimerEvent: {}
[14.625964] (-) TimerEvent: {}
[14.726349] (-) TimerEvent: {}
[14.826740] (-) TimerEvent: {}
[14.927133] (-) TimerEvent: {}
[15.027735] (-) TimerEvent: {}
[15.128114] (-) TimerEvent: {}
[15.228537] (-) TimerEvent: {}
[15.329176] (-) TimerEvent: {}
[15.429561] (-) TimerEvent: {}
[15.530188] (-) TimerEvent: {}
[15.630844] (-) TimerEvent: {}
[15.732470] (-) TimerEvent: {}
[15.833569] (-) TimerEvent: {}
[15.934698] (-) TimerEvent: {}
[16.035078] (-) TimerEvent: {}
[16.135459] (-) TimerEvent: {}
[16.235851] (-) TimerEvent: {}
[16.336238] (-) TimerEvent: {}
[16.436624] (-) TimerEvent: {}
[16.537019] (-) TimerEvent: {}
[16.637738] (-) TimerEvent: {}
[16.738128] (-) TimerEvent: {}
[16.838533] (-) TimerEvent: {}
[16.938937] (-) TimerEvent: {}
[17.039568] (-) TimerEvent: {}
[17.140231] (-) TimerEvent: {}
[17.240725] (-) TimerEvent: {}
[17.341106] (-) TimerEvent: {}
[17.441489] (-) TimerEvent: {}
[17.541873] (-) TimerEvent: {}
[17.642262] (-) TimerEvent: {}
[17.742671] (-) TimerEvent: {}
[17.846012] (-) TimerEvent: {}
[17.946439] (-) TimerEvent: {}
[18.046866] (-) TimerEvent: {}
[18.147293] (-) TimerEvent: {}
[18.247699] (-) TimerEvent: {}
[18.348169] (-) TimerEvent: {}
[18.448631] (-) TimerEvent: {}
[18.549057] (-) TimerEvent: {}
[18.649513] (-) TimerEvent: {}
[18.750143] (-) TimerEvent: {}
[18.850549] (-) TimerEvent: {}
[18.951005] (-) TimerEvent: {}
[19.051436] (-) TimerEvent: {}
[19.151911] (-) TimerEvent: {}
[19.252340] (-) TimerEvent: {}
[19.352724] (-) TimerEvent: {}
[19.453200] (-) TimerEvent: {}
[19.553583] (-) TimerEvent: {}
[19.653978] (-) TimerEvent: {}
[19.754429] (-) TimerEvent: {}
[19.855195] (-) TimerEvent: {}
[19.956719] (-) TimerEvent: {}
[20.057138] (-) TimerEvent: {}
[20.158051] (-) TimerEvent: {}
[20.258800] (-) TimerEvent: {}
[20.359283] (-) TimerEvent: {}
[20.460148] (-) TimerEvent: {}
[20.560631] (-) TimerEvent: {}
[20.661051] (-) TimerEvent: {}
[20.761693] (-) TimerEvent: {}
[20.862699] (-) TimerEvent: {}
[20.963080] (-) TimerEvent: {}
[21.063474] (-) TimerEvent: {}
[21.163907] (-) TimerEvent: {}
[21.264298] (-) TimerEvent: {}
[21.366717] (-) TimerEvent: {}
[21.467135] (-) TimerEvent: {}
[21.567784] (-) TimerEvent: {}
[21.668149] (-) TimerEvent: {}
[21.768508] (-) TimerEvent: {}
[21.868948] (-) TimerEvent: {}
[21.969330] (-) TimerEvent: {}
[22.069718] (-) TimerEvent: {}
[22.170153] (-) TimerEvent: {}
[22.272706] (-) TimerEvent: {}
[22.373329] (-) TimerEvent: {}
[22.473792] (-) TimerEvent: {}
[22.574340] (-) TimerEvent: {}
[22.674784] (-) TimerEvent: {}
[22.775162] (-) TimerEvent: {}
[22.875544] (-) TimerEvent: {}
[22.976059] (-) TimerEvent: {}
[23.076542] (-) TimerEvent: {}
[23.177024] (-) TimerEvent: {}
[23.277756] (-) TimerEvent: {}
[23.378922] (-) TimerEvent: {}
[23.479349] (-) TimerEvent: {}
[23.580501] (-) TimerEvent: {}
[23.680906] (-) TimerEvent: {}
[23.781736] (-) TimerEvent: {}
[23.882866] (-) TimerEvent: {}
[23.983730] (-) TimerEvent: {}
[24.084572] (-) TimerEvent: {}
[24.185287] (-) TimerEvent: {}
[24.285709] (-) TimerEvent: {}
[24.386074] (-) TimerEvent: {}
[24.486976] (-) TimerEvent: {}
[24.587390] (-) TimerEvent: {}
[24.687983] (-) TimerEvent: {}
[24.788674] (-) TimerEvent: {}
[24.889123] (-) TimerEvent: {}
[24.989774] (-) TimerEvent: {}
[25.090358] (-) TimerEvent: {}
[25.190710] (-) TimerEvent: {}
[25.291046] (-) TimerEvent: {}
[25.391389] (-) TimerEvent: {}
[25.491720] (-) TimerEvent: {}
[25.592291] (-) TimerEvent: {}
[25.692849] (-) TimerEvent: {}
[25.793213] (-) TimerEvent: {}
[25.893810] (-) TimerEvent: {}
[25.994248] (-) TimerEvent: {}
[26.094626] (-) TimerEvent: {}
[26.194978] (-) TimerEvent: {}
[26.295394] (-) TimerEvent: {}
[26.396005] (-) TimerEvent: {}
[26.496834] (-) TimerEvent: {}
[26.597278] (-) TimerEvent: {}
[26.697850] (-) TimerEvent: {}
[26.798202] (-) TimerEvent: {}
[26.898546] (-) TimerEvent: {}
[26.998894] (-) TimerEvent: {}
[27.099242] (-) TimerEvent: {}
[27.199641] (-) TimerEvent: {}
[27.299998] (-) TimerEvent: {}
[27.400404] (-) TimerEvent: {}
[27.500822] (-) TimerEvent: {}
[27.601223] (-) TimerEvent: {}
[27.701583] (-) TimerEvent: {}
[27.801983] (-) TimerEvent: {}
[27.902372] (-) TimerEvent: {}
[28.002735] (-) TimerEvent: {}
[28.103132] (-) TimerEvent: {}
[28.203525] (-) TimerEvent: {}
[28.304410] (-) TimerEvent: {}
[28.405157] (-) TimerEvent: {}
[28.505524] (-) TimerEvent: {}
[28.606885] (-) TimerEvent: {}
[28.707238] (-) TimerEvent: {}
[28.807609] (-) TimerEvent: {}
[28.907984] (-) TimerEvent: {}
[29.008326] (-) TimerEvent: {}
[29.108686] (-) TimerEvent: {}
[29.209085] (-) TimerEvent: {}
[29.309623] (-) TimerEvent: {}
[29.409970] (-) TimerEvent: {}
[29.510530] (-) TimerEvent: {}
[29.611111] (-) TimerEvent: {}
[29.711685] (-) TimerEvent: {}
[29.812101] (-) TimerEvent: {}
[29.912466] (-) TimerEvent: {}
[30.012943] (-) TimerEvent: {}
[30.113835] (-) TimerEvent: {}
[30.214441] (-) TimerEvent: {}
[30.314810] (-) TimerEvent: {}
[30.415230] (-) TimerEvent: {}
[30.516083] (-) TimerEvent: {}
[30.616484] (-) TimerEvent: {}
[30.717901] (-) TimerEvent: {}
[30.818366] (-) TimerEvent: {}
[30.919167] (-) TimerEvent: {}
[31.019531] (-) TimerEvent: {}
[31.120035] (-) TimerEvent: {}
[31.220393] (-) TimerEvent: {}
[31.320738] (-) TimerEvent: {}
[31.421818] (-) TimerEvent: {}
[31.522192] (-) TimerEvent: {}
[31.622842] (-) TimerEvent: {}
[31.723480] (-) TimerEvent: {}
[31.823882] (-) TimerEvent: {}
[31.924232] (-) TimerEvent: {}
[32.024542] (-) TimerEvent: {}
[32.124911] (-) TimerEvent: {}
[32.225300] (-) TimerEvent: {}
[32.325857] (-) TimerEvent: {}
[32.426219] (-) TimerEvent: {}
[32.526616] (-) TimerEvent: {}
[32.627024] (-) TimerEvent: {}
[32.727336] (-) TimerEvent: {}
[32.827721] (-) TimerEvent: {}
[32.928126] (-) TimerEvent: {}
[33.028580] (-) TimerEvent: {}
[33.129041] (-) TimerEvent: {}
[33.229704] (-) TimerEvent: {}
[33.330441] (-) TimerEvent: {}
[33.430933] (-) TimerEvent: {}
[33.531343] (-) TimerEvent: {}
[33.595190] (simple_robot) StdoutLine: {'line': b'[ 25%] \x1b[32m\x1b[1mLinking CXX shared library libgrid_map.so\x1b[0m\n'}
[33.632266] (-) TimerEvent: {}
[33.732640] (-) TimerEvent: {}
[33.824003] (simple_robot) StdoutLine: {'line': b'[ 33%] \x1b[32m\x1b[1mLinking CXX executable robot_map_node\x1b[0m\n'}
[33.834276] (-) TimerEvent: {}
[33.938736] (-) TimerEvent: {}
[34.039542] (-) TimerEvent: {}
[34.139999] (-) TimerEvent: {}
[34.240925] (-) TimerEvent: {}
[34.343159] (-) TimerEvent: {}
[34.453775] (-) TimerEvent: {}
[34.555776] (-) TimerEvent: {}
[34.657836] (-) TimerEvent: {}
[34.758310] (-) TimerEvent: {}
[34.864745] (-) TimerEvent: {}
[34.965162] (-) TimerEvent: {}
[35.065581] (-) TimerEvent: {}
[35.166739] (-) TimerEvent: {}
[35.268781] (-) TimerEvent: {}
[35.377544] (-) TimerEvent: {}
[35.478147] (-) TimerEvent: {}
[35.578757] (-) TimerEvent: {}
[35.679827] (-) TimerEvent: {}
[35.780845] (-) TimerEvent: {}
[35.885975] (-) TimerEvent: {}
[35.990095] (-) TimerEvent: {}
[36.092933] (-) TimerEvent: {}
[36.193704] (-) TimerEvent: {}
[36.294902] (-) TimerEvent: {}
[36.395369] (-) TimerEvent: {}
[36.495811] (-) TimerEvent: {}
[36.597259] (-) TimerEvent: {}
[36.699929] (-) TimerEvent: {}
[36.724615] (simple_robot) StdoutLine: {'line': b'[ 66%] Built target grid_map\n'}
[36.800071] (-) TimerEvent: {}
[36.900387] (-) TimerEvent: {}
[37.000863] (-) TimerEvent: {}
[37.101393] (-) TimerEvent: {}
[37.202502] (-) TimerEvent: {}
[37.306031] (-) TimerEvent: {}
[37.406473] (-) TimerEvent: {}
[37.507021] (-) TimerEvent: {}
[37.607901] (-) TimerEvent: {}
[37.708933] (-) TimerEvent: {}
[37.809526] (-) TimerEvent: {}
[37.910045] (-) TimerEvent: {}
[38.010446] (-) TimerEvent: {}
[38.091179] (simple_robot) StdoutLine: {'line': b'[100%] Built target robot_map_node\n'}
[38.110582] (-) TimerEvent: {}
[38.116663] (simple_robot) CommandEnded: {'returncode': 0}
[38.121209] (simple_robot) JobProgress: {'identifier': 'simple_robot', 'progress': 'install'}
[38.140901] (simple_robot) Command: {'cmd': ['/usr/bin/cmake', '--install', '/home/martina/rp_project/robot-programming-project/src/simple_robot/build/simple_robot'], 'cwd': '/home/martina/rp_project/robot-programming-project/src/simple_robot/build/simple_robot', 'env': OrderedDict([('GJS_DEBUG_TOPICS', 'JS ERROR;JS LOG'), ('LESSOPEN', '| /usr/bin/env /usr/bin/lesspipe %s 2>/dev/null'), ('CONDA_PROMPT_MODIFIER', '(base)'), ('LC_TIME', 'it_IT.UTF-8'), ('USER', 'martina'), ('XDG_SESSION_TYPE', 'wayland'), ('GIT_ASKPASS', '/usr/share/code/resources/app/extensions/git/dist/askpass.sh'), ('SHLVL', '2'), ('LD_LIBRARY_PATH', '/opt/ros/humble/opt/rviz_ogre_vendor/lib:/opt/ros/humble/lib/x86_64-linux-gnu:/opt/ros/humble/lib::/home/martina/.mujoco/mujoco210/bin:/usr/lib/nvidia:~/anaconda3/lib'), ('HOME', '/home/martina'), ('OLDPWD', '/home/martina/rp_project/robot-programming-project/src/simple_robot'), ('CHROME_DESKTOP', 'code.desktop'), ('TERMINFO', '/home/martina/.terminfo'), ('LESS', '-iRFXMx4'), ('CONDA_SHLVL', '1'), ('DESKTOP_SESSION', 'ubuntu'), ('TERM_PROGRAM_VERSION', '1.97.2'), ('GIO_LAUNCHED_DESKTOP_FILE', '/usr/share/applications/code.desktop'), ('LSCOLORS', 'ExGxDxDxCxDxDxFxFxexEx'), ('GTK_MODULES', 'gail:atk-bridge'), ('GNOME_SHELL_SESSION_MODE', 'ubuntu'), ('VSCODE_GIT_ASKPASS_MAIN', '/usr/share/code/resources/app/extensions/git/dist/askpass-main.js'), ('PAGER', 'less'), ('ROS_PYTHON_VERSION', '3'), ('LC_MONETARY', 'it_IT.UTF-8'), ('MANAGERPID', '887'), ('VSCODE_GIT_ASKPASS_NODE', '/usr/share/code/code'), ('SYSTEMD_EXEC_PID', '1152'), ('DBUS_SESSION_BUS_ADDRESS', 'unix:path=/run/user/1000/bus'), ('P9K_TTY', 'old'), ('GIO_LAUNCHED_DESKTOP_FILE_PID', '3260'), ('COLORTERM', 'truecolor'), ('_CE_M', ''), ('WAYLAND_DISPLAY', 'wayland-0'), ('INFOPATH', ''), ('ROS_DISTRO', 'humble'), ('COLCON_PREFIX_PATH', '/home/martina/rp_project/robot-programming-project/install'), ('LOGNAME', 'martina'), ('_', '/usr/bin/colcon'), ('JOURNAL_STREAM', '8:11413'), ('_P9K_SSH_TTY', '/dev/pts/2'), ('XDG_SESSION_CLASS', 'user'), ('USER_ZDOTDIR', '/home/martina'), ('ROS_VERSION', '2'), ('USERNAME', 'martina'), ('TERM', 'xterm-256color'), ('GNOME_DESKTOP_SESSION_ID', 'this-is-deprecated'), ('_CE_CONDA', ''), ('ROS_LOCALHOST_ONLY', '0'), ('PATH', '/opt/ros/humble/bin:/home/martina/.local/bin:/home/martina/.local/bin:/usr/lib/ccache:.:/home/martina/.mujoco/mujoco210/bin:/usr/lib/nvidia:/home/martina/anaconda3/condabin:/home/martina/bin:/home/martina/.local/bin:/usr/local/sbin:/usr/local/bin:/usr/sbin:/usr/bin:/sbin:/bin:/usr/games:/usr/local/games:/snap/bin:/home/martina/.cache/zsh4humans/v5/fzf/bin:/home/martina/other/install/bin'), ('SESSION_MANAGER', 'local/Martina-ThinkPad-X1-Yoga:@/tmp/.ICE-unix/1105,unix/Martina-ThinkPad-X1-Yoga:/tmp/.ICE-unix/1105'), ('INVOCATION_ID', 'abb78b4b018940349bd4da4c8fed9753'), ('LC_ADDRESS', 'it_IT.UTF-8'), ('XDG_RUNTIME_DIR', '/run/user/1000'), ('XDG_MENU_PREFIX', 'gnome-'), ('GNOME_SETUP_DISPLAY', ':1'), ('GDK_BACKEND', 'x11'), ('DISPLAY', ':0'), ('LANG', 'en_US.UTF-8'), ('LC_TELEPHONE', 'it_IT.UTF-8'), ('XDG_CURRENT_DESKTOP', 'Unity'), ('VSCODE_INJECTION', '1'), ('LD_PRELOAD', ':/usr/lib/x86_64-linux-gnu/libGLEW.so'), ('XDG_SESSION_DESKTOP', 'ubuntu'), ('XMODIFIERS', '@im=ibus'), ('XAUTHORITY', '/run/user/1000/.mutter-Xwaylandauth.L52E22'), ('TERM_PROGRAM', 'vscode'), ('VSCODE_GIT_IPC_HANDLE', '/run/user/1000/vscode-git-f640f2b3f6.sock'), ('LS_COLORS', 'fi=00:mi=00:mh=00:ln=01;36:or=01;31:di=01;34:ow=04;01;34:st=34:tw=04;34:pi=01;33:so=01;33:do=01;33:bd=01;33:cd=01;33:su=01;35:sg=01;35:ca=01;35:ex=01;32:no=38;5;248'), ('TREE_COLORS', 'fi=00:mi=00:mh=00:ln=01;36:or=01;31:di=01;34:ow=01;34:st=34:tw=34:pi=01;33:so=01;33:do=01;33:bd=01;33:cd=01;33:su=01;35:sg=01;35:ca=01;35:ex=01;32'), ('SSH_AGENT_LAUNCHER', 'gnome-keyring'), ('SSH_AUTH_SOCK', '/run/user/1000/keyring/ssh'), ('ORIGINAL_XDG_CURRENT_DESKTOP', 'ubuntu:GNOME'), ('CONDA_PYTHON_EXE', '/home/martina/anaconda3/bin/python'), ('AMENT_PREFIX_PATH', '/home/martina/rp_project/robot-programming-project/install/simple_robot:/opt/ros/humble'), ('LC_NAME', 'it_IT.UTF-8'), ('SHELL', '/usr/local/bin/zsh'), ('DEST', '/home/martina/other/install'), ('QT_ACCESSIBILITY', '1'), ('GDMSESSION', 'ubuntu'), ('CONDA_DEFAULT_ENV', 'base'), ('LC_MEASUREMENT', 'it_IT.UTF-8'), ('LC_IDENTIFICATION', 'it_IT.UTF-8'), ('GJS_DEBUG_OUTPUT', 'stderr'), ('P9K_SSH', '0'), ('QT_IM_MODULE', 'ibus'), ('VSCODE_GIT_ASKPASS_EXTRA_ARGS', ''), ('VSCODE_NONCE', '052e925b-acb5-444f-b870-f20c06506941'), ('LC_ALL', 'en_US.UTF-8'), ('PWD', '/home/martina/rp_project/robot-programming-project/src/simple_robot/build/simple_robot'), ('GPG_TTY', '/dev/pts/2'), ('XDG_DATA_DIRS', '/usr/local/share/:/usr/share/:/var/lib/snapd/desktop'), ('ZDOTDIR', '/home/martina'), ('_P9K_TTY', '/dev/pts/2'), ('CONDA_EXE', '/home/martina/anaconda3/bin/conda'), ('LC_NUMERIC', 'it_IT.UTF-8'), ('PYTHONPATH', '/opt/ros/humble/lib/python3.10/site-packages:/opt/ros/humble/local/lib/python3.10/dist-packages:/home/martina/other/install/lib/python3.10/site-packages/'), ('LC_PAPER', 'it_IT.UTF-8'), ('CONDA_PREFIX', '/home/martina/anaconda3'), ('COLCON', '1'), ('MANPATH', '/usr/local/share/man:/home/martina/.cache/zsh4humans/v5/fzf/man:'), ('CMAKE_PREFIX_PATH', '/home/martina/rp_project/robot-programming-project/install/simple_robot:/opt/ros/humble')]), 'shell': False}
[38.159182] (simple_robot) StdoutLine: {'line': b'-- Install configuration: ""\n'}
[38.159637] (simple_robot) StdoutLine: {'line': b'-- Installing: /home/martina/rp_project/robot-programming-project/src/simple_robot/install/simple_robot/lib/simple_robot/robot_map_node\n'}
[38.173839] (simple_robot) StdoutLine: {'line': b'-- Set runtime path of "/home/martina/rp_project/robot-programming-project/src/simple_robot/install/simple_robot/lib/simple_robot/robot_map_node" to ""\n'}
[38.174193] (simple_robot) StdoutLine: {'line': b'-- Up-to-date: /home/martina/rp_project/robot-programming-project/src/simple_robot/install/simple_robot/share/ament_index/resource_index/package_run_dependencies/simple_robot\n'}
[38.174526] (simple_robot) StdoutLine: {'line': b'-- Up-to-date: /home/martina/rp_project/robot-programming-project/src/simple_robot/install/simple_robot/share/ament_index/resource_index/parent_prefix_path/simple_robot\n'}
[38.174875] (simple_robot) StdoutLine: {'line': b'-- Up-to-date: /home/martina/rp_project/robot-programming-project/src/simple_robot/install/simple_robot/share/simple_robot/environment/ament_prefix_path.sh\n'}
[38.175059] (simple_robot) StdoutLine: {'line': b'-- Installing: /home/martina/rp_project/robot-programming-project/src/simple_robot/install/simple_robot/share/simple_robot/environment/ament_prefix_path.dsv\n'}
[38.175236] (simple_robot) StdoutLine: {'line': b'-- Up-to-date: /home/martina/rp_project/robot-programming-project/src/simple_robot/install/simple_robot/share/simple_robot/environment/path.sh\n'}
[38.175373] (simple_robot) StdoutLine: {'line': b'-- Installing: /home/martina/rp_project/robot-programming-project/src/simple_robot/install/simple_robot/share/simple_robot/environment/path.dsv\n'}
[38.175603] (simple_robot) StdoutLine: {'line': b'-- Up-to-date: /home/martina/rp_project/robot-programming-project/src/simple_robot/install/simple_robot/share/simple_robot/local_setup.bash\n'}
[38.175838] (simple_robot) StdoutLine: {'line': b'-- Up-to-date: /home/martina/rp_project/robot-programming-project/src/simple_robot/install/simple_robot/share/simple_robot/local_setup.sh\n'}
[38.175982] (simple_robot) StdoutLine: {'line': b'-- Up-to-date: /home/martina/rp_project/robot-programming-project/src/simple_robot/install/simple_robot/share/simple_robot/local_setup.zsh\n'}
[38.176114] (simple_robot) StdoutLine: {'line': b'-- Installing: /home/martina/rp_project/robot-programming-project/src/simple_robot/install/simple_robot/share/simple_robot/local_setup.dsv\n'}
[38.176242] (simple_robot) StdoutLine: {'line': b'-- Installing: /home/martina/rp_project/robot-programming-project/src/simple_robot/install/simple_robot/share/simple_robot/package.dsv\n'}
[38.176456] (simple_robot) StdoutLine: {'line': b'-- Up-to-date: /home/martina/rp_project/robot-programming-project/src/simple_robot/install/simple_robot/share/ament_index/resource_index/packages/simple_robot\n'}
[38.176616] (simple_robot) StdoutLine: {'line': b'-- Up-to-date: /home/martina/rp_project/robot-programming-project/src/simple_robot/install/simple_robot/share/simple_robot/cmake/simple_robotConfig.cmake\n'}
[38.176814] (simple_robot) StdoutLine: {'line': b'-- Up-to-date: /home/martina/rp_project/robot-programming-project/src/simple_robot/install/simple_robot/share/simple_robot/cmake/simple_robotConfig-version.cmake\n'}
[38.176974] (simple_robot) StdoutLine: {'line': b'-- Up-to-date: /home/martina/rp_project/robot-programming-project/src/simple_robot/install/simple_robot/share/simple_robot/package.xml\n'}
[38.179199] (simple_robot) CommandEnded: {'returncode': 0}
[38.210735] (-) TimerEvent: {}
[38.215542] (simple_robot) JobEnded: {'identifier': 'simple_robot', 'rc': 0}
[38.218053] (-) EventReactorShutdown: {}
