[0.791s] DEBUG:colcon:Command line arguments: ['/usr/bin/colcon', 'build', '--packages-select', 'simple_robot', '--cmake-clean-cache', '--event-handlers', 'console_direct+']
[0.792s] DEBUG:colcon:Parsed command line arguments: Namespace(log_base=None, log_level=None, verb_name='build', build_base='build', install_base='install', merge_install=False, symlink_install=False, test_result_base=None, continue_on_error=False, executor='parallel', parallel_workers=4, event_handlers=['console_direct+'], ignore_user_meta=False, metas=['./colcon.meta'], base_paths=['.'], packages_ignore=None, packages_ignore_regex=None, paths=None, packages_up_to=None, packages_up_to_regex=None, packages_above=None, packages_above_and_dependencies=None, packages_above_depth=None, packages_select_by_dep=None, packages_skip_by_dep=None, packages_skip_up_to=None, packages_select_build_failed=False, packages_skip_build_finished=False, packages_select_test_failures=False, packages_skip_test_passed=False, packages_select=['simple_robot'], packages_skip=None, packages_select_regex=None, packages_skip_regex=None, packages_start=None, packages_end=None, allow_overriding=[], cmake_args=None, cmake_target=None, cmake_target_skip_unavailable=False, cmake_clean_cache=True, cmake_clean_first=False, cmake_force_configure=False, ament_cmake_args=None, catkin_cmake_args=None, catkin_skip_building_tests=False, mixin_files=None, mixin=None, verb_parser=<colcon_mixin.mixin.mixin_argument.MixinArgumentDecorator object at 0x784c9a9699c0>, verb_extension=<colcon_core.verb.build.BuildVerb object at 0x784c9a968fd0>, main=<bound method BuildVerb.main of <colcon_core.verb.build.BuildVerb object at 0x784c9a968fd0>>, mixin_verb=('build',))
[3.148s] Level 1:colcon.colcon_core.package_discovery:discover_packages(colcon_meta) check parameters
[3.149s] Level 1:colcon.colcon_core.package_discovery:discover_packages(recursive) check parameters
[3.149s] Level 1:colcon.colcon_core.package_discovery:discover_packages(ignore) check parameters
[3.149s] Level 1:colcon.colcon_core.package_discovery:discover_packages(path) check parameters
[3.153s] Level 1:colcon.colcon_core.package_discovery:discover_packages(colcon_meta) discover
[3.154s] Level 1:colcon.colcon_core.package_discovery:discover_packages(recursive) discover
[3.154s] INFO:colcon.colcon_core.package_discovery:Crawling recursively for packages in '/home/martina/rp_project/robot-programming-project/src/simple_robot'
[3.155s] Level 1:colcon.colcon_core.package_identification:_identify(.) by extensions ['ignore', 'ignore_ament_install']
[3.156s] Level 1:colcon.colcon_core.package_identification:_identify(.) by extension 'ignore'
[3.158s] Level 1:colcon.colcon_core.package_identification:_identify(.) by extension 'ignore_ament_install'
[3.158s] Level 1:colcon.colcon_core.package_identification:_identify(.) by extensions ['colcon_pkg']
[3.158s] Level 1:colcon.colcon_core.package_identification:_identify(.) by extension 'colcon_pkg'
[3.159s] Level 1:colcon.colcon_core.package_identification:_identify(.) by extensions ['colcon_meta']
[3.159s] Level 1:colcon.colcon_core.package_identification:_identify(.) by extension 'colcon_meta'
[3.159s] Level 1:colcon.colcon_core.package_identification:_identify(.) by extensions ['ros']
[3.159s] Level 1:colcon.colcon_core.package_identification:_identify(.) by extension 'ros'
[3.410s] DEBUG:colcon.colcon_core.package_identification:Package '.' with type 'ros.ament_cmake' and name 'simple_robot'
[3.411s] Level 1:colcon.colcon_core.package_discovery:discover_packages(recursive) using defaults
[3.411s] Level 1:colcon.colcon_core.package_discovery:discover_packages(ignore) discover
[3.412s] Level 1:colcon.colcon_core.package_discovery:discover_packages(ignore) using defaults
[3.412s] Level 1:colcon.colcon_core.package_discovery:discover_packages(path) discover
[3.412s] Level 1:colcon.colcon_core.package_discovery:discover_packages(path) using defaults
[3.836s] Level 1:colcon.colcon_core.package_discovery:discover_packages(prefix_path) check parameters
[3.836s] Level 1:colcon.colcon_core.package_discovery:discover_packages(prefix_path) discover
[3.859s] DEBUG:colcon.colcon_installed_package_information.package_discovery:Found 1 installed packages in /home/martina/rp_project/robot-programming-project/install
[3.878s] DEBUG:colcon.colcon_installed_package_information.package_discovery:Found 271 installed packages in /opt/ros/humble
[3.897s] Level 1:colcon.colcon_core.package_discovery:discover_packages(prefix_path) using defaults
[4.600s] Level 5:colcon.colcon_core.verb:set package 'simple_robot' build argument 'cmake_args' from command line to 'None'
[4.606s] Level 5:colcon.colcon_core.verb:set package 'simple_robot' build argument 'cmake_target' from command line to 'None'
[4.608s] Level 5:colcon.colcon_core.verb:set package 'simple_robot' build argument 'cmake_target_skip_unavailable' from command line to 'False'
[4.608s] Level 5:colcon.colcon_core.verb:set package 'simple_robot' build argument 'cmake_clean_cache' from command line to 'True'
[4.609s] Level 5:colcon.colcon_core.verb:set package 'simple_robot' build argument 'cmake_clean_first' from command line to 'False'
[4.609s] Level 5:colcon.colcon_core.verb:set package 'simple_robot' build argument 'cmake_force_configure' from command line to 'False'
[4.610s] Level 5:colcon.colcon_core.verb:set package 'simple_robot' build argument 'ament_cmake_args' from command line to 'None'
[4.610s] Level 5:colcon.colcon_core.verb:set package 'simple_robot' build argument 'catkin_cmake_args' from command line to 'None'
[4.610s] Level 5:colcon.colcon_core.verb:set package 'simple_robot' build argument 'catkin_skip_building_tests' from command line to 'False'
[4.610s] DEBUG:colcon.colcon_core.verb:Building package 'simple_robot' with the following arguments: {'ament_cmake_args': None, 'build_base': '/home/martina/rp_project/robot-programming-project/src/simple_robot/build/simple_robot', 'catkin_cmake_args': None, 'catkin_skip_building_tests': False, 'cmake_args': None, 'cmake_clean_cache': True, 'cmake_clean_first': False, 'cmake_force_configure': False, 'cmake_target': None, 'cmake_target_skip_unavailable': False, 'install_base': '/home/martina/rp_project/robot-programming-project/src/simple_robot/install/simple_robot', 'merge_install': False, 'path': '/home/martina/rp_project/robot-programming-project/src/simple_robot', 'symlink_install': False, 'test_result_base': None}
[4.613s] INFO:colcon.colcon_core.executor:Executing jobs using 'parallel' executor
[4.623s] DEBUG:colcon.colcon_parallel_executor.executor.parallel:run_until_complete
[4.624s] INFO:colcon.colcon_ros.task.ament_cmake.build:Building ROS package in '/home/martina/rp_project/robot-programming-project/src/simple_robot' with build type 'ament_cmake'
[4.627s] INFO:colcon.colcon_cmake.task.cmake.build:Building CMake package in '/home/martina/rp_project/robot-programming-project/src/simple_robot'
[4.639s] INFO:colcon.colcon_core.plugin_system:Skipping extension 'colcon_core.shell.bat': Not used on non-Windows systems
[4.641s] INFO:colcon.colcon_core.shell:Skip shell extension 'powershell' for command environment: Not usable outside of PowerShell
[4.641s] DEBUG:colcon.colcon_core.shell:Skip shell extension 'dsv' for command environment
[4.718s] DEBUG:colcon.colcon_core.event_handler.log_command:Invoking command in '/home/martina/rp_project/robot-programming-project/src/simple_robot/build/simple_robot': CMAKE_PREFIX_PATH=${CMAKE_PREFIX_PATH}:/opt/ros/humble CONDA_PROMPT_MODIFIER=(base) /usr/bin/cmake /home/martina/rp_project/robot-programming-project/src/simple_robot -DCMAKE_INSTALL_PREFIX=/home/martina/rp_project/robot-programming-project/src/simple_robot/install/simple_robot
[21.728s] DEBUG:colcon.colcon_core.event_handler.log_command:Invoked command in '/home/martina/rp_project/robot-programming-project/src/simple_robot/build/simple_robot' returned '0': CMAKE_PREFIX_PATH=${CMAKE_PREFIX_PATH}:/opt/ros/humble CONDA_PROMPT_MODIFIER=(base) /usr/bin/cmake /home/martina/rp_project/robot-programming-project/src/simple_robot -DCMAKE_INSTALL_PREFIX=/home/martina/rp_project/robot-programming-project/src/simple_robot/install/simple_robot
[21.811s] DEBUG:colcon.colcon_core.event_handler.log_command:Invoking command in '/home/martina/rp_project/robot-programming-project/src/simple_robot/build/simple_robot': CMAKE_PREFIX_PATH=${CMAKE_PREFIX_PATH}:/opt/ros/humble CONDA_PROMPT_MODIFIER=(base) /usr/bin/cmake --build /home/martina/rp_project/robot-programming-project/src/simple_robot/build/simple_robot -- -j4 -l4
[24.621s] DEBUG:colcon.colcon_core.event_handler.log_command:Invoked command in '/home/martina/rp_project/robot-programming-project/src/simple_robot/build/simple_robot' returned '0': CMAKE_PREFIX_PATH=${CMAKE_PREFIX_PATH}:/opt/ros/humble CONDA_PROMPT_MODIFIER=(base) /usr/bin/cmake --build /home/martina/rp_project/robot-programming-project/src/simple_robot/build/simple_robot -- -j4 -l4
[24.885s] DEBUG:colcon.colcon_core.event_handler.log_command:Invoking command in '/home/martina/rp_project/robot-programming-project/src/simple_robot/build/simple_robot': CMAKE_PREFIX_PATH=${CMAKE_PREFIX_PATH}:/opt/ros/humble CONDA_PROMPT_MODIFIER=(base) /usr/bin/cmake --install /home/martina/rp_project/robot-programming-project/src/simple_robot/build/simple_robot
[25.346s] Level 1:colcon.colcon_core.environment:create_environment_scripts_only(simple_robot)
[25.371s] DEBUG:colcon.colcon_core.event_handler.log_command:Invoked command in '/home/martina/rp_project/robot-programming-project/src/simple_robot/build/simple_robot' returned '0': CMAKE_PREFIX_PATH=${CMAKE_PREFIX_PATH}:/opt/ros/humble CONDA_PROMPT_MODIFIER=(base) /usr/bin/cmake --install /home/martina/rp_project/robot-programming-project/src/simple_robot/build/simple_robot
[25.423s] Level 1:colcon.colcon_core.environment:checking '/home/martina/rp_project/robot-programming-project/src/simple_robot/install/simple_robot' for CMake module files
[25.446s] Level 1:colcon.colcon_core.environment:checking '/home/martina/rp_project/robot-programming-project/src/simple_robot/install/simple_robot' for CMake config files
[25.461s] Level 1:colcon.colcon_core.shell:create_environment_hook('simple_robot', 'cmake_prefix_path')
[25.463s] INFO:colcon.colcon_core.shell:Creating environment hook '/home/martina/rp_project/robot-programming-project/src/simple_robot/install/simple_robot/share/simple_robot/hook/cmake_prefix_path.ps1'
[25.493s] INFO:colcon.colcon_core.shell:Creating environment descriptor '/home/martina/rp_project/robot-programming-project/src/simple_robot/install/simple_robot/share/simple_robot/hook/cmake_prefix_path.dsv'
[25.510s] INFO:colcon.colcon_core.shell:Creating environment hook '/home/martina/rp_project/robot-programming-project/src/simple_robot/install/simple_robot/share/simple_robot/hook/cmake_prefix_path.sh'
[25.537s] Level 1:colcon.colcon_core.environment:checking '/home/martina/rp_project/robot-programming-project/src/simple_robot/install/simple_robot/lib'
[25.539s] Level 1:colcon.colcon_core.environment:checking '/home/martina/rp_project/robot-programming-project/src/simple_robot/install/simple_robot/bin'
[25.539s] Level 1:colcon.colcon_core.environment:checking '/home/martina/rp_project/robot-programming-project/src/simple_robot/install/simple_robot/lib/pkgconfig/simple_robot.pc'
[25.557s] Level 1:colcon.colcon_core.environment:checking '/home/martina/rp_project/robot-programming-project/src/simple_robot/install/simple_robot/lib/python3.10/site-packages'
[25.571s] Level 1:colcon.colcon_core.environment:checking '/home/martina/rp_project/robot-programming-project/src/simple_robot/install/simple_robot/bin'
[25.586s] INFO:colcon.colcon_core.shell:Creating package script '/home/martina/rp_project/robot-programming-project/src/simple_robot/install/simple_robot/share/simple_robot/package.ps1'
[25.621s] INFO:colcon.colcon_core.shell:Creating package descriptor '/home/martina/rp_project/robot-programming-project/src/simple_robot/install/simple_robot/share/simple_robot/package.dsv'
[25.639s] INFO:colcon.colcon_core.shell:Creating package script '/home/martina/rp_project/robot-programming-project/src/simple_robot/install/simple_robot/share/simple_robot/package.sh'
[25.676s] INFO:colcon.colcon_core.shell:Creating package script '/home/martina/rp_project/robot-programming-project/src/simple_robot/install/simple_robot/share/simple_robot/package.bash'
[25.705s] INFO:colcon.colcon_core.shell:Creating package script '/home/martina/rp_project/robot-programming-project/src/simple_robot/install/simple_robot/share/simple_robot/package.zsh'
[25.732s] Level 1:colcon.colcon_core.environment:create_file_with_runtime_dependencies(/home/martina/rp_project/robot-programming-project/src/simple_robot/install/simple_robot/share/colcon-core/packages/simple_robot)
[25.745s] Level 1:colcon.colcon_core.environment:create_environment_scripts_only(simple_robot)
[25.755s] Level 1:colcon.colcon_core.environment:checking '/home/martina/rp_project/robot-programming-project/src/simple_robot/install/simple_robot' for CMake module files
[25.768s] Level 1:colcon.colcon_core.environment:checking '/home/martina/rp_project/robot-programming-project/src/simple_robot/install/simple_robot' for CMake config files
[25.777s] Level 1:colcon.colcon_core.shell:create_environment_hook('simple_robot', 'cmake_prefix_path')
[25.778s] INFO:colcon.colcon_core.shell:Creating environment hook '/home/martina/rp_project/robot-programming-project/src/simple_robot/install/simple_robot/share/simple_robot/hook/cmake_prefix_path.ps1'
[25.787s] INFO:colcon.colcon_core.shell:Creating environment descriptor '/home/martina/rp_project/robot-programming-project/src/simple_robot/install/simple_robot/share/simple_robot/hook/cmake_prefix_path.dsv'
[25.796s] INFO:colcon.colcon_core.shell:Creating environment hook '/home/martina/rp_project/robot-programming-project/src/simple_robot/install/simple_robot/share/simple_robot/hook/cmake_prefix_path.sh'
[25.812s] Level 1:colcon.colcon_core.environment:checking '/home/martina/rp_project/robot-programming-project/src/simple_robot/install/simple_robot/lib'
[25.813s] Level 1:colcon.colcon_core.environment:checking '/home/martina/rp_project/robot-programming-project/src/simple_robot/install/simple_robot/bin'
[25.813s] Level 1:colcon.colcon_core.environment:checking '/home/martina/rp_project/robot-programming-project/src/simple_robot/install/simple_robot/lib/pkgconfig/simple_robot.pc'
[25.821s] Level 1:colcon.colcon_core.environment:checking '/home/martina/rp_project/robot-programming-project/src/simple_robot/install/simple_robot/lib/python3.10/site-packages'
[25.824s] Level 1:colcon.colcon_core.environment:checking '/home/martina/rp_project/robot-programming-project/src/simple_robot/install/simple_robot/bin'
[25.833s] INFO:colcon.colcon_core.shell:Creating package script '/home/martina/rp_project/robot-programming-project/src/simple_robot/install/simple_robot/share/simple_robot/package.ps1'
[25.849s] INFO:colcon.colcon_core.shell:Creating package descriptor '/home/martina/rp_project/robot-programming-project/src/simple_robot/install/simple_robot/share/simple_robot/package.dsv'
[25.860s] INFO:colcon.colcon_core.shell:Creating package script '/home/martina/rp_project/robot-programming-project/src/simple_robot/install/simple_robot/share/simple_robot/package.sh'
[25.876s] INFO:colcon.colcon_core.shell:Creating package script '/home/martina/rp_project/robot-programming-project/src/simple_robot/install/simple_robot/share/simple_robot/package.bash'
[25.888s] INFO:colcon.colcon_core.shell:Creating package script '/home/martina/rp_project/robot-programming-project/src/simple_robot/install/simple_robot/share/simple_robot/package.zsh'
[25.897s] Level 1:colcon.colcon_core.environment:create_file_with_runtime_dependencies(/home/martina/rp_project/robot-programming-project/src/simple_robot/install/simple_robot/share/colcon-core/packages/simple_robot)
[25.922s] DEBUG:colcon.colcon_parallel_executor.executor.parallel:closing loop
[25.922s] DEBUG:colcon.colcon_parallel_executor.executor.parallel:loop closed
[25.923s] DEBUG:colcon.colcon_parallel_executor.executor.parallel:run_until_complete finished with '0'
[25.927s] DEBUG:colcon.colcon_core.event_reactor:joining thread
[26.087s] INFO:colcon.colcon_core.plugin_system:Skipping extension 'colcon_notification.desktop_notification.terminal_notifier': Not used on non-Darwin systems
[26.088s] INFO:colcon.colcon_core.plugin_system:Skipping extension 'colcon_notification.desktop_notification.win32': Not used on non-Windows systems
[26.088s] INFO:colcon.colcon_notification.desktop_notification:Sending desktop notification using 'notify2'
[26.308s] DEBUG:colcon.colcon_core.event_reactor:joined thread
[26.310s] INFO:colcon.colcon_core.shell:Creating prefix script '/home/martina/rp_project/robot-programming-project/src/simple_robot/install/local_setup.ps1'
[26.358s] INFO:colcon.colcon_core.shell:Creating prefix util module '/home/martina/rp_project/robot-programming-project/src/simple_robot/install/_local_setup_util_ps1.py'
[26.394s] INFO:colcon.colcon_core.shell:Creating prefix chain script '/home/martina/rp_project/robot-programming-project/src/simple_robot/install/setup.ps1'
[26.411s] INFO:colcon.colcon_core.shell:Creating prefix script '/home/martina/rp_project/robot-programming-project/src/simple_robot/install/local_setup.sh'
[26.416s] INFO:colcon.colcon_core.shell:Creating prefix util module '/home/martina/rp_project/robot-programming-project/src/simple_robot/install/_local_setup_util_sh.py'
[26.420s] INFO:colcon.colcon_core.shell:Creating prefix chain script '/home/martina/rp_project/robot-programming-project/src/simple_robot/install/setup.sh'
[26.428s] INFO:colcon.colcon_core.shell:Creating prefix script '/home/martina/rp_project/robot-programming-project/src/simple_robot/install/local_setup.bash'
[26.432s] INFO:colcon.colcon_core.shell:Creating prefix chain script '/home/martina/rp_project/robot-programming-project/src/simple_robot/install/setup.bash'
[26.439s] INFO:colcon.colcon_core.shell:Creating prefix script '/home/martina/rp_project/robot-programming-project/src/simple_robot/install/local_setup.zsh'
[26.444s] INFO:colcon.colcon_core.shell:Creating prefix chain script '/home/martina/rp_project/robot-programming-project/src/simple_robot/install/setup.zsh'
