[0.000000] (-) TimerEvent: {}
[0.000248] (simple_robot) JobQueued: {'identifier': 'simple_robot', 'dependencies': OrderedDict()}
[0.000318] (simple_robot) JobStarted: {'identifier': 'simple_robot'}
[0.032057] (simple_robot) JobProgress: {'identifier': 'simple_robot', 'progress': 'cmake'}
[0.034592] (simple_robot) Command: {'cmd': ['/usr/bin/cmake', '/home/martina/rp_project/robot-programming-project/src/simple_robot', '-DCMAKE_INSTALL_PREFIX=/home/martina/rp_project/robot-programming-project/src/simple_robot/install/simple_robot'], 'cwd': '/home/martina/rp_project/robot-programming-project/src/simple_robot/build/simple_robot', 'env': OrderedDict([('GJS_DEBUG_TOPICS', 'JS ERROR;JS LOG'), ('LESSOPEN', '| /usr/bin/env /usr/bin/lesspipe %s 2>/dev/null'), ('CONDA_PROMPT_MODIFIER', '(base)'), ('LC_TIME', 'it_IT.UTF-8'), ('USER', 'martina'), ('XDG_SESSION_TYPE', 'wayland'), ('GIT_ASKPASS', '/usr/share/code/resources/app/extensions/git/dist/askpass.sh'), ('SHLVL', '2'), ('LD_LIBRARY_PATH', '/opt/ros/humble/opt/rviz_ogre_vendor/lib:/opt/ros/humble/lib/x86_64-linux-gnu:/opt/ros/humble/lib::/home/martina/.mujoco/mujoco210/bin:/usr/lib/nvidia:~/anaconda3/lib'), ('HOME', '/home/martina'), ('OLDPWD', '/home/martina/rp_project/robot-programming-project/src/simple_robot'), ('CHROME_DESKTOP', 'code.desktop'), ('TERMINFO', '/home/martina/.terminfo'), ('LESS', '-iRFXMx4'), ('CONDA_SHLVL', '1'), ('DESKTOP_SESSION', 'ubuntu'), ('TERM_PROGRAM_VERSION', '1.97.2'), ('GIO_LAUNCHED_DESKTOP_FILE', '/usr/share/applications/code.desktop'), ('LSCOLORS', 'ExGxDxDxCxDxDxFxFxexEx'), ('GTK_MODULES', 'gail:atk-bridge'), ('GNOME_SHELL_SESSION_MODE', 'ubuntu'), ('VSCODE_GIT_ASKPASS_MAIN', '/usr/share/code/resources/app/extensions/git/dist/askpass-main.js'), ('PAGER', 'less'), ('ROS_PYTHON_VERSION', '3'), ('LC_MONETARY', 'it_IT.UTF-8'), ('MANAGERPID', '887'), ('VSCODE_GIT_ASKPASS_NODE', '/usr/share/code/code'), ('SYSTEMD_EXEC_PID', '1152'), ('DBUS_SESSION_BUS_ADDRESS', 'unix:path=/run/user/1000/bus'), ('P9K_TTY', 'old'), ('GIO_LAUNCHED_DESKTOP_FILE_PID', '3260'), ('COLORTERM', 'truecolor'), ('_CE_M', ''), ('WAYLAND_DISPLAY', 'wayland-0'), ('INFOPATH', ''), ('ROS_DISTRO', 'humble'), ('COLCON_PREFIX_PATH', '/home/martina/rp_project/robot-programming-project/install'), ('LOGNAME', 'martina'), ('_', '/usr/bin/colcon'), ('JOURNAL_STREAM', '8:11413'), ('_P9K_SSH_TTY', '/dev/pts/2'), ('XDG_SESSION_CLASS', 'user'), ('USER_ZDOTDIR', '/home/martina'), ('ROS_VERSION', '2'), ('USERNAME', 'martina'), ('TERM', 'xterm-256color'), ('GNOME_DESKTOP_SESSION_ID', 'this-is-deprecated'), ('_CE_CONDA', ''), ('ROS_LOCALHOST_ONLY', '0'), ('PATH', '/opt/ros/humble/bin:/home/martina/.local/bin:/home/martina/.local/bin:/usr/lib/ccache:.:/home/martina/.mujoco/mujoco210/bin:/usr/lib/nvidia:/home/martina/anaconda3/condabin:/home/martina/bin:/home/martina/.local/bin:/usr/local/sbin:/usr/local/bin:/usr/sbin:/usr/bin:/sbin:/bin:/usr/games:/usr/local/games:/snap/bin:/home/martina/.cache/zsh4humans/v5/fzf/bin:/home/martina/other/install/bin'), ('SESSION_MANAGER', 'local/Martina-ThinkPad-X1-Yoga:@/tmp/.ICE-unix/1105,unix/Martina-ThinkPad-X1-Yoga:/tmp/.ICE-unix/1105'), ('INVOCATION_ID', 'abb78b4b018940349bd4da4c8fed9753'), ('LC_ADDRESS', 'it_IT.UTF-8'), ('XDG_RUNTIME_DIR', '/run/user/1000'), ('XDG_MENU_PREFIX', 'gnome-'), ('GNOME_SETUP_DISPLAY', ':1'), ('GDK_BACKEND', 'x11'), ('DISPLAY', ':0'), ('LANG', 'en_US.UTF-8'), ('LC_TELEPHONE', 'it_IT.UTF-8'), ('XDG_CURRENT_DESKTOP', 'Unity'), ('VSCODE_INJECTION', '1'), ('LD_PRELOAD', ':/usr/lib/x86_64-linux-gnu/libGLEW.so'), ('XDG_SESSION_DESKTOP', 'ubuntu'), ('XMODIFIERS', '@im=ibus'), ('XAUTHORITY', '/run/user/1000/.mutter-Xwaylandauth.L52E22'), ('TERM_PROGRAM', 'vscode'), ('VSCODE_GIT_IPC_HANDLE', '/run/user/1000/vscode-git-f640f2b3f6.sock'), ('LS_COLORS', 'fi=00:mi=00:mh=00:ln=01;36:or=01;31:di=01;34:ow=04;01;34:st=34:tw=04;34:pi=01;33:so=01;33:do=01;33:bd=01;33:cd=01;33:su=01;35:sg=01;35:ca=01;35:ex=01;32:no=38;5;248'), ('TREE_COLORS', 'fi=00:mi=00:mh=00:ln=01;36:or=01;31:di=01;34:ow=01;34:st=34:tw=34:pi=01;33:so=01;33:do=01;33:bd=01;33:cd=01;33:su=01;35:sg=01;35:ca=01;35:ex=01;32'), ('SSH_AGENT_LAUNCHER', 'gnome-keyring'), ('SSH_AUTH_SOCK', '/run/user/1000/keyring/ssh'), ('ORIGINAL_XDG_CURRENT_DESKTOP', 'ubuntu:GNOME'), ('CONDA_PYTHON_EXE', '/home/martina/anaconda3/bin/python'), ('AMENT_PREFIX_PATH', '/home/martina/rp_project/robot-programming-project/install/simple_robot:/opt/ros/humble'), ('LC_NAME', 'it_IT.UTF-8'), ('SHELL', '/usr/local/bin/zsh'), ('DEST', '/home/martina/other/install'), ('QT_ACCESSIBILITY', '1'), ('GDMSESSION', 'ubuntu'), ('CONDA_DEFAULT_ENV', 'base'), ('LC_MEASUREMENT', 'it_IT.UTF-8'), ('LC_IDENTIFICATION', 'it_IT.UTF-8'), ('GJS_DEBUG_OUTPUT', 'stderr'), ('P9K_SSH', '0'), ('QT_IM_MODULE', 'ibus'), ('VSCODE_GIT_ASKPASS_EXTRA_ARGS', ''), ('VSCODE_NONCE', '052e925b-acb5-444f-b870-f20c06506941'), ('LC_ALL', 'en_US.UTF-8'), ('PWD', '/home/martina/rp_project/robot-programming-project/src/simple_robot/build/simple_robot'), ('GPG_TTY', '/dev/pts/2'), ('XDG_DATA_DIRS', '/usr/local/share/:/usr/share/:/var/lib/snapd/desktop'), ('ZDOTDIR', '/home/martina'), ('_P9K_TTY', '/dev/pts/2'), ('CONDA_EXE', '/home/martina/anaconda3/bin/conda'), ('LC_NUMERIC', 'it_IT.UTF-8'), ('PYTHONPATH', '/opt/ros/humble/lib/python3.10/site-packages:/opt/ros/humble/local/lib/python3.10/dist-packages:/home/martina/other/install/lib/python3.10/site-packages/'), ('LC_PAPER', 'it_IT.UTF-8'), ('CONDA_PREFIX', '/home/martina/anaconda3'), ('COLCON', '1'), ('MANPATH', '/usr/local/share/man:/home/martina/.cache/zsh4humans/v5/fzf/man:'), ('CMAKE_PREFIX_PATH', '/home/martina/rp_project/robot-programming-project/install/simple_robot:/opt/ros/humble')]), 'shell': False}
[0.096532] (-) TimerEvent: {}
[0.197473] (-) TimerEvent: {}
[0.240046] (simple_robot) StdoutLine: {'line': b'-- The C compiler identification is GNU 11.4.0\n'}
[0.297634] (-) TimerEvent: {}
[0.398081] (-) TimerEvent: {}
[0.422917] (simple_robot) StdoutLine: {'line': b'-- The CXX compiler identification is GNU 11.4.0\n'}
[0.456363] (simple_robot) StdoutLine: {'line': b'-- Detecting C compiler ABI info\n'}
[0.498203] (-) TimerEvent: {}
[0.598859] (-) TimerEvent: {}
[0.649967] (simple_robot) StdoutLine: {'line': b'-- Detecting C compiler ABI info - done\n'}
[0.677235] (simple_robot) StdoutLine: {'line': b'-- Check for working C compiler: /usr/lib/ccache/cc - skipped\n'}
[0.678906] (simple_robot) StdoutLine: {'line': b'-- Detecting C compile features\n'}
[0.688636] (simple_robot) StdoutLine: {'line': b'-- Detecting C compile features - done\n'}
[0.694318] (simple_robot) StdoutLine: {'line': b'-- Detecting CXX compiler ABI info\n'}
[0.702537] (-) TimerEvent: {}
[0.802961] (-) TimerEvent: {}
[0.904099] (-) TimerEvent: {}
[1.004610] (-) TimerEvent: {}
[1.037441] (simple_robot) StdoutLine: {'line': b'-- Detecting CXX compiler ABI info - done\n'}
[1.081031] (simple_robot) StdoutLine: {'line': b'-- Check for working CXX compiler: /usr/lib/ccache/c++ - skipped\n'}
[1.083092] (simple_robot) StdoutLine: {'line': b'-- Detecting CXX compile features\n'}
[1.085994] (simple_robot) StdoutLine: {'line': b'-- Detecting CXX compile features - done\n'}
[1.104743] (-) TimerEvent: {}
[1.116918] (simple_robot) StdoutLine: {'line': b'-- Found OpenCV: /usr (found suitable version "4.5.4", minimum required is "4.5.4") \n'}
[1.126585] (simple_robot) StdoutLine: {'line': b'-- Found ament_cmake: 1.3.11 (/opt/ros/humble/share/ament_cmake/cmake)\n'}
[1.206783] (-) TimerEvent: {}
[1.308916] (-) TimerEvent: {}
[1.410133] (-) TimerEvent: {}
[1.510569] (-) TimerEvent: {}
[1.602753] (simple_robot) StdoutLine: {'line': b'-- Found Python3: /usr/bin/python3 (found version "3.10.12") found components: Interpreter \n'}
[1.610860] (-) TimerEvent: {}
[1.713397] (-) TimerEvent: {}
[1.813820] (-) TimerEvent: {}
[1.821294] (simple_robot) StdoutLine: {'line': b'-- Found rclcpp: 16.0.11 (/opt/ros/humble/share/rclcpp/cmake)\n'}
[1.906576] (simple_robot) StdoutLine: {'line': b'-- Found rosidl_generator_c: 3.1.6 (/opt/ros/humble/share/rosidl_generator_c/cmake)\n'}
[1.913956] (-) TimerEvent: {}
[1.915523] (simple_robot) StdoutLine: {'line': b'-- Found rosidl_adapter: 3.1.6 (/opt/ros/humble/share/rosidl_adapter/cmake)\n'}
[1.929878] (simple_robot) StdoutLine: {'line': b'-- Found rosidl_generator_cpp: 3.1.6 (/opt/ros/humble/share/rosidl_generator_cpp/cmake)\n'}
[1.956055] (simple_robot) StdoutLine: {'line': b'-- Using all available rosidl_typesupport_c: rosidl_typesupport_fastrtps_c;rosidl_typesupport_introspection_c\n'}
[1.997340] (simple_robot) StdoutLine: {'line': b'-- Using all available rosidl_typesupport_cpp: rosidl_typesupport_fastrtps_cpp;rosidl_typesupport_introspection_cpp\n'}
[2.015031] (-) TimerEvent: {}
[2.103271] (simple_robot) StdoutLine: {'line': b'-- Found rmw_implementation_cmake: 6.1.2 (/opt/ros/humble/share/rmw_implementation_cmake/cmake)\n'}
[2.107697] (simple_robot) StdoutLine: {'line': b'-- Found rmw_fastrtps_cpp: 6.2.7 (/opt/ros/humble/share/rmw_fastrtps_cpp/cmake)\n'}
[2.115474] (-) TimerEvent: {}
[2.216323] (-) TimerEvent: {}
[2.317419] (-) TimerEvent: {}
[2.410139] (simple_robot) StdoutLine: {'line': b'-- Found OpenSSL: /usr/lib/x86_64-linux-gnu/libcrypto.so (found version "3.0.2")  \n'}
[2.418445] (-) TimerEvent: {}
[2.489615] (simple_robot) StdoutLine: {'line': b'-- Found FastRTPS: /opt/ros/humble/include  \n'}
[2.518730] (-) TimerEvent: {}
[2.604181] (simple_robot) StdoutLine: {'line': b"-- Using RMW implementation 'rmw_fastrtps_cpp' as default\n"}
[2.618997] (-) TimerEvent: {}
[2.625234] (simple_robot) StdoutLine: {'line': b'-- Looking for pthread.h\n'}
[2.719141] (-) TimerEvent: {}
[2.819744] (-) TimerEvent: {}
[2.835359] (simple_robot) StdoutLine: {'line': b'-- Looking for pthread.h - found\n'}
[2.835762] (simple_robot) StdoutLine: {'line': b'-- Performing Test CMAKE_HAVE_LIBC_PTHREAD\n'}
[2.920643] (-) TimerEvent: {}
[3.021364] (-) TimerEvent: {}
[3.122755] (-) TimerEvent: {}
[3.147069] (simple_robot) StdoutLine: {'line': b'-- Performing Test CMAKE_HAVE_LIBC_PTHREAD - Success\n'}
[3.152850] (simple_robot) StdoutLine: {'line': b'-- Found Threads: TRUE  \n'}
[3.222889] (-) TimerEvent: {}
[3.323295] (-) TimerEvent: {}
[3.373901] (simple_robot) StdoutLine: {'line': b'-- Found geometry_msgs: 4.2.4 (/opt/ros/humble/share/geometry_msgs/cmake)\n'}
[3.409802] (simple_robot) StdoutLine: {'line': b'-- Found sensor_msgs: 4.2.4 (/opt/ros/humble/share/sensor_msgs/cmake)\n'}
[3.423551] (-) TimerEvent: {}
[3.473976] (simple_robot) StdoutLine: {'line': b'-- Found nav_msgs: 4.2.4 (/opt/ros/humble/share/nav_msgs/cmake)\n'}
[3.523897] (-) TimerEvent: {}
[3.554668] (simple_robot) StdoutLine: {'line': b'-- Found OpenCV: /usr (found version "4.5.4") \n'}
[3.626364] (-) TimerEvent: {}
[3.726840] (-) TimerEvent: {}
[3.769094] (simple_robot) StdoutLine: {'line': b'-- DATA_DIR: /home/martina/rp_project/robot-programming-project/src/simple_robot/data\n'}
[3.773925] (simple_robot) StdoutLine: {'line': b'-- Configuring done\n'}
[3.818028] (simple_robot) StdoutLine: {'line': b'-- Generating done\n'}
[3.829376] (-) TimerEvent: {}
[3.842128] (simple_robot) StdoutLine: {'line': b'-- Build files have been written to: /home/martina/rp_project/robot-programming-project/src/simple_robot/build/simple_robot\n'}
[3.880851] (simple_robot) CommandEnded: {'returncode': 0}
[3.881843] (simple_robot) JobProgress: {'identifier': 'simple_robot', 'progress': 'build'}
[3.881922] (simple_robot) Command: {'cmd': ['/usr/bin/cmake', '--build', '/home/martina/rp_project/robot-programming-project/src/simple_robot/build/simple_robot', '--', '-j4', '-l4'], 'cwd': '/home/martina/rp_project/robot-programming-project/src/simple_robot/build/simple_robot', 'env': OrderedDict([('GJS_DEBUG_TOPICS', 'JS ERROR;JS LOG'), ('LESSOPEN', '| /usr/bin/env /usr/bin/lesspipe %s 2>/dev/null'), ('CONDA_PROMPT_MODIFIER', '(base)'), ('LC_TIME', 'it_IT.UTF-8'), ('USER', 'martina'), ('XDG_SESSION_TYPE', 'wayland'), ('GIT_ASKPASS', '/usr/share/code/resources/app/extensions/git/dist/askpass.sh'), ('SHLVL', '2'), ('LD_LIBRARY_PATH', '/opt/ros/humble/opt/rviz_ogre_vendor/lib:/opt/ros/humble/lib/x86_64-linux-gnu:/opt/ros/humble/lib::/home/martina/.mujoco/mujoco210/bin:/usr/lib/nvidia:~/anaconda3/lib'), ('HOME', '/home/martina'), ('OLDPWD', '/home/martina/rp_project/robot-programming-project/src/simple_robot'), ('CHROME_DESKTOP', 'code.desktop'), ('TERMINFO', '/home/martina/.terminfo'), ('LESS', '-iRFXMx4'), ('CONDA_SHLVL', '1'), ('DESKTOP_SESSION', 'ubuntu'), ('TERM_PROGRAM_VERSION', '1.97.2'), ('GIO_LAUNCHED_DESKTOP_FILE', '/usr/share/applications/code.desktop'), ('LSCOLORS', 'ExGxDxDxCxDxDxFxFxexEx'), ('GTK_MODULES', 'gail:atk-bridge'), ('GNOME_SHELL_SESSION_MODE', 'ubuntu'), ('VSCODE_GIT_ASKPASS_MAIN', '/usr/share/code/resources/app/extensions/git/dist/askpass-main.js'), ('PAGER', 'less'), ('ROS_PYTHON_VERSION', '3'), ('LC_MONETARY', 'it_IT.UTF-8'), ('MANAGERPID', '887'), ('VSCODE_GIT_ASKPASS_NODE', '/usr/share/code/code'), ('SYSTEMD_EXEC_PID', '1152'), ('DBUS_SESSION_BUS_ADDRESS', 'unix:path=/run/user/1000/bus'), ('P9K_TTY', 'old'), ('GIO_LAUNCHED_DESKTOP_FILE_PID', '3260'), ('COLORTERM', 'truecolor'), ('_CE_M', ''), ('WAYLAND_DISPLAY', 'wayland-0'), ('INFOPATH', ''), ('ROS_DISTRO', 'humble'), ('COLCON_PREFIX_PATH', '/home/martina/rp_project/robot-programming-project/install'), ('LOGNAME', 'martina'), ('_', '/usr/bin/colcon'), ('JOURNAL_STREAM', '8:11413'), ('_P9K_SSH_TTY', '/dev/pts/2'), ('XDG_SESSION_CLASS', 'user'), ('USER_ZDOTDIR', '/home/martina'), ('ROS_VERSION', '2'), ('USERNAME', 'martina'), ('TERM', 'xterm-256color'), ('GNOME_DESKTOP_SESSION_ID', 'this-is-deprecated'), ('_CE_CONDA', ''), ('ROS_LOCALHOST_ONLY', '0'), ('PATH', '/opt/ros/humble/bin:/home/martina/.local/bin:/home/martina/.local/bin:/usr/lib/ccache:.:/home/martina/.mujoco/mujoco210/bin:/usr/lib/nvidia:/home/martina/anaconda3/condabin:/home/martina/bin:/home/martina/.local/bin:/usr/local/sbin:/usr/local/bin:/usr/sbin:/usr/bin:/sbin:/bin:/usr/games:/usr/local/games:/snap/bin:/home/martina/.cache/zsh4humans/v5/fzf/bin:/home/martina/other/install/bin'), ('SESSION_MANAGER', 'local/Martina-ThinkPad-X1-Yoga:@/tmp/.ICE-unix/1105,unix/Martina-ThinkPad-X1-Yoga:/tmp/.ICE-unix/1105'), ('INVOCATION_ID', 'abb78b4b018940349bd4da4c8fed9753'), ('LC_ADDRESS', 'it_IT.UTF-8'), ('XDG_RUNTIME_DIR', '/run/user/1000'), ('XDG_MENU_PREFIX', 'gnome-'), ('GNOME_SETUP_DISPLAY', ':1'), ('GDK_BACKEND', 'x11'), ('DISPLAY', ':0'), ('LANG', 'en_US.UTF-8'), ('LC_TELEPHONE', 'it_IT.UTF-8'), ('XDG_CURRENT_DESKTOP', 'Unity'), ('VSCODE_INJECTION', '1'), ('LD_PRELOAD', ':/usr/lib/x86_64-linux-gnu/libGLEW.so'), ('XDG_SESSION_DESKTOP', 'ubuntu'), ('XMODIFIERS', '@im=ibus'), ('XAUTHORITY', '/run/user/1000/.mutter-Xwaylandauth.L52E22'), ('TERM_PROGRAM', 'vscode'), ('VSCODE_GIT_IPC_HANDLE', '/run/user/1000/vscode-git-f640f2b3f6.sock'), ('LS_COLORS', 'fi=00:mi=00:mh=00:ln=01;36:or=01;31:di=01;34:ow=04;01;34:st=34:tw=04;34:pi=01;33:so=01;33:do=01;33:bd=01;33:cd=01;33:su=01;35:sg=01;35:ca=01;35:ex=01;32:no=38;5;248'), ('TREE_COLORS', 'fi=00:mi=00:mh=00:ln=01;36:or=01;31:di=01;34:ow=01;34:st=34:tw=34:pi=01;33:so=01;33:do=01;33:bd=01;33:cd=01;33:su=01;35:sg=01;35:ca=01;35:ex=01;32'), ('SSH_AGENT_LAUNCHER', 'gnome-keyring'), ('SSH_AUTH_SOCK', '/run/user/1000/keyring/ssh'), ('ORIGINAL_XDG_CURRENT_DESKTOP', 'ubuntu:GNOME'), ('CONDA_PYTHON_EXE', '/home/martina/anaconda3/bin/python'), ('AMENT_PREFIX_PATH', '/home/martina/rp_project/robot-programming-project/install/simple_robot:/opt/ros/humble'), ('LC_NAME', 'it_IT.UTF-8'), ('SHELL', '/usr/local/bin/zsh'), ('DEST', '/home/martina/other/install'), ('QT_ACCESSIBILITY', '1'), ('GDMSESSION', 'ubuntu'), ('CONDA_DEFAULT_ENV', 'base'), ('LC_MEASUREMENT', 'it_IT.UTF-8'), ('LC_IDENTIFICATION', 'it_IT.UTF-8'), ('GJS_DEBUG_OUTPUT', 'stderr'), ('P9K_SSH', '0'), ('QT_IM_MODULE', 'ibus'), ('VSCODE_GIT_ASKPASS_EXTRA_ARGS', ''), ('VSCODE_NONCE', '052e925b-acb5-444f-b870-f20c06506941'), ('LC_ALL', 'en_US.UTF-8'), ('PWD', '/home/martina/rp_project/robot-programming-project/src/simple_robot/build/simple_robot'), ('GPG_TTY', '/dev/pts/2'), ('XDG_DATA_DIRS', '/usr/local/share/:/usr/share/:/var/lib/snapd/desktop'), ('ZDOTDIR', '/home/martina'), ('_P9K_TTY', '/dev/pts/2'), ('CONDA_EXE', '/home/martina/anaconda3/bin/conda'), ('LC_NUMERIC', 'it_IT.UTF-8'), ('PYTHONPATH', '/opt/ros/humble/lib/python3.10/site-packages:/opt/ros/humble/local/lib/python3.10/dist-packages:/home/martina/other/install/lib/python3.10/site-packages/'), ('LC_PAPER', 'it_IT.UTF-8'), ('CONDA_PREFIX', '/home/martina/anaconda3'), ('COLCON', '1'), ('MANPATH', '/usr/local/share/man:/home/martina/.cache/zsh4humans/v5/fzf/man:'), ('CMAKE_PREFIX_PATH', '/home/martina/rp_project/robot-programming-project/install/simple_robot:/opt/ros/humble')]), 'shell': False}
[3.930556] (-) TimerEvent: {}
[4.031908] (-) TimerEvent: {}
[4.046251] (simple_robot) StdoutLine: {'line': b'\x1b[35m\x1b[1mConsolidate compiler generated dependencies of target robot_map_node\x1b[0m\n'}
[4.050129] (simple_robot) StdoutLine: {'line': b'\x1b[35m\x1b[1mConsolidate compiler generated dependencies of target grid_map\x1b[0m\n'}
[4.133893] (-) TimerEvent: {}
[4.165107] (simple_robot) StdoutLine: {'line': b'[  8%] \x1b[32mBuilding CXX object CMakeFiles/robot_map_node.dir/src/map_utils.cpp.o\x1b[0m\n'}
[4.177053] (simple_robot) StdoutLine: {'line': b'[ 16%] \x1b[32mBuilding CXX object CMakeFiles/robot_map_node.dir/src/robot.cpp.o\x1b[0m\n'}
[4.180855] (simple_robot) StdoutLine: {'line': b'[ 25%] \x1b[32mBuilding CXX object CMakeFiles/robot_map_node.dir/src/grid_map.cpp.o\x1b[0m\n'}
[4.221417] (simple_robot) StdoutLine: {'line': b'[ 33%] \x1b[32mBuilding CXX object src/CMakeFiles/grid_map.dir/grid_map.cpp.o\x1b[0m\n'}
[4.234011] (-) TimerEvent: {}
[4.335175] (-) TimerEvent: {}
[4.435571] (-) TimerEvent: {}
[4.537501] (-) TimerEvent: {}
[4.637938] (-) TimerEvent: {}
[4.738312] (-) TimerEvent: {}
[4.839882] (-) TimerEvent: {}
[4.940323] (-) TimerEvent: {}
[5.040811] (-) TimerEvent: {}
[5.141871] (-) TimerEvent: {}
[5.242239] (-) TimerEvent: {}
[5.343249] (-) TimerEvent: {}
[5.443623] (-) TimerEvent: {}
[5.546875] (-) TimerEvent: {}
[5.647280] (-) TimerEvent: {}
[5.747750] (-) TimerEvent: {}
[5.848201] (-) TimerEvent: {}
[5.948597] (-) TimerEvent: {}
[6.049012] (-) TimerEvent: {}
[6.149472] (-) TimerEvent: {}
[6.250292] (-) TimerEvent: {}
[6.352245] (-) TimerEvent: {}
[6.452663] (-) TimerEvent: {}
[6.553117] (-) TimerEvent: {}
[6.653505] (-) TimerEvent: {}
[6.755939] (-) TimerEvent: {}
[6.856343] (-) TimerEvent: {}
[6.956842] (-) TimerEvent: {}
[7.057371] (-) TimerEvent: {}
[7.158124] (-) TimerEvent: {}
[7.259661] (-) TimerEvent: {}
[7.360093] (-) TimerEvent: {}
[7.460508] (-) TimerEvent: {}
[7.561348] (-) TimerEvent: {}
[7.662862] (-) TimerEvent: {}
[7.763253] (-) TimerEvent: {}
[7.863689] (-) TimerEvent: {}
[7.964611] (-) TimerEvent: {}
[8.065495] (-) TimerEvent: {}
[8.166862] (-) TimerEvent: {}
[8.267241] (-) TimerEvent: {}
[8.367657] (-) TimerEvent: {}
[8.471444] (-) TimerEvent: {}
[8.571874] (-) TimerEvent: {}
[8.672271] (-) TimerEvent: {}
[8.772678] (-) TimerEvent: {}
[8.873137] (-) TimerEvent: {}
[8.973521] (-) TimerEvent: {}
[9.073951] (-) TimerEvent: {}
[9.176882] (-) TimerEvent: {}
[9.277420] (-) TimerEvent: {}
[9.377886] (-) TimerEvent: {}
[9.478362] (-) TimerEvent: {}
[9.578853] (-) TimerEvent: {}
[9.679291] (-) TimerEvent: {}
[9.780727] (-) TimerEvent: {}
[9.881148] (-) TimerEvent: {}
[9.981610] (-) TimerEvent: {}
[10.082394] (-) TimerEvent: {}
[10.184151] (-) TimerEvent: {}
[10.284605] (-) TimerEvent: {}
[10.385013] (-) TimerEvent: {}
[10.487884] (-) TimerEvent: {}
[10.588338] (-) TimerEvent: {}
[10.688732] (-) TimerEvent: {}
[10.789143] (-) TimerEvent: {}
[10.889559] (-) TimerEvent: {}
[10.989984] (-) TimerEvent: {}
[11.091135] (-) TimerEvent: {}
[11.191660] (-) TimerEvent: {}
[11.294886] (-) TimerEvent: {}
[11.395372] (-) TimerEvent: {}
[11.495914] (-) TimerEvent: {}
[11.597310] (-) TimerEvent: {}
[11.697801] (-) TimerEvent: {}
[11.801012] (-) TimerEvent: {}
[11.901473] (-) TimerEvent: {}
[12.002127] (-) TimerEvent: {}
[12.104542] (-) TimerEvent: {}
[12.206875] (-) TimerEvent: {}
[12.307276] (-) TimerEvent: {}
[12.407875] (-) TimerEvent: {}
[12.511870] (-) TimerEvent: {}
[12.612333] (-) TimerEvent: {}
[12.713137] (-) TimerEvent: {}
[12.813930] (-) TimerEvent: {}
[12.916945] (-) TimerEvent: {}
[13.017335] (-) TimerEvent: {}
[13.120182] (-) TimerEvent: {}
[13.220575] (-) TimerEvent: {}
[13.320981] (-) TimerEvent: {}
[13.422200] (-) TimerEvent: {}
[13.524469] (-) TimerEvent: {}
[13.625090] (-) TimerEvent: {}
[13.727236] (-) TimerEvent: {}
[13.828153] (-) TimerEvent: {}
[13.928600] (-) TimerEvent: {}
[14.033044] (-) TimerEvent: {}
[14.134125] (-) TimerEvent: {}
[14.236521] (-) TimerEvent: {}
[14.337537] (-) TimerEvent: {}
[14.439225] (-) TimerEvent: {}
[14.540879] (-) TimerEvent: {}
[14.641816] (-) TimerEvent: {}
[14.742997] (-) TimerEvent: {}
[14.844002] (-) TimerEvent: {}
[14.947098] (-) TimerEvent: {}
[15.047492] (-) TimerEvent: {}
[15.147871] (-) TimerEvent: {}
[15.248248] (-) TimerEvent: {}
[15.350863] (-) TimerEvent: {}
[15.451244] (-) TimerEvent: {}
[15.551646] (-) TimerEvent: {}
[15.652665] (-) TimerEvent: {}
[15.753300] (-) TimerEvent: {}
[15.853873] (-) TimerEvent: {}
[15.954824] (-) TimerEvent: {}
[16.055198] (-) TimerEvent: {}
[16.155577] (-) TimerEvent: {}
[16.160386] (simple_robot) StdoutLine: {'line': b'[ 41%] \x1b[32mBuilding CXX object src/CMakeFiles/grid_map.dir/robot.cpp.o\x1b[0m\n'}
[16.255696] (-) TimerEvent: {}
[16.356306] (-) TimerEvent: {}
[16.459665] (-) TimerEvent: {}
[16.562870] (-) TimerEvent: {}
[16.663250] (-) TimerEvent: {}
[16.764206] (-) TimerEvent: {}
[16.775939] (simple_robot) StdoutLine: {'line': b'[ 50%] \x1b[32mBuilding CXX object CMakeFiles/robot_map_node.dir/src/main.cpp.o\x1b[0m\n'}
[16.865139] (-) TimerEvent: {}
[16.965552] (-) TimerEvent: {}
[17.068236] (-) TimerEvent: {}
[17.170261] (-) TimerEvent: {}
[17.272051] (-) TimerEvent: {}
[17.373572] (-) TimerEvent: {}
[17.474263] (-) TimerEvent: {}
[17.576071] (-) TimerEvent: {}
[17.676562] (-) TimerEvent: {}
[17.778774] (-) TimerEvent: {}
[17.879208] (-) TimerEvent: {}
[17.980870] (-) TimerEvent: {}
[18.082882] (-) TimerEvent: {}
[18.183331] (-) TimerEvent: {}
[18.283692] (-) TimerEvent: {}
[18.384315] (-) TimerEvent: {}
[18.484710] (-) TimerEvent: {}
[18.585409] (-) TimerEvent: {}
[18.685781] (-) TimerEvent: {}
[18.786678] (-) TimerEvent: {}
[18.887253] (-) TimerEvent: {}
[18.988020] (-) TimerEvent: {}
[19.089832] (-) TimerEvent: {}
[19.190307] (-) TimerEvent: {}
[19.292286] (-) TimerEvent: {}
[19.392754] (-) TimerEvent: {}
[19.493144] (-) TimerEvent: {}
[19.594698] (-) TimerEvent: {}
[19.695328] (-) TimerEvent: {}
[19.796025] (-) TimerEvent: {}
[19.899135] (-) TimerEvent: {}
[19.999550] (-) TimerEvent: {}
[20.100277] (-) TimerEvent: {}
[20.202125] (-) TimerEvent: {}
[20.302558] (-) TimerEvent: {}
[20.403345] (-) TimerEvent: {}
[20.504912] (-) TimerEvent: {}
[20.605444] (-) TimerEvent: {}
[20.706157] (-) TimerEvent: {}
[20.806762] (-) TimerEvent: {}
[20.907383] (-) TimerEvent: {}
[21.007772] (-) TimerEvent: {}
[21.108399] (-) TimerEvent: {}
[21.208995] (-) TimerEvent: {}
[21.309382] (-) TimerEvent: {}
[21.410871] (-) TimerEvent: {}
[21.511267] (-) TimerEvent: {}
[21.611649] (-) TimerEvent: {}
[21.712052] (-) TimerEvent: {}
[21.812510] (-) TimerEvent: {}
[21.912873] (-) TimerEvent: {}
[22.015598] (-) TimerEvent: {}
[22.116269] (-) TimerEvent: {}
[22.216667] (-) TimerEvent: {}
[22.317875] (-) TimerEvent: {}
[22.418470] (-) TimerEvent: {}
[22.525863] (-) TimerEvent: {}
[22.626272] (-) TimerEvent: {}
[22.727865] (-) TimerEvent: {}
[22.828703] (-) TimerEvent: {}
[22.889244] (simple_robot) StdoutLine: {'line': b'[ 58%] \x1b[32mBuilding CXX object src/CMakeFiles/grid_map.dir/main.cpp.o\x1b[0m\n'}
[22.928847] (-) TimerEvent: {}
[23.029321] (-) TimerEvent: {}
[23.130854] (-) TimerEvent: {}
[23.231249] (-) TimerEvent: {}
[23.331674] (-) TimerEvent: {}
[23.432111] (-) TimerEvent: {}
[23.534065] (-) TimerEvent: {}
[23.634557] (-) TimerEvent: {}
[23.735026] (-) TimerEvent: {}
[23.835990] (-) TimerEvent: {}
[23.936847] (-) TimerEvent: {}
[24.039882] (-) TimerEvent: {}
[24.141867] (-) TimerEvent: {}
[24.245887] (-) TimerEvent: {}
[24.346390] (-) TimerEvent: {}
[24.446844] (-) TimerEvent: {}
[24.547648] (-) TimerEvent: {}
[24.649131] (-) TimerEvent: {}
[24.750435] (-) TimerEvent: {}
[24.851676] (-) TimerEvent: {}
[24.953378] (-) TimerEvent: {}
[25.053880] (-) TimerEvent: {}
[25.154894] (-) TimerEvent: {}
[25.255566] (-) TimerEvent: {}
[25.356627] (-) TimerEvent: {}
[25.458045] (-) TimerEvent: {}
[25.558651] (-) TimerEvent: {}
[25.660887] (-) TimerEvent: {}
[25.761407] (-) TimerEvent: {}
[25.868113] (-) TimerEvent: {}
[25.968559] (-) TimerEvent: {}
[26.069773] (-) TimerEvent: {}
[26.170802] (-) TimerEvent: {}
[26.272251] (-) TimerEvent: {}
[26.372778] (-) TimerEvent: {}
[26.473312] (-) TimerEvent: {}
[26.574067] (-) TimerEvent: {}
[26.674653] (-) TimerEvent: {}
[26.775686] (-) TimerEvent: {}
[26.876781] (-) TimerEvent: {}
[26.977230] (-) TimerEvent: {}
[27.077648] (-) TimerEvent: {}
[27.178106] (-) TimerEvent: {}
[27.278802] (-) TimerEvent: {}
[27.379178] (-) TimerEvent: {}
[27.479668] (-) TimerEvent: {}
[27.580540] (-) TimerEvent: {}
[27.681221] (-) TimerEvent: {}
[27.781641] (-) TimerEvent: {}
[27.882522] (-) TimerEvent: {}
[27.983304] (-) TimerEvent: {}
[28.084059] (-) TimerEvent: {}
[28.184875] (-) TimerEvent: {}
[28.286044] (-) TimerEvent: {}
[28.386871] (-) TimerEvent: {}
[28.487495] (-) TimerEvent: {}
[28.588117] (-) TimerEvent: {}
[28.688498] (-) TimerEvent: {}
[28.788878] (-) TimerEvent: {}
[28.889288] (-) TimerEvent: {}
[28.989754] (-) TimerEvent: {}
[29.090160] (-) TimerEvent: {}
[29.190614] (-) TimerEvent: {}
[29.291077] (-) TimerEvent: {}
[29.391459] (-) TimerEvent: {}
[29.491865] (-) TimerEvent: {}
[29.592245] (-) TimerEvent: {}
[29.692626] (-) TimerEvent: {}
[29.793028] (-) TimerEvent: {}
[29.893413] (-) TimerEvent: {}
[29.993802] (-) TimerEvent: {}
[30.094199] (-) TimerEvent: {}
[30.194586] (-) TimerEvent: {}
[30.295699] (-) TimerEvent: {}
[30.396083] (-) TimerEvent: {}
[30.496874] (-) TimerEvent: {}
[30.597542] (-) TimerEvent: {}
[30.697951] (-) TimerEvent: {}
[30.798368] (-) TimerEvent: {}
[30.899188] (-) TimerEvent: {}
[30.999565] (-) TimerEvent: {}
[31.099959] (-) TimerEvent: {}
[31.200340] (-) TimerEvent: {}
[31.300741] (-) TimerEvent: {}
[31.401138] (-) TimerEvent: {}
[31.501524] (-) TimerEvent: {}
[31.601932] (-) TimerEvent: {}
[31.702322] (-) TimerEvent: {}
[31.802726] (-) TimerEvent: {}
[31.903141] (-) TimerEvent: {}
[32.003524] (-) TimerEvent: {}
[32.103883] (-) TimerEvent: {}
[32.204339] (-) TimerEvent: {}
[32.304875] (-) TimerEvent: {}
[32.405878] (-) TimerEvent: {}
[32.507066] (-) TimerEvent: {}
[32.607463] (-) TimerEvent: {}
[32.708276] (-) TimerEvent: {}
[32.808723] (-) TimerEvent: {}
[32.909402] (-) TimerEvent: {}
[33.009805] (-) TimerEvent: {}
[33.110564] (-) TimerEvent: {}
[33.210972] (-) TimerEvent: {}
[33.311647] (-) TimerEvent: {}
[33.412097] (-) TimerEvent: {}
[33.512470] (-) TimerEvent: {}
[33.614159] (-) TimerEvent: {}
[33.715408] (-) TimerEvent: {}
[33.815822] (-) TimerEvent: {}
[33.916199] (-) TimerEvent: {}
[34.016558] (-) TimerEvent: {}
[34.116925] (-) TimerEvent: {}
[34.217398] (-) TimerEvent: {}
[34.317819] (-) TimerEvent: {}
[34.419155] (-) TimerEvent: {}
[34.519840] (-) TimerEvent: {}
[34.620389] (-) TimerEvent: {}
[34.721487] (-) TimerEvent: {}
[34.821891] (-) TimerEvent: {}
[34.922778] (-) TimerEvent: {}
[35.023632] (-) TimerEvent: {}
[35.124331] (-) TimerEvent: {}
[35.224734] (-) TimerEvent: {}
[35.325173] (-) TimerEvent: {}
[35.425617] (-) TimerEvent: {}
[35.526061] (-) TimerEvent: {}
[35.626618] (-) TimerEvent: {}
[35.727487] (-) TimerEvent: {}
[35.827869] (-) TimerEvent: {}
[35.928260] (-) TimerEvent: {}
[36.028654] (-) TimerEvent: {}
[36.129369] (-) TimerEvent: {}
[36.230233] (-) TimerEvent: {}
[36.330619] (-) TimerEvent: {}
[36.431039] (-) TimerEvent: {}
[36.532148] (-) TimerEvent: {}
[36.634863] (-) TimerEvent: {}
[36.735302] (-) TimerEvent: {}
[36.835709] (-) TimerEvent: {}
[36.936350] (-) TimerEvent: {}
[37.040040] (-) TimerEvent: {}
[37.140450] (-) TimerEvent: {}
[37.240875] (-) TimerEvent: {}
[37.341312] (-) TimerEvent: {}
[37.441848] (-) TimerEvent: {}
[37.542317] (-) TimerEvent: {}
[37.642777] (-) TimerEvent: {}
[37.743253] (-) TimerEvent: {}
[37.843644] (-) TimerEvent: {}
[37.944088] (-) TimerEvent: {}
[38.044476] (-) TimerEvent: {}
[38.144867] (-) TimerEvent: {}
[38.245269] (-) TimerEvent: {}
[38.345747] (-) TimerEvent: {}
[38.446126] (-) TimerEvent: {}
[38.546745] (-) TimerEvent: {}
[38.647151] (-) TimerEvent: {}
[38.749571] (-) TimerEvent: {}
[38.849997] (-) TimerEvent: {}
[38.950368] (-) TimerEvent: {}
[39.050710] (-) TimerEvent: {}
[39.151089] (-) TimerEvent: {}
[39.251726] (-) TimerEvent: {}
[39.352374] (-) TimerEvent: {}
[39.452807] (-) TimerEvent: {}
[39.553205] (-) TimerEvent: {}
[39.653879] (-) TimerEvent: {}
[39.754654] (-) TimerEvent: {}
[39.855736] (-) TimerEvent: {}
[39.956152] (-) TimerEvent: {}
[40.056587] (-) TimerEvent: {}
[40.157274] (-) TimerEvent: {}
[40.257647] (-) TimerEvent: {}
[40.358017] (-) TimerEvent: {}
[40.458376] (-) TimerEvent: {}
[40.558728] (-) TimerEvent: {}
[40.659096] (-) TimerEvent: {}
[40.760020] (-) TimerEvent: {}
[40.860385] (-) TimerEvent: {}
[40.961388] (-) TimerEvent: {}
[41.062067] (-) TimerEvent: {}
[41.162672] (-) TimerEvent: {}
[41.264040] (-) TimerEvent: {}
[41.364874] (-) TimerEvent: {}
[41.465240] (-) TimerEvent: {}
[41.565844] (-) TimerEvent: {}
[41.666691] (-) TimerEvent: {}
[41.767091] (-) TimerEvent: {}
[41.867465] (-) TimerEvent: {}
[41.967857] (-) TimerEvent: {}
[42.068221] (-) TimerEvent: {}
[42.168655] (-) TimerEvent: {}
[42.269924] (-) TimerEvent: {}
[42.370678] (-) TimerEvent: {}
[42.471378] (-) TimerEvent: {}
[42.571746] (-) TimerEvent: {}
[42.672108] (-) TimerEvent: {}
[42.772445] (-) TimerEvent: {}
[42.872857] (-) TimerEvent: {}
[42.973233] (-) TimerEvent: {}
[43.074236] (-) TimerEvent: {}
[43.174572] (-) TimerEvent: {}
[43.275106] (-) TimerEvent: {}
[43.375548] (-) TimerEvent: {}
[43.476193] (-) TimerEvent: {}
[43.576553] (-) TimerEvent: {}
[43.676984] (-) TimerEvent: {}
[43.777359] (-) TimerEvent: {}
[43.878067] (-) TimerEvent: {}
[43.978459] (-) TimerEvent: {}
[44.079084] (-) TimerEvent: {}
[44.179486] (-) TimerEvent: {}
[44.280141] (-) TimerEvent: {}
[44.380995] (-) TimerEvent: {}
[44.481602] (-) TimerEvent: {}
[44.581958] (-) TimerEvent: {}
[44.683233] (-) TimerEvent: {}
[44.783595] (-) TimerEvent: {}
[44.883945] (-) TimerEvent: {}
[44.984282] (-) TimerEvent: {}
[45.084640] (-) TimerEvent: {}
[45.185115] (-) TimerEvent: {}
[45.285497] (-) TimerEvent: {}
[45.386087] (-) TimerEvent: {}
[45.486666] (-) TimerEvent: {}
[45.587046] (-) TimerEvent: {}
[45.688389] (-) TimerEvent: {}
[45.788751] (-) TimerEvent: {}
[45.889124] (-) TimerEvent: {}
[45.989488] (-) TimerEvent: {}
[46.090303] (-) TimerEvent: {}
[46.190646] (-) TimerEvent: {}
[46.291240] (-) TimerEvent: {}
[46.391583] (-) TimerEvent: {}
[46.491961] (-) TimerEvent: {}
[46.592397] (-) TimerEvent: {}
[46.692832] (-) TimerEvent: {}
[46.793216] (-) TimerEvent: {}
[46.893591] (-) TimerEvent: {}
[46.993933] (-) TimerEvent: {}
[47.094318] (-) TimerEvent: {}
[47.194719] (-) TimerEvent: {}
[47.295381] (-) TimerEvent: {}
[47.395752] (-) TimerEvent: {}
[47.496872] (-) TimerEvent: {}
[47.597726] (-) TimerEvent: {}
[47.698311] (-) TimerEvent: {}
[47.798870] (-) TimerEvent: {}
[47.899210] (-) TimerEvent: {}
[47.999569] (-) TimerEvent: {}
[48.099973] (-) TimerEvent: {}
[48.200406] (-) TimerEvent: {}
[48.300799] (-) TimerEvent: {}
[48.401208] (-) TimerEvent: {}
[48.501598] (-) TimerEvent: {}
[48.602237] (-) TimerEvent: {}
[48.702669] (-) TimerEvent: {}
[48.803056] (-) TimerEvent: {}
[48.871174] (simple_robot) StdoutLine: {'line': b'[ 66%] \x1b[32m\x1b[1mLinking CXX executable robot_map_node\x1b[0m\n'}
[48.903357] (-) TimerEvent: {}
[49.003947] (-) TimerEvent: {}
[49.106066] (-) TimerEvent: {}
[49.211884] (-) TimerEvent: {}
[49.312671] (-) TimerEvent: {}
[49.414191] (-) TimerEvent: {}
[49.521905] (-) TimerEvent: {}
[49.622454] (-) TimerEvent: {}
[49.723035] (-) TimerEvent: {}
[49.825925] (-) TimerEvent: {}
[49.929897] (-) TimerEvent: {}
[50.035977] (-) TimerEvent: {}
[50.139882] (-) TimerEvent: {}
[50.240397] (-) TimerEvent: {}
[50.341127] (-) TimerEvent: {}
[50.441592] (-) TimerEvent: {}
[50.543225] (-) TimerEvent: {}
[50.645585] (-) TimerEvent: {}
[50.748836] (-) TimerEvent: {}
[50.849329] (-) TimerEvent: {}
[50.952136] (-) TimerEvent: {}
[51.052826] (-) TimerEvent: {}
[51.153576] (-) TimerEvent: {}
[51.254704] (-) TimerEvent: {}
[51.355115] (-) TimerEvent: {}
[51.455872] (-) TimerEvent: {}
[51.556531] (-) TimerEvent: {}
[51.656876] (-) TimerEvent: {}
[51.757592] (-) TimerEvent: {}
[51.858453] (-) TimerEvent: {}
[51.960459] (-) TimerEvent: {}
[52.060992] (-) TimerEvent: {}
[52.164898] (-) TimerEvent: {}
[52.265572] (-) TimerEvent: {}
[52.366122] (-) TimerEvent: {}
[52.449619] (simple_robot) StdoutLine: {'line': b'[ 75%] Built target robot_map_node\n'}
[52.467096] (-) TimerEvent: {}
[52.567510] (-) TimerEvent: {}
[52.667880] (-) TimerEvent: {}
[52.768262] (-) TimerEvent: {}
[52.868896] (-) TimerEvent: {}
[52.969323] (-) TimerEvent: {}
[53.070071] (-) TimerEvent: {}
[53.170481] (-) TimerEvent: {}
[53.270944] (-) TimerEvent: {}
[53.371410] (-) TimerEvent: {}
[53.472198] (-) TimerEvent: {}
[53.574973] (-) TimerEvent: {}
[53.675457] (-) TimerEvent: {}
[53.775886] (-) TimerEvent: {}
[53.876345] (-) TimerEvent: {}
[53.977430] (-) TimerEvent: {}
[54.077868] (-) TimerEvent: {}
[54.178226] (-) TimerEvent: {}
[54.278595] (-) TimerEvent: {}
[54.379132] (-) TimerEvent: {}
[54.480038] (-) TimerEvent: {}
[54.581646] (-) TimerEvent: {}
[54.682151] (-) TimerEvent: {}
[54.783269] (-) TimerEvent: {}
[54.883611] (-) TimerEvent: {}
[54.983888] (-) TimerEvent: {}
[55.084258] (-) TimerEvent: {}
[55.184670] (-) TimerEvent: {}
[55.285030] (-) TimerEvent: {}
[55.385507] (-) TimerEvent: {}
[55.453195] (simple_robot) StdoutLine: {'line': b'[ 83%] \x1b[32mBuilding CXX object src/CMakeFiles/grid_map.dir/map_utils.cpp.o\x1b[0m\n'}
[55.485653] (-) TimerEvent: {}
[55.586094] (-) TimerEvent: {}
[55.686506] (-) TimerEvent: {}
[55.786872] (-) TimerEvent: {}
[55.887568] (-) TimerEvent: {}
[55.989643] (-) TimerEvent: {}
[56.090165] (-) TimerEvent: {}
[56.190896] (-) TimerEvent: {}
[56.291968] (-) TimerEvent: {}
[56.393090] (-) TimerEvent: {}
[56.494029] (-) TimerEvent: {}
[56.596884] (-) TimerEvent: {}
[56.697402] (-) TimerEvent: {}
[56.797769] (-) TimerEvent: {}
[56.898214] (-) TimerEvent: {}
[56.998562] (-) TimerEvent: {}
[57.098890] (-) TimerEvent: {}
[57.199235] (-) TimerEvent: {}
[57.299619] (-) TimerEvent: {}
[57.399947] (-) TimerEvent: {}
[57.500303] (-) TimerEvent: {}
[57.600663] (-) TimerEvent: {}
[57.701024] (-) TimerEvent: {}
[57.801382] (-) TimerEvent: {}
[57.901762] (-) TimerEvent: {}
[58.002189] (-) TimerEvent: {}
[58.103278] (-) TimerEvent: {}
[58.203700] (-) TimerEvent: {}
[58.304404] (-) TimerEvent: {}
[58.406549] (-) TimerEvent: {}
[58.507711] (-) TimerEvent: {}
[58.608222] (-) TimerEvent: {}
[58.710878] (-) TimerEvent: {}
[58.811654] (-) TimerEvent: {}
[58.912165] (-) TimerEvent: {}
[59.012550] (-) TimerEvent: {}
[59.112982] (-) TimerEvent: {}
[59.213406] (-) TimerEvent: {}
[59.313805] (-) TimerEvent: {}
[59.414177] (-) TimerEvent: {}
[59.514541] (-) TimerEvent: {}
[59.615198] (-) TimerEvent: {}
[59.715975] (-) TimerEvent: {}
[59.816352] (-) TimerEvent: {}
[59.916728] (-) TimerEvent: {}
[60.017084] (-) TimerEvent: {}
[60.117489] (-) TimerEvent: {}
[60.217861] (-) TimerEvent: {}
[60.318232] (-) TimerEvent: {}
[60.418594] (-) TimerEvent: {}
[60.518988] (-) TimerEvent: {}
[60.619364] (-) TimerEvent: {}
[60.719767] (-) TimerEvent: {}
[60.820111] (-) TimerEvent: {}
[60.920468] (-) TimerEvent: {}
[61.020841] (-) TimerEvent: {}
[61.121198] (-) TimerEvent: {}
[61.221550] (-) TimerEvent: {}
[61.321889] (-) TimerEvent: {}
[61.422260] (-) TimerEvent: {}
[61.522617] (-) TimerEvent: {}
[61.622905] (-) TimerEvent: {}
[61.723267] (-) TimerEvent: {}
[61.771636] (simple_robot) StdoutLine: {'line': b'[ 91%] \x1b[32m\x1b[1mLinking CXX shared library libgrid_map.so\x1b[0m\n'}
[61.823410] (-) TimerEvent: {}
[61.923751] (-) TimerEvent: {}
[62.024071] (-) TimerEvent: {}
[62.126856] (-) TimerEvent: {}
[62.230913] (-) TimerEvent: {}
[62.333449] (-) TimerEvent: {}
[62.435270] (-) TimerEvent: {}
[62.537273] (-) TimerEvent: {}
[62.637848] (-) TimerEvent: {}
[62.738373] (-) TimerEvent: {}
[62.839141] (-) TimerEvent: {}
[62.940287] (-) TimerEvent: {}
[63.040807] (-) TimerEvent: {}
[63.141773] (-) TimerEvent: {}
[63.242250] (-) TimerEvent: {}
[63.343088] (-) TimerEvent: {}
[63.444214] (-) TimerEvent: {}
[63.544655] (-) TimerEvent: {}
[63.645091] (-) TimerEvent: {}
[63.745504] (-) TimerEvent: {}
[63.845963] (-) TimerEvent: {}
[63.946646] (-) TimerEvent: {}
[64.047054] (-) TimerEvent: {}
[64.147619] (-) TimerEvent: {}
[64.182266] (simple_robot) StdoutLine: {'line': b'[100%] Built target grid_map\n'}
[64.212201] (simple_robot) CommandEnded: {'returncode': 0}
[64.213409] (simple_robot) JobProgress: {'identifier': 'simple_robot', 'progress': 'install'}
[64.234347] (simple_robot) Command: {'cmd': ['/usr/bin/cmake', '--install', '/home/martina/rp_project/robot-programming-project/src/simple_robot/build/simple_robot'], 'cwd': '/home/martina/rp_project/robot-programming-project/src/simple_robot/build/simple_robot', 'env': OrderedDict([('GJS_DEBUG_TOPICS', 'JS ERROR;JS LOG'), ('LESSOPEN', '| /usr/bin/env /usr/bin/lesspipe %s 2>/dev/null'), ('CONDA_PROMPT_MODIFIER', '(base)'), ('LC_TIME', 'it_IT.UTF-8'), ('USER', 'martina'), ('XDG_SESSION_TYPE', 'wayland'), ('GIT_ASKPASS', '/usr/share/code/resources/app/extensions/git/dist/askpass.sh'), ('SHLVL', '2'), ('LD_LIBRARY_PATH', '/opt/ros/humble/opt/rviz_ogre_vendor/lib:/opt/ros/humble/lib/x86_64-linux-gnu:/opt/ros/humble/lib::/home/martina/.mujoco/mujoco210/bin:/usr/lib/nvidia:~/anaconda3/lib'), ('HOME', '/home/martina'), ('OLDPWD', '/home/martina/rp_project/robot-programming-project/src/simple_robot'), ('CHROME_DESKTOP', 'code.desktop'), ('TERMINFO', '/home/martina/.terminfo'), ('LESS', '-iRFXMx4'), ('CONDA_SHLVL', '1'), ('DESKTOP_SESSION', 'ubuntu'), ('TERM_PROGRAM_VERSION', '1.97.2'), ('GIO_LAUNCHED_DESKTOP_FILE', '/usr/share/applications/code.desktop'), ('LSCOLORS', 'ExGxDxDxCxDxDxFxFxexEx'), ('GTK_MODULES', 'gail:atk-bridge'), ('GNOME_SHELL_SESSION_MODE', 'ubuntu'), ('VSCODE_GIT_ASKPASS_MAIN', '/usr/share/code/resources/app/extensions/git/dist/askpass-main.js'), ('PAGER', 'less'), ('ROS_PYTHON_VERSION', '3'), ('LC_MONETARY', 'it_IT.UTF-8'), ('MANAGERPID', '887'), ('VSCODE_GIT_ASKPASS_NODE', '/usr/share/code/code'), ('SYSTEMD_EXEC_PID', '1152'), ('DBUS_SESSION_BUS_ADDRESS', 'unix:path=/run/user/1000/bus'), ('P9K_TTY', 'old'), ('GIO_LAUNCHED_DESKTOP_FILE_PID', '3260'), ('COLORTERM', 'truecolor'), ('_CE_M', ''), ('WAYLAND_DISPLAY', 'wayland-0'), ('INFOPATH', ''), ('ROS_DISTRO', 'humble'), ('COLCON_PREFIX_PATH', '/home/martina/rp_project/robot-programming-project/install'), ('LOGNAME', 'martina'), ('_', '/usr/bin/colcon'), ('JOURNAL_STREAM', '8:11413'), ('_P9K_SSH_TTY', '/dev/pts/2'), ('XDG_SESSION_CLASS', 'user'), ('USER_ZDOTDIR', '/home/martina'), ('ROS_VERSION', '2'), ('USERNAME', 'martina'), ('TERM', 'xterm-256color'), ('GNOME_DESKTOP_SESSION_ID', 'this-is-deprecated'), ('_CE_CONDA', ''), ('ROS_LOCALHOST_ONLY', '0'), ('PATH', '/opt/ros/humble/bin:/home/martina/.local/bin:/home/martina/.local/bin:/usr/lib/ccache:.:/home/martina/.mujoco/mujoco210/bin:/usr/lib/nvidia:/home/martina/anaconda3/condabin:/home/martina/bin:/home/martina/.local/bin:/usr/local/sbin:/usr/local/bin:/usr/sbin:/usr/bin:/sbin:/bin:/usr/games:/usr/local/games:/snap/bin:/home/martina/.cache/zsh4humans/v5/fzf/bin:/home/martina/other/install/bin'), ('SESSION_MANAGER', 'local/Martina-ThinkPad-X1-Yoga:@/tmp/.ICE-unix/1105,unix/Martina-ThinkPad-X1-Yoga:/tmp/.ICE-unix/1105'), ('INVOCATION_ID', 'abb78b4b018940349bd4da4c8fed9753'), ('LC_ADDRESS', 'it_IT.UTF-8'), ('XDG_RUNTIME_DIR', '/run/user/1000'), ('XDG_MENU_PREFIX', 'gnome-'), ('GNOME_SETUP_DISPLAY', ':1'), ('GDK_BACKEND', 'x11'), ('DISPLAY', ':0'), ('LANG', 'en_US.UTF-8'), ('LC_TELEPHONE', 'it_IT.UTF-8'), ('XDG_CURRENT_DESKTOP', 'Unity'), ('VSCODE_INJECTION', '1'), ('LD_PRELOAD', ':/usr/lib/x86_64-linux-gnu/libGLEW.so'), ('XDG_SESSION_DESKTOP', 'ubuntu'), ('XMODIFIERS', '@im=ibus'), ('XAUTHORITY', '/run/user/1000/.mutter-Xwaylandauth.L52E22'), ('TERM_PROGRAM', 'vscode'), ('VSCODE_GIT_IPC_HANDLE', '/run/user/1000/vscode-git-f640f2b3f6.sock'), ('LS_COLORS', 'fi=00:mi=00:mh=00:ln=01;36:or=01;31:di=01;34:ow=04;01;34:st=34:tw=04;34:pi=01;33:so=01;33:do=01;33:bd=01;33:cd=01;33:su=01;35:sg=01;35:ca=01;35:ex=01;32:no=38;5;248'), ('TREE_COLORS', 'fi=00:mi=00:mh=00:ln=01;36:or=01;31:di=01;34:ow=01;34:st=34:tw=34:pi=01;33:so=01;33:do=01;33:bd=01;33:cd=01;33:su=01;35:sg=01;35:ca=01;35:ex=01;32'), ('SSH_AGENT_LAUNCHER', 'gnome-keyring'), ('SSH_AUTH_SOCK', '/run/user/1000/keyring/ssh'), ('ORIGINAL_XDG_CURRENT_DESKTOP', 'ubuntu:GNOME'), ('CONDA_PYTHON_EXE', '/home/martina/anaconda3/bin/python'), ('AMENT_PREFIX_PATH', '/home/martina/rp_project/robot-programming-project/install/simple_robot:/opt/ros/humble'), ('LC_NAME', 'it_IT.UTF-8'), ('SHELL', '/usr/local/bin/zsh'), ('DEST', '/home/martina/other/install'), ('QT_ACCESSIBILITY', '1'), ('GDMSESSION', 'ubuntu'), ('CONDA_DEFAULT_ENV', 'base'), ('LC_MEASUREMENT', 'it_IT.UTF-8'), ('LC_IDENTIFICATION', 'it_IT.UTF-8'), ('GJS_DEBUG_OUTPUT', 'stderr'), ('P9K_SSH', '0'), ('QT_IM_MODULE', 'ibus'), ('VSCODE_GIT_ASKPASS_EXTRA_ARGS', ''), ('VSCODE_NONCE', '052e925b-acb5-444f-b870-f20c06506941'), ('LC_ALL', 'en_US.UTF-8'), ('PWD', '/home/martina/rp_project/robot-programming-project/src/simple_robot/build/simple_robot'), ('GPG_TTY', '/dev/pts/2'), ('XDG_DATA_DIRS', '/usr/local/share/:/usr/share/:/var/lib/snapd/desktop'), ('ZDOTDIR', '/home/martina'), ('_P9K_TTY', '/dev/pts/2'), ('CONDA_EXE', '/home/martina/anaconda3/bin/conda'), ('LC_NUMERIC', 'it_IT.UTF-8'), ('PYTHONPATH', '/opt/ros/humble/lib/python3.10/site-packages:/opt/ros/humble/local/lib/python3.10/dist-packages:/home/martina/other/install/lib/python3.10/site-packages/'), ('LC_PAPER', 'it_IT.UTF-8'), ('CONDA_PREFIX', '/home/martina/anaconda3'), ('COLCON', '1'), ('MANPATH', '/usr/local/share/man:/home/martina/.cache/zsh4humans/v5/fzf/man:'), ('CMAKE_PREFIX_PATH', '/home/martina/rp_project/robot-programming-project/install/simple_robot:/opt/ros/humble')]), 'shell': False}
[64.247765] (-) TimerEvent: {}
[64.256318] (simple_robot) StdoutLine: {'line': b'-- Install configuration: ""\n'}
[64.257179] (simple_robot) StdoutLine: {'line': b'-- Installing: /home/martina/rp_project/robot-programming-project/src/simple_robot/install/simple_robot/lib/simple_robot/robot_map_node\n'}
[64.273276] (simple_robot) StdoutLine: {'line': b'-- Set runtime path of "/home/martina/rp_project/robot-programming-project/src/simple_robot/install/simple_robot/lib/simple_robot/robot_map_node" to ""\n'}
[64.273979] (simple_robot) StdoutLine: {'line': b'-- Up-to-date: /home/martina/rp_project/robot-programming-project/src/simple_robot/install/simple_robot/share/ament_index/resource_index/package_run_dependencies/simple_robot\n'}
[64.274417] (simple_robot) StdoutLine: {'line': b'-- Up-to-date: /home/martina/rp_project/robot-programming-project/src/simple_robot/install/simple_robot/share/ament_index/resource_index/parent_prefix_path/simple_robot\n'}
[64.274653] (simple_robot) StdoutLine: {'line': b'-- Up-to-date: /home/martina/rp_project/robot-programming-project/src/simple_robot/install/simple_robot/share/simple_robot/environment/ament_prefix_path.sh\n'}
[64.274918] (simple_robot) StdoutLine: {'line': b'-- Installing: /home/martina/rp_project/robot-programming-project/src/simple_robot/install/simple_robot/share/simple_robot/environment/ament_prefix_path.dsv\n'}
[64.275119] (simple_robot) StdoutLine: {'line': b'-- Up-to-date: /home/martina/rp_project/robot-programming-project/src/simple_robot/install/simple_robot/share/simple_robot/environment/path.sh\n'}
[64.275301] (simple_robot) StdoutLine: {'line': b'-- Installing: /home/martina/rp_project/robot-programming-project/src/simple_robot/install/simple_robot/share/simple_robot/environment/path.dsv\n'}
[64.275604] (simple_robot) StdoutLine: {'line': b'-- Up-to-date: /home/martina/rp_project/robot-programming-project/src/simple_robot/install/simple_robot/share/simple_robot/local_setup.bash\n'}
[64.275816] (simple_robot) StdoutLine: {'line': b'-- Up-to-date: /home/martina/rp_project/robot-programming-project/src/simple_robot/install/simple_robot/share/simple_robot/local_setup.sh\n'}
[64.276008] (simple_robot) StdoutLine: {'line': b'-- Up-to-date: /home/martina/rp_project/robot-programming-project/src/simple_robot/install/simple_robot/share/simple_robot/local_setup.zsh\n'}
[64.276190] (simple_robot) StdoutLine: {'line': b'-- Installing: /home/martina/rp_project/robot-programming-project/src/simple_robot/install/simple_robot/share/simple_robot/local_setup.dsv\n'}
[64.276440] (simple_robot) StdoutLine: {'line': b'-- Installing: /home/martina/rp_project/robot-programming-project/src/simple_robot/install/simple_robot/share/simple_robot/package.dsv\n'}
[64.276622] (simple_robot) StdoutLine: {'line': b'-- Up-to-date: /home/martina/rp_project/robot-programming-project/src/simple_robot/install/simple_robot/share/ament_index/resource_index/packages/simple_robot\n'}
[64.276778] (simple_robot) StdoutLine: {'line': b'-- Up-to-date: /home/martina/rp_project/robot-programming-project/src/simple_robot/install/simple_robot/share/simple_robot/cmake/simple_robotConfig.cmake\n'}
[64.276972] (simple_robot) StdoutLine: {'line': b'-- Up-to-date: /home/martina/rp_project/robot-programming-project/src/simple_robot/install/simple_robot/share/simple_robot/cmake/simple_robotConfig-version.cmake\n'}
[64.277143] (simple_robot) StdoutLine: {'line': b'-- Up-to-date: /home/martina/rp_project/robot-programming-project/src/simple_robot/install/simple_robot/share/simple_robot/package.xml\n'}
[64.279363] (simple_robot) CommandEnded: {'returncode': 0}
[64.314913] (simple_robot) JobEnded: {'identifier': 'simple_robot', 'rc': 0}
[64.315822] (-) EventReactorShutdown: {}
