[0.041s] Invoking command in '/home/martina/rp_project/robot-programming-project/src/simple_robot/build/simple_robot': CMAKE_PREFIX_PATH=${CMAKE_PREFIX_PATH}:/opt/ros/humble CONDA_PROMPT_MODIFIER=(base) /usr/bin/cmake /home/martina/rp_project/robot-programming-project/src/simple_robot -DCMAKE_INSTALL_PREFIX=/home/martina/rp_project/robot-programming-project/src/simple_robot/install/simple_robot
[0.235s] -- The C compiler identification is GNU 11.4.0
[0.400s] -- The CXX compiler identification is GNU 11.4.0
[0.430s] -- Detecting C compiler ABI info
[0.630s] -- Detecting C compiler ABI info - done
[0.649s] -- Check for working C compiler: /usr/lib/ccache/cc - skipped
[0.651s] -- Detecting C compile features
[0.654s] -- Detecting C compile features - done
[0.667s] -- Detecting CXX compiler ABI info
[0.882s] -- Detecting CXX compiler ABI info - done
[0.911s] -- Check for working CXX compiler: /usr/lib/ccache/c++ - skipped
[0.913s] -- Detecting CXX compile features
[0.915s] -- Detecting CXX compile features - done
[0.939s] -- Found OpenCV: /usr (found suitable version "4.5.4", minimum required is "4.5.4") 
[0.946s] -- Found ament_cmake: 1.3.11 (/opt/ros/humble/share/ament_cmake/cmake)
[1.329s] -- Found Python3: /usr/bin/python3 (found version "3.10.12") found components: Interpreter 
[1.544s] -- Found rclcpp: 16.0.11 (/opt/ros/humble/share/rclcpp/cmake)
[1.623s] -- Found rosidl_generator_c: 3.1.6 (/opt/ros/humble/share/rosidl_generator_c/cmake)
[1.635s] -- Found rosidl_adapter: 3.1.6 (/opt/ros/humble/share/rosidl_adapter/cmake)
[1.654s] -- Found rosidl_generator_cpp: 3.1.6 (/opt/ros/humble/share/rosidl_generator_cpp/cmake)
[1.690s] -- Using all available rosidl_typesupport_c: rosidl_typesupport_fastrtps_c;rosidl_typesupport_introspection_c
[1.723s] -- Using all available rosidl_typesupport_cpp: rosidl_typesupport_fastrtps_cpp;rosidl_typesupport_introspection_cpp
[1.861s] -- Found rmw_implementation_cmake: 6.1.2 (/opt/ros/humble/share/rmw_implementation_cmake/cmake)
[1.871s] -- Found rmw_fastrtps_cpp: 6.2.7 (/opt/ros/humble/share/rmw_fastrtps_cpp/cmake)
[2.166s] -- Found OpenSSL: /usr/lib/x86_64-linux-gnu/libcrypto.so (found version "3.0.2")  
[2.279s] -- Found FastRTPS: /opt/ros/humble/include  
[2.416s] -- Using RMW implementation 'rmw_fastrtps_cpp' as default
[2.450s] -- Looking for pthread.h
[2.759s] -- Looking for pthread.h - found
[2.759s] -- Performing Test CMAKE_HAVE_LIBC_PTHREAD
[2.996s] -- Performing Test CMAKE_HAVE_LIBC_PTHREAD - Success
[3.001s] -- Found Threads: TRUE  
[3.154s] -- Found geometry_msgs: 4.2.4 (/opt/ros/humble/share/geometry_msgs/cmake)
[3.194s] -- Found sensor_msgs: 4.2.4 (/opt/ros/humble/share/sensor_msgs/cmake)
[3.241s] -- Found nav_msgs: 4.2.4 (/opt/ros/humble/share/nav_msgs/cmake)
[3.305s] -- Found OpenCV: /usr (found version "4.5.4") 
[3.514s] -- DATA_DIR: /home/martina/rp_project/robot-programming-project/src/simple_robot/data
[3.514s] -- Configuring done
[3.605s] -- Generating done
[3.634s] -- Build files have been written to: /home/martina/rp_project/robot-programming-project/src/simple_robot/build/simple_robot
[3.667s] Invoked command in '/home/martina/rp_project/robot-programming-project/src/simple_robot/build/simple_robot' returned '0': CMAKE_PREFIX_PATH=${CMAKE_PREFIX_PATH}:/opt/ros/humble CONDA_PROMPT_MODIFIER=(base) /usr/bin/cmake /home/martina/rp_project/robot-programming-project/src/simple_robot -DCMAKE_INSTALL_PREFIX=/home/martina/rp_project/robot-programming-project/src/simple_robot/install/simple_robot
[3.673s] Invoking command in '/home/martina/rp_project/robot-programming-project/src/simple_robot/build/simple_robot': CMAKE_PREFIX_PATH=${CMAKE_PREFIX_PATH}:/opt/ros/humble CONDA_PROMPT_MODIFIER=(base) /usr/bin/cmake --build /home/martina/rp_project/robot-programming-project/src/simple_robot/build/simple_robot -- -j4 -l4
[3.825s] [35m[1mConsolidate compiler generated dependencies of target robot_map_node[0m
[3.826s] [35m[1mConsolidate compiler generated dependencies of target grid_map[0m
[3.914s] [  5%] [32mBuilding CXX object CMakeFiles/robot_map_node.dir/src/main.cpp.o[0m
[3.935s] [ 11%] [32mBuilding CXX object src/CMakeFiles/grid_map.dir/main.cpp.o[0m
[5.485s] [01m[K/home/martina/rp_project/robot-programming-project/src/simple_robot/src/main.cpp:3:10:[m[K [01;31m[Kfatal error: [m[Kgeometry_msgs/msg/pose2d.hpp: No such file or directory
[5.485s]     3 | #include [01;31m[K"geometry_msgs/msg/pose2d.hpp"[m[K
[5.485s]       |          [01;31m[K^~~~~~~~~~~~~~~~~~~~~~~~~~~~~~[m[K
[5.485s] compilation terminated.
[5.503s] gmake[2]: *** [src/CMakeFiles/grid_map.dir/build.make:132: src/CMakeFiles/grid_map.dir/main.cpp.o] Error 1
[5.504s] gmake[1]: *** [CMakeFiles/Makefile2:200: src/CMakeFiles/grid_map.dir/all] Error 2
[5.504s] gmake[1]: *** Waiting for unfinished jobs....
[5.651s] [01m[K/home/martina/rp_project/robot-programming-project/src/simple_robot/src/main.cpp:3:10:[m[K [01;31m[Kfatal error: [m[Kgeometry_msgs/msg/pose2d.hpp: No such file or directory
[5.652s]     3 | #include [01;31m[K"geometry_msgs/msg/pose2d.hpp"[m[K
[5.653s]       |          [01;31m[K^~~~~~~~~~~~~~~~~~~~~~~~~~~~~~[m[K
[5.653s] compilation terminated.
[5.666s] gmake[2]: *** [CMakeFiles/robot_map_node.dir/build.make:132: CMakeFiles/robot_map_node.dir/src/main.cpp.o] Error 1
[5.671s] gmake[1]: *** [CMakeFiles/Makefile2:174: CMakeFiles/robot_map_node.dir/all] Error 2
[5.671s] gmake: *** [Makefile:146: all] Error 2
[5.687s] Invoked command in '/home/martina/rp_project/robot-programming-project/src/simple_robot/build/simple_robot' returned '2': CMAKE_PREFIX_PATH=${CMAKE_PREFIX_PATH}:/opt/ros/humble CONDA_PROMPT_MODIFIER=(base) /usr/bin/cmake --build /home/martina/rp_project/robot-programming-project/src/simple_robot/build/simple_robot -- -j4 -l4
