[0.000000] (-) TimerEvent: {}
[0.000213] (simple_robot) JobQueued: {'identifier': 'simple_robot', 'dependencies': OrderedDict()}
[0.000772] (simple_robot) JobStarted: {'identifier': 'simple_robot'}
[0.030692] (simple_robot) JobProgress: {'identifier': 'simple_robot', 'progress': 'cmake'}
[0.030820] (simple_robot) Command: {'cmd': ['/usr/bin/cmake', '/home/martina/rp_project/robot-programming-project/src/simple_robot', '-DCMAKE_INSTALL_PREFIX=/home/martina/rp_project/robot-programming-project/src/simple_robot/install/simple_robot'], 'cwd': '/home/martina/rp_project/robot-programming-project/src/simple_robot/build/simple_robot', 'env': OrderedDict([('GJS_DEBUG_TOPICS', 'JS ERROR;JS LOG'), ('LESSOPEN', '| /usr/bin/env /usr/bin/lesspipe %s 2>/dev/null'), ('CONDA_PROMPT_MODIFIER', '(base)'), ('LC_TIME', 'it_IT.UTF-8'), ('USER', 'martina'), ('XDG_SESSION_TYPE', 'wayland'), ('GIT_ASKPASS', '/usr/share/code/resources/app/extensions/git/dist/askpass.sh'), ('SHLVL', '2'), ('LD_LIBRARY_PATH', '/opt/ros/humble/opt/rviz_ogre_vendor/lib:/opt/ros/humble/lib/x86_64-linux-gnu:/opt/ros/humble/lib::/home/martina/.mujoco/mujoco210/bin:/usr/lib/nvidia:~/anaconda3/lib'), ('HOME', '/home/martina'), ('OLDPWD', '/home/martina/rp_project/robot-programming-project/src/simple_robot'), ('CHROME_DESKTOP', 'code.desktop'), ('TERMINFO', '/home/martina/.terminfo'), ('LESS', '-iRFXMx4'), ('CONDA_SHLVL', '1'), ('DESKTOP_SESSION', 'ubuntu'), ('TERM_PROGRAM_VERSION', '1.97.2'), ('GIO_LAUNCHED_DESKTOP_FILE', '/usr/share/applications/code.desktop'), ('LSCOLORS', 'ExGxDxDxCxDxDxFxFxexEx'), ('GTK_MODULES', 'gail:atk-bridge'), ('GNOME_SHELL_SESSION_MODE', 'ubuntu'), ('VSCODE_GIT_ASKPASS_MAIN', '/usr/share/code/resources/app/extensions/git/dist/askpass-main.js'), ('PAGER', 'less'), ('ROS_PYTHON_VERSION', '3'), ('LC_MONETARY', 'it_IT.UTF-8'), ('MANAGERPID', '887'), ('VSCODE_GIT_ASKPASS_NODE', '/usr/share/code/code'), ('SYSTEMD_EXEC_PID', '1152'), ('DBUS_SESSION_BUS_ADDRESS', 'unix:path=/run/user/1000/bus'), ('P9K_TTY', 'old'), ('GIO_LAUNCHED_DESKTOP_FILE_PID', '3260'), ('COLORTERM', 'truecolor'), ('_CE_M', ''), ('WAYLAND_DISPLAY', 'wayland-0'), ('INFOPATH', ''), ('ROS_DISTRO', 'humble'), ('COLCON_PREFIX_PATH', '/home/martina/rp_project/robot-programming-project/install'), ('LOGNAME', 'martina'), ('_', '/usr/bin/colcon'), ('JOURNAL_STREAM', '8:11413'), ('_P9K_SSH_TTY', '/dev/pts/2'), ('XDG_SESSION_CLASS', 'user'), ('USER_ZDOTDIR', '/home/martina'), ('ROS_VERSION', '2'), ('USERNAME', 'martina'), ('TERM', 'xterm-256color'), ('GNOME_DESKTOP_SESSION_ID', 'this-is-deprecated'), ('_CE_CONDA', ''), ('ROS_LOCALHOST_ONLY', '0'), ('PATH', '/opt/ros/humble/bin:/home/martina/.local/bin:/home/martina/.local/bin:/usr/lib/ccache:.:/home/martina/.mujoco/mujoco210/bin:/usr/lib/nvidia:/home/martina/anaconda3/condabin:/home/martina/bin:/home/martina/.local/bin:/usr/local/sbin:/usr/local/bin:/usr/sbin:/usr/bin:/sbin:/bin:/usr/games:/usr/local/games:/snap/bin:/home/martina/.cache/zsh4humans/v5/fzf/bin:/home/martina/other/install/bin'), ('SESSION_MANAGER', 'local/Martina-ThinkPad-X1-Yoga:@/tmp/.ICE-unix/1105,unix/Martina-ThinkPad-X1-Yoga:/tmp/.ICE-unix/1105'), ('INVOCATION_ID', 'abb78b4b018940349bd4da4c8fed9753'), ('LC_ADDRESS', 'it_IT.UTF-8'), ('XDG_RUNTIME_DIR', '/run/user/1000'), ('XDG_MENU_PREFIX', 'gnome-'), ('GNOME_SETUP_DISPLAY', ':1'), ('GDK_BACKEND', 'x11'), ('DISPLAY', ':0'), ('LANG', 'en_US.UTF-8'), ('LC_TELEPHONE', 'it_IT.UTF-8'), ('XDG_CURRENT_DESKTOP', 'Unity'), ('VSCODE_INJECTION', '1'), ('LD_PRELOAD', ':/usr/lib/x86_64-linux-gnu/libGLEW.so'), ('XDG_SESSION_DESKTOP', 'ubuntu'), ('XMODIFIERS', '@im=ibus'), ('XAUTHORITY', '/run/user/1000/.mutter-Xwaylandauth.L52E22'), ('TERM_PROGRAM', 'vscode'), ('VSCODE_GIT_IPC_HANDLE', '/run/user/1000/vscode-git-f640f2b3f6.sock'), ('LS_COLORS', 'fi=00:mi=00:mh=00:ln=01;36:or=01;31:di=01;34:ow=04;01;34:st=34:tw=04;34:pi=01;33:so=01;33:do=01;33:bd=01;33:cd=01;33:su=01;35:sg=01;35:ca=01;35:ex=01;32:no=38;5;248'), ('TREE_COLORS', 'fi=00:mi=00:mh=00:ln=01;36:or=01;31:di=01;34:ow=01;34:st=34:tw=34:pi=01;33:so=01;33:do=01;33:bd=01;33:cd=01;33:su=01;35:sg=01;35:ca=01;35:ex=01;32'), ('SSH_AGENT_LAUNCHER', 'gnome-keyring'), ('SSH_AUTH_SOCK', '/run/user/1000/keyring/ssh'), ('ORIGINAL_XDG_CURRENT_DESKTOP', 'ubuntu:GNOME'), ('CONDA_PYTHON_EXE', '/home/martina/anaconda3/bin/python'), ('AMENT_PREFIX_PATH', '/home/martina/rp_project/robot-programming-project/install/simple_robot:/opt/ros/humble'), ('LC_NAME', 'it_IT.UTF-8'), ('SHELL', '/usr/local/bin/zsh'), ('DEST', '/home/martina/other/install'), ('QT_ACCESSIBILITY', '1'), ('GDMSESSION', 'ubuntu'), ('CONDA_DEFAULT_ENV', 'base'), ('LC_MEASUREMENT', 'it_IT.UTF-8'), ('LC_IDENTIFICATION', 'it_IT.UTF-8'), ('GJS_DEBUG_OUTPUT', 'stderr'), ('P9K_SSH', '0'), ('QT_IM_MODULE', 'ibus'), ('VSCODE_GIT_ASKPASS_EXTRA_ARGS', ''), ('VSCODE_NONCE', '052e925b-acb5-444f-b870-f20c06506941'), ('LC_ALL', 'en_US.UTF-8'), ('PWD', '/home/martina/rp_project/robot-programming-project/src/simple_robot/build/simple_robot'), ('GPG_TTY', '/dev/pts/2'), ('XDG_DATA_DIRS', '/usr/local/share/:/usr/share/:/var/lib/snapd/desktop'), ('ZDOTDIR', '/home/martina'), ('_P9K_TTY', '/dev/pts/2'), ('CONDA_EXE', '/home/martina/anaconda3/bin/conda'), ('LC_NUMERIC', 'it_IT.UTF-8'), ('PYTHONPATH', '/opt/ros/humble/lib/python3.10/site-packages:/opt/ros/humble/local/lib/python3.10/dist-packages:/home/martina/other/install/lib/python3.10/site-packages/'), ('LC_PAPER', 'it_IT.UTF-8'), ('CONDA_PREFIX', '/home/martina/anaconda3'), ('COLCON', '1'), ('MANPATH', '/usr/local/share/man:/home/martina/.cache/zsh4humans/v5/fzf/man:'), ('CMAKE_PREFIX_PATH', '/home/martina/rp_project/robot-programming-project/install/simple_robot:/opt/ros/humble')]), 'shell': False}
[0.099340] (-) TimerEvent: {}
[0.200029] (-) TimerEvent: {}
[0.217355] (simple_robot) StdoutLine: {'line': b'-- The C compiler identification is GNU 11.4.0\n'}
[0.302583] (-) TimerEvent: {}
[0.403472] (-) TimerEvent: {}
[0.406609] (simple_robot) StdoutLine: {'line': b'-- The CXX compiler identification is GNU 11.4.0\n'}
[0.443039] (simple_robot) StdoutLine: {'line': b'-- Detecting C compiler ABI info\n'}
[0.503599] (-) TimerEvent: {}
[0.603976] (-) TimerEvent: {}
[0.608863] (simple_robot) StdoutLine: {'line': b'-- Detecting C compiler ABI info - done\n'}
[0.623928] (simple_robot) StdoutLine: {'line': b'-- Check for working C compiler: /usr/lib/ccache/cc - skipped\n'}
[0.624212] (simple_robot) StdoutLine: {'line': b'-- Detecting C compile features\n'}
[0.624817] (simple_robot) StdoutLine: {'line': b'-- Detecting C compile features - done\n'}
[0.629488] (simple_robot) StdoutLine: {'line': b'-- Detecting CXX compiler ABI info\n'}
[0.704123] (-) TimerEvent: {}
[0.804537] (-) TimerEvent: {}
[0.840687] (simple_robot) StdoutLine: {'line': b'-- Detecting CXX compiler ABI info - done\n'}
[0.858016] (simple_robot) StdoutLine: {'line': b'-- Check for working CXX compiler: /usr/lib/ccache/c++ - skipped\n'}
[0.858557] (simple_robot) StdoutLine: {'line': b'-- Detecting CXX compile features\n'}
[0.859961] (simple_robot) StdoutLine: {'line': b'-- Detecting CXX compile features - done\n'}
[0.892314] (simple_robot) StdoutLine: {'line': b'-- Found OpenCV: /usr (found suitable version "4.5.4", minimum required is "4.5.4") \n'}
[0.902060] (simple_robot) StdoutLine: {'line': b'-- Found ament_cmake: 1.3.11 (/opt/ros/humble/share/ament_cmake/cmake)\n'}
[0.905092] (-) TimerEvent: {}
[1.005712] (-) TimerEvent: {}
[1.106045] (-) TimerEvent: {}
[1.206463] (-) TimerEvent: {}
[1.209934] (simple_robot) StdoutLine: {'line': b'-- Found Python3: /usr/bin/python3 (found version "3.10.12") found components: Interpreter \n'}
[1.306597] (-) TimerEvent: {}
[1.364650] (simple_robot) StdoutLine: {'line': b'-- Found rclcpp: 16.0.11 (/opt/ros/humble/share/rclcpp/cmake)\n'}
[1.406705] (-) TimerEvent: {}
[1.434684] (simple_robot) StdoutLine: {'line': b'-- Found rosidl_generator_c: 3.1.6 (/opt/ros/humble/share/rosidl_generator_c/cmake)\n'}
[1.442727] (simple_robot) StdoutLine: {'line': b'-- Found rosidl_adapter: 3.1.6 (/opt/ros/humble/share/rosidl_adapter/cmake)\n'}
[1.459879] (simple_robot) StdoutLine: {'line': b'-- Found rosidl_generator_cpp: 3.1.6 (/opt/ros/humble/share/rosidl_generator_cpp/cmake)\n'}
[1.484584] (simple_robot) StdoutLine: {'line': b'-- Using all available rosidl_typesupport_c: rosidl_typesupport_fastrtps_c;rosidl_typesupport_introspection_c\n'}
[1.506838] (-) TimerEvent: {}
[1.522178] (simple_robot) StdoutLine: {'line': b'-- Using all available rosidl_typesupport_cpp: rosidl_typesupport_fastrtps_cpp;rosidl_typesupport_introspection_cpp\n'}
[1.606959] (-) TimerEvent: {}
[1.607574] (simple_robot) StdoutLine: {'line': b'-- Found rmw_implementation_cmake: 6.1.2 (/opt/ros/humble/share/rmw_implementation_cmake/cmake)\n'}
[1.611202] (simple_robot) StdoutLine: {'line': b'-- Found rmw_fastrtps_cpp: 6.2.7 (/opt/ros/humble/share/rmw_fastrtps_cpp/cmake)\n'}
[1.707080] (-) TimerEvent: {}
[1.807464] (-) TimerEvent: {}
[1.908592] (-) TimerEvent: {}
[1.920714] (simple_robot) StdoutLine: {'line': b'-- Found OpenSSL: /usr/lib/x86_64-linux-gnu/libcrypto.so (found version "3.0.2")  \n'}
[1.992711] (simple_robot) StdoutLine: {'line': b'-- Found FastRTPS: /opt/ros/humble/include  \n'}
[2.008713] (-) TimerEvent: {}
[2.101234] (simple_robot) StdoutLine: {'line': b"-- Using RMW implementation 'rmw_fastrtps_cpp' as default\n"}
[2.109540] (-) TimerEvent: {}
[2.120894] (simple_robot) StdoutLine: {'line': b'-- Looking for pthread.h\n'}
[2.209656] (-) TimerEvent: {}
[2.281329] (simple_robot) StdoutLine: {'line': b'-- Looking for pthread.h - found\n'}
[2.281880] (simple_robot) StdoutLine: {'line': b'-- Performing Test CMAKE_HAVE_LIBC_PTHREAD\n'}
[2.309767] (-) TimerEvent: {}
[2.410185] (-) TimerEvent: {}
[2.418424] (simple_robot) StdoutLine: {'line': b'-- Performing Test CMAKE_HAVE_LIBC_PTHREAD - Success\n'}
[2.420535] (simple_robot) StdoutLine: {'line': b'-- Found Threads: TRUE  \n'}
[2.510295] (-) TimerEvent: {}
[2.518548] (simple_robot) StdoutLine: {'line': b'-- Found geometry_msgs: 4.2.4 (/opt/ros/humble/share/geometry_msgs/cmake)\n'}
[2.539740] (simple_robot) StdoutLine: {'line': b'-- Found sensor_msgs: 4.2.4 (/opt/ros/humble/share/sensor_msgs/cmake)\n'}
[2.572124] (simple_robot) StdoutLine: {'line': b'-- Found nav_msgs: 4.2.4 (/opt/ros/humble/share/nav_msgs/cmake)\n'}
[2.606838] (simple_robot) StdoutLine: {'line': b'-- Found OpenCV: /usr (found version "4.5.4") \n'}
[2.610428] (-) TimerEvent: {}
[2.710809] (-) TimerEvent: {}
[2.720713] (simple_robot) StdoutLine: {'line': b'-- DATA_DIR: /home/martina/rp_project/robot-programming-project/src/simple_robot/data\n'}
[2.721125] (simple_robot) StdoutLine: {'line': b'-- Configuring done\n'}
[2.768592] (simple_robot) StdoutLine: {'line': b'-- Generating done\n'}
[2.785573] (simple_robot) StdoutLine: {'line': b'-- Build files have been written to: /home/martina/rp_project/robot-programming-project/src/simple_robot/build/simple_robot\n'}
[2.810867] (simple_robot) CommandEnded: {'returncode': 0}
[2.816831] (-) TimerEvent: {}
[2.817149] (simple_robot) JobProgress: {'identifier': 'simple_robot', 'progress': 'build'}
[2.817251] (simple_robot) Command: {'cmd': ['/usr/bin/cmake', '--build', '/home/martina/rp_project/robot-programming-project/src/simple_robot/build/simple_robot', '--', '-j4', '-l4'], 'cwd': '/home/martina/rp_project/robot-programming-project/src/simple_robot/build/simple_robot', 'env': OrderedDict([('GJS_DEBUG_TOPICS', 'JS ERROR;JS LOG'), ('LESSOPEN', '| /usr/bin/env /usr/bin/lesspipe %s 2>/dev/null'), ('CONDA_PROMPT_MODIFIER', '(base)'), ('LC_TIME', 'it_IT.UTF-8'), ('USER', 'martina'), ('XDG_SESSION_TYPE', 'wayland'), ('GIT_ASKPASS', '/usr/share/code/resources/app/extensions/git/dist/askpass.sh'), ('SHLVL', '2'), ('LD_LIBRARY_PATH', '/opt/ros/humble/opt/rviz_ogre_vendor/lib:/opt/ros/humble/lib/x86_64-linux-gnu:/opt/ros/humble/lib::/home/martina/.mujoco/mujoco210/bin:/usr/lib/nvidia:~/anaconda3/lib'), ('HOME', '/home/martina'), ('OLDPWD', '/home/martina/rp_project/robot-programming-project/src/simple_robot'), ('CHROME_DESKTOP', 'code.desktop'), ('TERMINFO', '/home/martina/.terminfo'), ('LESS', '-iRFXMx4'), ('CONDA_SHLVL', '1'), ('DESKTOP_SESSION', 'ubuntu'), ('TERM_PROGRAM_VERSION', '1.97.2'), ('GIO_LAUNCHED_DESKTOP_FILE', '/usr/share/applications/code.desktop'), ('LSCOLORS', 'ExGxDxDxCxDxDxFxFxexEx'), ('GTK_MODULES', 'gail:atk-bridge'), ('GNOME_SHELL_SESSION_MODE', 'ubuntu'), ('VSCODE_GIT_ASKPASS_MAIN', '/usr/share/code/resources/app/extensions/git/dist/askpass-main.js'), ('PAGER', 'less'), ('ROS_PYTHON_VERSION', '3'), ('LC_MONETARY', 'it_IT.UTF-8'), ('MANAGERPID', '887'), ('VSCODE_GIT_ASKPASS_NODE', '/usr/share/code/code'), ('SYSTEMD_EXEC_PID', '1152'), ('DBUS_SESSION_BUS_ADDRESS', 'unix:path=/run/user/1000/bus'), ('P9K_TTY', 'old'), ('GIO_LAUNCHED_DESKTOP_FILE_PID', '3260'), ('COLORTERM', 'truecolor'), ('_CE_M', ''), ('WAYLAND_DISPLAY', 'wayland-0'), ('INFOPATH', ''), ('ROS_DISTRO', 'humble'), ('COLCON_PREFIX_PATH', '/home/martina/rp_project/robot-programming-project/install'), ('LOGNAME', 'martina'), ('_', '/usr/bin/colcon'), ('JOURNAL_STREAM', '8:11413'), ('_P9K_SSH_TTY', '/dev/pts/2'), ('XDG_SESSION_CLASS', 'user'), ('USER_ZDOTDIR', '/home/martina'), ('ROS_VERSION', '2'), ('USERNAME', 'martina'), ('TERM', 'xterm-256color'), ('GNOME_DESKTOP_SESSION_ID', 'this-is-deprecated'), ('_CE_CONDA', ''), ('ROS_LOCALHOST_ONLY', '0'), ('PATH', '/opt/ros/humble/bin:/home/martina/.local/bin:/home/martina/.local/bin:/usr/lib/ccache:.:/home/martina/.mujoco/mujoco210/bin:/usr/lib/nvidia:/home/martina/anaconda3/condabin:/home/martina/bin:/home/martina/.local/bin:/usr/local/sbin:/usr/local/bin:/usr/sbin:/usr/bin:/sbin:/bin:/usr/games:/usr/local/games:/snap/bin:/home/martina/.cache/zsh4humans/v5/fzf/bin:/home/martina/other/install/bin'), ('SESSION_MANAGER', 'local/Martina-ThinkPad-X1-Yoga:@/tmp/.ICE-unix/1105,unix/Martina-ThinkPad-X1-Yoga:/tmp/.ICE-unix/1105'), ('INVOCATION_ID', 'abb78b4b018940349bd4da4c8fed9753'), ('LC_ADDRESS', 'it_IT.UTF-8'), ('XDG_RUNTIME_DIR', '/run/user/1000'), ('XDG_MENU_PREFIX', 'gnome-'), ('GNOME_SETUP_DISPLAY', ':1'), ('GDK_BACKEND', 'x11'), ('DISPLAY', ':0'), ('LANG', 'en_US.UTF-8'), ('LC_TELEPHONE', 'it_IT.UTF-8'), ('XDG_CURRENT_DESKTOP', 'Unity'), ('VSCODE_INJECTION', '1'), ('LD_PRELOAD', ':/usr/lib/x86_64-linux-gnu/libGLEW.so'), ('XDG_SESSION_DESKTOP', 'ubuntu'), ('XMODIFIERS', '@im=ibus'), ('XAUTHORITY', '/run/user/1000/.mutter-Xwaylandauth.L52E22'), ('TERM_PROGRAM', 'vscode'), ('VSCODE_GIT_IPC_HANDLE', '/run/user/1000/vscode-git-f640f2b3f6.sock'), ('LS_COLORS', 'fi=00:mi=00:mh=00:ln=01;36:or=01;31:di=01;34:ow=04;01;34:st=34:tw=04;34:pi=01;33:so=01;33:do=01;33:bd=01;33:cd=01;33:su=01;35:sg=01;35:ca=01;35:ex=01;32:no=38;5;248'), ('TREE_COLORS', 'fi=00:mi=00:mh=00:ln=01;36:or=01;31:di=01;34:ow=01;34:st=34:tw=34:pi=01;33:so=01;33:do=01;33:bd=01;33:cd=01;33:su=01;35:sg=01;35:ca=01;35:ex=01;32'), ('SSH_AGENT_LAUNCHER', 'gnome-keyring'), ('SSH_AUTH_SOCK', '/run/user/1000/keyring/ssh'), ('ORIGINAL_XDG_CURRENT_DESKTOP', 'ubuntu:GNOME'), ('CONDA_PYTHON_EXE', '/home/martina/anaconda3/bin/python'), ('AMENT_PREFIX_PATH', '/home/martina/rp_project/robot-programming-project/install/simple_robot:/opt/ros/humble'), ('LC_NAME', 'it_IT.UTF-8'), ('SHELL', '/usr/local/bin/zsh'), ('DEST', '/home/martina/other/install'), ('QT_ACCESSIBILITY', '1'), ('GDMSESSION', 'ubuntu'), ('CONDA_DEFAULT_ENV', 'base'), ('LC_MEASUREMENT', 'it_IT.UTF-8'), ('LC_IDENTIFICATION', 'it_IT.UTF-8'), ('GJS_DEBUG_OUTPUT', 'stderr'), ('P9K_SSH', '0'), ('QT_IM_MODULE', 'ibus'), ('VSCODE_GIT_ASKPASS_EXTRA_ARGS', ''), ('VSCODE_NONCE', '052e925b-acb5-444f-b870-f20c06506941'), ('LC_ALL', 'en_US.UTF-8'), ('PWD', '/home/martina/rp_project/robot-programming-project/src/simple_robot/build/simple_robot'), ('GPG_TTY', '/dev/pts/2'), ('XDG_DATA_DIRS', '/usr/local/share/:/usr/share/:/var/lib/snapd/desktop'), ('ZDOTDIR', '/home/martina'), ('_P9K_TTY', '/dev/pts/2'), ('CONDA_EXE', '/home/martina/anaconda3/bin/conda'), ('LC_NUMERIC', 'it_IT.UTF-8'), ('PYTHONPATH', '/opt/ros/humble/lib/python3.10/site-packages:/opt/ros/humble/local/lib/python3.10/dist-packages:/home/martina/other/install/lib/python3.10/site-packages/'), ('LC_PAPER', 'it_IT.UTF-8'), ('CONDA_PREFIX', '/home/martina/anaconda3'), ('COLCON', '1'), ('MANPATH', '/usr/local/share/man:/home/martina/.cache/zsh4humans/v5/fzf/man:'), ('CMAKE_PREFIX_PATH', '/home/martina/rp_project/robot-programming-project/install/simple_robot:/opt/ros/humble')]), 'shell': False}
[2.917046] (-) TimerEvent: {}
[2.956587] (simple_robot) StdoutLine: {'line': b'\x1b[35m\x1b[1mConsolidate compiler generated dependencies of target grid_map\x1b[0m\n'}
[2.956877] (simple_robot) StdoutLine: {'line': b'\x1b[35m\x1b[1mConsolidate compiler generated dependencies of target robot_map_node\x1b[0m\n'}
[3.017166] (-) TimerEvent: {}
[3.041253] (simple_robot) StdoutLine: {'line': b'[  8%] \x1b[32mBuilding CXX object src/CMakeFiles/grid_map.dir/main.cpp.o\x1b[0m\n'}
[3.054145] (simple_robot) StdoutLine: {'line': b'[ 16%] \x1b[32mBuilding CXX object CMakeFiles/robot_map_node.dir/src/main.cpp.o\x1b[0m\n'}
[3.117296] (-) TimerEvent: {}
[3.217751] (-) TimerEvent: {}
[3.318651] (-) TimerEvent: {}
[3.419702] (-) TimerEvent: {}
[3.520070] (-) TimerEvent: {}
[3.620451] (-) TimerEvent: {}
[3.721363] (-) TimerEvent: {}
[3.821764] (-) TimerEvent: {}
[3.924628] (-) TimerEvent: {}
[4.025073] (-) TimerEvent: {}
[4.125503] (-) TimerEvent: {}
[4.226784] (-) TimerEvent: {}
[4.327255] (-) TimerEvent: {}
[4.428592] (-) TimerEvent: {}
[4.529053] (-) TimerEvent: {}
[4.629501] (-) TimerEvent: {}
[4.729971] (-) TimerEvent: {}
[4.830523] (-) TimerEvent: {}
[4.931386] (-) TimerEvent: {}
[5.031848] (-) TimerEvent: {}
[5.132241] (-) TimerEvent: {}
[5.232680] (-) TimerEvent: {}
[5.333055] (-) TimerEvent: {}
[5.433446] (-) TimerEvent: {}
[5.533845] (-) TimerEvent: {}
[5.634250] (-) TimerEvent: {}
[5.734608] (-) TimerEvent: {}
[5.834995] (-) TimerEvent: {}
[5.935432] (-) TimerEvent: {}
[6.036587] (-) TimerEvent: {}
[6.138697] (-) TimerEvent: {}
[6.240759] (-) TimerEvent: {}
[6.341171] (-) TimerEvent: {}
[6.441700] (-) TimerEvent: {}
[6.542292] (-) TimerEvent: {}
[6.643592] (-) TimerEvent: {}
[6.744541] (-) TimerEvent: {}
[6.844980] (-) TimerEvent: {}
[6.945358] (-) TimerEvent: {}
[7.045756] (-) TimerEvent: {}
[7.146136] (-) TimerEvent: {}
[7.246585] (-) TimerEvent: {}
[7.347030] (-) TimerEvent: {}
[7.447434] (-) TimerEvent: {}
[7.548042] (-) TimerEvent: {}
[7.648614] (-) TimerEvent: {}
[7.749484] (-) TimerEvent: {}
[7.849955] (-) TimerEvent: {}
[7.950834] (-) TimerEvent: {}
[8.051210] (-) TimerEvent: {}
[8.151587] (-) TimerEvent: {}
[8.251949] (-) TimerEvent: {}
[8.352322] (-) TimerEvent: {}
[8.452958] (-) TimerEvent: {}
[8.553864] (-) TimerEvent: {}
[8.654268] (-) TimerEvent: {}
[8.754892] (-) TimerEvent: {}
[8.855275] (-) TimerEvent: {}
[8.955668] (-) TimerEvent: {}
[9.056040] (-) TimerEvent: {}
[9.156419] (-) TimerEvent: {}
[9.256798] (-) TimerEvent: {}
[9.357182] (-) TimerEvent: {}
[9.457575] (-) TimerEvent: {}
[9.557967] (-) TimerEvent: {}
[9.658354] (-) TimerEvent: {}
[9.758778] (-) TimerEvent: {}
[9.859167] (-) TimerEvent: {}
[9.959558] (-) TimerEvent: {}
[10.059938] (-) TimerEvent: {}
[10.160315] (-) TimerEvent: {}
[10.260704] (-) TimerEvent: {}
[10.361077] (-) TimerEvent: {}
[10.461451] (-) TimerEvent: {}
[10.561916] (-) TimerEvent: {}
[10.662816] (-) TimerEvent: {}
[10.763855] (-) TimerEvent: {}
[10.864654] (-) TimerEvent: {}
[10.965675] (-) TimerEvent: {}
[11.066132] (-) TimerEvent: {}
[11.166525] (-) TimerEvent: {}
[11.266948] (-) TimerEvent: {}
[11.367568] (-) TimerEvent: {}
[11.468499] (-) TimerEvent: {}
[11.569098] (-) TimerEvent: {}
[11.669470] (-) TimerEvent: {}
[11.770052] (-) TimerEvent: {}
[11.870415] (-) TimerEvent: {}
[11.970835] (-) TimerEvent: {}
[12.071874] (-) TimerEvent: {}
[12.172431] (-) TimerEvent: {}
[12.273254] (-) TimerEvent: {}
[12.374053] (-) TimerEvent: {}
[12.474422] (-) TimerEvent: {}
[12.574801] (-) TimerEvent: {}
[12.675384] (-) TimerEvent: {}
[12.776036] (-) TimerEvent: {}
[12.876595] (-) TimerEvent: {}
[12.976978] (-) TimerEvent: {}
[13.077360] (-) TimerEvent: {}
[13.177759] (-) TimerEvent: {}
[13.278128] (-) TimerEvent: {}
[13.378504] (-) TimerEvent: {}
[13.479118] (-) TimerEvent: {}
[13.579502] (-) TimerEvent: {}
[13.680336] (-) TimerEvent: {}
[13.780725] (-) TimerEvent: {}
[13.881543] (-) TimerEvent: {}
[13.981925] (-) TimerEvent: {}
[14.082304] (-) TimerEvent: {}
[14.182688] (-) TimerEvent: {}
[14.283078] (-) TimerEvent: {}
[14.383469] (-) TimerEvent: {}
[14.483856] (-) TimerEvent: {}
[14.584242] (-) TimerEvent: {}
[14.684621] (-) TimerEvent: {}
[14.785006] (-) TimerEvent: {}
[14.885383] (-) TimerEvent: {}
[14.985797] (-) TimerEvent: {}
[15.086208] (-) TimerEvent: {}
[15.186588] (-) TimerEvent: {}
[15.287460] (-) TimerEvent: {}
[15.388231] (-) TimerEvent: {}
[15.489105] (-) TimerEvent: {}
[15.589491] (-) TimerEvent: {}
[15.689953] (-) TimerEvent: {}
[15.790340] (-) TimerEvent: {}
[15.890809] (-) TimerEvent: {}
[15.991447] (-) TimerEvent: {}
[16.091918] (-) TimerEvent: {}
[16.192327] (-) TimerEvent: {}
[16.292785] (-) TimerEvent: {}
[16.393163] (-) TimerEvent: {}
[16.493554] (-) TimerEvent: {}
[16.593930] (-) TimerEvent: {}
[16.694375] (-) TimerEvent: {}
[16.794986] (-) TimerEvent: {}
[16.895360] (-) TimerEvent: {}
[16.998672] (-) TimerEvent: {}
[17.099100] (-) TimerEvent: {}
[17.199732] (-) TimerEvent: {}
[17.300114] (-) TimerEvent: {}
[17.400491] (-) TimerEvent: {}
[17.500906] (-) TimerEvent: {}
[17.601319] (-) TimerEvent: {}
[17.701735] (-) TimerEvent: {}
[17.802250] (-) TimerEvent: {}
[17.903313] (-) TimerEvent: {}
[18.003893] (-) TimerEvent: {}
[18.104370] (-) TimerEvent: {}
[18.204877] (-) TimerEvent: {}
[18.305389] (-) TimerEvent: {}
[18.406593] (-) TimerEvent: {}
[18.507032] (-) TimerEvent: {}
[18.607431] (-) TimerEvent: {}
[18.707879] (-) TimerEvent: {}
[18.808244] (-) TimerEvent: {}
[18.908590] (-) TimerEvent: {}
[19.008972] (-) TimerEvent: {}
[19.109340] (-) TimerEvent: {}
[19.209746] (-) TimerEvent: {}
[19.308251] (simple_robot) StderrLine: {'line': b'\x1b[01m\x1b[K/home/martina/rp_project/robot-programming-project/src/simple_robot/src/main.cpp:\x1b[m\x1b[K In member function \xe2\x80\x98\x1b[01m\x1b[Kvoid KeyboardControlNode::key_callback(std_msgs::msg::Int32_<std::allocator<void> >::SharedPtr)\x1b[m\x1b[K\xe2\x80\x99:\n'}
[19.309051] (simple_robot) StderrLine: {'line': b'\x1b[01m\x1b[K/home/martina/rp_project/robot-programming-project/src/simple_robot/src/main.cpp:47:13:\x1b[m\x1b[K \x1b[01;31m\x1b[Kerror: \x1b[m\x1b[Kjump to case label\n'}
[19.309242] (simple_robot) StderrLine: {'line': b'   47 |             \x1b[01;31m\x1b[Kdefault\x1b[m\x1b[K:\n'}
[19.309411] (simple_robot) StderrLine: {'line': b'      |             \x1b[01;31m\x1b[K^~~~~~~\x1b[m\x1b[K\n'}
[19.309630] (simple_robot) StderrLine: {'line': b'\x1b[01m\x1b[K/home/martina/rp_project/robot-programming-project/src/simple_robot/src/main.cpp:43:22:\x1b[m\x1b[K \x1b[01;36m\x1b[Knote: \x1b[m\x1b[K  crosses initialization of \xe2\x80\x98\x1b[01m\x1b[Kstd_msgs::msg::Int32_<std::allocator<void> > laser_msg\x1b[m\x1b[K\xe2\x80\x99\n'}
[19.309801] (-) TimerEvent: {}
[19.309947] (simple_robot) StderrLine: {'line': b'   43 |                 auto \x1b[01;36m\x1b[Klaser_msg\x1b[m\x1b[K = std_msgs::msg::Int32();\n'}
[19.310133] (simple_robot) StderrLine: {'line': b'      |                      \x1b[01;36m\x1b[K^~~~~~~~~\x1b[m\x1b[K\n'}
[19.310707] (simple_robot) StderrLine: {'line': b'gmake[2]: *** [src/CMakeFiles/grid_map.dir/build.make:132: src/CMakeFiles/grid_map.dir/main.cpp.o] Error 1\n'}
[19.311397] (simple_robot) StderrLine: {'line': b'gmake[1]: *** [CMakeFiles/Makefile2:180: src/CMakeFiles/grid_map.dir/all] Error 2\n'}
[19.311616] (simple_robot) StderrLine: {'line': b'gmake[1]: *** Waiting for unfinished jobs....\n'}
[19.389712] (simple_robot) StderrLine: {'line': b'\x1b[01m\x1b[K/home/martina/rp_project/robot-programming-project/src/simple_robot/src/main.cpp:\x1b[m\x1b[K In member function \xe2\x80\x98\x1b[01m\x1b[Kvoid KeyboardControlNode::key_callback(std_msgs::msg::Int32_<std::allocator<void> >::SharedPtr)\x1b[m\x1b[K\xe2\x80\x99:\n'}
[19.390358] (simple_robot) StderrLine: {'line': b'\x1b[01m\x1b[K/home/martina/rp_project/robot-programming-project/src/simple_robot/src/main.cpp:47:13:\x1b[m\x1b[K \x1b[01;31m\x1b[Kerror: \x1b[m\x1b[Kjump to case label\n'}
[19.390745] (simple_robot) StderrLine: {'line': b'   47 |             \x1b[01;31m\x1b[Kdefault\x1b[m\x1b[K:\n'}
[19.391143] (simple_robot) StderrLine: {'line': b'      |             \x1b[01;31m\x1b[K^~~~~~~\x1b[m\x1b[K\n'}
[19.391553] (simple_robot) StderrLine: {'line': b'\x1b[01m\x1b[K/home/martina/rp_project/robot-programming-project/src/simple_robot/src/main.cpp:43:22:\x1b[m\x1b[K \x1b[01;36m\x1b[Knote: \x1b[m\x1b[K  crosses initialization of \xe2\x80\x98\x1b[01m\x1b[Kstd_msgs::msg::Int32_<std::allocator<void> > laser_msg\x1b[m\x1b[K\xe2\x80\x99\n'}
[19.391978] (simple_robot) StderrLine: {'line': b'   43 |                 auto \x1b[01;36m\x1b[Klaser_msg\x1b[m\x1b[K = std_msgs::msg::Int32();\n'}
[19.392569] (simple_robot) StderrLine: {'line': b'      |                      \x1b[01;36m\x1b[K^~~~~~~~~\x1b[m\x1b[K\n'}
[19.393793] (simple_robot) StderrLine: {'line': b'gmake[2]: *** [CMakeFiles/robot_map_node.dir/build.make:132: CMakeFiles/robot_map_node.dir/src/main.cpp.o] Error 1\n'}
[19.394675] (simple_robot) StderrLine: {'line': b'gmake[1]: *** [CMakeFiles/Makefile2:154: CMakeFiles/robot_map_node.dir/all] Error 2\n'}
[19.397018] (simple_robot) StderrLine: {'line': b'gmake: *** [Makefile:146: all] Error 2\n'}
[19.408101] (simple_robot) CommandEnded: {'returncode': 2}
[19.410751] (-) TimerEvent: {}
[19.455252] (simple_robot) JobEnded: {'identifier': 'simple_robot', 'rc': 2}
[19.469274] (-) EventReactorShutdown: {}
