[0.000000] (-) TimerEvent: {}
[0.000985] (simple_robot) JobQueued: {'identifier': 'simple_robot', 'dependencies': OrderedDict()}
[0.002067] (simple_robot) JobStarted: {'identifier': 'simple_robot'}
[0.031753] (simple_robot) JobProgress: {'identifier': 'simple_robot', 'progress': 'cmake'}
[0.032185] (simple_robot) Command: {'cmd': ['/usr/bin/cmake', '/home/martina/rp_project/robot-programming-project/src/simple_robot', '-DCMAKE_INSTALL_PREFIX=/home/martina/rp_project/robot-programming-project/src/simple_robot/install/simple_robot'], 'cwd': '/home/martina/rp_project/robot-programming-project/src/simple_robot/build/simple_robot', 'env': OrderedDict([('GJS_DEBUG_TOPICS', 'JS ERROR;JS LOG'), ('LESSOPEN', '| /usr/bin/env /usr/bin/lesspipe %s 2>/dev/null'), ('CONDA_PROMPT_MODIFIER', '(base)'), ('LC_TIME', 'it_IT.UTF-8'), ('USER', 'martina'), ('XDG_SESSION_TYPE', 'wayland'), ('GIT_ASKPASS', '/usr/share/code/resources/app/extensions/git/dist/askpass.sh'), ('SHLVL', '2'), ('LD_LIBRARY_PATH', '/opt/ros/humble/opt/rviz_ogre_vendor/lib:/opt/ros/humble/lib/x86_64-linux-gnu:/opt/ros/humble/lib::/home/martina/.mujoco/mujoco210/bin:/usr/lib/nvidia:~/anaconda3/lib'), ('HOME', '/home/martina'), ('OLDPWD', '/home/martina/rp_project/robot-programming-project/src/simple_robot'), ('CHROME_DESKTOP', 'code.desktop'), ('TERMINFO', '/home/martina/.terminfo'), ('LESS', '-iRFXMx4'), ('CONDA_SHLVL', '1'), ('DESKTOP_SESSION', 'ubuntu'), ('TERM_PROGRAM_VERSION', '1.97.2'), ('GIO_LAUNCHED_DESKTOP_FILE', '/usr/share/applications/code.desktop'), ('LSCOLORS', 'ExGxDxDxCxDxDxFxFxexEx'), ('GTK_MODULES', 'gail:atk-bridge'), ('GNOME_SHELL_SESSION_MODE', 'ubuntu'), ('VSCODE_GIT_ASKPASS_MAIN', '/usr/share/code/resources/app/extensions/git/dist/askpass-main.js'), ('PAGER', 'less'), ('ROS_PYTHON_VERSION', '3'), ('LC_MONETARY', 'it_IT.UTF-8'), ('MANAGERPID', '887'), ('VSCODE_GIT_ASKPASS_NODE', '/usr/share/code/code'), ('SYSTEMD_EXEC_PID', '1152'), ('DBUS_SESSION_BUS_ADDRESS', 'unix:path=/run/user/1000/bus'), ('P9K_TTY', 'old'), ('GIO_LAUNCHED_DESKTOP_FILE_PID', '3260'), ('COLORTERM', 'truecolor'), ('_CE_M', ''), ('WAYLAND_DISPLAY', 'wayland-0'), ('INFOPATH', ''), ('ROS_DISTRO', 'humble'), ('COLCON_PREFIX_PATH', '/home/martina/rp_project/robot-programming-project/install'), ('LOGNAME', 'martina'), ('_', '/usr/bin/colcon'), ('JOURNAL_STREAM', '8:11413'), ('_P9K_SSH_TTY', '/dev/pts/2'), ('XDG_SESSION_CLASS', 'user'), ('USER_ZDOTDIR', '/home/martina'), ('ROS_VERSION', '2'), ('USERNAME', 'martina'), ('TERM', 'xterm-256color'), ('GNOME_DESKTOP_SESSION_ID', 'this-is-deprecated'), ('_CE_CONDA', ''), ('ROS_LOCALHOST_ONLY', '0'), ('PATH', '/opt/ros/humble/bin:/home/martina/.local/bin:/home/martina/.local/bin:/usr/lib/ccache:.:/home/martina/.mujoco/mujoco210/bin:/usr/lib/nvidia:/home/martina/anaconda3/condabin:/home/martina/bin:/home/martina/.local/bin:/usr/local/sbin:/usr/local/bin:/usr/sbin:/usr/bin:/sbin:/bin:/usr/games:/usr/local/games:/snap/bin:/home/martina/.cache/zsh4humans/v5/fzf/bin:/home/martina/other/install/bin'), ('SESSION_MANAGER', 'local/Martina-ThinkPad-X1-Yoga:@/tmp/.ICE-unix/1105,unix/Martina-ThinkPad-X1-Yoga:/tmp/.ICE-unix/1105'), ('INVOCATION_ID', 'abb78b4b018940349bd4da4c8fed9753'), ('LC_ADDRESS', 'it_IT.UTF-8'), ('XDG_RUNTIME_DIR', '/run/user/1000'), ('XDG_MENU_PREFIX', 'gnome-'), ('GNOME_SETUP_DISPLAY', ':1'), ('GDK_BACKEND', 'x11'), ('DISPLAY', ':0'), ('LANG', 'en_US.UTF-8'), ('LC_TELEPHONE', 'it_IT.UTF-8'), ('XDG_CURRENT_DESKTOP', 'Unity'), ('VSCODE_INJECTION', '1'), ('LD_PRELOAD', ':/usr/lib/x86_64-linux-gnu/libGLEW.so'), ('XDG_SESSION_DESKTOP', 'ubuntu'), ('XMODIFIERS', '@im=ibus'), ('XAUTHORITY', '/run/user/1000/.mutter-Xwaylandauth.L52E22'), ('TERM_PROGRAM', 'vscode'), ('VSCODE_GIT_IPC_HANDLE', '/run/user/1000/vscode-git-f640f2b3f6.sock'), ('LS_COLORS', 'fi=00:mi=00:mh=00:ln=01;36:or=01;31:di=01;34:ow=04;01;34:st=34:tw=04;34:pi=01;33:so=01;33:do=01;33:bd=01;33:cd=01;33:su=01;35:sg=01;35:ca=01;35:ex=01;32:no=38;5;248'), ('TREE_COLORS', 'fi=00:mi=00:mh=00:ln=01;36:or=01;31:di=01;34:ow=01;34:st=34:tw=34:pi=01;33:so=01;33:do=01;33:bd=01;33:cd=01;33:su=01;35:sg=01;35:ca=01;35:ex=01;32'), ('SSH_AGENT_LAUNCHER', 'gnome-keyring'), ('SSH_AUTH_SOCK', '/run/user/1000/keyring/ssh'), ('ORIGINAL_XDG_CURRENT_DESKTOP', 'ubuntu:GNOME'), ('CONDA_PYTHON_EXE', '/home/martina/anaconda3/bin/python'), ('AMENT_PREFIX_PATH', '/home/martina/rp_project/robot-programming-project/install/simple_robot:/opt/ros/humble'), ('LC_NAME', 'it_IT.UTF-8'), ('SHELL', '/usr/local/bin/zsh'), ('DEST', '/home/martina/other/install'), ('QT_ACCESSIBILITY', '1'), ('GDMSESSION', 'ubuntu'), ('CONDA_DEFAULT_ENV', 'base'), ('LC_MEASUREMENT', 'it_IT.UTF-8'), ('LC_IDENTIFICATION', 'it_IT.UTF-8'), ('GJS_DEBUG_OUTPUT', 'stderr'), ('P9K_SSH', '0'), ('QT_IM_MODULE', 'ibus'), ('VSCODE_GIT_ASKPASS_EXTRA_ARGS', ''), ('VSCODE_NONCE', '052e925b-acb5-444f-b870-f20c06506941'), ('LC_ALL', 'en_US.UTF-8'), ('PWD', '/home/martina/rp_project/robot-programming-project/src/simple_robot/build/simple_robot'), ('GPG_TTY', '/dev/pts/2'), ('XDG_DATA_DIRS', '/usr/local/share/:/usr/share/:/var/lib/snapd/desktop'), ('ZDOTDIR', '/home/martina'), ('_P9K_TTY', '/dev/pts/2'), ('CONDA_EXE', '/home/martina/anaconda3/bin/conda'), ('LC_NUMERIC', 'it_IT.UTF-8'), ('PYTHONPATH', '/opt/ros/humble/lib/python3.10/site-packages:/opt/ros/humble/local/lib/python3.10/dist-packages:/home/martina/other/install/lib/python3.10/site-packages/'), ('LC_PAPER', 'it_IT.UTF-8'), ('CONDA_PREFIX', '/home/martina/anaconda3'), ('COLCON', '1'), ('MANPATH', '/usr/local/share/man:/home/martina/.cache/zsh4humans/v5/fzf/man:'), ('CMAKE_PREFIX_PATH', '/home/martina/rp_project/robot-programming-project/install/simple_robot:/opt/ros/humble')]), 'shell': False}
[0.099648] (-) TimerEvent: {}
[0.200208] (-) TimerEvent: {}
[0.237092] (simple_robot) StdoutLine: {'line': b'-- The C compiler identification is GNU 11.4.0\n'}
[0.300328] (-) TimerEvent: {}
[0.402716] (-) TimerEvent: {}
[0.455124] (simple_robot) StdoutLine: {'line': b'-- The CXX compiler identification is GNU 11.4.0\n'}
[0.502845] (-) TimerEvent: {}
[0.506260] (simple_robot) StdoutLine: {'line': b'-- Detecting C compiler ABI info\n'}
[0.604632] (-) TimerEvent: {}
[0.703418] (simple_robot) StdoutLine: {'line': b'-- Detecting C compiler ABI info - done\n'}
[0.706079] (-) TimerEvent: {}
[0.728396] (simple_robot) StdoutLine: {'line': b'-- Check for working C compiler: /usr/lib/ccache/cc - skipped\n'}
[0.729568] (simple_robot) StdoutLine: {'line': b'-- Detecting C compile features\n'}
[0.729899] (simple_robot) StdoutLine: {'line': b'-- Detecting C compile features - done\n'}
[0.743929] (simple_robot) StdoutLine: {'line': b'-- Detecting CXX compiler ABI info\n'}
[0.806205] (-) TimerEvent: {}
[0.906762] (-) TimerEvent: {}
[0.924577] (simple_robot) StdoutLine: {'line': b'-- Detecting CXX compiler ABI info - done\n'}
[0.940876] (simple_robot) StdoutLine: {'line': b'-- Check for working CXX compiler: /usr/lib/ccache/c++ - skipped\n'}
[0.942119] (simple_robot) StdoutLine: {'line': b'-- Detecting CXX compile features\n'}
[0.942652] (simple_robot) StdoutLine: {'line': b'-- Detecting CXX compile features - done\n'}
[0.963794] (simple_robot) StdoutLine: {'line': b'-- Found OpenCV: /usr (found suitable version "4.5.4", minimum required is "4.5.4") \n'}
[0.966681] (simple_robot) StdoutLine: {'line': b'-- Found ament_cmake: 1.3.11 (/opt/ros/humble/share/ament_cmake/cmake)\n'}
[1.006873] (-) TimerEvent: {}
[1.107657] (-) TimerEvent: {}
[1.208472] (-) TimerEvent: {}
[1.310562] (-) TimerEvent: {}
[1.315056] (simple_robot) StdoutLine: {'line': b'-- Found Python3: /usr/bin/python3 (found version "3.10.12") found components: Interpreter \n'}
[1.410690] (-) TimerEvent: {}
[1.490478] (simple_robot) StdoutLine: {'line': b'-- Found rclcpp: 16.0.11 (/opt/ros/humble/share/rclcpp/cmake)\n'}
[1.510803] (-) TimerEvent: {}
[1.567069] (simple_robot) StdoutLine: {'line': b'-- Found rosidl_generator_c: 3.1.6 (/opt/ros/humble/share/rosidl_generator_c/cmake)\n'}
[1.576077] (simple_robot) StdoutLine: {'line': b'-- Found rosidl_adapter: 3.1.6 (/opt/ros/humble/share/rosidl_adapter/cmake)\n'}
[1.592334] (simple_robot) StdoutLine: {'line': b'-- Found rosidl_generator_cpp: 3.1.6 (/opt/ros/humble/share/rosidl_generator_cpp/cmake)\n'}
[1.610962] (-) TimerEvent: {}
[1.618898] (simple_robot) StdoutLine: {'line': b'-- Using all available rosidl_typesupport_c: rosidl_typesupport_fastrtps_c;rosidl_typesupport_introspection_c\n'}
[1.661263] (simple_robot) StdoutLine: {'line': b'-- Using all available rosidl_typesupport_cpp: rosidl_typesupport_fastrtps_cpp;rosidl_typesupport_introspection_cpp\n'}
[1.711095] (-) TimerEvent: {}
[1.775268] (simple_robot) StdoutLine: {'line': b'-- Found rmw_implementation_cmake: 6.1.2 (/opt/ros/humble/share/rmw_implementation_cmake/cmake)\n'}
[1.776231] (simple_robot) StdoutLine: {'line': b'-- Found rmw_fastrtps_cpp: 6.2.7 (/opt/ros/humble/share/rmw_fastrtps_cpp/cmake)\n'}
[1.811210] (-) TimerEvent: {}
[1.911599] (-) TimerEvent: {}
[2.012021] (-) TimerEvent: {}
[2.081590] (simple_robot) StdoutLine: {'line': b'-- Found OpenSSL: /usr/lib/x86_64-linux-gnu/libcrypto.so (found version "3.0.2")  \n'}
[2.112131] (-) TimerEvent: {}
[2.157436] (simple_robot) StdoutLine: {'line': b'-- Found FastRTPS: /opt/ros/humble/include  \n'}
[2.212288] (-) TimerEvent: {}
[2.261985] (simple_robot) StdoutLine: {'line': b"-- Using RMW implementation 'rmw_fastrtps_cpp' as default\n"}
[2.278677] (simple_robot) StdoutLine: {'line': b'-- Looking for pthread.h\n'}
[2.312631] (-) TimerEvent: {}
[2.413056] (-) TimerEvent: {}
[2.447440] (simple_robot) StdoutLine: {'line': b'-- Looking for pthread.h - found\n'}
[2.447795] (simple_robot) StdoutLine: {'line': b'-- Performing Test CMAKE_HAVE_LIBC_PTHREAD\n'}
[2.513277] (-) TimerEvent: {}
[2.601532] (simple_robot) StdoutLine: {'line': b'-- Performing Test CMAKE_HAVE_LIBC_PTHREAD - Success\n'}
[2.605035] (simple_robot) StdoutLine: {'line': b'-- Found Threads: TRUE  \n'}
[2.613395] (-) TimerEvent: {}
[2.713795] (-) TimerEvent: {}
[2.723785] (simple_robot) StdoutLine: {'line': b'-- Found geometry_msgs: 4.2.4 (/opt/ros/humble/share/geometry_msgs/cmake)\n'}
[2.752474] (simple_robot) StdoutLine: {'line': b'-- Found sensor_msgs: 4.2.4 (/opt/ros/humble/share/sensor_msgs/cmake)\n'}
[2.790082] (simple_robot) StdoutLine: {'line': b'-- Found nav_msgs: 4.2.4 (/opt/ros/humble/share/nav_msgs/cmake)\n'}
[2.813923] (-) TimerEvent: {}
[2.842750] (simple_robot) StdoutLine: {'line': b'-- Found OpenCV: /usr (found version "4.5.4") \n'}
[2.913992] (-) TimerEvent: {}
[2.989046] (simple_robot) StdoutLine: {'line': b'-- DATA_DIR: /home/martina/rp_project/robot-programming-project/src/simple_robot/data\n'}
[2.989876] (simple_robot) StdoutLine: {'line': b'-- Configuring done\n'}
[3.015377] (-) TimerEvent: {}
[3.045987] (simple_robot) StdoutLine: {'line': b'-- Generating done\n'}
[3.060750] (simple_robot) StdoutLine: {'line': b'-- Build files have been written to: /home/martina/rp_project/robot-programming-project/src/simple_robot/build/simple_robot\n'}
[3.087616] (simple_robot) CommandEnded: {'returncode': 0}
[3.092715] (simple_robot) JobProgress: {'identifier': 'simple_robot', 'progress': 'build'}
[3.092892] (simple_robot) Command: {'cmd': ['/usr/bin/cmake', '--build', '/home/martina/rp_project/robot-programming-project/src/simple_robot/build/simple_robot', '--', '-j4', '-l4'], 'cwd': '/home/martina/rp_project/robot-programming-project/src/simple_robot/build/simple_robot', 'env': OrderedDict([('GJS_DEBUG_TOPICS', 'JS ERROR;JS LOG'), ('LESSOPEN', '| /usr/bin/env /usr/bin/lesspipe %s 2>/dev/null'), ('CONDA_PROMPT_MODIFIER', '(base)'), ('LC_TIME', 'it_IT.UTF-8'), ('USER', 'martina'), ('XDG_SESSION_TYPE', 'wayland'), ('GIT_ASKPASS', '/usr/share/code/resources/app/extensions/git/dist/askpass.sh'), ('SHLVL', '2'), ('LD_LIBRARY_PATH', '/opt/ros/humble/opt/rviz_ogre_vendor/lib:/opt/ros/humble/lib/x86_64-linux-gnu:/opt/ros/humble/lib::/home/martina/.mujoco/mujoco210/bin:/usr/lib/nvidia:~/anaconda3/lib'), ('HOME', '/home/martina'), ('OLDPWD', '/home/martina/rp_project/robot-programming-project/src/simple_robot'), ('CHROME_DESKTOP', 'code.desktop'), ('TERMINFO', '/home/martina/.terminfo'), ('LESS', '-iRFXMx4'), ('CONDA_SHLVL', '1'), ('DESKTOP_SESSION', 'ubuntu'), ('TERM_PROGRAM_VERSION', '1.97.2'), ('GIO_LAUNCHED_DESKTOP_FILE', '/usr/share/applications/code.desktop'), ('LSCOLORS', 'ExGxDxDxCxDxDxFxFxexEx'), ('GTK_MODULES', 'gail:atk-bridge'), ('GNOME_SHELL_SESSION_MODE', 'ubuntu'), ('VSCODE_GIT_ASKPASS_MAIN', '/usr/share/code/resources/app/extensions/git/dist/askpass-main.js'), ('PAGER', 'less'), ('ROS_PYTHON_VERSION', '3'), ('LC_MONETARY', 'it_IT.UTF-8'), ('MANAGERPID', '887'), ('VSCODE_GIT_ASKPASS_NODE', '/usr/share/code/code'), ('SYSTEMD_EXEC_PID', '1152'), ('DBUS_SESSION_BUS_ADDRESS', 'unix:path=/run/user/1000/bus'), ('P9K_TTY', 'old'), ('GIO_LAUNCHED_DESKTOP_FILE_PID', '3260'), ('COLORTERM', 'truecolor'), ('_CE_M', ''), ('WAYLAND_DISPLAY', 'wayland-0'), ('INFOPATH', ''), ('ROS_DISTRO', 'humble'), ('COLCON_PREFIX_PATH', '/home/martina/rp_project/robot-programming-project/install'), ('LOGNAME', 'martina'), ('_', '/usr/bin/colcon'), ('JOURNAL_STREAM', '8:11413'), ('_P9K_SSH_TTY', '/dev/pts/2'), ('XDG_SESSION_CLASS', 'user'), ('USER_ZDOTDIR', '/home/martina'), ('ROS_VERSION', '2'), ('USERNAME', 'martina'), ('TERM', 'xterm-256color'), ('GNOME_DESKTOP_SESSION_ID', 'this-is-deprecated'), ('_CE_CONDA', ''), ('ROS_LOCALHOST_ONLY', '0'), ('PATH', '/opt/ros/humble/bin:/home/martina/.local/bin:/home/martina/.local/bin:/usr/lib/ccache:.:/home/martina/.mujoco/mujoco210/bin:/usr/lib/nvidia:/home/martina/anaconda3/condabin:/home/martina/bin:/home/martina/.local/bin:/usr/local/sbin:/usr/local/bin:/usr/sbin:/usr/bin:/sbin:/bin:/usr/games:/usr/local/games:/snap/bin:/home/martina/.cache/zsh4humans/v5/fzf/bin:/home/martina/other/install/bin'), ('SESSION_MANAGER', 'local/Martina-ThinkPad-X1-Yoga:@/tmp/.ICE-unix/1105,unix/Martina-ThinkPad-X1-Yoga:/tmp/.ICE-unix/1105'), ('INVOCATION_ID', 'abb78b4b018940349bd4da4c8fed9753'), ('LC_ADDRESS', 'it_IT.UTF-8'), ('XDG_RUNTIME_DIR', '/run/user/1000'), ('XDG_MENU_PREFIX', 'gnome-'), ('GNOME_SETUP_DISPLAY', ':1'), ('GDK_BACKEND', 'x11'), ('DISPLAY', ':0'), ('LANG', 'en_US.UTF-8'), ('LC_TELEPHONE', 'it_IT.UTF-8'), ('XDG_CURRENT_DESKTOP', 'Unity'), ('VSCODE_INJECTION', '1'), ('LD_PRELOAD', ':/usr/lib/x86_64-linux-gnu/libGLEW.so'), ('XDG_SESSION_DESKTOP', 'ubuntu'), ('XMODIFIERS', '@im=ibus'), ('XAUTHORITY', '/run/user/1000/.mutter-Xwaylandauth.L52E22'), ('TERM_PROGRAM', 'vscode'), ('VSCODE_GIT_IPC_HANDLE', '/run/user/1000/vscode-git-f640f2b3f6.sock'), ('LS_COLORS', 'fi=00:mi=00:mh=00:ln=01;36:or=01;31:di=01;34:ow=04;01;34:st=34:tw=04;34:pi=01;33:so=01;33:do=01;33:bd=01;33:cd=01;33:su=01;35:sg=01;35:ca=01;35:ex=01;32:no=38;5;248'), ('TREE_COLORS', 'fi=00:mi=00:mh=00:ln=01;36:or=01;31:di=01;34:ow=01;34:st=34:tw=34:pi=01;33:so=01;33:do=01;33:bd=01;33:cd=01;33:su=01;35:sg=01;35:ca=01;35:ex=01;32'), ('SSH_AGENT_LAUNCHER', 'gnome-keyring'), ('SSH_AUTH_SOCK', '/run/user/1000/keyring/ssh'), ('ORIGINAL_XDG_CURRENT_DESKTOP', 'ubuntu:GNOME'), ('CONDA_PYTHON_EXE', '/home/martina/anaconda3/bin/python'), ('AMENT_PREFIX_PATH', '/home/martina/rp_project/robot-programming-project/install/simple_robot:/opt/ros/humble'), ('LC_NAME', 'it_IT.UTF-8'), ('SHELL', '/usr/local/bin/zsh'), ('DEST', '/home/martina/other/install'), ('QT_ACCESSIBILITY', '1'), ('GDMSESSION', 'ubuntu'), ('CONDA_DEFAULT_ENV', 'base'), ('LC_MEASUREMENT', 'it_IT.UTF-8'), ('LC_IDENTIFICATION', 'it_IT.UTF-8'), ('GJS_DEBUG_OUTPUT', 'stderr'), ('P9K_SSH', '0'), ('QT_IM_MODULE', 'ibus'), ('VSCODE_GIT_ASKPASS_EXTRA_ARGS', ''), ('VSCODE_NONCE', '052e925b-acb5-444f-b870-f20c06506941'), ('LC_ALL', 'en_US.UTF-8'), ('PWD', '/home/martina/rp_project/robot-programming-project/src/simple_robot/build/simple_robot'), ('GPG_TTY', '/dev/pts/2'), ('XDG_DATA_DIRS', '/usr/local/share/:/usr/share/:/var/lib/snapd/desktop'), ('ZDOTDIR', '/home/martina'), ('_P9K_TTY', '/dev/pts/2'), ('CONDA_EXE', '/home/martina/anaconda3/bin/conda'), ('LC_NUMERIC', 'it_IT.UTF-8'), ('PYTHONPATH', '/opt/ros/humble/lib/python3.10/site-packages:/opt/ros/humble/local/lib/python3.10/dist-packages:/home/martina/other/install/lib/python3.10/site-packages/'), ('LC_PAPER', 'it_IT.UTF-8'), ('CONDA_PREFIX', '/home/martina/anaconda3'), ('COLCON', '1'), ('MANPATH', '/usr/local/share/man:/home/martina/.cache/zsh4humans/v5/fzf/man:'), ('CMAKE_PREFIX_PATH', '/home/martina/rp_project/robot-programming-project/install/simple_robot:/opt/ros/humble')]), 'shell': False}
[3.115503] (-) TimerEvent: {}
[3.215990] (-) TimerEvent: {}
[3.225799] (simple_robot) StdoutLine: {'line': b'\x1b[35m\x1b[1mConsolidate compiler generated dependencies of target robot_map_node\x1b[0m\n'}
[3.229883] (simple_robot) StdoutLine: {'line': b'\x1b[35m\x1b[1mConsolidate compiler generated dependencies of target grid_map\x1b[0m\n'}
[3.316101] (-) TimerEvent: {}
[3.324981] (simple_robot) StdoutLine: {'line': b'[  8%] \x1b[32mBuilding CXX object src/CMakeFiles/grid_map.dir/main.cpp.o\x1b[0m\n'}
[3.336678] (simple_robot) StdoutLine: {'line': b'[ 16%] \x1b[32mBuilding CXX object CMakeFiles/robot_map_node.dir/src/main.cpp.o\x1b[0m\n'}
[3.417734] (-) TimerEvent: {}
[3.519377] (-) TimerEvent: {}
[3.620133] (-) TimerEvent: {}
[3.723576] (-) TimerEvent: {}
[3.824153] (-) TimerEvent: {}
[3.924928] (-) TimerEvent: {}
[4.028980] (-) TimerEvent: {}
[4.129400] (-) TimerEvent: {}
[4.229879] (-) TimerEvent: {}
[4.332725] (-) TimerEvent: {}
[4.433199] (-) TimerEvent: {}
[4.533769] (-) TimerEvent: {}
[4.634222] (-) TimerEvent: {}
[4.734692] (-) TimerEvent: {}
[4.835239] (-) TimerEvent: {}
[4.935801] (-) TimerEvent: {}
[5.037196] (-) TimerEvent: {}
[5.139329] (-) TimerEvent: {}
[5.239794] (-) TimerEvent: {}
[5.343138] (-) TimerEvent: {}
[5.443730] (-) TimerEvent: {}
[5.544128] (-) TimerEvent: {}
[5.644545] (-) TimerEvent: {}
[5.744979] (-) TimerEvent: {}
[5.845492] (-) TimerEvent: {}
[5.947070] (-) TimerEvent: {}
[6.048566] (-) TimerEvent: {}
[6.150258] (-) TimerEvent: {}
[6.250713] (-) TimerEvent: {}
[6.351526] (-) TimerEvent: {}
[6.452204] (-) TimerEvent: {}
[6.552646] (-) TimerEvent: {}
[6.653103] (-) TimerEvent: {}
[6.753548] (-) TimerEvent: {}
[6.853954] (-) TimerEvent: {}
[6.954368] (-) TimerEvent: {}
[7.054757] (-) TimerEvent: {}
[7.155173] (-) TimerEvent: {}
[7.255727] (-) TimerEvent: {}
[7.356115] (-) TimerEvent: {}
[7.456587] (-) TimerEvent: {}
[7.556988] (-) TimerEvent: {}
[7.657786] (-) TimerEvent: {}
[7.758195] (-) TimerEvent: {}
[7.858570] (-) TimerEvent: {}
[7.958953] (-) TimerEvent: {}
[8.059328] (-) TimerEvent: {}
[8.159703] (-) TimerEvent: {}
[8.260112] (-) TimerEvent: {}
[8.360791] (-) TimerEvent: {}
[8.461436] (-) TimerEvent: {}
[8.561808] (-) TimerEvent: {}
[8.662409] (-) TimerEvent: {}
[8.762819] (-) TimerEvent: {}
[8.863254] (-) TimerEvent: {}
[8.963670] (-) TimerEvent: {}
[9.064297] (-) TimerEvent: {}
[9.164690] (-) TimerEvent: {}
[9.265080] (-) TimerEvent: {}
[9.365465] (-) TimerEvent: {}
[9.465824] (-) TimerEvent: {}
[9.566216] (-) TimerEvent: {}
[9.666585] (-) TimerEvent: {}
[9.766977] (-) TimerEvent: {}
[9.867355] (-) TimerEvent: {}
[9.967739] (-) TimerEvent: {}
[10.068390] (-) TimerEvent: {}
[10.168774] (-) TimerEvent: {}
[10.269231] (-) TimerEvent: {}
[10.370983] (-) TimerEvent: {}
[10.471404] (-) TimerEvent: {}
[10.571777] (-) TimerEvent: {}
[10.672689] (-) TimerEvent: {}
[10.773068] (-) TimerEvent: {}
[10.873456] (-) TimerEvent: {}
[10.973857] (-) TimerEvent: {}
[11.074262] (-) TimerEvent: {}
[11.174643] (-) TimerEvent: {}
[11.274981] (-) TimerEvent: {}
[11.375416] (-) TimerEvent: {}
[11.475799] (-) TimerEvent: {}
[11.576228] (-) TimerEvent: {}
[11.676612] (-) TimerEvent: {}
[11.776983] (-) TimerEvent: {}
[11.877365] (-) TimerEvent: {}
[11.977761] (-) TimerEvent: {}
[12.078168] (-) TimerEvent: {}
[12.178549] (-) TimerEvent: {}
[12.279040] (-) TimerEvent: {}
[12.379819] (-) TimerEvent: {}
[12.480508] (-) TimerEvent: {}
[12.581370] (-) TimerEvent: {}
[12.681816] (-) TimerEvent: {}
[12.782492] (-) TimerEvent: {}
[12.882877] (-) TimerEvent: {}
[12.983294] (-) TimerEvent: {}
[13.083738] (-) TimerEvent: {}
[13.184367] (-) TimerEvent: {}
[13.284734] (-) TimerEvent: {}
[13.385119] (-) TimerEvent: {}
[13.485504] (-) TimerEvent: {}
[13.585886] (-) TimerEvent: {}
[13.686255] (-) TimerEvent: {}
[13.786635] (-) TimerEvent: {}
[13.886992] (-) TimerEvent: {}
[13.987363] (-) TimerEvent: {}
[14.087748] (-) TimerEvent: {}
[14.188169] (-) TimerEvent: {}
[14.288570] (-) TimerEvent: {}
[14.388969] (-) TimerEvent: {}
[14.489342] (-) TimerEvent: {}
[14.589738] (-) TimerEvent: {}
[14.692979] (-) TimerEvent: {}
[14.793357] (-) TimerEvent: {}
[14.894157] (-) TimerEvent: {}
[14.994544] (-) TimerEvent: {}
[15.095116] (-) TimerEvent: {}
[15.195492] (-) TimerEvent: {}
[15.295871] (-) TimerEvent: {}
[15.396287] (-) TimerEvent: {}
[15.496666] (-) TimerEvent: {}
[15.597085] (-) TimerEvent: {}
[15.697468] (-) TimerEvent: {}
[15.797852] (-) TimerEvent: {}
[15.898265] (-) TimerEvent: {}
[15.998875] (-) TimerEvent: {}
[16.099279] (-) TimerEvent: {}
[16.199673] (-) TimerEvent: {}
[16.300070] (-) TimerEvent: {}
[16.400455] (-) TimerEvent: {}
[16.500857] (-) TimerEvent: {}
[16.601256] (-) TimerEvent: {}
[16.702186] (-) TimerEvent: {}
[16.802966] (-) TimerEvent: {}
[16.903353] (-) TimerEvent: {}
[17.003742] (-) TimerEvent: {}
[17.104155] (-) TimerEvent: {}
[17.204641] (-) TimerEvent: {}
[17.305221] (-) TimerEvent: {}
[17.405622] (-) TimerEvent: {}
[17.506085] (-) TimerEvent: {}
[17.606501] (-) TimerEvent: {}
[17.706990] (-) TimerEvent: {}
[17.807378] (-) TimerEvent: {}
[17.909983] (-) TimerEvent: {}
[18.010386] (-) TimerEvent: {}
[18.110819] (-) TimerEvent: {}
[18.211461] (-) TimerEvent: {}
[18.315289] (-) TimerEvent: {}
[18.416151] (-) TimerEvent: {}
[18.516645] (-) TimerEvent: {}
[18.617175] (-) TimerEvent: {}
[18.717659] (-) TimerEvent: {}
[18.818071] (-) TimerEvent: {}
[18.919091] (-) TimerEvent: {}
[19.019800] (-) TimerEvent: {}
[19.120232] (-) TimerEvent: {}
[19.220747] (-) TimerEvent: {}
[19.321186] (-) TimerEvent: {}
[19.421558] (-) TimerEvent: {}
[19.521984] (-) TimerEvent: {}
[19.623059] (-) TimerEvent: {}
[19.723643] (-) TimerEvent: {}
[19.823983] (-) TimerEvent: {}
[19.924346] (-) TimerEvent: {}
[20.024703] (-) TimerEvent: {}
[20.125104] (-) TimerEvent: {}
[20.225527] (-) TimerEvent: {}
[20.325994] (-) TimerEvent: {}
[20.426901] (-) TimerEvent: {}
[20.527328] (-) TimerEvent: {}
[20.627710] (-) TimerEvent: {}
[20.728329] (-) TimerEvent: {}
[20.829418] (-) TimerEvent: {}
[20.929869] (-) TimerEvent: {}
[21.030270] (-) TimerEvent: {}
[21.130719] (-) TimerEvent: {}
[21.232209] (-) TimerEvent: {}
[21.332630] (-) TimerEvent: {}
[21.432997] (-) TimerEvent: {}
[21.533429] (-) TimerEvent: {}
[21.634146] (-) TimerEvent: {}
[21.734638] (-) TimerEvent: {}
[21.835248] (-) TimerEvent: {}
[21.936528] (-) TimerEvent: {}
[22.036885] (-) TimerEvent: {}
[22.137700] (-) TimerEvent: {}
[22.238118] (-) TimerEvent: {}
[22.338752] (-) TimerEvent: {}
[22.439396] (-) TimerEvent: {}
[22.539769] (-) TimerEvent: {}
[22.640179] (-) TimerEvent: {}
[22.740580] (-) TimerEvent: {}
[22.841165] (-) TimerEvent: {}
[22.941503] (-) TimerEvent: {}
[23.042095] (-) TimerEvent: {}
[23.142437] (-) TimerEvent: {}
[23.243088] (-) TimerEvent: {}
[23.343444] (-) TimerEvent: {}
[23.443808] (-) TimerEvent: {}
[23.544203] (-) TimerEvent: {}
[23.644566] (-) TimerEvent: {}
[23.744978] (-) TimerEvent: {}
[23.845368] (-) TimerEvent: {}
[23.945754] (-) TimerEvent: {}
[24.046169] (-) TimerEvent: {}
[24.146551] (-) TimerEvent: {}
[24.246956] (-) TimerEvent: {}
[24.347348] (-) TimerEvent: {}
[24.447743] (-) TimerEvent: {}
[24.548147] (-) TimerEvent: {}
[24.648547] (-) TimerEvent: {}
[24.749397] (-) TimerEvent: {}
[24.850812] (-) TimerEvent: {}
[24.951421] (-) TimerEvent: {}
[25.051767] (-) TimerEvent: {}
[25.152135] (-) TimerEvent: {}
[25.252479] (-) TimerEvent: {}
[25.352824] (-) TimerEvent: {}
[25.453180] (-) TimerEvent: {}
[25.553521] (-) TimerEvent: {}
[25.653915] (-) TimerEvent: {}
[25.754262] (-) TimerEvent: {}
[25.854618] (-) TimerEvent: {}
[25.954969] (-) TimerEvent: {}
[26.055302] (-) TimerEvent: {}
[26.155751] (-) TimerEvent: {}
[26.256102] (-) TimerEvent: {}
[26.356465] (-) TimerEvent: {}
[26.456810] (-) TimerEvent: {}
[26.557170] (-) TimerEvent: {}
[26.657513] (-) TimerEvent: {}
[26.757848] (-) TimerEvent: {}
[26.858226] (-) TimerEvent: {}
[26.958643] (-) TimerEvent: {}
[27.058974] (-) TimerEvent: {}
[27.159313] (-) TimerEvent: {}
[27.259660] (-) TimerEvent: {}
[27.360218] (-) TimerEvent: {}
[27.460566] (-) TimerEvent: {}
[27.560935] (-) TimerEvent: {}
[27.661283] (-) TimerEvent: {}
[27.761634] (-) TimerEvent: {}
[27.861983] (-) TimerEvent: {}
[27.962543] (-) TimerEvent: {}
[28.062894] (-) TimerEvent: {}
[28.163298] (-) TimerEvent: {}
[28.263643] (-) TimerEvent: {}
[28.363995] (-) TimerEvent: {}
[28.464371] (-) TimerEvent: {}
[28.564725] (-) TimerEvent: {}
[28.665202] (-) TimerEvent: {}
[28.765595] (-) TimerEvent: {}
[28.866474] (-) TimerEvent: {}
[28.967131] (-) TimerEvent: {}
[29.067788] (-) TimerEvent: {}
[29.168194] (-) TimerEvent: {}
[29.268583] (-) TimerEvent: {}
[29.369016] (-) TimerEvent: {}
[29.469404] (-) TimerEvent: {}
[29.569975] (-) TimerEvent: {}
[29.671259] (-) TimerEvent: {}
[29.771633] (-) TimerEvent: {}
[29.871972] (-) TimerEvent: {}
[29.972308] (-) TimerEvent: {}
[30.075022] (-) TimerEvent: {}
[30.175415] (-) TimerEvent: {}
[30.276300] (-) TimerEvent: {}
[30.378304] (-) TimerEvent: {}
[30.478978] (-) TimerEvent: {}
[30.579561] (-) TimerEvent: {}
[30.679978] (-) TimerEvent: {}
[30.780847] (-) TimerEvent: {}
[30.881526] (-) TimerEvent: {}
[30.982100] (-) TimerEvent: {}
[31.082566] (-) TimerEvent: {}
[31.183106] (-) TimerEvent: {}
[31.283584] (-) TimerEvent: {}
[31.374000] (simple_robot) StdoutLine: {'line': b'[ 25%] \x1b[32m\x1b[1mLinking CXX shared library libgrid_map.so\x1b[0m\n'}
[31.383696] (-) TimerEvent: {}
[31.484083] (-) TimerEvent: {}
[31.584579] (-) TimerEvent: {}
[31.685023] (-) TimerEvent: {}
[31.788650] (-) TimerEvent: {}
[31.799175] (simple_robot) StdoutLine: {'line': b'[ 33%] \x1b[32m\x1b[1mLinking CXX executable robot_map_node\x1b[0m\n'}
[31.888848] (-) TimerEvent: {}
[31.992460] (-) TimerEvent: {}
[32.093816] (-) TimerEvent: {}
[32.196424] (-) TimerEvent: {}
[32.296991] (-) TimerEvent: {}
[32.400033] (-) TimerEvent: {}
[32.500741] (-) TimerEvent: {}
[32.601452] (-) TimerEvent: {}
[32.704023] (-) TimerEvent: {}
[32.804963] (-) TimerEvent: {}
[32.906851] (-) TimerEvent: {}
[33.010267] (-) TimerEvent: {}
[33.113547] (-) TimerEvent: {}
[33.215152] (-) TimerEvent: {}
[33.316432] (-) TimerEvent: {}
[33.417763] (-) TimerEvent: {}
[33.521271] (-) TimerEvent: {}
[33.623211] (-) TimerEvent: {}
[33.723678] (-) TimerEvent: {}
[33.825000] (-) TimerEvent: {}
[33.925504] (-) TimerEvent: {}
[34.028141] (-) TimerEvent: {}
[34.130970] (-) TimerEvent: {}
[34.231327] (-) TimerEvent: {}
[34.303277] (simple_robot) StdoutLine: {'line': b'[ 66%] Built target grid_map\n'}
[34.331474] (-) TimerEvent: {}
[34.431814] (-) TimerEvent: {}
[34.532193] (-) TimerEvent: {}
[34.632600] (-) TimerEvent: {}
[34.733072] (-) TimerEvent: {}
[34.834416] (-) TimerEvent: {}
[34.936015] (-) TimerEvent: {}
[35.036558] (-) TimerEvent: {}
[35.137004] (-) TimerEvent: {}
[35.237567] (-) TimerEvent: {}
[35.260062] (simple_robot) StdoutLine: {'line': b'[100%] Built target robot_map_node\n'}
[35.295632] (simple_robot) CommandEnded: {'returncode': 0}
[35.300064] (simple_robot) JobProgress: {'identifier': 'simple_robot', 'progress': 'install'}
[35.325581] (simple_robot) Command: {'cmd': ['/usr/bin/cmake', '--install', '/home/martina/rp_project/robot-programming-project/src/simple_robot/build/simple_robot'], 'cwd': '/home/martina/rp_project/robot-programming-project/src/simple_robot/build/simple_robot', 'env': OrderedDict([('GJS_DEBUG_TOPICS', 'JS ERROR;JS LOG'), ('LESSOPEN', '| /usr/bin/env /usr/bin/lesspipe %s 2>/dev/null'), ('CONDA_PROMPT_MODIFIER', '(base)'), ('LC_TIME', 'it_IT.UTF-8'), ('USER', 'martina'), ('XDG_SESSION_TYPE', 'wayland'), ('GIT_ASKPASS', '/usr/share/code/resources/app/extensions/git/dist/askpass.sh'), ('SHLVL', '2'), ('LD_LIBRARY_PATH', '/opt/ros/humble/opt/rviz_ogre_vendor/lib:/opt/ros/humble/lib/x86_64-linux-gnu:/opt/ros/humble/lib::/home/martina/.mujoco/mujoco210/bin:/usr/lib/nvidia:~/anaconda3/lib'), ('HOME', '/home/martina'), ('OLDPWD', '/home/martina/rp_project/robot-programming-project/src/simple_robot'), ('CHROME_DESKTOP', 'code.desktop'), ('TERMINFO', '/home/martina/.terminfo'), ('LESS', '-iRFXMx4'), ('CONDA_SHLVL', '1'), ('DESKTOP_SESSION', 'ubuntu'), ('TERM_PROGRAM_VERSION', '1.97.2'), ('GIO_LAUNCHED_DESKTOP_FILE', '/usr/share/applications/code.desktop'), ('LSCOLORS', 'ExGxDxDxCxDxDxFxFxexEx'), ('GTK_MODULES', 'gail:atk-bridge'), ('GNOME_SHELL_SESSION_MODE', 'ubuntu'), ('VSCODE_GIT_ASKPASS_MAIN', '/usr/share/code/resources/app/extensions/git/dist/askpass-main.js'), ('PAGER', 'less'), ('ROS_PYTHON_VERSION', '3'), ('LC_MONETARY', 'it_IT.UTF-8'), ('MANAGERPID', '887'), ('VSCODE_GIT_ASKPASS_NODE', '/usr/share/code/code'), ('SYSTEMD_EXEC_PID', '1152'), ('DBUS_SESSION_BUS_ADDRESS', 'unix:path=/run/user/1000/bus'), ('P9K_TTY', 'old'), ('GIO_LAUNCHED_DESKTOP_FILE_PID', '3260'), ('COLORTERM', 'truecolor'), ('_CE_M', ''), ('WAYLAND_DISPLAY', 'wayland-0'), ('INFOPATH', ''), ('ROS_DISTRO', 'humble'), ('COLCON_PREFIX_PATH', '/home/martina/rp_project/robot-programming-project/install'), ('LOGNAME', 'martina'), ('_', '/usr/bin/colcon'), ('JOURNAL_STREAM', '8:11413'), ('_P9K_SSH_TTY', '/dev/pts/2'), ('XDG_SESSION_CLASS', 'user'), ('USER_ZDOTDIR', '/home/martina'), ('ROS_VERSION', '2'), ('USERNAME', 'martina'), ('TERM', 'xterm-256color'), ('GNOME_DESKTOP_SESSION_ID', 'this-is-deprecated'), ('_CE_CONDA', ''), ('ROS_LOCALHOST_ONLY', '0'), ('PATH', '/opt/ros/humble/bin:/home/martina/.local/bin:/home/martina/.local/bin:/usr/lib/ccache:.:/home/martina/.mujoco/mujoco210/bin:/usr/lib/nvidia:/home/martina/anaconda3/condabin:/home/martina/bin:/home/martina/.local/bin:/usr/local/sbin:/usr/local/bin:/usr/sbin:/usr/bin:/sbin:/bin:/usr/games:/usr/local/games:/snap/bin:/home/martina/.cache/zsh4humans/v5/fzf/bin:/home/martina/other/install/bin'), ('SESSION_MANAGER', 'local/Martina-ThinkPad-X1-Yoga:@/tmp/.ICE-unix/1105,unix/Martina-ThinkPad-X1-Yoga:/tmp/.ICE-unix/1105'), ('INVOCATION_ID', 'abb78b4b018940349bd4da4c8fed9753'), ('LC_ADDRESS', 'it_IT.UTF-8'), ('XDG_RUNTIME_DIR', '/run/user/1000'), ('XDG_MENU_PREFIX', 'gnome-'), ('GNOME_SETUP_DISPLAY', ':1'), ('GDK_BACKEND', 'x11'), ('DISPLAY', ':0'), ('LANG', 'en_US.UTF-8'), ('LC_TELEPHONE', 'it_IT.UTF-8'), ('XDG_CURRENT_DESKTOP', 'Unity'), ('VSCODE_INJECTION', '1'), ('LD_PRELOAD', ':/usr/lib/x86_64-linux-gnu/libGLEW.so'), ('XDG_SESSION_DESKTOP', 'ubuntu'), ('XMODIFIERS', '@im=ibus'), ('XAUTHORITY', '/run/user/1000/.mutter-Xwaylandauth.L52E22'), ('TERM_PROGRAM', 'vscode'), ('VSCODE_GIT_IPC_HANDLE', '/run/user/1000/vscode-git-f640f2b3f6.sock'), ('LS_COLORS', 'fi=00:mi=00:mh=00:ln=01;36:or=01;31:di=01;34:ow=04;01;34:st=34:tw=04;34:pi=01;33:so=01;33:do=01;33:bd=01;33:cd=01;33:su=01;35:sg=01;35:ca=01;35:ex=01;32:no=38;5;248'), ('TREE_COLORS', 'fi=00:mi=00:mh=00:ln=01;36:or=01;31:di=01;34:ow=01;34:st=34:tw=34:pi=01;33:so=01;33:do=01;33:bd=01;33:cd=01;33:su=01;35:sg=01;35:ca=01;35:ex=01;32'), ('SSH_AGENT_LAUNCHER', 'gnome-keyring'), ('SSH_AUTH_SOCK', '/run/user/1000/keyring/ssh'), ('ORIGINAL_XDG_CURRENT_DESKTOP', 'ubuntu:GNOME'), ('CONDA_PYTHON_EXE', '/home/martina/anaconda3/bin/python'), ('AMENT_PREFIX_PATH', '/home/martina/rp_project/robot-programming-project/install/simple_robot:/opt/ros/humble'), ('LC_NAME', 'it_IT.UTF-8'), ('SHELL', '/usr/local/bin/zsh'), ('DEST', '/home/martina/other/install'), ('QT_ACCESSIBILITY', '1'), ('GDMSESSION', 'ubuntu'), ('CONDA_DEFAULT_ENV', 'base'), ('LC_MEASUREMENT', 'it_IT.UTF-8'), ('LC_IDENTIFICATION', 'it_IT.UTF-8'), ('GJS_DEBUG_OUTPUT', 'stderr'), ('P9K_SSH', '0'), ('QT_IM_MODULE', 'ibus'), ('VSCODE_GIT_ASKPASS_EXTRA_ARGS', ''), ('VSCODE_NONCE', '052e925b-acb5-444f-b870-f20c06506941'), ('LC_ALL', 'en_US.UTF-8'), ('PWD', '/home/martina/rp_project/robot-programming-project/src/simple_robot/build/simple_robot'), ('GPG_TTY', '/dev/pts/2'), ('XDG_DATA_DIRS', '/usr/local/share/:/usr/share/:/var/lib/snapd/desktop'), ('ZDOTDIR', '/home/martina'), ('_P9K_TTY', '/dev/pts/2'), ('CONDA_EXE', '/home/martina/anaconda3/bin/conda'), ('LC_NUMERIC', 'it_IT.UTF-8'), ('PYTHONPATH', '/opt/ros/humble/lib/python3.10/site-packages:/opt/ros/humble/local/lib/python3.10/dist-packages:/home/martina/other/install/lib/python3.10/site-packages/'), ('LC_PAPER', 'it_IT.UTF-8'), ('CONDA_PREFIX', '/home/martina/anaconda3'), ('COLCON', '1'), ('MANPATH', '/usr/local/share/man:/home/martina/.cache/zsh4humans/v5/fzf/man:'), ('CMAKE_PREFIX_PATH', '/home/martina/rp_project/robot-programming-project/install/simple_robot:/opt/ros/humble')]), 'shell': False}
[35.337700] (-) TimerEvent: {}
[35.352503] (simple_robot) StdoutLine: {'line': b'-- Install configuration: ""\n'}
[35.353250] (simple_robot) StdoutLine: {'line': b'-- Installing: /home/martina/rp_project/robot-programming-project/src/simple_robot/install/simple_robot/lib/simple_robot/robot_map_node\n'}
[35.375615] (simple_robot) StdoutLine: {'line': b'-- Set runtime path of "/home/martina/rp_project/robot-programming-project/src/simple_robot/install/simple_robot/lib/simple_robot/robot_map_node" to ""\n'}
[35.377790] (simple_robot) StdoutLine: {'line': b'-- Up-to-date: /home/martina/rp_project/robot-programming-project/src/simple_robot/install/simple_robot/share/ament_index/resource_index/package_run_dependencies/simple_robot\n'}
[35.378837] (simple_robot) StdoutLine: {'line': b'-- Up-to-date: /home/martina/rp_project/robot-programming-project/src/simple_robot/install/simple_robot/share/ament_index/resource_index/parent_prefix_path/simple_robot\n'}
[35.379176] (simple_robot) StdoutLine: {'line': b'-- Up-to-date: /home/martina/rp_project/robot-programming-project/src/simple_robot/install/simple_robot/share/simple_robot/environment/ament_prefix_path.sh\n'}
[35.379529] (simple_robot) StdoutLine: {'line': b'-- Installing: /home/martina/rp_project/robot-programming-project/src/simple_robot/install/simple_robot/share/simple_robot/environment/ament_prefix_path.dsv\n'}
[35.379798] (simple_robot) StdoutLine: {'line': b'-- Up-to-date: /home/martina/rp_project/robot-programming-project/src/simple_robot/install/simple_robot/share/simple_robot/environment/path.sh\n'}
[35.380072] (simple_robot) StdoutLine: {'line': b'-- Installing: /home/martina/rp_project/robot-programming-project/src/simple_robot/install/simple_robot/share/simple_robot/environment/path.dsv\n'}
[35.380359] (simple_robot) StdoutLine: {'line': b'-- Up-to-date: /home/martina/rp_project/robot-programming-project/src/simple_robot/install/simple_robot/share/simple_robot/local_setup.bash\n'}
[35.380689] (simple_robot) StdoutLine: {'line': b'-- Up-to-date: /home/martina/rp_project/robot-programming-project/src/simple_robot/install/simple_robot/share/simple_robot/local_setup.sh\n'}
[35.380979] (simple_robot) StdoutLine: {'line': b'-- Up-to-date: /home/martina/rp_project/robot-programming-project/src/simple_robot/install/simple_robot/share/simple_robot/local_setup.zsh\n'}
[35.381264] (simple_robot) StdoutLine: {'line': b'-- Installing: /home/martina/rp_project/robot-programming-project/src/simple_robot/install/simple_robot/share/simple_robot/local_setup.dsv\n'}
[35.381525] (simple_robot) StdoutLine: {'line': b'-- Installing: /home/martina/rp_project/robot-programming-project/src/simple_robot/install/simple_robot/share/simple_robot/package.dsv\n'}
[35.382022] (simple_robot) StdoutLine: {'line': b'-- Up-to-date: /home/martina/rp_project/robot-programming-project/src/simple_robot/install/simple_robot/share/ament_index/resource_index/packages/simple_robot\n'}
[35.382246] (simple_robot) StdoutLine: {'line': b'-- Up-to-date: /home/martina/rp_project/robot-programming-project/src/simple_robot/install/simple_robot/share/simple_robot/cmake/simple_robotConfig.cmake\n'}
[35.382439] (simple_robot) StdoutLine: {'line': b'-- Up-to-date: /home/martina/rp_project/robot-programming-project/src/simple_robot/install/simple_robot/share/simple_robot/cmake/simple_robotConfig-version.cmake\n'}
[35.382622] (simple_robot) StdoutLine: {'line': b'-- Up-to-date: /home/martina/rp_project/robot-programming-project/src/simple_robot/install/simple_robot/share/simple_robot/package.xml\n'}
[35.384012] (simple_robot) CommandEnded: {'returncode': 0}
[35.438961] (-) TimerEvent: {}
[35.444053] (simple_robot) JobEnded: {'identifier': 'simple_robot', 'rc': 0}
[35.445698] (-) EventReactorShutdown: {}
