[0.029s] Invoking command in '/home/martina/rp_project/robot-programming-project/src/simple_robot/build/simple_robot': CMAKE_PREFIX_PATH=${CMAKE_PREFIX_PATH}:/opt/ros/humble CONDA_PROMPT_MODIFIER=(base) /usr/bin/cmake /home/martina/rp_project/robot-programming-project/src/simple_robot -DCMAKE_INSTALL_PREFIX=/home/martina/rp_project/robot-programming-project/src/simple_robot/install/simple_robot
[0.200s] -- The C compiler identification is GNU 11.4.0
[0.384s] -- The CXX compiler identification is GNU 11.4.0
[0.433s] -- Detecting C compiler ABI info
[0.617s] -- Detecting C compiler ABI info - done
[0.648s] -- Check for working C compiler: /usr/lib/ccache/cc - skipped
[0.649s] -- Detecting C compile features
[0.649s] -- Detecting C compile features - done
[0.655s] -- Detecting CXX compiler ABI info
[0.895s] -- Detecting CXX compiler ABI info - done
[0.936s] -- Check for working CXX compiler: /usr/lib/ccache/c++ - skipped
[0.939s] -- Detecting CXX compile features
[0.942s] -- Detecting CXX compile features - done
[0.969s] -- Found OpenCV: /usr (found suitable version "4.5.4", minimum required is "4.5.4") 
[0.973s] -- Found ament_cmake: 1.3.11 (/opt/ros/humble/share/ament_cmake/cmake)
[1.313s] -- Found Python3: /usr/bin/python3 (found version "3.10.12") found components: Interpreter 
[1.496s] -- Found rclcpp: 16.0.11 (/opt/ros/humble/share/rclcpp/cmake)
[1.572s] -- Found rosidl_generator_c: 3.1.6 (/opt/ros/humble/share/rosidl_generator_c/cmake)
[1.580s] -- Found rosidl_adapter: 3.1.6 (/opt/ros/humble/share/rosidl_adapter/cmake)
[1.596s] -- Found rosidl_generator_cpp: 3.1.6 (/opt/ros/humble/share/rosidl_generator_cpp/cmake)
[1.622s] -- Using all available rosidl_typesupport_c: rosidl_typesupport_fastrtps_c;rosidl_typesupport_introspection_c
[1.651s] -- Using all available rosidl_typesupport_cpp: rosidl_typesupport_fastrtps_cpp;rosidl_typesupport_introspection_cpp
[1.729s] -- Found rmw_implementation_cmake: 6.1.2 (/opt/ros/humble/share/rmw_implementation_cmake/cmake)
[1.734s] -- Found rmw_fastrtps_cpp: 6.2.7 (/opt/ros/humble/share/rmw_fastrtps_cpp/cmake)
[1.981s] -- Found OpenSSL: /usr/lib/x86_64-linux-gnu/libcrypto.so (found version "3.0.2")  
[2.034s] -- Found FastRTPS: /opt/ros/humble/include  
[2.122s] -- Using RMW implementation 'rmw_fastrtps_cpp' as default
[2.139s] -- Looking for pthread.h
[2.318s] -- Looking for pthread.h - found
[2.318s] -- Performing Test CMAKE_HAVE_LIBC_PTHREAD
[2.513s] -- Performing Test CMAKE_HAVE_LIBC_PTHREAD - Success
[2.516s] -- Found Threads: TRUE  
[2.692s] -- Found geometry_msgs: 4.2.4 (/opt/ros/humble/share/geometry_msgs/cmake)
[2.740s] -- Found OpenCV: /usr (found version "4.5.4") 
[2.947s] -- DATA_DIR: /home/martina/rp_project/robot-programming-project/src/simple_robot/data
[2.948s] -- Configuring done
[3.045s] -- Generating done
[3.076s] -- Build files have been written to: /home/martina/rp_project/robot-programming-project/src/simple_robot/build/simple_robot
[3.108s] Invoked command in '/home/martina/rp_project/robot-programming-project/src/simple_robot/build/simple_robot' returned '0': CMAKE_PREFIX_PATH=${CMAKE_PREFIX_PATH}:/opt/ros/humble CONDA_PROMPT_MODIFIER=(base) /usr/bin/cmake /home/martina/rp_project/robot-programming-project/src/simple_robot -DCMAKE_INSTALL_PREFIX=/home/martina/rp_project/robot-programming-project/src/simple_robot/install/simple_robot
[3.111s] Invoking command in '/home/martina/rp_project/robot-programming-project/src/simple_robot/build/simple_robot': CMAKE_PREFIX_PATH=${CMAKE_PREFIX_PATH}:/opt/ros/humble CONDA_PROMPT_MODIFIER=(base) /usr/bin/cmake --build /home/martina/rp_project/robot-programming-project/src/simple_robot/build/simple_robot -- -j4 -l4
[3.252s] [35m[1mConsolidate compiler generated dependencies of target robot_map_node[0m
[3.278s] [35m[1mConsolidate compiler generated dependencies of target robot_node[0m
[3.339s] [35m[1mConsolidate compiler generated dependencies of target grid_map[0m
[3.380s] [  4%] [32mBuilding CXX object CMakeFiles/robot_map_node.dir/src/main.cpp.o[0m
[3.459s] [  9%] [32m[1mLinking CXX executable robot_node[0m
[3.474s] [ 14%] [32mBuilding CXX object src/CMakeFiles/grid_map.dir/main.cpp.o[0m
[4.615s] /usr/bin/ld: /usr/lib/gcc/x86_64-linux-gnu/11/../../../x86_64-linux-gnu/Scrt1.o: in function `_start':
[4.615s] (.text+0x1b): undefined reference to `main'
[4.709s] collect2: error: ld returned 1 exit status
[4.717s] gmake[2]: *** [CMakeFiles/robot_node.dir/build.make:253: robot_node] Error 1
[4.717s] gmake[1]: *** [CMakeFiles/Makefile2:176: CMakeFiles/robot_node.dir/all] Error 2
[4.717s] gmake[1]: *** Waiting for unfinished jobs....
[20.192s] [ 19%] [32m[1mLinking CXX shared library libgrid_map.so[0m
[20.223s] [ 23%] [32m[1mLinking CXX executable robot_map_node[0m
[21.829s] [ 47%] Built target grid_map
[22.329s] /usr/bin/ld: CMakeFiles/robot_map_node.dir/src/main.cpp.o: in function `std::enable_if<rosidl_generator_traits::is_message<geometry_msgs::msg::Pose2D_<std::allocator<void> > >::value, rosidl_message_type_support_t const&>::type rclcpp::get_message_type_support_handle<geometry_msgs::msg::Pose2D_<std::allocator<void> > >()':
[22.330s] main.cpp:(.text._ZN6rclcpp31get_message_type_support_handleIN13geometry_msgs3msg7Pose2D_ISaIvEEEEENSt9enable_ifIXsrN23rosidl_generator_traits10is_messageIT_EE5valueERK29rosidl_message_type_support_tE4typeEv[_ZN6rclcpp31get_message_type_support_handleIN13geometry_msgs3msg7Pose2D_ISaIvEEEEENSt9enable_ifIXsrN23rosidl_generator_traits10is_messageIT_EE5valueERK29rosidl_message_type_support_tE4typeEv]+0x10): undefined reference to `rosidl_message_type_support_t const* rosidl_typesupport_cpp::get_message_type_support_handle<geometry_msgs::msg::Pose2D_<std::allocator<void> > >()'
[22.343s] /usr/bin/ld: CMakeFiles/robot_map_node.dir/src/main.cpp.o: in function `std::enable_if<rosidl_generator_traits::is_message<std_msgs::msg::Float32_<std::allocator<void> > >::value, rosidl_message_type_support_t const&>::type rclcpp::get_message_type_support_handle<std_msgs::msg::Float32_<std::allocator<void> > >()':
[22.344s] main.cpp:(.text._ZN6rclcpp31get_message_type_support_handleIN8std_msgs3msg8Float32_ISaIvEEEEENSt9enable_ifIXsrN23rosidl_generator_traits10is_messageIT_EE5valueERK29rosidl_message_type_support_tE4typeEv[_ZN6rclcpp31get_message_type_support_handleIN8std_msgs3msg8Float32_ISaIvEEEEENSt9enable_ifIXsrN23rosidl_generator_traits10is_messageIT_EE5valueERK29rosidl_message_type_support_tE4typeEv]+0x10): undefined reference to `rosidl_message_type_support_t const* rosidl_typesupport_cpp::get_message_type_support_handle<std_msgs::msg::Float32_<std::allocator<void> > >()'
[22.500s] collect2: error: ld returned 1 exit status
[22.504s] gmake[2]: *** [CMakeFiles/robot_map_node.dir/build.make:269: robot_map_node] Error 1
[22.506s] gmake[1]: *** [CMakeFiles/Makefile2:202: CMakeFiles/robot_map_node.dir/all] Error 2
[22.506s] gmake: *** [Makefile:146: all] Error 2
[22.515s] Invoked command in '/home/martina/rp_project/robot-programming-project/src/simple_robot/build/simple_robot' returned '2': CMAKE_PREFIX_PATH=${CMAKE_PREFIX_PATH}:/opt/ros/humble CONDA_PROMPT_MODIFIER=(base) /usr/bin/cmake --build /home/martina/rp_project/robot-programming-project/src/simple_robot/build/simple_robot -- -j4 -l4
