[01m[K/home/martina/rp_project/robot-programming-project/src/simple_robot/test/test_robot.cpp:9:[m[K [01;35m[Kwarning: [m[K"DATA_DIR" redefined
    9 | #define DATA_DIR "/home/martina/rp_project/robot-programming-project/src/simple_robot/data"
      | 
[01m[K<command-line>:[m[K [01;36m[Knote: [m[Kthis is the location of the previous definition
[01m[K/home/martina/rp_project/robot-programming-project/src/simple_robot/test/test_map.cpp:7:[m[K [01;35m[Kwarning: [m[K"DATA_DIR" redefined
    7 | #define DATA_DIR "/home/martina/rp_project/robot-programming-project/src/simple_robot/data"
      | 
[01m[K<command-line>:[m[K [01;36m[Knote: [m[Kthis is the location of the previous definition
/usr/bin/ld: ../src/libgrid_map.so: undefined reference to `rosidl_message_type_support_t const* rosidl_typesupport_cpp::get_message_type_support_handle<geometry_msgs::msg::Pose2D_<std::allocator<void> > >()'
/usr/bin/ld: ../src/libgrid_map.so: undefined reference to `rosidl_message_type_support_t const* rosidl_typesupport_cpp::get_message_type_support_handle<std_msgs::msg::Float32_<std::allocator<void> > >()'
collect2: error: ld returned 1 exit status
gmake[2]: *** [test/CMakeFiles/test_robot.dir/build.make:206: test/test_robot] Error 1
gmake[1]: *** [CMakeFiles/Makefile2:252: test/CMakeFiles/test_robot.dir/all] Error 2
gmake[1]: *** Waiting for unfinished jobs....
/usr/bin/ld: ../src/libgrid_map.so: undefined reference to `rosidl_message_type_support_t const* rosidl_typesupport_cpp::get_message_type_support_handle<geometry_msgs::msg::Pose2D_<std::allocator<void> > >()'
/usr/bin/ld: ../src/libgrid_map.so: undefined reference to `rosidl_message_type_support_t const* rosidl_typesupport_cpp::get_message_type_support_handle<std_msgs::msg::Float32_<std::allocator<void> > >()'
collect2: error: ld returned 1 exit status
gmake[2]: *** [test/CMakeFiles/test_map.dir/build.make:206: test/test_map] Error 1
gmake[1]: *** [CMakeFiles/Makefile2:226: test/CMakeFiles/test_map.dir/all] Error 2
gmake: *** [Makefile:146: all] Error 2
