[0.000000] (-) TimerEvent: {}
[0.000797] (simple_robot) JobQueued: {'identifier': 'simple_robot', 'dependencies': OrderedDict()}
[0.000866] (simple_robot) JobStarted: {'identifier': 'simple_robot'}
[0.042651] (simple_robot) JobProgress: {'identifier': 'simple_robot', 'progress': 'cmake'}
[0.051046] (simple_robot) Command: {'cmd': ['/usr/bin/cmake', '/home/martina/rp_project/robot-programming-project/src/simple_robot', '-DCMAKE_INSTALL_PREFIX=/home/martina/rp_project/robot-programming-project/src/simple_robot/install/simple_robot'], 'cwd': '/home/martina/rp_project/robot-programming-project/src/simple_robot/build/simple_robot', 'env': OrderedDict([('GJS_DEBUG_TOPICS', 'JS ERROR;JS LOG'), ('LESSOPEN', '| /usr/bin/env /usr/bin/lesspipe %s 2>/dev/null'), ('CONDA_PROMPT_MODIFIER', '(base)'), ('LC_TIME', 'it_IT.UTF-8'), ('USER', 'martina'), ('XDG_SESSION_TYPE', 'wayland'), ('GIT_ASKPASS', '/usr/share/code/resources/app/extensions/git/dist/askpass.sh'), ('SHLVL', '2'), ('LD_LIBRARY_PATH', '/opt/ros/humble/opt/rviz_ogre_vendor/lib:/opt/ros/humble/lib/x86_64-linux-gnu:/opt/ros/humble/lib::/home/martina/.mujoco/mujoco210/bin:/usr/lib/nvidia:~/anaconda3/lib'), ('HOME', '/home/martina'), ('OLDPWD', '/home/martina/rp_project/robot-programming-project/src/simple_robot'), ('CHROME_DESKTOP', 'code.desktop'), ('TERMINFO', '/home/martina/.terminfo'), ('LESS', '-iRFXMx4'), ('CONDA_SHLVL', '1'), ('DESKTOP_SESSION', 'ubuntu'), ('TERM_PROGRAM_VERSION', '1.97.2'), ('GIO_LAUNCHED_DESKTOP_FILE', '/usr/share/applications/code.desktop'), ('LSCOLORS', 'ExGxDxDxCxDxDxFxFxexEx'), ('GTK_MODULES', 'gail:atk-bridge'), ('GNOME_SHELL_SESSION_MODE', 'ubuntu'), ('VSCODE_GIT_ASKPASS_MAIN', '/usr/share/code/resources/app/extensions/git/dist/askpass-main.js'), ('PAGER', 'less'), ('ROS_PYTHON_VERSION', '3'), ('LC_MONETARY', 'it_IT.UTF-8'), ('MANAGERPID', '887'), ('VSCODE_GIT_ASKPASS_NODE', '/usr/share/code/code'), ('SYSTEMD_EXEC_PID', '1152'), ('DBUS_SESSION_BUS_ADDRESS', 'unix:path=/run/user/1000/bus'), ('P9K_TTY', 'old'), ('GIO_LAUNCHED_DESKTOP_FILE_PID', '3260'), ('COLORTERM', 'truecolor'), ('_CE_M', ''), ('WAYLAND_DISPLAY', 'wayland-0'), ('INFOPATH', ''), ('ROS_DISTRO', 'humble'), ('COLCON_PREFIX_PATH', '/home/martina/rp_project/robot-programming-project/install'), ('LOGNAME', 'martina'), ('_', '/usr/bin/colcon'), ('JOURNAL_STREAM', '8:11413'), ('_P9K_SSH_TTY', '/dev/pts/2'), ('XDG_SESSION_CLASS', 'user'), ('USER_ZDOTDIR', '/home/martina'), ('ROS_VERSION', '2'), ('USERNAME', 'martina'), ('TERM', 'xterm-256color'), ('GNOME_DESKTOP_SESSION_ID', 'this-is-deprecated'), ('_CE_CONDA', ''), ('ROS_LOCALHOST_ONLY', '0'), ('PATH', '/opt/ros/humble/bin:/home/martina/.local/bin:/home/martina/.local/bin:/usr/lib/ccache:.:/home/martina/.mujoco/mujoco210/bin:/usr/lib/nvidia:/home/martina/anaconda3/condabin:/home/martina/bin:/home/martina/.local/bin:/usr/local/sbin:/usr/local/bin:/usr/sbin:/usr/bin:/sbin:/bin:/usr/games:/usr/local/games:/snap/bin:/home/martina/.cache/zsh4humans/v5/fzf/bin:/home/martina/other/install/bin'), ('SESSION_MANAGER', 'local/Martina-ThinkPad-X1-Yoga:@/tmp/.ICE-unix/1105,unix/Martina-ThinkPad-X1-Yoga:/tmp/.ICE-unix/1105'), ('INVOCATION_ID', 'abb78b4b018940349bd4da4c8fed9753'), ('LC_ADDRESS', 'it_IT.UTF-8'), ('XDG_RUNTIME_DIR', '/run/user/1000'), ('XDG_MENU_PREFIX', 'gnome-'), ('GNOME_SETUP_DISPLAY', ':1'), ('GDK_BACKEND', 'x11'), ('DISPLAY', ':0'), ('LANG', 'en_US.UTF-8'), ('LC_TELEPHONE', 'it_IT.UTF-8'), ('XDG_CURRENT_DESKTOP', 'Unity'), ('VSCODE_INJECTION', '1'), ('LD_PRELOAD', ':/usr/lib/x86_64-linux-gnu/libGLEW.so'), ('XDG_SESSION_DESKTOP', 'ubuntu'), ('XMODIFIERS', '@im=ibus'), ('XAUTHORITY', '/run/user/1000/.mutter-Xwaylandauth.L52E22'), ('TERM_PROGRAM', 'vscode'), ('VSCODE_GIT_IPC_HANDLE', '/run/user/1000/vscode-git-f640f2b3f6.sock'), ('LS_COLORS', 'fi=00:mi=00:mh=00:ln=01;36:or=01;31:di=01;34:ow=04;01;34:st=34:tw=04;34:pi=01;33:so=01;33:do=01;33:bd=01;33:cd=01;33:su=01;35:sg=01;35:ca=01;35:ex=01;32:no=38;5;248'), ('TREE_COLORS', 'fi=00:mi=00:mh=00:ln=01;36:or=01;31:di=01;34:ow=01;34:st=34:tw=34:pi=01;33:so=01;33:do=01;33:bd=01;33:cd=01;33:su=01;35:sg=01;35:ca=01;35:ex=01;32'), ('SSH_AGENT_LAUNCHER', 'gnome-keyring'), ('SSH_AUTH_SOCK', '/run/user/1000/keyring/ssh'), ('ORIGINAL_XDG_CURRENT_DESKTOP', 'ubuntu:GNOME'), ('CONDA_PYTHON_EXE', '/home/martina/anaconda3/bin/python'), ('AMENT_PREFIX_PATH', '/home/martina/rp_project/robot-programming-project/install/simple_robot:/opt/ros/humble'), ('LC_NAME', 'it_IT.UTF-8'), ('SHELL', '/usr/local/bin/zsh'), ('DEST', '/home/martina/other/install'), ('QT_ACCESSIBILITY', '1'), ('GDMSESSION', 'ubuntu'), ('CONDA_DEFAULT_ENV', 'base'), ('LC_MEASUREMENT', 'it_IT.UTF-8'), ('LC_IDENTIFICATION', 'it_IT.UTF-8'), ('GJS_DEBUG_OUTPUT', 'stderr'), ('P9K_SSH', '0'), ('QT_IM_MODULE', 'ibus'), ('VSCODE_GIT_ASKPASS_EXTRA_ARGS', ''), ('VSCODE_NONCE', 'f672ca6a-f6db-4411-8134-b3ad71667d44'), ('LC_ALL', 'en_US.UTF-8'), ('PWD', '/home/martina/rp_project/robot-programming-project/src/simple_robot/build/simple_robot'), ('GPG_TTY', '/dev/pts/2'), ('XDG_DATA_DIRS', '/usr/local/share/:/usr/share/:/var/lib/snapd/desktop'), ('ZDOTDIR', '/home/martina'), ('_P9K_TTY', '/dev/pts/2'), ('CONDA_EXE', '/home/martina/anaconda3/bin/conda'), ('LC_NUMERIC', 'it_IT.UTF-8'), ('PYTHONPATH', '/opt/ros/humble/lib/python3.10/site-packages:/opt/ros/humble/local/lib/python3.10/dist-packages:/home/martina/other/install/lib/python3.10/site-packages/'), ('LC_PAPER', 'it_IT.UTF-8'), ('CONDA_PREFIX', '/home/martina/anaconda3'), ('COLCON', '1'), ('MANPATH', '/usr/local/share/man:/home/martina/.cache/zsh4humans/v5/fzf/man:'), ('CMAKE_PREFIX_PATH', '/home/martina/rp_project/robot-programming-project/install/simple_robot:/opt/ros/humble')]), 'shell': False}
[0.101063] (-) TimerEvent: {}
[0.203094] (-) TimerEvent: {}
[0.303607] (-) TimerEvent: {}
[0.355040] (simple_robot) StdoutLine: {'line': b'-- The C compiler identification is GNU 11.4.0\n'}
[0.405385] (-) TimerEvent: {}
[0.505883] (-) TimerEvent: {}
[0.606385] (-) TimerEvent: {}
[0.608097] (simple_robot) StdoutLine: {'line': b'-- The CXX compiler identification is GNU 11.4.0\n'}
[0.652128] (simple_robot) StdoutLine: {'line': b'-- Detecting C compiler ABI info\n'}
[0.706522] (-) TimerEvent: {}
[0.806999] (-) TimerEvent: {}
[0.863109] (simple_robot) StdoutLine: {'line': b'-- Detecting C compiler ABI info - done\n'}
[0.891734] (simple_robot) StdoutLine: {'line': b'-- Check for working C compiler: /usr/lib/ccache/cc - skipped\n'}
[0.894997] (simple_robot) StdoutLine: {'line': b'-- Detecting C compile features\n'}
[0.895343] (simple_robot) StdoutLine: {'line': b'-- Detecting C compile features - done\n'}
[0.907149] (-) TimerEvent: {}
[0.911662] (simple_robot) StdoutLine: {'line': b'-- Detecting CXX compiler ABI info\n'}
[1.009026] (-) TimerEvent: {}
[1.109430] (-) TimerEvent: {}
[1.209957] (-) TimerEvent: {}
[1.226007] (simple_robot) StdoutLine: {'line': b'-- Detecting CXX compiler ABI info - done\n'}
[1.254135] (simple_robot) StdoutLine: {'line': b'-- Check for working CXX compiler: /usr/lib/ccache/c++ - skipped\n'}
[1.254491] (simple_robot) StdoutLine: {'line': b'-- Detecting CXX compile features\n'}
[1.258317] (simple_robot) StdoutLine: {'line': b'-- Detecting CXX compile features - done\n'}
[1.290188] (simple_robot) StdoutLine: {'line': b'-- Found OpenCV: /usr (found suitable version "4.5.4", minimum required is "4.5.4") \n'}
[1.296171] (simple_robot) StdoutLine: {'line': b'-- Found ament_cmake: 1.3.11 (/opt/ros/humble/share/ament_cmake/cmake)\n'}
[1.312088] (-) TimerEvent: {}
[1.412630] (-) TimerEvent: {}
[1.514003] (-) TimerEvent: {}
[1.614399] (-) TimerEvent: {}
[1.715550] (-) TimerEvent: {}
[1.761732] (simple_robot) StdoutLine: {'line': b'-- Found Python3: /usr/bin/python3 (found version "3.10.12") found components: Interpreter \n'}
[1.817011] (-) TimerEvent: {}
[1.918193] (-) TimerEvent: {}
[2.019859] (-) TimerEvent: {}
[2.108460] (simple_robot) StdoutLine: {'line': b'-- Found rclcpp: 16.0.11 (/opt/ros/humble/share/rclcpp/cmake)\n'}
[2.122911] (-) TimerEvent: {}
[2.201903] (simple_robot) StdoutLine: {'line': b'-- Found rosidl_generator_c: 3.1.6 (/opt/ros/humble/share/rosidl_generator_c/cmake)\n'}
[2.212434] (simple_robot) StdoutLine: {'line': b'-- Found rosidl_adapter: 3.1.6 (/opt/ros/humble/share/rosidl_adapter/cmake)\n'}
[2.223045] (-) TimerEvent: {}
[2.230751] (simple_robot) StdoutLine: {'line': b'-- Found rosidl_generator_cpp: 3.1.6 (/opt/ros/humble/share/rosidl_generator_cpp/cmake)\n'}
[2.277543] (simple_robot) StdoutLine: {'line': b'-- Using all available rosidl_typesupport_c: rosidl_typesupport_fastrtps_c;rosidl_typesupport_introspection_c\n'}
[2.323377] (-) TimerEvent: {}
[2.332995] (simple_robot) StdoutLine: {'line': b'-- Using all available rosidl_typesupport_cpp: rosidl_typesupport_fastrtps_cpp;rosidl_typesupport_introspection_cpp\n'}
[2.425025] (-) TimerEvent: {}
[2.468169] (simple_robot) StdoutLine: {'line': b'-- Found rmw_implementation_cmake: 6.1.2 (/opt/ros/humble/share/rmw_implementation_cmake/cmake)\n'}
[2.476091] (simple_robot) StdoutLine: {'line': b'-- Found rmw_fastrtps_cpp: 6.2.7 (/opt/ros/humble/share/rmw_fastrtps_cpp/cmake)\n'}
[2.525179] (-) TimerEvent: {}
[2.626393] (-) TimerEvent: {}
[2.728159] (-) TimerEvent: {}
[2.829109] (-) TimerEvent: {}
[2.843332] (simple_robot) StdoutLine: {'line': b'-- Found OpenSSL: /usr/lib/x86_64-linux-gnu/libcrypto.so (found version "3.0.2")  \n'}
[2.927069] (simple_robot) StdoutLine: {'line': b'-- Found FastRTPS: /opt/ros/humble/include  \n'}
[2.931072] (-) TimerEvent: {}
[3.031518] (-) TimerEvent: {}
[3.092884] (simple_robot) StdoutLine: {'line': b"-- Using RMW implementation 'rmw_fastrtps_cpp' as default\n"}
[3.114091] (simple_robot) StdoutLine: {'line': b'-- Looking for pthread.h\n'}
[3.133005] (-) TimerEvent: {}
[3.236029] (-) TimerEvent: {}
[3.336574] (-) TimerEvent: {}
[3.438889] (-) TimerEvent: {}
[3.482543] (simple_robot) StdoutLine: {'line': b'-- Looking for pthread.h - found\n'}
[3.487025] (simple_robot) StdoutLine: {'line': b'-- Performing Test CMAKE_HAVE_LIBC_PTHREAD\n'}
[3.539020] (-) TimerEvent: {}
[3.639509] (-) TimerEvent: {}
[3.740197] (-) TimerEvent: {}
[3.790459] (simple_robot) StdoutLine: {'line': b'-- Performing Test CMAKE_HAVE_LIBC_PTHREAD - Success\n'}
[3.796144] (simple_robot) StdoutLine: {'line': b'-- Found Threads: TRUE  \n'}
[3.840359] (-) TimerEvent: {}
[3.941828] (-) TimerEvent: {}
[4.042289] (-) TimerEvent: {}
[4.067782] (simple_robot) StdoutLine: {'line': b'-- Found geometry_msgs: 4.2.4 (/opt/ros/humble/share/geometry_msgs/cmake)\n'}
[4.111369] (simple_robot) StdoutLine: {'line': b'-- Found sensor_msgs: 4.2.4 (/opt/ros/humble/share/sensor_msgs/cmake)\n'}
[4.142470] (-) TimerEvent: {}
[4.176990] (simple_robot) StdoutLine: {'line': b'-- Found nav_msgs: 4.2.4 (/opt/ros/humble/share/nav_msgs/cmake)\n'}
[4.241460] (simple_robot) StdoutLine: {'line': b'-- Found OpenCV: /usr (found version "4.5.4") \n'}
[4.242556] (-) TimerEvent: {}
[4.342886] (-) TimerEvent: {}
[4.443685] (-) TimerEvent: {}
[4.445903] (simple_robot) StdoutLine: {'line': b'-- DATA_DIR: /home/martina/rp_project/robot-programming-project/src/simple_robot/data\n'}
[4.447368] (simple_robot) StdoutLine: {'line': b'-- Configuring done\n'}
[4.549125] (-) TimerEvent: {}
[4.591699] (simple_robot) StdoutLine: {'line': b'-- Generating done\n'}
[4.643844] (simple_robot) StdoutLine: {'line': b'-- Build files have been written to: /home/martina/rp_project/robot-programming-project/src/simple_robot/build/simple_robot\n'}
[4.649248] (-) TimerEvent: {}
[4.689574] (simple_robot) CommandEnded: {'returncode': 0}
[4.690767] (simple_robot) JobProgress: {'identifier': 'simple_robot', 'progress': 'build'}
[4.690854] (simple_robot) Command: {'cmd': ['/usr/bin/cmake', '--build', '/home/martina/rp_project/robot-programming-project/src/simple_robot/build/simple_robot', '--', '-j4', '-l4'], 'cwd': '/home/martina/rp_project/robot-programming-project/src/simple_robot/build/simple_robot', 'env': OrderedDict([('GJS_DEBUG_TOPICS', 'JS ERROR;JS LOG'), ('LESSOPEN', '| /usr/bin/env /usr/bin/lesspipe %s 2>/dev/null'), ('CONDA_PROMPT_MODIFIER', '(base)'), ('LC_TIME', 'it_IT.UTF-8'), ('USER', 'martina'), ('XDG_SESSION_TYPE', 'wayland'), ('GIT_ASKPASS', '/usr/share/code/resources/app/extensions/git/dist/askpass.sh'), ('SHLVL', '2'), ('LD_LIBRARY_PATH', '/opt/ros/humble/opt/rviz_ogre_vendor/lib:/opt/ros/humble/lib/x86_64-linux-gnu:/opt/ros/humble/lib::/home/martina/.mujoco/mujoco210/bin:/usr/lib/nvidia:~/anaconda3/lib'), ('HOME', '/home/martina'), ('OLDPWD', '/home/martina/rp_project/robot-programming-project/src/simple_robot'), ('CHROME_DESKTOP', 'code.desktop'), ('TERMINFO', '/home/martina/.terminfo'), ('LESS', '-iRFXMx4'), ('CONDA_SHLVL', '1'), ('DESKTOP_SESSION', 'ubuntu'), ('TERM_PROGRAM_VERSION', '1.97.2'), ('GIO_LAUNCHED_DESKTOP_FILE', '/usr/share/applications/code.desktop'), ('LSCOLORS', 'ExGxDxDxCxDxDxFxFxexEx'), ('GTK_MODULES', 'gail:atk-bridge'), ('GNOME_SHELL_SESSION_MODE', 'ubuntu'), ('VSCODE_GIT_ASKPASS_MAIN', '/usr/share/code/resources/app/extensions/git/dist/askpass-main.js'), ('PAGER', 'less'), ('ROS_PYTHON_VERSION', '3'), ('LC_MONETARY', 'it_IT.UTF-8'), ('MANAGERPID', '887'), ('VSCODE_GIT_ASKPASS_NODE', '/usr/share/code/code'), ('SYSTEMD_EXEC_PID', '1152'), ('DBUS_SESSION_BUS_ADDRESS', 'unix:path=/run/user/1000/bus'), ('P9K_TTY', 'old'), ('GIO_LAUNCHED_DESKTOP_FILE_PID', '3260'), ('COLORTERM', 'truecolor'), ('_CE_M', ''), ('WAYLAND_DISPLAY', 'wayland-0'), ('INFOPATH', ''), ('ROS_DISTRO', 'humble'), ('COLCON_PREFIX_PATH', '/home/martina/rp_project/robot-programming-project/install'), ('LOGNAME', 'martina'), ('_', '/usr/bin/colcon'), ('JOURNAL_STREAM', '8:11413'), ('_P9K_SSH_TTY', '/dev/pts/2'), ('XDG_SESSION_CLASS', 'user'), ('USER_ZDOTDIR', '/home/martina'), ('ROS_VERSION', '2'), ('USERNAME', 'martina'), ('TERM', 'xterm-256color'), ('GNOME_DESKTOP_SESSION_ID', 'this-is-deprecated'), ('_CE_CONDA', ''), ('ROS_LOCALHOST_ONLY', '0'), ('PATH', '/opt/ros/humble/bin:/home/martina/.local/bin:/home/martina/.local/bin:/usr/lib/ccache:.:/home/martina/.mujoco/mujoco210/bin:/usr/lib/nvidia:/home/martina/anaconda3/condabin:/home/martina/bin:/home/martina/.local/bin:/usr/local/sbin:/usr/local/bin:/usr/sbin:/usr/bin:/sbin:/bin:/usr/games:/usr/local/games:/snap/bin:/home/martina/.cache/zsh4humans/v5/fzf/bin:/home/martina/other/install/bin'), ('SESSION_MANAGER', 'local/Martina-ThinkPad-X1-Yoga:@/tmp/.ICE-unix/1105,unix/Martina-ThinkPad-X1-Yoga:/tmp/.ICE-unix/1105'), ('INVOCATION_ID', 'abb78b4b018940349bd4da4c8fed9753'), ('LC_ADDRESS', 'it_IT.UTF-8'), ('XDG_RUNTIME_DIR', '/run/user/1000'), ('XDG_MENU_PREFIX', 'gnome-'), ('GNOME_SETUP_DISPLAY', ':1'), ('GDK_BACKEND', 'x11'), ('DISPLAY', ':0'), ('LANG', 'en_US.UTF-8'), ('LC_TELEPHONE', 'it_IT.UTF-8'), ('XDG_CURRENT_DESKTOP', 'Unity'), ('VSCODE_INJECTION', '1'), ('LD_PRELOAD', ':/usr/lib/x86_64-linux-gnu/libGLEW.so'), ('XDG_SESSION_DESKTOP', 'ubuntu'), ('XMODIFIERS', '@im=ibus'), ('XAUTHORITY', '/run/user/1000/.mutter-Xwaylandauth.L52E22'), ('TERM_PROGRAM', 'vscode'), ('VSCODE_GIT_IPC_HANDLE', '/run/user/1000/vscode-git-f640f2b3f6.sock'), ('LS_COLORS', 'fi=00:mi=00:mh=00:ln=01;36:or=01;31:di=01;34:ow=04;01;34:st=34:tw=04;34:pi=01;33:so=01;33:do=01;33:bd=01;33:cd=01;33:su=01;35:sg=01;35:ca=01;35:ex=01;32:no=38;5;248'), ('TREE_COLORS', 'fi=00:mi=00:mh=00:ln=01;36:or=01;31:di=01;34:ow=01;34:st=34:tw=34:pi=01;33:so=01;33:do=01;33:bd=01;33:cd=01;33:su=01;35:sg=01;35:ca=01;35:ex=01;32'), ('SSH_AGENT_LAUNCHER', 'gnome-keyring'), ('SSH_AUTH_SOCK', '/run/user/1000/keyring/ssh'), ('ORIGINAL_XDG_CURRENT_DESKTOP', 'ubuntu:GNOME'), ('CONDA_PYTHON_EXE', '/home/martina/anaconda3/bin/python'), ('AMENT_PREFIX_PATH', '/home/martina/rp_project/robot-programming-project/install/simple_robot:/opt/ros/humble'), ('LC_NAME', 'it_IT.UTF-8'), ('SHELL', '/usr/local/bin/zsh'), ('DEST', '/home/martina/other/install'), ('QT_ACCESSIBILITY', '1'), ('GDMSESSION', 'ubuntu'), ('CONDA_DEFAULT_ENV', 'base'), ('LC_MEASUREMENT', 'it_IT.UTF-8'), ('LC_IDENTIFICATION', 'it_IT.UTF-8'), ('GJS_DEBUG_OUTPUT', 'stderr'), ('P9K_SSH', '0'), ('QT_IM_MODULE', 'ibus'), ('VSCODE_GIT_ASKPASS_EXTRA_ARGS', ''), ('VSCODE_NONCE', 'f672ca6a-f6db-4411-8134-b3ad71667d44'), ('LC_ALL', 'en_US.UTF-8'), ('PWD', '/home/martina/rp_project/robot-programming-project/src/simple_robot/build/simple_robot'), ('GPG_TTY', '/dev/pts/2'), ('XDG_DATA_DIRS', '/usr/local/share/:/usr/share/:/var/lib/snapd/desktop'), ('ZDOTDIR', '/home/martina'), ('_P9K_TTY', '/dev/pts/2'), ('CONDA_EXE', '/home/martina/anaconda3/bin/conda'), ('LC_NUMERIC', 'it_IT.UTF-8'), ('PYTHONPATH', '/opt/ros/humble/lib/python3.10/site-packages:/opt/ros/humble/local/lib/python3.10/dist-packages:/home/martina/other/install/lib/python3.10/site-packages/'), ('LC_PAPER', 'it_IT.UTF-8'), ('CONDA_PREFIX', '/home/martina/anaconda3'), ('COLCON', '1'), ('MANPATH', '/usr/local/share/man:/home/martina/.cache/zsh4humans/v5/fzf/man:'), ('CMAKE_PREFIX_PATH', '/home/martina/rp_project/robot-programming-project/install/simple_robot:/opt/ros/humble')]), 'shell': False}
[4.752576] (-) TimerEvent: {}
[4.853206] (-) TimerEvent: {}
[4.906328] (simple_robot) StdoutLine: {'line': b'\x1b[35m\x1b[1mConsolidate compiler generated dependencies of target robot_map_node\x1b[0m\n'}
[4.953309] (-) TimerEvent: {}
[4.954400] (simple_robot) StdoutLine: {'line': b'\x1b[35m\x1b[1mConsolidate compiler generated dependencies of target grid_map\x1b[0m\n'}
[5.008143] (simple_robot) StdoutLine: {'line': b'[  8%] \x1b[32mBuilding CXX object CMakeFiles/robot_map_node.dir/src/map_utils.cpp.o\x1b[0m\n'}
[5.046154] (simple_robot) StdoutLine: {'line': b'[ 16%] \x1b[32mBuilding CXX object CMakeFiles/robot_map_node.dir/src/main.cpp.o\x1b[0m\n'}
[5.056002] (-) TimerEvent: {}
[5.115162] (simple_robot) StdoutLine: {'line': b'[ 25%] \x1b[32mBuilding CXX object src/CMakeFiles/grid_map.dir/map_utils.cpp.o\x1b[0m\n'}
[5.119200] (simple_robot) StdoutLine: {'line': b'[ 33%] \x1b[32mBuilding CXX object src/CMakeFiles/grid_map.dir/main.cpp.o\x1b[0m\n'}
[5.156132] (-) TimerEvent: {}
[5.261020] (-) TimerEvent: {}
[5.363984] (-) TimerEvent: {}
[5.465155] (-) TimerEvent: {}
[5.571025] (-) TimerEvent: {}
[5.671655] (-) TimerEvent: {}
[5.776999] (-) TimerEvent: {}
[5.878836] (-) TimerEvent: {}
[5.979919] (-) TimerEvent: {}
[6.080993] (-) TimerEvent: {}
[6.184010] (-) TimerEvent: {}
[6.284475] (-) TimerEvent: {}
[6.384884] (-) TimerEvent: {}
[6.485352] (-) TimerEvent: {}
[6.586586] (-) TimerEvent: {}
[6.688026] (-) TimerEvent: {}
[6.792608] (-) TimerEvent: {}
[6.893098] (-) TimerEvent: {}
[6.998009] (-) TimerEvent: {}
[7.101025] (-) TimerEvent: {}
[7.201531] (-) TimerEvent: {}
[7.307005] (-) TimerEvent: {}
[7.409006] (-) TimerEvent: {}
[7.415607] (simple_robot) StderrLine: {'line': b'\x1b[01m\x1b[K/home/martina/rp_project/robot-programming-project/src/simple_robot/src/map_utils.cpp:5:10:\x1b[m\x1b[K \x1b[01;31m\x1b[Kfatal error: \x1b[m\x1b[Kos-inl.h: No such file or directory\n'}
[7.416944] (simple_robot) StderrLine: {'line': b'    5 | #include \x1b[01;31m\x1b[K<os-inl.h>\x1b[m\x1b[K\n'}
[7.417196] (simple_robot) StderrLine: {'line': b'      |          \x1b[01;31m\x1b[K^~~~~~~~~~\x1b[m\x1b[K\n'}
[7.418032] (simple_robot) StderrLine: {'line': b'compilation terminated.\n'}
[7.441451] (simple_robot) StderrLine: {'line': b'gmake[2]: *** [src/CMakeFiles/grid_map.dir/build.make:90: src/CMakeFiles/grid_map.dir/map_utils.cpp.o] Error 1\n'}
[7.441917] (simple_robot) StderrLine: {'line': b'gmake[2]: *** Waiting for unfinished jobs....\n'}
[7.510188] (-) TimerEvent: {}
[7.610635] (-) TimerEvent: {}
[7.714211] (-) TimerEvent: {}
[7.815078] (-) TimerEvent: {}
[7.920087] (-) TimerEvent: {}
[8.020759] (-) TimerEvent: {}
[8.121316] (-) TimerEvent: {}
[8.221793] (-) TimerEvent: {}
[8.322208] (-) TimerEvent: {}
[8.422601] (-) TimerEvent: {}
[8.524072] (-) TimerEvent: {}
[8.624497] (-) TimerEvent: {}
[8.725021] (simple_robot) StderrLine: {'line': b'\x1b[01m\x1b[K/home/martina/rp_project/robot-programming-project/src/simple_robot/src/map_utils.cpp:5:10:\x1b[m\x1b[K \x1b[01;31m\x1b[Kfatal error: \x1b[m\x1b[Kos-inl.h: No such file or directory\n'}
[8.725460] (-) TimerEvent: {}
[8.727742] (simple_robot) StderrLine: {'line': b'    5 | #include \x1b[01;31m\x1b[K<os-inl.h>\x1b[m\x1b[K\n'}
[8.729086] (simple_robot) StderrLine: {'line': b'      |          \x1b[01;31m\x1b[K^~~~~~~~~~\x1b[m\x1b[K\n'}
[8.729588] (simple_robot) StderrLine: {'line': b'compilation terminated.\n'}
[8.747010] (simple_robot) StderrLine: {'line': b'gmake[2]: *** [CMakeFiles/robot_map_node.dir/build.make:118: CMakeFiles/robot_map_node.dir/src/map_utils.cpp.o] Error 1\n'}
[8.747370] (simple_robot) StderrLine: {'line': b'gmake[2]: *** Waiting for unfinished jobs....\n'}
[8.825579] (-) TimerEvent: {}
[8.926179] (-) TimerEvent: {}
[9.028533] (-) TimerEvent: {}
[9.136300] (-) TimerEvent: {}
[9.238181] (-) TimerEvent: {}
[9.340210] (-) TimerEvent: {}
[9.443394] (-) TimerEvent: {}
[9.544232] (-) TimerEvent: {}
[9.644788] (-) TimerEvent: {}
[9.746109] (-) TimerEvent: {}
[9.846544] (-) TimerEvent: {}
[9.947588] (-) TimerEvent: {}
[10.051030] (-) TimerEvent: {}
[10.152016] (-) TimerEvent: {}
[10.252545] (-) TimerEvent: {}
[10.354180] (-) TimerEvent: {}
[10.455172] (-) TimerEvent: {}
[10.557281] (-) TimerEvent: {}
[10.659965] (-) TimerEvent: {}
[10.763268] (-) TimerEvent: {}
[10.864905] (-) TimerEvent: {}
[10.965872] (-) TimerEvent: {}
[11.067680] (-) TimerEvent: {}
[11.168619] (-) TimerEvent: {}
[11.269769] (-) TimerEvent: {}
[11.370174] (-) TimerEvent: {}
[11.470563] (-) TimerEvent: {}
[11.572176] (-) TimerEvent: {}
[11.672578] (-) TimerEvent: {}
[11.772993] (-) TimerEvent: {}
[11.873441] (-) TimerEvent: {}
[11.973888] (-) TimerEvent: {}
[12.074282] (-) TimerEvent: {}
[12.174897] (-) TimerEvent: {}
[12.275695] (-) TimerEvent: {}
[12.376115] (-) TimerEvent: {}
[12.476586] (-) TimerEvent: {}
[12.576982] (-) TimerEvent: {}
[12.677521] (-) TimerEvent: {}
[12.778312] (-) TimerEvent: {}
[12.879155] (-) TimerEvent: {}
[12.979779] (-) TimerEvent: {}
[13.080165] (-) TimerEvent: {}
[13.180608] (-) TimerEvent: {}
[13.281075] (-) TimerEvent: {}
[13.381567] (-) TimerEvent: {}
[13.481948] (-) TimerEvent: {}
[13.582350] (-) TimerEvent: {}
[13.682794] (-) TimerEvent: {}
[13.783189] (-) TimerEvent: {}
[13.884145] (-) TimerEvent: {}
[13.984553] (-) TimerEvent: {}
[14.084932] (-) TimerEvent: {}
[14.185302] (-) TimerEvent: {}
[14.285680] (-) TimerEvent: {}
[14.386072] (-) TimerEvent: {}
[14.486658] (-) TimerEvent: {}
[14.587570] (-) TimerEvent: {}
[14.688201] (-) TimerEvent: {}
[14.788632] (-) TimerEvent: {}
[14.890000] (-) TimerEvent: {}
[14.994998] (-) TimerEvent: {}
[15.095413] (-) TimerEvent: {}
[15.196213] (-) TimerEvent: {}
[15.297027] (-) TimerEvent: {}
[15.397554] (-) TimerEvent: {}
[15.497945] (-) TimerEvent: {}
[15.598326] (-) TimerEvent: {}
[15.698725] (-) TimerEvent: {}
[15.799213] (-) TimerEvent: {}
[15.899622] (-) TimerEvent: {}
[16.000023] (-) TimerEvent: {}
[16.100512] (-) TimerEvent: {}
[16.200905] (-) TimerEvent: {}
[16.301324] (-) TimerEvent: {}
[16.402176] (-) TimerEvent: {}
[16.502624] (-) TimerEvent: {}
[16.603038] (-) TimerEvent: {}
[16.703466] (-) TimerEvent: {}
[16.804144] (-) TimerEvent: {}
[16.904532] (-) TimerEvent: {}
[17.004931] (-) TimerEvent: {}
[17.105319] (-) TimerEvent: {}
[17.205710] (-) TimerEvent: {}
[17.306164] (-) TimerEvent: {}
[17.406602] (-) TimerEvent: {}
[17.507007] (-) TimerEvent: {}
[17.607429] (-) TimerEvent: {}
[17.707872] (-) TimerEvent: {}
[17.808310] (-) TimerEvent: {}
[17.909047] (-) TimerEvent: {}
[18.009991] (-) TimerEvent: {}
[18.112043] (-) TimerEvent: {}
[18.212444] (-) TimerEvent: {}
[18.313110] (-) TimerEvent: {}
[18.413783] (-) TimerEvent: {}
[18.514626] (-) TimerEvent: {}
[18.615006] (-) TimerEvent: {}
[18.715466] (-) TimerEvent: {}
[18.816171] (-) TimerEvent: {}
[18.917102] (-) TimerEvent: {}
[19.017547] (-) TimerEvent: {}
[19.118032] (-) TimerEvent: {}
[19.218889] (-) TimerEvent: {}
[19.321008] (-) TimerEvent: {}
[19.421436] (-) TimerEvent: {}
[19.524137] (-) TimerEvent: {}
[19.624568] (-) TimerEvent: {}
[19.725557] (-) TimerEvent: {}
[19.828375] (-) TimerEvent: {}
[19.928890] (-) TimerEvent: {}
[20.033008] (-) TimerEvent: {}
[20.133490] (-) TimerEvent: {}
[20.234077] (-) TimerEvent: {}
[20.334540] (-) TimerEvent: {}
[20.434892] (-) TimerEvent: {}
[20.535540] (-) TimerEvent: {}
[20.636983] (-) TimerEvent: {}
[20.738236] (-) TimerEvent: {}
[20.841733] (-) TimerEvent: {}
[20.942177] (-) TimerEvent: {}
[21.042643] (-) TimerEvent: {}
[21.144182] (-) TimerEvent: {}
[21.246452] (-) TimerEvent: {}
[21.346902] (-) TimerEvent: {}
[21.448212] (-) TimerEvent: {}
[21.552072] (-) TimerEvent: {}
[21.652488] (-) TimerEvent: {}
[21.752917] (-) TimerEvent: {}
[21.853950] (-) TimerEvent: {}
[21.954394] (-) TimerEvent: {}
[22.054826] (-) TimerEvent: {}
[22.155273] (-) TimerEvent: {}
[22.255878] (-) TimerEvent: {}
[22.356284] (-) TimerEvent: {}
[22.456660] (-) TimerEvent: {}
[22.557008] (-) TimerEvent: {}
[22.657398] (-) TimerEvent: {}
[22.757895] (-) TimerEvent: {}
[22.858324] (-) TimerEvent: {}
[22.958944] (-) TimerEvent: {}
[23.060127] (-) TimerEvent: {}
[23.072047] (simple_robot) StderrLine: {'line': b'gmake[2]: *** [CMakeFiles/robot_map_node.dir/build.make:132: CMakeFiles/robot_map_node.dir/src/main.cpp.o] Interrupt\n'}
[23.072571] (simple_robot) StderrLine: {'line': b'gmake[2]: *** [src/CMakeFiles/grid_map.dir/build.make:132: src/CMakeFiles/grid_map.dir/main.cpp.o] Interrupt\n'}
[23.072913] (simple_robot) StderrLine: {'line': b'gmake[1]: *** [CMakeFiles/Makefile2:154: CMakeFiles/robot_map_node.dir/all] Interrupt\n'}
[23.076057] (simple_robot) StderrLine: {'line': b'gmake[1]: *** [CMakeFiles/Makefile2:180: src/CMakeFiles/grid_map.dir/all] Interrupt\n'}
[23.077110] (simple_robot) StderrLine: {'line': b'gmake: *** [Makefile:146: all] Interrupt\n'}
[23.160228] (-) TimerEvent: {}
[23.175078] (simple_robot) CommandEnded: {'returncode': -2}
[23.196169] (simple_robot) JobEnded: {'identifier': 'simple_robot', 'rc': 'SIGINT'}
[23.207094] (-) EventReactorShutdown: {}
