[0.314s] Invoking command in '/home/martina/rp_project/robot-programming-project/src/simple_robot/build/simple_robot': CMAKE_PREFIX_PATH=${CMAKE_PREFIX_PATH}:/opt/ros/humble CONDA_PROMPT_MODIFIER=(base) /usr/bin/cmake /home/martina/rp_project/robot-programming-project/src/simple_robot -DCMAKE_INSTALL_PREFIX=/home/martina/rp_project/robot-programming-project/src/simple_robot/install/simple_robot
[1.187s] -- The C compiler identification is GNU 11.4.0
[2.447s] -- The CXX compiler identification is GNU 11.4.0
[2.807s] -- Detecting C compiler ABI info
[4.251s] -- Detecting C compiler ABI info - done
[4.444s] -- Check for working C compiler: /usr/lib/ccache/cc - skipped
[4.447s] -- Detecting C compile features
[4.462s] -- Detecting C compile features - done
[4.590s] -- Detecting CXX compiler ABI info
[6.027s] -- Detecting CXX compiler ABI info - done
[6.116s] -- Check for working CXX compiler: /usr/lib/ccache/c++ - skipped
[6.126s] -- Detecting CXX compile features
[6.128s] -- Detecting CXX compile features - done
[6.219s] -- Found OpenCV: /usr (found suitable version "4.5.4", minimum required is "4.5.4") 
[6.231s] -- Found ament_cmake: 1.3.11 (/opt/ros/humble/share/ament_cmake/cmake)
[7.719s] -- Found Python3: /usr/bin/python3 (found version "3.10.12") found components: Interpreter 
[8.723s] -- Found rclcpp: 16.0.11 (/opt/ros/humble/share/rclcpp/cmake)
[9.082s] -- Found rosidl_generator_c: 3.1.6 (/opt/ros/humble/share/rosidl_generator_c/cmake)
[9.131s] -- Found rosidl_adapter: 3.1.6 (/opt/ros/humble/share/rosidl_adapter/cmake)
[9.216s] -- Found rosidl_generator_cpp: 3.1.6 (/opt/ros/humble/share/rosidl_generator_cpp/cmake)
[9.388s] -- Using all available rosidl_typesupport_c: rosidl_typesupport_fastrtps_c;rosidl_typesupport_introspection_c
[9.559s] -- Using all available rosidl_typesupport_cpp: rosidl_typesupport_fastrtps_cpp;rosidl_typesupport_introspection_cpp
[9.936s] -- Found rmw_implementation_cmake: 6.1.2 (/opt/ros/humble/share/rmw_implementation_cmake/cmake)
[9.966s] -- Found rmw_fastrtps_cpp: 6.2.7 (/opt/ros/humble/share/rmw_fastrtps_cpp/cmake)
[11.386s] -- Found OpenSSL: /usr/lib/x86_64-linux-gnu/libcrypto.so (found version "3.0.2")  
[11.610s] -- Found FastRTPS: /opt/ros/humble/include  
[12.188s] -- Using RMW implementation 'rmw_fastrtps_cpp' as default
[12.370s] -- Looking for pthread.h
[13.368s] -- Looking for pthread.h - found
[13.375s] -- Performing Test CMAKE_HAVE_LIBC_PTHREAD
[14.841s] -- Performing Test CMAKE_HAVE_LIBC_PTHREAD - Success
[14.902s] -- Found Threads: TRUE  
[15.461s] -- Found geometry_msgs: 4.2.4 (/opt/ros/humble/share/geometry_msgs/cmake)
[15.591s] -- Found sensor_msgs: 4.2.4 (/opt/ros/humble/share/sensor_msgs/cmake)
[15.847s] -- Found nav_msgs: 4.2.4 (/opt/ros/humble/share/nav_msgs/cmake)
[16.275s] -- Found OpenCV: /usr (found version "4.5.4") 
[17.712s] -- DATA_DIR: /home/martina/rp_project/robot-programming-project/src/simple_robot/data
[17.714s] -- Configuring done
[17.920s] -- Generating done
[17.971s] -- Build files have been written to: /home/martina/rp_project/robot-programming-project/src/simple_robot/build/simple_robot
[18.053s] Invoked command in '/home/martina/rp_project/robot-programming-project/src/simple_robot/build/simple_robot' returned '0': CMAKE_PREFIX_PATH=${CMAKE_PREFIX_PATH}:/opt/ros/humble CONDA_PROMPT_MODIFIER=(base) /usr/bin/cmake /home/martina/rp_project/robot-programming-project/src/simple_robot -DCMAKE_INSTALL_PREFIX=/home/martina/rp_project/robot-programming-project/src/simple_robot/install/simple_robot
[18.091s] Invoking command in '/home/martina/rp_project/robot-programming-project/src/simple_robot/build/simple_robot': CMAKE_PREFIX_PATH=${CMAKE_PREFIX_PATH}:/opt/ros/humble CONDA_PROMPT_MODIFIER=(base) /usr/bin/cmake --build /home/martina/rp_project/robot-programming-project/src/simple_robot/build/simple_robot -- -j4 -l4
[19.429s] [35m[1mConsolidate compiler generated dependencies of target robot_map_node[0m
[20.267s] [  8%] [32mBuilding CXX object CMakeFiles/robot_map_node.dir/src/grid_map.cpp.o[0m
[46.760s] [ 16%] [32mBuilding CXX object CMakeFiles/robot_map_node.dir/src/map_utils.cpp.o[0m
[76.695s] [ 25%] [32mBuilding CXX object CMakeFiles/robot_map_node.dir/src/main.cpp.o[0m
[205.982s] [ 33%] [32mBuilding CXX object CMakeFiles/robot_map_node.dir/src/robot.cpp.o[0m
[232.351s] [ 41%] [32m[1mLinking CXX executable robot_map_node[0m
[242.563s] [ 50%] Built target robot_map_node
[242.729s] [35m[1mConsolidate compiler generated dependencies of target grid_map[0m
[243.037s] [ 58%] [32mBuilding CXX object src/CMakeFiles/grid_map.dir/grid_map.cpp.o[0m
[267.697s] [ 66%] [32mBuilding CXX object src/CMakeFiles/grid_map.dir/main.cpp.o[0m
[412.124s] [ 75%] [32mBuilding CXX object src/CMakeFiles/grid_map.dir/robot.cpp.o[0m
[442.800s] [ 83%] [32mBuilding CXX object src/CMakeFiles/grid_map.dir/map_utils.cpp.o[0m
[475.906s] [ 91%] [32m[1mLinking CXX shared library libgrid_map.so[0m
[483.547s] [100%] Built target grid_map
[483.633s] Invoked command in '/home/martina/rp_project/robot-programming-project/src/simple_robot/build/simple_robot' returned '0': CMAKE_PREFIX_PATH=${CMAKE_PREFIX_PATH}:/opt/ros/humble CONDA_PROMPT_MODIFIER=(base) /usr/bin/cmake --build /home/martina/rp_project/robot-programming-project/src/simple_robot/build/simple_robot -- -j4 -l4
[483.713s] Invoking command in '/home/martina/rp_project/robot-programming-project/src/simple_robot/build/simple_robot': CMAKE_PREFIX_PATH=${CMAKE_PREFIX_PATH}:/opt/ros/humble CONDA_PROMPT_MODIFIER=(base) /usr/bin/cmake --install /home/martina/rp_project/robot-programming-project/src/simple_robot/build/simple_robot
[483.774s] -- Install configuration: ""
[483.777s] -- Installing: /home/martina/rp_project/robot-programming-project/src/simple_robot/install/simple_robot/lib/simple_robot/robot_map_node
[483.836s] -- Set runtime path of "/home/martina/rp_project/robot-programming-project/src/simple_robot/install/simple_robot/lib/simple_robot/robot_map_node" to ""
[483.839s] -- Up-to-date: /home/martina/rp_project/robot-programming-project/src/simple_robot/install/simple_robot/share/ament_index/resource_index/package_run_dependencies/simple_robot
[483.845s] -- Up-to-date: /home/martina/rp_project/robot-programming-project/src/simple_robot/install/simple_robot/share/ament_index/resource_index/parent_prefix_path/simple_robot
[483.845s] -- Up-to-date: /home/martina/rp_project/robot-programming-project/src/simple_robot/install/simple_robot/share/simple_robot/environment/ament_prefix_path.sh
[483.846s] -- Installing: /home/martina/rp_project/robot-programming-project/src/simple_robot/install/simple_robot/share/simple_robot/environment/ament_prefix_path.dsv
[483.847s] -- Up-to-date: /home/martina/rp_project/robot-programming-project/src/simple_robot/install/simple_robot/share/simple_robot/environment/path.sh
[483.848s] -- Installing: /home/martina/rp_project/robot-programming-project/src/simple_robot/install/simple_robot/share/simple_robot/environment/path.dsv
[483.849s] -- Up-to-date: /home/martina/rp_project/robot-programming-project/src/simple_robot/install/simple_robot/share/simple_robot/local_setup.bash
[483.850s] -- Up-to-date: /home/martina/rp_project/robot-programming-project/src/simple_robot/install/simple_robot/share/simple_robot/local_setup.sh
[483.850s] -- Up-to-date: /home/martina/rp_project/robot-programming-project/src/simple_robot/install/simple_robot/share/simple_robot/local_setup.zsh
[483.852s] -- Installing: /home/martina/rp_project/robot-programming-project/src/simple_robot/install/simple_robot/share/simple_robot/local_setup.dsv
[483.853s] -- Installing: /home/martina/rp_project/robot-programming-project/src/simple_robot/install/simple_robot/share/simple_robot/package.dsv
[483.855s] -- Up-to-date: /home/martina/rp_project/robot-programming-project/src/simple_robot/install/simple_robot/share/ament_index/resource_index/packages/simple_robot
[483.858s] -- Up-to-date: /home/martina/rp_project/robot-programming-project/src/simple_robot/install/simple_robot/share/simple_robot/cmake/simple_robotConfig.cmake
[483.863s] -- Up-to-date: /home/martina/rp_project/robot-programming-project/src/simple_robot/install/simple_robot/share/simple_robot/cmake/simple_robotConfig-version.cmake
[483.864s] -- Up-to-date: /home/martina/rp_project/robot-programming-project/src/simple_robot/install/simple_robot/share/simple_robot/package.xml
[483.870s] Invoked command in '/home/martina/rp_project/robot-programming-project/src/simple_robot/build/simple_robot' returned '0': CMAKE_PREFIX_PATH=${CMAKE_PREFIX_PATH}:/opt/ros/humble CONDA_PROMPT_MODIFIER=(base) /usr/bin/cmake --install /home/martina/rp_project/robot-programming-project/src/simple_robot/build/simple_robot
