[0.000000] (-) TimerEvent: {}
[0.001069] (simple_robot) JobQueued: {'identifier': 'simple_robot', 'dependencies': OrderedDict()}
[0.001433] (simple_robot) JobStarted: {'identifier': 'simple_robot'}
[0.025028] (simple_robot) JobProgress: {'identifier': 'simple_robot', 'progress': 'cmake'}
[0.025800] (simple_robot) Command: {'cmd': ['/usr/bin/cmake', '/home/martina/rp_project/robot-programming-project/src/simple_robot', '-DCMAKE_INSTALL_PREFIX=/home/martina/rp_project/robot-programming-project/src/simple_robot/install/simple_robot'], 'cwd': '/home/martina/rp_project/robot-programming-project/src/simple_robot/build/simple_robot', 'env': OrderedDict([('GJS_DEBUG_TOPICS', 'JS ERROR;JS LOG'), ('LESSOPEN', '| /usr/bin/env /usr/bin/lesspipe %s 2>/dev/null'), ('CONDA_PROMPT_MODIFIER', '(base)'), ('LC_TIME', 'it_IT.UTF-8'), ('USER', 'martina'), ('XDG_SESSION_TYPE', 'wayland'), ('GIT_ASKPASS', '/usr/share/code/resources/app/extensions/git/dist/askpass.sh'), ('SHLVL', '2'), ('LD_LIBRARY_PATH', '/opt/ros/humble/opt/rviz_ogre_vendor/lib:/opt/ros/humble/lib/x86_64-linux-gnu:/opt/ros/humble/lib::/home/martina/.mujoco/mujoco210/bin:/usr/lib/nvidia:~/anaconda3/lib'), ('HOME', '/home/martina'), ('OLDPWD', '/home/martina/rp_project/robot-programming-project/src/simple_robot'), ('CHROME_DESKTOP', 'code.desktop'), ('TERMINFO', '/home/martina/.terminfo'), ('LESS', '-iRFXMx4'), ('CONDA_SHLVL', '1'), ('DESKTOP_SESSION', 'ubuntu'), ('TERM_PROGRAM_VERSION', '1.97.2'), ('GIO_LAUNCHED_DESKTOP_FILE', '/usr/share/applications/code.desktop'), ('LSCOLORS', 'ExGxDxDxCxDxDxFxFxexEx'), ('GTK_MODULES', 'gail:atk-bridge'), ('GNOME_SHELL_SESSION_MODE', 'ubuntu'), ('VSCODE_GIT_ASKPASS_MAIN', '/usr/share/code/resources/app/extensions/git/dist/askpass-main.js'), ('PAGER', 'less'), ('ROS_PYTHON_VERSION', '3'), ('LC_MONETARY', 'it_IT.UTF-8'), ('MANAGERPID', '887'), ('VSCODE_GIT_ASKPASS_NODE', '/usr/share/code/code'), ('SYSTEMD_EXEC_PID', '1152'), ('DBUS_SESSION_BUS_ADDRESS', 'unix:path=/run/user/1000/bus'), ('P9K_TTY', 'old'), ('GIO_LAUNCHED_DESKTOP_FILE_PID', '3260'), ('COLORTERM', 'truecolor'), ('_CE_M', ''), ('WAYLAND_DISPLAY', 'wayland-0'), ('INFOPATH', ''), ('ROS_DISTRO', 'humble'), ('COLCON_PREFIX_PATH', '/home/martina/rp_project/robot-programming-project/install'), ('LOGNAME', 'martina'), ('_', '/usr/bin/colcon'), ('JOURNAL_STREAM', '8:11413'), ('_P9K_SSH_TTY', '/dev/pts/8'), ('XDG_SESSION_CLASS', 'user'), ('USER_ZDOTDIR', '/home/martina'), ('ROS_VERSION', '2'), ('USERNAME', 'martina'), ('TERM', 'xterm-256color'), ('GNOME_DESKTOP_SESSION_ID', 'this-is-deprecated'), ('_CE_CONDA', ''), ('ROS_LOCALHOST_ONLY', '0'), ('PATH', '/opt/ros/humble/bin:/home/martina/.local/bin:/home/martina/.local/bin:/usr/lib/ccache:.:/home/martina/.mujoco/mujoco210/bin:/usr/lib/nvidia:/home/martina/anaconda3/condabin:/home/martina/bin:/home/martina/.local/bin:/usr/local/sbin:/usr/local/bin:/usr/sbin:/usr/bin:/sbin:/bin:/usr/games:/usr/local/games:/snap/bin:/home/martina/.cache/zsh4humans/v5/fzf/bin:/home/martina/other/install/bin'), ('SESSION_MANAGER', 'local/Martina-ThinkPad-X1-Yoga:@/tmp/.ICE-unix/1105,unix/Martina-ThinkPad-X1-Yoga:/tmp/.ICE-unix/1105'), ('INVOCATION_ID', 'abb78b4b018940349bd4da4c8fed9753'), ('LC_ADDRESS', 'it_IT.UTF-8'), ('XDG_RUNTIME_DIR', '/run/user/1000'), ('XDG_MENU_PREFIX', 'gnome-'), ('GNOME_SETUP_DISPLAY', ':1'), ('GDK_BACKEND', 'x11'), ('DISPLAY', ':0'), ('LANG', 'en_US.UTF-8'), ('LC_TELEPHONE', 'it_IT.UTF-8'), ('XDG_CURRENT_DESKTOP', 'Unity'), ('VSCODE_INJECTION', '1'), ('LD_PRELOAD', ':/usr/lib/x86_64-linux-gnu/libGLEW.so'), ('XDG_SESSION_DESKTOP', 'ubuntu'), ('XMODIFIERS', '@im=ibus'), ('XAUTHORITY', '/run/user/1000/.mutter-Xwaylandauth.L52E22'), ('TERM_PROGRAM', 'vscode'), ('VSCODE_GIT_IPC_HANDLE', '/run/user/1000/vscode-git-f640f2b3f6.sock'), ('LS_COLORS', 'fi=00:mi=00:mh=00:ln=01;36:or=01;31:di=01;34:ow=04;01;34:st=34:tw=04;34:pi=01;33:so=01;33:do=01;33:bd=01;33:cd=01;33:su=01;35:sg=01;35:ca=01;35:ex=01;32:no=38;5;248'), ('TREE_COLORS', 'fi=00:mi=00:mh=00:ln=01;36:or=01;31:di=01;34:ow=01;34:st=34:tw=34:pi=01;33:so=01;33:do=01;33:bd=01;33:cd=01;33:su=01;35:sg=01;35:ca=01;35:ex=01;32'), ('SSH_AGENT_LAUNCHER', 'gnome-keyring'), ('SSH_AUTH_SOCK', '/run/user/1000/keyring/ssh'), ('ORIGINAL_XDG_CURRENT_DESKTOP', 'ubuntu:GNOME'), ('CONDA_PYTHON_EXE', '/home/martina/anaconda3/bin/python'), ('AMENT_PREFIX_PATH', '/home/martina/rp_project/robot-programming-project/install/simple_robot:/opt/ros/humble'), ('LC_NAME', 'it_IT.UTF-8'), ('SHELL', '/usr/local/bin/zsh'), ('DEST', '/home/martina/other/install'), ('QT_ACCESSIBILITY', '1'), ('GDMSESSION', 'ubuntu'), ('CONDA_DEFAULT_ENV', 'base'), ('LC_MEASUREMENT', 'it_IT.UTF-8'), ('LC_IDENTIFICATION', 'it_IT.UTF-8'), ('GJS_DEBUG_OUTPUT', 'stderr'), ('P9K_SSH', '0'), ('QT_IM_MODULE', 'ibus'), ('VSCODE_GIT_ASKPASS_EXTRA_ARGS', ''), ('VSCODE_NONCE', '7c65222c-0a02-41ce-a83c-cc3ab3c073d9'), ('LC_ALL', 'en_US.UTF-8'), ('PWD', '/home/martina/rp_project/robot-programming-project/src/simple_robot/build/simple_robot'), ('GPG_TTY', '/dev/pts/8'), ('XDG_DATA_DIRS', '/usr/local/share/:/usr/share/:/var/lib/snapd/desktop'), ('ZDOTDIR', '/home/martina'), ('_P9K_TTY', '/dev/pts/8'), ('CONDA_EXE', '/home/martina/anaconda3/bin/conda'), ('LC_NUMERIC', 'it_IT.UTF-8'), ('PYTHONPATH', '/opt/ros/humble/lib/python3.10/site-packages:/opt/ros/humble/local/lib/python3.10/dist-packages:/home/martina/other/install/lib/python3.10/site-packages/'), ('LC_PAPER', 'it_IT.UTF-8'), ('CONDA_PREFIX', '/home/martina/anaconda3'), ('COLCON', '1'), ('MANPATH', '/usr/local/share/man:/home/martina/.cache/zsh4humans/v5/fzf/man:'), ('CMAKE_PREFIX_PATH', '/home/martina/rp_project/robot-programming-project/install/simple_robot:/opt/ros/humble')]), 'shell': False}
[0.099630] (-) TimerEvent: {}
[0.186358] (simple_robot) StdoutLine: {'line': b'-- The C compiler identification is GNU 11.4.0\n'}
[0.199722] (-) TimerEvent: {}
[0.300203] (-) TimerEvent: {}
[0.370229] (simple_robot) StdoutLine: {'line': b'-- The CXX compiler identification is GNU 11.4.0\n'}
[0.399565] (simple_robot) StdoutLine: {'line': b'-- Detecting C compiler ABI info\n'}
[0.400289] (-) TimerEvent: {}
[0.500653] (-) TimerEvent: {}
[0.557576] (simple_robot) StdoutLine: {'line': b'-- Detecting C compiler ABI info - done\n'}
[0.573418] (simple_robot) StdoutLine: {'line': b'-- Check for working C compiler: /usr/lib/ccache/cc - skipped\n'}
[0.573967] (simple_robot) StdoutLine: {'line': b'-- Detecting C compile features\n'}
[0.574619] (simple_robot) StdoutLine: {'line': b'-- Detecting C compile features - done\n'}
[0.580346] (simple_robot) StdoutLine: {'line': b'-- Detecting CXX compiler ABI info\n'}
[0.601358] (-) TimerEvent: {}
[0.703668] (-) TimerEvent: {}
[0.806365] (-) TimerEvent: {}
[0.907181] (-) TimerEvent: {}
[0.933288] (simple_robot) StdoutLine: {'line': b'-- Detecting CXX compiler ABI info - done\n'}
[0.983215] (simple_robot) StdoutLine: {'line': b'-- Check for working CXX compiler: /usr/lib/ccache/c++ - skipped\n'}
[0.983561] (simple_robot) StdoutLine: {'line': b'-- Detecting CXX compile features\n'}
[0.983745] (simple_robot) StdoutLine: {'line': b'-- Detecting CXX compile features - done\n'}
[1.013282] (simple_robot) StdoutLine: {'line': b'-- Found OpenCV: /usr (found suitable version "4.5.4", minimum required is "4.5.4") \n'}
[1.013596] (-) TimerEvent: {}
[1.015430] (simple_robot) StdoutLine: {'line': b'-- Found ament_cmake: 1.3.11 (/opt/ros/humble/share/ament_cmake/cmake)\n'}
[1.113945] (-) TimerEvent: {}
[1.217059] (-) TimerEvent: {}
[1.317469] (-) TimerEvent: {}
[1.417836] (-) TimerEvent: {}
[1.446939] (simple_robot) StdoutLine: {'line': b'-- Found Python3: /usr/bin/python3 (found version "3.10.12") found components: Interpreter \n'}
[1.517958] (-) TimerEvent: {}
[1.619568] (-) TimerEvent: {}
[1.671014] (simple_robot) StdoutLine: {'line': b'-- Found rclcpp: 16.0.11 (/opt/ros/humble/share/rclcpp/cmake)\n'}
[1.719702] (-) TimerEvent: {}
[1.752750] (simple_robot) StdoutLine: {'line': b'-- Found rosidl_generator_c: 3.1.6 (/opt/ros/humble/share/rosidl_generator_c/cmake)\n'}
[1.760814] (simple_robot) StdoutLine: {'line': b'-- Found rosidl_adapter: 3.1.6 (/opt/ros/humble/share/rosidl_adapter/cmake)\n'}
[1.774483] (simple_robot) StdoutLine: {'line': b'-- Found rosidl_generator_cpp: 3.1.6 (/opt/ros/humble/share/rosidl_generator_cpp/cmake)\n'}
[1.794758] (simple_robot) StdoutLine: {'line': b'-- Using all available rosidl_typesupport_c: rosidl_typesupport_fastrtps_c;rosidl_typesupport_introspection_c\n'}
[1.819823] (-) TimerEvent: {}
[1.822780] (simple_robot) StdoutLine: {'line': b'-- Using all available rosidl_typesupport_cpp: rosidl_typesupport_fastrtps_cpp;rosidl_typesupport_introspection_cpp\n'}
[1.891232] (simple_robot) StdoutLine: {'line': b'-- Found rmw_implementation_cmake: 6.1.2 (/opt/ros/humble/share/rmw_implementation_cmake/cmake)\n'}
[1.894307] (simple_robot) StdoutLine: {'line': b'-- Found rmw_fastrtps_cpp: 6.2.7 (/opt/ros/humble/share/rmw_fastrtps_cpp/cmake)\n'}
[1.919966] (-) TimerEvent: {}
[2.020325] (-) TimerEvent: {}
[2.105019] (simple_robot) StdoutLine: {'line': b'-- Found OpenSSL: /usr/lib/x86_64-linux-gnu/libcrypto.so (found version "3.0.2")  \n'}
[2.120438] (-) TimerEvent: {}
[2.156891] (simple_robot) StdoutLine: {'line': b'-- Found FastRTPS: /opt/ros/humble/include  \n'}
[2.220550] (-) TimerEvent: {}
[2.239080] (simple_robot) StdoutLine: {'line': b"-- Using RMW implementation 'rmw_fastrtps_cpp' as default\n"}
[2.254742] (simple_robot) StdoutLine: {'line': b'-- Looking for pthread.h\n'}
[2.320673] (-) TimerEvent: {}
[2.401461] (simple_robot) StdoutLine: {'line': b'-- Looking for pthread.h - found\n'}
[2.401908] (simple_robot) StdoutLine: {'line': b'-- Performing Test CMAKE_HAVE_LIBC_PTHREAD\n'}
[2.420807] (-) TimerEvent: {}
[2.521244] (-) TimerEvent: {}
[2.559836] (simple_robot) StdoutLine: {'line': b'-- Performing Test CMAKE_HAVE_LIBC_PTHREAD - Success\n'}
[2.564782] (simple_robot) StdoutLine: {'line': b'-- Found Threads: TRUE  \n'}
[2.621361] (-) TimerEvent: {}
[2.671299] (simple_robot) StdoutLine: {'line': b'-- Found geometry_msgs: 4.2.4 (/opt/ros/humble/share/geometry_msgs/cmake)\n'}
[2.696644] (simple_robot) StdoutLine: {'line': b'-- Found sensor_msgs: 4.2.4 (/opt/ros/humble/share/sensor_msgs/cmake)\n'}
[2.721482] (-) TimerEvent: {}
[2.731466] (simple_robot) StdoutLine: {'line': b'-- Found nav_msgs: 4.2.4 (/opt/ros/humble/share/nav_msgs/cmake)\n'}
[2.768453] (simple_robot) StdoutLine: {'line': b'-- Found OpenCV: /usr (found version "4.5.4") \n'}
[2.821585] (-) TimerEvent: {}
[2.894489] (simple_robot) StdoutLine: {'line': b'-- DATA_DIR: /home/martina/rp_project/robot-programming-project/src/simple_robot/data\n'}
[2.895304] (simple_robot) StdoutLine: {'line': b'-- Configuring done\n'}
[2.921710] (-) TimerEvent: {}
[2.949698] (simple_robot) StdoutLine: {'line': b'-- Generating done\n'}
[2.967355] (simple_robot) StdoutLine: {'line': b'-- Build files have been written to: /home/martina/rp_project/robot-programming-project/src/simple_robot/build/simple_robot\n'}
[2.998092] (simple_robot) CommandEnded: {'returncode': 0}
[3.004140] (simple_robot) JobProgress: {'identifier': 'simple_robot', 'progress': 'build'}
[3.004286] (simple_robot) Command: {'cmd': ['/usr/bin/cmake', '--build', '/home/martina/rp_project/robot-programming-project/src/simple_robot/build/simple_robot', '--', '-j4', '-l4'], 'cwd': '/home/martina/rp_project/robot-programming-project/src/simple_robot/build/simple_robot', 'env': OrderedDict([('GJS_DEBUG_TOPICS', 'JS ERROR;JS LOG'), ('LESSOPEN', '| /usr/bin/env /usr/bin/lesspipe %s 2>/dev/null'), ('CONDA_PROMPT_MODIFIER', '(base)'), ('LC_TIME', 'it_IT.UTF-8'), ('USER', 'martina'), ('XDG_SESSION_TYPE', 'wayland'), ('GIT_ASKPASS', '/usr/share/code/resources/app/extensions/git/dist/askpass.sh'), ('SHLVL', '2'), ('LD_LIBRARY_PATH', '/opt/ros/humble/opt/rviz_ogre_vendor/lib:/opt/ros/humble/lib/x86_64-linux-gnu:/opt/ros/humble/lib::/home/martina/.mujoco/mujoco210/bin:/usr/lib/nvidia:~/anaconda3/lib'), ('HOME', '/home/martina'), ('OLDPWD', '/home/martina/rp_project/robot-programming-project/src/simple_robot'), ('CHROME_DESKTOP', 'code.desktop'), ('TERMINFO', '/home/martina/.terminfo'), ('LESS', '-iRFXMx4'), ('CONDA_SHLVL', '1'), ('DESKTOP_SESSION', 'ubuntu'), ('TERM_PROGRAM_VERSION', '1.97.2'), ('GIO_LAUNCHED_DESKTOP_FILE', '/usr/share/applications/code.desktop'), ('LSCOLORS', 'ExGxDxDxCxDxDxFxFxexEx'), ('GTK_MODULES', 'gail:atk-bridge'), ('GNOME_SHELL_SESSION_MODE', 'ubuntu'), ('VSCODE_GIT_ASKPASS_MAIN', '/usr/share/code/resources/app/extensions/git/dist/askpass-main.js'), ('PAGER', 'less'), ('ROS_PYTHON_VERSION', '3'), ('LC_MONETARY', 'it_IT.UTF-8'), ('MANAGERPID', '887'), ('VSCODE_GIT_ASKPASS_NODE', '/usr/share/code/code'), ('SYSTEMD_EXEC_PID', '1152'), ('DBUS_SESSION_BUS_ADDRESS', 'unix:path=/run/user/1000/bus'), ('P9K_TTY', 'old'), ('GIO_LAUNCHED_DESKTOP_FILE_PID', '3260'), ('COLORTERM', 'truecolor'), ('_CE_M', ''), ('WAYLAND_DISPLAY', 'wayland-0'), ('INFOPATH', ''), ('ROS_DISTRO', 'humble'), ('COLCON_PREFIX_PATH', '/home/martina/rp_project/robot-programming-project/install'), ('LOGNAME', 'martina'), ('_', '/usr/bin/colcon'), ('JOURNAL_STREAM', '8:11413'), ('_P9K_SSH_TTY', '/dev/pts/8'), ('XDG_SESSION_CLASS', 'user'), ('USER_ZDOTDIR', '/home/martina'), ('ROS_VERSION', '2'), ('USERNAME', 'martina'), ('TERM', 'xterm-256color'), ('GNOME_DESKTOP_SESSION_ID', 'this-is-deprecated'), ('_CE_CONDA', ''), ('ROS_LOCALHOST_ONLY', '0'), ('PATH', '/opt/ros/humble/bin:/home/martina/.local/bin:/home/martina/.local/bin:/usr/lib/ccache:.:/home/martina/.mujoco/mujoco210/bin:/usr/lib/nvidia:/home/martina/anaconda3/condabin:/home/martina/bin:/home/martina/.local/bin:/usr/local/sbin:/usr/local/bin:/usr/sbin:/usr/bin:/sbin:/bin:/usr/games:/usr/local/games:/snap/bin:/home/martina/.cache/zsh4humans/v5/fzf/bin:/home/martina/other/install/bin'), ('SESSION_MANAGER', 'local/Martina-ThinkPad-X1-Yoga:@/tmp/.ICE-unix/1105,unix/Martina-ThinkPad-X1-Yoga:/tmp/.ICE-unix/1105'), ('INVOCATION_ID', 'abb78b4b018940349bd4da4c8fed9753'), ('LC_ADDRESS', 'it_IT.UTF-8'), ('XDG_RUNTIME_DIR', '/run/user/1000'), ('XDG_MENU_PREFIX', 'gnome-'), ('GNOME_SETUP_DISPLAY', ':1'), ('GDK_BACKEND', 'x11'), ('DISPLAY', ':0'), ('LANG', 'en_US.UTF-8'), ('LC_TELEPHONE', 'it_IT.UTF-8'), ('XDG_CURRENT_DESKTOP', 'Unity'), ('VSCODE_INJECTION', '1'), ('LD_PRELOAD', ':/usr/lib/x86_64-linux-gnu/libGLEW.so'), ('XDG_SESSION_DESKTOP', 'ubuntu'), ('XMODIFIERS', '@im=ibus'), ('XAUTHORITY', '/run/user/1000/.mutter-Xwaylandauth.L52E22'), ('TERM_PROGRAM', 'vscode'), ('VSCODE_GIT_IPC_HANDLE', '/run/user/1000/vscode-git-f640f2b3f6.sock'), ('LS_COLORS', 'fi=00:mi=00:mh=00:ln=01;36:or=01;31:di=01;34:ow=04;01;34:st=34:tw=04;34:pi=01;33:so=01;33:do=01;33:bd=01;33:cd=01;33:su=01;35:sg=01;35:ca=01;35:ex=01;32:no=38;5;248'), ('TREE_COLORS', 'fi=00:mi=00:mh=00:ln=01;36:or=01;31:di=01;34:ow=01;34:st=34:tw=34:pi=01;33:so=01;33:do=01;33:bd=01;33:cd=01;33:su=01;35:sg=01;35:ca=01;35:ex=01;32'), ('SSH_AGENT_LAUNCHER', 'gnome-keyring'), ('SSH_AUTH_SOCK', '/run/user/1000/keyring/ssh'), ('ORIGINAL_XDG_CURRENT_DESKTOP', 'ubuntu:GNOME'), ('CONDA_PYTHON_EXE', '/home/martina/anaconda3/bin/python'), ('AMENT_PREFIX_PATH', '/home/martina/rp_project/robot-programming-project/install/simple_robot:/opt/ros/humble'), ('LC_NAME', 'it_IT.UTF-8'), ('SHELL', '/usr/local/bin/zsh'), ('DEST', '/home/martina/other/install'), ('QT_ACCESSIBILITY', '1'), ('GDMSESSION', 'ubuntu'), ('CONDA_DEFAULT_ENV', 'base'), ('LC_MEASUREMENT', 'it_IT.UTF-8'), ('LC_IDENTIFICATION', 'it_IT.UTF-8'), ('GJS_DEBUG_OUTPUT', 'stderr'), ('P9K_SSH', '0'), ('QT_IM_MODULE', 'ibus'), ('VSCODE_GIT_ASKPASS_EXTRA_ARGS', ''), ('VSCODE_NONCE', '7c65222c-0a02-41ce-a83c-cc3ab3c073d9'), ('LC_ALL', 'en_US.UTF-8'), ('PWD', '/home/martina/rp_project/robot-programming-project/src/simple_robot/build/simple_robot'), ('GPG_TTY', '/dev/pts/8'), ('XDG_DATA_DIRS', '/usr/local/share/:/usr/share/:/var/lib/snapd/desktop'), ('ZDOTDIR', '/home/martina'), ('_P9K_TTY', '/dev/pts/8'), ('CONDA_EXE', '/home/martina/anaconda3/bin/conda'), ('LC_NUMERIC', 'it_IT.UTF-8'), ('PYTHONPATH', '/opt/ros/humble/lib/python3.10/site-packages:/opt/ros/humble/local/lib/python3.10/dist-packages:/home/martina/other/install/lib/python3.10/site-packages/'), ('LC_PAPER', 'it_IT.UTF-8'), ('CONDA_PREFIX', '/home/martina/anaconda3'), ('COLCON', '1'), ('MANPATH', '/usr/local/share/man:/home/martina/.cache/zsh4humans/v5/fzf/man:'), ('CMAKE_PREFIX_PATH', '/home/martina/rp_project/robot-programming-project/install/simple_robot:/opt/ros/humble')]), 'shell': False}
[3.021859] (-) TimerEvent: {}
[3.122443] (-) TimerEvent: {}
[3.144206] (simple_robot) StdoutLine: {'line': b'\x1b[35m\x1b[1mConsolidate compiler generated dependencies of target robot_map_node\x1b[0m\n'}
[3.157997] (simple_robot) StdoutLine: {'line': b'\x1b[35m\x1b[1mConsolidate compiler generated dependencies of target grid_map\x1b[0m\n'}
[3.226001] (-) TimerEvent: {}
[3.263517] (simple_robot) StdoutLine: {'line': b'[  8%] \x1b[32mBuilding CXX object CMakeFiles/robot_map_node.dir/src/main.cpp.o\x1b[0m\n'}
[3.274763] (simple_robot) StdoutLine: {'line': b'[ 16%] \x1b[32mBuilding CXX object src/CMakeFiles/grid_map.dir/main.cpp.o\x1b[0m\n'}
[3.326120] (-) TimerEvent: {}
[3.427394] (-) TimerEvent: {}
[3.527823] (-) TimerEvent: {}
[3.628303] (-) TimerEvent: {}
[3.728793] (-) TimerEvent: {}
[3.830030] (-) TimerEvent: {}
[3.931043] (-) TimerEvent: {}
[4.033028] (-) TimerEvent: {}
[4.133485] (-) TimerEvent: {}
[4.234491] (-) TimerEvent: {}
[4.334937] (-) TimerEvent: {}
[4.435293] (-) TimerEvent: {}
[4.535689] (-) TimerEvent: {}
[4.636177] (-) TimerEvent: {}
[4.737175] (-) TimerEvent: {}
[4.837574] (-) TimerEvent: {}
[4.937938] (-) TimerEvent: {}
[5.038376] (-) TimerEvent: {}
[5.139234] (-) TimerEvent: {}
[5.239686] (-) TimerEvent: {}
[5.340086] (-) TimerEvent: {}
[5.440518] (-) TimerEvent: {}
[5.540945] (-) TimerEvent: {}
[5.641360] (-) TimerEvent: {}
[5.741749] (-) TimerEvent: {}
[5.842170] (-) TimerEvent: {}
[5.942561] (-) TimerEvent: {}
[6.043288] (-) TimerEvent: {}
[6.143672] (-) TimerEvent: {}
[6.244093] (-) TimerEvent: {}
[6.344979] (-) TimerEvent: {}
[6.445468] (-) TimerEvent: {}
[6.546678] (-) TimerEvent: {}
[6.647944] (-) TimerEvent: {}
[6.748333] (-) TimerEvent: {}
[6.849319] (-) TimerEvent: {}
[6.950012] (-) TimerEvent: {}
[7.050894] (-) TimerEvent: {}
[7.151763] (-) TimerEvent: {}
[7.252186] (-) TimerEvent: {}
[7.352641] (-) TimerEvent: {}
[7.453009] (-) TimerEvent: {}
[7.553393] (-) TimerEvent: {}
[7.653802] (-) TimerEvent: {}
[7.754234] (-) TimerEvent: {}
[7.854861] (-) TimerEvent: {}
[7.955300] (-) TimerEvent: {}
[8.055716] (-) TimerEvent: {}
[8.156120] (-) TimerEvent: {}
[8.256529] (-) TimerEvent: {}
[8.356943] (-) TimerEvent: {}
[8.457336] (-) TimerEvent: {}
[8.557754] (-) TimerEvent: {}
[8.658180] (-) TimerEvent: {}
[8.758582] (-) TimerEvent: {}
[8.858980] (-) TimerEvent: {}
[8.959361] (-) TimerEvent: {}
[9.059730] (-) TimerEvent: {}
[9.160127] (-) TimerEvent: {}
[9.260514] (-) TimerEvent: {}
[9.361463] (-) TimerEvent: {}
[9.462419] (-) TimerEvent: {}
[9.562852] (-) TimerEvent: {}
[9.663654] (-) TimerEvent: {}
[9.764021] (-) TimerEvent: {}
[9.864418] (-) TimerEvent: {}
[9.965074] (-) TimerEvent: {}
[10.065447] (-) TimerEvent: {}
[10.165842] (-) TimerEvent: {}
[10.266488] (-) TimerEvent: {}
[10.369997] (-) TimerEvent: {}
[10.472011] (-) TimerEvent: {}
[10.572413] (-) TimerEvent: {}
[10.672878] (-) TimerEvent: {}
[10.773726] (-) TimerEvent: {}
[10.874345] (-) TimerEvent: {}
[10.974815] (-) TimerEvent: {}
[11.075523] (-) TimerEvent: {}
[11.175915] (-) TimerEvent: {}
[11.276297] (-) TimerEvent: {}
[11.376685] (-) TimerEvent: {}
[11.477083] (-) TimerEvent: {}
[11.578492] (-) TimerEvent: {}
[11.678883] (-) TimerEvent: {}
[11.779881] (-) TimerEvent: {}
[11.880561] (-) TimerEvent: {}
[11.980955] (-) TimerEvent: {}
[12.081335] (-) TimerEvent: {}
[12.181938] (-) TimerEvent: {}
[12.282332] (-) TimerEvent: {}
[12.382763] (-) TimerEvent: {}
[12.483253] (-) TimerEvent: {}
[12.583788] (-) TimerEvent: {}
[12.684238] (-) TimerEvent: {}
[12.784637] (-) TimerEvent: {}
[12.888000] (-) TimerEvent: {}
[12.988785] (-) TimerEvent: {}
[13.089566] (-) TimerEvent: {}
[13.190308] (-) TimerEvent: {}
[13.290700] (-) TimerEvent: {}
[13.391099] (-) TimerEvent: {}
[13.491491] (-) TimerEvent: {}
[13.591880] (-) TimerEvent: {}
[13.692522] (-) TimerEvent: {}
[13.792907] (-) TimerEvent: {}
[13.893314] (-) TimerEvent: {}
[13.993761] (-) TimerEvent: {}
[14.094418] (-) TimerEvent: {}
[14.194805] (-) TimerEvent: {}
[14.295311] (-) TimerEvent: {}
[14.395694] (-) TimerEvent: {}
[14.496525] (-) TimerEvent: {}
[14.597272] (-) TimerEvent: {}
[14.697668] (-) TimerEvent: {}
[14.798373] (-) TimerEvent: {}
[14.898755] (-) TimerEvent: {}
[14.999379] (-) TimerEvent: {}
[15.099776] (-) TimerEvent: {}
[15.200172] (-) TimerEvent: {}
[15.300558] (-) TimerEvent: {}
[15.400954] (-) TimerEvent: {}
[15.501342] (-) TimerEvent: {}
[15.601729] (-) TimerEvent: {}
[15.702123] (-) TimerEvent: {}
[15.802979] (-) TimerEvent: {}
[15.903364] (-) TimerEvent: {}
[16.003747] (-) TimerEvent: {}
[16.104607] (-) TimerEvent: {}
[16.205248] (-) TimerEvent: {}
[16.305865] (-) TimerEvent: {}
[16.406276] (-) TimerEvent: {}
[16.506910] (-) TimerEvent: {}
[16.607749] (-) TimerEvent: {}
[16.708175] (-) TimerEvent: {}
[16.808577] (-) TimerEvent: {}
[16.909004] (-) TimerEvent: {}
[17.009387] (-) TimerEvent: {}
[17.109779] (-) TimerEvent: {}
[17.210655] (-) TimerEvent: {}
[17.311079] (-) TimerEvent: {}
[17.412205] (-) TimerEvent: {}
[17.512579] (-) TimerEvent: {}
[17.612986] (-) TimerEvent: {}
[17.713422] (-) TimerEvent: {}
[17.813818] (-) TimerEvent: {}
[17.914422] (-) TimerEvent: {}
[18.014834] (-) TimerEvent: {}
[18.115230] (-) TimerEvent: {}
[18.215709] (-) TimerEvent: {}
[18.316202] (-) TimerEvent: {}
[18.416695] (-) TimerEvent: {}
[18.517473] (-) TimerEvent: {}
[18.617902] (-) TimerEvent: {}
[18.718469] (-) TimerEvent: {}
[18.818987] (-) TimerEvent: {}
[18.919459] (-) TimerEvent: {}
[19.019871] (-) TimerEvent: {}
[19.120304] (-) TimerEvent: {}
[19.220729] (-) TimerEvent: {}
[19.321151] (-) TimerEvent: {}
[19.421734] (-) TimerEvent: {}
[19.522095] (-) TimerEvent: {}
[19.622500] (-) TimerEvent: {}
[19.722849] (-) TimerEvent: {}
[19.823233] (-) TimerEvent: {}
[19.923719] (-) TimerEvent: {}
[20.024133] (-) TimerEvent: {}
[20.124782] (-) TimerEvent: {}
[20.225159] (-) TimerEvent: {}
[20.325504] (-) TimerEvent: {}
[20.425860] (-) TimerEvent: {}
[20.526203] (-) TimerEvent: {}
[20.626584] (-) TimerEvent: {}
[20.726965] (-) TimerEvent: {}
[20.827370] (-) TimerEvent: {}
[20.927725] (-) TimerEvent: {}
[21.028714] (-) TimerEvent: {}
[21.129832] (-) TimerEvent: {}
[21.230389] (-) TimerEvent: {}
[21.330727] (-) TimerEvent: {}
[21.431290] (-) TimerEvent: {}
[21.531629] (-) TimerEvent: {}
[21.631995] (-) TimerEvent: {}
[21.732340] (-) TimerEvent: {}
[21.832687] (-) TimerEvent: {}
[21.932995] (-) TimerEvent: {}
[22.033333] (-) TimerEvent: {}
[22.133670] (-) TimerEvent: {}
[22.233997] (-) TimerEvent: {}
[22.334896] (-) TimerEvent: {}
[22.435258] (-) TimerEvent: {}
[22.535612] (-) TimerEvent: {}
[22.636026] (-) TimerEvent: {}
[22.736559] (-) TimerEvent: {}
[22.837263] (-) TimerEvent: {}
[22.937602] (-) TimerEvent: {}
[23.037956] (-) TimerEvent: {}
[23.138296] (-) TimerEvent: {}
[23.238633] (-) TimerEvent: {}
[23.338993] (-) TimerEvent: {}
[23.439335] (-) TimerEvent: {}
[23.539679] (-) TimerEvent: {}
[23.640247] (-) TimerEvent: {}
[23.740602] (-) TimerEvent: {}
[23.841210] (-) TimerEvent: {}
[23.941633] (-) TimerEvent: {}
[24.042061] (-) TimerEvent: {}
[24.142455] (-) TimerEvent: {}
[24.242852] (-) TimerEvent: {}
[24.343746] (-) TimerEvent: {}
[24.444513] (-) TimerEvent: {}
[24.544956] (-) TimerEvent: {}
[24.645859] (-) TimerEvent: {}
[24.746726] (-) TimerEvent: {}
[24.847074] (-) TimerEvent: {}
[24.947440] (-) TimerEvent: {}
[25.048355] (-) TimerEvent: {}
[25.148700] (-) TimerEvent: {}
[25.249054] (-) TimerEvent: {}
[25.349393] (-) TimerEvent: {}
[25.449940] (-) TimerEvent: {}
[25.550323] (-) TimerEvent: {}
[25.650688] (-) TimerEvent: {}
[25.751067] (-) TimerEvent: {}
[25.851527] (-) TimerEvent: {}
[25.951991] (-) TimerEvent: {}
[25.985080] (simple_robot) StdoutLine: {'line': b'[ 25%] \x1b[32m\x1b[1mLinking CXX shared library libgrid_map.so\x1b[0m\n'}
[26.052110] (-) TimerEvent: {}
[26.155640] (-) TimerEvent: {}
[26.256018] (-) TimerEvent: {}
[26.359124] (-) TimerEvent: {}
[26.466035] (-) TimerEvent: {}
[26.474626] (simple_robot) StdoutLine: {'line': b'[ 33%] \x1b[32m\x1b[1mLinking CXX executable robot_map_node\x1b[0m\n'}
[26.566538] (-) TimerEvent: {}
[26.667210] (-) TimerEvent: {}
[26.768043] (-) TimerEvent: {}
[26.877014] (-) TimerEvent: {}
[26.977416] (-) TimerEvent: {}
[27.077957] (-) TimerEvent: {}
[27.178466] (-) TimerEvent: {}
[27.278980] (-) TimerEvent: {}
[27.379810] (-) TimerEvent: {}
[27.483009] (-) TimerEvent: {}
[27.583497] (-) TimerEvent: {}
[27.684376] (-) TimerEvent: {}
[27.785858] (-) TimerEvent: {}
[27.887770] (-) TimerEvent: {}
[27.988183] (-) TimerEvent: {}
[28.005687] (simple_robot) StdoutLine: {'line': b'[ 66%] Built target grid_map\n'}
[28.088320] (-) TimerEvent: {}
[28.188726] (-) TimerEvent: {}
[28.289170] (-) TimerEvent: {}
[28.390001] (-) TimerEvent: {}
[28.491030] (-) TimerEvent: {}
[28.591575] (-) TimerEvent: {}
[28.692703] (-) TimerEvent: {}
[28.793188] (-) TimerEvent: {}
[28.893724] (-) TimerEvent: {}
[28.995038] (-) TimerEvent: {}
[29.095518] (-) TimerEvent: {}
[29.195940] (-) TimerEvent: {}
[29.266619] (simple_robot) StdoutLine: {'line': b'[100%] Built target robot_map_node\n'}
[29.292150] (simple_robot) CommandEnded: {'returncode': 0}
[29.293847] (simple_robot) JobProgress: {'identifier': 'simple_robot', 'progress': 'install'}
[29.296062] (-) TimerEvent: {}
[29.315839] (simple_robot) Command: {'cmd': ['/usr/bin/cmake', '--install', '/home/martina/rp_project/robot-programming-project/src/simple_robot/build/simple_robot'], 'cwd': '/home/martina/rp_project/robot-programming-project/src/simple_robot/build/simple_robot', 'env': OrderedDict([('GJS_DEBUG_TOPICS', 'JS ERROR;JS LOG'), ('LESSOPEN', '| /usr/bin/env /usr/bin/lesspipe %s 2>/dev/null'), ('CONDA_PROMPT_MODIFIER', '(base)'), ('LC_TIME', 'it_IT.UTF-8'), ('USER', 'martina'), ('XDG_SESSION_TYPE', 'wayland'), ('GIT_ASKPASS', '/usr/share/code/resources/app/extensions/git/dist/askpass.sh'), ('SHLVL', '2'), ('LD_LIBRARY_PATH', '/opt/ros/humble/opt/rviz_ogre_vendor/lib:/opt/ros/humble/lib/x86_64-linux-gnu:/opt/ros/humble/lib::/home/martina/.mujoco/mujoco210/bin:/usr/lib/nvidia:~/anaconda3/lib'), ('HOME', '/home/martina'), ('OLDPWD', '/home/martina/rp_project/robot-programming-project/src/simple_robot'), ('CHROME_DESKTOP', 'code.desktop'), ('TERMINFO', '/home/martina/.terminfo'), ('LESS', '-iRFXMx4'), ('CONDA_SHLVL', '1'), ('DESKTOP_SESSION', 'ubuntu'), ('TERM_PROGRAM_VERSION', '1.97.2'), ('GIO_LAUNCHED_DESKTOP_FILE', '/usr/share/applications/code.desktop'), ('LSCOLORS', 'ExGxDxDxCxDxDxFxFxexEx'), ('GTK_MODULES', 'gail:atk-bridge'), ('GNOME_SHELL_SESSION_MODE', 'ubuntu'), ('VSCODE_GIT_ASKPASS_MAIN', '/usr/share/code/resources/app/extensions/git/dist/askpass-main.js'), ('PAGER', 'less'), ('ROS_PYTHON_VERSION', '3'), ('LC_MONETARY', 'it_IT.UTF-8'), ('MANAGERPID', '887'), ('VSCODE_GIT_ASKPASS_NODE', '/usr/share/code/code'), ('SYSTEMD_EXEC_PID', '1152'), ('DBUS_SESSION_BUS_ADDRESS', 'unix:path=/run/user/1000/bus'), ('P9K_TTY', 'old'), ('GIO_LAUNCHED_DESKTOP_FILE_PID', '3260'), ('COLORTERM', 'truecolor'), ('_CE_M', ''), ('WAYLAND_DISPLAY', 'wayland-0'), ('INFOPATH', ''), ('ROS_DISTRO', 'humble'), ('COLCON_PREFIX_PATH', '/home/martina/rp_project/robot-programming-project/install'), ('LOGNAME', 'martina'), ('_', '/usr/bin/colcon'), ('JOURNAL_STREAM', '8:11413'), ('_P9K_SSH_TTY', '/dev/pts/8'), ('XDG_SESSION_CLASS', 'user'), ('USER_ZDOTDIR', '/home/martina'), ('ROS_VERSION', '2'), ('USERNAME', 'martina'), ('TERM', 'xterm-256color'), ('GNOME_DESKTOP_SESSION_ID', 'this-is-deprecated'), ('_CE_CONDA', ''), ('ROS_LOCALHOST_ONLY', '0'), ('PATH', '/opt/ros/humble/bin:/home/martina/.local/bin:/home/martina/.local/bin:/usr/lib/ccache:.:/home/martina/.mujoco/mujoco210/bin:/usr/lib/nvidia:/home/martina/anaconda3/condabin:/home/martina/bin:/home/martina/.local/bin:/usr/local/sbin:/usr/local/bin:/usr/sbin:/usr/bin:/sbin:/bin:/usr/games:/usr/local/games:/snap/bin:/home/martina/.cache/zsh4humans/v5/fzf/bin:/home/martina/other/install/bin'), ('SESSION_MANAGER', 'local/Martina-ThinkPad-X1-Yoga:@/tmp/.ICE-unix/1105,unix/Martina-ThinkPad-X1-Yoga:/tmp/.ICE-unix/1105'), ('INVOCATION_ID', 'abb78b4b018940349bd4da4c8fed9753'), ('LC_ADDRESS', 'it_IT.UTF-8'), ('XDG_RUNTIME_DIR', '/run/user/1000'), ('XDG_MENU_PREFIX', 'gnome-'), ('GNOME_SETUP_DISPLAY', ':1'), ('GDK_BACKEND', 'x11'), ('DISPLAY', ':0'), ('LANG', 'en_US.UTF-8'), ('LC_TELEPHONE', 'it_IT.UTF-8'), ('XDG_CURRENT_DESKTOP', 'Unity'), ('VSCODE_INJECTION', '1'), ('LD_PRELOAD', ':/usr/lib/x86_64-linux-gnu/libGLEW.so'), ('XDG_SESSION_DESKTOP', 'ubuntu'), ('XMODIFIERS', '@im=ibus'), ('XAUTHORITY', '/run/user/1000/.mutter-Xwaylandauth.L52E22'), ('TERM_PROGRAM', 'vscode'), ('VSCODE_GIT_IPC_HANDLE', '/run/user/1000/vscode-git-f640f2b3f6.sock'), ('LS_COLORS', 'fi=00:mi=00:mh=00:ln=01;36:or=01;31:di=01;34:ow=04;01;34:st=34:tw=04;34:pi=01;33:so=01;33:do=01;33:bd=01;33:cd=01;33:su=01;35:sg=01;35:ca=01;35:ex=01;32:no=38;5;248'), ('TREE_COLORS', 'fi=00:mi=00:mh=00:ln=01;36:or=01;31:di=01;34:ow=01;34:st=34:tw=34:pi=01;33:so=01;33:do=01;33:bd=01;33:cd=01;33:su=01;35:sg=01;35:ca=01;35:ex=01;32'), ('SSH_AGENT_LAUNCHER', 'gnome-keyring'), ('SSH_AUTH_SOCK', '/run/user/1000/keyring/ssh'), ('ORIGINAL_XDG_CURRENT_DESKTOP', 'ubuntu:GNOME'), ('CONDA_PYTHON_EXE', '/home/martina/anaconda3/bin/python'), ('AMENT_PREFIX_PATH', '/home/martina/rp_project/robot-programming-project/install/simple_robot:/opt/ros/humble'), ('LC_NAME', 'it_IT.UTF-8'), ('SHELL', '/usr/local/bin/zsh'), ('DEST', '/home/martina/other/install'), ('QT_ACCESSIBILITY', '1'), ('GDMSESSION', 'ubuntu'), ('CONDA_DEFAULT_ENV', 'base'), ('LC_MEASUREMENT', 'it_IT.UTF-8'), ('LC_IDENTIFICATION', 'it_IT.UTF-8'), ('GJS_DEBUG_OUTPUT', 'stderr'), ('P9K_SSH', '0'), ('QT_IM_MODULE', 'ibus'), ('VSCODE_GIT_ASKPASS_EXTRA_ARGS', ''), ('VSCODE_NONCE', '7c65222c-0a02-41ce-a83c-cc3ab3c073d9'), ('LC_ALL', 'en_US.UTF-8'), ('PWD', '/home/martina/rp_project/robot-programming-project/src/simple_robot/build/simple_robot'), ('GPG_TTY', '/dev/pts/8'), ('XDG_DATA_DIRS', '/usr/local/share/:/usr/share/:/var/lib/snapd/desktop'), ('ZDOTDIR', '/home/martina'), ('_P9K_TTY', '/dev/pts/8'), ('CONDA_EXE', '/home/martina/anaconda3/bin/conda'), ('LC_NUMERIC', 'it_IT.UTF-8'), ('PYTHONPATH', '/opt/ros/humble/lib/python3.10/site-packages:/opt/ros/humble/local/lib/python3.10/dist-packages:/home/martina/other/install/lib/python3.10/site-packages/'), ('LC_PAPER', 'it_IT.UTF-8'), ('CONDA_PREFIX', '/home/martina/anaconda3'), ('COLCON', '1'), ('MANPATH', '/usr/local/share/man:/home/martina/.cache/zsh4humans/v5/fzf/man:'), ('CMAKE_PREFIX_PATH', '/home/martina/rp_project/robot-programming-project/install/simple_robot:/opt/ros/humble')]), 'shell': False}
[29.334852] (simple_robot) StdoutLine: {'line': b'-- Install configuration: ""\n'}
[29.335359] (simple_robot) StdoutLine: {'line': b'-- Installing: /home/martina/rp_project/robot-programming-project/src/simple_robot/install/simple_robot/lib/simple_robot/robot_map_node\n'}
[29.346043] (simple_robot) StdoutLine: {'line': b'-- Set runtime path of "/home/martina/rp_project/robot-programming-project/src/simple_robot/install/simple_robot/lib/simple_robot/robot_map_node" to ""\n'}
[29.346696] (simple_robot) StdoutLine: {'line': b'-- Up-to-date: /home/martina/rp_project/robot-programming-project/src/simple_robot/install/simple_robot/share/ament_index/resource_index/package_run_dependencies/simple_robot\n'}
[29.347454] (simple_robot) StdoutLine: {'line': b'-- Up-to-date: /home/martina/rp_project/robot-programming-project/src/simple_robot/install/simple_robot/share/ament_index/resource_index/parent_prefix_path/simple_robot\n'}
[29.347738] (simple_robot) StdoutLine: {'line': b'-- Up-to-date: /home/martina/rp_project/robot-programming-project/src/simple_robot/install/simple_robot/share/simple_robot/environment/ament_prefix_path.sh\n'}
[29.347906] (simple_robot) StdoutLine: {'line': b'-- Installing: /home/martina/rp_project/robot-programming-project/src/simple_robot/install/simple_robot/share/simple_robot/environment/ament_prefix_path.dsv\n'}
[29.348083] (simple_robot) StdoutLine: {'line': b'-- Up-to-date: /home/martina/rp_project/robot-programming-project/src/simple_robot/install/simple_robot/share/simple_robot/environment/path.sh\n'}
[29.348221] (simple_robot) StdoutLine: {'line': b'-- Installing: /home/martina/rp_project/robot-programming-project/src/simple_robot/install/simple_robot/share/simple_robot/environment/path.dsv\n'}
[29.348716] (simple_robot) StdoutLine: {'line': b'-- Up-to-date: /home/martina/rp_project/robot-programming-project/src/simple_robot/install/simple_robot/share/simple_robot/local_setup.bash\n'}
[29.349837] (simple_robot) StdoutLine: {'line': b'-- Up-to-date: /home/martina/rp_project/robot-programming-project/src/simple_robot/install/simple_robot/share/simple_robot/local_setup.sh\n'}
[29.350574] (simple_robot) StdoutLine: {'line': b'-- Up-to-date: /home/martina/rp_project/robot-programming-project/src/simple_robot/install/simple_robot/share/simple_robot/local_setup.zsh\n'}
[29.350794] (simple_robot) StdoutLine: {'line': b'-- Installing: /home/martina/rp_project/robot-programming-project/src/simple_robot/install/simple_robot/share/simple_robot/local_setup.dsv\n'}
[29.350979] (simple_robot) StdoutLine: {'line': b'-- Installing: /home/martina/rp_project/robot-programming-project/src/simple_robot/install/simple_robot/share/simple_robot/package.dsv\n'}
[29.351150] (simple_robot) StdoutLine: {'line': b'-- Up-to-date: /home/martina/rp_project/robot-programming-project/src/simple_robot/install/simple_robot/share/ament_index/resource_index/packages/simple_robot\n'}
[29.351401] (simple_robot) StdoutLine: {'line': b'-- Up-to-date: /home/martina/rp_project/robot-programming-project/src/simple_robot/install/simple_robot/share/simple_robot/cmake/simple_robotConfig.cmake\n'}
[29.352581] (simple_robot) StdoutLine: {'line': b'-- Up-to-date: /home/martina/rp_project/robot-programming-project/src/simple_robot/install/simple_robot/share/simple_robot/cmake/simple_robotConfig-version.cmake\n'}
[29.353164] (simple_robot) StdoutLine: {'line': b'-- Up-to-date: /home/martina/rp_project/robot-programming-project/src/simple_robot/install/simple_robot/share/simple_robot/package.xml\n'}
[29.353858] (simple_robot) CommandEnded: {'returncode': 0}
[29.385166] (simple_robot) JobEnded: {'identifier': 'simple_robot', 'rc': 0}
[29.386164] (-) EventReactorShutdown: {}
