[0.021s] Invoking command in '/home/martina/rp_project/robot-programming-project/build/simple_robot': CMAKE_PREFIX_PATH=/opt/ros/humble CONDA_PROMPT_MODIFIER=(base) /usr/bin/cmake /home/martina/rp_project/robot-programming-project/src/simple_robot -DCMAKE_INSTALL_PREFIX=/home/martina/rp_project/robot-programming-project/install/simple_robot
[0.144s] -- The C compiler identification is GNU 11.4.0
[0.269s] -- The CXX compiler identification is GNU 11.4.0
[0.302s] -- Detecting C compiler ABI info
[0.443s] -- Detecting C compiler ABI info - done
[0.454s] -- Check for working C compiler: /usr/lib/ccache/cc - skipped
[0.455s] -- Detecting C compile features
[0.455s] -- Detecting C compile features - done
[0.459s] -- Detecting CXX compiler ABI info
[0.625s] -- Detecting CXX compiler ABI info - done
[0.636s] -- Check for working CXX compiler: /usr/lib/ccache/c++ - skipped
[0.637s] -- Detecting CXX compile features
[0.638s] -- Detecting CXX compile features - done
[0.667s] -- Found OpenCV: /usr (found suitable version "4.5.4", minimum required is "4.5.4") 
[0.673s] -- Found ament_cmake: 1.3.11 (/opt/ros/humble/share/ament_cmake/cmake)
[0.912s] -- Found Python3: /usr/bin/python3 (found version "3.10.12") found components: Interpreter 
[1.057s] -- Found rclcpp: 16.0.11 (/opt/ros/humble/share/rclcpp/cmake)
[1.247s] -- Found rosidl_generator_c: 3.1.6 (/opt/ros/humble/share/rosidl_generator_c/cmake)
[1.268s] -- Found rosidl_adapter: 3.1.6 (/opt/ros/humble/share/rosidl_adapter/cmake)
[1.289s] -- Found rosidl_generator_cpp: 3.1.6 (/opt/ros/humble/share/rosidl_generator_cpp/cmake)
[1.345s] -- Using all available rosidl_typesupport_c: rosidl_typesupport_fastrtps_c;rosidl_typesupport_introspection_c
[1.383s] -- Using all available rosidl_typesupport_cpp: rosidl_typesupport_fastrtps_cpp;rosidl_typesupport_introspection_cpp
[1.461s] -- Found rmw_implementation_cmake: 6.1.2 (/opt/ros/humble/share/rmw_implementation_cmake/cmake)
[1.464s] -- Found rmw_fastrtps_cpp: 6.2.7 (/opt/ros/humble/share/rmw_fastrtps_cpp/cmake)
[1.670s] -- Found OpenSSL: /usr/lib/x86_64-linux-gnu/libcrypto.so (found version "3.0.2")  
[1.755s] -- Found FastRTPS: /opt/ros/humble/include  
[1.829s] -- Using RMW implementation 'rmw_fastrtps_cpp' as default
[1.847s] -- Looking for pthread.h
[1.984s] -- Looking for pthread.h - found
[1.984s] -- Performing Test CMAKE_HAVE_LIBC_PTHREAD
[2.118s] -- Performing Test CMAKE_HAVE_LIBC_PTHREAD - Success
[2.120s] -- Found Threads: TRUE  
[2.226s] -- Found OpenCV: /usr (found version "4.5.4") 
[2.338s] -- DATA_DIR: /home/martina/rp_project/robot-programming-project/src/simple_robot/data
[2.339s] -- Configuring done
[2.384s] -- Generating done
[2.395s] -- Build files have been written to: /home/martina/rp_project/robot-programming-project/build/simple_robot
[2.419s] Invoked command in '/home/martina/rp_project/robot-programming-project/build/simple_robot' returned '0': CMAKE_PREFIX_PATH=/opt/ros/humble CONDA_PROMPT_MODIFIER=(base) /usr/bin/cmake /home/martina/rp_project/robot-programming-project/src/simple_robot -DCMAKE_INSTALL_PREFIX=/home/martina/rp_project/robot-programming-project/install/simple_robot
[2.425s] Invoking command in '/home/martina/rp_project/robot-programming-project/build/simple_robot': CMAKE_PREFIX_PATH=/opt/ros/humble CONDA_PROMPT_MODIFIER=(base) /usr/bin/cmake --build /home/martina/rp_project/robot-programming-project/build/simple_robot -- -j4 -l4
[2.513s] [35m[1mConsolidate compiler generated dependencies of target grid_map[0m
[2.551s] [  6%] [32mBuilding CXX object CMakeFiles/robot_map_node.dir/src/grid_map.cpp.o[0m
[2.555s] [ 13%] [32mBuilding CXX object CMakeFiles/robot_map_node.dir/src/robot.cpp.o[0m
[2.564s] [ 20%] [32mBuilding CXX object CMakeFiles/robot_map_node.dir/src/dmap.cpp.o[0m
[2.607s] [ 53%] Built target grid_map
[2.638s] [ 60%] [32mBuilding CXX object CMakeFiles/robot_map_node.dir/src/main.cpp.o[0m
[2.651s] [ 66%] [32mBuilding CXX object CMakeFiles/robot_map_node.dir/src/map_utils.cpp.o[0m
[2.718s] [ 73%] [32mBuilding CXX object test/CMakeFiles/test_robot.dir/test_robot.cpp.o[0m
[2.727s] [ 80%] [32mBuilding CXX object test/CMakeFiles/test_map.dir/test_map.cpp.o[0m
[2.763s] [01m[K/home/martina/rp_project/robot-programming-project/src/simple_robot/test/test_robot.cpp:9:[m[K [01;35m[Kwarning: [m[K"DATA_DIR" redefined
[2.764s]     9 | #define DATA_DIR "/home/martina/rp_project/robot-programming-project/src/simple_robot/data"
[2.764s]       | 
[2.765s] [01m[K<command-line>:[m[K [01;36m[Knote: [m[Kthis is the location of the previous definition
[2.766s] [01m[K/home/martina/rp_project/robot-programming-project/src/simple_robot/test/test_map.cpp:7:[m[K [01;35m[Kwarning: [m[K"DATA_DIR" redefined
[2.766s]     7 | #define DATA_DIR "/home/martina/rp_project/robot-programming-project/src/simple_robot/data"
[2.766s]       | 
[2.766s] [01m[K<command-line>:[m[K [01;36m[Knote: [m[Kthis is the location of the previous definition
[2.797s] [ 86%] [32m[1mLinking CXX executable test_robot[0m
[2.805s] [ 93%] [32m[1mLinking CXX executable test_map[0m
[3.609s] [ 93%] Built target test_map
[3.742s] [ 93%] Built target test_robot
[11.179s] [100%] [32m[1mLinking CXX executable robot_map_node[0m
[12.195s] [100%] Built target robot_map_node
[12.223s] Invoked command in '/home/martina/rp_project/robot-programming-project/build/simple_robot' returned '0': CMAKE_PREFIX_PATH=/opt/ros/humble CONDA_PROMPT_MODIFIER=(base) /usr/bin/cmake --build /home/martina/rp_project/robot-programming-project/build/simple_robot -- -j4 -l4
[12.241s] Invoking command in '/home/martina/rp_project/robot-programming-project/build/simple_robot': CMAKE_PREFIX_PATH=/opt/ros/humble CONDA_PROMPT_MODIFIER=(base) /usr/bin/cmake --install /home/martina/rp_project/robot-programming-project/build/simple_robot
[12.258s] -- Install configuration: ""
[12.258s] -- Installing: /home/martina/rp_project/robot-programming-project/install/simple_robot/lib/simple_robot/robot_map_node
[12.260s] -- Set runtime path of "/home/martina/rp_project/robot-programming-project/install/simple_robot/lib/simple_robot/robot_map_node" to ""
[12.260s] -- Installing: /home/martina/rp_project/robot-programming-project/install/simple_robot/share/ament_index/resource_index/package_run_dependencies/simple_robot
[12.261s] -- Installing: /home/martina/rp_project/robot-programming-project/install/simple_robot/share/ament_index/resource_index/parent_prefix_path/simple_robot
[12.261s] -- Installing: /home/martina/rp_project/robot-programming-project/install/simple_robot/share/simple_robot/environment/ament_prefix_path.sh
[12.262s] -- Installing: /home/martina/rp_project/robot-programming-project/install/simple_robot/share/simple_robot/environment/ament_prefix_path.dsv
[12.262s] -- Installing: /home/martina/rp_project/robot-programming-project/install/simple_robot/share/simple_robot/environment/path.sh
[12.263s] -- Installing: /home/martina/rp_project/robot-programming-project/install/simple_robot/share/simple_robot/environment/path.dsv
[12.263s] -- Installing: /home/martina/rp_project/robot-programming-project/install/simple_robot/share/simple_robot/local_setup.bash
[12.263s] -- Installing: /home/martina/rp_project/robot-programming-project/install/simple_robot/share/simple_robot/local_setup.sh
[12.264s] -- Installing: /home/martina/rp_project/robot-programming-project/install/simple_robot/share/simple_robot/local_setup.zsh
[12.264s] -- Installing: /home/martina/rp_project/robot-programming-project/install/simple_robot/share/simple_robot/local_setup.dsv
[12.265s] -- Installing: /home/martina/rp_project/robot-programming-project/install/simple_robot/share/simple_robot/package.dsv
[12.265s] -- Installing: /home/martina/rp_project/robot-programming-project/install/simple_robot/share/ament_index/resource_index/packages/simple_robot
[12.265s] -- Installing: /home/martina/rp_project/robot-programming-project/install/simple_robot/share/simple_robot/cmake/simple_robotConfig.cmake
[12.265s] -- Installing: /home/martina/rp_project/robot-programming-project/install/simple_robot/share/simple_robot/cmake/simple_robotConfig-version.cmake
[12.265s] -- Installing: /home/martina/rp_project/robot-programming-project/install/simple_robot/share/simple_robot/package.xml
[12.270s] Invoked command in '/home/martina/rp_project/robot-programming-project/build/simple_robot' returned '0': CMAKE_PREFIX_PATH=/opt/ros/humble CONDA_PROMPT_MODIFIER=(base) /usr/bin/cmake --install /home/martina/rp_project/robot-programming-project/build/simple_robot
