[01m[K/home/martina/rp_project/robot-programming-project/src/simple_robot/test/test_robot.cpp:9:[m[K [01;35m[Kwarning: [m[K"DATA_DIR" redefined
    9 | #define DATA_DIR "/home/martina/rp_project/robot-programming-project/src/simple_robot/data"
      | 
[01m[K<command-line>:[m[K [01;36m[Knote: [m[Kthis is the location of the previous definition
[01m[K/home/martina/rp_project/robot-programming-project/src/simple_robot/test/test_map.cpp:7:[m[K [01;35m[Kwarning: [m[K"DATA_DIR" redefined
    7 | #define DATA_DIR "/home/martina/rp_project/robot-programming-project/src/simple_robot/data"
      | 
[01m[K<command-line>:[m[K [01;36m[Knote: [m[Kthis is the location of the previous definition
/usr/bin/ld: /usr/lib/gcc/x86_64-linux-gnu/11/../../../x86_64-linux-gnu/Scrt1.o: in function `_start':
(.text+0x1b): undefined reference to `main'
/usr/bin/ld: CMakeFiles/robot_map_node.dir/src/grid_map.cpp.o: in function `GridMap::GridMap(int, int, float)':
grid_map.cpp:(.text+0x70): undefined reference to `GridMapping::resize(int, int, float)'
/usr/bin/ld: CMakeFiles/robot_map_node.dir/src/grid_map.cpp.o: in function `GridMap::loadFromImage(std::__cxx11::basic_string<char, std::char_traits<char>, std::allocator<char> >, float)':
grid_map.cpp:(.text+0x55c): undefined reference to `GridMapping::resize(int, int, float)'
/usr/bin/ld: CMakeFiles/robot_map_node.dir/src/grid_map.cpp.o: in function `GridMap::draw(cv::Mat&) const':
grid_map.cpp:(.text+0x6c7): undefined reference to `drawGrid(cv::Mat&, Grid_<unsigned char> const&)'
/usr/bin/ld: CMakeFiles/robot_map_node.dir/src/robot.cpp.o: in function `Robot::draw(cv::Mat&, GridMap const&, unsigned char, int)':
robot.cpp:(.text+0x1f3): undefined reference to `drawCircle(cv::Mat&, Eigen::Matrix<int, 2, 1, 0, 2, 1> const&, int, unsigned char)'
collect2: error: ld returned 1 exit status
gmake[2]: *** [CMakeFiles/robot_map_node.dir/build.make:221: robot_map_node] Error 1
gmake[1]: *** [CMakeFiles/Makefile2:174: CMakeFiles/robot_map_node.dir/all] Error 2
gmake: *** [Makefile:146: all] Error 2
