[0.035s] Invoking command in '/home/martina/rp_project/robot-programming-project/src/simple_robot/build/simple_robot': CMAKE_PREFIX_PATH=${CMAKE_PREFIX_PATH}:/opt/ros/humble CONDA_PROMPT_MODIFIER=(base) /usr/bin/cmake /home/martina/rp_project/robot-programming-project/src/simple_robot -DCMAKE_INSTALL_PREFIX=/home/martina/rp_project/robot-programming-project/src/simple_robot/install/simple_robot
[0.234s] -- The C compiler identification is GNU 11.4.0
[0.388s] -- The CXX compiler identification is GNU 11.4.0
[0.415s] -- Detecting C compiler ABI info
[0.584s] -- Detecting C compiler ABI info - done
[0.600s] -- Check for working C compiler: /usr/lib/ccache/cc - skipped
[0.600s] -- Detecting C compile features
[0.601s] -- Detecting C compile features - done
[0.607s] -- Detecting CXX compiler ABI info
[0.841s] -- Detecting CXX compiler ABI info - done
[0.869s] -- Check for working CXX compiler: /usr/lib/ccache/c++ - skipped
[0.870s] -- Detecting CXX compile features
[0.870s] -- Detecting CXX compile features - done
[0.903s] -- Found OpenCV: /usr (found suitable version "4.5.4", minimum required is "4.5.4") 
[0.907s] -- Found ament_cmake: 1.3.11 (/opt/ros/humble/share/ament_cmake/cmake)
[1.320s] -- Found Python3: /usr/bin/python3 (found version "3.10.12") found components: Interpreter 
[1.540s] -- Found rclcpp: 16.0.11 (/opt/ros/humble/share/rclcpp/cmake)
[1.636s] -- Found rosidl_generator_c: 3.1.6 (/opt/ros/humble/share/rosidl_generator_c/cmake)
[1.645s] -- Found rosidl_adapter: 3.1.6 (/opt/ros/humble/share/rosidl_adapter/cmake)
[1.666s] -- Found rosidl_generator_cpp: 3.1.6 (/opt/ros/humble/share/rosidl_generator_cpp/cmake)
[1.697s] -- Using all available rosidl_typesupport_c: rosidl_typesupport_fastrtps_c;rosidl_typesupport_introspection_c
[1.736s] -- Using all available rosidl_typesupport_cpp: rosidl_typesupport_fastrtps_cpp;rosidl_typesupport_introspection_cpp
[1.822s] -- Found rmw_implementation_cmake: 6.1.2 (/opt/ros/humble/share/rmw_implementation_cmake/cmake)
[1.829s] -- Found rmw_fastrtps_cpp: 6.2.7 (/opt/ros/humble/share/rmw_fastrtps_cpp/cmake)
[2.234s] -- Found OpenSSL: /usr/lib/x86_64-linux-gnu/libcrypto.so (found version "3.0.2")  
[2.391s] -- Found FastRTPS: /opt/ros/humble/include  
[2.507s] -- Using RMW implementation 'rmw_fastrtps_cpp' as default
[2.526s] -- Looking for pthread.h
[2.840s] -- Looking for pthread.h - found
[2.842s] -- Performing Test CMAKE_HAVE_LIBC_PTHREAD
[3.218s] -- Performing Test CMAKE_HAVE_LIBC_PTHREAD - Success
[3.223s] -- Found Threads: TRUE  
[3.355s] -- Found OpenCV: /usr (found version "4.5.4") 
[3.636s] -- DATA_DIR: /home/martina/rp_project/robot-programming-project/src/simple_robot/data
[3.640s] -- Configuring done
[3.727s] -- Generating done
[3.750s] -- Build files have been written to: /home/martina/rp_project/robot-programming-project/src/simple_robot/build/simple_robot
[3.780s] Invoked command in '/home/martina/rp_project/robot-programming-project/src/simple_robot/build/simple_robot' returned '0': CMAKE_PREFIX_PATH=${CMAKE_PREFIX_PATH}:/opt/ros/humble CONDA_PROMPT_MODIFIER=(base) /usr/bin/cmake /home/martina/rp_project/robot-programming-project/src/simple_robot -DCMAKE_INSTALL_PREFIX=/home/martina/rp_project/robot-programming-project/src/simple_robot/install/simple_robot
[3.785s] Invoking command in '/home/martina/rp_project/robot-programming-project/src/simple_robot/build/simple_robot': CMAKE_PREFIX_PATH=${CMAKE_PREFIX_PATH}:/opt/ros/humble CONDA_PROMPT_MODIFIER=(base) /usr/bin/cmake --build /home/martina/rp_project/robot-programming-project/src/simple_robot/build/simple_robot -- -j4 -l4
[4.015s] [  8%] [32mBuilding CXX object CMakeFiles/robot_map_node.dir/src/grid_map.cpp.o[0m
[4.037s] [ 16%] [32mBuilding CXX object CMakeFiles/robot_map_node.dir/src/robot.cpp.o[0m
[4.042s] [ 25%] [32mBuilding CXX object src/CMakeFiles/grid_map.dir/grid_map.cpp.o[0m
[4.047s] [ 33%] [32mBuilding CXX object src/CMakeFiles/grid_map.dir/map_utils.cpp.o[0m
[4.191s] [ 41%] [32mBuilding CXX object src/CMakeFiles/grid_map.dir/robot.cpp.o[0m
[4.207s] [ 50%] [32mBuilding CXX object src/CMakeFiles/grid_map.dir/dmap.cpp.o[0m
[4.312s] [ 58%] [32m[1mLinking CXX shared library libgrid_map.so[0m
[5.233s] [ 58%] Built target grid_map
[5.394s] [ 66%] [32mBuilding CXX object test/CMakeFiles/test_robot.dir/test_robot.cpp.o[0m
[5.400s] [ 75%] [32mBuilding CXX object test/CMakeFiles/test_map.dir/test_map.cpp.o[0m
[14.643s] [01m[K/home/martina/rp_project/robot-programming-project/src/simple_robot/test/test_robot.cpp:9:[m[K [01;35m[Kwarning: [m[K"DATA_DIR" redefined
[14.645s]     9 | #define DATA_DIR "/home/martina/rp_project/robot-programming-project/src/simple_robot/data"
[14.645s]       | 
[14.645s] [01m[K<command-line>:[m[K [01;36m[Knote: [m[Kthis is the location of the previous definition
[14.684s] [ 83%] [32m[1mLinking CXX executable test_robot[0m
[15.304s] [01m[K/home/martina/rp_project/robot-programming-project/src/simple_robot/test/test_map.cpp:7:[m[K [01;35m[Kwarning: [m[K"DATA_DIR" redefined
[15.307s]     7 | #define DATA_DIR "/home/martina/rp_project/robot-programming-project/src/simple_robot/data"
[15.307s]       | 
[15.308s] [01m[K<command-line>:[m[K [01;36m[Knote: [m[Kthis is the location of the previous definition
[15.406s] [ 91%] [32m[1mLinking CXX executable test_map[0m
[15.746s] [ 91%] Built target test_robot
[16.210s] [100%] [32m[1mLinking CXX executable robot_map_node[0m
[16.750s] [100%] Built target test_map
[17.142s] /usr/bin/ld: /usr/lib/gcc/x86_64-linux-gnu/11/../../../x86_64-linux-gnu/Scrt1.o: in function `_start':
[17.142s] (.text+0x1b): undefined reference to `main'
[17.143s] /usr/bin/ld: CMakeFiles/robot_map_node.dir/src/grid_map.cpp.o: in function `GridMap::GridMap(int, int, float)':
[17.143s] grid_map.cpp:(.text+0x70): undefined reference to `GridMapping::resize(int, int, float)'
[17.143s] /usr/bin/ld: CMakeFiles/robot_map_node.dir/src/grid_map.cpp.o: in function `GridMap::loadFromImage(std::__cxx11::basic_string<char, std::char_traits<char>, std::allocator<char> >, float)':
[17.144s] grid_map.cpp:(.text+0x55c): undefined reference to `GridMapping::resize(int, int, float)'
[17.144s] /usr/bin/ld: CMakeFiles/robot_map_node.dir/src/grid_map.cpp.o: in function `GridMap::draw(cv::Mat&) const':
[17.144s] grid_map.cpp:(.text+0x6c7): undefined reference to `drawGrid(cv::Mat&, Grid_<unsigned char> const&)'
[17.152s] /usr/bin/ld: CMakeFiles/robot_map_node.dir/src/robot.cpp.o: in function `Robot::draw(cv::Mat&, GridMap const&, unsigned char, int)':
[17.152s] robot.cpp:(.text+0x1f3): undefined reference to `drawCircle(cv::Mat&, Eigen::Matrix<int, 2, 1, 0, 2, 1> const&, int, unsigned char)'
[17.205s] collect2: error: ld returned 1 exit status
[17.210s] gmake[2]: *** [CMakeFiles/robot_map_node.dir/build.make:221: robot_map_node] Error 1
[17.210s] gmake[1]: *** [CMakeFiles/Makefile2:174: CMakeFiles/robot_map_node.dir/all] Error 2
[17.211s] gmake: *** [Makefile:146: all] Error 2
[17.219s] Invoked command in '/home/martina/rp_project/robot-programming-project/src/simple_robot/build/simple_robot' returned '2': CMAKE_PREFIX_PATH=${CMAKE_PREFIX_PATH}:/opt/ros/humble CONDA_PROMPT_MODIFIER=(base) /usr/bin/cmake --build /home/martina/rp_project/robot-programming-project/src/simple_robot/build/simple_robot -- -j4 -l4
