[0.000000] (-) TimerEvent: {}
[0.000430] (simple_robot) JobQueued: {'identifier': 'simple_robot', 'dependencies': OrderedDict()}
[0.001008] (simple_robot) JobStarted: {'identifier': 'simple_robot'}
[0.028295] (simple_robot) JobProgress: {'identifier': 'simple_robot', 'progress': 'cmake'}
[0.034234] (simple_robot) Command: {'cmd': ['/usr/bin/cmake', '/home/martina/rp_project/robot-programming-project/src/simple_robot', '-DCMAKE_INSTALL_PREFIX=/home/martina/rp_project/robot-programming-project/src/simple_robot/install/simple_robot'], 'cwd': '/home/martina/rp_project/robot-programming-project/src/simple_robot/build/simple_robot', 'env': OrderedDict([('GJS_DEBUG_TOPICS', 'JS ERROR;JS LOG'), ('LESSOPEN', '| /usr/bin/env /usr/bin/lesspipe %s 2>/dev/null'), ('CONDA_PROMPT_MODIFIER', '(base)'), ('LC_TIME', 'it_IT.UTF-8'), ('USER', 'martina'), ('XDG_SESSION_TYPE', 'wayland'), ('GIT_ASKPASS', '/usr/share/code/resources/app/extensions/git/dist/askpass.sh'), ('SHLVL', '2'), ('LD_LIBRARY_PATH', '/opt/ros/humble/opt/rviz_ogre_vendor/lib:/opt/ros/humble/lib/x86_64-linux-gnu:/opt/ros/humble/lib::/home/martina/.mujoco/mujoco210/bin:/usr/lib/nvidia:~/anaconda3/lib'), ('HOME', '/home/martina'), ('OLDPWD', '/home/martina/rp_project/robot-programming-project/src/simple_robot'), ('CHROME_DESKTOP', 'code.desktop'), ('TERMINFO', '/home/martina/.terminfo'), ('LESS', '-iRFXMx4'), ('CONDA_SHLVL', '1'), ('DESKTOP_SESSION', 'ubuntu'), ('TERM_PROGRAM_VERSION', '1.97.2'), ('GIO_LAUNCHED_DESKTOP_FILE', '/usr/share/applications/code.desktop'), ('LSCOLORS', 'ExGxDxDxCxDxDxFxFxexEx'), ('GTK_MODULES', 'gail:atk-bridge'), ('GNOME_SHELL_SESSION_MODE', 'ubuntu'), ('VSCODE_GIT_ASKPASS_MAIN', '/usr/share/code/resources/app/extensions/git/dist/askpass-main.js'), ('PAGER', 'less'), ('ROS_PYTHON_VERSION', '3'), ('LC_MONETARY', 'it_IT.UTF-8'), ('MANAGERPID', '887'), ('VSCODE_GIT_ASKPASS_NODE', '/usr/share/code/code'), ('SYSTEMD_EXEC_PID', '1152'), ('DBUS_SESSION_BUS_ADDRESS', 'unix:path=/run/user/1000/bus'), ('P9K_TTY', 'old'), ('GIO_LAUNCHED_DESKTOP_FILE_PID', '3260'), ('COLORTERM', 'truecolor'), ('_CE_M', ''), ('WAYLAND_DISPLAY', 'wayland-0'), ('INFOPATH', ''), ('ROS_DISTRO', 'humble'), ('COLCON_PREFIX_PATH', '/home/martina/rp_project/robot-programming-project/install'), ('LOGNAME', 'martina'), ('_', '/usr/bin/colcon'), ('JOURNAL_STREAM', '8:11413'), ('_P9K_SSH_TTY', '/dev/pts/2'), ('XDG_SESSION_CLASS', 'user'), ('USER_ZDOTDIR', '/home/martina'), ('ROS_VERSION', '2'), ('USERNAME', 'martina'), ('TERM', 'xterm-256color'), ('GNOME_DESKTOP_SESSION_ID', 'this-is-deprecated'), ('_CE_CONDA', ''), ('ROS_LOCALHOST_ONLY', '0'), ('PATH', '/opt/ros/humble/bin:/home/martina/.local/bin:/home/martina/.local/bin:/usr/lib/ccache:.:/home/martina/.mujoco/mujoco210/bin:/usr/lib/nvidia:/home/martina/anaconda3/condabin:/home/martina/bin:/home/martina/.local/bin:/usr/local/sbin:/usr/local/bin:/usr/sbin:/usr/bin:/sbin:/bin:/usr/games:/usr/local/games:/snap/bin:/home/martina/.cache/zsh4humans/v5/fzf/bin:/home/martina/other/install/bin'), ('SESSION_MANAGER', 'local/Martina-ThinkPad-X1-Yoga:@/tmp/.ICE-unix/1105,unix/Martina-ThinkPad-X1-Yoga:/tmp/.ICE-unix/1105'), ('INVOCATION_ID', 'abb78b4b018940349bd4da4c8fed9753'), ('LC_ADDRESS', 'it_IT.UTF-8'), ('XDG_RUNTIME_DIR', '/run/user/1000'), ('XDG_MENU_PREFIX', 'gnome-'), ('GNOME_SETUP_DISPLAY', ':1'), ('GDK_BACKEND', 'x11'), ('DISPLAY', ':0'), ('LANG', 'en_US.UTF-8'), ('LC_TELEPHONE', 'it_IT.UTF-8'), ('XDG_CURRENT_DESKTOP', 'Unity'), ('VSCODE_INJECTION', '1'), ('LD_PRELOAD', ':/usr/lib/x86_64-linux-gnu/libGLEW.so'), ('XDG_SESSION_DESKTOP', 'ubuntu'), ('XMODIFIERS', '@im=ibus'), ('XAUTHORITY', '/run/user/1000/.mutter-Xwaylandauth.L52E22'), ('TERM_PROGRAM', 'vscode'), ('VSCODE_GIT_IPC_HANDLE', '/run/user/1000/vscode-git-f640f2b3f6.sock'), ('LS_COLORS', 'fi=00:mi=00:mh=00:ln=01;36:or=01;31:di=01;34:ow=04;01;34:st=34:tw=04;34:pi=01;33:so=01;33:do=01;33:bd=01;33:cd=01;33:su=01;35:sg=01;35:ca=01;35:ex=01;32:no=38;5;248'), ('TREE_COLORS', 'fi=00:mi=00:mh=00:ln=01;36:or=01;31:di=01;34:ow=01;34:st=34:tw=34:pi=01;33:so=01;33:do=01;33:bd=01;33:cd=01;33:su=01;35:sg=01;35:ca=01;35:ex=01;32'), ('SSH_AGENT_LAUNCHER', 'gnome-keyring'), ('SSH_AUTH_SOCK', '/run/user/1000/keyring/ssh'), ('ORIGINAL_XDG_CURRENT_DESKTOP', 'ubuntu:GNOME'), ('CONDA_PYTHON_EXE', '/home/martina/anaconda3/bin/python'), ('AMENT_PREFIX_PATH', '/home/martina/rp_project/robot-programming-project/install/simple_robot:/opt/ros/humble'), ('LC_NAME', 'it_IT.UTF-8'), ('SHELL', '/usr/local/bin/zsh'), ('DEST', '/home/martina/other/install'), ('QT_ACCESSIBILITY', '1'), ('GDMSESSION', 'ubuntu'), ('CONDA_DEFAULT_ENV', 'base'), ('LC_MEASUREMENT', 'it_IT.UTF-8'), ('LC_IDENTIFICATION', 'it_IT.UTF-8'), ('GJS_DEBUG_OUTPUT', 'stderr'), ('P9K_SSH', '0'), ('QT_IM_MODULE', 'ibus'), ('VSCODE_GIT_ASKPASS_EXTRA_ARGS', ''), ('VSCODE_NONCE', '052e925b-acb5-444f-b870-f20c06506941'), ('LC_ALL', 'en_US.UTF-8'), ('PWD', '/home/martina/rp_project/robot-programming-project/src/simple_robot/build/simple_robot'), ('GPG_TTY', '/dev/pts/2'), ('XDG_DATA_DIRS', '/usr/local/share/:/usr/share/:/var/lib/snapd/desktop'), ('ZDOTDIR', '/home/martina'), ('_P9K_TTY', '/dev/pts/2'), ('CONDA_EXE', '/home/martina/anaconda3/bin/conda'), ('LC_NUMERIC', 'it_IT.UTF-8'), ('PYTHONPATH', '/opt/ros/humble/lib/python3.10/site-packages:/opt/ros/humble/local/lib/python3.10/dist-packages:/home/martina/other/install/lib/python3.10/site-packages/'), ('LC_PAPER', 'it_IT.UTF-8'), ('CONDA_PREFIX', '/home/martina/anaconda3'), ('COLCON', '1'), ('MANPATH', '/usr/local/share/man:/home/martina/.cache/zsh4humans/v5/fzf/man:'), ('CMAKE_PREFIX_PATH', '/home/martina/rp_project/robot-programming-project/install/simple_robot:/opt/ros/humble')]), 'shell': False}
[0.100694] (-) TimerEvent: {}
[0.201144] (-) TimerEvent: {}
[0.222426] (simple_robot) StdoutLine: {'line': b'-- The C compiler identification is GNU 11.4.0\n'}
[0.302278] (-) TimerEvent: {}
[0.402736] (-) TimerEvent: {}
[0.425802] (simple_robot) StdoutLine: {'line': b'-- The CXX compiler identification is GNU 11.4.0\n'}
[0.461291] (simple_robot) StdoutLine: {'line': b'-- Detecting C compiler ABI info\n'}
[0.502861] (-) TimerEvent: {}
[0.605039] (-) TimerEvent: {}
[0.631033] (simple_robot) StdoutLine: {'line': b'-- Detecting C compiler ABI info - done\n'}
[0.660140] (simple_robot) StdoutLine: {'line': b'-- Check for working C compiler: /usr/lib/ccache/cc - skipped\n'}
[0.664472] (simple_robot) StdoutLine: {'line': b'-- Detecting C compile features\n'}
[0.664799] (simple_robot) StdoutLine: {'line': b'-- Detecting C compile features - done\n'}
[0.667906] (simple_robot) StdoutLine: {'line': b'-- Detecting CXX compiler ABI info\n'}
[0.708256] (-) TimerEvent: {}
[0.808725] (-) TimerEvent: {}
[0.909068] (simple_robot) StdoutLine: {'line': b'-- Detecting CXX compiler ABI info - done\n'}
[0.909450] (-) TimerEvent: {}
[0.940267] (simple_robot) StdoutLine: {'line': b'-- Check for working CXX compiler: /usr/lib/ccache/c++ - skipped\n'}
[0.942263] (simple_robot) StdoutLine: {'line': b'-- Detecting CXX compile features\n'}
[0.942673] (simple_robot) StdoutLine: {'line': b'-- Detecting CXX compile features - done\n'}
[0.984268] (simple_robot) StdoutLine: {'line': b'-- Found OpenCV: /usr (found suitable version "4.5.4", minimum required is "4.5.4") \n'}
[0.988644] (simple_robot) StdoutLine: {'line': b'-- Found ament_cmake: 1.3.11 (/opt/ros/humble/share/ament_cmake/cmake)\n'}
[1.009624] (-) TimerEvent: {}
[1.110058] (-) TimerEvent: {}
[1.210848] (-) TimerEvent: {}
[1.311240] (-) TimerEvent: {}
[1.353418] (simple_robot) StdoutLine: {'line': b'-- Found Python3: /usr/bin/python3 (found version "3.10.12") found components: Interpreter \n'}
[1.412613] (-) TimerEvent: {}
[1.513036] (-) TimerEvent: {}
[1.611205] (simple_robot) StdoutLine: {'line': b'-- Found rclcpp: 16.0.11 (/opt/ros/humble/share/rclcpp/cmake)\n'}
[1.613744] (-) TimerEvent: {}
[1.714044] (simple_robot) StdoutLine: {'line': b'-- Found rosidl_generator_c: 3.1.6 (/opt/ros/humble/share/rosidl_generator_c/cmake)\n'}
[1.714430] (-) TimerEvent: {}
[1.727275] (simple_robot) StdoutLine: {'line': b'-- Found rosidl_adapter: 3.1.6 (/opt/ros/humble/share/rosidl_adapter/cmake)\n'}
[1.749546] (simple_robot) StdoutLine: {'line': b'-- Found rosidl_generator_cpp: 3.1.6 (/opt/ros/humble/share/rosidl_generator_cpp/cmake)\n'}
[1.779274] (simple_robot) StdoutLine: {'line': b'-- Using all available rosidl_typesupport_c: rosidl_typesupport_fastrtps_c;rosidl_typesupport_introspection_c\n'}
[1.810519] (simple_robot) StdoutLine: {'line': b'-- Using all available rosidl_typesupport_cpp: rosidl_typesupport_fastrtps_cpp;rosidl_typesupport_introspection_cpp\n'}
[1.814566] (-) TimerEvent: {}
[1.902447] (simple_robot) StdoutLine: {'line': b'-- Found rmw_implementation_cmake: 6.1.2 (/opt/ros/humble/share/rmw_implementation_cmake/cmake)\n'}
[1.909788] (simple_robot) StdoutLine: {'line': b'-- Found rmw_fastrtps_cpp: 6.2.7 (/opt/ros/humble/share/rmw_fastrtps_cpp/cmake)\n'}
[1.914716] (-) TimerEvent: {}
[2.015278] (-) TimerEvent: {}
[2.115694] (-) TimerEvent: {}
[2.197386] (simple_robot) StdoutLine: {'line': b'-- Found OpenSSL: /usr/lib/x86_64-linux-gnu/libcrypto.so (found version "3.0.2")  \n'}
[2.215818] (-) TimerEvent: {}
[2.268659] (simple_robot) StdoutLine: {'line': b'-- Found FastRTPS: /opt/ros/humble/include  \n'}
[2.315955] (-) TimerEvent: {}
[2.382596] (simple_robot) StdoutLine: {'line': b"-- Using RMW implementation 'rmw_fastrtps_cpp' as default\n"}
[2.400728] (simple_robot) StdoutLine: {'line': b'-- Looking for pthread.h\n'}
[2.416072] (-) TimerEvent: {}
[2.516457] (-) TimerEvent: {}
[2.617072] (-) TimerEvent: {}
[2.629359] (simple_robot) StdoutLine: {'line': b'-- Looking for pthread.h - found\n'}
[2.629790] (simple_robot) StdoutLine: {'line': b'-- Performing Test CMAKE_HAVE_LIBC_PTHREAD\n'}
[2.718253] (-) TimerEvent: {}
[2.818671] (-) TimerEvent: {}
[2.879471] (simple_robot) StdoutLine: {'line': b'-- Performing Test CMAKE_HAVE_LIBC_PTHREAD - Success\n'}
[2.883736] (simple_robot) StdoutLine: {'line': b'-- Found Threads: TRUE  \n'}
[2.918791] (-) TimerEvent: {}
[3.019285] (-) TimerEvent: {}
[3.064042] (simple_robot) StdoutLine: {'line': b'-- Found geometry_msgs: 4.2.4 (/opt/ros/humble/share/geometry_msgs/cmake)\n'}
[3.104728] (simple_robot) StdoutLine: {'line': b'-- Found sensor_msgs: 4.2.4 (/opt/ros/humble/share/sensor_msgs/cmake)\n'}
[3.122709] (-) TimerEvent: {}
[3.153834] (simple_robot) StdoutLine: {'line': b'-- Found nav_msgs: 4.2.4 (/opt/ros/humble/share/nav_msgs/cmake)\n'}
[3.211148] (simple_robot) StdoutLine: {'line': b'-- Found OpenCV: /usr (found version "4.5.4") \n'}
[3.222860] (-) TimerEvent: {}
[3.323501] (-) TimerEvent: {}
[3.402501] (simple_robot) StdoutLine: {'line': b'-- DATA_DIR: /home/martina/rp_project/robot-programming-project/src/simple_robot/data\n'}
[3.402871] (simple_robot) StdoutLine: {'line': b'-- Configuring done\n'}
[3.425290] (-) TimerEvent: {}
[3.455321] (simple_robot) StdoutLine: {'line': b'-- Generating done\n'}
[3.473300] (simple_robot) StdoutLine: {'line': b'-- Build files have been written to: /home/martina/rp_project/robot-programming-project/src/simple_robot/build/simple_robot\n'}
[3.515314] (simple_robot) CommandEnded: {'returncode': 0}
[3.516411] (simple_robot) JobProgress: {'identifier': 'simple_robot', 'progress': 'build'}
[3.516498] (simple_robot) Command: {'cmd': ['/usr/bin/cmake', '--build', '/home/martina/rp_project/robot-programming-project/src/simple_robot/build/simple_robot', '--', '-j4', '-l4'], 'cwd': '/home/martina/rp_project/robot-programming-project/src/simple_robot/build/simple_robot', 'env': OrderedDict([('GJS_DEBUG_TOPICS', 'JS ERROR;JS LOG'), ('LESSOPEN', '| /usr/bin/env /usr/bin/lesspipe %s 2>/dev/null'), ('CONDA_PROMPT_MODIFIER', '(base)'), ('LC_TIME', 'it_IT.UTF-8'), ('USER', 'martina'), ('XDG_SESSION_TYPE', 'wayland'), ('GIT_ASKPASS', '/usr/share/code/resources/app/extensions/git/dist/askpass.sh'), ('SHLVL', '2'), ('LD_LIBRARY_PATH', '/opt/ros/humble/opt/rviz_ogre_vendor/lib:/opt/ros/humble/lib/x86_64-linux-gnu:/opt/ros/humble/lib::/home/martina/.mujoco/mujoco210/bin:/usr/lib/nvidia:~/anaconda3/lib'), ('HOME', '/home/martina'), ('OLDPWD', '/home/martina/rp_project/robot-programming-project/src/simple_robot'), ('CHROME_DESKTOP', 'code.desktop'), ('TERMINFO', '/home/martina/.terminfo'), ('LESS', '-iRFXMx4'), ('CONDA_SHLVL', '1'), ('DESKTOP_SESSION', 'ubuntu'), ('TERM_PROGRAM_VERSION', '1.97.2'), ('GIO_LAUNCHED_DESKTOP_FILE', '/usr/share/applications/code.desktop'), ('LSCOLORS', 'ExGxDxDxCxDxDxFxFxexEx'), ('GTK_MODULES', 'gail:atk-bridge'), ('GNOME_SHELL_SESSION_MODE', 'ubuntu'), ('VSCODE_GIT_ASKPASS_MAIN', '/usr/share/code/resources/app/extensions/git/dist/askpass-main.js'), ('PAGER', 'less'), ('ROS_PYTHON_VERSION', '3'), ('LC_MONETARY', 'it_IT.UTF-8'), ('MANAGERPID', '887'), ('VSCODE_GIT_ASKPASS_NODE', '/usr/share/code/code'), ('SYSTEMD_EXEC_PID', '1152'), ('DBUS_SESSION_BUS_ADDRESS', 'unix:path=/run/user/1000/bus'), ('P9K_TTY', 'old'), ('GIO_LAUNCHED_DESKTOP_FILE_PID', '3260'), ('COLORTERM', 'truecolor'), ('_CE_M', ''), ('WAYLAND_DISPLAY', 'wayland-0'), ('INFOPATH', ''), ('ROS_DISTRO', 'humble'), ('COLCON_PREFIX_PATH', '/home/martina/rp_project/robot-programming-project/install'), ('LOGNAME', 'martina'), ('_', '/usr/bin/colcon'), ('JOURNAL_STREAM', '8:11413'), ('_P9K_SSH_TTY', '/dev/pts/2'), ('XDG_SESSION_CLASS', 'user'), ('USER_ZDOTDIR', '/home/martina'), ('ROS_VERSION', '2'), ('USERNAME', 'martina'), ('TERM', 'xterm-256color'), ('GNOME_DESKTOP_SESSION_ID', 'this-is-deprecated'), ('_CE_CONDA', ''), ('ROS_LOCALHOST_ONLY', '0'), ('PATH', '/opt/ros/humble/bin:/home/martina/.local/bin:/home/martina/.local/bin:/usr/lib/ccache:.:/home/martina/.mujoco/mujoco210/bin:/usr/lib/nvidia:/home/martina/anaconda3/condabin:/home/martina/bin:/home/martina/.local/bin:/usr/local/sbin:/usr/local/bin:/usr/sbin:/usr/bin:/sbin:/bin:/usr/games:/usr/local/games:/snap/bin:/home/martina/.cache/zsh4humans/v5/fzf/bin:/home/martina/other/install/bin'), ('SESSION_MANAGER', 'local/Martina-ThinkPad-X1-Yoga:@/tmp/.ICE-unix/1105,unix/Martina-ThinkPad-X1-Yoga:/tmp/.ICE-unix/1105'), ('INVOCATION_ID', 'abb78b4b018940349bd4da4c8fed9753'), ('LC_ADDRESS', 'it_IT.UTF-8'), ('XDG_RUNTIME_DIR', '/run/user/1000'), ('XDG_MENU_PREFIX', 'gnome-'), ('GNOME_SETUP_DISPLAY', ':1'), ('GDK_BACKEND', 'x11'), ('DISPLAY', ':0'), ('LANG', 'en_US.UTF-8'), ('LC_TELEPHONE', 'it_IT.UTF-8'), ('XDG_CURRENT_DESKTOP', 'Unity'), ('VSCODE_INJECTION', '1'), ('LD_PRELOAD', ':/usr/lib/x86_64-linux-gnu/libGLEW.so'), ('XDG_SESSION_DESKTOP', 'ubuntu'), ('XMODIFIERS', '@im=ibus'), ('XAUTHORITY', '/run/user/1000/.mutter-Xwaylandauth.L52E22'), ('TERM_PROGRAM', 'vscode'), ('VSCODE_GIT_IPC_HANDLE', '/run/user/1000/vscode-git-f640f2b3f6.sock'), ('LS_COLORS', 'fi=00:mi=00:mh=00:ln=01;36:or=01;31:di=01;34:ow=04;01;34:st=34:tw=04;34:pi=01;33:so=01;33:do=01;33:bd=01;33:cd=01;33:su=01;35:sg=01;35:ca=01;35:ex=01;32:no=38;5;248'), ('TREE_COLORS', 'fi=00:mi=00:mh=00:ln=01;36:or=01;31:di=01;34:ow=01;34:st=34:tw=34:pi=01;33:so=01;33:do=01;33:bd=01;33:cd=01;33:su=01;35:sg=01;35:ca=01;35:ex=01;32'), ('SSH_AGENT_LAUNCHER', 'gnome-keyring'), ('SSH_AUTH_SOCK', '/run/user/1000/keyring/ssh'), ('ORIGINAL_XDG_CURRENT_DESKTOP', 'ubuntu:GNOME'), ('CONDA_PYTHON_EXE', '/home/martina/anaconda3/bin/python'), ('AMENT_PREFIX_PATH', '/home/martina/rp_project/robot-programming-project/install/simple_robot:/opt/ros/humble'), ('LC_NAME', 'it_IT.UTF-8'), ('SHELL', '/usr/local/bin/zsh'), ('DEST', '/home/martina/other/install'), ('QT_ACCESSIBILITY', '1'), ('GDMSESSION', 'ubuntu'), ('CONDA_DEFAULT_ENV', 'base'), ('LC_MEASUREMENT', 'it_IT.UTF-8'), ('LC_IDENTIFICATION', 'it_IT.UTF-8'), ('GJS_DEBUG_OUTPUT', 'stderr'), ('P9K_SSH', '0'), ('QT_IM_MODULE', 'ibus'), ('VSCODE_GIT_ASKPASS_EXTRA_ARGS', ''), ('VSCODE_NONCE', '052e925b-acb5-444f-b870-f20c06506941'), ('LC_ALL', 'en_US.UTF-8'), ('PWD', '/home/martina/rp_project/robot-programming-project/src/simple_robot/build/simple_robot'), ('GPG_TTY', '/dev/pts/2'), ('XDG_DATA_DIRS', '/usr/local/share/:/usr/share/:/var/lib/snapd/desktop'), ('ZDOTDIR', '/home/martina'), ('_P9K_TTY', '/dev/pts/2'), ('CONDA_EXE', '/home/martina/anaconda3/bin/conda'), ('LC_NUMERIC', 'it_IT.UTF-8'), ('PYTHONPATH', '/opt/ros/humble/lib/python3.10/site-packages:/opt/ros/humble/local/lib/python3.10/dist-packages:/home/martina/other/install/lib/python3.10/site-packages/'), ('LC_PAPER', 'it_IT.UTF-8'), ('CONDA_PREFIX', '/home/martina/anaconda3'), ('COLCON', '1'), ('MANPATH', '/usr/local/share/man:/home/martina/.cache/zsh4humans/v5/fzf/man:'), ('CMAKE_PREFIX_PATH', '/home/martina/rp_project/robot-programming-project/install/simple_robot:/opt/ros/humble')]), 'shell': False}
[3.530252] (-) TimerEvent: {}
[3.632247] (-) TimerEvent: {}
[3.736265] (-) TimerEvent: {}
[3.788198] (simple_robot) StdoutLine: {'line': b'\x1b[35m\x1b[1mConsolidate compiler generated dependencies of target grid_map\x1b[0m\n'}
[3.837221] (-) TimerEvent: {}
[3.838227] (simple_robot) StdoutLine: {'line': b'\x1b[35m\x1b[1mConsolidate compiler generated dependencies of target robot_map_node\x1b[0m\n'}
[3.927773] (simple_robot) StdoutLine: {'line': b'[  8%] \x1b[32mBuilding CXX object src/CMakeFiles/grid_map.dir/main.cpp.o\x1b[0m\n'}
[3.939528] (-) TimerEvent: {}
[4.040151] (-) TimerEvent: {}
[4.058449] (simple_robot) StdoutLine: {'line': b'[ 16%] \x1b[32mBuilding CXX object CMakeFiles/robot_map_node.dir/src/main.cpp.o\x1b[0m\n'}
[4.140605] (-) TimerEvent: {}
[4.241189] (-) TimerEvent: {}
[4.343552] (-) TimerEvent: {}
[4.444449] (-) TimerEvent: {}
[4.545642] (-) TimerEvent: {}
[4.648681] (-) TimerEvent: {}
[4.749799] (-) TimerEvent: {}
[4.852595] (-) TimerEvent: {}
[4.953719] (-) TimerEvent: {}
[5.057359] (-) TimerEvent: {}
[5.157782] (-) TimerEvent: {}
[5.261259] (-) TimerEvent: {}
[5.361719] (-) TimerEvent: {}
[5.462198] (-) TimerEvent: {}
[5.562812] (-) TimerEvent: {}
[5.664497] (-) TimerEvent: {}
[5.770607] (-) TimerEvent: {}
[5.871041] (-) TimerEvent: {}
[5.971472] (-) TimerEvent: {}
[6.072926] (-) TimerEvent: {}
[6.173332] (-) TimerEvent: {}
[6.273728] (-) TimerEvent: {}
[6.377450] (-) TimerEvent: {}
[6.478444] (-) TimerEvent: {}
[6.578848] (-) TimerEvent: {}
[6.679798] (-) TimerEvent: {}
[6.785701] (-) TimerEvent: {}
[6.887552] (-) TimerEvent: {}
[6.987996] (-) TimerEvent: {}
[7.090250] (-) TimerEvent: {}
[7.190655] (-) TimerEvent: {}
[7.293275] (-) TimerEvent: {}
[7.393677] (-) TimerEvent: {}
[7.494079] (-) TimerEvent: {}
[7.594505] (-) TimerEvent: {}
[7.696249] (-) TimerEvent: {}
[7.796697] (-) TimerEvent: {}
[7.899382] (-) TimerEvent: {}
[7.999826] (-) TimerEvent: {}
[8.100275] (-) TimerEvent: {}
[8.202134] (-) TimerEvent: {}
[8.303215] (-) TimerEvent: {}
[8.403677] (-) TimerEvent: {}
[8.504186] (-) TimerEvent: {}
[8.604634] (-) TimerEvent: {}
[8.705121] (-) TimerEvent: {}
[8.805526] (-) TimerEvent: {}
[8.906148] (-) TimerEvent: {}
[9.006542] (-) TimerEvent: {}
[9.106940] (-) TimerEvent: {}
[9.207563] (-) TimerEvent: {}
[9.307950] (-) TimerEvent: {}
[9.408871] (-) TimerEvent: {}
[9.509486] (-) TimerEvent: {}
[9.609944] (-) TimerEvent: {}
[9.710351] (-) TimerEvent: {}
[9.810741] (-) TimerEvent: {}
[9.911116] (-) TimerEvent: {}
[10.011726] (-) TimerEvent: {}
[10.112951] (-) TimerEvent: {}
[10.213351] (-) TimerEvent: {}
[10.314483] (-) TimerEvent: {}
[10.414904] (-) TimerEvent: {}
[10.515307] (-) TimerEvent: {}
[10.615759] (-) TimerEvent: {}
[10.716214] (-) TimerEvent: {}
[10.816637] (-) TimerEvent: {}
[10.917264] (-) TimerEvent: {}
[11.017924] (-) TimerEvent: {}
[11.118314] (-) TimerEvent: {}
[11.218692] (-) TimerEvent: {}
[11.319072] (-) TimerEvent: {}
[11.419473] (-) TimerEvent: {}
[11.519855] (-) TimerEvent: {}
[11.620251] (-) TimerEvent: {}
[11.720692] (-) TimerEvent: {}
[11.821102] (-) TimerEvent: {}
[11.921727] (-) TimerEvent: {}
[12.022109] (-) TimerEvent: {}
[12.122518] (-) TimerEvent: {}
[12.222898] (-) TimerEvent: {}
[12.323339] (-) TimerEvent: {}
[12.423687] (-) TimerEvent: {}
[12.524081] (-) TimerEvent: {}
[12.624486] (-) TimerEvent: {}
[12.725118] (-) TimerEvent: {}
[12.825526] (-) TimerEvent: {}
[12.925913] (-) TimerEvent: {}
[13.026279] (-) TimerEvent: {}
[13.126742] (-) TimerEvent: {}
[13.227122] (-) TimerEvent: {}
[13.327516] (-) TimerEvent: {}
[13.429246] (-) TimerEvent: {}
[13.532252] (-) TimerEvent: {}
[13.632642] (-) TimerEvent: {}
[13.733033] (-) TimerEvent: {}
[13.833691] (-) TimerEvent: {}
[13.934257] (-) TimerEvent: {}
[14.034679] (-) TimerEvent: {}
[14.135561] (-) TimerEvent: {}
[14.236768] (-) TimerEvent: {}
[14.337806] (-) TimerEvent: {}
[14.438204] (-) TimerEvent: {}
[14.538583] (-) TimerEvent: {}
[14.638975] (-) TimerEvent: {}
[14.739376] (-) TimerEvent: {}
[14.839764] (-) TimerEvent: {}
[14.940152] (-) TimerEvent: {}
[15.040758] (-) TimerEvent: {}
[15.141140] (-) TimerEvent: {}
[15.241531] (-) TimerEvent: {}
[15.341909] (-) TimerEvent: {}
[15.442354] (-) TimerEvent: {}
[15.542733] (-) TimerEvent: {}
[15.643113] (-) TimerEvent: {}
[15.743521] (-) TimerEvent: {}
[15.843897] (-) TimerEvent: {}
[15.944355] (-) TimerEvent: {}
[16.044796] (-) TimerEvent: {}
[16.145190] (-) TimerEvent: {}
[16.245566] (-) TimerEvent: {}
[16.345946] (-) TimerEvent: {}
[16.447630] (-) TimerEvent: {}
[16.548036] (-) TimerEvent: {}
[16.648450] (-) TimerEvent: {}
[16.749127] (-) TimerEvent: {}
[16.849537] (-) TimerEvent: {}
[16.950191] (-) TimerEvent: {}
[17.050837] (-) TimerEvent: {}
[17.151488] (-) TimerEvent: {}
[17.251901] (-) TimerEvent: {}
[17.352572] (-) TimerEvent: {}
[17.452962] (-) TimerEvent: {}
[17.553499] (-) TimerEvent: {}
[17.653890] (-) TimerEvent: {}
[17.754598] (-) TimerEvent: {}
[17.854977] (-) TimerEvent: {}
[17.955399] (-) TimerEvent: {}
[18.055793] (-) TimerEvent: {}
[18.156237] (-) TimerEvent: {}
[18.256621] (-) TimerEvent: {}
[18.356999] (-) TimerEvent: {}
[18.457382] (-) TimerEvent: {}
[18.560246] (-) TimerEvent: {}
[18.660654] (-) TimerEvent: {}
[18.761038] (-) TimerEvent: {}
[18.861746] (-) TimerEvent: {}
[18.962187] (-) TimerEvent: {}
[19.062626] (-) TimerEvent: {}
[19.163065] (-) TimerEvent: {}
[19.263511] (-) TimerEvent: {}
[19.364134] (-) TimerEvent: {}
[19.464788] (-) TimerEvent: {}
[19.565456] (-) TimerEvent: {}
[19.665846] (-) TimerEvent: {}
[19.766328] (-) TimerEvent: {}
[19.866786] (-) TimerEvent: {}
[19.967947] (-) TimerEvent: {}
[20.068501] (-) TimerEvent: {}
[20.169340] (-) TimerEvent: {}
[20.269915] (-) TimerEvent: {}
[20.370513] (-) TimerEvent: {}
[20.470972] (-) TimerEvent: {}
[20.571421] (-) TimerEvent: {}
[20.672066] (-) TimerEvent: {}
[20.772740] (-) TimerEvent: {}
[20.873137] (-) TimerEvent: {}
[20.973591] (-) TimerEvent: {}
[21.074044] (-) TimerEvent: {}
[21.174697] (-) TimerEvent: {}
[21.275048] (-) TimerEvent: {}
[21.375598] (-) TimerEvent: {}
[21.475963] (-) TimerEvent: {}
[21.576348] (-) TimerEvent: {}
[21.676722] (-) TimerEvent: {}
[21.777101] (-) TimerEvent: {}
[21.877714] (-) TimerEvent: {}
[21.978096] (-) TimerEvent: {}
[21.988088] (simple_robot) StderrLine: {'line': b'\x1b[01m\x1b[K/home/martina/rp_project/robot-programming-project/src/simple_robot/src/main.cpp:\x1b[m\x1b[K In constructor \xe2\x80\x98\x1b[01m\x1b[KMapNode::MapNode()\x1b[m\x1b[K\xe2\x80\x99:\n'}
[21.988478] (simple_robot) StderrLine: {'line': b'\x1b[01m\x1b[K/home/martina/rp_project/robot-programming-project/src/simple_robot/src/main.cpp:170:9:\x1b[m\x1b[K \x1b[01;31m\x1b[Kerror: \x1b[m\x1b[K\xe2\x80\x98\x1b[01m\x1b[Kanvas_timer_\x1b[m\x1b[K\xe2\x80\x99 was not declared in this scope; did you mean \xe2\x80\x98\x1b[01m\x1b[Kcanvas_timer_\x1b[m\x1b[K\xe2\x80\x99?\n'}
[21.988703] (simple_robot) StderrLine: {'line': b'  170 |         \x1b[01;31m\x1b[Kanvas_timer_\x1b[m\x1b[K = this->create_wall_timer(\n'}
[21.988891] (simple_robot) StderrLine: {'line': b'      |         \x1b[01;31m\x1b[K^~~~~~~~~~~~\x1b[m\x1b[K\n'}
[21.989067] (simple_robot) StderrLine: {'line': b'      |         \x1b[32m\x1b[Kcanvas_timer_\x1b[m\x1b[K\n'}
[21.995902] (simple_robot) StderrLine: {'line': b'gmake[2]: *** [src/CMakeFiles/grid_map.dir/build.make:132: src/CMakeFiles/grid_map.dir/main.cpp.o] Error 1\n'}
[21.996345] (simple_robot) StderrLine: {'line': b'gmake[1]: *** [CMakeFiles/Makefile2:180: src/CMakeFiles/grid_map.dir/all] Error 2\n'}
[21.996557] (simple_robot) StderrLine: {'line': b'gmake[1]: *** Waiting for unfinished jobs....\n'}
[22.078234] (-) TimerEvent: {}
[22.124272] (simple_robot) StderrLine: {'line': b'\x1b[01m\x1b[K/home/martina/rp_project/robot-programming-project/src/simple_robot/src/main.cpp:\x1b[m\x1b[K In constructor \xe2\x80\x98\x1b[01m\x1b[KMapNode::MapNode()\x1b[m\x1b[K\xe2\x80\x99:\n'}
[22.124495] (simple_robot) StderrLine: {'line': b'\x1b[01m\x1b[K/home/martina/rp_project/robot-programming-project/src/simple_robot/src/main.cpp:170:9:\x1b[m\x1b[K \x1b[01;31m\x1b[Kerror: \x1b[m\x1b[K\xe2\x80\x98\x1b[01m\x1b[Kanvas_timer_\x1b[m\x1b[K\xe2\x80\x99 was not declared in this scope; did you mean \xe2\x80\x98\x1b[01m\x1b[Kcanvas_timer_\x1b[m\x1b[K\xe2\x80\x99?\n'}
[22.124653] (simple_robot) StderrLine: {'line': b'  170 |         \x1b[01;31m\x1b[Kanvas_timer_\x1b[m\x1b[K = this->create_wall_timer(\n'}
[22.124782] (simple_robot) StderrLine: {'line': b'      |         \x1b[01;31m\x1b[K^~~~~~~~~~~~\x1b[m\x1b[K\n'}
[22.124888] (simple_robot) StderrLine: {'line': b'      |         \x1b[32m\x1b[Kcanvas_timer_\x1b[m\x1b[K\n'}
[22.130270] (simple_robot) StderrLine: {'line': b'gmake[2]: *** [CMakeFiles/robot_map_node.dir/build.make:132: CMakeFiles/robot_map_node.dir/src/main.cpp.o] Error 1\n'}
[22.131332] (simple_robot) StderrLine: {'line': b'gmake[1]: *** [CMakeFiles/Makefile2:154: CMakeFiles/robot_map_node.dir/all] Error 2\n'}
[22.131584] (simple_robot) StderrLine: {'line': b'gmake: *** [Makefile:146: all] Error 2\n'}
[22.134992] (simple_robot) CommandEnded: {'returncode': 2}
[22.153572] (simple_robot) JobEnded: {'identifier': 'simple_robot', 'rc': 2}
[22.164139] (-) EventReactorShutdown: {}
