[0.035s] Invoking command in '/home/martina/rp_project/robot-programming-project/src/simple_robot/build/simple_robot': CMAKE_PREFIX_PATH=${CMAKE_PREFIX_PATH}:/opt/ros/humble CONDA_PROMPT_MODIFIER=(base) /usr/bin/cmake /home/martina/rp_project/robot-programming-project/src/simple_robot -DCMAKE_INSTALL_PREFIX=/home/martina/rp_project/robot-programming-project/src/simple_robot/install/simple_robot
[0.231s] -- The C compiler identification is GNU 11.4.0
[0.423s] -- The CXX compiler identification is GNU 11.4.0
[0.464s] -- Detecting C compiler ABI info
[0.644s] -- Detecting C compiler ABI info - done
[0.665s] -- Check for working C compiler: /usr/lib/ccache/cc - skipped
[0.667s] -- Detecting C compile features
[0.667s] -- Detecting C compile features - done
[0.675s] -- Detecting CXX compiler ABI info
[0.890s] -- Detecting CXX compiler ABI info - done
[0.905s] -- Check for working CXX compiler: /usr/lib/ccache/c++ - skipped
[0.906s] -- Detecting CXX compile features
[0.907s] -- Detecting CXX compile features - done
[0.927s] -- Found OpenCV: /usr (found suitable version "4.5.4", minimum required is "4.5.4") 
[0.930s] -- Found ament_cmake: 1.3.11 (/opt/ros/humble/share/ament_cmake/cmake)
[1.266s] -- Found Python3: /usr/bin/python3 (found version "3.10.12") found components: Interpreter 
[1.474s] -- Found rclcpp: 16.0.11 (/opt/ros/humble/share/rclcpp/cmake)
[1.574s] -- Found rosidl_generator_c: 3.1.6 (/opt/ros/humble/share/rosidl_generator_c/cmake)
[1.584s] -- Found rosidl_adapter: 3.1.6 (/opt/ros/humble/share/rosidl_adapter/cmake)
[1.605s] -- Found rosidl_generator_cpp: 3.1.6 (/opt/ros/humble/share/rosidl_generator_cpp/cmake)
[1.639s] -- Using all available rosidl_typesupport_c: rosidl_typesupport_fastrtps_c;rosidl_typesupport_introspection_c
[1.687s] -- Using all available rosidl_typesupport_cpp: rosidl_typesupport_fastrtps_cpp;rosidl_typesupport_introspection_cpp
[1.793s] -- Found rmw_implementation_cmake: 6.1.2 (/opt/ros/humble/share/rmw_implementation_cmake/cmake)
[1.797s] -- Found rmw_fastrtps_cpp: 6.2.7 (/opt/ros/humble/share/rmw_fastrtps_cpp/cmake)
[2.275s] -- Found OpenSSL: /usr/lib/x86_64-linux-gnu/libcrypto.so (found version "3.0.2")  
[2.356s] -- Found FastRTPS: /opt/ros/humble/include  
[2.470s] -- Using RMW implementation 'rmw_fastrtps_cpp' as default
[2.488s] -- Looking for pthread.h
[2.638s] -- Looking for pthread.h - found
[2.638s] -- Performing Test CMAKE_HAVE_LIBC_PTHREAD
[2.789s] -- Performing Test CMAKE_HAVE_LIBC_PTHREAD - Success
[2.794s] -- Found Threads: TRUE  
[2.892s] -- Found geometry_msgs: 4.2.4 (/opt/ros/humble/share/geometry_msgs/cmake)
[2.915s] -- Found sensor_msgs: 4.2.4 (/opt/ros/humble/share/sensor_msgs/cmake)
[2.946s] -- Found nav_msgs: 4.2.4 (/opt/ros/humble/share/nav_msgs/cmake)
[2.990s] -- Found OpenCV: /usr (found version "4.5.4") 
[3.106s] -- DATA_DIR: /home/martina/rp_project/robot-programming-project/src/simple_robot/data
[3.107s] -- Configuring done
[3.160s] -- Generating done
[3.177s] -- Build files have been written to: /home/martina/rp_project/robot-programming-project/src/simple_robot/build/simple_robot
[3.215s] Invoked command in '/home/martina/rp_project/robot-programming-project/src/simple_robot/build/simple_robot' returned '0': CMAKE_PREFIX_PATH=${CMAKE_PREFIX_PATH}:/opt/ros/humble CONDA_PROMPT_MODIFIER=(base) /usr/bin/cmake /home/martina/rp_project/robot-programming-project/src/simple_robot -DCMAKE_INSTALL_PREFIX=/home/martina/rp_project/robot-programming-project/src/simple_robot/install/simple_robot
[3.218s] Invoking command in '/home/martina/rp_project/robot-programming-project/src/simple_robot/build/simple_robot': CMAKE_PREFIX_PATH=${CMAKE_PREFIX_PATH}:/opt/ros/humble CONDA_PROMPT_MODIFIER=(base) /usr/bin/cmake --build /home/martina/rp_project/robot-programming-project/src/simple_robot/build/simple_robot -- -j4 -l4
[3.358s] [35m[1mConsolidate compiler generated dependencies of target robot_map_node[0m
[3.360s] [35m[1mConsolidate compiler generated dependencies of target grid_map[0m
[3.444s] [  8%] [32mBuilding CXX object src/CMakeFiles/grid_map.dir/main.cpp.o[0m
[3.462s] [ 16%] [32mBuilding CXX object CMakeFiles/robot_map_node.dir/src/main.cpp.o[0m
[19.801s] [ 25%] [32m[1mLinking CXX shared library libgrid_map.so[0m
[20.060s] [ 33%] [32m[1mLinking CXX executable robot_map_node[0m
[20.220s] [ 66%] Built target grid_map
[21.186s] /usr/bin/ld: /usr/lib/gcc/x86_64-linux-gnu/11/../../../x86_64-linux-gnu/Scrt1.o: in function `_start':
[21.186s] (.text+0x1b): undefined reference to `main'
[21.289s] collect2: error: ld returned 1 exit status
[21.295s] gmake[2]: *** [CMakeFiles/robot_map_node.dir/build.make:301: robot_map_node] Error 1
[21.295s] gmake[1]: *** [CMakeFiles/Makefile2:154: CMakeFiles/robot_map_node.dir/all] Error 2
[21.295s] gmake: *** [Makefile:146: all] Error 2
[21.304s] Invoked command in '/home/martina/rp_project/robot-programming-project/src/simple_robot/build/simple_robot' returned '2': CMAKE_PREFIX_PATH=${CMAKE_PREFIX_PATH}:/opt/ros/humble CONDA_PROMPT_MODIFIER=(base) /usr/bin/cmake --build /home/martina/rp_project/robot-programming-project/src/simple_robot/build/simple_robot -- -j4 -l4
