[0.000000] (-) TimerEvent: {}
[0.000238] (simple_robot) JobQueued: {'identifier': 'simple_robot', 'dependencies': OrderedDict()}
[0.000882] (simple_robot) JobStarted: {'identifier': 'simple_robot'}
[0.028856] (simple_robot) JobProgress: {'identifier': 'simple_robot', 'progress': 'cmake'}
[0.029958] (simple_robot) Command: {'cmd': ['/usr/bin/cmake', '/home/martina/rp_project/robot-programming-project/src/simple_robot', '-DCMAKE_INSTALL_PREFIX=/home/martina/rp_project/robot-programming-project/src/simple_robot/install/simple_robot'], 'cwd': '/home/martina/rp_project/robot-programming-project/src/simple_robot/build/simple_robot', 'env': OrderedDict([('GJS_DEBUG_TOPICS', 'JS ERROR;JS LOG'), ('LESSOPEN', '| /usr/bin/env /usr/bin/lesspipe %s 2>/dev/null'), ('CONDA_PROMPT_MODIFIER', '(base)'), ('LC_TIME', 'it_IT.UTF-8'), ('USER', 'martina'), ('XDG_SESSION_TYPE', 'wayland'), ('GIT_ASKPASS', '/usr/share/code/resources/app/extensions/git/dist/askpass.sh'), ('SHLVL', '2'), ('LD_LIBRARY_PATH', '/opt/ros/humble/opt/rviz_ogre_vendor/lib:/opt/ros/humble/lib/x86_64-linux-gnu:/opt/ros/humble/lib::/home/martina/.mujoco/mujoco210/bin:/usr/lib/nvidia:~/anaconda3/lib'), ('HOME', '/home/martina'), ('OLDPWD', '/home/martina/rp_project/robot-programming-project/src/simple_robot'), ('CHROME_DESKTOP', 'code.desktop'), ('TERMINFO', '/home/martina/.terminfo'), ('LESS', '-iRFXMx4'), ('CONDA_SHLVL', '1'), ('DESKTOP_SESSION', 'ubuntu'), ('TERM_PROGRAM_VERSION', '1.97.2'), ('GIO_LAUNCHED_DESKTOP_FILE', '/usr/share/applications/code.desktop'), ('LSCOLORS', 'ExGxDxDxCxDxDxFxFxexEx'), ('GTK_MODULES', 'gail:atk-bridge'), ('GNOME_SHELL_SESSION_MODE', 'ubuntu'), ('VSCODE_GIT_ASKPASS_MAIN', '/usr/share/code/resources/app/extensions/git/dist/askpass-main.js'), ('PAGER', 'less'), ('ROS_PYTHON_VERSION', '3'), ('LC_MONETARY', 'it_IT.UTF-8'), ('MANAGERPID', '887'), ('VSCODE_GIT_ASKPASS_NODE', '/usr/share/code/code'), ('SYSTEMD_EXEC_PID', '1152'), ('DBUS_SESSION_BUS_ADDRESS', 'unix:path=/run/user/1000/bus'), ('P9K_TTY', 'old'), ('GIO_LAUNCHED_DESKTOP_FILE_PID', '3260'), ('COLORTERM', 'truecolor'), ('_CE_M', ''), ('WAYLAND_DISPLAY', 'wayland-0'), ('INFOPATH', ''), ('ROS_DISTRO', 'humble'), ('COLCON_PREFIX_PATH', '/home/martina/rp_project/robot-programming-project/install'), ('LOGNAME', 'martina'), ('_', '/usr/bin/colcon'), ('JOURNAL_STREAM', '8:11413'), ('_P9K_SSH_TTY', '/dev/pts/2'), ('XDG_SESSION_CLASS', 'user'), ('USER_ZDOTDIR', '/home/martina'), ('ROS_VERSION', '2'), ('USERNAME', 'martina'), ('TERM', 'xterm-256color'), ('GNOME_DESKTOP_SESSION_ID', 'this-is-deprecated'), ('_CE_CONDA', ''), ('ROS_LOCALHOST_ONLY', '0'), ('PATH', '/opt/ros/humble/bin:/home/martina/.local/bin:/home/martina/.local/bin:/usr/lib/ccache:.:/home/martina/.mujoco/mujoco210/bin:/usr/lib/nvidia:/home/martina/anaconda3/condabin:/home/martina/bin:/home/martina/.local/bin:/usr/local/sbin:/usr/local/bin:/usr/sbin:/usr/bin:/sbin:/bin:/usr/games:/usr/local/games:/snap/bin:/home/martina/.cache/zsh4humans/v5/fzf/bin:/home/martina/other/install/bin'), ('SESSION_MANAGER', 'local/Martina-ThinkPad-X1-Yoga:@/tmp/.ICE-unix/1105,unix/Martina-ThinkPad-X1-Yoga:/tmp/.ICE-unix/1105'), ('INVOCATION_ID', 'abb78b4b018940349bd4da4c8fed9753'), ('LC_ADDRESS', 'it_IT.UTF-8'), ('XDG_RUNTIME_DIR', '/run/user/1000'), ('XDG_MENU_PREFIX', 'gnome-'), ('GNOME_SETUP_DISPLAY', ':1'), ('GDK_BACKEND', 'x11'), ('DISPLAY', ':0'), ('LANG', 'en_US.UTF-8'), ('LC_TELEPHONE', 'it_IT.UTF-8'), ('XDG_CURRENT_DESKTOP', 'Unity'), ('VSCODE_INJECTION', '1'), ('LD_PRELOAD', ':/usr/lib/x86_64-linux-gnu/libGLEW.so'), ('XDG_SESSION_DESKTOP', 'ubuntu'), ('XMODIFIERS', '@im=ibus'), ('XAUTHORITY', '/run/user/1000/.mutter-Xwaylandauth.L52E22'), ('TERM_PROGRAM', 'vscode'), ('VSCODE_GIT_IPC_HANDLE', '/run/user/1000/vscode-git-f640f2b3f6.sock'), ('LS_COLORS', 'fi=00:mi=00:mh=00:ln=01;36:or=01;31:di=01;34:ow=04;01;34:st=34:tw=04;34:pi=01;33:so=01;33:do=01;33:bd=01;33:cd=01;33:su=01;35:sg=01;35:ca=01;35:ex=01;32:no=38;5;248'), ('TREE_COLORS', 'fi=00:mi=00:mh=00:ln=01;36:or=01;31:di=01;34:ow=01;34:st=34:tw=34:pi=01;33:so=01;33:do=01;33:bd=01;33:cd=01;33:su=01;35:sg=01;35:ca=01;35:ex=01;32'), ('SSH_AGENT_LAUNCHER', 'gnome-keyring'), ('SSH_AUTH_SOCK', '/run/user/1000/keyring/ssh'), ('ORIGINAL_XDG_CURRENT_DESKTOP', 'ubuntu:GNOME'), ('CONDA_PYTHON_EXE', '/home/martina/anaconda3/bin/python'), ('AMENT_PREFIX_PATH', '/home/martina/rp_project/robot-programming-project/install/simple_robot:/opt/ros/humble'), ('LC_NAME', 'it_IT.UTF-8'), ('SHELL', '/usr/local/bin/zsh'), ('DEST', '/home/martina/other/install'), ('QT_ACCESSIBILITY', '1'), ('GDMSESSION', 'ubuntu'), ('CONDA_DEFAULT_ENV', 'base'), ('LC_MEASUREMENT', 'it_IT.UTF-8'), ('LC_IDENTIFICATION', 'it_IT.UTF-8'), ('GJS_DEBUG_OUTPUT', 'stderr'), ('P9K_SSH', '0'), ('QT_IM_MODULE', 'ibus'), ('VSCODE_GIT_ASKPASS_EXTRA_ARGS', ''), ('VSCODE_NONCE', '052e925b-acb5-444f-b870-f20c06506941'), ('LC_ALL', 'en_US.UTF-8'), ('PWD', '/home/martina/rp_project/robot-programming-project/src/simple_robot/build/simple_robot'), ('GPG_TTY', '/dev/pts/2'), ('XDG_DATA_DIRS', '/usr/local/share/:/usr/share/:/var/lib/snapd/desktop'), ('ZDOTDIR', '/home/martina'), ('_P9K_TTY', '/dev/pts/2'), ('CONDA_EXE', '/home/martina/anaconda3/bin/conda'), ('LC_NUMERIC', 'it_IT.UTF-8'), ('PYTHONPATH', '/opt/ros/humble/lib/python3.10/site-packages:/opt/ros/humble/local/lib/python3.10/dist-packages:/home/martina/other/install/lib/python3.10/site-packages/'), ('LC_PAPER', 'it_IT.UTF-8'), ('CONDA_PREFIX', '/home/martina/anaconda3'), ('COLCON', '1'), ('MANPATH', '/usr/local/share/man:/home/martina/.cache/zsh4humans/v5/fzf/man:'), ('CMAKE_PREFIX_PATH', '/home/martina/rp_project/robot-programming-project/install/simple_robot:/opt/ros/humble')]), 'shell': False}
[0.099318] (-) TimerEvent: {}
[0.200602] (-) TimerEvent: {}
[0.208774] (simple_robot) StdoutLine: {'line': b'-- The C compiler identification is GNU 11.4.0\n'}
[0.301794] (-) TimerEvent: {}
[0.402231] (-) TimerEvent: {}
[0.461478] (simple_robot) StdoutLine: {'line': b'-- The CXX compiler identification is GNU 11.4.0\n'}
[0.496606] (simple_robot) StdoutLine: {'line': b'-- Detecting C compiler ABI info\n'}
[0.508122] (-) TimerEvent: {}
[0.608539] (-) TimerEvent: {}
[0.709823] (-) TimerEvent: {}
[0.730182] (simple_robot) StdoutLine: {'line': b'-- Detecting C compiler ABI info - done\n'}
[0.772104] (simple_robot) StdoutLine: {'line': b'-- Check for working C compiler: /usr/lib/ccache/cc - skipped\n'}
[0.774242] (simple_robot) StdoutLine: {'line': b'-- Detecting C compile features\n'}
[0.775827] (simple_robot) StdoutLine: {'line': b'-- Detecting C compile features - done\n'}
[0.796803] (simple_robot) StdoutLine: {'line': b'-- Detecting CXX compiler ABI info\n'}
[0.809942] (-) TimerEvent: {}
[0.910641] (-) TimerEvent: {}
[1.011357] (-) TimerEvent: {}
[1.099787] (simple_robot) StdoutLine: {'line': b'-- Detecting CXX compiler ABI info - done\n'}
[1.111468] (-) TimerEvent: {}
[1.120723] (simple_robot) StdoutLine: {'line': b'-- Check for working CXX compiler: /usr/lib/ccache/c++ - skipped\n'}
[1.121407] (simple_robot) StdoutLine: {'line': b'-- Detecting CXX compile features\n'}
[1.122462] (simple_robot) StdoutLine: {'line': b'-- Detecting CXX compile features - done\n'}
[1.145826] (simple_robot) StdoutLine: {'line': b'-- Found OpenCV: /usr (found suitable version "4.5.4", minimum required is "4.5.4") \n'}
[1.148407] (simple_robot) StdoutLine: {'line': b'-- Found ament_cmake: 1.3.11 (/opt/ros/humble/share/ament_cmake/cmake)\n'}
[1.211592] (-) TimerEvent: {}
[1.312020] (-) TimerEvent: {}
[1.412419] (-) TimerEvent: {}
[1.499185] (simple_robot) StdoutLine: {'line': b'-- Found Python3: /usr/bin/python3 (found version "3.10.12") found components: Interpreter \n'}
[1.516112] (-) TimerEvent: {}
[1.620484] (-) TimerEvent: {}
[1.724136] (-) TimerEvent: {}
[1.755332] (simple_robot) StdoutLine: {'line': b'-- Found rclcpp: 16.0.11 (/opt/ros/humble/share/rclcpp/cmake)\n'}
[1.826640] (-) TimerEvent: {}
[1.856121] (simple_robot) StdoutLine: {'line': b'-- Found rosidl_generator_c: 3.1.6 (/opt/ros/humble/share/rosidl_generator_c/cmake)\n'}
[1.891731] (simple_robot) StdoutLine: {'line': b'-- Found rosidl_adapter: 3.1.6 (/opt/ros/humble/share/rosidl_adapter/cmake)\n'}
[1.931936] (simple_robot) StdoutLine: {'line': b'-- Found rosidl_generator_cpp: 3.1.6 (/opt/ros/humble/share/rosidl_generator_cpp/cmake)\n'}
[1.934856] (-) TimerEvent: {}
[2.021851] (simple_robot) StdoutLine: {'line': b'-- Using all available rosidl_typesupport_c: rosidl_typesupport_fastrtps_c;rosidl_typesupport_introspection_c\n'}
[2.035051] (-) TimerEvent: {}
[2.054772] (simple_robot) StdoutLine: {'line': b'-- Using all available rosidl_typesupport_cpp: rosidl_typesupport_fastrtps_cpp;rosidl_typesupport_introspection_cpp\n'}
[2.136740] (-) TimerEvent: {}
[2.175932] (simple_robot) StdoutLine: {'line': b'-- Found rmw_implementation_cmake: 6.1.2 (/opt/ros/humble/share/rmw_implementation_cmake/cmake)\n'}
[2.184187] (simple_robot) StdoutLine: {'line': b'-- Found rmw_fastrtps_cpp: 6.2.7 (/opt/ros/humble/share/rmw_fastrtps_cpp/cmake)\n'}
[2.237797] (-) TimerEvent: {}
[2.338274] (-) TimerEvent: {}
[2.442799] (-) TimerEvent: {}
[2.543280] (-) TimerEvent: {}
[2.626871] (simple_robot) StdoutLine: {'line': b'-- Found OpenSSL: /usr/lib/x86_64-linux-gnu/libcrypto.so (found version "3.0.2")  \n'}
[2.645794] (-) TimerEvent: {}
[2.732500] (simple_robot) StdoutLine: {'line': b'-- Found FastRTPS: /opt/ros/humble/include  \n'}
[2.745939] (-) TimerEvent: {}
[2.834136] (simple_robot) StdoutLine: {'line': b"-- Using RMW implementation 'rmw_fastrtps_cpp' as default\n"}
[2.846380] (-) TimerEvent: {}
[2.856625] (simple_robot) StdoutLine: {'line': b'-- Looking for pthread.h\n'}
[2.946564] (-) TimerEvent: {}
[3.047534] (-) TimerEvent: {}
[3.148825] (-) TimerEvent: {}
[3.186430] (simple_robot) StdoutLine: {'line': b'-- Looking for pthread.h - found\n'}
[3.187045] (simple_robot) StdoutLine: {'line': b'-- Performing Test CMAKE_HAVE_LIBC_PTHREAD\n'}
[3.248990] (-) TimerEvent: {}
[3.351104] (-) TimerEvent: {}
[3.453777] (-) TimerEvent: {}
[3.469307] (simple_robot) StdoutLine: {'line': b'-- Performing Test CMAKE_HAVE_LIBC_PTHREAD - Success\n'}
[3.472023] (simple_robot) StdoutLine: {'line': b'-- Found Threads: TRUE  \n'}
[3.553909] (-) TimerEvent: {}
[3.624118] (simple_robot) StdoutLine: {'line': b'-- Found geometry_msgs: 4.2.4 (/opt/ros/humble/share/geometry_msgs/cmake)\n'}
[3.652153] (simple_robot) StdoutLine: {'line': b'-- Found sensor_msgs: 4.2.4 (/opt/ros/humble/share/sensor_msgs/cmake)\n'}
[3.654012] (-) TimerEvent: {}
[3.690802] (simple_robot) StdoutLine: {'line': b'-- Found nav_msgs: 4.2.4 (/opt/ros/humble/share/nav_msgs/cmake)\n'}
[3.740374] (simple_robot) StdoutLine: {'line': b'-- Found OpenCV: /usr (found version "4.5.4") \n'}
[3.754515] (-) TimerEvent: {}
[3.855780] (-) TimerEvent: {}
[3.956266] (-) TimerEvent: {}
[3.998160] (simple_robot) StdoutLine: {'line': b'-- DATA_DIR: /home/martina/rp_project/robot-programming-project/src/simple_robot/data\n'}
[4.008599] (simple_robot) StdoutLine: {'line': b'-- Configuring done\n'}
[4.059328] (-) TimerEvent: {}
[4.111030] (simple_robot) StdoutLine: {'line': b'-- Generating done\n'}
[4.138899] (simple_robot) StdoutLine: {'line': b'-- Build files have been written to: /home/martina/rp_project/robot-programming-project/src/simple_robot/build/simple_robot\n'}
[4.159464] (-) TimerEvent: {}
[4.189542] (simple_robot) CommandEnded: {'returncode': 0}
[4.206052] (simple_robot) JobProgress: {'identifier': 'simple_robot', 'progress': 'build'}
[4.206227] (simple_robot) Command: {'cmd': ['/usr/bin/cmake', '--build', '/home/martina/rp_project/robot-programming-project/src/simple_robot/build/simple_robot', '--', '-j4', '-l4'], 'cwd': '/home/martina/rp_project/robot-programming-project/src/simple_robot/build/simple_robot', 'env': OrderedDict([('GJS_DEBUG_TOPICS', 'JS ERROR;JS LOG'), ('LESSOPEN', '| /usr/bin/env /usr/bin/lesspipe %s 2>/dev/null'), ('CONDA_PROMPT_MODIFIER', '(base)'), ('LC_TIME', 'it_IT.UTF-8'), ('USER', 'martina'), ('XDG_SESSION_TYPE', 'wayland'), ('GIT_ASKPASS', '/usr/share/code/resources/app/extensions/git/dist/askpass.sh'), ('SHLVL', '2'), ('LD_LIBRARY_PATH', '/opt/ros/humble/opt/rviz_ogre_vendor/lib:/opt/ros/humble/lib/x86_64-linux-gnu:/opt/ros/humble/lib::/home/martina/.mujoco/mujoco210/bin:/usr/lib/nvidia:~/anaconda3/lib'), ('HOME', '/home/martina'), ('OLDPWD', '/home/martina/rp_project/robot-programming-project/src/simple_robot'), ('CHROME_DESKTOP', 'code.desktop'), ('TERMINFO', '/home/martina/.terminfo'), ('LESS', '-iRFXMx4'), ('CONDA_SHLVL', '1'), ('DESKTOP_SESSION', 'ubuntu'), ('TERM_PROGRAM_VERSION', '1.97.2'), ('GIO_LAUNCHED_DESKTOP_FILE', '/usr/share/applications/code.desktop'), ('LSCOLORS', 'ExGxDxDxCxDxDxFxFxexEx'), ('GTK_MODULES', 'gail:atk-bridge'), ('GNOME_SHELL_SESSION_MODE', 'ubuntu'), ('VSCODE_GIT_ASKPASS_MAIN', '/usr/share/code/resources/app/extensions/git/dist/askpass-main.js'), ('PAGER', 'less'), ('ROS_PYTHON_VERSION', '3'), ('LC_MONETARY', 'it_IT.UTF-8'), ('MANAGERPID', '887'), ('VSCODE_GIT_ASKPASS_NODE', '/usr/share/code/code'), ('SYSTEMD_EXEC_PID', '1152'), ('DBUS_SESSION_BUS_ADDRESS', 'unix:path=/run/user/1000/bus'), ('P9K_TTY', 'old'), ('GIO_LAUNCHED_DESKTOP_FILE_PID', '3260'), ('COLORTERM', 'truecolor'), ('_CE_M', ''), ('WAYLAND_DISPLAY', 'wayland-0'), ('INFOPATH', ''), ('ROS_DISTRO', 'humble'), ('COLCON_PREFIX_PATH', '/home/martina/rp_project/robot-programming-project/install'), ('LOGNAME', 'martina'), ('_', '/usr/bin/colcon'), ('JOURNAL_STREAM', '8:11413'), ('_P9K_SSH_TTY', '/dev/pts/2'), ('XDG_SESSION_CLASS', 'user'), ('USER_ZDOTDIR', '/home/martina'), ('ROS_VERSION', '2'), ('USERNAME', 'martina'), ('TERM', 'xterm-256color'), ('GNOME_DESKTOP_SESSION_ID', 'this-is-deprecated'), ('_CE_CONDA', ''), ('ROS_LOCALHOST_ONLY', '0'), ('PATH', '/opt/ros/humble/bin:/home/martina/.local/bin:/home/martina/.local/bin:/usr/lib/ccache:.:/home/martina/.mujoco/mujoco210/bin:/usr/lib/nvidia:/home/martina/anaconda3/condabin:/home/martina/bin:/home/martina/.local/bin:/usr/local/sbin:/usr/local/bin:/usr/sbin:/usr/bin:/sbin:/bin:/usr/games:/usr/local/games:/snap/bin:/home/martina/.cache/zsh4humans/v5/fzf/bin:/home/martina/other/install/bin'), ('SESSION_MANAGER', 'local/Martina-ThinkPad-X1-Yoga:@/tmp/.ICE-unix/1105,unix/Martina-ThinkPad-X1-Yoga:/tmp/.ICE-unix/1105'), ('INVOCATION_ID', 'abb78b4b018940349bd4da4c8fed9753'), ('LC_ADDRESS', 'it_IT.UTF-8'), ('XDG_RUNTIME_DIR', '/run/user/1000'), ('XDG_MENU_PREFIX', 'gnome-'), ('GNOME_SETUP_DISPLAY', ':1'), ('GDK_BACKEND', 'x11'), ('DISPLAY', ':0'), ('LANG', 'en_US.UTF-8'), ('LC_TELEPHONE', 'it_IT.UTF-8'), ('XDG_CURRENT_DESKTOP', 'Unity'), ('VSCODE_INJECTION', '1'), ('LD_PRELOAD', ':/usr/lib/x86_64-linux-gnu/libGLEW.so'), ('XDG_SESSION_DESKTOP', 'ubuntu'), ('XMODIFIERS', '@im=ibus'), ('XAUTHORITY', '/run/user/1000/.mutter-Xwaylandauth.L52E22'), ('TERM_PROGRAM', 'vscode'), ('VSCODE_GIT_IPC_HANDLE', '/run/user/1000/vscode-git-f640f2b3f6.sock'), ('LS_COLORS', 'fi=00:mi=00:mh=00:ln=01;36:or=01;31:di=01;34:ow=04;01;34:st=34:tw=04;34:pi=01;33:so=01;33:do=01;33:bd=01;33:cd=01;33:su=01;35:sg=01;35:ca=01;35:ex=01;32:no=38;5;248'), ('TREE_COLORS', 'fi=00:mi=00:mh=00:ln=01;36:or=01;31:di=01;34:ow=01;34:st=34:tw=34:pi=01;33:so=01;33:do=01;33:bd=01;33:cd=01;33:su=01;35:sg=01;35:ca=01;35:ex=01;32'), ('SSH_AGENT_LAUNCHER', 'gnome-keyring'), ('SSH_AUTH_SOCK', '/run/user/1000/keyring/ssh'), ('ORIGINAL_XDG_CURRENT_DESKTOP', 'ubuntu:GNOME'), ('CONDA_PYTHON_EXE', '/home/martina/anaconda3/bin/python'), ('AMENT_PREFIX_PATH', '/home/martina/rp_project/robot-programming-project/install/simple_robot:/opt/ros/humble'), ('LC_NAME', 'it_IT.UTF-8'), ('SHELL', '/usr/local/bin/zsh'), ('DEST', '/home/martina/other/install'), ('QT_ACCESSIBILITY', '1'), ('GDMSESSION', 'ubuntu'), ('CONDA_DEFAULT_ENV', 'base'), ('LC_MEASUREMENT', 'it_IT.UTF-8'), ('LC_IDENTIFICATION', 'it_IT.UTF-8'), ('GJS_DEBUG_OUTPUT', 'stderr'), ('P9K_SSH', '0'), ('QT_IM_MODULE', 'ibus'), ('VSCODE_GIT_ASKPASS_EXTRA_ARGS', ''), ('VSCODE_NONCE', '052e925b-acb5-444f-b870-f20c06506941'), ('LC_ALL', 'en_US.UTF-8'), ('PWD', '/home/martina/rp_project/robot-programming-project/src/simple_robot/build/simple_robot'), ('GPG_TTY', '/dev/pts/2'), ('XDG_DATA_DIRS', '/usr/local/share/:/usr/share/:/var/lib/snapd/desktop'), ('ZDOTDIR', '/home/martina'), ('_P9K_TTY', '/dev/pts/2'), ('CONDA_EXE', '/home/martina/anaconda3/bin/conda'), ('LC_NUMERIC', 'it_IT.UTF-8'), ('PYTHONPATH', '/opt/ros/humble/lib/python3.10/site-packages:/opt/ros/humble/local/lib/python3.10/dist-packages:/home/martina/other/install/lib/python3.10/site-packages/'), ('LC_PAPER', 'it_IT.UTF-8'), ('CONDA_PREFIX', '/home/martina/anaconda3'), ('COLCON', '1'), ('MANPATH', '/usr/local/share/man:/home/martina/.cache/zsh4humans/v5/fzf/man:'), ('CMAKE_PREFIX_PATH', '/home/martina/rp_project/robot-programming-project/install/simple_robot:/opt/ros/humble')]), 'shell': False}
[4.259638] (-) TimerEvent: {}
[4.360499] (-) TimerEvent: {}
[4.436789] (simple_robot) StdoutLine: {'line': b'\x1b[35m\x1b[1mConsolidate compiler generated dependencies of target robot_map_node\x1b[0m\n'}
[4.465785] (-) TimerEvent: {}
[4.566245] (-) TimerEvent: {}
[4.589821] (simple_robot) StdoutLine: {'line': b'[  8%] \x1b[32mBuilding CXX object CMakeFiles/robot_map_node.dir/src/main.cpp.o\x1b[0m\n'}
[4.668785] (-) TimerEvent: {}
[4.769638] (-) TimerEvent: {}
[4.871763] (-) TimerEvent: {}
[4.976243] (-) TimerEvent: {}
[5.076726] (-) TimerEvent: {}
[5.177802] (-) TimerEvent: {}
[5.279789] (-) TimerEvent: {}
[5.380245] (-) TimerEvent: {}
[5.480750] (-) TimerEvent: {}
[5.582828] (-) TimerEvent: {}
[5.686587] (-) TimerEvent: {}
[5.787595] (-) TimerEvent: {}
[5.888462] (-) TimerEvent: {}
[5.991812] (-) TimerEvent: {}
[6.092424] (-) TimerEvent: {}
[6.192805] (-) TimerEvent: {}
[6.293255] (-) TimerEvent: {}
[6.393721] (-) TimerEvent: {}
[6.494127] (-) TimerEvent: {}
[6.594533] (-) TimerEvent: {}
[6.694950] (-) TimerEvent: {}
[6.795355] (-) TimerEvent: {}
[6.895773] (-) TimerEvent: {}
[6.996214] (-) TimerEvent: {}
[7.096639] (-) TimerEvent: {}
[7.197015] (-) TimerEvent: {}
[7.297437] (-) TimerEvent: {}
[7.397798] (-) TimerEvent: {}
[7.498190] (-) TimerEvent: {}
[7.602248] (-) TimerEvent: {}
[7.703145] (-) TimerEvent: {}
[7.803939] (-) TimerEvent: {}
[7.904442] (-) TimerEvent: {}
[8.005472] (-) TimerEvent: {}
[8.106072] (-) TimerEvent: {}
[8.206662] (-) TimerEvent: {}
[8.307273] (-) TimerEvent: {}
[8.407682] (-) TimerEvent: {}
[8.508121] (-) TimerEvent: {}
[8.608508] (-) TimerEvent: {}
[8.708895] (-) TimerEvent: {}
[8.809308] (-) TimerEvent: {}
[8.909696] (-) TimerEvent: {}
[9.010110] (-) TimerEvent: {}
[9.110482] (-) TimerEvent: {}
[9.210871] (-) TimerEvent: {}
[9.311276] (-) TimerEvent: {}
[9.411635] (-) TimerEvent: {}
[9.512304] (-) TimerEvent: {}
[9.612775] (-) TimerEvent: {}
[9.713161] (-) TimerEvent: {}
[9.813577] (-) TimerEvent: {}
[9.913971] (-) TimerEvent: {}
[10.014391] (-) TimerEvent: {}
[10.114871] (-) TimerEvent: {}
[10.215199] (-) TimerEvent: {}
[10.315567] (-) TimerEvent: {}
[10.415913] (-) TimerEvent: {}
[10.516309] (-) TimerEvent: {}
[10.616767] (-) TimerEvent: {}
[10.717172] (-) TimerEvent: {}
[10.817576] (-) TimerEvent: {}
[10.917992] (-) TimerEvent: {}
[11.018362] (-) TimerEvent: {}
[11.118738] (-) TimerEvent: {}
[11.219088] (-) TimerEvent: {}
[11.319440] (-) TimerEvent: {}
[11.419810] (-) TimerEvent: {}
[11.520173] (-) TimerEvent: {}
[11.620521] (-) TimerEvent: {}
[11.720851] (-) TimerEvent: {}
[11.821242] (-) TimerEvent: {}
[11.921557] (-) TimerEvent: {}
[12.021900] (-) TimerEvent: {}
[12.122254] (-) TimerEvent: {}
[12.222655] (-) TimerEvent: {}
[12.322988] (-) TimerEvent: {}
[12.423357] (-) TimerEvent: {}
[12.523677] (-) TimerEvent: {}
[12.624049] (-) TimerEvent: {}
[12.724492] (-) TimerEvent: {}
[12.824802] (-) TimerEvent: {}
[12.925172] (-) TimerEvent: {}
[13.025567] (-) TimerEvent: {}
[13.125925] (-) TimerEvent: {}
[13.226304] (-) TimerEvent: {}
[13.326681] (-) TimerEvent: {}
[13.427481] (-) TimerEvent: {}
[13.527973] (-) TimerEvent: {}
[13.628406] (-) TimerEvent: {}
[13.728784] (-) TimerEvent: {}
[13.829629] (-) TimerEvent: {}
[13.930667] (-) TimerEvent: {}
[14.031109] (-) TimerEvent: {}
[14.134737] (-) TimerEvent: {}
[14.237776] (-) TimerEvent: {}
[14.338175] (-) TimerEvent: {}
[14.438966] (-) TimerEvent: {}
[14.539360] (-) TimerEvent: {}
[14.639723] (-) TimerEvent: {}
[14.740048] (-) TimerEvent: {}
[14.840424] (-) TimerEvent: {}
[14.940801] (-) TimerEvent: {}
[15.041180] (-) TimerEvent: {}
[15.141529] (-) TimerEvent: {}
[15.241854] (-) TimerEvent: {}
[15.342201] (-) TimerEvent: {}
[15.442554] (-) TimerEvent: {}
[15.542876] (-) TimerEvent: {}
[15.643227] (-) TimerEvent: {}
[15.743578] (-) TimerEvent: {}
[15.843904] (-) TimerEvent: {}
[15.944213] (-) TimerEvent: {}
[16.044752] (-) TimerEvent: {}
[16.145113] (-) TimerEvent: {}
[16.245454] (-) TimerEvent: {}
[16.345801] (-) TimerEvent: {}
[16.446150] (-) TimerEvent: {}
[16.546505] (-) TimerEvent: {}
[16.646893] (-) TimerEvent: {}
[16.747251] (-) TimerEvent: {}
[16.849775] (-) TimerEvent: {}
[16.950159] (-) TimerEvent: {}
[17.050668] (-) TimerEvent: {}
[17.151160] (-) TimerEvent: {}
[17.251495] (-) TimerEvent: {}
[17.351788] (-) TimerEvent: {}
[17.452161] (-) TimerEvent: {}
[17.552526] (-) TimerEvent: {}
[17.652897] (-) TimerEvent: {}
[17.753246] (-) TimerEvent: {}
[17.853600] (-) TimerEvent: {}
[17.953941] (-) TimerEvent: {}
[18.054280] (-) TimerEvent: {}
[18.154656] (-) TimerEvent: {}
[18.254998] (-) TimerEvent: {}
[18.355446] (-) TimerEvent: {}
[18.455845] (-) TimerEvent: {}
[18.556224] (-) TimerEvent: {}
[18.656657] (-) TimerEvent: {}
[18.757037] (-) TimerEvent: {}
[18.857408] (-) TimerEvent: {}
[18.957796] (-) TimerEvent: {}
[19.058166] (-) TimerEvent: {}
[19.158568] (-) TimerEvent: {}
[19.258986] (-) TimerEvent: {}
[19.359432] (-) TimerEvent: {}
[19.459888] (-) TimerEvent: {}
[19.560326] (-) TimerEvent: {}
[19.660793] (-) TimerEvent: {}
[19.761217] (-) TimerEvent: {}
[19.861639] (-) TimerEvent: {}
[19.962102] (-) TimerEvent: {}
[20.062517] (-) TimerEvent: {}
[20.164755] (-) TimerEvent: {}
[20.265195] (-) TimerEvent: {}
[20.365604] (-) TimerEvent: {}
[20.465975] (-) TimerEvent: {}
[20.566750] (-) TimerEvent: {}
[20.667104] (-) TimerEvent: {}
[20.767478] (-) TimerEvent: {}
[20.867877] (-) TimerEvent: {}
[20.968205] (-) TimerEvent: {}
[21.068531] (-) TimerEvent: {}
[21.168911] (-) TimerEvent: {}
[21.269306] (-) TimerEvent: {}
[21.369761] (-) TimerEvent: {}
[21.470157] (-) TimerEvent: {}
[21.570554] (-) TimerEvent: {}
[21.670896] (-) TimerEvent: {}
[21.771264] (-) TimerEvent: {}
[21.871646] (-) TimerEvent: {}
[21.972158] (-) TimerEvent: {}
[22.072681] (-) TimerEvent: {}
[22.173148] (-) TimerEvent: {}
[22.273549] (-) TimerEvent: {}
[22.373956] (-) TimerEvent: {}
[22.474286] (-) TimerEvent: {}
[22.574992] (-) TimerEvent: {}
[22.675324] (-) TimerEvent: {}
[22.775651] (-) TimerEvent: {}
[22.875959] (-) TimerEvent: {}
[22.976311] (-) TimerEvent: {}
[23.076636] (-) TimerEvent: {}
[23.176938] (-) TimerEvent: {}
[23.277270] (-) TimerEvent: {}
[23.377620] (-) TimerEvent: {}
[23.477957] (-) TimerEvent: {}
[23.578302] (-) TimerEvent: {}
[23.678668] (-) TimerEvent: {}
[23.778997] (-) TimerEvent: {}
[23.879372] (-) TimerEvent: {}
[23.979743] (-) TimerEvent: {}
[24.080080] (-) TimerEvent: {}
[24.180440] (-) TimerEvent: {}
[24.280793] (-) TimerEvent: {}
[24.381136] (-) TimerEvent: {}
[24.481953] (-) TimerEvent: {}
[24.582306] (-) TimerEvent: {}
[24.682682] (-) TimerEvent: {}
[24.783057] (-) TimerEvent: {}
[24.883398] (-) TimerEvent: {}
[24.983816] (-) TimerEvent: {}
[25.084273] (-) TimerEvent: {}
[25.184637] (-) TimerEvent: {}
[25.285005] (-) TimerEvent: {}
[25.385324] (-) TimerEvent: {}
[25.485674] (-) TimerEvent: {}
[25.586062] (-) TimerEvent: {}
[25.686438] (-) TimerEvent: {}
[25.787210] (-) TimerEvent: {}
[25.887578] (-) TimerEvent: {}
[25.987959] (-) TimerEvent: {}
[26.088355] (-) TimerEvent: {}
[26.188773] (-) TimerEvent: {}
[26.289107] (-) TimerEvent: {}
[26.389486] (-) TimerEvent: {}
[26.493064] (-) TimerEvent: {}
[26.593521] (-) TimerEvent: {}
[26.694779] (-) TimerEvent: {}
[26.795397] (-) TimerEvent: {}
[26.896189] (-) TimerEvent: {}
[26.996583] (-) TimerEvent: {}
[27.096958] (-) TimerEvent: {}
[27.197346] (-) TimerEvent: {}
[27.297713] (-) TimerEvent: {}
[27.398061] (-) TimerEvent: {}
[27.498472] (-) TimerEvent: {}
[27.598891] (-) TimerEvent: {}
[27.699302] (-) TimerEvent: {}
[27.799950] (-) TimerEvent: {}
[27.900341] (-) TimerEvent: {}
[28.001090] (-) TimerEvent: {}
[28.101454] (-) TimerEvent: {}
[28.201859] (-) TimerEvent: {}
[28.302208] (-) TimerEvent: {}
[28.402547] (-) TimerEvent: {}
[28.502861] (-) TimerEvent: {}
[28.603215] (-) TimerEvent: {}
[28.703540] (-) TimerEvent: {}
[28.803856] (-) TimerEvent: {}
[28.904229] (-) TimerEvent: {}
[29.004573] (-) TimerEvent: {}
[29.104946] (-) TimerEvent: {}
[29.205309] (-) TimerEvent: {}
[29.305677] (-) TimerEvent: {}
[29.406064] (-) TimerEvent: {}
[29.506796] (-) TimerEvent: {}
[29.607164] (-) TimerEvent: {}
[29.707520] (-) TimerEvent: {}
[29.807811] (-) TimerEvent: {}
[29.908168] (-) TimerEvent: {}
[30.008523] (-) TimerEvent: {}
[30.108794] (-) TimerEvent: {}
[30.209126] (-) TimerEvent: {}
[30.309617] (-) TimerEvent: {}
[30.410021] (-) TimerEvent: {}
[30.510401] (-) TimerEvent: {}
[30.610820] (-) TimerEvent: {}
[30.711266] (-) TimerEvent: {}
[30.811647] (-) TimerEvent: {}
[30.912066] (-) TimerEvent: {}
[31.012476] (-) TimerEvent: {}
[31.112835] (-) TimerEvent: {}
[31.213257] (-) TimerEvent: {}
[31.313687] (-) TimerEvent: {}
[31.414077] (-) TimerEvent: {}
[31.514528] (-) TimerEvent: {}
[31.615939] (-) TimerEvent: {}
[31.716342] (-) TimerEvent: {}
[31.816720] (-) TimerEvent: {}
[31.917108] (-) TimerEvent: {}
[32.017472] (-) TimerEvent: {}
[32.117856] (-) TimerEvent: {}
[32.175181] (simple_robot) StdoutLine: {'line': b'[ 16%] \x1b[32m\x1b[1mLinking CXX executable robot_map_node\x1b[0m\n'}
[32.217957] (-) TimerEvent: {}
[32.318316] (-) TimerEvent: {}
[32.418734] (-) TimerEvent: {}
[32.521896] (-) TimerEvent: {}
[32.626345] (-) TimerEvent: {}
[32.727027] (-) TimerEvent: {}
[32.829273] (-) TimerEvent: {}
[32.931092] (-) TimerEvent: {}
[33.033833] (-) TimerEvent: {}
[33.134421] (-) TimerEvent: {}
[33.234935] (-) TimerEvent: {}
[33.337305] (-) TimerEvent: {}
[33.438596] (-) TimerEvent: {}
[33.539224] (-) TimerEvent: {}
[33.641596] (-) TimerEvent: {}
[33.742054] (-) TimerEvent: {}
[33.843327] (-) TimerEvent: {}
[33.943837] (-) TimerEvent: {}
[34.044311] (-) TimerEvent: {}
[34.144716] (-) TimerEvent: {}
[34.245140] (-) TimerEvent: {}
[34.345597] (-) TimerEvent: {}
[34.446837] (-) TimerEvent: {}
[34.547353] (-) TimerEvent: {}
[34.647830] (-) TimerEvent: {}
[34.749259] (-) TimerEvent: {}
[34.850001] (-) TimerEvent: {}
[34.951464] (-) TimerEvent: {}
[35.052124] (-) TimerEvent: {}
[35.152635] (-) TimerEvent: {}
[35.255047] (-) TimerEvent: {}
[35.333859] (simple_robot) StdoutLine: {'line': b'[ 50%] Built target robot_map_node\n'}
[35.355104] (-) TimerEvent: {}
[35.374787] (simple_robot) StdoutLine: {'line': b'\x1b[35m\x1b[1mConsolidate compiler generated dependencies of target grid_map\x1b[0m\n'}
[35.438797] (simple_robot) StdoutLine: {'line': b'[ 58%] \x1b[32mBuilding CXX object src/CMakeFiles/grid_map.dir/main.cpp.o\x1b[0m\n'}
[35.455233] (-) TimerEvent: {}
[35.555616] (-) TimerEvent: {}
[35.655990] (-) TimerEvent: {}
[35.756419] (-) TimerEvent: {}
[35.857774] (-) TimerEvent: {}
[35.958159] (-) TimerEvent: {}
[36.058532] (-) TimerEvent: {}
[36.159019] (-) TimerEvent: {}
[36.259865] (-) TimerEvent: {}
[36.360409] (-) TimerEvent: {}
[36.460963] (-) TimerEvent: {}
[36.561445] (-) TimerEvent: {}
[36.661910] (-) TimerEvent: {}
[36.766780] (-) TimerEvent: {}
[36.867245] (-) TimerEvent: {}
[36.967718] (-) TimerEvent: {}
[37.068457] (-) TimerEvent: {}
[37.168912] (-) TimerEvent: {}
[37.269237] (-) TimerEvent: {}
[37.369602] (-) TimerEvent: {}
[37.469990] (-) TimerEvent: {}
[37.570636] (-) TimerEvent: {}
[37.670983] (-) TimerEvent: {}
[37.771362] (-) TimerEvent: {}
[37.871730] (-) TimerEvent: {}
[37.972052] (-) TimerEvent: {}
[38.072365] (-) TimerEvent: {}
[38.172723] (-) TimerEvent: {}
[38.273061] (-) TimerEvent: {}
[38.373809] (-) TimerEvent: {}
[38.474336] (-) TimerEvent: {}
[38.574750] (-) TimerEvent: {}
[38.675227] (-) TimerEvent: {}
[38.775660] (-) TimerEvent: {}
[38.876463] (-) TimerEvent: {}
[38.978809] (-) TimerEvent: {}
[39.079516] (-) TimerEvent: {}
[39.180228] (-) TimerEvent: {}
[39.280698] (-) TimerEvent: {}
[39.381050] (-) TimerEvent: {}
[39.481419] (-) TimerEvent: {}
[39.581860] (-) TimerEvent: {}
[39.682258] (-) TimerEvent: {}
[39.782614] (-) TimerEvent: {}
[39.882997] (-) TimerEvent: {}
[39.983384] (-) TimerEvent: {}
[40.083782] (-) TimerEvent: {}
[40.184142] (-) TimerEvent: {}
[40.284530] (-) TimerEvent: {}
[40.384909] (-) TimerEvent: {}
[40.485287] (-) TimerEvent: {}
[40.585661] (-) TimerEvent: {}
[40.686050] (-) TimerEvent: {}
[40.786448] (-) TimerEvent: {}
[40.886880] (-) TimerEvent: {}
[40.987253] (-) TimerEvent: {}
[41.087634] (-) TimerEvent: {}
[41.188033] (-) TimerEvent: {}
[41.288408] (-) TimerEvent: {}
[41.388820] (-) TimerEvent: {}
[41.489164] (-) TimerEvent: {}
[41.589534] (-) TimerEvent: {}
[41.689889] (-) TimerEvent: {}
[41.791035] (-) TimerEvent: {}
[41.891410] (-) TimerEvent: {}
[41.991786] (-) TimerEvent: {}
[42.092169] (-) TimerEvent: {}
[42.192538] (-) TimerEvent: {}
[42.292882] (-) TimerEvent: {}
[42.393256] (-) TimerEvent: {}
[42.493662] (-) TimerEvent: {}
[42.594102] (-) TimerEvent: {}
[42.694515] (-) TimerEvent: {}
[42.794938] (-) TimerEvent: {}
[42.895302] (-) TimerEvent: {}
[42.995680] (-) TimerEvent: {}
[43.096052] (-) TimerEvent: {}
[43.196442] (-) TimerEvent: {}
[43.296818] (-) TimerEvent: {}
[43.397189] (-) TimerEvent: {}
[43.497606] (-) TimerEvent: {}
[43.598040] (-) TimerEvent: {}
[43.698478] (-) TimerEvent: {}
[43.798895] (-) TimerEvent: {}
[43.899316] (-) TimerEvent: {}
[43.999751] (-) TimerEvent: {}
[44.100146] (-) TimerEvent: {}
[44.200530] (-) TimerEvent: {}
[44.300948] (-) TimerEvent: {}
[44.401363] (-) TimerEvent: {}
[44.501744] (-) TimerEvent: {}
[44.602072] (-) TimerEvent: {}
[44.702413] (-) TimerEvent: {}
[44.802759] (-) TimerEvent: {}
[44.903110] (-) TimerEvent: {}
[45.003454] (-) TimerEvent: {}
[45.103794] (-) TimerEvent: {}
[45.204137] (-) TimerEvent: {}
[45.304479] (-) TimerEvent: {}
[45.405155] (-) TimerEvent: {}
[45.505532] (-) TimerEvent: {}
[45.605923] (-) TimerEvent: {}
[45.706300] (-) TimerEvent: {}
[45.806682] (-) TimerEvent: {}
[45.907090] (-) TimerEvent: {}
[46.007480] (-) TimerEvent: {}
[46.107872] (-) TimerEvent: {}
[46.208257] (-) TimerEvent: {}
[46.308638] (-) TimerEvent: {}
[46.409041] (-) TimerEvent: {}
[46.509435] (-) TimerEvent: {}
[46.609847] (-) TimerEvent: {}
[46.710242] (-) TimerEvent: {}
[46.810651] (-) TimerEvent: {}
[46.911103] (-) TimerEvent: {}
[47.011557] (-) TimerEvent: {}
[47.111909] (-) TimerEvent: {}
[47.212293] (-) TimerEvent: {}
[47.312720] (-) TimerEvent: {}
[47.413126] (-) TimerEvent: {}
[47.513502] (-) TimerEvent: {}
[47.613931] (-) TimerEvent: {}
[47.714363] (-) TimerEvent: {}
[47.814768] (-) TimerEvent: {}
[47.915157] (-) TimerEvent: {}
[48.015999] (-) TimerEvent: {}
[48.116382] (-) TimerEvent: {}
[48.216798] (-) TimerEvent: {}
[48.317132] (-) TimerEvent: {}
[48.417474] (-) TimerEvent: {}
[48.517816] (-) TimerEvent: {}
[48.618169] (-) TimerEvent: {}
[48.718528] (-) TimerEvent: {}
[48.820774] (-) TimerEvent: {}
[48.922778] (-) TimerEvent: {}
[49.023218] (-) TimerEvent: {}
[49.123981] (-) TimerEvent: {}
[49.225018] (-) TimerEvent: {}
[49.325394] (-) TimerEvent: {}
[49.425746] (-) TimerEvent: {}
[49.526112] (-) TimerEvent: {}
[49.626493] (-) TimerEvent: {}
[49.726885] (-) TimerEvent: {}
[49.827290] (-) TimerEvent: {}
[49.927759] (-) TimerEvent: {}
[50.028202] (-) TimerEvent: {}
[50.128618] (-) TimerEvent: {}
[50.229045] (-) TimerEvent: {}
[50.329483] (-) TimerEvent: {}
[50.429920] (-) TimerEvent: {}
[50.530374] (-) TimerEvent: {}
[50.630810] (-) TimerEvent: {}
[50.731225] (-) TimerEvent: {}
[50.831607] (-) TimerEvent: {}
[50.932081] (-) TimerEvent: {}
[51.032439] (-) TimerEvent: {}
[51.132815] (-) TimerEvent: {}
[51.233169] (-) TimerEvent: {}
[51.333547] (-) TimerEvent: {}
[51.433882] (-) TimerEvent: {}
[51.534239] (-) TimerEvent: {}
[51.634597] (-) TimerEvent: {}
[51.734945] (-) TimerEvent: {}
[51.835339] (-) TimerEvent: {}
[51.935748] (-) TimerEvent: {}
[52.036210] (-) TimerEvent: {}
[52.136612] (-) TimerEvent: {}
[52.237019] (-) TimerEvent: {}
[52.337397] (-) TimerEvent: {}
[52.437775] (-) TimerEvent: {}
[52.538237] (-) TimerEvent: {}
[52.638754] (-) TimerEvent: {}
[52.739255] (-) TimerEvent: {}
[52.839783] (-) TimerEvent: {}
[52.940230] (-) TimerEvent: {}
[53.040616] (-) TimerEvent: {}
[53.140943] (-) TimerEvent: {}
[53.241285] (-) TimerEvent: {}
[53.341627] (-) TimerEvent: {}
[53.441952] (-) TimerEvent: {}
[53.542313] (-) TimerEvent: {}
[53.642742] (-) TimerEvent: {}
[53.743157] (-) TimerEvent: {}
[53.843522] (-) TimerEvent: {}
[53.943816] (-) TimerEvent: {}
[54.044224] (-) TimerEvent: {}
[54.144634] (-) TimerEvent: {}
[54.245004] (-) TimerEvent: {}
[54.345800] (-) TimerEvent: {}
[54.446262] (-) TimerEvent: {}
[54.546660] (-) TimerEvent: {}
[54.647086] (-) TimerEvent: {}
[54.747554] (-) TimerEvent: {}
[54.847965] (-) TimerEvent: {}
[54.948379] (-) TimerEvent: {}
[55.048750] (-) TimerEvent: {}
[55.149146] (-) TimerEvent: {}
[55.249481] (-) TimerEvent: {}
[55.349778] (-) TimerEvent: {}
[55.450095] (-) TimerEvent: {}
[55.550440] (-) TimerEvent: {}
[55.650809] (-) TimerEvent: {}
[55.751165] (-) TimerEvent: {}
[55.851502] (-) TimerEvent: {}
[55.951800] (-) TimerEvent: {}
[56.052128] (-) TimerEvent: {}
[56.152478] (-) TimerEvent: {}
[56.252812] (-) TimerEvent: {}
[56.353129] (-) TimerEvent: {}
[56.453526] (-) TimerEvent: {}
[56.553866] (-) TimerEvent: {}
[56.654191] (-) TimerEvent: {}
[56.754529] (-) TimerEvent: {}
[56.854819] (-) TimerEvent: {}
[56.955157] (-) TimerEvent: {}
[57.055487] (-) TimerEvent: {}
[57.155821] (-) TimerEvent: {}
[57.256163] (-) TimerEvent: {}
[57.356491] (-) TimerEvent: {}
[57.456803] (-) TimerEvent: {}
[57.557152] (-) TimerEvent: {}
[57.657483] (-) TimerEvent: {}
[57.757814] (-) TimerEvent: {}
[57.858167] (-) TimerEvent: {}
[57.958558] (-) TimerEvent: {}
[58.058902] (-) TimerEvent: {}
[58.159267] (-) TimerEvent: {}
[58.259643] (-) TimerEvent: {}
[58.359959] (-) TimerEvent: {}
[58.460301] (-) TimerEvent: {}
[58.560773] (-) TimerEvent: {}
[58.661167] (-) TimerEvent: {}
[58.761586] (-) TimerEvent: {}
[58.861950] (-) TimerEvent: {}
[58.962322] (-) TimerEvent: {}
[59.062739] (-) TimerEvent: {}
[59.163131] (-) TimerEvent: {}
[59.263492] (-) TimerEvent: {}
[59.363967] (-) TimerEvent: {}
[59.464414] (-) TimerEvent: {}
[59.564785] (-) TimerEvent: {}
[59.665595] (-) TimerEvent: {}
[59.765957] (-) TimerEvent: {}
[59.866238] (-) TimerEvent: {}
[59.966578] (-) TimerEvent: {}
[60.066921] (-) TimerEvent: {}
[60.167565] (-) TimerEvent: {}
[60.267915] (-) TimerEvent: {}
[60.368272] (-) TimerEvent: {}
[60.468564] (-) TimerEvent: {}
[60.568911] (-) TimerEvent: {}
[60.669313] (-) TimerEvent: {}
[60.769831] (-) TimerEvent: {}
[60.870162] (-) TimerEvent: {}
[60.970527] (-) TimerEvent: {}
[61.070888] (-) TimerEvent: {}
[61.171263] (-) TimerEvent: {}
[61.271668] (-) TimerEvent: {}
[61.372025] (-) TimerEvent: {}
[61.472366] (-) TimerEvent: {}
[61.572831] (-) TimerEvent: {}
[61.673253] (-) TimerEvent: {}
[61.773681] (-) TimerEvent: {}
[61.874110] (-) TimerEvent: {}
[61.974570] (-) TimerEvent: {}
[62.074983] (-) TimerEvent: {}
[62.175381] (-) TimerEvent: {}
[62.275768] (-) TimerEvent: {}
[62.376177] (-) TimerEvent: {}
[62.476602] (-) TimerEvent: {}
[62.576973] (-) TimerEvent: {}
[62.578715] (simple_robot) StdoutLine: {'line': b'[ 66%] \x1b[32m\x1b[1mLinking CXX shared library libgrid_map.so\x1b[0m\n'}
[62.677521] (-) TimerEvent: {}
[62.781788] (-) TimerEvent: {}
[62.882190] (-) TimerEvent: {}
[62.982605] (-) TimerEvent: {}
[63.083005] (-) TimerEvent: {}
[63.185833] (-) TimerEvent: {}
[63.286383] (-) TimerEvent: {}
[63.386813] (-) TimerEvent: {}
[63.489804] (-) TimerEvent: {}
[63.590292] (-) TimerEvent: {}
[63.690865] (-) TimerEvent: {}
[63.791449] (-) TimerEvent: {}
[63.894542] (-) TimerEvent: {}
[63.996739] (-) TimerEvent: {}
[64.099796] (-) TimerEvent: {}
[64.200289] (-) TimerEvent: {}
[64.300795] (-) TimerEvent: {}
[64.402383] (-) TimerEvent: {}
[64.503011] (-) TimerEvent: {}
[64.603786] (-) TimerEvent: {}
[64.704244] (-) TimerEvent: {}
[64.805220] (-) TimerEvent: {}
[64.907857] (-) TimerEvent: {}
[65.008394] (-) TimerEvent: {}
[65.109592] (-) TimerEvent: {}
[65.210658] (-) TimerEvent: {}
[65.311332] (-) TimerEvent: {}
[65.412794] (-) TimerEvent: {}
[65.506027] (simple_robot) StdoutLine: {'line': b'[100%] Built target grid_map\n'}
[65.514767] (-) TimerEvent: {}
[65.543105] (simple_robot) CommandEnded: {'returncode': 0}
[65.544457] (simple_robot) JobProgress: {'identifier': 'simple_robot', 'progress': 'install'}
[65.573832] (simple_robot) Command: {'cmd': ['/usr/bin/cmake', '--install', '/home/martina/rp_project/robot-programming-project/src/simple_robot/build/simple_robot'], 'cwd': '/home/martina/rp_project/robot-programming-project/src/simple_robot/build/simple_robot', 'env': OrderedDict([('GJS_DEBUG_TOPICS', 'JS ERROR;JS LOG'), ('LESSOPEN', '| /usr/bin/env /usr/bin/lesspipe %s 2>/dev/null'), ('CONDA_PROMPT_MODIFIER', '(base)'), ('LC_TIME', 'it_IT.UTF-8'), ('USER', 'martina'), ('XDG_SESSION_TYPE', 'wayland'), ('GIT_ASKPASS', '/usr/share/code/resources/app/extensions/git/dist/askpass.sh'), ('SHLVL', '2'), ('LD_LIBRARY_PATH', '/opt/ros/humble/opt/rviz_ogre_vendor/lib:/opt/ros/humble/lib/x86_64-linux-gnu:/opt/ros/humble/lib::/home/martina/.mujoco/mujoco210/bin:/usr/lib/nvidia:~/anaconda3/lib'), ('HOME', '/home/martina'), ('OLDPWD', '/home/martina/rp_project/robot-programming-project/src/simple_robot'), ('CHROME_DESKTOP', 'code.desktop'), ('TERMINFO', '/home/martina/.terminfo'), ('LESS', '-iRFXMx4'), ('CONDA_SHLVL', '1'), ('DESKTOP_SESSION', 'ubuntu'), ('TERM_PROGRAM_VERSION', '1.97.2'), ('GIO_LAUNCHED_DESKTOP_FILE', '/usr/share/applications/code.desktop'), ('LSCOLORS', 'ExGxDxDxCxDxDxFxFxexEx'), ('GTK_MODULES', 'gail:atk-bridge'), ('GNOME_SHELL_SESSION_MODE', 'ubuntu'), ('VSCODE_GIT_ASKPASS_MAIN', '/usr/share/code/resources/app/extensions/git/dist/askpass-main.js'), ('PAGER', 'less'), ('ROS_PYTHON_VERSION', '3'), ('LC_MONETARY', 'it_IT.UTF-8'), ('MANAGERPID', '887'), ('VSCODE_GIT_ASKPASS_NODE', '/usr/share/code/code'), ('SYSTEMD_EXEC_PID', '1152'), ('DBUS_SESSION_BUS_ADDRESS', 'unix:path=/run/user/1000/bus'), ('P9K_TTY', 'old'), ('GIO_LAUNCHED_DESKTOP_FILE_PID', '3260'), ('COLORTERM', 'truecolor'), ('_CE_M', ''), ('WAYLAND_DISPLAY', 'wayland-0'), ('INFOPATH', ''), ('ROS_DISTRO', 'humble'), ('COLCON_PREFIX_PATH', '/home/martina/rp_project/robot-programming-project/install'), ('LOGNAME', 'martina'), ('_', '/usr/bin/colcon'), ('JOURNAL_STREAM', '8:11413'), ('_P9K_SSH_TTY', '/dev/pts/2'), ('XDG_SESSION_CLASS', 'user'), ('USER_ZDOTDIR', '/home/martina'), ('ROS_VERSION', '2'), ('USERNAME', 'martina'), ('TERM', 'xterm-256color'), ('GNOME_DESKTOP_SESSION_ID', 'this-is-deprecated'), ('_CE_CONDA', ''), ('ROS_LOCALHOST_ONLY', '0'), ('PATH', '/opt/ros/humble/bin:/home/martina/.local/bin:/home/martina/.local/bin:/usr/lib/ccache:.:/home/martina/.mujoco/mujoco210/bin:/usr/lib/nvidia:/home/martina/anaconda3/condabin:/home/martina/bin:/home/martina/.local/bin:/usr/local/sbin:/usr/local/bin:/usr/sbin:/usr/bin:/sbin:/bin:/usr/games:/usr/local/games:/snap/bin:/home/martina/.cache/zsh4humans/v5/fzf/bin:/home/martina/other/install/bin'), ('SESSION_MANAGER', 'local/Martina-ThinkPad-X1-Yoga:@/tmp/.ICE-unix/1105,unix/Martina-ThinkPad-X1-Yoga:/tmp/.ICE-unix/1105'), ('INVOCATION_ID', 'abb78b4b018940349bd4da4c8fed9753'), ('LC_ADDRESS', 'it_IT.UTF-8'), ('XDG_RUNTIME_DIR', '/run/user/1000'), ('XDG_MENU_PREFIX', 'gnome-'), ('GNOME_SETUP_DISPLAY', ':1'), ('GDK_BACKEND', 'x11'), ('DISPLAY', ':0'), ('LANG', 'en_US.UTF-8'), ('LC_TELEPHONE', 'it_IT.UTF-8'), ('XDG_CURRENT_DESKTOP', 'Unity'), ('VSCODE_INJECTION', '1'), ('LD_PRELOAD', ':/usr/lib/x86_64-linux-gnu/libGLEW.so'), ('XDG_SESSION_DESKTOP', 'ubuntu'), ('XMODIFIERS', '@im=ibus'), ('XAUTHORITY', '/run/user/1000/.mutter-Xwaylandauth.L52E22'), ('TERM_PROGRAM', 'vscode'), ('VSCODE_GIT_IPC_HANDLE', '/run/user/1000/vscode-git-f640f2b3f6.sock'), ('LS_COLORS', 'fi=00:mi=00:mh=00:ln=01;36:or=01;31:di=01;34:ow=04;01;34:st=34:tw=04;34:pi=01;33:so=01;33:do=01;33:bd=01;33:cd=01;33:su=01;35:sg=01;35:ca=01;35:ex=01;32:no=38;5;248'), ('TREE_COLORS', 'fi=00:mi=00:mh=00:ln=01;36:or=01;31:di=01;34:ow=01;34:st=34:tw=34:pi=01;33:so=01;33:do=01;33:bd=01;33:cd=01;33:su=01;35:sg=01;35:ca=01;35:ex=01;32'), ('SSH_AGENT_LAUNCHER', 'gnome-keyring'), ('SSH_AUTH_SOCK', '/run/user/1000/keyring/ssh'), ('ORIGINAL_XDG_CURRENT_DESKTOP', 'ubuntu:GNOME'), ('CONDA_PYTHON_EXE', '/home/martina/anaconda3/bin/python'), ('AMENT_PREFIX_PATH', '/home/martina/rp_project/robot-programming-project/install/simple_robot:/opt/ros/humble'), ('LC_NAME', 'it_IT.UTF-8'), ('SHELL', '/usr/local/bin/zsh'), ('DEST', '/home/martina/other/install'), ('QT_ACCESSIBILITY', '1'), ('GDMSESSION', 'ubuntu'), ('CONDA_DEFAULT_ENV', 'base'), ('LC_MEASUREMENT', 'it_IT.UTF-8'), ('LC_IDENTIFICATION', 'it_IT.UTF-8'), ('GJS_DEBUG_OUTPUT', 'stderr'), ('P9K_SSH', '0'), ('QT_IM_MODULE', 'ibus'), ('VSCODE_GIT_ASKPASS_EXTRA_ARGS', ''), ('VSCODE_NONCE', '052e925b-acb5-444f-b870-f20c06506941'), ('LC_ALL', 'en_US.UTF-8'), ('PWD', '/home/martina/rp_project/robot-programming-project/src/simple_robot/build/simple_robot'), ('GPG_TTY', '/dev/pts/2'), ('XDG_DATA_DIRS', '/usr/local/share/:/usr/share/:/var/lib/snapd/desktop'), ('ZDOTDIR', '/home/martina'), ('_P9K_TTY', '/dev/pts/2'), ('CONDA_EXE', '/home/martina/anaconda3/bin/conda'), ('LC_NUMERIC', 'it_IT.UTF-8'), ('PYTHONPATH', '/opt/ros/humble/lib/python3.10/site-packages:/opt/ros/humble/local/lib/python3.10/dist-packages:/home/martina/other/install/lib/python3.10/site-packages/'), ('LC_PAPER', 'it_IT.UTF-8'), ('CONDA_PREFIX', '/home/martina/anaconda3'), ('COLCON', '1'), ('MANPATH', '/usr/local/share/man:/home/martina/.cache/zsh4humans/v5/fzf/man:'), ('CMAKE_PREFIX_PATH', '/home/martina/rp_project/robot-programming-project/install/simple_robot:/opt/ros/humble')]), 'shell': False}
[65.594292] (simple_robot) StdoutLine: {'line': b'-- Install configuration: ""\n'}
[65.595336] (simple_robot) StdoutLine: {'line': b'-- Installing: /home/martina/rp_project/robot-programming-project/src/simple_robot/install/simple_robot/lib/simple_robot/robot_map_node\n'}
[65.611669] (simple_robot) StdoutLine: {'line': b'-- Set runtime path of "/home/martina/rp_project/robot-programming-project/src/simple_robot/install/simple_robot/lib/simple_robot/robot_map_node" to ""\n'}
[65.613168] (simple_robot) StdoutLine: {'line': b'-- Up-to-date: /home/martina/rp_project/robot-programming-project/src/simple_robot/install/simple_robot/share/ament_index/resource_index/package_run_dependencies/simple_robot\n'}
[65.613456] (simple_robot) StdoutLine: {'line': b'-- Up-to-date: /home/martina/rp_project/robot-programming-project/src/simple_robot/install/simple_robot/share/ament_index/resource_index/parent_prefix_path/simple_robot\n'}
[65.613642] (simple_robot) StdoutLine: {'line': b'-- Up-to-date: /home/martina/rp_project/robot-programming-project/src/simple_robot/install/simple_robot/share/simple_robot/environment/ament_prefix_path.sh\n'}
[65.613835] (simple_robot) StdoutLine: {'line': b'-- Installing: /home/martina/rp_project/robot-programming-project/src/simple_robot/install/simple_robot/share/simple_robot/environment/ament_prefix_path.dsv\n'}
[65.613994] (simple_robot) StdoutLine: {'line': b'-- Up-to-date: /home/martina/rp_project/robot-programming-project/src/simple_robot/install/simple_robot/share/simple_robot/environment/path.sh\n'}
[65.617188] (-) TimerEvent: {}
[65.617424] (simple_robot) StdoutLine: {'line': b'-- Installing: /home/martina/rp_project/robot-programming-project/src/simple_robot/install/simple_robot/share/simple_robot/environment/path.dsv\n'}
[65.617748] (simple_robot) StdoutLine: {'line': b'-- Up-to-date: /home/martina/rp_project/robot-programming-project/src/simple_robot/install/simple_robot/share/simple_robot/local_setup.bash\n'}
[65.617924] (simple_robot) StdoutLine: {'line': b'-- Up-to-date: /home/martina/rp_project/robot-programming-project/src/simple_robot/install/simple_robot/share/simple_robot/local_setup.sh\n'}
[65.618099] (simple_robot) StdoutLine: {'line': b'-- Up-to-date: /home/martina/rp_project/robot-programming-project/src/simple_robot/install/simple_robot/share/simple_robot/local_setup.zsh\n'}
[65.618254] (simple_robot) StdoutLine: {'line': b'-- Installing: /home/martina/rp_project/robot-programming-project/src/simple_robot/install/simple_robot/share/simple_robot/local_setup.dsv\n'}
[65.618401] (simple_robot) StdoutLine: {'line': b'-- Installing: /home/martina/rp_project/robot-programming-project/src/simple_robot/install/simple_robot/share/simple_robot/package.dsv\n'}
[65.618563] (simple_robot) StdoutLine: {'line': b'-- Up-to-date: /home/martina/rp_project/robot-programming-project/src/simple_robot/install/simple_robot/share/ament_index/resource_index/packages/simple_robot\n'}
[65.618759] (simple_robot) StdoutLine: {'line': b'-- Up-to-date: /home/martina/rp_project/robot-programming-project/src/simple_robot/install/simple_robot/share/simple_robot/cmake/simple_robotConfig.cmake\n'}
[65.619045] (simple_robot) StdoutLine: {'line': b'-- Up-to-date: /home/martina/rp_project/robot-programming-project/src/simple_robot/install/simple_robot/share/simple_robot/cmake/simple_robotConfig-version.cmake\n'}
[65.619226] (simple_robot) StdoutLine: {'line': b'-- Up-to-date: /home/martina/rp_project/robot-programming-project/src/simple_robot/install/simple_robot/share/simple_robot/package.xml\n'}
[65.622238] (simple_robot) CommandEnded: {'returncode': 0}
[65.672304] (simple_robot) JobEnded: {'identifier': 'simple_robot', 'rc': 0}
[65.673792] (-) EventReactorShutdown: {}
