[0.051s] Invoking command in '/home/martina/rp_project/robot-programming-project/src/simple_robot/build/simple_robot': CMAKE_PREFIX_PATH=${CMAKE_PREFIX_PATH}:/opt/ros/humble CONDA_PROMPT_MODIFIER=(base) /usr/bin/cmake /home/martina/rp_project/robot-programming-project/src/simple_robot -DCMAKE_INSTALL_PREFIX=/home/martina/rp_project/robot-programming-project/src/simple_robot/install/simple_robot
[0.355s] -- The C compiler identification is GNU 11.4.0
[0.608s] -- The CXX compiler identification is GNU 11.4.0
[0.651s] -- Detecting C compiler ABI info
[0.862s] -- Detecting C compiler ABI info - done
[0.891s] -- Check for working C compiler: /usr/lib/ccache/cc - skipped
[0.894s] -- Detecting C compile features
[0.895s] -- Detecting C compile features - done
[0.911s] -- Detecting CXX compiler ABI info
[1.225s] -- Detecting CXX compiler ABI info - done
[1.253s] -- Check for working CXX compiler: /usr/lib/ccache/c++ - skipped
[1.254s] -- Detecting CXX compile features
[1.258s] -- Detecting CXX compile features - done
[1.290s] -- Found OpenCV: /usr (found suitable version "4.5.4", minimum required is "4.5.4") 
[1.296s] -- Found ament_cmake: 1.3.11 (/opt/ros/humble/share/ament_cmake/cmake)
[1.761s] -- Found Python3: /usr/bin/python3 (found version "3.10.12") found components: Interpreter 
[2.108s] -- Found rclcpp: 16.0.11 (/opt/ros/humble/share/rclcpp/cmake)
[2.201s] -- Found rosidl_generator_c: 3.1.6 (/opt/ros/humble/share/rosidl_generator_c/cmake)
[2.212s] -- Found rosidl_adapter: 3.1.6 (/opt/ros/humble/share/rosidl_adapter/cmake)
[2.230s] -- Found rosidl_generator_cpp: 3.1.6 (/opt/ros/humble/share/rosidl_generator_cpp/cmake)
[2.277s] -- Using all available rosidl_typesupport_c: rosidl_typesupport_fastrtps_c;rosidl_typesupport_introspection_c
[2.332s] -- Using all available rosidl_typesupport_cpp: rosidl_typesupport_fastrtps_cpp;rosidl_typesupport_introspection_cpp
[2.468s] -- Found rmw_implementation_cmake: 6.1.2 (/opt/ros/humble/share/rmw_implementation_cmake/cmake)
[2.475s] -- Found rmw_fastrtps_cpp: 6.2.7 (/opt/ros/humble/share/rmw_fastrtps_cpp/cmake)
[2.843s] -- Found OpenSSL: /usr/lib/x86_64-linux-gnu/libcrypto.so (found version "3.0.2")  
[2.927s] -- Found FastRTPS: /opt/ros/humble/include  
[3.092s] -- Using RMW implementation 'rmw_fastrtps_cpp' as default
[3.113s] -- Looking for pthread.h
[3.482s] -- Looking for pthread.h - found
[3.486s] -- Performing Test CMAKE_HAVE_LIBC_PTHREAD
[3.790s] -- Performing Test CMAKE_HAVE_LIBC_PTHREAD - Success
[3.796s] -- Found Threads: TRUE  
[4.067s] -- Found geometry_msgs: 4.2.4 (/opt/ros/humble/share/geometry_msgs/cmake)
[4.111s] -- Found sensor_msgs: 4.2.4 (/opt/ros/humble/share/sensor_msgs/cmake)
[4.176s] -- Found nav_msgs: 4.2.4 (/opt/ros/humble/share/nav_msgs/cmake)
[4.241s] -- Found OpenCV: /usr (found version "4.5.4") 
[4.445s] -- DATA_DIR: /home/martina/rp_project/robot-programming-project/src/simple_robot/data
[4.447s] -- Configuring done
[4.591s] -- Generating done
[4.643s] -- Build files have been written to: /home/martina/rp_project/robot-programming-project/src/simple_robot/build/simple_robot
[4.689s] Invoked command in '/home/martina/rp_project/robot-programming-project/src/simple_robot/build/simple_robot' returned '0': CMAKE_PREFIX_PATH=${CMAKE_PREFIX_PATH}:/opt/ros/humble CONDA_PROMPT_MODIFIER=(base) /usr/bin/cmake /home/martina/rp_project/robot-programming-project/src/simple_robot -DCMAKE_INSTALL_PREFIX=/home/martina/rp_project/robot-programming-project/src/simple_robot/install/simple_robot
[4.691s] Invoking command in '/home/martina/rp_project/robot-programming-project/src/simple_robot/build/simple_robot': CMAKE_PREFIX_PATH=${CMAKE_PREFIX_PATH}:/opt/ros/humble CONDA_PROMPT_MODIFIER=(base) /usr/bin/cmake --build /home/martina/rp_project/robot-programming-project/src/simple_robot/build/simple_robot -- -j4 -l4
[4.906s] [35m[1mConsolidate compiler generated dependencies of target robot_map_node[0m
[4.954s] [35m[1mConsolidate compiler generated dependencies of target grid_map[0m
[5.008s] [  8%] [32mBuilding CXX object CMakeFiles/robot_map_node.dir/src/map_utils.cpp.o[0m
[5.046s] [ 16%] [32mBuilding CXX object CMakeFiles/robot_map_node.dir/src/main.cpp.o[0m
[5.115s] [ 25%] [32mBuilding CXX object src/CMakeFiles/grid_map.dir/map_utils.cpp.o[0m
[5.119s] [ 33%] [32mBuilding CXX object src/CMakeFiles/grid_map.dir/main.cpp.o[0m
[7.415s] [01m[K/home/martina/rp_project/robot-programming-project/src/simple_robot/src/map_utils.cpp:5:10:[m[K [01;31m[Kfatal error: [m[Kos-inl.h: No such file or directory
[7.416s]     5 | #include [01;31m[K<os-inl.h>[m[K
[7.416s]       |          [01;31m[K^~~~~~~~~~[m[K
[7.417s] compilation terminated.
[7.441s] gmake[2]: *** [src/CMakeFiles/grid_map.dir/build.make:90: src/CMakeFiles/grid_map.dir/map_utils.cpp.o] Error 1
[7.441s] gmake[2]: *** Waiting for unfinished jobs....
[8.724s] [01m[K/home/martina/rp_project/robot-programming-project/src/simple_robot/src/map_utils.cpp:5:10:[m[K [01;31m[Kfatal error: [m[Kos-inl.h: No such file or directory
[8.727s]     5 | #include [01;31m[K<os-inl.h>[m[K
[8.728s]       |          [01;31m[K^~~~~~~~~~[m[K
[8.729s] compilation terminated.
[8.746s] gmake[2]: *** [CMakeFiles/robot_map_node.dir/build.make:118: CMakeFiles/robot_map_node.dir/src/map_utils.cpp.o] Error 1
[8.747s] gmake[2]: *** Waiting for unfinished jobs....
[23.072s] gmake[2]: *** [CMakeFiles/robot_map_node.dir/build.make:132: CMakeFiles/robot_map_node.dir/src/main.cpp.o] Interrupt
[23.072s] gmake[2]: *** [src/CMakeFiles/grid_map.dir/build.make:132: src/CMakeFiles/grid_map.dir/main.cpp.o] Interrupt
[23.072s] gmake[1]: *** [CMakeFiles/Makefile2:154: CMakeFiles/robot_map_node.dir/all] Interrupt
[23.075s] gmake[1]: *** [CMakeFiles/Makefile2:180: src/CMakeFiles/grid_map.dir/all] Interrupt
[23.076s] gmake: *** [Makefile:146: all] Interrupt
[23.176s] Invoked command in '/home/martina/rp_project/robot-programming-project/src/simple_robot/build/simple_robot' returned '-2': CMAKE_PREFIX_PATH=${CMAKE_PREFIX_PATH}:/opt/ros/humble CONDA_PROMPT_MODIFIER=(base) /usr/bin/cmake --build /home/martina/rp_project/robot-programming-project/src/simple_robot/build/simple_robot -- -j4 -l4
