[0.000000] (-) TimerEvent: {}
[0.000752] (simple_robot) JobQueued: {'identifier': 'simple_robot', 'dependencies': OrderedDict()}
[0.003711] (simple_robot) JobStarted: {'identifier': 'simple_robot'}
[0.032622] (simple_robot) JobProgress: {'identifier': 'simple_robot', 'progress': 'cmake'}
[0.033368] (simple_robot) Command: {'cmd': ['/usr/bin/cmake', '/home/martina/rp_project/robot-programming-project/src/simple_robot', '-DCMAKE_INSTALL_PREFIX=/home/martina/rp_project/robot-programming-project/src/simple_robot/install/simple_robot'], 'cwd': '/home/martina/rp_project/robot-programming-project/src/simple_robot/build/simple_robot', 'env': OrderedDict([('GJS_DEBUG_TOPICS', 'JS ERROR;JS LOG'), ('LESSOPEN', '| /usr/bin/env /usr/bin/lesspipe %s 2>/dev/null'), ('CONDA_PROMPT_MODIFIER', '(base)'), ('LC_TIME', 'it_IT.UTF-8'), ('USER', 'martina'), ('XDG_SESSION_TYPE', 'wayland'), ('GIT_ASKPASS', '/usr/share/code/resources/app/extensions/git/dist/askpass.sh'), ('SHLVL', '2'), ('LD_LIBRARY_PATH', '/opt/ros/humble/opt/rviz_ogre_vendor/lib:/opt/ros/humble/lib/x86_64-linux-gnu:/opt/ros/humble/lib::/home/martina/.mujoco/mujoco210/bin:/usr/lib/nvidia:~/anaconda3/lib'), ('HOME', '/home/martina'), ('OLDPWD', '/home/martina/rp_project/robot-programming-project/src/simple_robot'), ('CHROME_DESKTOP', 'code.desktop'), ('TERMINFO', '/home/martina/.terminfo'), ('LESS', '-iRFXMx4'), ('CONDA_SHLVL', '1'), ('DESKTOP_SESSION', 'ubuntu'), ('TERM_PROGRAM_VERSION', '1.97.2'), ('GIO_LAUNCHED_DESKTOP_FILE', '/usr/share/applications/code.desktop'), ('LSCOLORS', 'ExGxDxDxCxDxDxFxFxexEx'), ('GTK_MODULES', 'gail:atk-bridge'), ('GNOME_SHELL_SESSION_MODE', 'ubuntu'), ('VSCODE_GIT_ASKPASS_MAIN', '/usr/share/code/resources/app/extensions/git/dist/askpass-main.js'), ('PAGER', 'less'), ('ROS_PYTHON_VERSION', '3'), ('LC_MONETARY', 'it_IT.UTF-8'), ('MANAGERPID', '887'), ('VSCODE_GIT_ASKPASS_NODE', '/usr/share/code/code'), ('SYSTEMD_EXEC_PID', '1152'), ('DBUS_SESSION_BUS_ADDRESS', 'unix:path=/run/user/1000/bus'), ('P9K_TTY', 'old'), ('GIO_LAUNCHED_DESKTOP_FILE_PID', '3260'), ('COLORTERM', 'truecolor'), ('_CE_M', ''), ('WAYLAND_DISPLAY', 'wayland-0'), ('INFOPATH', ''), ('ROS_DISTRO', 'humble'), ('COLCON_PREFIX_PATH', '/home/martina/rp_project/robot-programming-project/install'), ('LOGNAME', 'martina'), ('_', '/usr/bin/colcon'), ('JOURNAL_STREAM', '8:11413'), ('_P9K_SSH_TTY', '/dev/pts/2'), ('XDG_SESSION_CLASS', 'user'), ('USER_ZDOTDIR', '/home/martina'), ('ROS_VERSION', '2'), ('USERNAME', 'martina'), ('TERM', 'xterm-256color'), ('GNOME_DESKTOP_SESSION_ID', 'this-is-deprecated'), ('_CE_CONDA', ''), ('ROS_LOCALHOST_ONLY', '0'), ('PATH', '/opt/ros/humble/bin:/home/martina/.local/bin:/home/martina/.local/bin:/usr/lib/ccache:.:/home/martina/.mujoco/mujoco210/bin:/usr/lib/nvidia:/home/martina/anaconda3/condabin:/home/martina/bin:/home/martina/.local/bin:/usr/local/sbin:/usr/local/bin:/usr/sbin:/usr/bin:/sbin:/bin:/usr/games:/usr/local/games:/snap/bin:/home/martina/.cache/zsh4humans/v5/fzf/bin:/home/martina/other/install/bin'), ('SESSION_MANAGER', 'local/Martina-ThinkPad-X1-Yoga:@/tmp/.ICE-unix/1105,unix/Martina-ThinkPad-X1-Yoga:/tmp/.ICE-unix/1105'), ('INVOCATION_ID', 'abb78b4b018940349bd4da4c8fed9753'), ('LC_ADDRESS', 'it_IT.UTF-8'), ('XDG_RUNTIME_DIR', '/run/user/1000'), ('XDG_MENU_PREFIX', 'gnome-'), ('GNOME_SETUP_DISPLAY', ':1'), ('GDK_BACKEND', 'x11'), ('DISPLAY', ':0'), ('LANG', 'en_US.UTF-8'), ('LC_TELEPHONE', 'it_IT.UTF-8'), ('XDG_CURRENT_DESKTOP', 'Unity'), ('VSCODE_INJECTION', '1'), ('LD_PRELOAD', ':/usr/lib/x86_64-linux-gnu/libGLEW.so'), ('XDG_SESSION_DESKTOP', 'ubuntu'), ('XMODIFIERS', '@im=ibus'), ('XAUTHORITY', '/run/user/1000/.mutter-Xwaylandauth.L52E22'), ('TERM_PROGRAM', 'vscode'), ('VSCODE_GIT_IPC_HANDLE', '/run/user/1000/vscode-git-f640f2b3f6.sock'), ('LS_COLORS', 'fi=00:mi=00:mh=00:ln=01;36:or=01;31:di=01;34:ow=04;01;34:st=34:tw=04;34:pi=01;33:so=01;33:do=01;33:bd=01;33:cd=01;33:su=01;35:sg=01;35:ca=01;35:ex=01;32:no=38;5;248'), ('TREE_COLORS', 'fi=00:mi=00:mh=00:ln=01;36:or=01;31:di=01;34:ow=01;34:st=34:tw=34:pi=01;33:so=01;33:do=01;33:bd=01;33:cd=01;33:su=01;35:sg=01;35:ca=01;35:ex=01;32'), ('SSH_AGENT_LAUNCHER', 'gnome-keyring'), ('SSH_AUTH_SOCK', '/run/user/1000/keyring/ssh'), ('ORIGINAL_XDG_CURRENT_DESKTOP', 'ubuntu:GNOME'), ('CONDA_PYTHON_EXE', '/home/martina/anaconda3/bin/python'), ('AMENT_PREFIX_PATH', '/home/martina/rp_project/robot-programming-project/install/simple_robot:/opt/ros/humble'), ('LC_NAME', 'it_IT.UTF-8'), ('SHELL', '/usr/local/bin/zsh'), ('DEST', '/home/martina/other/install'), ('QT_ACCESSIBILITY', '1'), ('GDMSESSION', 'ubuntu'), ('CONDA_DEFAULT_ENV', 'base'), ('LC_MEASUREMENT', 'it_IT.UTF-8'), ('LC_IDENTIFICATION', 'it_IT.UTF-8'), ('GJS_DEBUG_OUTPUT', 'stderr'), ('P9K_SSH', '0'), ('QT_IM_MODULE', 'ibus'), ('VSCODE_GIT_ASKPASS_EXTRA_ARGS', ''), ('VSCODE_NONCE', '052e925b-acb5-444f-b870-f20c06506941'), ('LC_ALL', 'en_US.UTF-8'), ('PWD', '/home/martina/rp_project/robot-programming-project/src/simple_robot/build/simple_robot'), ('GPG_TTY', '/dev/pts/2'), ('XDG_DATA_DIRS', '/usr/local/share/:/usr/share/:/var/lib/snapd/desktop'), ('ZDOTDIR', '/home/martina'), ('_P9K_TTY', '/dev/pts/2'), ('CONDA_EXE', '/home/martina/anaconda3/bin/conda'), ('LC_NUMERIC', 'it_IT.UTF-8'), ('PYTHONPATH', '/opt/ros/humble/lib/python3.10/site-packages:/opt/ros/humble/local/lib/python3.10/dist-packages:/home/martina/other/install/lib/python3.10/site-packages/'), ('LC_PAPER', 'it_IT.UTF-8'), ('CONDA_PREFIX', '/home/martina/anaconda3'), ('COLCON', '1'), ('MANPATH', '/usr/local/share/man:/home/martina/.cache/zsh4humans/v5/fzf/man:'), ('CMAKE_PREFIX_PATH', '/home/martina/rp_project/robot-programming-project/install/simple_robot:/opt/ros/humble')]), 'shell': False}
[0.099892] (-) TimerEvent: {}
[0.173500] (simple_robot) StdoutLine: {'line': b'-- The C compiler identification is GNU 11.4.0\n'}
[0.200018] (-) TimerEvent: {}
[0.300406] (-) TimerEvent: {}
[0.303170] (simple_robot) StdoutLine: {'line': b'-- The CXX compiler identification is GNU 11.4.0\n'}
[0.327179] (simple_robot) StdoutLine: {'line': b'-- Detecting C compiler ABI info\n'}
[0.400811] (-) TimerEvent: {}
[0.498363] (simple_robot) StdoutLine: {'line': b'-- Detecting C compiler ABI info - done\n'}
[0.500916] (-) TimerEvent: {}
[0.514967] (simple_robot) StdoutLine: {'line': b'-- Check for working C compiler: /usr/lib/ccache/cc - skipped\n'}
[0.516263] (simple_robot) StdoutLine: {'line': b'-- Detecting C compile features\n'}
[0.516717] (simple_robot) StdoutLine: {'line': b'-- Detecting C compile features - done\n'}
[0.522271] (simple_robot) StdoutLine: {'line': b'-- Detecting CXX compiler ABI info\n'}
[0.601046] (-) TimerEvent: {}
[0.701480] (-) TimerEvent: {}
[0.704626] (simple_robot) StdoutLine: {'line': b'-- Detecting CXX compiler ABI info - done\n'}
[0.720592] (simple_robot) StdoutLine: {'line': b'-- Check for working CXX compiler: /usr/lib/ccache/c++ - skipped\n'}
[0.721089] (simple_robot) StdoutLine: {'line': b'-- Detecting CXX compile features\n'}
[0.722145] (simple_robot) StdoutLine: {'line': b'-- Detecting CXX compile features - done\n'}
[0.762462] (simple_robot) StdoutLine: {'line': b'-- Found OpenCV: /usr (found suitable version "4.5.4", minimum required is "4.5.4") \n'}
[0.768541] (simple_robot) StdoutLine: {'line': b'-- Found ament_cmake: 1.3.11 (/opt/ros/humble/share/ament_cmake/cmake)\n'}
[0.801609] (-) TimerEvent: {}
[0.902114] (-) TimerEvent: {}
[1.004722] (-) TimerEvent: {}
[1.105187] (-) TimerEvent: {}
[1.127594] (simple_robot) StdoutLine: {'line': b'-- Found Python3: /usr/bin/python3 (found version "3.10.12") found components: Interpreter \n'}
[1.205309] (-) TimerEvent: {}
[1.300101] (simple_robot) StdoutLine: {'line': b'-- Found rclcpp: 16.0.11 (/opt/ros/humble/share/rclcpp/cmake)\n'}
[1.305446] (-) TimerEvent: {}
[1.373725] (simple_robot) StdoutLine: {'line': b'-- Found rosidl_generator_c: 3.1.6 (/opt/ros/humble/share/rosidl_generator_c/cmake)\n'}
[1.381617] (simple_robot) StdoutLine: {'line': b'-- Found rosidl_adapter: 3.1.6 (/opt/ros/humble/share/rosidl_adapter/cmake)\n'}
[1.401733] (simple_robot) StdoutLine: {'line': b'-- Found rosidl_generator_cpp: 3.1.6 (/opt/ros/humble/share/rosidl_generator_cpp/cmake)\n'}
[1.405572] (-) TimerEvent: {}
[1.432405] (simple_robot) StdoutLine: {'line': b'-- Using all available rosidl_typesupport_c: rosidl_typesupport_fastrtps_c;rosidl_typesupport_introspection_c\n'}
[1.472746] (simple_robot) StdoutLine: {'line': b'-- Using all available rosidl_typesupport_cpp: rosidl_typesupport_fastrtps_cpp;rosidl_typesupport_introspection_cpp\n'}
[1.505938] (-) TimerEvent: {}
[1.566489] (simple_robot) StdoutLine: {'line': b'-- Found rmw_implementation_cmake: 6.1.2 (/opt/ros/humble/share/rmw_implementation_cmake/cmake)\n'}
[1.570797] (simple_robot) StdoutLine: {'line': b'-- Found rmw_fastrtps_cpp: 6.2.7 (/opt/ros/humble/share/rmw_fastrtps_cpp/cmake)\n'}
[1.606281] (-) TimerEvent: {}
[1.706715] (-) TimerEvent: {}
[1.795872] (simple_robot) StdoutLine: {'line': b'-- Found OpenSSL: /usr/lib/x86_64-linux-gnu/libcrypto.so (found version "3.0.2")  \n'}
[1.806837] (-) TimerEvent: {}
[1.860795] (simple_robot) StdoutLine: {'line': b'-- Found FastRTPS: /opt/ros/humble/include  \n'}
[1.906956] (-) TimerEvent: {}
[1.944187] (simple_robot) StdoutLine: {'line': b"-- Using RMW implementation 'rmw_fastrtps_cpp' as default\n"}
[1.957497] (simple_robot) StdoutLine: {'line': b'-- Looking for pthread.h\n'}
[2.007090] (-) TimerEvent: {}
[2.098337] (simple_robot) StdoutLine: {'line': b'-- Looking for pthread.h - found\n'}
[2.098815] (simple_robot) StdoutLine: {'line': b'-- Performing Test CMAKE_HAVE_LIBC_PTHREAD\n'}
[2.107741] (-) TimerEvent: {}
[2.208159] (-) TimerEvent: {}
[2.278836] (simple_robot) StdoutLine: {'line': b'-- Performing Test CMAKE_HAVE_LIBC_PTHREAD - Success\n'}
[2.280672] (simple_robot) StdoutLine: {'line': b'-- Found Threads: TRUE  \n'}
[2.308533] (-) TimerEvent: {}
[2.409749] (-) TimerEvent: {}
[2.426583] (simple_robot) StdoutLine: {'line': b'-- Found geometry_msgs: 4.2.4 (/opt/ros/humble/share/geometry_msgs/cmake)\n'}
[2.462602] (simple_robot) StdoutLine: {'line': b'-- Found sensor_msgs: 4.2.4 (/opt/ros/humble/share/sensor_msgs/cmake)\n'}
[2.509870] (-) TimerEvent: {}
[2.517401] (simple_robot) StdoutLine: {'line': b'-- Found nav_msgs: 4.2.4 (/opt/ros/humble/share/nav_msgs/cmake)\n'}
[2.568820] (simple_robot) StdoutLine: {'line': b'-- Found OpenCV: /usr (found version "4.5.4") \n'}
[2.611700] (-) TimerEvent: {}
[2.712088] (-) TimerEvent: {}
[2.778316] (simple_robot) StdoutLine: {'line': b'-- DATA_DIR: /home/martina/rp_project/robot-programming-project/src/simple_robot/data\n'}
[2.779591] (simple_robot) StdoutLine: {'line': b'-- Configuring done\n'}
[2.813719] (-) TimerEvent: {}
[2.859018] (simple_robot) StdoutLine: {'line': b'-- Generating done\n'}
[2.893164] (simple_robot) StdoutLine: {'line': b'-- Build files have been written to: /home/martina/rp_project/robot-programming-project/src/simple_robot/build/simple_robot\n'}
[2.914122] (-) TimerEvent: {}
[2.929758] (simple_robot) CommandEnded: {'returncode': 0}
[2.934855] (simple_robot) JobProgress: {'identifier': 'simple_robot', 'progress': 'build'}
[2.935024] (simple_robot) Command: {'cmd': ['/usr/bin/cmake', '--build', '/home/martina/rp_project/robot-programming-project/src/simple_robot/build/simple_robot', '--', '-j4', '-l4'], 'cwd': '/home/martina/rp_project/robot-programming-project/src/simple_robot/build/simple_robot', 'env': OrderedDict([('GJS_DEBUG_TOPICS', 'JS ERROR;JS LOG'), ('LESSOPEN', '| /usr/bin/env /usr/bin/lesspipe %s 2>/dev/null'), ('CONDA_PROMPT_MODIFIER', '(base)'), ('LC_TIME', 'it_IT.UTF-8'), ('USER', 'martina'), ('XDG_SESSION_TYPE', 'wayland'), ('GIT_ASKPASS', '/usr/share/code/resources/app/extensions/git/dist/askpass.sh'), ('SHLVL', '2'), ('LD_LIBRARY_PATH', '/opt/ros/humble/opt/rviz_ogre_vendor/lib:/opt/ros/humble/lib/x86_64-linux-gnu:/opt/ros/humble/lib::/home/martina/.mujoco/mujoco210/bin:/usr/lib/nvidia:~/anaconda3/lib'), ('HOME', '/home/martina'), ('OLDPWD', '/home/martina/rp_project/robot-programming-project/src/simple_robot'), ('CHROME_DESKTOP', 'code.desktop'), ('TERMINFO', '/home/martina/.terminfo'), ('LESS', '-iRFXMx4'), ('CONDA_SHLVL', '1'), ('DESKTOP_SESSION', 'ubuntu'), ('TERM_PROGRAM_VERSION', '1.97.2'), ('GIO_LAUNCHED_DESKTOP_FILE', '/usr/share/applications/code.desktop'), ('LSCOLORS', 'ExGxDxDxCxDxDxFxFxexEx'), ('GTK_MODULES', 'gail:atk-bridge'), ('GNOME_SHELL_SESSION_MODE', 'ubuntu'), ('VSCODE_GIT_ASKPASS_MAIN', '/usr/share/code/resources/app/extensions/git/dist/askpass-main.js'), ('PAGER', 'less'), ('ROS_PYTHON_VERSION', '3'), ('LC_MONETARY', 'it_IT.UTF-8'), ('MANAGERPID', '887'), ('VSCODE_GIT_ASKPASS_NODE', '/usr/share/code/code'), ('SYSTEMD_EXEC_PID', '1152'), ('DBUS_SESSION_BUS_ADDRESS', 'unix:path=/run/user/1000/bus'), ('P9K_TTY', 'old'), ('GIO_LAUNCHED_DESKTOP_FILE_PID', '3260'), ('COLORTERM', 'truecolor'), ('_CE_M', ''), ('WAYLAND_DISPLAY', 'wayland-0'), ('INFOPATH', ''), ('ROS_DISTRO', 'humble'), ('COLCON_PREFIX_PATH', '/home/martina/rp_project/robot-programming-project/install'), ('LOGNAME', 'martina'), ('_', '/usr/bin/colcon'), ('JOURNAL_STREAM', '8:11413'), ('_P9K_SSH_TTY', '/dev/pts/2'), ('XDG_SESSION_CLASS', 'user'), ('USER_ZDOTDIR', '/home/martina'), ('ROS_VERSION', '2'), ('USERNAME', 'martina'), ('TERM', 'xterm-256color'), ('GNOME_DESKTOP_SESSION_ID', 'this-is-deprecated'), ('_CE_CONDA', ''), ('ROS_LOCALHOST_ONLY', '0'), ('PATH', '/opt/ros/humble/bin:/home/martina/.local/bin:/home/martina/.local/bin:/usr/lib/ccache:.:/home/martina/.mujoco/mujoco210/bin:/usr/lib/nvidia:/home/martina/anaconda3/condabin:/home/martina/bin:/home/martina/.local/bin:/usr/local/sbin:/usr/local/bin:/usr/sbin:/usr/bin:/sbin:/bin:/usr/games:/usr/local/games:/snap/bin:/home/martina/.cache/zsh4humans/v5/fzf/bin:/home/martina/other/install/bin'), ('SESSION_MANAGER', 'local/Martina-ThinkPad-X1-Yoga:@/tmp/.ICE-unix/1105,unix/Martina-ThinkPad-X1-Yoga:/tmp/.ICE-unix/1105'), ('INVOCATION_ID', 'abb78b4b018940349bd4da4c8fed9753'), ('LC_ADDRESS', 'it_IT.UTF-8'), ('XDG_RUNTIME_DIR', '/run/user/1000'), ('XDG_MENU_PREFIX', 'gnome-'), ('GNOME_SETUP_DISPLAY', ':1'), ('GDK_BACKEND', 'x11'), ('DISPLAY', ':0'), ('LANG', 'en_US.UTF-8'), ('LC_TELEPHONE', 'it_IT.UTF-8'), ('XDG_CURRENT_DESKTOP', 'Unity'), ('VSCODE_INJECTION', '1'), ('LD_PRELOAD', ':/usr/lib/x86_64-linux-gnu/libGLEW.so'), ('XDG_SESSION_DESKTOP', 'ubuntu'), ('XMODIFIERS', '@im=ibus'), ('XAUTHORITY', '/run/user/1000/.mutter-Xwaylandauth.L52E22'), ('TERM_PROGRAM', 'vscode'), ('VSCODE_GIT_IPC_HANDLE', '/run/user/1000/vscode-git-f640f2b3f6.sock'), ('LS_COLORS', 'fi=00:mi=00:mh=00:ln=01;36:or=01;31:di=01;34:ow=04;01;34:st=34:tw=04;34:pi=01;33:so=01;33:do=01;33:bd=01;33:cd=01;33:su=01;35:sg=01;35:ca=01;35:ex=01;32:no=38;5;248'), ('TREE_COLORS', 'fi=00:mi=00:mh=00:ln=01;36:or=01;31:di=01;34:ow=01;34:st=34:tw=34:pi=01;33:so=01;33:do=01;33:bd=01;33:cd=01;33:su=01;35:sg=01;35:ca=01;35:ex=01;32'), ('SSH_AGENT_LAUNCHER', 'gnome-keyring'), ('SSH_AUTH_SOCK', '/run/user/1000/keyring/ssh'), ('ORIGINAL_XDG_CURRENT_DESKTOP', 'ubuntu:GNOME'), ('CONDA_PYTHON_EXE', '/home/martina/anaconda3/bin/python'), ('AMENT_PREFIX_PATH', '/home/martina/rp_project/robot-programming-project/install/simple_robot:/opt/ros/humble'), ('LC_NAME', 'it_IT.UTF-8'), ('SHELL', '/usr/local/bin/zsh'), ('DEST', '/home/martina/other/install'), ('QT_ACCESSIBILITY', '1'), ('GDMSESSION', 'ubuntu'), ('CONDA_DEFAULT_ENV', 'base'), ('LC_MEASUREMENT', 'it_IT.UTF-8'), ('LC_IDENTIFICATION', 'it_IT.UTF-8'), ('GJS_DEBUG_OUTPUT', 'stderr'), ('P9K_SSH', '0'), ('QT_IM_MODULE', 'ibus'), ('VSCODE_GIT_ASKPASS_EXTRA_ARGS', ''), ('VSCODE_NONCE', '052e925b-acb5-444f-b870-f20c06506941'), ('LC_ALL', 'en_US.UTF-8'), ('PWD', '/home/martina/rp_project/robot-programming-project/src/simple_robot/build/simple_robot'), ('GPG_TTY', '/dev/pts/2'), ('XDG_DATA_DIRS', '/usr/local/share/:/usr/share/:/var/lib/snapd/desktop'), ('ZDOTDIR', '/home/martina'), ('_P9K_TTY', '/dev/pts/2'), ('CONDA_EXE', '/home/martina/anaconda3/bin/conda'), ('LC_NUMERIC', 'it_IT.UTF-8'), ('PYTHONPATH', '/opt/ros/humble/lib/python3.10/site-packages:/opt/ros/humble/local/lib/python3.10/dist-packages:/home/martina/other/install/lib/python3.10/site-packages/'), ('LC_PAPER', 'it_IT.UTF-8'), ('CONDA_PREFIX', '/home/martina/anaconda3'), ('COLCON', '1'), ('MANPATH', '/usr/local/share/man:/home/martina/.cache/zsh4humans/v5/fzf/man:'), ('CMAKE_PREFIX_PATH', '/home/martina/rp_project/robot-programming-project/install/simple_robot:/opt/ros/humble')]), 'shell': False}
[3.016149] (-) TimerEvent: {}
[3.096732] (simple_robot) StdoutLine: {'line': b'\x1b[35m\x1b[1mConsolidate compiler generated dependencies of target robot_map_node\x1b[0m\n'}
[3.099071] (simple_robot) StdoutLine: {'line': b'\x1b[35m\x1b[1mConsolidate compiler generated dependencies of target grid_map\x1b[0m\n'}
[3.117353] (-) TimerEvent: {}
[3.193393] (simple_robot) StdoutLine: {'line': b'[  8%] \x1b[32mBuilding CXX object src/CMakeFiles/grid_map.dir/main.cpp.o\x1b[0m\n'}
[3.199696] (simple_robot) StdoutLine: {'line': b'[ 16%] \x1b[32mBuilding CXX object CMakeFiles/robot_map_node.dir/src/main.cpp.o\x1b[0m\n'}
[3.217781] (-) TimerEvent: {}
[3.318604] (-) TimerEvent: {}
[3.420104] (-) TimerEvent: {}
[3.523719] (-) TimerEvent: {}
[3.624179] (-) TimerEvent: {}
[3.724708] (-) TimerEvent: {}
[3.825210] (-) TimerEvent: {}
[3.927741] (-) TimerEvent: {}
[4.028192] (-) TimerEvent: {}
[4.128841] (-) TimerEvent: {}
[4.231206] (-) TimerEvent: {}
[4.331695] (-) TimerEvent: {}
[4.433403] (-) TimerEvent: {}
[4.536065] (-) TimerEvent: {}
[4.637820] (-) TimerEvent: {}
[4.740936] (-) TimerEvent: {}
[4.841406] (-) TimerEvent: {}
[4.942261] (-) TimerEvent: {}
[5.044007] (-) TimerEvent: {}
[5.144392] (-) TimerEvent: {}
[5.244781] (-) TimerEvent: {}
[5.345816] (-) TimerEvent: {}
[5.446985] (-) TimerEvent: {}
[5.549741] (-) TimerEvent: {}
[5.651224] (-) TimerEvent: {}
[5.753558] (-) TimerEvent: {}
[5.855413] (-) TimerEvent: {}
[5.956038] (-) TimerEvent: {}
[6.056442] (-) TimerEvent: {}
[6.156846] (-) TimerEvent: {}
[6.259487] (-) TimerEvent: {}
[6.359919] (-) TimerEvent: {}
[6.463234] (-) TimerEvent: {}
[6.566549] (-) TimerEvent: {}
[6.667015] (-) TimerEvent: {}
[6.767524] (-) TimerEvent: {}
[6.867996] (-) TimerEvent: {}
[6.968436] (-) TimerEvent: {}
[7.069462] (-) TimerEvent: {}
[7.170752] (-) TimerEvent: {}
[7.271245] (-) TimerEvent: {}
[7.372043] (-) TimerEvent: {}
[7.472525] (-) TimerEvent: {}
[7.573016] (-) TimerEvent: {}
[7.673477] (-) TimerEvent: {}
[7.773942] (-) TimerEvent: {}
[7.874595] (-) TimerEvent: {}
[7.976715] (-) TimerEvent: {}
[8.077132] (-) TimerEvent: {}
[8.179713] (-) TimerEvent: {}
[8.281706] (-) TimerEvent: {}
[8.382098] (-) TimerEvent: {}
[8.482531] (-) TimerEvent: {}
[8.583861] (-) TimerEvent: {}
[8.684697] (-) TimerEvent: {}
[8.785115] (-) TimerEvent: {}
[8.885922] (-) TimerEvent: {}
[8.986713] (-) TimerEvent: {}
[9.087122] (-) TimerEvent: {}
[9.188515] (-) TimerEvent: {}
[9.289519] (-) TimerEvent: {}
[9.390018] (-) TimerEvent: {}
[9.490492] (-) TimerEvent: {}
[9.591438] (-) TimerEvent: {}
[9.691859] (-) TimerEvent: {}
[9.792255] (-) TimerEvent: {}
[9.892627] (-) TimerEvent: {}
[9.993004] (-) TimerEvent: {}
[10.093366] (-) TimerEvent: {}
[10.193981] (-) TimerEvent: {}
[10.294368] (-) TimerEvent: {}
[10.394720] (-) TimerEvent: {}
[10.495110] (-) TimerEvent: {}
[10.596240] (-) TimerEvent: {}
[10.696657] (-) TimerEvent: {}
[10.797065] (-) TimerEvent: {}
[10.897455] (-) TimerEvent: {}
[10.997881] (-) TimerEvent: {}
[11.098513] (-) TimerEvent: {}
[11.199156] (-) TimerEvent: {}
[11.299548] (-) TimerEvent: {}
[11.400344] (-) TimerEvent: {}
[11.501015] (-) TimerEvent: {}
[11.601405] (-) TimerEvent: {}
[11.701812] (-) TimerEvent: {}
[11.802199] (-) TimerEvent: {}
[11.902582] (-) TimerEvent: {}
[12.002983] (-) TimerEvent: {}
[12.103379] (-) TimerEvent: {}
[12.203789] (-) TimerEvent: {}
[12.304200] (-) TimerEvent: {}
[12.404581] (-) TimerEvent: {}
[12.504969] (-) TimerEvent: {}
[12.605360] (-) TimerEvent: {}
[12.705953] (-) TimerEvent: {}
[12.806596] (-) TimerEvent: {}
[12.907044] (-) TimerEvent: {}
[13.008661] (-) TimerEvent: {}
[13.109361] (-) TimerEvent: {}
[13.209781] (-) TimerEvent: {}
[13.310169] (-) TimerEvent: {}
[13.410552] (-) TimerEvent: {}
[13.510950] (-) TimerEvent: {}
[13.611409] (-) TimerEvent: {}
[13.712036] (-) TimerEvent: {}
[13.812427] (-) TimerEvent: {}
[13.913067] (-) TimerEvent: {}
[14.013709] (-) TimerEvent: {}
[14.114296] (-) TimerEvent: {}
[14.214925] (-) TimerEvent: {}
[14.315328] (-) TimerEvent: {}
[14.416132] (-) TimerEvent: {}
[14.516529] (-) TimerEvent: {}
[14.617197] (-) TimerEvent: {}
[14.717624] (-) TimerEvent: {}
[14.818034] (-) TimerEvent: {}
[14.918426] (-) TimerEvent: {}
[15.018824] (-) TimerEvent: {}
[15.119216] (-) TimerEvent: {}
[15.219608] (-) TimerEvent: {}
[15.319999] (-) TimerEvent: {}
[15.420377] (-) TimerEvent: {}
[15.520715] (-) TimerEvent: {}
[15.621104] (-) TimerEvent: {}
[15.721491] (-) TimerEvent: {}
[15.822175] (-) TimerEvent: {}
[15.922570] (-) TimerEvent: {}
[16.023214] (-) TimerEvent: {}
[16.123716] (-) TimerEvent: {}
[16.224590] (-) TimerEvent: {}
[16.324982] (-) TimerEvent: {}
[16.425358] (-) TimerEvent: {}
[16.525712] (-) TimerEvent: {}
[16.626151] (-) TimerEvent: {}
[16.726542] (-) TimerEvent: {}
[16.826941] (-) TimerEvent: {}
[16.927346] (-) TimerEvent: {}
[17.028219] (-) TimerEvent: {}
[17.129294] (-) TimerEvent: {}
[17.229949] (-) TimerEvent: {}
[17.330345] (-) TimerEvent: {}
[17.430715] (-) TimerEvent: {}
[17.531112] (-) TimerEvent: {}
[17.631938] (-) TimerEvent: {}
[17.732358] (-) TimerEvent: {}
[17.833126] (-) TimerEvent: {}
[17.934082] (-) TimerEvent: {}
[18.034549] (-) TimerEvent: {}
[18.135021] (-) TimerEvent: {}
[18.235428] (-) TimerEvent: {}
[18.335911] (-) TimerEvent: {}
[18.436512] (-) TimerEvent: {}
[18.536959] (-) TimerEvent: {}
[18.637390] (-) TimerEvent: {}
[18.737864] (-) TimerEvent: {}
[18.838368] (-) TimerEvent: {}
[18.939574] (-) TimerEvent: {}
[19.040117] (-) TimerEvent: {}
[19.141790] (-) TimerEvent: {}
[19.243584] (-) TimerEvent: {}
[19.346098] (-) TimerEvent: {}
[19.447089] (-) TimerEvent: {}
[19.547508] (-) TimerEvent: {}
[19.648463] (-) TimerEvent: {}
[19.749160] (-) TimerEvent: {}
[19.849570] (-) TimerEvent: {}
[19.949970] (-) TimerEvent: {}
[20.050336] (-) TimerEvent: {}
[20.150720] (-) TimerEvent: {}
[20.251504] (-) TimerEvent: {}
[20.351984] (-) TimerEvent: {}
[20.452443] (-) TimerEvent: {}
[20.552919] (-) TimerEvent: {}
[20.556893] (simple_robot) StderrLine: {'line': b'\x1b[01m\x1b[K/home/martina/rp_project/robot-programming-project/src/simple_robot/src/main.cpp:\x1b[m\x1b[K In member function \xe2\x80\x98\x1b[01m\x1b[Kvoid KeyboardControlNode::key_callback(std_msgs::msg::Int32_<std::allocator<void> >::SharedPtr)\x1b[m\x1b[K\xe2\x80\x99:\n'}
[20.557182] (simple_robot) StderrLine: {'line': b'\x1b[01m\x1b[K/home/martina/rp_project/robot-programming-project/src/simple_robot/src/main.cpp:60:18:\x1b[m\x1b[K \x1b[01;31m\x1b[Kerror: \x1b[m\x1b[Kdeclaration of \xe2\x80\x98\x1b[01m\x1b[Kauto msg\x1b[m\x1b[K\xe2\x80\x99 shadows a parameter\n'}
[20.557332] (simple_robot) StderrLine: {'line': b'   60 |             auto \x1b[01;31m\x1b[Kmsg\x1b[m\x1b[K = std_msgs::msg::Float32();\n'}
[20.557462] (simple_robot) StderrLine: {'line': b'      |                  \x1b[01;31m\x1b[K^~~\x1b[m\x1b[K\n'}
[20.557587] (simple_robot) StderrLine: {'line': b'\x1b[01m\x1b[K/home/martina/rp_project/robot-programming-project/src/simple_robot/src/main.cpp:36:61:\x1b[m\x1b[K \x1b[01;36m\x1b[Knote: \x1b[m\x1b[K\xe2\x80\x98\x1b[01m\x1b[Kconst SharedPtr msg\x1b[m\x1b[K\xe2\x80\x99 previously declared here\n'}
[20.557742] (simple_robot) StderrLine: {'line': b'   36 |     void key_callback(\x1b[01;36m\x1b[Kconst std_msgs::msg::Int32::SharedPtr msg\x1b[m\x1b[K) {\n'}
[20.557878] (simple_robot) StderrLine: {'line': b'      |                       \x1b[01;36m\x1b[K~~~~~~~~~~~~~~~~~~~~~~~~~~~~~~~~~~~~~~^~~\x1b[m\x1b[K\n'}
[20.561882] (simple_robot) StderrLine: {'line': b'gmake[2]: *** [CMakeFiles/robot_map_node.dir/build.make:132: CMakeFiles/robot_map_node.dir/src/main.cpp.o] Error 1\n'}
[20.562325] (simple_robot) StderrLine: {'line': b'gmake[1]: *** [CMakeFiles/Makefile2:154: CMakeFiles/robot_map_node.dir/all] Error 2\n'}
[20.562586] (simple_robot) StderrLine: {'line': b'gmake[1]: *** Waiting for unfinished jobs....\n'}
[20.653051] (-) TimerEvent: {}
[20.753466] (-) TimerEvent: {}
[20.793345] (simple_robot) StderrLine: {'line': b'\x1b[01m\x1b[K/home/martina/rp_project/robot-programming-project/src/simple_robot/src/main.cpp:\x1b[m\x1b[K In member function \xe2\x80\x98\x1b[01m\x1b[Kvoid KeyboardControlNode::key_callback(std_msgs::msg::Int32_<std::allocator<void> >::SharedPtr)\x1b[m\x1b[K\xe2\x80\x99:\n'}
[20.793604] (simple_robot) StderrLine: {'line': b'\x1b[01m\x1b[K/home/martina/rp_project/robot-programming-project/src/simple_robot/src/main.cpp:60:18:\x1b[m\x1b[K \x1b[01;31m\x1b[Kerror: \x1b[m\x1b[Kdeclaration of \xe2\x80\x98\x1b[01m\x1b[Kauto msg\x1b[m\x1b[K\xe2\x80\x99 shadows a parameter\n'}
[20.793794] (simple_robot) StderrLine: {'line': b'   60 |             auto \x1b[01;31m\x1b[Kmsg\x1b[m\x1b[K = std_msgs::msg::Float32();\n'}
[20.793954] (simple_robot) StderrLine: {'line': b'      |                  \x1b[01;31m\x1b[K^~~\x1b[m\x1b[K\n'}
[20.794119] (simple_robot) StderrLine: {'line': b'\x1b[01m\x1b[K/home/martina/rp_project/robot-programming-project/src/simple_robot/src/main.cpp:36:61:\x1b[m\x1b[K \x1b[01;36m\x1b[Knote: \x1b[m\x1b[K\xe2\x80\x98\x1b[01m\x1b[Kconst SharedPtr msg\x1b[m\x1b[K\xe2\x80\x99 previously declared here\n'}
[20.794280] (simple_robot) StderrLine: {'line': b'   36 |     void key_callback(\x1b[01;36m\x1b[Kconst std_msgs::msg::Int32::SharedPtr msg\x1b[m\x1b[K) {\n'}
[20.794441] (simple_robot) StderrLine: {'line': b'      |                       \x1b[01;36m\x1b[K~~~~~~~~~~~~~~~~~~~~~~~~~~~~~~~~~~~~~~^~~\x1b[m\x1b[K\n'}
[20.798608] (simple_robot) StderrLine: {'line': b'gmake[2]: *** [src/CMakeFiles/grid_map.dir/build.make:132: src/CMakeFiles/grid_map.dir/main.cpp.o] Error 1\n'}
[20.799590] (simple_robot) StderrLine: {'line': b'gmake[1]: *** [CMakeFiles/Makefile2:180: src/CMakeFiles/grid_map.dir/all] Error 2\n'}
[20.799971] (simple_robot) StderrLine: {'line': b'gmake: *** [Makefile:146: all] Error 2\n'}
[20.803531] (simple_robot) CommandEnded: {'returncode': 2}
[20.823726] (simple_robot) JobEnded: {'identifier': 'simple_robot', 'rc': 2}
[20.835483] (-) EventReactorShutdown: {}
