[0.041s] Invoking command in '/home/martina/rp_project/robot-programming-project/src/simple_robot/build/simple_robot': CMAKE_PREFIX_PATH=${CMAKE_PREFIX_PATH}:/opt/ros/humble CONDA_PROMPT_MODIFIER=(base) /usr/bin/cmake /home/martina/rp_project/robot-programming-project/src/simple_robot -DCMAKE_INSTALL_PREFIX=/home/martina/rp_project/robot-programming-project/src/simple_robot/install/simple_robot
[0.295s] -- The C compiler identification is GNU 11.4.0
[0.524s] -- The CXX compiler identification is GNU 11.4.0
[0.578s] -- Detecting C compiler ABI info
[0.857s] -- Detecting C compiler ABI info - done
[0.886s] -- Check for working C compiler: /usr/lib/ccache/cc - skipped
[0.887s] -- Detecting C compile features
[0.887s] -- Detecting C compile features - done
[0.895s] -- Detecting CXX compiler ABI info
[1.126s] -- Detecting CXX compiler ABI info - done
[1.151s] -- Check for working CXX compiler: /usr/lib/ccache/c++ - skipped
[1.153s] -- Detecting CXX compile features
[1.153s] -- Detecting CXX compile features - done
[1.185s] -- Found OpenCV: /usr (found suitable version "4.5.4", minimum required is "4.5.4") 
[1.192s] -- Found ament_cmake: 1.3.11 (/opt/ros/humble/share/ament_cmake/cmake)
[1.611s] -- Found Python3: /usr/bin/python3 (found version "3.10.12") found components: Interpreter 
[1.836s] -- Found rclcpp: 16.0.11 (/opt/ros/humble/share/rclcpp/cmake)
[1.926s] -- Found rosidl_generator_c: 3.1.6 (/opt/ros/humble/share/rosidl_generator_c/cmake)
[1.936s] -- Found rosidl_adapter: 3.1.6 (/opt/ros/humble/share/rosidl_adapter/cmake)
[1.955s] -- Found rosidl_generator_cpp: 3.1.6 (/opt/ros/humble/share/rosidl_generator_cpp/cmake)
[1.987s] -- Using all available rosidl_typesupport_c: rosidl_typesupport_fastrtps_c;rosidl_typesupport_introspection_c
[2.031s] -- Using all available rosidl_typesupport_cpp: rosidl_typesupport_fastrtps_cpp;rosidl_typesupport_introspection_cpp
[2.136s] -- Found rmw_implementation_cmake: 6.1.2 (/opt/ros/humble/share/rmw_implementation_cmake/cmake)
[2.141s] -- Found rmw_fastrtps_cpp: 6.2.7 (/opt/ros/humble/share/rmw_fastrtps_cpp/cmake)
[2.484s] -- Found OpenSSL: /usr/lib/x86_64-linux-gnu/libcrypto.so (found version "3.0.2")  
[2.552s] -- Found FastRTPS: /opt/ros/humble/include  
[2.661s] -- Using RMW implementation 'rmw_fastrtps_cpp' as default
[2.681s] -- Looking for pthread.h
[2.908s] -- Looking for pthread.h - found
[2.914s] -- Performing Test CMAKE_HAVE_LIBC_PTHREAD
[3.147s] -- Performing Test CMAKE_HAVE_LIBC_PTHREAD - Success
[3.161s] -- Found Threads: TRUE  
[3.334s] -- Found geometry_msgs: 4.2.4 (/opt/ros/humble/share/geometry_msgs/cmake)
[3.363s] -- Found sensor_msgs: 4.2.4 (/opt/ros/humble/share/sensor_msgs/cmake)
[3.405s] -- Found nav_msgs: 4.2.4 (/opt/ros/humble/share/nav_msgs/cmake)
[3.449s] -- Found OpenCV: /usr (found version "4.5.4") 
[3.635s] -- DATA_DIR: /home/martina/rp_project/robot-programming-project/src/simple_robot/data
[3.635s] -- Configuring done
[3.726s] -- Generating done
[3.746s] -- Build files have been written to: /home/martina/rp_project/robot-programming-project/src/simple_robot/build/simple_robot
[3.776s] Invoked command in '/home/martina/rp_project/robot-programming-project/src/simple_robot/build/simple_robot' returned '0': CMAKE_PREFIX_PATH=${CMAKE_PREFIX_PATH}:/opt/ros/humble CONDA_PROMPT_MODIFIER=(base) /usr/bin/cmake /home/martina/rp_project/robot-programming-project/src/simple_robot -DCMAKE_INSTALL_PREFIX=/home/martina/rp_project/robot-programming-project/src/simple_robot/install/simple_robot
[3.790s] Invoking command in '/home/martina/rp_project/robot-programming-project/src/simple_robot/build/simple_robot': CMAKE_PREFIX_PATH=${CMAKE_PREFIX_PATH}:/opt/ros/humble CONDA_PROMPT_MODIFIER=(base) /usr/bin/cmake --build /home/martina/rp_project/robot-programming-project/src/simple_robot/build/simple_robot -- -j4 -l4
[4.008s] [35m[1mConsolidate compiler generated dependencies of target grid_map[0m
[4.049s] [35m[1mConsolidate compiler generated dependencies of target robot_map_node[0m
[4.131s] [  8%] [32mBuilding CXX object src/CMakeFiles/grid_map.dir/main.cpp.o[0m
[4.169s] [ 16%] [32mBuilding CXX object CMakeFiles/robot_map_node.dir/src/main.cpp.o[0m
[34.937s] [ 25%] [32m[1mLinking CXX shared library libgrid_map.so[0m
[35.120s] [ 33%] [32m[1mLinking CXX executable robot_map_node[0m
[38.478s] [ 66%] Built target grid_map
[38.694s] /usr/bin/ld: CMakeFiles/robot_map_node.dir/src/main.cpp.o: in function `MapNode::MapNode()':
[38.695s] main.cpp:(.text._ZN7MapNodeC2Ev[_ZN7MapNodeC5Ev]+0x978): undefined reference to `closeCanvas(cv::Mat&)'
[39.015s] collect2: error: ld returned 1 exit status
[39.020s] gmake[2]: *** [CMakeFiles/robot_map_node.dir/build.make:301: robot_map_node] Error 1
[39.021s] gmake[1]: *** [CMakeFiles/Makefile2:154: CMakeFiles/robot_map_node.dir/all] Error 2
[39.022s] gmake: *** [Makefile:146: all] Error 2
[39.028s] Invoked command in '/home/martina/rp_project/robot-programming-project/src/simple_robot/build/simple_robot' returned '2': CMAKE_PREFIX_PATH=${CMAKE_PREFIX_PATH}:/opt/ros/humble CONDA_PROMPT_MODIFIER=(base) /usr/bin/cmake --build /home/martina/rp_project/robot-programming-project/src/simple_robot/build/simple_robot -- -j4 -l4
