[01m[K/home/martina/rp_project/robot-programming-project/src/simple_robot/src/main.cpp:73:41:[m[K [01;31m[Kerror: [m[K‘[01m[KInt32[m[K’ is not a member of ‘[01m[Kstd_msgs::msg[m[K’
   73 |     rclcpp::Subscription<std_msgs::msg::[01;31m[KInt32[m[K>::SharedPtr key_sub_;
      |                                         [01;31m[K^~~~~[m[K
[01m[K/home/martina/rp_project/robot-programming-project/src/simple_robot/src/main.cpp:73:46:[m[K [01;31m[Kerror: [m[Ktemplate argument 1 is invalid
   73 |     rclcpp::Subscription<std_msgs::msg::Int32[01;31m[K>[m[K::SharedPtr key_sub_;
      |                                              [01;31m[K^[m[K
[01m[K/home/martina/rp_project/robot-programming-project/src/simple_robot/src/main.cpp:73:46:[m[K [01;31m[Kerror: [m[Ktemplate argument 3 is invalid
[01m[K/home/martina/rp_project/robot-programming-project/src/simple_robot/src/main.cpp:73:46:[m[K [01;31m[Kerror: [m[Ktemplate argument 4 is invalid
[01m[K/home/martina/rp_project/robot-programming-project/src/simple_robot/src/main.cpp:73:46:[m[K [01;31m[Kerror: [m[Ktemplate argument 5 is invalid
[01m[K/home/martina/rp_project/robot-programming-project/src/simple_robot/src/main.cpp:73:49:[m[K [01;31m[Kerror: [m[Kexpected ‘[01m[K;[m[K’ at end of member declaration
   73 |     rclcpp::Subscription<std_msgs::msg::Int32>::[01;31m[KSharedPtr[m[K key_sub_;
      |                                                 [01;31m[K^~~~~~~~~[m[K
      |                                                          [32m[K;[m[K
[01m[K/home/martina/rp_project/robot-programming-project/src/simple_robot/src/main.cpp:73:59:[m[K [01;31m[Kerror: [m[K‘[01m[Kkey_sub_[m[K’ does not name a type
   73 |     rclcpp::Subscription<std_msgs::msg::Int32>::SharedPtr [01;31m[Kkey_sub_[m[K;
      |                                                           [01;31m[K^~~~~~~~[m[K
[01m[K/home/martina/rp_project/robot-programming-project/src/simple_robot/src/main.cpp:[m[K In constructor ‘[01m[KKeyboardControlNode::KeyboardControlNode()[m[K’:
[01m[K/home/martina/rp_project/robot-programming-project/src/simple_robot/src/main.cpp:26:9:[m[K [01;31m[Kerror: [m[K‘[01m[Kkey_sub_[m[K’ was not declared in this scope
   26 |         [01;31m[Kkey_sub_[m[K = this->create_subscription<std_msgs::msg::Int32>(
      |         [01;31m[K^~~~~~~~[m[K
[01m[K/home/martina/rp_project/robot-programming-project/src/simple_robot/src/main.cpp:26:61:[m[K [01;31m[Kerror: [m[K‘[01m[KInt32[m[K’ is not a member of ‘[01m[Kstd_msgs::msg[m[K’
   26 |         key_sub_ = this->create_subscription<std_msgs::msg::[01;31m[KInt32[m[K>(
      |                                                             [01;31m[K^~~~~[m[K
[01m[K/home/martina/rp_project/robot-programming-project/src/simple_robot/src/main.cpp:28:45:[m[K [01;31m[Kerror: [m[K‘[01m[Kkey_callback[m[K’ is not a member of ‘[01m[KKeyboardControlNode[m[K’
   28 |             std::bind(&KeyboardControlNode::[01;31m[Kkey_callback[m[K, this, std::placeholders::_1));
      |                                             [01;31m[K^~~~~~~~~~~~[m[K
[01m[K/home/martina/rp_project/robot-programming-project/src/simple_robot/src/main.cpp:[m[K At global scope:
[01m[K/home/martina/rp_project/robot-programming-project/src/simple_robot/src/main.cpp:162:42:[m[K [01;31m[Kerror: [m[K‘[01m[KInt32[m[K’ is not a member of ‘[01m[Kstd_msgs::msg[m[K’
  162 |         rclcpp::Publisher<std_msgs::msg::[01;31m[KInt32[m[K>::SharedPtr key_pub_;
      |                                          [01;31m[K^~~~~[m[K
[01m[K/home/martina/rp_project/robot-programming-project/src/simple_robot/src/main.cpp:162:47:[m[K [01;31m[Kerror: [m[Ktemplate argument 1 is invalid
  162 |         rclcpp::Publisher<std_msgs::msg::Int32[01;31m[K>[m[K::SharedPtr key_pub_;
      |                                               [01;31m[K^[m[K
[01m[K/home/martina/rp_project/robot-programming-project/src/simple_robot/src/main.cpp:162:50:[m[K [01;31m[Kerror: [m[Kexpected ‘[01m[K;[m[K’ at end of member declaration
  162 |         rclcpp::Publisher<std_msgs::msg::Int32>::[01;31m[KSharedPtr[m[K key_pub_;
      |                                                  [01;31m[K^~~~~~~~~[m[K
      |                                                           [32m[K;[m[K
[01m[K/home/martina/rp_project/robot-programming-project/src/simple_robot/src/main.cpp:162:60:[m[K [01;31m[Kerror: [m[K‘[01m[Kkey_pub_[m[K’ does not name a type
  162 |         rclcpp::Publisher<std_msgs::msg::Int32>::SharedPtr [01;31m[Kkey_pub_[m[K;
      |                                                            [01;31m[K^~~~~~~~[m[K
[01m[K/home/martina/rp_project/robot-programming-project/src/simple_robot/src/main.cpp:[m[K In constructor ‘[01m[KMapNode::MapNode()[m[K’:
[01m[K/home/martina/rp_project/robot-programming-project/src/simple_robot/src/main.cpp:119:13:[m[K [01;31m[Kerror: [m[K‘[01m[Kkey_pub_[m[K’ was not declared in this scope
  119 |             [01;31m[Kkey_pub_[m[K = this->create_publisher<std_msgs::msg::Int32>("/key", 10);
      |             [01;31m[K^~~~~~~~[m[K
[01m[K/home/martina/rp_project/robot-programming-project/src/simple_robot/src/main.cpp:119:62:[m[K [01;31m[Kerror: [m[K‘[01m[KInt32[m[K’ is not a member of ‘[01m[Kstd_msgs::msg[m[K’
  119 |             key_pub_ = this->create_publisher<std_msgs::msg::[01;31m[KInt32[m[K>("/key", 10);
      |                                                              [01;31m[K^~~~~[m[K
[01m[K/home/martina/rp_project/robot-programming-project/src/simple_robot/src/main.cpp:119:68:[m[K [01;31m[Kerror: [m[Kno matching function for call to ‘[01m[KMapNode::create_publisher<<expression error> >(const char [5], int)[m[K’
  119 |             key_pub_ = [01;31m[Kthis->create_publisher<std_msgs::msg::Int32>("/key", 10)[m[K;
      |                        [01;31m[K~~~~~~~~~~~~~~~~~~~~~~~~~~~~~~~~~~~~~~~~~~~~^~~~~~~~~~~~[m[K
In file included from [01m[K/opt/ros/humble/include/rclcpp/rclcpp/node.hpp:1321[m[K,
                 from [01m[K/opt/ros/humble/include/rclcpp/rclcpp/executors/single_threaded_executor.hpp:28[m[K,
                 from [01m[K/opt/ros/humble/include/rclcpp/rclcpp/executors.hpp:22[m[K,
                 from [01m[K/opt/ros/humble/include/rclcpp/rclcpp/rclcpp.hpp:155[m[K,
                 from [01m[K/home/martina/rp_project/robot-programming-project/src/simple_robot/src/main.cpp:3[m[K:
[01m[K/opt/ros/humble/include/rclcpp/rclcpp/node_impl.hpp:73:1:[m[K [01;36m[Knote: [m[Kcandidate: ‘[01m[Ktemplate<class MessageT, class AllocatorT, class PublisherT> std::shared_ptr<PublisherT> rclcpp::Node::create_publisher(const string&, const rclcpp::QoS&, const rclcpp::PublisherOptionsWithAllocator<AllocatorT>&)[m[K’
   73 | [01;36m[KNode[m[K::create_publisher(
      | [01;36m[K^~~~[m[K
[01m[K/opt/ros/humble/include/rclcpp/rclcpp/node_impl.hpp:73:1:[m[K [01;36m[Knote: [m[K  template argument deduction/substitution failed:
[01m[K/home/martina/rp_project/robot-programming-project/src/simple_robot/src/main.cpp:119:68:[m[K [01;31m[Kerror: [m[Ktemplate argument 1 is invalid
  119 |             key_pub_ = [01;31m[Kthis->create_publisher<std_msgs::msg::Int32>("/key", 10)[m[K;
      |                        [01;31m[K~~~~~~~~~~~~~~~~~~~~~~~~~~~~~~~~~~~~~~~~~~~~^~~~~~~~~~~~[m[K
[01m[K/home/martina/rp_project/robot-programming-project/src/simple_robot/src/main.cpp:[m[K In member function ‘[01m[Kvoid MapNode::position_callback(geometry_msgs::msg::Pose2D_<std::allocator<void> >::SharedPtr)[m[K’:
[01m[K/home/martina/rp_project/robot-programming-project/src/simple_robot/src/main.cpp:152:43:[m[K [01;31m[Kerror: [m[K‘[01m[KInt32[m[K’ is not a member of ‘[01m[Kstd_msgs::msg[m[K’
  152 |             auto key_msg = std_msgs::msg::[01;31m[KInt32[m[K();
      |                                           [01;31m[K^~~~~[m[K
[01m[K/home/martina/rp_project/robot-programming-project/src/simple_robot/src/main.cpp:154:13:[m[K [01;31m[Kerror: [m[K‘[01m[Kkey_pub_[m[K’ was not declared in this scope
  154 |             [01;31m[Kkey_pub_[m[K->publish(key_msg);
      |             [01;31m[K^~~~~~~~[m[K
gmake[2]: *** [src/CMakeFiles/grid_map.dir/build.make:132: src/CMakeFiles/grid_map.dir/main.cpp.o] Error 1
gmake[1]: *** [CMakeFiles/Makefile2:180: src/CMakeFiles/grid_map.dir/all] Error 2
gmake[1]: *** Waiting for unfinished jobs....
[01m[K/home/martina/rp_project/robot-programming-project/src/simple_robot/src/main.cpp:73:41:[m[K [01;31m[Kerror: [m[K‘[01m[KInt32[m[K’ is not a member of ‘[01m[Kstd_msgs::msg[m[K’
   73 |     rclcpp::Subscription<std_msgs::msg::[01;31m[KInt32[m[K>::SharedPtr key_sub_;
      |                                         [01;31m[K^~~~~[m[K
[01m[K/home/martina/rp_project/robot-programming-project/src/simple_robot/src/main.cpp:73:46:[m[K [01;31m[Kerror: [m[Ktemplate argument 1 is invalid
   73 |     rclcpp::Subscription<std_msgs::msg::Int32[01;31m[K>[m[K::SharedPtr key_sub_;
      |                                              [01;31m[K^[m[K
[01m[K/home/martina/rp_project/robot-programming-project/src/simple_robot/src/main.cpp:73:46:[m[K [01;31m[Kerror: [m[Ktemplate argument 3 is invalid
[01m[K/home/martina/rp_project/robot-programming-project/src/simple_robot/src/main.cpp:73:46:[m[K [01;31m[Kerror: [m[Ktemplate argument 4 is invalid
[01m[K/home/martina/rp_project/robot-programming-project/src/simple_robot/src/main.cpp:73:46:[m[K [01;31m[Kerror: [m[Ktemplate argument 5 is invalid
[01m[K/home/martina/rp_project/robot-programming-project/src/simple_robot/src/main.cpp:73:49:[m[K [01;31m[Kerror: [m[Kexpected ‘[01m[K;[m[K’ at end of member declaration
   73 |     rclcpp::Subscription<std_msgs::msg::Int32>::[01;31m[KSharedPtr[m[K key_sub_;
      |                                                 [01;31m[K^~~~~~~~~[m[K
      |                                                          [32m[K;[m[K
[01m[K/home/martina/rp_project/robot-programming-project/src/simple_robot/src/main.cpp:73:59:[m[K [01;31m[Kerror: [m[K‘[01m[Kkey_sub_[m[K’ does not name a type
   73 |     rclcpp::Subscription<std_msgs::msg::Int32>::SharedPtr [01;31m[Kkey_sub_[m[K;
      |                                                           [01;31m[K^~~~~~~~[m[K
[01m[K/home/martina/rp_project/robot-programming-project/src/simple_robot/src/main.cpp:[m[K In constructor ‘[01m[KKeyboardControlNode::KeyboardControlNode()[m[K’:
[01m[K/home/martina/rp_project/robot-programming-project/src/simple_robot/src/main.cpp:26:9:[m[K [01;31m[Kerror: [m[K‘[01m[Kkey_sub_[m[K’ was not declared in this scope
   26 |         [01;31m[Kkey_sub_[m[K = this->create_subscription<std_msgs::msg::Int32>(
      |         [01;31m[K^~~~~~~~[m[K
[01m[K/home/martina/rp_project/robot-programming-project/src/simple_robot/src/main.cpp:26:61:[m[K [01;31m[Kerror: [m[K‘[01m[KInt32[m[K’ is not a member of ‘[01m[Kstd_msgs::msg[m[K’
   26 |         key_sub_ = this->create_subscription<std_msgs::msg::[01;31m[KInt32[m[K>(
      |                                                             [01;31m[K^~~~~[m[K
[01m[K/home/martina/rp_project/robot-programming-project/src/simple_robot/src/main.cpp:28:45:[m[K [01;31m[Kerror: [m[K‘[01m[Kkey_callback[m[K’ is not a member of ‘[01m[KKeyboardControlNode[m[K’
   28 |             std::bind(&KeyboardControlNode::[01;31m[Kkey_callback[m[K, this, std::placeholders::_1));
      |                                             [01;31m[K^~~~~~~~~~~~[m[K
[01m[K/home/martina/rp_project/robot-programming-project/src/simple_robot/src/main.cpp:[m[K At global scope:
[01m[K/home/martina/rp_project/robot-programming-project/src/simple_robot/src/main.cpp:162:42:[m[K [01;31m[Kerror: [m[K‘[01m[KInt32[m[K’ is not a member of ‘[01m[Kstd_msgs::msg[m[K’
  162 |         rclcpp::Publisher<std_msgs::msg::[01;31m[KInt32[m[K>::SharedPtr key_pub_;
      |                                          [01;31m[K^~~~~[m[K
[01m[K/home/martina/rp_project/robot-programming-project/src/simple_robot/src/main.cpp:162:47:[m[K [01;31m[Kerror: [m[Ktemplate argument 1 is invalid
  162 |         rclcpp::Publisher<std_msgs::msg::Int32[01;31m[K>[m[K::SharedPtr key_pub_;
      |                                               [01;31m[K^[m[K
[01m[K/home/martina/rp_project/robot-programming-project/src/simple_robot/src/main.cpp:162:50:[m[K [01;31m[Kerror: [m[Kexpected ‘[01m[K;[m[K’ at end of member declaration
  162 |         rclcpp::Publisher<std_msgs::msg::Int32>::[01;31m[KSharedPtr[m[K key_pub_;
      |                                                  [01;31m[K^~~~~~~~~[m[K
      |                                                           [32m[K;[m[K
[01m[K/home/martina/rp_project/robot-programming-project/src/simple_robot/src/main.cpp:162:60:[m[K [01;31m[Kerror: [m[K‘[01m[Kkey_pub_[m[K’ does not name a type
  162 |         rclcpp::Publisher<std_msgs::msg::Int32>::SharedPtr [01;31m[Kkey_pub_[m[K;
      |                                                            [01;31m[K^~~~~~~~[m[K
[01m[K/home/martina/rp_project/robot-programming-project/src/simple_robot/src/main.cpp:[m[K In constructor ‘[01m[KMapNode::MapNode()[m[K’:
[01m[K/home/martina/rp_project/robot-programming-project/src/simple_robot/src/main.cpp:119:13:[m[K [01;31m[Kerror: [m[K‘[01m[Kkey_pub_[m[K’ was not declared in this scope
  119 |             [01;31m[Kkey_pub_[m[K = this->create_publisher<std_msgs::msg::Int32>("/key", 10);
      |             [01;31m[K^~~~~~~~[m[K
[01m[K/home/martina/rp_project/robot-programming-project/src/simple_robot/src/main.cpp:119:62:[m[K [01;31m[Kerror: [m[K‘[01m[KInt32[m[K’ is not a member of ‘[01m[Kstd_msgs::msg[m[K’
  119 |             key_pub_ = this->create_publisher<std_msgs::msg::[01;31m[KInt32[m[K>("/key", 10);
      |                                                              [01;31m[K^~~~~[m[K
[01m[K/home/martina/rp_project/robot-programming-project/src/simple_robot/src/main.cpp:119:68:[m[K [01;31m[Kerror: [m[Kno matching function for call to ‘[01m[KMapNode::create_publisher<<expression error> >(const char [5], int)[m[K’
  119 |             key_pub_ = [01;31m[Kthis->create_publisher<std_msgs::msg::Int32>("/key", 10)[m[K;
      |                        [01;31m[K~~~~~~~~~~~~~~~~~~~~~~~~~~~~~~~~~~~~~~~~~~~~^~~~~~~~~~~~[m[K
In file included from [01m[K/opt/ros/humble/include/rclcpp/rclcpp/node.hpp:1321[m[K,
                 from [01m[K/opt/ros/humble/include/rclcpp/rclcpp/executors/single_threaded_executor.hpp:28[m[K,
                 from [01m[K/opt/ros/humble/include/rclcpp/rclcpp/executors.hpp:22[m[K,
                 from [01m[K/opt/ros/humble/include/rclcpp/rclcpp/rclcpp.hpp:155[m[K,
                 from [01m[K/home/martina/rp_project/robot-programming-project/src/simple_robot/src/main.cpp:3[m[K:
[01m[K/opt/ros/humble/include/rclcpp/rclcpp/node_impl.hpp:73:1:[m[K [01;36m[Knote: [m[Kcandidate: ‘[01m[Ktemplate<class MessageT, class AllocatorT, class PublisherT> std::shared_ptr<PublisherT> rclcpp::Node::create_publisher(const string&, const rclcpp::QoS&, const rclcpp::PublisherOptionsWithAllocator<AllocatorT>&)[m[K’
   73 | [01;36m[KNode[m[K::create_publisher(
      | [01;36m[K^~~~[m[K
[01m[K/opt/ros/humble/include/rclcpp/rclcpp/node_impl.hpp:73:1:[m[K [01;36m[Knote: [m[K  template argument deduction/substitution failed:
[01m[K/home/martina/rp_project/robot-programming-project/src/simple_robot/src/main.cpp:119:68:[m[K [01;31m[Kerror: [m[Ktemplate argument 1 is invalid
  119 |             key_pub_ = [01;31m[Kthis->create_publisher<std_msgs::msg::Int32>("/key", 10)[m[K;
      |                        [01;31m[K~~~~~~~~~~~~~~~~~~~~~~~~~~~~~~~~~~~~~~~~~~~~^~~~~~~~~~~~[m[K
[01m[K/home/martina/rp_project/robot-programming-project/src/simple_robot/src/main.cpp:[m[K In member function ‘[01m[Kvoid MapNode::position_callback(geometry_msgs::msg::Pose2D_<std::allocator<void> >::SharedPtr)[m[K’:
[01m[K/home/martina/rp_project/robot-programming-project/src/simple_robot/src/main.cpp:152:43:[m[K [01;31m[Kerror: [m[K‘[01m[KInt32[m[K’ is not a member of ‘[01m[Kstd_msgs::msg[m[K’
  152 |             auto key_msg = std_msgs::msg::[01;31m[KInt32[m[K();
      |                                           [01;31m[K^~~~~[m[K
[01m[K/home/martina/rp_project/robot-programming-project/src/simple_robot/src/main.cpp:154:13:[m[K [01;31m[Kerror: [m[K‘[01m[Kkey_pub_[m[K’ was not declared in this scope
  154 |             [01;31m[Kkey_pub_[m[K->publish(key_msg);
      |             [01;31m[K^~~~~~~~[m[K
gmake[2]: *** [CMakeFiles/robot_map_node.dir/build.make:132: CMakeFiles/robot_map_node.dir/src/main.cpp.o] Error 1
gmake[1]: *** [CMakeFiles/Makefile2:154: CMakeFiles/robot_map_node.dir/all] Error 2
gmake: *** [Makefile:146: all] Error 2
