[0.000000] (-) TimerEvent: {}
[0.004576] (simple_robot) JobQueued: {'identifier': 'simple_robot', 'dependencies': OrderedDict()}
[0.004718] (simple_robot) JobStarted: {'identifier': 'simple_robot'}
[0.040709] (simple_robot) JobProgress: {'identifier': 'simple_robot', 'progress': 'cmake'}
[0.040895] (simple_robot) Command: {'cmd': ['/usr/bin/cmake', '/home/martina/rp_project/robot-programming-project/src/simple_robot', '-DCMAKE_INSTALL_PREFIX=/home/martina/rp_project/robot-programming-project/src/simple_robot/install/simple_robot'], 'cwd': '/home/martina/rp_project/robot-programming-project/src/simple_robot/build/simple_robot', 'env': OrderedDict([('GJS_DEBUG_TOPICS', 'JS ERROR;JS LOG'), ('LESSOPEN', '| /usr/bin/env /usr/bin/lesspipe %s 2>/dev/null'), ('CONDA_PROMPT_MODIFIER', '(base)'), ('LC_TIME', 'it_IT.UTF-8'), ('USER', 'martina'), ('XDG_SESSION_TYPE', 'wayland'), ('GIT_ASKPASS', '/usr/share/code/resources/app/extensions/git/dist/askpass.sh'), ('SHLVL', '2'), ('LD_LIBRARY_PATH', '/opt/ros/humble/opt/rviz_ogre_vendor/lib:/opt/ros/humble/lib/x86_64-linux-gnu:/opt/ros/humble/lib::/home/martina/.mujoco/mujoco210/bin:/usr/lib/nvidia:~/anaconda3/lib'), ('HOME', '/home/martina'), ('OLDPWD', '/home/martina/rp_project/robot-programming-project/src/simple_robot'), ('CHROME_DESKTOP', 'code.desktop'), ('TERMINFO', '/home/martina/.terminfo'), ('LESS', '-iRFXMx4'), ('CONDA_SHLVL', '1'), ('DESKTOP_SESSION', 'ubuntu'), ('TERM_PROGRAM_VERSION', '1.97.2'), ('GIO_LAUNCHED_DESKTOP_FILE', '/usr/share/applications/code.desktop'), ('LSCOLORS', 'ExGxDxDxCxDxDxFxFxexEx'), ('GTK_MODULES', 'gail:atk-bridge'), ('GNOME_SHELL_SESSION_MODE', 'ubuntu'), ('VSCODE_GIT_ASKPASS_MAIN', '/usr/share/code/resources/app/extensions/git/dist/askpass-main.js'), ('PAGER', 'less'), ('ROS_PYTHON_VERSION', '3'), ('LC_MONETARY', 'it_IT.UTF-8'), ('MANAGERPID', '887'), ('VSCODE_GIT_ASKPASS_NODE', '/usr/share/code/code'), ('SYSTEMD_EXEC_PID', '1152'), ('DBUS_SESSION_BUS_ADDRESS', 'unix:path=/run/user/1000/bus'), ('P9K_TTY', 'old'), ('GIO_LAUNCHED_DESKTOP_FILE_PID', '3260'), ('COLORTERM', 'truecolor'), ('_CE_M', ''), ('WAYLAND_DISPLAY', 'wayland-0'), ('INFOPATH', ''), ('ROS_DISTRO', 'humble'), ('COLCON_PREFIX_PATH', '/home/martina/rp_project/robot-programming-project/install'), ('LOGNAME', 'martina'), ('_', '/usr/bin/colcon'), ('JOURNAL_STREAM', '8:11413'), ('_P9K_SSH_TTY', '/dev/pts/2'), ('XDG_SESSION_CLASS', 'user'), ('USER_ZDOTDIR', '/home/martina'), ('ROS_VERSION', '2'), ('USERNAME', 'martina'), ('TERM', 'xterm-256color'), ('GNOME_DESKTOP_SESSION_ID', 'this-is-deprecated'), ('_CE_CONDA', ''), ('ROS_LOCALHOST_ONLY', '0'), ('PATH', '/opt/ros/humble/bin:/home/martina/.local/bin:/home/martina/.local/bin:/usr/lib/ccache:.:/home/martina/.mujoco/mujoco210/bin:/usr/lib/nvidia:/home/martina/anaconda3/condabin:/home/martina/bin:/home/martina/.local/bin:/usr/local/sbin:/usr/local/bin:/usr/sbin:/usr/bin:/sbin:/bin:/usr/games:/usr/local/games:/snap/bin:/home/martina/.cache/zsh4humans/v5/fzf/bin:/home/martina/other/install/bin'), ('SESSION_MANAGER', 'local/Martina-ThinkPad-X1-Yoga:@/tmp/.ICE-unix/1105,unix/Martina-ThinkPad-X1-Yoga:/tmp/.ICE-unix/1105'), ('INVOCATION_ID', 'abb78b4b018940349bd4da4c8fed9753'), ('LC_ADDRESS', 'it_IT.UTF-8'), ('XDG_RUNTIME_DIR', '/run/user/1000'), ('XDG_MENU_PREFIX', 'gnome-'), ('GNOME_SETUP_DISPLAY', ':1'), ('GDK_BACKEND', 'x11'), ('DISPLAY', ':0'), ('LANG', 'en_US.UTF-8'), ('LC_TELEPHONE', 'it_IT.UTF-8'), ('XDG_CURRENT_DESKTOP', 'Unity'), ('VSCODE_INJECTION', '1'), ('LD_PRELOAD', ':/usr/lib/x86_64-linux-gnu/libGLEW.so'), ('XDG_SESSION_DESKTOP', 'ubuntu'), ('XMODIFIERS', '@im=ibus'), ('XAUTHORITY', '/run/user/1000/.mutter-Xwaylandauth.L52E22'), ('TERM_PROGRAM', 'vscode'), ('VSCODE_GIT_IPC_HANDLE', '/run/user/1000/vscode-git-f640f2b3f6.sock'), ('LS_COLORS', 'fi=00:mi=00:mh=00:ln=01;36:or=01;31:di=01;34:ow=04;01;34:st=34:tw=04;34:pi=01;33:so=01;33:do=01;33:bd=01;33:cd=01;33:su=01;35:sg=01;35:ca=01;35:ex=01;32:no=38;5;248'), ('TREE_COLORS', 'fi=00:mi=00:mh=00:ln=01;36:or=01;31:di=01;34:ow=01;34:st=34:tw=34:pi=01;33:so=01;33:do=01;33:bd=01;33:cd=01;33:su=01;35:sg=01;35:ca=01;35:ex=01;32'), ('SSH_AGENT_LAUNCHER', 'gnome-keyring'), ('SSH_AUTH_SOCK', '/run/user/1000/keyring/ssh'), ('ORIGINAL_XDG_CURRENT_DESKTOP', 'ubuntu:GNOME'), ('CONDA_PYTHON_EXE', '/home/martina/anaconda3/bin/python'), ('AMENT_PREFIX_PATH', '/home/martina/rp_project/robot-programming-project/install/simple_robot:/opt/ros/humble'), ('LC_NAME', 'it_IT.UTF-8'), ('SHELL', '/usr/local/bin/zsh'), ('DEST', '/home/martina/other/install'), ('QT_ACCESSIBILITY', '1'), ('GDMSESSION', 'ubuntu'), ('CONDA_DEFAULT_ENV', 'base'), ('LC_MEASUREMENT', 'it_IT.UTF-8'), ('LC_IDENTIFICATION', 'it_IT.UTF-8'), ('GJS_DEBUG_OUTPUT', 'stderr'), ('P9K_SSH', '0'), ('QT_IM_MODULE', 'ibus'), ('VSCODE_GIT_ASKPASS_EXTRA_ARGS', ''), ('VSCODE_NONCE', '052e925b-acb5-444f-b870-f20c06506941'), ('LC_ALL', 'en_US.UTF-8'), ('PWD', '/home/martina/rp_project/robot-programming-project/src/simple_robot/build/simple_robot'), ('GPG_TTY', '/dev/pts/2'), ('XDG_DATA_DIRS', '/usr/local/share/:/usr/share/:/var/lib/snapd/desktop'), ('ZDOTDIR', '/home/martina'), ('_P9K_TTY', '/dev/pts/2'), ('CONDA_EXE', '/home/martina/anaconda3/bin/conda'), ('LC_NUMERIC', 'it_IT.UTF-8'), ('PYTHONPATH', '/opt/ros/humble/lib/python3.10/site-packages:/opt/ros/humble/local/lib/python3.10/dist-packages:/home/martina/other/install/lib/python3.10/site-packages/'), ('LC_PAPER', 'it_IT.UTF-8'), ('CONDA_PREFIX', '/home/martina/anaconda3'), ('COLCON', '1'), ('MANPATH', '/usr/local/share/man:/home/martina/.cache/zsh4humans/v5/fzf/man:'), ('CMAKE_PREFIX_PATH', '/home/martina/rp_project/robot-programming-project/install/simple_robot:/opt/ros/humble')]), 'shell': False}
[0.100441] (-) TimerEvent: {}
[0.203644] (-) TimerEvent: {}
[0.299183] (simple_robot) StdoutLine: {'line': b'-- The C compiler identification is GNU 11.4.0\n'}
[0.303774] (-) TimerEvent: {}
[0.405124] (-) TimerEvent: {}
[0.505595] (-) TimerEvent: {}
[0.528947] (simple_robot) StdoutLine: {'line': b'-- The CXX compiler identification is GNU 11.4.0\n'}
[0.582027] (simple_robot) StdoutLine: {'line': b'-- Detecting C compiler ABI info\n'}
[0.605730] (-) TimerEvent: {}
[0.706242] (-) TimerEvent: {}
[0.808961] (-) TimerEvent: {}
[0.861277] (simple_robot) StdoutLine: {'line': b'-- Detecting C compiler ABI info - done\n'}
[0.890316] (simple_robot) StdoutLine: {'line': b'-- Check for working C compiler: /usr/lib/ccache/cc - skipped\n'}
[0.891808] (simple_robot) StdoutLine: {'line': b'-- Detecting C compile features\n'}
[0.892119] (simple_robot) StdoutLine: {'line': b'-- Detecting C compile features - done\n'}
[0.899619] (simple_robot) StdoutLine: {'line': b'-- Detecting CXX compiler ABI info\n'}
[0.909082] (-) TimerEvent: {}
[1.009486] (-) TimerEvent: {}
[1.109910] (-) TimerEvent: {}
[1.130886] (simple_robot) StdoutLine: {'line': b'-- Detecting CXX compiler ABI info - done\n'}
[1.155218] (simple_robot) StdoutLine: {'line': b'-- Check for working CXX compiler: /usr/lib/ccache/c++ - skipped\n'}
[1.156701] (simple_robot) StdoutLine: {'line': b'-- Detecting CXX compile features\n'}
[1.157872] (simple_robot) StdoutLine: {'line': b'-- Detecting CXX compile features - done\n'}
[1.190003] (simple_robot) StdoutLine: {'line': b'-- Found OpenCV: /usr (found suitable version "4.5.4", minimum required is "4.5.4") \n'}
[1.196487] (simple_robot) StdoutLine: {'line': b'-- Found ament_cmake: 1.3.11 (/opt/ros/humble/share/ament_cmake/cmake)\n'}
[1.210104] (-) TimerEvent: {}
[1.312735] (-) TimerEvent: {}
[1.416767] (-) TimerEvent: {}
[1.517179] (-) TimerEvent: {}
[1.615098] (simple_robot) StdoutLine: {'line': b'-- Found Python3: /usr/bin/python3 (found version "3.10.12") found components: Interpreter \n'}
[1.618617] (-) TimerEvent: {}
[1.720175] (-) TimerEvent: {}
[1.821911] (-) TimerEvent: {}
[1.840139] (simple_robot) StdoutLine: {'line': b'-- Found rclcpp: 16.0.11 (/opt/ros/humble/share/rclcpp/cmake)\n'}
[1.922024] (-) TimerEvent: {}
[1.930639] (simple_robot) StdoutLine: {'line': b'-- Found rosidl_generator_c: 3.1.6 (/opt/ros/humble/share/rosidl_generator_c/cmake)\n'}
[1.940183] (simple_robot) StdoutLine: {'line': b'-- Found rosidl_adapter: 3.1.6 (/opt/ros/humble/share/rosidl_adapter/cmake)\n'}
[1.959500] (simple_robot) StdoutLine: {'line': b'-- Found rosidl_generator_cpp: 3.1.6 (/opt/ros/humble/share/rosidl_generator_cpp/cmake)\n'}
[1.991299] (simple_robot) StdoutLine: {'line': b'-- Using all available rosidl_typesupport_c: rosidl_typesupport_fastrtps_c;rosidl_typesupport_introspection_c\n'}
[2.023282] (-) TimerEvent: {}
[2.035089] (simple_robot) StdoutLine: {'line': b'-- Using all available rosidl_typesupport_cpp: rosidl_typesupport_fastrtps_cpp;rosidl_typesupport_introspection_cpp\n'}
[2.123403] (-) TimerEvent: {}
[2.140755] (simple_robot) StdoutLine: {'line': b'-- Found rmw_implementation_cmake: 6.1.2 (/opt/ros/humble/share/rmw_implementation_cmake/cmake)\n'}
[2.145257] (simple_robot) StdoutLine: {'line': b'-- Found rmw_fastrtps_cpp: 6.2.7 (/opt/ros/humble/share/rmw_fastrtps_cpp/cmake)\n'}
[2.224225] (-) TimerEvent: {}
[2.325253] (-) TimerEvent: {}
[2.428223] (-) TimerEvent: {}
[2.488109] (simple_robot) StdoutLine: {'line': b'-- Found OpenSSL: /usr/lib/x86_64-linux-gnu/libcrypto.so (found version "3.0.2")  \n'}
[2.528377] (-) TimerEvent: {}
[2.556924] (simple_robot) StdoutLine: {'line': b'-- Found FastRTPS: /opt/ros/humble/include  \n'}
[2.628504] (-) TimerEvent: {}
[2.662298] (simple_robot) StdoutLine: {'line': b"-- Using RMW implementation 'rmw_fastrtps_cpp' as default\n"}
[2.685844] (simple_robot) StdoutLine: {'line': b'-- Looking for pthread.h\n'}
[2.728633] (-) TimerEvent: {}
[2.829394] (-) TimerEvent: {}
[2.912928] (simple_robot) StdoutLine: {'line': b'-- Looking for pthread.h - found\n'}
[2.918676] (simple_robot) StdoutLine: {'line': b'-- Performing Test CMAKE_HAVE_LIBC_PTHREAD\n'}
[2.929550] (-) TimerEvent: {}
[3.030340] (-) TimerEvent: {}
[3.133451] (-) TimerEvent: {}
[3.151153] (simple_robot) StdoutLine: {'line': b'-- Performing Test CMAKE_HAVE_LIBC_PTHREAD - Success\n'}
[3.165620] (simple_robot) StdoutLine: {'line': b'-- Found Threads: TRUE  \n'}
[3.233640] (-) TimerEvent: {}
[3.334093] (-) TimerEvent: {}
[3.338744] (simple_robot) StdoutLine: {'line': b'-- Found geometry_msgs: 4.2.4 (/opt/ros/humble/share/geometry_msgs/cmake)\n'}
[3.367828] (simple_robot) StdoutLine: {'line': b'-- Found sensor_msgs: 4.2.4 (/opt/ros/humble/share/sensor_msgs/cmake)\n'}
[3.409366] (simple_robot) StdoutLine: {'line': b'-- Found nav_msgs: 4.2.4 (/opt/ros/humble/share/nav_msgs/cmake)\n'}
[3.434240] (-) TimerEvent: {}
[3.453700] (simple_robot) StdoutLine: {'line': b'-- Found OpenCV: /usr (found version "4.5.4") \n'}
[3.534727] (-) TimerEvent: {}
[3.635903] (-) TimerEvent: {}
[3.639210] (simple_robot) StdoutLine: {'line': b'-- DATA_DIR: /home/martina/rp_project/robot-programming-project/src/simple_robot/data\n'}
[3.639677] (simple_robot) StdoutLine: {'line': b'-- Configuring done\n'}
[3.730182] (simple_robot) StdoutLine: {'line': b'-- Generating done\n'}
[3.736031] (-) TimerEvent: {}
[3.750149] (simple_robot) StdoutLine: {'line': b'-- Build files have been written to: /home/martina/rp_project/robot-programming-project/src/simple_robot/build/simple_robot\n'}
[3.780215] (simple_robot) CommandEnded: {'returncode': 0}
[3.792095] (simple_robot) JobProgress: {'identifier': 'simple_robot', 'progress': 'build'}
[3.792288] (simple_robot) Command: {'cmd': ['/usr/bin/cmake', '--build', '/home/martina/rp_project/robot-programming-project/src/simple_robot/build/simple_robot', '--', '-j4', '-l4'], 'cwd': '/home/martina/rp_project/robot-programming-project/src/simple_robot/build/simple_robot', 'env': OrderedDict([('GJS_DEBUG_TOPICS', 'JS ERROR;JS LOG'), ('LESSOPEN', '| /usr/bin/env /usr/bin/lesspipe %s 2>/dev/null'), ('CONDA_PROMPT_MODIFIER', '(base)'), ('LC_TIME', 'it_IT.UTF-8'), ('USER', 'martina'), ('XDG_SESSION_TYPE', 'wayland'), ('GIT_ASKPASS', '/usr/share/code/resources/app/extensions/git/dist/askpass.sh'), ('SHLVL', '2'), ('LD_LIBRARY_PATH', '/opt/ros/humble/opt/rviz_ogre_vendor/lib:/opt/ros/humble/lib/x86_64-linux-gnu:/opt/ros/humble/lib::/home/martina/.mujoco/mujoco210/bin:/usr/lib/nvidia:~/anaconda3/lib'), ('HOME', '/home/martina'), ('OLDPWD', '/home/martina/rp_project/robot-programming-project/src/simple_robot'), ('CHROME_DESKTOP', 'code.desktop'), ('TERMINFO', '/home/martina/.terminfo'), ('LESS', '-iRFXMx4'), ('CONDA_SHLVL', '1'), ('DESKTOP_SESSION', 'ubuntu'), ('TERM_PROGRAM_VERSION', '1.97.2'), ('GIO_LAUNCHED_DESKTOP_FILE', '/usr/share/applications/code.desktop'), ('LSCOLORS', 'ExGxDxDxCxDxDxFxFxexEx'), ('GTK_MODULES', 'gail:atk-bridge'), ('GNOME_SHELL_SESSION_MODE', 'ubuntu'), ('VSCODE_GIT_ASKPASS_MAIN', '/usr/share/code/resources/app/extensions/git/dist/askpass-main.js'), ('PAGER', 'less'), ('ROS_PYTHON_VERSION', '3'), ('LC_MONETARY', 'it_IT.UTF-8'), ('MANAGERPID', '887'), ('VSCODE_GIT_ASKPASS_NODE', '/usr/share/code/code'), ('SYSTEMD_EXEC_PID', '1152'), ('DBUS_SESSION_BUS_ADDRESS', 'unix:path=/run/user/1000/bus'), ('P9K_TTY', 'old'), ('GIO_LAUNCHED_DESKTOP_FILE_PID', '3260'), ('COLORTERM', 'truecolor'), ('_CE_M', ''), ('WAYLAND_DISPLAY', 'wayland-0'), ('INFOPATH', ''), ('ROS_DISTRO', 'humble'), ('COLCON_PREFIX_PATH', '/home/martina/rp_project/robot-programming-project/install'), ('LOGNAME', 'martina'), ('_', '/usr/bin/colcon'), ('JOURNAL_STREAM', '8:11413'), ('_P9K_SSH_TTY', '/dev/pts/2'), ('XDG_SESSION_CLASS', 'user'), ('USER_ZDOTDIR', '/home/martina'), ('ROS_VERSION', '2'), ('USERNAME', 'martina'), ('TERM', 'xterm-256color'), ('GNOME_DESKTOP_SESSION_ID', 'this-is-deprecated'), ('_CE_CONDA', ''), ('ROS_LOCALHOST_ONLY', '0'), ('PATH', '/opt/ros/humble/bin:/home/martina/.local/bin:/home/martina/.local/bin:/usr/lib/ccache:.:/home/martina/.mujoco/mujoco210/bin:/usr/lib/nvidia:/home/martina/anaconda3/condabin:/home/martina/bin:/home/martina/.local/bin:/usr/local/sbin:/usr/local/bin:/usr/sbin:/usr/bin:/sbin:/bin:/usr/games:/usr/local/games:/snap/bin:/home/martina/.cache/zsh4humans/v5/fzf/bin:/home/martina/other/install/bin'), ('SESSION_MANAGER', 'local/Martina-ThinkPad-X1-Yoga:@/tmp/.ICE-unix/1105,unix/Martina-ThinkPad-X1-Yoga:/tmp/.ICE-unix/1105'), ('INVOCATION_ID', 'abb78b4b018940349bd4da4c8fed9753'), ('LC_ADDRESS', 'it_IT.UTF-8'), ('XDG_RUNTIME_DIR', '/run/user/1000'), ('XDG_MENU_PREFIX', 'gnome-'), ('GNOME_SETUP_DISPLAY', ':1'), ('GDK_BACKEND', 'x11'), ('DISPLAY', ':0'), ('LANG', 'en_US.UTF-8'), ('LC_TELEPHONE', 'it_IT.UTF-8'), ('XDG_CURRENT_DESKTOP', 'Unity'), ('VSCODE_INJECTION', '1'), ('LD_PRELOAD', ':/usr/lib/x86_64-linux-gnu/libGLEW.so'), ('XDG_SESSION_DESKTOP', 'ubuntu'), ('XMODIFIERS', '@im=ibus'), ('XAUTHORITY', '/run/user/1000/.mutter-Xwaylandauth.L52E22'), ('TERM_PROGRAM', 'vscode'), ('VSCODE_GIT_IPC_HANDLE', '/run/user/1000/vscode-git-f640f2b3f6.sock'), ('LS_COLORS', 'fi=00:mi=00:mh=00:ln=01;36:or=01;31:di=01;34:ow=04;01;34:st=34:tw=04;34:pi=01;33:so=01;33:do=01;33:bd=01;33:cd=01;33:su=01;35:sg=01;35:ca=01;35:ex=01;32:no=38;5;248'), ('TREE_COLORS', 'fi=00:mi=00:mh=00:ln=01;36:or=01;31:di=01;34:ow=01;34:st=34:tw=34:pi=01;33:so=01;33:do=01;33:bd=01;33:cd=01;33:su=01;35:sg=01;35:ca=01;35:ex=01;32'), ('SSH_AGENT_LAUNCHER', 'gnome-keyring'), ('SSH_AUTH_SOCK', '/run/user/1000/keyring/ssh'), ('ORIGINAL_XDG_CURRENT_DESKTOP', 'ubuntu:GNOME'), ('CONDA_PYTHON_EXE', '/home/martina/anaconda3/bin/python'), ('AMENT_PREFIX_PATH', '/home/martina/rp_project/robot-programming-project/install/simple_robot:/opt/ros/humble'), ('LC_NAME', 'it_IT.UTF-8'), ('SHELL', '/usr/local/bin/zsh'), ('DEST', '/home/martina/other/install'), ('QT_ACCESSIBILITY', '1'), ('GDMSESSION', 'ubuntu'), ('CONDA_DEFAULT_ENV', 'base'), ('LC_MEASUREMENT', 'it_IT.UTF-8'), ('LC_IDENTIFICATION', 'it_IT.UTF-8'), ('GJS_DEBUG_OUTPUT', 'stderr'), ('P9K_SSH', '0'), ('QT_IM_MODULE', 'ibus'), ('VSCODE_GIT_ASKPASS_EXTRA_ARGS', ''), ('VSCODE_NONCE', '052e925b-acb5-444f-b870-f20c06506941'), ('LC_ALL', 'en_US.UTF-8'), ('PWD', '/home/martina/rp_project/robot-programming-project/src/simple_robot/build/simple_robot'), ('GPG_TTY', '/dev/pts/2'), ('XDG_DATA_DIRS', '/usr/local/share/:/usr/share/:/var/lib/snapd/desktop'), ('ZDOTDIR', '/home/martina'), ('_P9K_TTY', '/dev/pts/2'), ('CONDA_EXE', '/home/martina/anaconda3/bin/conda'), ('LC_NUMERIC', 'it_IT.UTF-8'), ('PYTHONPATH', '/opt/ros/humble/lib/python3.10/site-packages:/opt/ros/humble/local/lib/python3.10/dist-packages:/home/martina/other/install/lib/python3.10/site-packages/'), ('LC_PAPER', 'it_IT.UTF-8'), ('CONDA_PREFIX', '/home/martina/anaconda3'), ('COLCON', '1'), ('MANPATH', '/usr/local/share/man:/home/martina/.cache/zsh4humans/v5/fzf/man:'), ('CMAKE_PREFIX_PATH', '/home/martina/rp_project/robot-programming-project/install/simple_robot:/opt/ros/humble')]), 'shell': False}
[3.836154] (-) TimerEvent: {}
[3.936898] (-) TimerEvent: {}
[4.012633] (simple_robot) StdoutLine: {'line': b'\x1b[35m\x1b[1mConsolidate compiler generated dependencies of target grid_map\x1b[0m\n'}
[4.037723] (-) TimerEvent: {}
[4.053487] (simple_robot) StdoutLine: {'line': b'\x1b[35m\x1b[1mConsolidate compiler generated dependencies of target robot_map_node\x1b[0m\n'}
[4.135757] (simple_robot) StdoutLine: {'line': b'[  8%] \x1b[32mBuilding CXX object src/CMakeFiles/grid_map.dir/main.cpp.o\x1b[0m\n'}
[4.138776] (-) TimerEvent: {}
[4.173324] (simple_robot) StdoutLine: {'line': b'[ 16%] \x1b[32mBuilding CXX object CMakeFiles/robot_map_node.dir/src/main.cpp.o\x1b[0m\n'}
[4.241005] (-) TimerEvent: {}
[4.342863] (-) TimerEvent: {}
[4.443234] (-) TimerEvent: {}
[4.544015] (-) TimerEvent: {}
[4.644802] (-) TimerEvent: {}
[4.745804] (-) TimerEvent: {}
[4.849802] (-) TimerEvent: {}
[4.950672] (-) TimerEvent: {}
[5.051960] (-) TimerEvent: {}
[5.152816] (-) TimerEvent: {}
[5.254629] (-) TimerEvent: {}
[5.355051] (-) TimerEvent: {}
[5.457624] (-) TimerEvent: {}
[5.558062] (-) TimerEvent: {}
[5.658509] (-) TimerEvent: {}
[5.758939] (-) TimerEvent: {}
[5.859980] (-) TimerEvent: {}
[5.965690] (-) TimerEvent: {}
[6.066080] (-) TimerEvent: {}
[6.167822] (-) TimerEvent: {}
[6.272636] (-) TimerEvent: {}
[6.373183] (-) TimerEvent: {}
[6.473724] (-) TimerEvent: {}
[6.574202] (-) TimerEvent: {}
[6.677626] (-) TimerEvent: {}
[6.778086] (-) TimerEvent: {}
[6.880917] (-) TimerEvent: {}
[6.981365] (-) TimerEvent: {}
[7.083804] (-) TimerEvent: {}
[7.185287] (-) TimerEvent: {}
[7.286313] (-) TimerEvent: {}
[7.389003] (-) TimerEvent: {}
[7.489407] (-) TimerEvent: {}
[7.589835] (-) TimerEvent: {}
[7.690262] (-) TimerEvent: {}
[7.792289] (-) TimerEvent: {}
[7.892735] (-) TimerEvent: {}
[7.993178] (-) TimerEvent: {}
[8.094779] (-) TimerEvent: {}
[8.204216] (-) TimerEvent: {}
[8.304623] (-) TimerEvent: {}
[8.405025] (-) TimerEvent: {}
[8.505430] (-) TimerEvent: {}
[8.606098] (-) TimerEvent: {}
[8.707774] (-) TimerEvent: {}
[8.808222] (-) TimerEvent: {}
[8.908628] (-) TimerEvent: {}
[9.009136] (-) TimerEvent: {}
[9.109523] (-) TimerEvent: {}
[9.209906] (-) TimerEvent: {}
[9.310727] (-) TimerEvent: {}
[9.411641] (-) TimerEvent: {}
[9.512095] (-) TimerEvent: {}
[9.612715] (-) TimerEvent: {}
[9.713325] (-) TimerEvent: {}
[9.814464] (-) TimerEvent: {}
[9.915091] (-) TimerEvent: {}
[10.015810] (-) TimerEvent: {}
[10.116244] (-) TimerEvent: {}
[10.216968] (-) TimerEvent: {}
[10.317348] (-) TimerEvent: {}
[10.417756] (-) TimerEvent: {}
[10.518160] (-) TimerEvent: {}
[10.619002] (-) TimerEvent: {}
[10.719423] (-) TimerEvent: {}
[10.820306] (-) TimerEvent: {}
[10.920964] (-) TimerEvent: {}
[11.021427] (-) TimerEvent: {}
[11.121879] (-) TimerEvent: {}
[11.222339] (-) TimerEvent: {}
[11.322736] (-) TimerEvent: {}
[11.423146] (-) TimerEvent: {}
[11.523590] (-) TimerEvent: {}
[11.624162] (-) TimerEvent: {}
[11.724837] (-) TimerEvent: {}
[11.827899] (-) TimerEvent: {}
[11.928280] (-) TimerEvent: {}
[12.029289] (-) TimerEvent: {}
[12.132730] (-) TimerEvent: {}
[12.233115] (-) TimerEvent: {}
[12.333806] (-) TimerEvent: {}
[12.434172] (-) TimerEvent: {}
[12.534820] (-) TimerEvent: {}
[12.635229] (-) TimerEvent: {}
[12.736165] (-) TimerEvent: {}
[12.836726] (-) TimerEvent: {}
[12.937366] (-) TimerEvent: {}
[13.037990] (-) TimerEvent: {}
[13.138457] (-) TimerEvent: {}
[13.238868] (-) TimerEvent: {}
[13.339315] (-) TimerEvent: {}
[13.439709] (-) TimerEvent: {}
[13.540368] (-) TimerEvent: {}
[13.640999] (-) TimerEvent: {}
[13.741386] (-) TimerEvent: {}
[13.842007] (-) TimerEvent: {}
[13.942405] (-) TimerEvent: {}
[14.042853] (-) TimerEvent: {}
[14.143306] (-) TimerEvent: {}
[14.243717] (-) TimerEvent: {}
[14.344699] (-) TimerEvent: {}
[14.445101] (-) TimerEvent: {}
[14.545621] (-) TimerEvent: {}
[14.646398] (-) TimerEvent: {}
[14.747272] (-) TimerEvent: {}
[14.849961] (-) TimerEvent: {}
[14.950352] (-) TimerEvent: {}
[15.050729] (-) TimerEvent: {}
[15.151141] (-) TimerEvent: {}
[15.251606] (-) TimerEvent: {}
[15.352008] (-) TimerEvent: {}
[15.452953] (-) TimerEvent: {}
[15.553331] (-) TimerEvent: {}
[15.653716] (-) TimerEvent: {}
[15.754091] (-) TimerEvent: {}
[15.854473] (-) TimerEvent: {}
[15.954889] (-) TimerEvent: {}
[16.056471] (-) TimerEvent: {}
[16.156883] (-) TimerEvent: {}
[16.257268] (-) TimerEvent: {}
[16.357632] (-) TimerEvent: {}
[16.458008] (-) TimerEvent: {}
[16.558430] (-) TimerEvent: {}
[16.658867] (-) TimerEvent: {}
[16.759250] (-) TimerEvent: {}
[16.859627] (-) TimerEvent: {}
[16.960003] (-) TimerEvent: {}
[17.060387] (-) TimerEvent: {}
[17.161007] (-) TimerEvent: {}
[17.261392] (-) TimerEvent: {}
[17.361790] (-) TimerEvent: {}
[17.462502] (-) TimerEvent: {}
[17.563635] (-) TimerEvent: {}
[17.664029] (-) TimerEvent: {}
[17.764888] (-) TimerEvent: {}
[17.865609] (-) TimerEvent: {}
[17.965994] (-) TimerEvent: {}
[18.066369] (-) TimerEvent: {}
[18.166761] (-) TimerEvent: {}
[18.267131] (-) TimerEvent: {}
[18.367507] (-) TimerEvent: {}
[18.467901] (-) TimerEvent: {}
[18.568278] (-) TimerEvent: {}
[18.668618] (-) TimerEvent: {}
[18.769003] (-) TimerEvent: {}
[18.869394] (-) TimerEvent: {}
[18.969855] (-) TimerEvent: {}
[19.070228] (-) TimerEvent: {}
[19.170644] (-) TimerEvent: {}
[19.271068] (-) TimerEvent: {}
[19.371482] (-) TimerEvent: {}
[19.471882] (-) TimerEvent: {}
[19.572627] (-) TimerEvent: {}
[19.673008] (-) TimerEvent: {}
[19.773843] (-) TimerEvent: {}
[19.874635] (-) TimerEvent: {}
[19.975090] (-) TimerEvent: {}
[20.075770] (-) TimerEvent: {}
[20.176186] (-) TimerEvent: {}
[20.276643] (-) TimerEvent: {}
[20.377104] (-) TimerEvent: {}
[20.477525] (-) TimerEvent: {}
[20.577916] (-) TimerEvent: {}
[20.678297] (-) TimerEvent: {}
[20.778723] (-) TimerEvent: {}
[20.879109] (-) TimerEvent: {}
[20.979506] (-) TimerEvent: {}
[21.080531] (-) TimerEvent: {}
[21.180983] (-) TimerEvent: {}
[21.282210] (-) TimerEvent: {}
[21.382895] (-) TimerEvent: {}
[21.484500] (-) TimerEvent: {}
[21.584972] (-) TimerEvent: {}
[21.685399] (-) TimerEvent: {}
[21.785814] (-) TimerEvent: {}
[21.886204] (-) TimerEvent: {}
[21.986613] (-) TimerEvent: {}
[22.087083] (-) TimerEvent: {}
[22.187484] (-) TimerEvent: {}
[22.288068] (-) TimerEvent: {}
[22.388429] (-) TimerEvent: {}
[22.488836] (-) TimerEvent: {}
[22.589230] (-) TimerEvent: {}
[22.689616] (-) TimerEvent: {}
[22.790005] (-) TimerEvent: {}
[22.890383] (-) TimerEvent: {}
[22.990781] (-) TimerEvent: {}
[23.091161] (-) TimerEvent: {}
[23.191553] (-) TimerEvent: {}
[23.292017] (-) TimerEvent: {}
[23.392533] (-) TimerEvent: {}
[23.495148] (-) TimerEvent: {}
[23.596276] (-) TimerEvent: {}
[23.696722] (-) TimerEvent: {}
[23.797472] (-) TimerEvent: {}
[23.898352] (-) TimerEvent: {}
[23.998822] (-) TimerEvent: {}
[24.100046] (-) TimerEvent: {}
[24.200488] (-) TimerEvent: {}
[24.301012] (-) TimerEvent: {}
[24.403621] (-) TimerEvent: {}
[24.504031] (-) TimerEvent: {}
[24.604416] (-) TimerEvent: {}
[24.708622] (-) TimerEvent: {}
[24.810619] (-) TimerEvent: {}
[24.910994] (-) TimerEvent: {}
[25.011620] (-) TimerEvent: {}
[25.112266] (-) TimerEvent: {}
[25.212831] (-) TimerEvent: {}
[25.314458] (-) TimerEvent: {}
[25.414900] (-) TimerEvent: {}
[25.515638] (-) TimerEvent: {}
[25.616558] (-) TimerEvent: {}
[25.716908] (-) TimerEvent: {}
[25.817265] (-) TimerEvent: {}
[25.917617] (-) TimerEvent: {}
[26.018000] (-) TimerEvent: {}
[26.118348] (-) TimerEvent: {}
[26.218709] (-) TimerEvent: {}
[26.319059] (-) TimerEvent: {}
[26.419408] (-) TimerEvent: {}
[26.519825] (-) TimerEvent: {}
[26.620168] (-) TimerEvent: {}
[26.720518] (-) TimerEvent: {}
[26.820931] (-) TimerEvent: {}
[26.921497] (-) TimerEvent: {}
[27.021846] (-) TimerEvent: {}
[27.122196] (-) TimerEvent: {}
[27.222558] (-) TimerEvent: {}
[27.322907] (-) TimerEvent: {}
[27.423264] (-) TimerEvent: {}
[27.523962] (-) TimerEvent: {}
[27.624329] (-) TimerEvent: {}
[27.724726] (-) TimerEvent: {}
[27.825403] (-) TimerEvent: {}
[27.925794] (-) TimerEvent: {}
[28.026194] (-) TimerEvent: {}
[28.126604] (-) TimerEvent: {}
[28.227013] (-) TimerEvent: {}
[28.327434] (-) TimerEvent: {}
[28.427872] (-) TimerEvent: {}
[28.528360] (-) TimerEvent: {}
[28.629118] (-) TimerEvent: {}
[28.729748] (-) TimerEvent: {}
[28.830565] (-) TimerEvent: {}
[28.931623] (-) TimerEvent: {}
[29.031988] (-) TimerEvent: {}
[29.132330] (-) TimerEvent: {}
[29.232978] (-) TimerEvent: {}
[29.333738] (-) TimerEvent: {}
[29.434308] (-) TimerEvent: {}
[29.534734] (-) TimerEvent: {}
[29.635076] (-) TimerEvent: {}
[29.735502] (-) TimerEvent: {}
[29.835987] (-) TimerEvent: {}
[29.936796] (-) TimerEvent: {}
[30.037140] (-) TimerEvent: {}
[30.137491] (-) TimerEvent: {}
[30.237869] (-) TimerEvent: {}
[30.338237] (-) TimerEvent: {}
[30.439071] (-) TimerEvent: {}
[30.539799] (-) TimerEvent: {}
[30.640143] (-) TimerEvent: {}
[30.740699] (-) TimerEvent: {}
[30.841061] (-) TimerEvent: {}
[30.941426] (-) TimerEvent: {}
[31.041809] (-) TimerEvent: {}
[31.142210] (-) TimerEvent: {}
[31.242605] (-) TimerEvent: {}
[31.342954] (-) TimerEvent: {}
[31.443569] (-) TimerEvent: {}
[31.543965] (-) TimerEvent: {}
[31.644435] (-) TimerEvent: {}
[31.744979] (-) TimerEvent: {}
[31.845644] (-) TimerEvent: {}
[31.947705] (-) TimerEvent: {}
[32.048280] (-) TimerEvent: {}
[32.149002] (-) TimerEvent: {}
[32.249824] (-) TimerEvent: {}
[32.350176] (-) TimerEvent: {}
[32.450756] (-) TimerEvent: {}
[32.551102] (-) TimerEvent: {}
[32.651453] (-) TimerEvent: {}
[32.752019] (-) TimerEvent: {}
[32.852959] (-) TimerEvent: {}
[32.953579] (-) TimerEvent: {}
[33.054168] (-) TimerEvent: {}
[33.154568] (-) TimerEvent: {}
[33.254948] (-) TimerEvent: {}
[33.355340] (-) TimerEvent: {}
[33.455704] (-) TimerEvent: {}
[33.556111] (-) TimerEvent: {}
[33.656508] (-) TimerEvent: {}
[33.756941] (-) TimerEvent: {}
[33.857358] (-) TimerEvent: {}
[33.957745] (-) TimerEvent: {}
[34.058136] (-) TimerEvent: {}
[34.158488] (-) TimerEvent: {}
[34.258873] (-) TimerEvent: {}
[34.359261] (-) TimerEvent: {}
[34.459993] (-) TimerEvent: {}
[34.560386] (-) TimerEvent: {}
[34.661004] (-) TimerEvent: {}
[34.761537] (-) TimerEvent: {}
[34.862181] (-) TimerEvent: {}
[34.941437] (simple_robot) StdoutLine: {'line': b'[ 25%] \x1b[32m\x1b[1mLinking CXX shared library libgrid_map.so\x1b[0m\n'}
[34.962324] (-) TimerEvent: {}
[35.062776] (-) TimerEvent: {}
[35.124330] (simple_robot) StdoutLine: {'line': b'[ 33%] \x1b[32m\x1b[1mLinking CXX executable robot_map_node\x1b[0m\n'}
[35.162910] (-) TimerEvent: {}
[35.265984] (-) TimerEvent: {}
[35.366450] (-) TimerEvent: {}
[35.466912] (-) TimerEvent: {}
[35.575647] (-) TimerEvent: {}
[35.676153] (-) TimerEvent: {}
[35.776983] (-) TimerEvent: {}
[35.881665] (-) TimerEvent: {}
[35.982214] (-) TimerEvent: {}
[36.082783] (-) TimerEvent: {}
[36.187071] (-) TimerEvent: {}
[36.289595] (-) TimerEvent: {}
[36.396984] (-) TimerEvent: {}
[36.500283] (-) TimerEvent: {}
[36.605236] (-) TimerEvent: {}
[36.705994] (-) TimerEvent: {}
[36.809833] (-) TimerEvent: {}
[36.910371] (-) TimerEvent: {}
[37.011095] (-) TimerEvent: {}
[37.116635] (-) TimerEvent: {}
[37.217106] (-) TimerEvent: {}
[37.318633] (-) TimerEvent: {}
[37.420385] (-) TimerEvent: {}
[37.522626] (-) TimerEvent: {}
[37.623086] (-) TimerEvent: {}
[37.723503] (-) TimerEvent: {}
[37.824012] (-) TimerEvent: {}
[37.924506] (-) TimerEvent: {}
[38.025641] (-) TimerEvent: {}
[38.126631] (-) TimerEvent: {}
[38.227998] (-) TimerEvent: {}
[38.328831] (-) TimerEvent: {}
[38.429661] (-) TimerEvent: {}
[38.481959] (simple_robot) StdoutLine: {'line': b'[ 66%] Built target grid_map\n'}
[38.529802] (-) TimerEvent: {}
[38.630243] (-) TimerEvent: {}
[38.698529] (simple_robot) StderrLine: {'line': b"/usr/bin/ld: CMakeFiles/robot_map_node.dir/src/main.cpp.o: in function `MapNode::MapNode()':\n"}
[38.699152] (simple_robot) StderrLine: {'line': b"main.cpp:(.text._ZN7MapNodeC2Ev[_ZN7MapNodeC5Ev]+0x978): undefined reference to `closeCanvas(cv::Mat&)'\n"}
[38.731368] (-) TimerEvent: {}
[38.833637] (-) TimerEvent: {}
[38.934111] (-) TimerEvent: {}
[39.019837] (simple_robot) StderrLine: {'line': b'collect2: error: ld returned 1 exit status\n'}
[39.024813] (simple_robot) StderrLine: {'line': b'gmake[2]: *** [CMakeFiles/robot_map_node.dir/build.make:301: robot_map_node] Error 1\n'}
[39.025793] (simple_robot) StderrLine: {'line': b'gmake[1]: *** [CMakeFiles/Makefile2:154: CMakeFiles/robot_map_node.dir/all] Error 2\n'}
[39.026645] (simple_robot) StderrLine: {'line': b'gmake: *** [Makefile:146: all] Error 2\n'}
[39.032468] (simple_robot) CommandEnded: {'returncode': 2}
[39.034604] (-) TimerEvent: {}
[39.061299] (simple_robot) JobEnded: {'identifier': 'simple_robot', 'rc': 2}
[39.072138] (-) EventReactorShutdown: {}
