[0.000000] (-) TimerEvent: {}
[0.000262] (simple_robot) JobQueued: {'identifier': 'simple_robot', 'dependencies': OrderedDict()}
[0.000905] (simple_robot) JobStarted: {'identifier': 'simple_robot'}
[0.023891] (simple_robot) JobProgress: {'identifier': 'simple_robot', 'progress': 'cmake'}
[0.024024] (simple_robot) Command: {'cmd': ['/usr/bin/cmake', '/home/martina/rp_project/robot-programming-project/src/simple_robot', '-DCMAKE_INSTALL_PREFIX=/home/martina/rp_project/robot-programming-project/src/simple_robot/install/simple_robot'], 'cwd': '/home/martina/rp_project/robot-programming-project/src/simple_robot/build/simple_robot', 'env': OrderedDict([('GJS_DEBUG_TOPICS', 'JS ERROR;JS LOG'), ('LESSOPEN', '| /usr/bin/env /usr/bin/lesspipe %s 2>/dev/null'), ('CONDA_PROMPT_MODIFIER', '(base)'), ('LC_TIME', 'it_IT.UTF-8'), ('USER', 'martina'), ('XDG_SESSION_TYPE', 'wayland'), ('GIT_ASKPASS', '/usr/share/code/resources/app/extensions/git/dist/askpass.sh'), ('SHLVL', '2'), ('LD_LIBRARY_PATH', '/opt/ros/humble/opt/rviz_ogre_vendor/lib:/opt/ros/humble/lib/x86_64-linux-gnu:/opt/ros/humble/lib::/home/martina/.mujoco/mujoco210/bin:/usr/lib/nvidia:~/anaconda3/lib'), ('HOME', '/home/martina'), ('OLDPWD', '/home/martina/rp_project/robot-programming-project/src/simple_robot'), ('CHROME_DESKTOP', 'code.desktop'), ('TERMINFO', '/home/martina/.terminfo'), ('LESS', '-iRFXMx4'), ('CONDA_SHLVL', '1'), ('DESKTOP_SESSION', 'ubuntu'), ('TERM_PROGRAM_VERSION', '1.97.2'), ('GIO_LAUNCHED_DESKTOP_FILE', '/usr/share/applications/code.desktop'), ('LSCOLORS', 'ExGxDxDxCxDxDxFxFxexEx'), ('GTK_MODULES', 'gail:atk-bridge'), ('GNOME_SHELL_SESSION_MODE', 'ubuntu'), ('VSCODE_GIT_ASKPASS_MAIN', '/usr/share/code/resources/app/extensions/git/dist/askpass-main.js'), ('PAGER', 'less'), ('ROS_PYTHON_VERSION', '3'), ('LC_MONETARY', 'it_IT.UTF-8'), ('MANAGERPID', '887'), ('VSCODE_GIT_ASKPASS_NODE', '/usr/share/code/code'), ('SYSTEMD_EXEC_PID', '1152'), ('DBUS_SESSION_BUS_ADDRESS', 'unix:path=/run/user/1000/bus'), ('P9K_TTY', 'old'), ('GIO_LAUNCHED_DESKTOP_FILE_PID', '3260'), ('COLORTERM', 'truecolor'), ('_CE_M', ''), ('WAYLAND_DISPLAY', 'wayland-0'), ('INFOPATH', ''), ('ROS_DISTRO', 'humble'), ('COLCON_PREFIX_PATH', '/home/martina/rp_project/robot-programming-project/install'), ('LOGNAME', 'martina'), ('_', '/usr/bin/colcon'), ('JOURNAL_STREAM', '8:11413'), ('_P9K_SSH_TTY', '/dev/pts/2'), ('XDG_SESSION_CLASS', 'user'), ('USER_ZDOTDIR', '/home/martina'), ('ROS_VERSION', '2'), ('USERNAME', 'martina'), ('TERM', 'xterm-256color'), ('GNOME_DESKTOP_SESSION_ID', 'this-is-deprecated'), ('_CE_CONDA', ''), ('ROS_LOCALHOST_ONLY', '0'), ('PATH', '/opt/ros/humble/bin:/home/martina/.local/bin:/home/martina/.local/bin:/usr/lib/ccache:.:/home/martina/.mujoco/mujoco210/bin:/usr/lib/nvidia:/home/martina/anaconda3/condabin:/home/martina/bin:/home/martina/.local/bin:/usr/local/sbin:/usr/local/bin:/usr/sbin:/usr/bin:/sbin:/bin:/usr/games:/usr/local/games:/snap/bin:/home/martina/.cache/zsh4humans/v5/fzf/bin:/home/martina/other/install/bin'), ('SESSION_MANAGER', 'local/Martina-ThinkPad-X1-Yoga:@/tmp/.ICE-unix/1105,unix/Martina-ThinkPad-X1-Yoga:/tmp/.ICE-unix/1105'), ('INVOCATION_ID', 'abb78b4b018940349bd4da4c8fed9753'), ('LC_ADDRESS', 'it_IT.UTF-8'), ('XDG_RUNTIME_DIR', '/run/user/1000'), ('XDG_MENU_PREFIX', 'gnome-'), ('GNOME_SETUP_DISPLAY', ':1'), ('GDK_BACKEND', 'x11'), ('DISPLAY', ':0'), ('LANG', 'en_US.UTF-8'), ('LC_TELEPHONE', 'it_IT.UTF-8'), ('XDG_CURRENT_DESKTOP', 'Unity'), ('VSCODE_INJECTION', '1'), ('LD_PRELOAD', ':/usr/lib/x86_64-linux-gnu/libGLEW.so'), ('XDG_SESSION_DESKTOP', 'ubuntu'), ('XMODIFIERS', '@im=ibus'), ('XAUTHORITY', '/run/user/1000/.mutter-Xwaylandauth.L52E22'), ('TERM_PROGRAM', 'vscode'), ('VSCODE_GIT_IPC_HANDLE', '/run/user/1000/vscode-git-f640f2b3f6.sock'), ('LS_COLORS', 'fi=00:mi=00:mh=00:ln=01;36:or=01;31:di=01;34:ow=04;01;34:st=34:tw=04;34:pi=01;33:so=01;33:do=01;33:bd=01;33:cd=01;33:su=01;35:sg=01;35:ca=01;35:ex=01;32:no=38;5;248'), ('TREE_COLORS', 'fi=00:mi=00:mh=00:ln=01;36:or=01;31:di=01;34:ow=01;34:st=34:tw=34:pi=01;33:so=01;33:do=01;33:bd=01;33:cd=01;33:su=01;35:sg=01;35:ca=01;35:ex=01;32'), ('SSH_AGENT_LAUNCHER', 'gnome-keyring'), ('SSH_AUTH_SOCK', '/run/user/1000/keyring/ssh'), ('ORIGINAL_XDG_CURRENT_DESKTOP', 'ubuntu:GNOME'), ('CONDA_PYTHON_EXE', '/home/martina/anaconda3/bin/python'), ('AMENT_PREFIX_PATH', '/home/martina/rp_project/robot-programming-project/install/simple_robot:/opt/ros/humble'), ('LC_NAME', 'it_IT.UTF-8'), ('SHELL', '/usr/local/bin/zsh'), ('DEST', '/home/martina/other/install'), ('QT_ACCESSIBILITY', '1'), ('GDMSESSION', 'ubuntu'), ('CONDA_DEFAULT_ENV', 'base'), ('LC_MEASUREMENT', 'it_IT.UTF-8'), ('LC_IDENTIFICATION', 'it_IT.UTF-8'), ('GJS_DEBUG_OUTPUT', 'stderr'), ('P9K_SSH', '0'), ('QT_IM_MODULE', 'ibus'), ('VSCODE_GIT_ASKPASS_EXTRA_ARGS', ''), ('VSCODE_NONCE', '052e925b-acb5-444f-b870-f20c06506941'), ('LC_ALL', 'en_US.UTF-8'), ('PWD', '/home/martina/rp_project/robot-programming-project/src/simple_robot/build/simple_robot'), ('GPG_TTY', '/dev/pts/2'), ('XDG_DATA_DIRS', '/usr/local/share/:/usr/share/:/var/lib/snapd/desktop'), ('ZDOTDIR', '/home/martina'), ('_P9K_TTY', '/dev/pts/2'), ('CONDA_EXE', '/home/martina/anaconda3/bin/conda'), ('LC_NUMERIC', 'it_IT.UTF-8'), ('PYTHONPATH', '/opt/ros/humble/lib/python3.10/site-packages:/opt/ros/humble/local/lib/python3.10/dist-packages:/home/martina/other/install/lib/python3.10/site-packages/'), ('LC_PAPER', 'it_IT.UTF-8'), ('CONDA_PREFIX', '/home/martina/anaconda3'), ('COLCON', '1'), ('MANPATH', '/usr/local/share/man:/home/martina/.cache/zsh4humans/v5/fzf/man:'), ('CMAKE_PREFIX_PATH', '/home/martina/rp_project/robot-programming-project/install/simple_robot:/opt/ros/humble')]), 'shell': False}
[0.099196] (-) TimerEvent: {}
[0.199606] (-) TimerEvent: {}
[0.203919] (simple_robot) StdoutLine: {'line': b'-- The C compiler identification is GNU 11.4.0\n'}
[0.299791] (-) TimerEvent: {}
[0.393079] (simple_robot) StdoutLine: {'line': b'-- The CXX compiler identification is GNU 11.4.0\n'}
[0.400178] (-) TimerEvent: {}
[0.425233] (simple_robot) StdoutLine: {'line': b'-- Detecting C compiler ABI info\n'}
[0.500295] (-) TimerEvent: {}
[0.574073] (simple_robot) StdoutLine: {'line': b'-- Detecting C compiler ABI info - done\n'}
[0.589549] (simple_robot) StdoutLine: {'line': b'-- Check for working C compiler: /usr/lib/ccache/cc - skipped\n'}
[0.589909] (simple_robot) StdoutLine: {'line': b'-- Detecting C compile features\n'}
[0.590744] (simple_robot) StdoutLine: {'line': b'-- Detecting C compile features - done\n'}
[0.598118] (simple_robot) StdoutLine: {'line': b'-- Detecting CXX compiler ABI info\n'}
[0.600642] (-) TimerEvent: {}
[0.701199] (-) TimerEvent: {}
[0.803054] (-) TimerEvent: {}
[0.822473] (simple_robot) StdoutLine: {'line': b'-- Detecting CXX compiler ABI info - done\n'}
[0.851572] (simple_robot) StdoutLine: {'line': b'-- Check for working CXX compiler: /usr/lib/ccache/c++ - skipped\n'}
[0.851911] (simple_robot) StdoutLine: {'line': b'-- Detecting CXX compile features\n'}
[0.852074] (simple_robot) StdoutLine: {'line': b'-- Detecting CXX compile features - done\n'}
[0.865234] (simple_robot) StdoutLine: {'line': b'-- Found OpenCV: /usr (found suitable version "4.5.4", minimum required is "4.5.4") \n'}
[0.869061] (simple_robot) StdoutLine: {'line': b'-- Found ament_cmake: 1.3.11 (/opt/ros/humble/share/ament_cmake/cmake)\n'}
[0.904240] (-) TimerEvent: {}
[1.005761] (-) TimerEvent: {}
[1.106116] (-) TimerEvent: {}
[1.182977] (simple_robot) StdoutLine: {'line': b'-- Found Python3: /usr/bin/python3 (found version "3.10.12") found components: Interpreter \n'}
[1.206755] (-) TimerEvent: {}
[1.307494] (-) TimerEvent: {}
[1.367961] (simple_robot) StdoutLine: {'line': b'-- Found rclcpp: 16.0.11 (/opt/ros/humble/share/rclcpp/cmake)\n'}
[1.407616] (-) TimerEvent: {}
[1.449800] (simple_robot) StdoutLine: {'line': b'-- Found rosidl_generator_c: 3.1.6 (/opt/ros/humble/share/rosidl_generator_c/cmake)\n'}
[1.457027] (simple_robot) StdoutLine: {'line': b'-- Found rosidl_adapter: 3.1.6 (/opt/ros/humble/share/rosidl_adapter/cmake)\n'}
[1.478583] (simple_robot) StdoutLine: {'line': b'-- Found rosidl_generator_cpp: 3.1.6 (/opt/ros/humble/share/rosidl_generator_cpp/cmake)\n'}
[1.503953] (simple_robot) StdoutLine: {'line': b'-- Using all available rosidl_typesupport_c: rosidl_typesupport_fastrtps_c;rosidl_typesupport_introspection_c\n'}
[1.507735] (-) TimerEvent: {}
[1.546424] (simple_robot) StdoutLine: {'line': b'-- Using all available rosidl_typesupport_cpp: rosidl_typesupport_fastrtps_cpp;rosidl_typesupport_introspection_cpp\n'}
[1.607908] (-) TimerEvent: {}
[1.626715] (simple_robot) StdoutLine: {'line': b'-- Found rmw_implementation_cmake: 6.1.2 (/opt/ros/humble/share/rmw_implementation_cmake/cmake)\n'}
[1.631823] (simple_robot) StdoutLine: {'line': b'-- Found rmw_fastrtps_cpp: 6.2.7 (/opt/ros/humble/share/rmw_fastrtps_cpp/cmake)\n'}
[1.708026] (-) TimerEvent: {}
[1.808403] (-) TimerEvent: {}
[1.839408] (simple_robot) StdoutLine: {'line': b'-- Found OpenSSL: /usr/lib/x86_64-linux-gnu/libcrypto.so (found version "3.0.2")  \n'}
[1.891172] (simple_robot) StdoutLine: {'line': b'-- Found FastRTPS: /opt/ros/humble/include  \n'}
[1.908480] (-) TimerEvent: {}
[1.971773] (simple_robot) StdoutLine: {'line': b"-- Using RMW implementation 'rmw_fastrtps_cpp' as default\n"}
[1.992447] (simple_robot) StdoutLine: {'line': b'-- Looking for pthread.h\n'}
[2.008605] (-) TimerEvent: {}
[2.108971] (-) TimerEvent: {}
[2.135811] (simple_robot) StdoutLine: {'line': b'-- Looking for pthread.h - found\n'}
[2.136245] (simple_robot) StdoutLine: {'line': b'-- Performing Test CMAKE_HAVE_LIBC_PTHREAD\n'}
[2.209125] (-) TimerEvent: {}
[2.314827] (-) TimerEvent: {}
[2.410165] (simple_robot) StdoutLine: {'line': b'-- Performing Test CMAKE_HAVE_LIBC_PTHREAD - Success\n'}
[2.414110] (simple_robot) StdoutLine: {'line': b'-- Found Threads: TRUE  \n'}
[2.414919] (-) TimerEvent: {}
[2.515463] (-) TimerEvent: {}
[2.617661] (-) TimerEvent: {}
[2.673738] (simple_robot) StdoutLine: {'line': b'-- Found geometry_msgs: 4.2.4 (/opt/ros/humble/share/geometry_msgs/cmake)\n'}
[2.714364] (simple_robot) StdoutLine: {'line': b'-- Found sensor_msgs: 4.2.4 (/opt/ros/humble/share/sensor_msgs/cmake)\n'}
[2.717758] (-) TimerEvent: {}
[2.754352] (simple_robot) StdoutLine: {'line': b'-- Found nav_msgs: 4.2.4 (/opt/ros/humble/share/nav_msgs/cmake)\n'}
[2.811212] (simple_robot) StdoutLine: {'line': b'-- Found OpenCV: /usr (found version "4.5.4") \n'}
[2.817889] (-) TimerEvent: {}
[2.918316] (-) TimerEvent: {}
[2.988040] (simple_robot) StdoutLine: {'line': b'-- DATA_DIR: /home/martina/rp_project/robot-programming-project/src/simple_robot/data\n'}
[2.988895] (simple_robot) StdoutLine: {'line': b'-- Configuring done\n'}
[3.020459] (-) TimerEvent: {}
[3.095114] (simple_robot) StdoutLine: {'line': b'-- Generating done\n'}
[3.120580] (-) TimerEvent: {}
[3.124315] (simple_robot) StdoutLine: {'line': b'-- Build files have been written to: /home/martina/rp_project/robot-programming-project/src/simple_robot/build/simple_robot\n'}
[3.163938] (simple_robot) CommandEnded: {'returncode': 0}
[3.166758] (simple_robot) JobProgress: {'identifier': 'simple_robot', 'progress': 'build'}
[3.167959] (simple_robot) Command: {'cmd': ['/usr/bin/cmake', '--build', '/home/martina/rp_project/robot-programming-project/src/simple_robot/build/simple_robot', '--', '-j4', '-l4'], 'cwd': '/home/martina/rp_project/robot-programming-project/src/simple_robot/build/simple_robot', 'env': OrderedDict([('GJS_DEBUG_TOPICS', 'JS ERROR;JS LOG'), ('LESSOPEN', '| /usr/bin/env /usr/bin/lesspipe %s 2>/dev/null'), ('CONDA_PROMPT_MODIFIER', '(base)'), ('LC_TIME', 'it_IT.UTF-8'), ('USER', 'martina'), ('XDG_SESSION_TYPE', 'wayland'), ('GIT_ASKPASS', '/usr/share/code/resources/app/extensions/git/dist/askpass.sh'), ('SHLVL', '2'), ('LD_LIBRARY_PATH', '/opt/ros/humble/opt/rviz_ogre_vendor/lib:/opt/ros/humble/lib/x86_64-linux-gnu:/opt/ros/humble/lib::/home/martina/.mujoco/mujoco210/bin:/usr/lib/nvidia:~/anaconda3/lib'), ('HOME', '/home/martina'), ('OLDPWD', '/home/martina/rp_project/robot-programming-project/src/simple_robot'), ('CHROME_DESKTOP', 'code.desktop'), ('TERMINFO', '/home/martina/.terminfo'), ('LESS', '-iRFXMx4'), ('CONDA_SHLVL', '1'), ('DESKTOP_SESSION', 'ubuntu'), ('TERM_PROGRAM_VERSION', '1.97.2'), ('GIO_LAUNCHED_DESKTOP_FILE', '/usr/share/applications/code.desktop'), ('LSCOLORS', 'ExGxDxDxCxDxDxFxFxexEx'), ('GTK_MODULES', 'gail:atk-bridge'), ('GNOME_SHELL_SESSION_MODE', 'ubuntu'), ('VSCODE_GIT_ASKPASS_MAIN', '/usr/share/code/resources/app/extensions/git/dist/askpass-main.js'), ('PAGER', 'less'), ('ROS_PYTHON_VERSION', '3'), ('LC_MONETARY', 'it_IT.UTF-8'), ('MANAGERPID', '887'), ('VSCODE_GIT_ASKPASS_NODE', '/usr/share/code/code'), ('SYSTEMD_EXEC_PID', '1152'), ('DBUS_SESSION_BUS_ADDRESS', 'unix:path=/run/user/1000/bus'), ('P9K_TTY', 'old'), ('GIO_LAUNCHED_DESKTOP_FILE_PID', '3260'), ('COLORTERM', 'truecolor'), ('_CE_M', ''), ('WAYLAND_DISPLAY', 'wayland-0'), ('INFOPATH', ''), ('ROS_DISTRO', 'humble'), ('COLCON_PREFIX_PATH', '/home/martina/rp_project/robot-programming-project/install'), ('LOGNAME', 'martina'), ('_', '/usr/bin/colcon'), ('JOURNAL_STREAM', '8:11413'), ('_P9K_SSH_TTY', '/dev/pts/2'), ('XDG_SESSION_CLASS', 'user'), ('USER_ZDOTDIR', '/home/martina'), ('ROS_VERSION', '2'), ('USERNAME', 'martina'), ('TERM', 'xterm-256color'), ('GNOME_DESKTOP_SESSION_ID', 'this-is-deprecated'), ('_CE_CONDA', ''), ('ROS_LOCALHOST_ONLY', '0'), ('PATH', '/opt/ros/humble/bin:/home/martina/.local/bin:/home/martina/.local/bin:/usr/lib/ccache:.:/home/martina/.mujoco/mujoco210/bin:/usr/lib/nvidia:/home/martina/anaconda3/condabin:/home/martina/bin:/home/martina/.local/bin:/usr/local/sbin:/usr/local/bin:/usr/sbin:/usr/bin:/sbin:/bin:/usr/games:/usr/local/games:/snap/bin:/home/martina/.cache/zsh4humans/v5/fzf/bin:/home/martina/other/install/bin'), ('SESSION_MANAGER', 'local/Martina-ThinkPad-X1-Yoga:@/tmp/.ICE-unix/1105,unix/Martina-ThinkPad-X1-Yoga:/tmp/.ICE-unix/1105'), ('INVOCATION_ID', 'abb78b4b018940349bd4da4c8fed9753'), ('LC_ADDRESS', 'it_IT.UTF-8'), ('XDG_RUNTIME_DIR', '/run/user/1000'), ('XDG_MENU_PREFIX', 'gnome-'), ('GNOME_SETUP_DISPLAY', ':1'), ('GDK_BACKEND', 'x11'), ('DISPLAY', ':0'), ('LANG', 'en_US.UTF-8'), ('LC_TELEPHONE', 'it_IT.UTF-8'), ('XDG_CURRENT_DESKTOP', 'Unity'), ('VSCODE_INJECTION', '1'), ('LD_PRELOAD', ':/usr/lib/x86_64-linux-gnu/libGLEW.so'), ('XDG_SESSION_DESKTOP', 'ubuntu'), ('XMODIFIERS', '@im=ibus'), ('XAUTHORITY', '/run/user/1000/.mutter-Xwaylandauth.L52E22'), ('TERM_PROGRAM', 'vscode'), ('VSCODE_GIT_IPC_HANDLE', '/run/user/1000/vscode-git-f640f2b3f6.sock'), ('LS_COLORS', 'fi=00:mi=00:mh=00:ln=01;36:or=01;31:di=01;34:ow=04;01;34:st=34:tw=04;34:pi=01;33:so=01;33:do=01;33:bd=01;33:cd=01;33:su=01;35:sg=01;35:ca=01;35:ex=01;32:no=38;5;248'), ('TREE_COLORS', 'fi=00:mi=00:mh=00:ln=01;36:or=01;31:di=01;34:ow=01;34:st=34:tw=34:pi=01;33:so=01;33:do=01;33:bd=01;33:cd=01;33:su=01;35:sg=01;35:ca=01;35:ex=01;32'), ('SSH_AGENT_LAUNCHER', 'gnome-keyring'), ('SSH_AUTH_SOCK', '/run/user/1000/keyring/ssh'), ('ORIGINAL_XDG_CURRENT_DESKTOP', 'ubuntu:GNOME'), ('CONDA_PYTHON_EXE', '/home/martina/anaconda3/bin/python'), ('AMENT_PREFIX_PATH', '/home/martina/rp_project/robot-programming-project/install/simple_robot:/opt/ros/humble'), ('LC_NAME', 'it_IT.UTF-8'), ('SHELL', '/usr/local/bin/zsh'), ('DEST', '/home/martina/other/install'), ('QT_ACCESSIBILITY', '1'), ('GDMSESSION', 'ubuntu'), ('CONDA_DEFAULT_ENV', 'base'), ('LC_MEASUREMENT', 'it_IT.UTF-8'), ('LC_IDENTIFICATION', 'it_IT.UTF-8'), ('GJS_DEBUG_OUTPUT', 'stderr'), ('P9K_SSH', '0'), ('QT_IM_MODULE', 'ibus'), ('VSCODE_GIT_ASKPASS_EXTRA_ARGS', ''), ('VSCODE_NONCE', '052e925b-acb5-444f-b870-f20c06506941'), ('LC_ALL', 'en_US.UTF-8'), ('PWD', '/home/martina/rp_project/robot-programming-project/src/simple_robot/build/simple_robot'), ('GPG_TTY', '/dev/pts/2'), ('XDG_DATA_DIRS', '/usr/local/share/:/usr/share/:/var/lib/snapd/desktop'), ('ZDOTDIR', '/home/martina'), ('_P9K_TTY', '/dev/pts/2'), ('CONDA_EXE', '/home/martina/anaconda3/bin/conda'), ('LC_NUMERIC', 'it_IT.UTF-8'), ('PYTHONPATH', '/opt/ros/humble/lib/python3.10/site-packages:/opt/ros/humble/local/lib/python3.10/dist-packages:/home/martina/other/install/lib/python3.10/site-packages/'), ('LC_PAPER', 'it_IT.UTF-8'), ('CONDA_PREFIX', '/home/martina/anaconda3'), ('COLCON', '1'), ('MANPATH', '/usr/local/share/man:/home/martina/.cache/zsh4humans/v5/fzf/man:'), ('CMAKE_PREFIX_PATH', '/home/martina/rp_project/robot-programming-project/install/simple_robot:/opt/ros/humble')]), 'shell': False}
[3.223461] (-) TimerEvent: {}
[3.318917] (simple_robot) StdoutLine: {'line': b'\x1b[35m\x1b[1mConsolidate compiler generated dependencies of target robot_map_node\x1b[0m\n'}
[3.323586] (-) TimerEvent: {}
[3.327787] (simple_robot) StdoutLine: {'line': b'\x1b[35m\x1b[1mConsolidate compiler generated dependencies of target grid_map\x1b[0m\n'}
[3.397444] (simple_robot) StdoutLine: {'line': b'[  8%] \x1b[32mBuilding CXX object src/CMakeFiles/grid_map.dir/main.cpp.o\x1b[0m\n'}
[3.404446] (simple_robot) StdoutLine: {'line': b'[ 16%] \x1b[32mBuilding CXX object CMakeFiles/robot_map_node.dir/src/main.cpp.o\x1b[0m\n'}
[3.423704] (-) TimerEvent: {}
[3.526946] (-) TimerEvent: {}
[3.629797] (-) TimerEvent: {}
[3.731106] (-) TimerEvent: {}
[3.834453] (-) TimerEvent: {}
[3.934852] (-) TimerEvent: {}
[4.035289] (-) TimerEvent: {}
[4.135963] (-) TimerEvent: {}
[4.237503] (-) TimerEvent: {}
[4.339001] (-) TimerEvent: {}
[4.442565] (-) TimerEvent: {}
[4.545464] (-) TimerEvent: {}
[4.645876] (-) TimerEvent: {}
[4.746758] (-) TimerEvent: {}
[4.848451] (-) TimerEvent: {}
[4.948819] (-) TimerEvent: {}
[5.049241] (-) TimerEvent: {}
[5.149635] (-) TimerEvent: {}
[5.251992] (-) TimerEvent: {}
[5.352453] (-) TimerEvent: {}
[5.452856] (-) TimerEvent: {}
[5.553230] (-) TimerEvent: {}
[5.654594] (-) TimerEvent: {}
[5.755007] (-) TimerEvent: {}
[5.858390] (-) TimerEvent: {}
[5.960306] (-) TimerEvent: {}
[6.062475] (-) TimerEvent: {}
[6.163565] (-) TimerEvent: {}
[6.264810] (-) TimerEvent: {}
[6.365422] (-) TimerEvent: {}
[6.465806] (-) TimerEvent: {}
[6.566236] (-) TimerEvent: {}
[6.666677] (-) TimerEvent: {}
[6.767080] (-) TimerEvent: {}
[6.867467] (-) TimerEvent: {}
[6.967895] (-) TimerEvent: {}
[7.068341] (-) TimerEvent: {}
[7.168867] (-) TimerEvent: {}
[7.269215] (-) TimerEvent: {}
[7.369638] (-) TimerEvent: {}
[7.470026] (-) TimerEvent: {}
[7.570424] (-) TimerEvent: {}
[7.671089] (-) TimerEvent: {}
[7.771604] (-) TimerEvent: {}
[7.872065] (-) TimerEvent: {}
[7.972738] (-) TimerEvent: {}
[8.073108] (-) TimerEvent: {}
[8.173457] (-) TimerEvent: {}
[8.273858] (-) TimerEvent: {}
[8.374464] (-) TimerEvent: {}
[8.474851] (-) TimerEvent: {}
[8.575305] (-) TimerEvent: {}
[8.675724] (-) TimerEvent: {}
[8.776129] (-) TimerEvent: {}
[8.876548] (-) TimerEvent: {}
[8.977001] (-) TimerEvent: {}
[9.077410] (-) TimerEvent: {}
[9.177854] (-) TimerEvent: {}
[9.278329] (-) TimerEvent: {}
[9.378789] (-) TimerEvent: {}
[9.479398] (-) TimerEvent: {}
[9.579771] (-) TimerEvent: {}
[9.680246] (-) TimerEvent: {}
[9.781452] (-) TimerEvent: {}
[9.881854] (-) TimerEvent: {}
[9.982221] (-) TimerEvent: {}
[10.082604] (-) TimerEvent: {}
[10.183040] (-) TimerEvent: {}
[10.283433] (-) TimerEvent: {}
[10.383818] (-) TimerEvent: {}
[10.484224] (-) TimerEvent: {}
[10.584617] (-) TimerEvent: {}
[10.684999] (-) TimerEvent: {}
[10.785395] (-) TimerEvent: {}
[10.885998] (-) TimerEvent: {}
[10.986400] (-) TimerEvent: {}
[11.086777] (-) TimerEvent: {}
[11.187174] (-) TimerEvent: {}
[11.287568] (-) TimerEvent: {}
[11.387948] (-) TimerEvent: {}
[11.488331] (-) TimerEvent: {}
[11.588739] (-) TimerEvent: {}
[11.689127] (-) TimerEvent: {}
[11.789467] (-) TimerEvent: {}
[11.889863] (-) TimerEvent: {}
[11.990254] (-) TimerEvent: {}
[12.090710] (-) TimerEvent: {}
[12.191331] (-) TimerEvent: {}
[12.291737] (-) TimerEvent: {}
[12.392345] (-) TimerEvent: {}
[12.492725] (-) TimerEvent: {}
[12.593108] (-) TimerEvent: {}
[12.693498] (-) TimerEvent: {}
[12.793899] (-) TimerEvent: {}
[12.894333] (-) TimerEvent: {}
[12.994789] (-) TimerEvent: {}
[13.095222] (-) TimerEvent: {}
[13.195697] (-) TimerEvent: {}
[13.296135] (-) TimerEvent: {}
[13.396673] (-) TimerEvent: {}
[13.497076] (-) TimerEvent: {}
[13.597527] (-) TimerEvent: {}
[13.697906] (-) TimerEvent: {}
[13.798350] (-) TimerEvent: {}
[13.898764] (-) TimerEvent: {}
[13.999144] (-) TimerEvent: {}
[14.099533] (-) TimerEvent: {}
[14.199915] (-) TimerEvent: {}
[14.300312] (-) TimerEvent: {}
[14.400725] (-) TimerEvent: {}
[14.501116] (-) TimerEvent: {}
[14.601463] (-) TimerEvent: {}
[14.701860] (-) TimerEvent: {}
[14.802527] (-) TimerEvent: {}
[14.902910] (-) TimerEvent: {}
[15.003297] (-) TimerEvent: {}
[15.103686] (-) TimerEvent: {}
[15.204070] (-) TimerEvent: {}
[15.304463] (-) TimerEvent: {}
[15.404852] (-) TimerEvent: {}
[15.505297] (-) TimerEvent: {}
[15.605722] (-) TimerEvent: {}
[15.706133] (-) TimerEvent: {}
[15.806552] (-) TimerEvent: {}
[15.907123] (-) TimerEvent: {}
[16.007539] (-) TimerEvent: {}
[16.108318] (-) TimerEvent: {}
[16.209056] (-) TimerEvent: {}
[16.309459] (-) TimerEvent: {}
[16.409832] (-) TimerEvent: {}
[16.510216] (-) TimerEvent: {}
[16.610619] (-) TimerEvent: {}
[16.711017] (-) TimerEvent: {}
[16.811420] (-) TimerEvent: {}
[16.911809] (-) TimerEvent: {}
[17.012463] (-) TimerEvent: {}
[17.113260] (-) TimerEvent: {}
[17.213981] (-) TimerEvent: {}
[17.314402] (-) TimerEvent: {}
[17.414769] (-) TimerEvent: {}
[17.515144] (-) TimerEvent: {}
[17.615526] (-) TimerEvent: {}
[17.715929] (-) TimerEvent: {}
[17.816353] (-) TimerEvent: {}
[17.916769] (-) TimerEvent: {}
[18.019455] (-) TimerEvent: {}
[18.119858] (-) TimerEvent: {}
[18.221455] (-) TimerEvent: {}
[18.324107] (-) TimerEvent: {}
[18.424749] (-) TimerEvent: {}
[18.525121] (-) TimerEvent: {}
[18.625742] (-) TimerEvent: {}
[18.726204] (-) TimerEvent: {}
[18.826878] (-) TimerEvent: {}
[18.931513] (-) TimerEvent: {}
[19.031911] (-) TimerEvent: {}
[19.132626] (-) TimerEvent: {}
[19.234128] (-) TimerEvent: {}
[19.334669] (-) TimerEvent: {}
[19.435351] (-) TimerEvent: {}
[19.536092] (-) TimerEvent: {}
[19.637456] (-) TimerEvent: {}
[19.737906] (-) TimerEvent: {}
[19.838310] (-) TimerEvent: {}
[19.938713] (-) TimerEvent: {}
[20.039102] (-) TimerEvent: {}
[20.139461] (-) TimerEvent: {}
[20.239827] (-) TimerEvent: {}
[20.340318] (-) TimerEvent: {}
[20.441210] (-) TimerEvent: {}
[20.541820] (-) TimerEvent: {}
[20.642195] (-) TimerEvent: {}
[20.742655] (-) TimerEvent: {}
[20.843536] (-) TimerEvent: {}
[20.944535] (-) TimerEvent: {}
[21.044985] (-) TimerEvent: {}
[21.145544] (-) TimerEvent: {}
[21.245971] (-) TimerEvent: {}
[21.346678] (-) TimerEvent: {}
[21.447097] (-) TimerEvent: {}
[21.547605] (-) TimerEvent: {}
[21.648050] (-) TimerEvent: {}
[21.748558] (-) TimerEvent: {}
[21.848971] (-) TimerEvent: {}
[21.949394] (-) TimerEvent: {}
[22.049764] (-) TimerEvent: {}
[22.150111] (-) TimerEvent: {}
[22.250459] (-) TimerEvent: {}
[22.350802] (-) TimerEvent: {}
[22.451244] (-) TimerEvent: {}
[22.552058] (-) TimerEvent: {}
[22.652427] (-) TimerEvent: {}
[22.752836] (-) TimerEvent: {}
[22.853193] (-) TimerEvent: {}
[22.953546] (-) TimerEvent: {}
[23.053889] (-) TimerEvent: {}
[23.154225] (-) TimerEvent: {}
[23.254609] (-) TimerEvent: {}
[23.354953] (-) TimerEvent: {}
[23.455316] (-) TimerEvent: {}
[23.555734] (-) TimerEvent: {}
[23.656069] (-) TimerEvent: {}
[23.756446] (-) TimerEvent: {}
[23.856804] (-) TimerEvent: {}
[23.957169] (-) TimerEvent: {}
[24.057566] (-) TimerEvent: {}
[24.158044] (-) TimerEvent: {}
[24.258450] (-) TimerEvent: {}
[24.358837] (-) TimerEvent: {}
[24.459230] (-) TimerEvent: {}
[24.559653] (-) TimerEvent: {}
[24.660448] (-) TimerEvent: {}
[24.761394] (-) TimerEvent: {}
[24.861969] (-) TimerEvent: {}
[24.962384] (-) TimerEvent: {}
[25.062782] (-) TimerEvent: {}
[25.163132] (-) TimerEvent: {}
[25.263450] (-) TimerEvent: {}
[25.363789] (-) TimerEvent: {}
[25.464128] (-) TimerEvent: {}
[25.564453] (-) TimerEvent: {}
[25.664785] (-) TimerEvent: {}
[25.765363] (-) TimerEvent: {}
[25.866235] (-) TimerEvent: {}
[25.966634] (-) TimerEvent: {}
[26.066980] (-) TimerEvent: {}
[26.167322] (-) TimerEvent: {}
[26.267675] (-) TimerEvent: {}
[26.368020] (-) TimerEvent: {}
[26.468360] (-) TimerEvent: {}
[26.568928] (-) TimerEvent: {}
[26.669270] (-) TimerEvent: {}
[26.769876] (-) TimerEvent: {}
[26.870228] (-) TimerEvent: {}
[26.970616] (-) TimerEvent: {}
[27.070979] (-) TimerEvent: {}
[27.171333] (-) TimerEvent: {}
[27.271710] (-) TimerEvent: {}
[27.372306] (-) TimerEvent: {}
[27.472711] (-) TimerEvent: {}
[27.573099] (-) TimerEvent: {}
[27.673445] (-) TimerEvent: {}
[27.773814] (-) TimerEvent: {}
[27.874241] (-) TimerEvent: {}
[27.974670] (-) TimerEvent: {}
[28.075344] (-) TimerEvent: {}
[28.176248] (-) TimerEvent: {}
[28.276678] (-) TimerEvent: {}
[28.377078] (-) TimerEvent: {}
[28.478120] (-) TimerEvent: {}
[28.578862] (-) TimerEvent: {}
[28.679693] (-) TimerEvent: {}
[28.780261] (-) TimerEvent: {}
[28.880831] (-) TimerEvent: {}
[28.981306] (-) TimerEvent: {}
[29.081736] (-) TimerEvent: {}
[29.182078] (-) TimerEvent: {}
[29.282449] (-) TimerEvent: {}
[29.382879] (-) TimerEvent: {}
[29.483233] (-) TimerEvent: {}
[29.583574] (-) TimerEvent: {}
[29.683907] (-) TimerEvent: {}
[29.784233] (-) TimerEvent: {}
[29.885139] (-) TimerEvent: {}
[29.985738] (-) TimerEvent: {}
[30.086441] (-) TimerEvent: {}
[30.190448] (-) TimerEvent: {}
[30.290804] (-) TimerEvent: {}
[30.392557] (-) TimerEvent: {}
[30.492930] (-) TimerEvent: {}
[30.593597] (-) TimerEvent: {}
[30.693958] (-) TimerEvent: {}
[30.794482] (-) TimerEvent: {}
[30.894958] (-) TimerEvent: {}
[30.996455] (-) TimerEvent: {}
[31.097338] (-) TimerEvent: {}
[31.197747] (-) TimerEvent: {}
[31.201150] (simple_robot) StdoutLine: {'line': b'[ 25%] \x1b[32m\x1b[1mLinking CXX shared library libgrid_map.so\x1b[0m\n'}
[31.297874] (-) TimerEvent: {}
[31.398610] (-) TimerEvent: {}
[31.500541] (-) TimerEvent: {}
[31.601036] (-) TimerEvent: {}
[31.703829] (-) TimerEvent: {}
[31.761795] (simple_robot) StdoutLine: {'line': b'[ 33%] \x1b[32m\x1b[1mLinking CXX executable robot_map_node\x1b[0m\n'}
[31.804117] (-) TimerEvent: {}
[31.907481] (-) TimerEvent: {}
[32.009579] (-) TimerEvent: {}
[32.113724] (-) TimerEvent: {}
[32.216530] (-) TimerEvent: {}
[32.317136] (-) TimerEvent: {}
[32.417981] (-) TimerEvent: {}
[32.519843] (-) TimerEvent: {}
[32.624008] (-) TimerEvent: {}
[32.725783] (-) TimerEvent: {}
[32.826715] (-) TimerEvent: {}
[32.927524] (-) TimerEvent: {}
[33.029153] (-) TimerEvent: {}
[33.130331] (-) TimerEvent: {}
[33.230973] (-) TimerEvent: {}
[33.334311] (-) TimerEvent: {}
[33.434785] (-) TimerEvent: {}
[33.536848] (-) TimerEvent: {}
[33.638898] (-) TimerEvent: {}
[33.739305] (-) TimerEvent: {}
[33.822877] (simple_robot) StdoutLine: {'line': b'[ 66%] Built target grid_map\n'}
[33.839501] (-) TimerEvent: {}
[33.939872] (-) TimerEvent: {}
[34.040326] (-) TimerEvent: {}
[34.140779] (-) TimerEvent: {}
[34.241589] (-) TimerEvent: {}
[34.342180] (-) TimerEvent: {}
[34.443082] (-) TimerEvent: {}
[34.543626] (-) TimerEvent: {}
[34.644068] (-) TimerEvent: {}
[34.744446] (-) TimerEvent: {}
[34.844811] (-) TimerEvent: {}
[34.881040] (simple_robot) StdoutLine: {'line': b'[100%] Built target robot_map_node\n'}
[34.908173] (simple_robot) CommandEnded: {'returncode': 0}
[34.909089] (simple_robot) JobProgress: {'identifier': 'simple_robot', 'progress': 'install'}
[34.929923] (simple_robot) Command: {'cmd': ['/usr/bin/cmake', '--install', '/home/martina/rp_project/robot-programming-project/src/simple_robot/build/simple_robot'], 'cwd': '/home/martina/rp_project/robot-programming-project/src/simple_robot/build/simple_robot', 'env': OrderedDict([('GJS_DEBUG_TOPICS', 'JS ERROR;JS LOG'), ('LESSOPEN', '| /usr/bin/env /usr/bin/lesspipe %s 2>/dev/null'), ('CONDA_PROMPT_MODIFIER', '(base)'), ('LC_TIME', 'it_IT.UTF-8'), ('USER', 'martina'), ('XDG_SESSION_TYPE', 'wayland'), ('GIT_ASKPASS', '/usr/share/code/resources/app/extensions/git/dist/askpass.sh'), ('SHLVL', '2'), ('LD_LIBRARY_PATH', '/opt/ros/humble/opt/rviz_ogre_vendor/lib:/opt/ros/humble/lib/x86_64-linux-gnu:/opt/ros/humble/lib::/home/martina/.mujoco/mujoco210/bin:/usr/lib/nvidia:~/anaconda3/lib'), ('HOME', '/home/martina'), ('OLDPWD', '/home/martina/rp_project/robot-programming-project/src/simple_robot'), ('CHROME_DESKTOP', 'code.desktop'), ('TERMINFO', '/home/martina/.terminfo'), ('LESS', '-iRFXMx4'), ('CONDA_SHLVL', '1'), ('DESKTOP_SESSION', 'ubuntu'), ('TERM_PROGRAM_VERSION', '1.97.2'), ('GIO_LAUNCHED_DESKTOP_FILE', '/usr/share/applications/code.desktop'), ('LSCOLORS', 'ExGxDxDxCxDxDxFxFxexEx'), ('GTK_MODULES', 'gail:atk-bridge'), ('GNOME_SHELL_SESSION_MODE', 'ubuntu'), ('VSCODE_GIT_ASKPASS_MAIN', '/usr/share/code/resources/app/extensions/git/dist/askpass-main.js'), ('PAGER', 'less'), ('ROS_PYTHON_VERSION', '3'), ('LC_MONETARY', 'it_IT.UTF-8'), ('MANAGERPID', '887'), ('VSCODE_GIT_ASKPASS_NODE', '/usr/share/code/code'), ('SYSTEMD_EXEC_PID', '1152'), ('DBUS_SESSION_BUS_ADDRESS', 'unix:path=/run/user/1000/bus'), ('P9K_TTY', 'old'), ('GIO_LAUNCHED_DESKTOP_FILE_PID', '3260'), ('COLORTERM', 'truecolor'), ('_CE_M', ''), ('WAYLAND_DISPLAY', 'wayland-0'), ('INFOPATH', ''), ('ROS_DISTRO', 'humble'), ('COLCON_PREFIX_PATH', '/home/martina/rp_project/robot-programming-project/install'), ('LOGNAME', 'martina'), ('_', '/usr/bin/colcon'), ('JOURNAL_STREAM', '8:11413'), ('_P9K_SSH_TTY', '/dev/pts/2'), ('XDG_SESSION_CLASS', 'user'), ('USER_ZDOTDIR', '/home/martina'), ('ROS_VERSION', '2'), ('USERNAME', 'martina'), ('TERM', 'xterm-256color'), ('GNOME_DESKTOP_SESSION_ID', 'this-is-deprecated'), ('_CE_CONDA', ''), ('ROS_LOCALHOST_ONLY', '0'), ('PATH', '/opt/ros/humble/bin:/home/martina/.local/bin:/home/martina/.local/bin:/usr/lib/ccache:.:/home/martina/.mujoco/mujoco210/bin:/usr/lib/nvidia:/home/martina/anaconda3/condabin:/home/martina/bin:/home/martina/.local/bin:/usr/local/sbin:/usr/local/bin:/usr/sbin:/usr/bin:/sbin:/bin:/usr/games:/usr/local/games:/snap/bin:/home/martina/.cache/zsh4humans/v5/fzf/bin:/home/martina/other/install/bin'), ('SESSION_MANAGER', 'local/Martina-ThinkPad-X1-Yoga:@/tmp/.ICE-unix/1105,unix/Martina-ThinkPad-X1-Yoga:/tmp/.ICE-unix/1105'), ('INVOCATION_ID', 'abb78b4b018940349bd4da4c8fed9753'), ('LC_ADDRESS', 'it_IT.UTF-8'), ('XDG_RUNTIME_DIR', '/run/user/1000'), ('XDG_MENU_PREFIX', 'gnome-'), ('GNOME_SETUP_DISPLAY', ':1'), ('GDK_BACKEND', 'x11'), ('DISPLAY', ':0'), ('LANG', 'en_US.UTF-8'), ('LC_TELEPHONE', 'it_IT.UTF-8'), ('XDG_CURRENT_DESKTOP', 'Unity'), ('VSCODE_INJECTION', '1'), ('LD_PRELOAD', ':/usr/lib/x86_64-linux-gnu/libGLEW.so'), ('XDG_SESSION_DESKTOP', 'ubuntu'), ('XMODIFIERS', '@im=ibus'), ('XAUTHORITY', '/run/user/1000/.mutter-Xwaylandauth.L52E22'), ('TERM_PROGRAM', 'vscode'), ('VSCODE_GIT_IPC_HANDLE', '/run/user/1000/vscode-git-f640f2b3f6.sock'), ('LS_COLORS', 'fi=00:mi=00:mh=00:ln=01;36:or=01;31:di=01;34:ow=04;01;34:st=34:tw=04;34:pi=01;33:so=01;33:do=01;33:bd=01;33:cd=01;33:su=01;35:sg=01;35:ca=01;35:ex=01;32:no=38;5;248'), ('TREE_COLORS', 'fi=00:mi=00:mh=00:ln=01;36:or=01;31:di=01;34:ow=01;34:st=34:tw=34:pi=01;33:so=01;33:do=01;33:bd=01;33:cd=01;33:su=01;35:sg=01;35:ca=01;35:ex=01;32'), ('SSH_AGENT_LAUNCHER', 'gnome-keyring'), ('SSH_AUTH_SOCK', '/run/user/1000/keyring/ssh'), ('ORIGINAL_XDG_CURRENT_DESKTOP', 'ubuntu:GNOME'), ('CONDA_PYTHON_EXE', '/home/martina/anaconda3/bin/python'), ('AMENT_PREFIX_PATH', '/home/martina/rp_project/robot-programming-project/install/simple_robot:/opt/ros/humble'), ('LC_NAME', 'it_IT.UTF-8'), ('SHELL', '/usr/local/bin/zsh'), ('DEST', '/home/martina/other/install'), ('QT_ACCESSIBILITY', '1'), ('GDMSESSION', 'ubuntu'), ('CONDA_DEFAULT_ENV', 'base'), ('LC_MEASUREMENT', 'it_IT.UTF-8'), ('LC_IDENTIFICATION', 'it_IT.UTF-8'), ('GJS_DEBUG_OUTPUT', 'stderr'), ('P9K_SSH', '0'), ('QT_IM_MODULE', 'ibus'), ('VSCODE_GIT_ASKPASS_EXTRA_ARGS', ''), ('VSCODE_NONCE', '052e925b-acb5-444f-b870-f20c06506941'), ('LC_ALL', 'en_US.UTF-8'), ('PWD', '/home/martina/rp_project/robot-programming-project/src/simple_robot/build/simple_robot'), ('GPG_TTY', '/dev/pts/2'), ('XDG_DATA_DIRS', '/usr/local/share/:/usr/share/:/var/lib/snapd/desktop'), ('ZDOTDIR', '/home/martina'), ('_P9K_TTY', '/dev/pts/2'), ('CONDA_EXE', '/home/martina/anaconda3/bin/conda'), ('LC_NUMERIC', 'it_IT.UTF-8'), ('PYTHONPATH', '/opt/ros/humble/lib/python3.10/site-packages:/opt/ros/humble/local/lib/python3.10/dist-packages:/home/martina/other/install/lib/python3.10/site-packages/'), ('LC_PAPER', 'it_IT.UTF-8'), ('CONDA_PREFIX', '/home/martina/anaconda3'), ('COLCON', '1'), ('MANPATH', '/usr/local/share/man:/home/martina/.cache/zsh4humans/v5/fzf/man:'), ('CMAKE_PREFIX_PATH', '/home/martina/rp_project/robot-programming-project/install/simple_robot:/opt/ros/humble')]), 'shell': False}
[34.944916] (-) TimerEvent: {}
[34.946817] (simple_robot) StdoutLine: {'line': b'-- Install configuration: ""\n'}
[34.947494] (simple_robot) StdoutLine: {'line': b'-- Installing: /home/martina/rp_project/robot-programming-project/src/simple_robot/install/simple_robot/lib/simple_robot/robot_map_node\n'}
[34.962053] (simple_robot) StdoutLine: {'line': b'-- Set runtime path of "/home/martina/rp_project/robot-programming-project/src/simple_robot/install/simple_robot/lib/simple_robot/robot_map_node" to ""\n'}
[34.962580] (simple_robot) StdoutLine: {'line': b'-- Up-to-date: /home/martina/rp_project/robot-programming-project/src/simple_robot/install/simple_robot/share/ament_index/resource_index/package_run_dependencies/simple_robot\n'}
[34.962816] (simple_robot) StdoutLine: {'line': b'-- Up-to-date: /home/martina/rp_project/robot-programming-project/src/simple_robot/install/simple_robot/share/ament_index/resource_index/parent_prefix_path/simple_robot\n'}
[34.963112] (simple_robot) StdoutLine: {'line': b'-- Up-to-date: /home/martina/rp_project/robot-programming-project/src/simple_robot/install/simple_robot/share/simple_robot/environment/ament_prefix_path.sh\n'}
[34.963312] (simple_robot) StdoutLine: {'line': b'-- Installing: /home/martina/rp_project/robot-programming-project/src/simple_robot/install/simple_robot/share/simple_robot/environment/ament_prefix_path.dsv\n'}
[34.963532] (simple_robot) StdoutLine: {'line': b'-- Up-to-date: /home/martina/rp_project/robot-programming-project/src/simple_robot/install/simple_robot/share/simple_robot/environment/path.sh\n'}
[34.963739] (simple_robot) StdoutLine: {'line': b'-- Installing: /home/martina/rp_project/robot-programming-project/src/simple_robot/install/simple_robot/share/simple_robot/environment/path.dsv\n'}
[34.964057] (simple_robot) StdoutLine: {'line': b'-- Up-to-date: /home/martina/rp_project/robot-programming-project/src/simple_robot/install/simple_robot/share/simple_robot/local_setup.bash\n'}
[34.964242] (simple_robot) StdoutLine: {'line': b'-- Up-to-date: /home/martina/rp_project/robot-programming-project/src/simple_robot/install/simple_robot/share/simple_robot/local_setup.sh\n'}
[34.964447] (simple_robot) StdoutLine: {'line': b'-- Up-to-date: /home/martina/rp_project/robot-programming-project/src/simple_robot/install/simple_robot/share/simple_robot/local_setup.zsh\n'}
[34.964822] (simple_robot) StdoutLine: {'line': b'-- Installing: /home/martina/rp_project/robot-programming-project/src/simple_robot/install/simple_robot/share/simple_robot/local_setup.dsv\n'}
[34.965044] (simple_robot) StdoutLine: {'line': b'-- Installing: /home/martina/rp_project/robot-programming-project/src/simple_robot/install/simple_robot/share/simple_robot/package.dsv\n'}
[34.965226] (simple_robot) StdoutLine: {'line': b'-- Up-to-date: /home/martina/rp_project/robot-programming-project/src/simple_robot/install/simple_robot/share/ament_index/resource_index/packages/simple_robot\n'}
[34.965414] (simple_robot) StdoutLine: {'line': b'-- Up-to-date: /home/martina/rp_project/robot-programming-project/src/simple_robot/install/simple_robot/share/simple_robot/cmake/simple_robotConfig.cmake\n'}
[34.965588] (simple_robot) StdoutLine: {'line': b'-- Up-to-date: /home/martina/rp_project/robot-programming-project/src/simple_robot/install/simple_robot/share/simple_robot/cmake/simple_robotConfig-version.cmake\n'}
[34.965768] (simple_robot) StdoutLine: {'line': b'-- Up-to-date: /home/martina/rp_project/robot-programming-project/src/simple_robot/install/simple_robot/share/simple_robot/package.xml\n'}
[34.968872] (simple_robot) CommandEnded: {'returncode': 0}
[35.000260] (simple_robot) JobEnded: {'identifier': 'simple_robot', 'rc': 0}
[35.001988] (-) EventReactorShutdown: {}
