[0.000000] (-) TimerEvent: {}
[0.000654] (simple_robot) JobQueued: {'identifier': 'simple_robot', 'dependencies': OrderedDict()}
[0.000930] (simple_robot) JobStarted: {'identifier': 'simple_robot'}
[0.026060] (simple_robot) JobProgress: {'identifier': 'simple_robot', 'progress': 'cmake'}
[0.026481] (simple_robot) Command: {'cmd': ['/usr/bin/cmake', '/home/martina/rp_project/robot-programming-project/src/simple_robot', '-DCMAKE_INSTALL_PREFIX=/home/martina/rp_project/robot-programming-project/src/simple_robot/install/simple_robot'], 'cwd': '/home/martina/rp_project/robot-programming-project/src/simple_robot/build/simple_robot', 'env': OrderedDict([('GJS_DEBUG_TOPICS', 'JS ERROR;JS LOG'), ('LESSOPEN', '| /usr/bin/env /usr/bin/lesspipe %s 2>/dev/null'), ('CONDA_PROMPT_MODIFIER', '(base)'), ('LC_TIME', 'it_IT.UTF-8'), ('USER', 'martina'), ('XDG_SESSION_TYPE', 'wayland'), ('GIT_ASKPASS', '/usr/share/code/resources/app/extensions/git/dist/askpass.sh'), ('SHLVL', '2'), ('LD_LIBRARY_PATH', '/opt/ros/humble/opt/rviz_ogre_vendor/lib:/opt/ros/humble/lib/x86_64-linux-gnu:/opt/ros/humble/lib::/home/martina/.mujoco/mujoco210/bin:/usr/lib/nvidia:~/anaconda3/lib'), ('HOME', '/home/martina'), ('OLDPWD', '/home/martina/rp_project/robot-programming-project/src/simple_robot'), ('CHROME_DESKTOP', 'code.desktop'), ('TERMINFO', '/home/martina/.terminfo'), ('LESS', '-iRFXMx4'), ('CONDA_SHLVL', '1'), ('DESKTOP_SESSION', 'ubuntu'), ('TERM_PROGRAM_VERSION', '1.97.2'), ('GIO_LAUNCHED_DESKTOP_FILE', '/usr/share/applications/code.desktop'), ('LSCOLORS', 'ExGxDxDxCxDxDxFxFxexEx'), ('GTK_MODULES', 'gail:atk-bridge'), ('GNOME_SHELL_SESSION_MODE', 'ubuntu'), ('VSCODE_GIT_ASKPASS_MAIN', '/usr/share/code/resources/app/extensions/git/dist/askpass-main.js'), ('PAGER', 'less'), ('ROS_PYTHON_VERSION', '3'), ('LC_MONETARY', 'it_IT.UTF-8'), ('MANAGERPID', '887'), ('VSCODE_GIT_ASKPASS_NODE', '/usr/share/code/code'), ('SYSTEMD_EXEC_PID', '1152'), ('DBUS_SESSION_BUS_ADDRESS', 'unix:path=/run/user/1000/bus'), ('P9K_TTY', 'old'), ('GIO_LAUNCHED_DESKTOP_FILE_PID', '3260'), ('COLORTERM', 'truecolor'), ('_CE_M', ''), ('WAYLAND_DISPLAY', 'wayland-0'), ('INFOPATH', ''), ('ROS_DISTRO', 'humble'), ('COLCON_PREFIX_PATH', '/home/martina/rp_project/robot-programming-project/install'), ('LOGNAME', 'martina'), ('_', '/usr/bin/colcon'), ('JOURNAL_STREAM', '8:11413'), ('_P9K_SSH_TTY', '/dev/pts/2'), ('XDG_SESSION_CLASS', 'user'), ('USER_ZDOTDIR', '/home/martina'), ('ROS_VERSION', '2'), ('USERNAME', 'martina'), ('TERM', 'xterm-256color'), ('GNOME_DESKTOP_SESSION_ID', 'this-is-deprecated'), ('_CE_CONDA', ''), ('ROS_LOCALHOST_ONLY', '0'), ('PATH', '/opt/ros/humble/bin:/home/martina/.local/bin:/home/martina/.local/bin:/usr/lib/ccache:.:/home/martina/.mujoco/mujoco210/bin:/usr/lib/nvidia:/home/martina/anaconda3/condabin:/home/martina/bin:/home/martina/.local/bin:/usr/local/sbin:/usr/local/bin:/usr/sbin:/usr/bin:/sbin:/bin:/usr/games:/usr/local/games:/snap/bin:/home/martina/.cache/zsh4humans/v5/fzf/bin:/home/martina/other/install/bin'), ('SESSION_MANAGER', 'local/Martina-ThinkPad-X1-Yoga:@/tmp/.ICE-unix/1105,unix/Martina-ThinkPad-X1-Yoga:/tmp/.ICE-unix/1105'), ('INVOCATION_ID', 'abb78b4b018940349bd4da4c8fed9753'), ('LC_ADDRESS', 'it_IT.UTF-8'), ('XDG_RUNTIME_DIR', '/run/user/1000'), ('XDG_MENU_PREFIX', 'gnome-'), ('GNOME_SETUP_DISPLAY', ':1'), ('GDK_BACKEND', 'x11'), ('DISPLAY', ':0'), ('LANG', 'en_US.UTF-8'), ('LC_TELEPHONE', 'it_IT.UTF-8'), ('XDG_CURRENT_DESKTOP', 'Unity'), ('VSCODE_INJECTION', '1'), ('LD_PRELOAD', ':/usr/lib/x86_64-linux-gnu/libGLEW.so'), ('XDG_SESSION_DESKTOP', 'ubuntu'), ('XMODIFIERS', '@im=ibus'), ('XAUTHORITY', '/run/user/1000/.mutter-Xwaylandauth.L52E22'), ('TERM_PROGRAM', 'vscode'), ('VSCODE_GIT_IPC_HANDLE', '/run/user/1000/vscode-git-f640f2b3f6.sock'), ('LS_COLORS', 'fi=00:mi=00:mh=00:ln=01;36:or=01;31:di=01;34:ow=04;01;34:st=34:tw=04;34:pi=01;33:so=01;33:do=01;33:bd=01;33:cd=01;33:su=01;35:sg=01;35:ca=01;35:ex=01;32:no=38;5;248'), ('TREE_COLORS', 'fi=00:mi=00:mh=00:ln=01;36:or=01;31:di=01;34:ow=01;34:st=34:tw=34:pi=01;33:so=01;33:do=01;33:bd=01;33:cd=01;33:su=01;35:sg=01;35:ca=01;35:ex=01;32'), ('SSH_AGENT_LAUNCHER', 'gnome-keyring'), ('SSH_AUTH_SOCK', '/run/user/1000/keyring/ssh'), ('ORIGINAL_XDG_CURRENT_DESKTOP', 'ubuntu:GNOME'), ('CONDA_PYTHON_EXE', '/home/martina/anaconda3/bin/python'), ('AMENT_PREFIX_PATH', '/home/martina/rp_project/robot-programming-project/install/simple_robot:/opt/ros/humble'), ('LC_NAME', 'it_IT.UTF-8'), ('SHELL', '/usr/local/bin/zsh'), ('DEST', '/home/martina/other/install'), ('QT_ACCESSIBILITY', '1'), ('GDMSESSION', 'ubuntu'), ('CONDA_DEFAULT_ENV', 'base'), ('LC_MEASUREMENT', 'it_IT.UTF-8'), ('LC_IDENTIFICATION', 'it_IT.UTF-8'), ('GJS_DEBUG_OUTPUT', 'stderr'), ('P9K_SSH', '0'), ('QT_IM_MODULE', 'ibus'), ('VSCODE_GIT_ASKPASS_EXTRA_ARGS', ''), ('VSCODE_NONCE', '052e925b-acb5-444f-b870-f20c06506941'), ('LC_ALL', 'en_US.UTF-8'), ('PWD', '/home/martina/rp_project/robot-programming-project/src/simple_robot/build/simple_robot'), ('GPG_TTY', '/dev/pts/2'), ('XDG_DATA_DIRS', '/usr/local/share/:/usr/share/:/var/lib/snapd/desktop'), ('ZDOTDIR', '/home/martina'), ('_P9K_TTY', '/dev/pts/2'), ('CONDA_EXE', '/home/martina/anaconda3/bin/conda'), ('LC_NUMERIC', 'it_IT.UTF-8'), ('PYTHONPATH', '/opt/ros/humble/lib/python3.10/site-packages:/opt/ros/humble/local/lib/python3.10/dist-packages:/home/martina/other/install/lib/python3.10/site-packages/'), ('LC_PAPER', 'it_IT.UTF-8'), ('CONDA_PREFIX', '/home/martina/anaconda3'), ('COLCON', '1'), ('MANPATH', '/usr/local/share/man:/home/martina/.cache/zsh4humans/v5/fzf/man:'), ('CMAKE_PREFIX_PATH', '/home/martina/rp_project/robot-programming-project/install/simple_robot:/opt/ros/humble')]), 'shell': False}
[0.100508] (-) TimerEvent: {}
[0.203058] (-) TimerEvent: {}
[0.296515] (simple_robot) StdoutLine: {'line': b'-- The C compiler identification is GNU 11.4.0\n'}
[0.305712] (-) TimerEvent: {}
[0.411431] (-) TimerEvent: {}
[0.511699] (simple_robot) StdoutLine: {'line': b'-- The CXX compiler identification is GNU 11.4.0\n'}
[0.512150] (-) TimerEvent: {}
[0.554662] (simple_robot) StdoutLine: {'line': b'-- Detecting C compiler ABI info\n'}
[0.618052] (-) TimerEvent: {}
[0.718474] (-) TimerEvent: {}
[0.800041] (simple_robot) StdoutLine: {'line': b'-- Detecting C compiler ABI info - done\n'}
[0.821268] (-) TimerEvent: {}
[0.822695] (simple_robot) StdoutLine: {'line': b'-- Check for working C compiler: /usr/lib/ccache/cc - skipped\n'}
[0.823535] (simple_robot) StdoutLine: {'line': b'-- Detecting C compile features\n'}
[0.826608] (simple_robot) StdoutLine: {'line': b'-- Detecting C compile features - done\n'}
[0.835366] (simple_robot) StdoutLine: {'line': b'-- Detecting CXX compiler ABI info\n'}
[0.925041] (-) TimerEvent: {}
[1.026943] (-) TimerEvent: {}
[1.097237] (simple_robot) StdoutLine: {'line': b'-- Detecting CXX compiler ABI info - done\n'}
[1.127512] (-) TimerEvent: {}
[1.128818] (simple_robot) StdoutLine: {'line': b'-- Check for working CXX compiler: /usr/lib/ccache/c++ - skipped\n'}
[1.131420] (simple_robot) StdoutLine: {'line': b'-- Detecting CXX compile features\n'}
[1.133752] (simple_robot) StdoutLine: {'line': b'-- Detecting CXX compile features - done\n'}
[1.184044] (simple_robot) StdoutLine: {'line': b'-- Found OpenCV: /usr (found suitable version "4.5.4", minimum required is "4.5.4") \n'}
[1.187575] (simple_robot) StdoutLine: {'line': b'-- Found ament_cmake: 1.3.11 (/opt/ros/humble/share/ament_cmake/cmake)\n'}
[1.227790] (-) TimerEvent: {}
[1.330363] (-) TimerEvent: {}
[1.431580] (-) TimerEvent: {}
[1.506773] (simple_robot) StdoutLine: {'line': b'-- Found Python3: /usr/bin/python3 (found version "3.10.12") found components: Interpreter \n'}
[1.533020] (-) TimerEvent: {}
[1.633398] (-) TimerEvent: {}
[1.728597] (simple_robot) StdoutLine: {'line': b'-- Found rclcpp: 16.0.11 (/opt/ros/humble/share/rclcpp/cmake)\n'}
[1.733523] (-) TimerEvent: {}
[1.821169] (simple_robot) StdoutLine: {'line': b'-- Found rosidl_generator_c: 3.1.6 (/opt/ros/humble/share/rosidl_generator_c/cmake)\n'}
[1.832971] (simple_robot) StdoutLine: {'line': b'-- Found rosidl_adapter: 3.1.6 (/opt/ros/humble/share/rosidl_adapter/cmake)\n'}
[1.833604] (-) TimerEvent: {}
[1.848009] (simple_robot) StdoutLine: {'line': b'-- Found rosidl_generator_cpp: 3.1.6 (/opt/ros/humble/share/rosidl_generator_cpp/cmake)\n'}
[1.876235] (simple_robot) StdoutLine: {'line': b'-- Using all available rosidl_typesupport_c: rosidl_typesupport_fastrtps_c;rosidl_typesupport_introspection_c\n'}
[1.912463] (simple_robot) StdoutLine: {'line': b'-- Using all available rosidl_typesupport_cpp: rosidl_typesupport_fastrtps_cpp;rosidl_typesupport_introspection_cpp\n'}
[1.933738] (-) TimerEvent: {}
[2.013743] (simple_robot) StdoutLine: {'line': b'-- Found rmw_implementation_cmake: 6.1.2 (/opt/ros/humble/share/rmw_implementation_cmake/cmake)\n'}
[2.018334] (simple_robot) StdoutLine: {'line': b'-- Found rmw_fastrtps_cpp: 6.2.7 (/opt/ros/humble/share/rmw_fastrtps_cpp/cmake)\n'}
[2.033871] (-) TimerEvent: {}
[2.134384] (-) TimerEvent: {}
[2.234883] (-) TimerEvent: {}
[2.309847] (simple_robot) StdoutLine: {'line': b'-- Found OpenSSL: /usr/lib/x86_64-linux-gnu/libcrypto.so (found version "3.0.2")  \n'}
[2.334999] (-) TimerEvent: {}
[2.367539] (simple_robot) StdoutLine: {'line': b'-- Found FastRTPS: /opt/ros/humble/include  \n'}
[2.435103] (-) TimerEvent: {}
[2.447154] (simple_robot) StdoutLine: {'line': b"-- Using RMW implementation 'rmw_fastrtps_cpp' as default\n"}
[2.460613] (simple_robot) StdoutLine: {'line': b'-- Looking for pthread.h\n'}
[2.535241] (-) TimerEvent: {}
[2.612392] (simple_robot) StdoutLine: {'line': b'-- Looking for pthread.h - found\n'}
[2.612941] (simple_robot) StdoutLine: {'line': b'-- Performing Test CMAKE_HAVE_LIBC_PTHREAD\n'}
[2.635357] (-) TimerEvent: {}
[2.735713] (-) TimerEvent: {}
[2.762283] (simple_robot) StdoutLine: {'line': b'-- Performing Test CMAKE_HAVE_LIBC_PTHREAD - Success\n'}
[2.764879] (simple_robot) StdoutLine: {'line': b'-- Found Threads: TRUE  \n'}
[2.835863] (-) TimerEvent: {}
[2.878983] (simple_robot) StdoutLine: {'line': b'-- Found geometry_msgs: 4.2.4 (/opt/ros/humble/share/geometry_msgs/cmake)\n'}
[2.906557] (simple_robot) StdoutLine: {'line': b'-- Found sensor_msgs: 4.2.4 (/opt/ros/humble/share/sensor_msgs/cmake)\n'}
[2.936005] (-) TimerEvent: {}
[2.942479] (simple_robot) StdoutLine: {'line': b'-- Found nav_msgs: 4.2.4 (/opt/ros/humble/share/nav_msgs/cmake)\n'}
[2.983190] (simple_robot) StdoutLine: {'line': b'-- Found OpenCV: /usr (found version "4.5.4") \n'}
[3.036098] (-) TimerEvent: {}
[3.136410] (-) TimerEvent: {}
[3.151720] (simple_robot) StdoutLine: {'line': b'-- DATA_DIR: /home/martina/rp_project/robot-programming-project/src/simple_robot/data\n'}
[3.152243] (simple_robot) StdoutLine: {'line': b'-- Configuring done\n'}
[3.238037] (-) TimerEvent: {}
[3.238776] (simple_robot) StdoutLine: {'line': b'-- Generating done\n'}
[3.260935] (simple_robot) StdoutLine: {'line': b'-- Build files have been written to: /home/martina/rp_project/robot-programming-project/src/simple_robot/build/simple_robot\n'}
[3.287717] (simple_robot) CommandEnded: {'returncode': 0}
[3.295487] (simple_robot) JobProgress: {'identifier': 'simple_robot', 'progress': 'build'}
[3.295609] (simple_robot) Command: {'cmd': ['/usr/bin/cmake', '--build', '/home/martina/rp_project/robot-programming-project/src/simple_robot/build/simple_robot', '--', '-j4', '-l4'], 'cwd': '/home/martina/rp_project/robot-programming-project/src/simple_robot/build/simple_robot', 'env': OrderedDict([('GJS_DEBUG_TOPICS', 'JS ERROR;JS LOG'), ('LESSOPEN', '| /usr/bin/env /usr/bin/lesspipe %s 2>/dev/null'), ('CONDA_PROMPT_MODIFIER', '(base)'), ('LC_TIME', 'it_IT.UTF-8'), ('USER', 'martina'), ('XDG_SESSION_TYPE', 'wayland'), ('GIT_ASKPASS', '/usr/share/code/resources/app/extensions/git/dist/askpass.sh'), ('SHLVL', '2'), ('LD_LIBRARY_PATH', '/opt/ros/humble/opt/rviz_ogre_vendor/lib:/opt/ros/humble/lib/x86_64-linux-gnu:/opt/ros/humble/lib::/home/martina/.mujoco/mujoco210/bin:/usr/lib/nvidia:~/anaconda3/lib'), ('HOME', '/home/martina'), ('OLDPWD', '/home/martina/rp_project/robot-programming-project/src/simple_robot'), ('CHROME_DESKTOP', 'code.desktop'), ('TERMINFO', '/home/martina/.terminfo'), ('LESS', '-iRFXMx4'), ('CONDA_SHLVL', '1'), ('DESKTOP_SESSION', 'ubuntu'), ('TERM_PROGRAM_VERSION', '1.97.2'), ('GIO_LAUNCHED_DESKTOP_FILE', '/usr/share/applications/code.desktop'), ('LSCOLORS', 'ExGxDxDxCxDxDxFxFxexEx'), ('GTK_MODULES', 'gail:atk-bridge'), ('GNOME_SHELL_SESSION_MODE', 'ubuntu'), ('VSCODE_GIT_ASKPASS_MAIN', '/usr/share/code/resources/app/extensions/git/dist/askpass-main.js'), ('PAGER', 'less'), ('ROS_PYTHON_VERSION', '3'), ('LC_MONETARY', 'it_IT.UTF-8'), ('MANAGERPID', '887'), ('VSCODE_GIT_ASKPASS_NODE', '/usr/share/code/code'), ('SYSTEMD_EXEC_PID', '1152'), ('DBUS_SESSION_BUS_ADDRESS', 'unix:path=/run/user/1000/bus'), ('P9K_TTY', 'old'), ('GIO_LAUNCHED_DESKTOP_FILE_PID', '3260'), ('COLORTERM', 'truecolor'), ('_CE_M', ''), ('WAYLAND_DISPLAY', 'wayland-0'), ('INFOPATH', ''), ('ROS_DISTRO', 'humble'), ('COLCON_PREFIX_PATH', '/home/martina/rp_project/robot-programming-project/install'), ('LOGNAME', 'martina'), ('_', '/usr/bin/colcon'), ('JOURNAL_STREAM', '8:11413'), ('_P9K_SSH_TTY', '/dev/pts/2'), ('XDG_SESSION_CLASS', 'user'), ('USER_ZDOTDIR', '/home/martina'), ('ROS_VERSION', '2'), ('USERNAME', 'martina'), ('TERM', 'xterm-256color'), ('GNOME_DESKTOP_SESSION_ID', 'this-is-deprecated'), ('_CE_CONDA', ''), ('ROS_LOCALHOST_ONLY', '0'), ('PATH', '/opt/ros/humble/bin:/home/martina/.local/bin:/home/martina/.local/bin:/usr/lib/ccache:.:/home/martina/.mujoco/mujoco210/bin:/usr/lib/nvidia:/home/martina/anaconda3/condabin:/home/martina/bin:/home/martina/.local/bin:/usr/local/sbin:/usr/local/bin:/usr/sbin:/usr/bin:/sbin:/bin:/usr/games:/usr/local/games:/snap/bin:/home/martina/.cache/zsh4humans/v5/fzf/bin:/home/martina/other/install/bin'), ('SESSION_MANAGER', 'local/Martina-ThinkPad-X1-Yoga:@/tmp/.ICE-unix/1105,unix/Martina-ThinkPad-X1-Yoga:/tmp/.ICE-unix/1105'), ('INVOCATION_ID', 'abb78b4b018940349bd4da4c8fed9753'), ('LC_ADDRESS', 'it_IT.UTF-8'), ('XDG_RUNTIME_DIR', '/run/user/1000'), ('XDG_MENU_PREFIX', 'gnome-'), ('GNOME_SETUP_DISPLAY', ':1'), ('GDK_BACKEND', 'x11'), ('DISPLAY', ':0'), ('LANG', 'en_US.UTF-8'), ('LC_TELEPHONE', 'it_IT.UTF-8'), ('XDG_CURRENT_DESKTOP', 'Unity'), ('VSCODE_INJECTION', '1'), ('LD_PRELOAD', ':/usr/lib/x86_64-linux-gnu/libGLEW.so'), ('XDG_SESSION_DESKTOP', 'ubuntu'), ('XMODIFIERS', '@im=ibus'), ('XAUTHORITY', '/run/user/1000/.mutter-Xwaylandauth.L52E22'), ('TERM_PROGRAM', 'vscode'), ('VSCODE_GIT_IPC_HANDLE', '/run/user/1000/vscode-git-f640f2b3f6.sock'), ('LS_COLORS', 'fi=00:mi=00:mh=00:ln=01;36:or=01;31:di=01;34:ow=04;01;34:st=34:tw=04;34:pi=01;33:so=01;33:do=01;33:bd=01;33:cd=01;33:su=01;35:sg=01;35:ca=01;35:ex=01;32:no=38;5;248'), ('TREE_COLORS', 'fi=00:mi=00:mh=00:ln=01;36:or=01;31:di=01;34:ow=01;34:st=34:tw=34:pi=01;33:so=01;33:do=01;33:bd=01;33:cd=01;33:su=01;35:sg=01;35:ca=01;35:ex=01;32'), ('SSH_AGENT_LAUNCHER', 'gnome-keyring'), ('SSH_AUTH_SOCK', '/run/user/1000/keyring/ssh'), ('ORIGINAL_XDG_CURRENT_DESKTOP', 'ubuntu:GNOME'), ('CONDA_PYTHON_EXE', '/home/martina/anaconda3/bin/python'), ('AMENT_PREFIX_PATH', '/home/martina/rp_project/robot-programming-project/install/simple_robot:/opt/ros/humble'), ('LC_NAME', 'it_IT.UTF-8'), ('SHELL', '/usr/local/bin/zsh'), ('DEST', '/home/martina/other/install'), ('QT_ACCESSIBILITY', '1'), ('GDMSESSION', 'ubuntu'), ('CONDA_DEFAULT_ENV', 'base'), ('LC_MEASUREMENT', 'it_IT.UTF-8'), ('LC_IDENTIFICATION', 'it_IT.UTF-8'), ('GJS_DEBUG_OUTPUT', 'stderr'), ('P9K_SSH', '0'), ('QT_IM_MODULE', 'ibus'), ('VSCODE_GIT_ASKPASS_EXTRA_ARGS', ''), ('VSCODE_NONCE', '052e925b-acb5-444f-b870-f20c06506941'), ('LC_ALL', 'en_US.UTF-8'), ('PWD', '/home/martina/rp_project/robot-programming-project/src/simple_robot/build/simple_robot'), ('GPG_TTY', '/dev/pts/2'), ('XDG_DATA_DIRS', '/usr/local/share/:/usr/share/:/var/lib/snapd/desktop'), ('ZDOTDIR', '/home/martina'), ('_P9K_TTY', '/dev/pts/2'), ('CONDA_EXE', '/home/martina/anaconda3/bin/conda'), ('LC_NUMERIC', 'it_IT.UTF-8'), ('PYTHONPATH', '/opt/ros/humble/lib/python3.10/site-packages:/opt/ros/humble/local/lib/python3.10/dist-packages:/home/martina/other/install/lib/python3.10/site-packages/'), ('LC_PAPER', 'it_IT.UTF-8'), ('CONDA_PREFIX', '/home/martina/anaconda3'), ('COLCON', '1'), ('MANPATH', '/usr/local/share/man:/home/martina/.cache/zsh4humans/v5/fzf/man:'), ('CMAKE_PREFIX_PATH', '/home/martina/rp_project/robot-programming-project/install/simple_robot:/opt/ros/humble')]), 'shell': False}
[3.338166] (-) TimerEvent: {}
[3.441038] (-) TimerEvent: {}
[3.445151] (simple_robot) StdoutLine: {'line': b'\x1b[35m\x1b[1mConsolidate compiler generated dependencies of target grid_map\x1b[0m\n'}
[3.458799] (simple_robot) StdoutLine: {'line': b'\x1b[35m\x1b[1mConsolidate compiler generated dependencies of target robot_map_node\x1b[0m\n'}
[3.541153] (-) TimerEvent: {}
[3.545889] (simple_robot) StdoutLine: {'line': b'[  8%] \x1b[32mBuilding CXX object src/CMakeFiles/grid_map.dir/main.cpp.o\x1b[0m\n'}
[3.569607] (simple_robot) StdoutLine: {'line': b'[ 16%] \x1b[32mBuilding CXX object CMakeFiles/robot_map_node.dir/src/main.cpp.o\x1b[0m\n'}
[3.641270] (-) TimerEvent: {}
[3.743022] (-) TimerEvent: {}
[3.844258] (-) TimerEvent: {}
[3.945728] (-) TimerEvent: {}
[4.047027] (-) TimerEvent: {}
[4.148397] (-) TimerEvent: {}
[4.249241] (-) TimerEvent: {}
[4.349966] (-) TimerEvent: {}
[4.452044] (-) TimerEvent: {}
[4.554815] (-) TimerEvent: {}
[4.655314] (-) TimerEvent: {}
[4.757836] (-) TimerEvent: {}
[4.858275] (-) TimerEvent: {}
[4.958713] (-) TimerEvent: {}
[5.062236] (-) TimerEvent: {}
[5.163170] (-) TimerEvent: {}
[5.263604] (-) TimerEvent: {}
[5.364971] (-) TimerEvent: {}
[5.465791] (-) TimerEvent: {}
[5.566664] (-) TimerEvent: {}
[5.667135] (-) TimerEvent: {}
[5.768221] (-) TimerEvent: {}
[5.869070] (-) TimerEvent: {}
[5.970267] (-) TimerEvent: {}
[6.074627] (-) TimerEvent: {}
[6.175452] (-) TimerEvent: {}
[6.276411] (-) TimerEvent: {}
[6.378047] (-) TimerEvent: {}
[6.478848] (-) TimerEvent: {}
[6.579307] (-) TimerEvent: {}
[6.679695] (-) TimerEvent: {}
[6.780097] (-) TimerEvent: {}
[6.880494] (-) TimerEvent: {}
[6.980902] (-) TimerEvent: {}
[7.081367] (-) TimerEvent: {}
[7.181832] (-) TimerEvent: {}
[7.282224] (-) TimerEvent: {}
[7.382606] (-) TimerEvent: {}
[7.483003] (-) TimerEvent: {}
[7.583402] (-) TimerEvent: {}
[7.683821] (-) TimerEvent: {}
[7.786031] (-) TimerEvent: {}
[7.891319] (-) TimerEvent: {}
[7.993198] (-) TimerEvent: {}
[8.096032] (-) TimerEvent: {}
[8.199025] (-) TimerEvent: {}
[8.299469] (-) TimerEvent: {}
[8.400256] (-) TimerEvent: {}
[8.500640] (-) TimerEvent: {}
[8.601406] (-) TimerEvent: {}
[8.702029] (-) TimerEvent: {}
[8.802412] (-) TimerEvent: {}
[8.902788] (-) TimerEvent: {}
[9.003430] (-) TimerEvent: {}
[9.103809] (-) TimerEvent: {}
[9.204542] (-) TimerEvent: {}
[9.305255] (-) TimerEvent: {}
[9.406044] (-) TimerEvent: {}
[9.506879] (-) TimerEvent: {}
[9.607791] (-) TimerEvent: {}
[9.709238] (-) TimerEvent: {}
[9.809871] (-) TimerEvent: {}
[9.910323] (-) TimerEvent: {}
[10.010711] (-) TimerEvent: {}
[10.111028] (-) TimerEvent: {}
[10.211394] (-) TimerEvent: {}
[10.311778] (-) TimerEvent: {}
[10.412231] (-) TimerEvent: {}
[10.512603] (-) TimerEvent: {}
[10.613000] (-) TimerEvent: {}
[10.713719] (-) TimerEvent: {}
[10.814927] (-) TimerEvent: {}
[10.915359] (-) TimerEvent: {}
[11.015730] (-) TimerEvent: {}
[11.116385] (-) TimerEvent: {}
[11.216774] (-) TimerEvent: {}
[11.317159] (-) TimerEvent: {}
[11.417542] (-) TimerEvent: {}
[11.517947] (-) TimerEvent: {}
[11.618334] (-) TimerEvent: {}
[11.721028] (-) TimerEvent: {}
[11.821431] (-) TimerEvent: {}
[11.921853] (-) TimerEvent: {}
[12.023908] (-) TimerEvent: {}
[12.124570] (-) TimerEvent: {}
[12.225064] (-) TimerEvent: {}
[12.325772] (-) TimerEvent: {}
[12.426404] (-) TimerEvent: {}
[12.527218] (-) TimerEvent: {}
[12.627654] (-) TimerEvent: {}
[12.728035] (-) TimerEvent: {}
[12.828414] (-) TimerEvent: {}
[12.929031] (-) TimerEvent: {}
[13.029755] (-) TimerEvent: {}
[13.130268] (-) TimerEvent: {}
[13.230908] (-) TimerEvent: {}
[13.331342] (-) TimerEvent: {}
[13.431729] (-) TimerEvent: {}
[13.532131] (-) TimerEvent: {}
[13.632536] (-) TimerEvent: {}
[13.732995] (-) TimerEvent: {}
[13.833394] (-) TimerEvent: {}
[13.933792] (-) TimerEvent: {}
[14.034206] (-) TimerEvent: {}
[14.134558] (-) TimerEvent: {}
[14.234941] (-) TimerEvent: {}
[14.335351] (-) TimerEvent: {}
[14.435733] (-) TimerEvent: {}
[14.536118] (-) TimerEvent: {}
[14.636483] (-) TimerEvent: {}
[14.736886] (-) TimerEvent: {}
[14.837585] (-) TimerEvent: {}
[14.938106] (-) TimerEvent: {}
[15.038799] (-) TimerEvent: {}
[15.139706] (-) TimerEvent: {}
[15.240554] (-) TimerEvent: {}
[15.341007] (-) TimerEvent: {}
[15.441661] (-) TimerEvent: {}
[15.542038] (-) TimerEvent: {}
[15.642649] (-) TimerEvent: {}
[15.743034] (-) TimerEvent: {}
[15.843410] (-) TimerEvent: {}
[15.943779] (-) TimerEvent: {}
[16.044164] (-) TimerEvent: {}
[16.147191] (-) TimerEvent: {}
[16.247580] (-) TimerEvent: {}
[16.348062] (-) TimerEvent: {}
[16.448443] (-) TimerEvent: {}
[16.549209] (-) TimerEvent: {}
[16.649642] (-) TimerEvent: {}
[16.750797] (-) TimerEvent: {}
[16.851452] (-) TimerEvent: {}
[16.952034] (-) TimerEvent: {}
[17.052421] (-) TimerEvent: {}
[17.152890] (-) TimerEvent: {}
[17.253304] (-) TimerEvent: {}
[17.357046] (-) TimerEvent: {}
[17.458864] (-) TimerEvent: {}
[17.563000] (-) TimerEvent: {}
[17.664140] (-) TimerEvent: {}
[17.764528] (-) TimerEvent: {}
[17.864939] (-) TimerEvent: {}
[17.965353] (-) TimerEvent: {}
[18.065756] (-) TimerEvent: {}
[18.166423] (-) TimerEvent: {}
[18.267308] (-) TimerEvent: {}
[18.367984] (-) TimerEvent: {}
[18.468488] (-) TimerEvent: {}
[18.569005] (-) TimerEvent: {}
[18.669504] (-) TimerEvent: {}
[18.769908] (-) TimerEvent: {}
[18.870305] (-) TimerEvent: {}
[18.970757] (-) TimerEvent: {}
[19.071296] (-) TimerEvent: {}
[19.171688] (-) TimerEvent: {}
[19.272055] (-) TimerEvent: {}
[19.373057] (-) TimerEvent: {}
[19.473840] (-) TimerEvent: {}
[19.575046] (-) TimerEvent: {}
[19.675521] (-) TimerEvent: {}
[19.776555] (-) TimerEvent: {}
[19.877138] (-) TimerEvent: {}
[19.977691] (-) TimerEvent: {}
[20.078110] (-) TimerEvent: {}
[20.178699] (-) TimerEvent: {}
[20.279498] (-) TimerEvent: {}
[20.379892] (-) TimerEvent: {}
[20.480357] (-) TimerEvent: {}
[20.580770] (-) TimerEvent: {}
[20.681199] (-) TimerEvent: {}
[20.781579] (-) TimerEvent: {}
[20.881995] (-) TimerEvent: {}
[20.982423] (-) TimerEvent: {}
[21.082817] (-) TimerEvent: {}
[21.183293] (-) TimerEvent: {}
[21.283979] (-) TimerEvent: {}
[21.384355] (-) TimerEvent: {}
[21.485185] (-) TimerEvent: {}
[21.585561] (-) TimerEvent: {}
[21.686275] (-) TimerEvent: {}
[21.787631] (-) TimerEvent: {}
[21.890044] (-) TimerEvent: {}
[21.990471] (-) TimerEvent: {}
[22.090857] (-) TimerEvent: {}
[22.191258] (-) TimerEvent: {}
[22.291923] (-) TimerEvent: {}
[22.392815] (-) TimerEvent: {}
[22.494018] (-) TimerEvent: {}
[22.594532] (-) TimerEvent: {}
[22.695028] (-) TimerEvent: {}
[22.795634] (-) TimerEvent: {}
[22.896233] (-) TimerEvent: {}
[22.996587] (-) TimerEvent: {}
[23.096938] (-) TimerEvent: {}
[23.197304] (-) TimerEvent: {}
[23.297714] (-) TimerEvent: {}
[23.398081] (-) TimerEvent: {}
[23.498489] (-) TimerEvent: {}
[23.598839] (-) TimerEvent: {}
[23.699265] (-) TimerEvent: {}
[23.799626] (-) TimerEvent: {}
[23.899989] (-) TimerEvent: {}
[24.000332] (-) TimerEvent: {}
[24.100684] (-) TimerEvent: {}
[24.201112] (-) TimerEvent: {}
[24.301576] (-) TimerEvent: {}
[24.401976] (-) TimerEvent: {}
[24.502419] (-) TimerEvent: {}
[24.602784] (-) TimerEvent: {}
[24.704505] (-) TimerEvent: {}
[24.808743] (-) TimerEvent: {}
[24.909025] (-) TimerEvent: {}
[25.009390] (-) TimerEvent: {}
[25.109724] (-) TimerEvent: {}
[25.210133] (-) TimerEvent: {}
[25.310548] (-) TimerEvent: {}
[25.411113] (-) TimerEvent: {}
[25.511457] (-) TimerEvent: {}
[25.612029] (-) TimerEvent: {}
[25.712369] (-) TimerEvent: {}
[25.812770] (-) TimerEvent: {}
[25.913193] (-) TimerEvent: {}
[26.013765] (-) TimerEvent: {}
[26.114122] (-) TimerEvent: {}
[26.214472] (-) TimerEvent: {}
[26.314810] (-) TimerEvent: {}
[26.415216] (-) TimerEvent: {}
[26.515833] (-) TimerEvent: {}
[26.616182] (-) TimerEvent: {}
[26.716532] (-) TimerEvent: {}
[26.817122] (-) TimerEvent: {}
[26.917729] (-) TimerEvent: {}
[27.018078] (-) TimerEvent: {}
[27.118631] (-) TimerEvent: {}
[27.219013] (-) TimerEvent: {}
[27.319647] (-) TimerEvent: {}
[27.420266] (-) TimerEvent: {}
[27.520631] (-) TimerEvent: {}
[27.621054] (-) TimerEvent: {}
[27.722041] (-) TimerEvent: {}
[27.822609] (-) TimerEvent: {}
[27.922976] (-) TimerEvent: {}
[28.023538] (-) TimerEvent: {}
[28.124050] (-) TimerEvent: {}
[28.224724] (-) TimerEvent: {}
[28.325027] (-) TimerEvent: {}
[28.425373] (-) TimerEvent: {}
[28.525718] (-) TimerEvent: {}
[28.626027] (-) TimerEvent: {}
[28.726369] (-) TimerEvent: {}
[28.826706] (-) TimerEvent: {}
[28.927026] (-) TimerEvent: {}
[29.027373] (-) TimerEvent: {}
[29.127726] (-) TimerEvent: {}
[29.228493] (-) TimerEvent: {}
[29.328913] (-) TimerEvent: {}
[29.429275] (-) TimerEvent: {}
[29.529627] (-) TimerEvent: {}
[29.629991] (-) TimerEvent: {}
[29.731170] (-) TimerEvent: {}
[29.833028] (-) TimerEvent: {}
[29.933422] (-) TimerEvent: {}
[30.037169] (-) TimerEvent: {}
[30.137530] (-) TimerEvent: {}
[30.238109] (-) TimerEvent: {}
[30.338698] (-) TimerEvent: {}
[30.439657] (-) TimerEvent: {}
[30.540487] (-) TimerEvent: {}
[30.640840] (-) TimerEvent: {}
[30.741202] (-) TimerEvent: {}
[30.841781] (-) TimerEvent: {}
[30.942129] (-) TimerEvent: {}
[31.042475] (-) TimerEvent: {}
[31.142830] (-) TimerEvent: {}
[31.243208] (-) TimerEvent: {}
[31.343791] (-) TimerEvent: {}
[31.444205] (-) TimerEvent: {}
[31.544518] (-) TimerEvent: {}
[31.645333] (-) TimerEvent: {}
[31.745984] (-) TimerEvent: {}
[31.846619] (-) TimerEvent: {}
[31.947247] (-) TimerEvent: {}
[32.048044] (-) TimerEvent: {}
[32.148440] (-) TimerEvent: {}
[32.248831] (-) TimerEvent: {}
[32.349209] (-) TimerEvent: {}
[32.449578] (-) TimerEvent: {}
[32.550013] (-) TimerEvent: {}
[32.650935] (-) TimerEvent: {}
[32.751715] (-) TimerEvent: {}
[32.852533] (-) TimerEvent: {}
[32.952931] (-) TimerEvent: {}
[33.053405] (-) TimerEvent: {}
[33.153843] (-) TimerEvent: {}
[33.184666] (simple_robot) StdoutLine: {'line': b'[ 25%] \x1b[32m\x1b[1mLinking CXX shared library libgrid_map.so\x1b[0m\n'}
[33.253969] (-) TimerEvent: {}
[33.354453] (-) TimerEvent: {}
[33.455259] (simple_robot) StdoutLine: {'line': b'[ 33%] \x1b[32m\x1b[1mLinking CXX executable robot_map_node\x1b[0m\n'}
[33.456573] (-) TimerEvent: {}
[33.557006] (-) TimerEvent: {}
[33.660051] (-) TimerEvent: {}
[33.762081] (-) TimerEvent: {}
[33.865989] (-) TimerEvent: {}
[33.968528] (-) TimerEvent: {}
[34.071549] (-) TimerEvent: {}
[34.172456] (-) TimerEvent: {}
[34.276092] (-) TimerEvent: {}
[34.376840] (-) TimerEvent: {}
[34.480084] (-) TimerEvent: {}
[34.580641] (-) TimerEvent: {}
[34.681340] (-) TimerEvent: {}
[34.781968] (-) TimerEvent: {}
[34.884271] (-) TimerEvent: {}
[34.984707] (-) TimerEvent: {}
[35.085157] (-) TimerEvent: {}
[35.185587] (-) TimerEvent: {}
[35.286041] (-) TimerEvent: {}
[35.388051] (-) TimerEvent: {}
[35.488567] (-) TimerEvent: {}
[35.588989] (-) TimerEvent: {}
[35.692036] (-) TimerEvent: {}
[35.792494] (-) TimerEvent: {}
[35.892984] (-) TimerEvent: {}
[35.993441] (-) TimerEvent: {}
[36.095230] (-) TimerEvent: {}
[36.195774] (-) TimerEvent: {}
[36.197016] (simple_robot) StdoutLine: {'line': b'[ 66%] Built target grid_map\n'}
[36.296007] (-) TimerEvent: {}
[36.396579] (-) TimerEvent: {}
[36.497593] (-) TimerEvent: {}
[36.599040] (-) TimerEvent: {}
[36.699535] (-) TimerEvent: {}
[36.800188] (-) TimerEvent: {}
[36.902425] (-) TimerEvent: {}
[37.002945] (-) TimerEvent: {}
[37.106724] (-) TimerEvent: {}
[37.207175] (-) TimerEvent: {}
[37.307681] (-) TimerEvent: {}
[37.383336] (simple_robot) StdoutLine: {'line': b'[100%] Built target robot_map_node\n'}
[37.408086] (-) TimerEvent: {}
[37.417842] (simple_robot) CommandEnded: {'returncode': 0}
[37.419486] (simple_robot) JobProgress: {'identifier': 'simple_robot', 'progress': 'install'}
[37.447346] (simple_robot) Command: {'cmd': ['/usr/bin/cmake', '--install', '/home/martina/rp_project/robot-programming-project/src/simple_robot/build/simple_robot'], 'cwd': '/home/martina/rp_project/robot-programming-project/src/simple_robot/build/simple_robot', 'env': OrderedDict([('GJS_DEBUG_TOPICS', 'JS ERROR;JS LOG'), ('LESSOPEN', '| /usr/bin/env /usr/bin/lesspipe %s 2>/dev/null'), ('CONDA_PROMPT_MODIFIER', '(base)'), ('LC_TIME', 'it_IT.UTF-8'), ('USER', 'martina'), ('XDG_SESSION_TYPE', 'wayland'), ('GIT_ASKPASS', '/usr/share/code/resources/app/extensions/git/dist/askpass.sh'), ('SHLVL', '2'), ('LD_LIBRARY_PATH', '/opt/ros/humble/opt/rviz_ogre_vendor/lib:/opt/ros/humble/lib/x86_64-linux-gnu:/opt/ros/humble/lib::/home/martina/.mujoco/mujoco210/bin:/usr/lib/nvidia:~/anaconda3/lib'), ('HOME', '/home/martina'), ('OLDPWD', '/home/martina/rp_project/robot-programming-project/src/simple_robot'), ('CHROME_DESKTOP', 'code.desktop'), ('TERMINFO', '/home/martina/.terminfo'), ('LESS', '-iRFXMx4'), ('CONDA_SHLVL', '1'), ('DESKTOP_SESSION', 'ubuntu'), ('TERM_PROGRAM_VERSION', '1.97.2'), ('GIO_LAUNCHED_DESKTOP_FILE', '/usr/share/applications/code.desktop'), ('LSCOLORS', 'ExGxDxDxCxDxDxFxFxexEx'), ('GTK_MODULES', 'gail:atk-bridge'), ('GNOME_SHELL_SESSION_MODE', 'ubuntu'), ('VSCODE_GIT_ASKPASS_MAIN', '/usr/share/code/resources/app/extensions/git/dist/askpass-main.js'), ('PAGER', 'less'), ('ROS_PYTHON_VERSION', '3'), ('LC_MONETARY', 'it_IT.UTF-8'), ('MANAGERPID', '887'), ('VSCODE_GIT_ASKPASS_NODE', '/usr/share/code/code'), ('SYSTEMD_EXEC_PID', '1152'), ('DBUS_SESSION_BUS_ADDRESS', 'unix:path=/run/user/1000/bus'), ('P9K_TTY', 'old'), ('GIO_LAUNCHED_DESKTOP_FILE_PID', '3260'), ('COLORTERM', 'truecolor'), ('_CE_M', ''), ('WAYLAND_DISPLAY', 'wayland-0'), ('INFOPATH', ''), ('ROS_DISTRO', 'humble'), ('COLCON_PREFIX_PATH', '/home/martina/rp_project/robot-programming-project/install'), ('LOGNAME', 'martina'), ('_', '/usr/bin/colcon'), ('JOURNAL_STREAM', '8:11413'), ('_P9K_SSH_TTY', '/dev/pts/2'), ('XDG_SESSION_CLASS', 'user'), ('USER_ZDOTDIR', '/home/martina'), ('ROS_VERSION', '2'), ('USERNAME', 'martina'), ('TERM', 'xterm-256color'), ('GNOME_DESKTOP_SESSION_ID', 'this-is-deprecated'), ('_CE_CONDA', ''), ('ROS_LOCALHOST_ONLY', '0'), ('PATH', '/opt/ros/humble/bin:/home/martina/.local/bin:/home/martina/.local/bin:/usr/lib/ccache:.:/home/martina/.mujoco/mujoco210/bin:/usr/lib/nvidia:/home/martina/anaconda3/condabin:/home/martina/bin:/home/martina/.local/bin:/usr/local/sbin:/usr/local/bin:/usr/sbin:/usr/bin:/sbin:/bin:/usr/games:/usr/local/games:/snap/bin:/home/martina/.cache/zsh4humans/v5/fzf/bin:/home/martina/other/install/bin'), ('SESSION_MANAGER', 'local/Martina-ThinkPad-X1-Yoga:@/tmp/.ICE-unix/1105,unix/Martina-ThinkPad-X1-Yoga:/tmp/.ICE-unix/1105'), ('INVOCATION_ID', 'abb78b4b018940349bd4da4c8fed9753'), ('LC_ADDRESS', 'it_IT.UTF-8'), ('XDG_RUNTIME_DIR', '/run/user/1000'), ('XDG_MENU_PREFIX', 'gnome-'), ('GNOME_SETUP_DISPLAY', ':1'), ('GDK_BACKEND', 'x11'), ('DISPLAY', ':0'), ('LANG', 'en_US.UTF-8'), ('LC_TELEPHONE', 'it_IT.UTF-8'), ('XDG_CURRENT_DESKTOP', 'Unity'), ('VSCODE_INJECTION', '1'), ('LD_PRELOAD', ':/usr/lib/x86_64-linux-gnu/libGLEW.so'), ('XDG_SESSION_DESKTOP', 'ubuntu'), ('XMODIFIERS', '@im=ibus'), ('XAUTHORITY', '/run/user/1000/.mutter-Xwaylandauth.L52E22'), ('TERM_PROGRAM', 'vscode'), ('VSCODE_GIT_IPC_HANDLE', '/run/user/1000/vscode-git-f640f2b3f6.sock'), ('LS_COLORS', 'fi=00:mi=00:mh=00:ln=01;36:or=01;31:di=01;34:ow=04;01;34:st=34:tw=04;34:pi=01;33:so=01;33:do=01;33:bd=01;33:cd=01;33:su=01;35:sg=01;35:ca=01;35:ex=01;32:no=38;5;248'), ('TREE_COLORS', 'fi=00:mi=00:mh=00:ln=01;36:or=01;31:di=01;34:ow=01;34:st=34:tw=34:pi=01;33:so=01;33:do=01;33:bd=01;33:cd=01;33:su=01;35:sg=01;35:ca=01;35:ex=01;32'), ('SSH_AGENT_LAUNCHER', 'gnome-keyring'), ('SSH_AUTH_SOCK', '/run/user/1000/keyring/ssh'), ('ORIGINAL_XDG_CURRENT_DESKTOP', 'ubuntu:GNOME'), ('CONDA_PYTHON_EXE', '/home/martina/anaconda3/bin/python'), ('AMENT_PREFIX_PATH', '/home/martina/rp_project/robot-programming-project/install/simple_robot:/opt/ros/humble'), ('LC_NAME', 'it_IT.UTF-8'), ('SHELL', '/usr/local/bin/zsh'), ('DEST', '/home/martina/other/install'), ('QT_ACCESSIBILITY', '1'), ('GDMSESSION', 'ubuntu'), ('CONDA_DEFAULT_ENV', 'base'), ('LC_MEASUREMENT', 'it_IT.UTF-8'), ('LC_IDENTIFICATION', 'it_IT.UTF-8'), ('GJS_DEBUG_OUTPUT', 'stderr'), ('P9K_SSH', '0'), ('QT_IM_MODULE', 'ibus'), ('VSCODE_GIT_ASKPASS_EXTRA_ARGS', ''), ('VSCODE_NONCE', '052e925b-acb5-444f-b870-f20c06506941'), ('LC_ALL', 'en_US.UTF-8'), ('PWD', '/home/martina/rp_project/robot-programming-project/src/simple_robot/build/simple_robot'), ('GPG_TTY', '/dev/pts/2'), ('XDG_DATA_DIRS', '/usr/local/share/:/usr/share/:/var/lib/snapd/desktop'), ('ZDOTDIR', '/home/martina'), ('_P9K_TTY', '/dev/pts/2'), ('CONDA_EXE', '/home/martina/anaconda3/bin/conda'), ('LC_NUMERIC', 'it_IT.UTF-8'), ('PYTHONPATH', '/opt/ros/humble/lib/python3.10/site-packages:/opt/ros/humble/local/lib/python3.10/dist-packages:/home/martina/other/install/lib/python3.10/site-packages/'), ('LC_PAPER', 'it_IT.UTF-8'), ('CONDA_PREFIX', '/home/martina/anaconda3'), ('COLCON', '1'), ('MANPATH', '/usr/local/share/man:/home/martina/.cache/zsh4humans/v5/fzf/man:'), ('CMAKE_PREFIX_PATH', '/home/martina/rp_project/robot-programming-project/install/simple_robot:/opt/ros/humble')]), 'shell': False}
[37.464527] (simple_robot) StdoutLine: {'line': b'-- Install configuration: ""\n'}
[37.465251] (simple_robot) StdoutLine: {'line': b'-- Installing: /home/martina/rp_project/robot-programming-project/src/simple_robot/install/simple_robot/lib/simple_robot/robot_map_node\n'}
[37.485032] (simple_robot) StdoutLine: {'line': b'-- Set runtime path of "/home/martina/rp_project/robot-programming-project/src/simple_robot/install/simple_robot/lib/simple_robot/robot_map_node" to ""\n'}
[37.485374] (simple_robot) StdoutLine: {'line': b'-- Up-to-date: /home/martina/rp_project/robot-programming-project/src/simple_robot/install/simple_robot/share/ament_index/resource_index/package_run_dependencies/simple_robot\n'}
[37.486734] (simple_robot) StdoutLine: {'line': b'-- Up-to-date: /home/martina/rp_project/robot-programming-project/src/simple_robot/install/simple_robot/share/ament_index/resource_index/parent_prefix_path/simple_robot\n'}
[37.487419] (simple_robot) StdoutLine: {'line': b'-- Up-to-date: /home/martina/rp_project/robot-programming-project/src/simple_robot/install/simple_robot/share/simple_robot/environment/ament_prefix_path.sh\n'}
[37.487895] (simple_robot) StdoutLine: {'line': b'-- Installing: /home/martina/rp_project/robot-programming-project/src/simple_robot/install/simple_robot/share/simple_robot/environment/ament_prefix_path.dsv\n'}
[37.488242] (simple_robot) StdoutLine: {'line': b'-- Up-to-date: /home/martina/rp_project/robot-programming-project/src/simple_robot/install/simple_robot/share/simple_robot/environment/path.sh\n'}
[37.488551] (simple_robot) StdoutLine: {'line': b'-- Installing: /home/martina/rp_project/robot-programming-project/src/simple_robot/install/simple_robot/share/simple_robot/environment/path.dsv\n'}
[37.488883] (simple_robot) StdoutLine: {'line': b'-- Up-to-date: /home/martina/rp_project/robot-programming-project/src/simple_robot/install/simple_robot/share/simple_robot/local_setup.bash\n'}
[37.489248] (simple_robot) StdoutLine: {'line': b'-- Up-to-date: /home/martina/rp_project/robot-programming-project/src/simple_robot/install/simple_robot/share/simple_robot/local_setup.sh\n'}
[37.489566] (simple_robot) StdoutLine: {'line': b'-- Up-to-date: /home/martina/rp_project/robot-programming-project/src/simple_robot/install/simple_robot/share/simple_robot/local_setup.zsh\n'}
[37.489860] (simple_robot) StdoutLine: {'line': b'-- Installing: /home/martina/rp_project/robot-programming-project/src/simple_robot/install/simple_robot/share/simple_robot/local_setup.dsv\n'}
[37.490182] (simple_robot) StdoutLine: {'line': b'-- Installing: /home/martina/rp_project/robot-programming-project/src/simple_robot/install/simple_robot/share/simple_robot/package.dsv\n'}
[37.490523] (simple_robot) StdoutLine: {'line': b'-- Up-to-date: /home/martina/rp_project/robot-programming-project/src/simple_robot/install/simple_robot/share/ament_index/resource_index/packages/simple_robot\n'}
[37.490806] (simple_robot) StdoutLine: {'line': b'-- Up-to-date: /home/martina/rp_project/robot-programming-project/src/simple_robot/install/simple_robot/share/simple_robot/cmake/simple_robotConfig.cmake\n'}
[37.496113] (simple_robot) StdoutLine: {'line': b'-- Up-to-date: /home/martina/rp_project/robot-programming-project/src/simple_robot/install/simple_robot/share/simple_robot/cmake/simple_robotConfig-version.cmake\n'}
[37.496419] (simple_robot) StdoutLine: {'line': b'-- Up-to-date: /home/martina/rp_project/robot-programming-project/src/simple_robot/install/simple_robot/share/simple_robot/package.xml\n'}
[37.496603] (simple_robot) CommandEnded: {'returncode': 0}
[37.508275] (-) TimerEvent: {}
[37.537465] (simple_robot) JobEnded: {'identifier': 'simple_robot', 'rc': 0}
[37.538882] (-) EventReactorShutdown: {}
