[0.025s] Invoking command in '/home/martina/rp_project/robot-programming-project/src/simple_robot/build/simple_robot': CMAKE_PREFIX_PATH=${CMAKE_PREFIX_PATH}:/opt/ros/humble CONDA_PROMPT_MODIFIER=(base) /usr/bin/cmake /home/martina/rp_project/robot-programming-project/src/simple_robot -DCMAKE_INSTALL_PREFIX=/home/martina/rp_project/robot-programming-project/src/simple_robot/install/simple_robot
[0.167s] -- The C compiler identification is GNU 11.4.0
[0.329s] -- The CXX compiler identification is GNU 11.4.0
[0.356s] -- Detecting C compiler ABI info
[0.531s] -- Detecting C compiler ABI info - done
[0.556s] -- Check for working C compiler: /usr/lib/ccache/cc - skipped
[0.557s] -- Detecting C compile features
[0.558s] -- Detecting C compile features - done
[0.569s] -- Detecting CXX compiler ABI info
[0.814s] -- Detecting CXX compiler ABI info - done
[0.848s] -- Check for working CXX compiler: /usr/lib/ccache/c++ - skipped
[0.849s] -- Detecting CXX compile features
[0.851s] -- Detecting CXX compile features - done
[0.875s] -- Found OpenCV: /usr (found suitable version "4.5.4", minimum required is "4.5.4") 
[0.879s] -- Found ament_cmake: 1.3.11 (/opt/ros/humble/share/ament_cmake/cmake)
[1.216s] -- Found Python3: /usr/bin/python3 (found version "3.10.12") found components: Interpreter 
[1.443s] -- Found rclcpp: 16.0.11 (/opt/ros/humble/share/rclcpp/cmake)
[1.515s] -- Found rosidl_generator_c: 3.1.6 (/opt/ros/humble/share/rosidl_generator_c/cmake)
[1.525s] -- Found rosidl_adapter: 3.1.6 (/opt/ros/humble/share/rosidl_adapter/cmake)
[1.537s] -- Found rosidl_generator_cpp: 3.1.6 (/opt/ros/humble/share/rosidl_generator_cpp/cmake)
[1.560s] -- Using all available rosidl_typesupport_c: rosidl_typesupport_fastrtps_c;rosidl_typesupport_introspection_c
[1.594s] -- Using all available rosidl_typesupport_cpp: rosidl_typesupport_fastrtps_cpp;rosidl_typesupport_introspection_cpp
[1.684s] -- Found rmw_implementation_cmake: 6.1.2 (/opt/ros/humble/share/rmw_implementation_cmake/cmake)
[1.688s] -- Found rmw_fastrtps_cpp: 6.2.7 (/opt/ros/humble/share/rmw_fastrtps_cpp/cmake)
[1.909s] -- Found OpenSSL: /usr/lib/x86_64-linux-gnu/libcrypto.so (found version "3.0.2")  
[1.967s] -- Found FastRTPS: /opt/ros/humble/include  
[2.049s] -- Using RMW implementation 'rmw_fastrtps_cpp' as default
[2.064s] -- Looking for pthread.h
[2.281s] -- Looking for pthread.h - found
[2.281s] -- Performing Test CMAKE_HAVE_LIBC_PTHREAD
[2.669s] -- Performing Test CMAKE_HAVE_LIBC_PTHREAD - Success
[2.675s] -- Found Threads: TRUE  
[2.877s] -- Found OpenCV: /usr (found version "4.5.4") 
[3.040s] -- DATA_DIR: /home/martina/rp_project/robot-programming-project/src/simple_robot/data
[3.040s] -- Configuring done
[3.132s] -- Generating done
[3.164s] -- Build files have been written to: /home/martina/rp_project/robot-programming-project/src/simple_robot/build/simple_robot
[3.204s] Invoked command in '/home/martina/rp_project/robot-programming-project/src/simple_robot/build/simple_robot' returned '0': CMAKE_PREFIX_PATH=${CMAKE_PREFIX_PATH}:/opt/ros/humble CONDA_PROMPT_MODIFIER=(base) /usr/bin/cmake /home/martina/rp_project/robot-programming-project/src/simple_robot -DCMAKE_INSTALL_PREFIX=/home/martina/rp_project/robot-programming-project/src/simple_robot/install/simple_robot
[3.211s] Invoking command in '/home/martina/rp_project/robot-programming-project/src/simple_robot/build/simple_robot': CMAKE_PREFIX_PATH=${CMAKE_PREFIX_PATH}:/opt/ros/humble CONDA_PROMPT_MODIFIER=(base) /usr/bin/cmake --build /home/martina/rp_project/robot-programming-project/src/simple_robot/build/simple_robot -- -j4 -l4
[3.365s] [35m[1mConsolidate compiler generated dependencies of target robot_map_node[0m
[3.371s] [35m[1mConsolidate compiler generated dependencies of target grid_map[0m
[3.446s] [  5%] [32mBuilding CXX object CMakeFiles/robot_node.dir/src/robot_node.cpp.o[0m
[3.466s] [ 10%] [32mBuilding CXX object src/CMakeFiles/grid_map.dir/robot_node.cpp.o[0m
[3.477s] [ 15%] [32mBuilding CXX object src/CMakeFiles/grid_map.dir/main.cpp.o[0m
[3.564s] [ 21%] [32mBuilding CXX object CMakeFiles/robot_map_node.dir/src/main.cpp.o[0m
[5.457s] [01m[K/home/martina/rp_project/robot-programming-project/src/simple_robot/src/main.cpp:3:10:[m[K [01;31m[Kfatal error: [m[Kstd_msgs/msg/float32.hpp: No such file or directory
[5.457s]     3 | #include [01;31m[K"std_msgs/msg/float32.hpp"[m[K
[5.458s]       |          [01;31m[K^~~~~~~~~~~~~~~~~~~~~~~~~~[m[K
[5.458s] compilation terminated.
[5.466s] gmake[2]: *** [src/CMakeFiles/grid_map.dir/build.make:132: src/CMakeFiles/grid_map.dir/main.cpp.o] Error 1
[5.466s] gmake[2]: *** Waiting for unfinished jobs....
[5.564s] [01m[K/home/martina/rp_project/robot-programming-project/src/simple_robot/src/robot_node.cpp:3:10:[m[K [01;31m[Kfatal error: [m[Kgeometry_msgs/msg/pose2_d.hpp: No such file or directory
[5.564s]     3 | #include [01;31m[K"geometry_msgs/msg/pose2_d.hpp"[m[K
[5.564s]       |          [01;31m[K^~~~~~~~~~~~~~~~~~~~~~~~~~~~~~~[m[K
[5.564s] compilation terminated.
[5.577s] gmake[2]: *** [CMakeFiles/robot_node.dir/build.make:76: CMakeFiles/robot_node.dir/src/robot_node.cpp.o] Error 1
[5.578s] gmake[1]: *** [CMakeFiles/Makefile2:176: CMakeFiles/robot_node.dir/all] Error 2
[5.578s] gmake[1]: *** Waiting for unfinished jobs....
[5.791s] [01m[K/home/martina/rp_project/robot-programming-project/src/simple_robot/src/main.cpp:3:10:[m[K [01;31m[Kfatal error: [m[Kstd_msgs/msg/float32.hpp: No such file or directory
[5.791s]     3 | #include [01;31m[K"std_msgs/msg/float32.hpp"[m[K
[5.792s]       |          [01;31m[K^~~~~~~~~~~~~~~~~~~~~~~~~~[m[K
[5.792s] compilation terminated.
[5.803s] gmake[2]: *** [CMakeFiles/robot_map_node.dir/build.make:132: CMakeFiles/robot_map_node.dir/src/main.cpp.o] Error 1
[5.803s] gmake[1]: *** [CMakeFiles/Makefile2:202: CMakeFiles/robot_map_node.dir/all] Error 2
[5.981s] [01m[K/home/martina/rp_project/robot-programming-project/src/simple_robot/src/robot_node.cpp:2:10:[m[K [01;31m[Kfatal error: [m[Kstd_msgs/msg/float32.hpp: No such file or directory
[5.981s]     2 | #include [01;31m[K"std_msgs/msg/float32.hpp"[m[K
[5.981s]       |          [01;31m[K^~~~~~~~~~~~~~~~~~~~~~~~~~[m[K
[5.987s] compilation terminated.
[5.991s] gmake[2]: *** [src/CMakeFiles/grid_map.dir/build.make:146: src/CMakeFiles/grid_map.dir/robot_node.cpp.o] Error 1
[5.993s] gmake[1]: *** [CMakeFiles/Makefile2:228: src/CMakeFiles/grid_map.dir/all] Error 2
[5.993s] gmake: *** [Makefile:146: all] Error 2
[5.997s] Invoked command in '/home/martina/rp_project/robot-programming-project/src/simple_robot/build/simple_robot' returned '2': CMAKE_PREFIX_PATH=${CMAKE_PREFIX_PATH}:/opt/ros/humble CONDA_PROMPT_MODIFIER=(base) /usr/bin/cmake --build /home/martina/rp_project/robot-programming-project/src/simple_robot/build/simple_robot -- -j4 -l4
