[0.000000] (-) TimerEvent: {}
[0.000237] (simple_robot) JobQueued: {'identifier': 'simple_robot', 'dependencies': OrderedDict()}
[0.000991] (simple_robot) JobStarted: {'identifier': 'simple_robot'}
[0.040452] (simple_robot) JobProgress: {'identifier': 'simple_robot', 'progress': 'cmake'}
[0.040600] (simple_robot) Command: {'cmd': ['/usr/bin/cmake', '/home/martina/rp_project/robot-programming-project/src/simple_robot', '-DCMAKE_INSTALL_PREFIX=/home/martina/rp_project/robot-programming-project/src/simple_robot/install/simple_robot'], 'cwd': '/home/martina/rp_project/robot-programming-project/src/simple_robot/build/simple_robot', 'env': OrderedDict([('GJS_DEBUG_TOPICS', 'JS ERROR;JS LOG'), ('LESSOPEN', '| /usr/bin/env /usr/bin/lesspipe %s 2>/dev/null'), ('CONDA_PROMPT_MODIFIER', '(base)'), ('LC_TIME', 'it_IT.UTF-8'), ('USER', 'martina'), ('XDG_SESSION_TYPE', 'wayland'), ('GIT_ASKPASS', '/usr/share/code/resources/app/extensions/git/dist/askpass.sh'), ('SHLVL', '2'), ('LD_LIBRARY_PATH', '/opt/ros/humble/opt/rviz_ogre_vendor/lib:/opt/ros/humble/lib/x86_64-linux-gnu:/opt/ros/humble/lib::/home/martina/.mujoco/mujoco210/bin:/usr/lib/nvidia:~/anaconda3/lib'), ('HOME', '/home/martina'), ('OLDPWD', '/home/martina/rp_project/robot-programming-project/src/simple_robot'), ('CHROME_DESKTOP', 'code.desktop'), ('TERMINFO', '/home/martina/.terminfo'), ('LESS', '-iRFXMx4'), ('CONDA_SHLVL', '1'), ('DESKTOP_SESSION', 'ubuntu'), ('TERM_PROGRAM_VERSION', '1.97.2'), ('GIO_LAUNCHED_DESKTOP_FILE', '/usr/share/applications/code.desktop'), ('LSCOLORS', 'ExGxDxDxCxDxDxFxFxexEx'), ('GTK_MODULES', 'gail:atk-bridge'), ('GNOME_SHELL_SESSION_MODE', 'ubuntu'), ('VSCODE_GIT_ASKPASS_MAIN', '/usr/share/code/resources/app/extensions/git/dist/askpass-main.js'), ('PAGER', 'less'), ('ROS_PYTHON_VERSION', '3'), ('LC_MONETARY', 'it_IT.UTF-8'), ('MANAGERPID', '887'), ('VSCODE_GIT_ASKPASS_NODE', '/usr/share/code/code'), ('SYSTEMD_EXEC_PID', '1152'), ('DBUS_SESSION_BUS_ADDRESS', 'unix:path=/run/user/1000/bus'), ('P9K_TTY', 'old'), ('GIO_LAUNCHED_DESKTOP_FILE_PID', '3260'), ('COLORTERM', 'truecolor'), ('_CE_M', ''), ('WAYLAND_DISPLAY', 'wayland-0'), ('INFOPATH', ''), ('ROS_DISTRO', 'humble'), ('COLCON_PREFIX_PATH', '/home/martina/rp_project/robot-programming-project/install'), ('LOGNAME', 'martina'), ('_', '/usr/bin/colcon'), ('JOURNAL_STREAM', '8:11413'), ('_P9K_SSH_TTY', '/dev/pts/2'), ('XDG_SESSION_CLASS', 'user'), ('USER_ZDOTDIR', '/home/martina'), ('ROS_VERSION', '2'), ('USERNAME', 'martina'), ('TERM', 'xterm-256color'), ('GNOME_DESKTOP_SESSION_ID', 'this-is-deprecated'), ('_CE_CONDA', ''), ('ROS_LOCALHOST_ONLY', '0'), ('PATH', '/opt/ros/humble/bin:/home/martina/.local/bin:/home/martina/.local/bin:/usr/lib/ccache:.:/home/martina/.mujoco/mujoco210/bin:/usr/lib/nvidia:/home/martina/anaconda3/condabin:/home/martina/bin:/home/martina/.local/bin:/usr/local/sbin:/usr/local/bin:/usr/sbin:/usr/bin:/sbin:/bin:/usr/games:/usr/local/games:/snap/bin:/home/martina/.cache/zsh4humans/v5/fzf/bin:/home/martina/other/install/bin'), ('SESSION_MANAGER', 'local/Martina-ThinkPad-X1-Yoga:@/tmp/.ICE-unix/1105,unix/Martina-ThinkPad-X1-Yoga:/tmp/.ICE-unix/1105'), ('INVOCATION_ID', 'abb78b4b018940349bd4da4c8fed9753'), ('LC_ADDRESS', 'it_IT.UTF-8'), ('XDG_RUNTIME_DIR', '/run/user/1000'), ('XDG_MENU_PREFIX', 'gnome-'), ('GNOME_SETUP_DISPLAY', ':1'), ('GDK_BACKEND', 'x11'), ('DISPLAY', ':0'), ('LANG', 'en_US.UTF-8'), ('LC_TELEPHONE', 'it_IT.UTF-8'), ('XDG_CURRENT_DESKTOP', 'Unity'), ('VSCODE_INJECTION', '1'), ('LD_PRELOAD', ':/usr/lib/x86_64-linux-gnu/libGLEW.so'), ('XDG_SESSION_DESKTOP', 'ubuntu'), ('XMODIFIERS', '@im=ibus'), ('XAUTHORITY', '/run/user/1000/.mutter-Xwaylandauth.L52E22'), ('TERM_PROGRAM', 'vscode'), ('VSCODE_GIT_IPC_HANDLE', '/run/user/1000/vscode-git-f640f2b3f6.sock'), ('LS_COLORS', 'fi=00:mi=00:mh=00:ln=01;36:or=01;31:di=01;34:ow=04;01;34:st=34:tw=04;34:pi=01;33:so=01;33:do=01;33:bd=01;33:cd=01;33:su=01;35:sg=01;35:ca=01;35:ex=01;32:no=38;5;248'), ('TREE_COLORS', 'fi=00:mi=00:mh=00:ln=01;36:or=01;31:di=01;34:ow=01;34:st=34:tw=34:pi=01;33:so=01;33:do=01;33:bd=01;33:cd=01;33:su=01;35:sg=01;35:ca=01;35:ex=01;32'), ('SSH_AGENT_LAUNCHER', 'gnome-keyring'), ('SSH_AUTH_SOCK', '/run/user/1000/keyring/ssh'), ('ORIGINAL_XDG_CURRENT_DESKTOP', 'ubuntu:GNOME'), ('CONDA_PYTHON_EXE', '/home/martina/anaconda3/bin/python'), ('AMENT_PREFIX_PATH', '/home/martina/rp_project/robot-programming-project/install/simple_robot:/opt/ros/humble'), ('LC_NAME', 'it_IT.UTF-8'), ('SHELL', '/usr/local/bin/zsh'), ('DEST', '/home/martina/other/install'), ('QT_ACCESSIBILITY', '1'), ('GDMSESSION', 'ubuntu'), ('CONDA_DEFAULT_ENV', 'base'), ('LC_MEASUREMENT', 'it_IT.UTF-8'), ('LC_IDENTIFICATION', 'it_IT.UTF-8'), ('GJS_DEBUG_OUTPUT', 'stderr'), ('P9K_SSH', '0'), ('QT_IM_MODULE', 'ibus'), ('VSCODE_GIT_ASKPASS_EXTRA_ARGS', ''), ('VSCODE_NONCE', '052e925b-acb5-444f-b870-f20c06506941'), ('LC_ALL', 'en_US.UTF-8'), ('PWD', '/home/martina/rp_project/robot-programming-project/src/simple_robot/build/simple_robot'), ('GPG_TTY', '/dev/pts/2'), ('XDG_DATA_DIRS', '/usr/local/share/:/usr/share/:/var/lib/snapd/desktop'), ('ZDOTDIR', '/home/martina'), ('_P9K_TTY', '/dev/pts/2'), ('CONDA_EXE', '/home/martina/anaconda3/bin/conda'), ('LC_NUMERIC', 'it_IT.UTF-8'), ('PYTHONPATH', '/opt/ros/humble/lib/python3.10/site-packages:/opt/ros/humble/local/lib/python3.10/dist-packages:/home/martina/other/install/lib/python3.10/site-packages/'), ('LC_PAPER', 'it_IT.UTF-8'), ('CONDA_PREFIX', '/home/martina/anaconda3'), ('COLCON', '1'), ('MANPATH', '/usr/local/share/man:/home/martina/.cache/zsh4humans/v5/fzf/man:'), ('CMAKE_PREFIX_PATH', '/home/martina/rp_project/robot-programming-project/install/simple_robot:/opt/ros/humble')]), 'shell': False}
[0.099618] (-) TimerEvent: {}
[0.201617] (-) TimerEvent: {}
[0.236083] (simple_robot) StdoutLine: {'line': b'-- The C compiler identification is GNU 11.4.0\n'}
[0.301732] (-) TimerEvent: {}
[0.402198] (-) TimerEvent: {}
[0.463642] (simple_robot) StdoutLine: {'line': b'-- The CXX compiler identification is GNU 11.4.0\n'}
[0.502319] (-) TimerEvent: {}
[0.512927] (simple_robot) StdoutLine: {'line': b'-- Detecting C compiler ABI info\n'}
[0.603031] (-) TimerEvent: {}
[0.700480] (simple_robot) StdoutLine: {'line': b'-- Detecting C compiler ABI info - done\n'}
[0.703746] (-) TimerEvent: {}
[0.726681] (simple_robot) StdoutLine: {'line': b'-- Check for working C compiler: /usr/lib/ccache/cc - skipped\n'}
[0.726995] (simple_robot) StdoutLine: {'line': b'-- Detecting C compile features\n'}
[0.727149] (simple_robot) StdoutLine: {'line': b'-- Detecting C compile features - done\n'}
[0.751561] (simple_robot) StdoutLine: {'line': b'-- Detecting CXX compiler ABI info\n'}
[0.804961] (-) TimerEvent: {}
[0.905399] (-) TimerEvent: {}
[1.007410] (-) TimerEvent: {}
[1.034642] (simple_robot) StdoutLine: {'line': b'-- Detecting CXX compiler ABI info - done\n'}
[1.049275] (simple_robot) StdoutLine: {'line': b'-- Check for working CXX compiler: /usr/lib/ccache/c++ - skipped\n'}
[1.050807] (simple_robot) StdoutLine: {'line': b'-- Detecting CXX compile features\n'}
[1.051333] (simple_robot) StdoutLine: {'line': b'-- Detecting CXX compile features - done\n'}
[1.074237] (simple_robot) StdoutLine: {'line': b'-- Found OpenCV: /usr (found suitable version "4.5.4", minimum required is "4.5.4") \n'}
[1.079367] (simple_robot) StdoutLine: {'line': b'-- Found ament_cmake: 1.3.11 (/opt/ros/humble/share/ament_cmake/cmake)\n'}
[1.107544] (-) TimerEvent: {}
[1.207989] (-) TimerEvent: {}
[1.308693] (-) TimerEvent: {}
[1.386557] (simple_robot) StdoutLine: {'line': b'-- Found Python3: /usr/bin/python3 (found version "3.10.12") found components: Interpreter \n'}
[1.408807] (-) TimerEvent: {}
[1.509183] (-) TimerEvent: {}
[1.613680] (-) TimerEvent: {}
[1.621944] (simple_robot) StdoutLine: {'line': b'-- Found rclcpp: 16.0.11 (/opt/ros/humble/share/rclcpp/cmake)\n'}
[1.703263] (simple_robot) StdoutLine: {'line': b'-- Found rosidl_generator_c: 3.1.6 (/opt/ros/humble/share/rosidl_generator_c/cmake)\n'}
[1.712952] (simple_robot) StdoutLine: {'line': b'-- Found rosidl_adapter: 3.1.6 (/opt/ros/humble/share/rosidl_adapter/cmake)\n'}
[1.714631] (-) TimerEvent: {}
[1.732368] (simple_robot) StdoutLine: {'line': b'-- Found rosidl_generator_cpp: 3.1.6 (/opt/ros/humble/share/rosidl_generator_cpp/cmake)\n'}
[1.760709] (simple_robot) StdoutLine: {'line': b'-- Using all available rosidl_typesupport_c: rosidl_typesupport_fastrtps_c;rosidl_typesupport_introspection_c\n'}
[1.809344] (simple_robot) StdoutLine: {'line': b'-- Using all available rosidl_typesupport_cpp: rosidl_typesupport_fastrtps_cpp;rosidl_typesupport_introspection_cpp\n'}
[1.814850] (-) TimerEvent: {}
[1.899808] (simple_robot) StdoutLine: {'line': b'-- Found rmw_implementation_cmake: 6.1.2 (/opt/ros/humble/share/rmw_implementation_cmake/cmake)\n'}
[1.908675] (simple_robot) StdoutLine: {'line': b'-- Found rmw_fastrtps_cpp: 6.2.7 (/opt/ros/humble/share/rmw_fastrtps_cpp/cmake)\n'}
[1.914968] (-) TimerEvent: {}
[2.015422] (-) TimerEvent: {}
[2.116148] (-) TimerEvent: {}
[2.217207] (-) TimerEvent: {}
[2.245398] (simple_robot) StdoutLine: {'line': b'-- Found OpenSSL: /usr/lib/x86_64-linux-gnu/libcrypto.so (found version "3.0.2")  \n'}
[2.317340] (-) TimerEvent: {}
[2.337636] (simple_robot) StdoutLine: {'line': b'-- Found FastRTPS: /opt/ros/humble/include  \n'}
[2.419622] (-) TimerEvent: {}
[2.474727] (simple_robot) StdoutLine: {'line': b"-- Using RMW implementation 'rmw_fastrtps_cpp' as default\n"}
[2.501827] (simple_robot) StdoutLine: {'line': b'-- Looking for pthread.h\n'}
[2.520836] (-) TimerEvent: {}
[2.621260] (-) TimerEvent: {}
[2.722499] (-) TimerEvent: {}
[2.748741] (simple_robot) StdoutLine: {'line': b'-- Looking for pthread.h - found\n'}
[2.749227] (simple_robot) StdoutLine: {'line': b'-- Performing Test CMAKE_HAVE_LIBC_PTHREAD\n'}
[2.822608] (-) TimerEvent: {}
[2.924062] (-) TimerEvent: {}
[3.025949] (-) TimerEvent: {}
[3.049761] (simple_robot) StdoutLine: {'line': b'-- Performing Test CMAKE_HAVE_LIBC_PTHREAD - Success\n'}
[3.060517] (simple_robot) StdoutLine: {'line': b'-- Found Threads: TRUE  \n'}
[3.126070] (-) TimerEvent: {}
[3.228616] (-) TimerEvent: {}
[3.263961] (simple_robot) StdoutLine: {'line': b'-- Found geometry_msgs: 4.2.4 (/opt/ros/humble/share/geometry_msgs/cmake)\n'}
[3.292134] (simple_robot) StdoutLine: {'line': b'-- Found sensor_msgs: 4.2.4 (/opt/ros/humble/share/sensor_msgs/cmake)\n'}
[3.328686] (simple_robot) StdoutLine: {'line': b'-- Found nav_msgs: 4.2.4 (/opt/ros/humble/share/nav_msgs/cmake)\n'}
[3.328993] (-) TimerEvent: {}
[3.374685] (simple_robot) StdoutLine: {'line': b'-- Found OpenCV: /usr (found version "4.5.4") \n'}
[3.430590] (-) TimerEvent: {}
[3.532773] (-) TimerEvent: {}
[3.562374] (simple_robot) StdoutLine: {'line': b'-- DATA_DIR: /home/martina/rp_project/robot-programming-project/src/simple_robot/data\n'}
[3.562786] (simple_robot) StdoutLine: {'line': b'-- Configuring done\n'}
[3.624817] (simple_robot) StdoutLine: {'line': b'-- Generating done\n'}
[3.635605] (-) TimerEvent: {}
[3.638708] (simple_robot) StdoutLine: {'line': b'-- Build files have been written to: /home/martina/rp_project/robot-programming-project/src/simple_robot/build/simple_robot\n'}
[3.665213] (simple_robot) CommandEnded: {'returncode': 0}
[3.674831] (simple_robot) JobProgress: {'identifier': 'simple_robot', 'progress': 'build'}
[3.674980] (simple_robot) Command: {'cmd': ['/usr/bin/cmake', '--build', '/home/martina/rp_project/robot-programming-project/src/simple_robot/build/simple_robot', '--', '-j4', '-l4'], 'cwd': '/home/martina/rp_project/robot-programming-project/src/simple_robot/build/simple_robot', 'env': OrderedDict([('GJS_DEBUG_TOPICS', 'JS ERROR;JS LOG'), ('LESSOPEN', '| /usr/bin/env /usr/bin/lesspipe %s 2>/dev/null'), ('CONDA_PROMPT_MODIFIER', '(base)'), ('LC_TIME', 'it_IT.UTF-8'), ('USER', 'martina'), ('XDG_SESSION_TYPE', 'wayland'), ('GIT_ASKPASS', '/usr/share/code/resources/app/extensions/git/dist/askpass.sh'), ('SHLVL', '2'), ('LD_LIBRARY_PATH', '/opt/ros/humble/opt/rviz_ogre_vendor/lib:/opt/ros/humble/lib/x86_64-linux-gnu:/opt/ros/humble/lib::/home/martina/.mujoco/mujoco210/bin:/usr/lib/nvidia:~/anaconda3/lib'), ('HOME', '/home/martina'), ('OLDPWD', '/home/martina/rp_project/robot-programming-project/src/simple_robot'), ('CHROME_DESKTOP', 'code.desktop'), ('TERMINFO', '/home/martina/.terminfo'), ('LESS', '-iRFXMx4'), ('CONDA_SHLVL', '1'), ('DESKTOP_SESSION', 'ubuntu'), ('TERM_PROGRAM_VERSION', '1.97.2'), ('GIO_LAUNCHED_DESKTOP_FILE', '/usr/share/applications/code.desktop'), ('LSCOLORS', 'ExGxDxDxCxDxDxFxFxexEx'), ('GTK_MODULES', 'gail:atk-bridge'), ('GNOME_SHELL_SESSION_MODE', 'ubuntu'), ('VSCODE_GIT_ASKPASS_MAIN', '/usr/share/code/resources/app/extensions/git/dist/askpass-main.js'), ('PAGER', 'less'), ('ROS_PYTHON_VERSION', '3'), ('LC_MONETARY', 'it_IT.UTF-8'), ('MANAGERPID', '887'), ('VSCODE_GIT_ASKPASS_NODE', '/usr/share/code/code'), ('SYSTEMD_EXEC_PID', '1152'), ('DBUS_SESSION_BUS_ADDRESS', 'unix:path=/run/user/1000/bus'), ('P9K_TTY', 'old'), ('GIO_LAUNCHED_DESKTOP_FILE_PID', '3260'), ('COLORTERM', 'truecolor'), ('_CE_M', ''), ('WAYLAND_DISPLAY', 'wayland-0'), ('INFOPATH', ''), ('ROS_DISTRO', 'humble'), ('COLCON_PREFIX_PATH', '/home/martina/rp_project/robot-programming-project/install'), ('LOGNAME', 'martina'), ('_', '/usr/bin/colcon'), ('JOURNAL_STREAM', '8:11413'), ('_P9K_SSH_TTY', '/dev/pts/2'), ('XDG_SESSION_CLASS', 'user'), ('USER_ZDOTDIR', '/home/martina'), ('ROS_VERSION', '2'), ('USERNAME', 'martina'), ('TERM', 'xterm-256color'), ('GNOME_DESKTOP_SESSION_ID', 'this-is-deprecated'), ('_CE_CONDA', ''), ('ROS_LOCALHOST_ONLY', '0'), ('PATH', '/opt/ros/humble/bin:/home/martina/.local/bin:/home/martina/.local/bin:/usr/lib/ccache:.:/home/martina/.mujoco/mujoco210/bin:/usr/lib/nvidia:/home/martina/anaconda3/condabin:/home/martina/bin:/home/martina/.local/bin:/usr/local/sbin:/usr/local/bin:/usr/sbin:/usr/bin:/sbin:/bin:/usr/games:/usr/local/games:/snap/bin:/home/martina/.cache/zsh4humans/v5/fzf/bin:/home/martina/other/install/bin'), ('SESSION_MANAGER', 'local/Martina-ThinkPad-X1-Yoga:@/tmp/.ICE-unix/1105,unix/Martina-ThinkPad-X1-Yoga:/tmp/.ICE-unix/1105'), ('INVOCATION_ID', 'abb78b4b018940349bd4da4c8fed9753'), ('LC_ADDRESS', 'it_IT.UTF-8'), ('XDG_RUNTIME_DIR', '/run/user/1000'), ('XDG_MENU_PREFIX', 'gnome-'), ('GNOME_SETUP_DISPLAY', ':1'), ('GDK_BACKEND', 'x11'), ('DISPLAY', ':0'), ('LANG', 'en_US.UTF-8'), ('LC_TELEPHONE', 'it_IT.UTF-8'), ('XDG_CURRENT_DESKTOP', 'Unity'), ('VSCODE_INJECTION', '1'), ('LD_PRELOAD', ':/usr/lib/x86_64-linux-gnu/libGLEW.so'), ('XDG_SESSION_DESKTOP', 'ubuntu'), ('XMODIFIERS', '@im=ibus'), ('XAUTHORITY', '/run/user/1000/.mutter-Xwaylandauth.L52E22'), ('TERM_PROGRAM', 'vscode'), ('VSCODE_GIT_IPC_HANDLE', '/run/user/1000/vscode-git-f640f2b3f6.sock'), ('LS_COLORS', 'fi=00:mi=00:mh=00:ln=01;36:or=01;31:di=01;34:ow=04;01;34:st=34:tw=04;34:pi=01;33:so=01;33:do=01;33:bd=01;33:cd=01;33:su=01;35:sg=01;35:ca=01;35:ex=01;32:no=38;5;248'), ('TREE_COLORS', 'fi=00:mi=00:mh=00:ln=01;36:or=01;31:di=01;34:ow=01;34:st=34:tw=34:pi=01;33:so=01;33:do=01;33:bd=01;33:cd=01;33:su=01;35:sg=01;35:ca=01;35:ex=01;32'), ('SSH_AGENT_LAUNCHER', 'gnome-keyring'), ('SSH_AUTH_SOCK', '/run/user/1000/keyring/ssh'), ('ORIGINAL_XDG_CURRENT_DESKTOP', 'ubuntu:GNOME'), ('CONDA_PYTHON_EXE', '/home/martina/anaconda3/bin/python'), ('AMENT_PREFIX_PATH', '/home/martina/rp_project/robot-programming-project/install/simple_robot:/opt/ros/humble'), ('LC_NAME', 'it_IT.UTF-8'), ('SHELL', '/usr/local/bin/zsh'), ('DEST', '/home/martina/other/install'), ('QT_ACCESSIBILITY', '1'), ('GDMSESSION', 'ubuntu'), ('CONDA_DEFAULT_ENV', 'base'), ('LC_MEASUREMENT', 'it_IT.UTF-8'), ('LC_IDENTIFICATION', 'it_IT.UTF-8'), ('GJS_DEBUG_OUTPUT', 'stderr'), ('P9K_SSH', '0'), ('QT_IM_MODULE', 'ibus'), ('VSCODE_GIT_ASKPASS_EXTRA_ARGS', ''), ('VSCODE_NONCE', '052e925b-acb5-444f-b870-f20c06506941'), ('LC_ALL', 'en_US.UTF-8'), ('PWD', '/home/martina/rp_project/robot-programming-project/src/simple_robot/build/simple_robot'), ('GPG_TTY', '/dev/pts/2'), ('XDG_DATA_DIRS', '/usr/local/share/:/usr/share/:/var/lib/snapd/desktop'), ('ZDOTDIR', '/home/martina'), ('_P9K_TTY', '/dev/pts/2'), ('CONDA_EXE', '/home/martina/anaconda3/bin/conda'), ('LC_NUMERIC', 'it_IT.UTF-8'), ('PYTHONPATH', '/opt/ros/humble/lib/python3.10/site-packages:/opt/ros/humble/local/lib/python3.10/dist-packages:/home/martina/other/install/lib/python3.10/site-packages/'), ('LC_PAPER', 'it_IT.UTF-8'), ('CONDA_PREFIX', '/home/martina/anaconda3'), ('COLCON', '1'), ('MANPATH', '/usr/local/share/man:/home/martina/.cache/zsh4humans/v5/fzf/man:'), ('CMAKE_PREFIX_PATH', '/home/martina/rp_project/robot-programming-project/install/simple_robot:/opt/ros/humble')]), 'shell': False}
[3.735782] (-) TimerEvent: {}
[3.837655] (-) TimerEvent: {}
[3.873190] (simple_robot) StdoutLine: {'line': b'\x1b[35m\x1b[1mConsolidate compiler generated dependencies of target grid_map\x1b[0m\n'}
[3.888638] (simple_robot) StdoutLine: {'line': b'\x1b[35m\x1b[1mConsolidate compiler generated dependencies of target robot_map_node\x1b[0m\n'}
[3.937788] (-) TimerEvent: {}
[3.981904] (simple_robot) StdoutLine: {'line': b'[  8%] \x1b[32mBuilding CXX object CMakeFiles/robot_map_node.dir/src/main.cpp.o\x1b[0m\n'}
[3.991837] (simple_robot) StdoutLine: {'line': b'[ 16%] \x1b[32mBuilding CXX object src/CMakeFiles/grid_map.dir/main.cpp.o\x1b[0m\n'}
[4.039644] (-) TimerEvent: {}
[4.140105] (-) TimerEvent: {}
[4.240590] (-) TimerEvent: {}
[4.342646] (-) TimerEvent: {}
[4.443607] (-) TimerEvent: {}
[4.546823] (-) TimerEvent: {}
[4.651793] (-) TimerEvent: {}
[4.752182] (-) TimerEvent: {}
[4.852618] (-) TimerEvent: {}
[4.957802] (-) TimerEvent: {}
[5.060608] (-) TimerEvent: {}
[5.161112] (-) TimerEvent: {}
[5.263640] (-) TimerEvent: {}
[5.366626] (-) TimerEvent: {}
[5.467118] (-) TimerEvent: {}
[5.569153] (-) TimerEvent: {}
[5.669832] (-) TimerEvent: {}
[5.770223] (-) TimerEvent: {}
[5.872791] (-) TimerEvent: {}
[5.976734] (-) TimerEvent: {}
[6.077206] (-) TimerEvent: {}
[6.177664] (-) TimerEvent: {}
[6.280602] (-) TimerEvent: {}
[6.381021] (-) TimerEvent: {}
[6.482616] (-) TimerEvent: {}
[6.584011] (-) TimerEvent: {}
[6.685976] (-) TimerEvent: {}
[6.786988] (-) TimerEvent: {}
[6.888142] (-) TimerEvent: {}
[6.988542] (-) TimerEvent: {}
[7.089488] (-) TimerEvent: {}
[7.191912] (-) TimerEvent: {}
[7.293871] (-) TimerEvent: {}
[7.395638] (-) TimerEvent: {}
[7.497107] (-) TimerEvent: {}
[7.599830] (-) TimerEvent: {}
[7.700377] (-) TimerEvent: {}
[7.801066] (-) TimerEvent: {}
[7.901936] (-) TimerEvent: {}
[8.002976] (-) TimerEvent: {}
[8.104309] (-) TimerEvent: {}
[8.204745] (-) TimerEvent: {}
[8.305865] (-) TimerEvent: {}
[8.407379] (-) TimerEvent: {}
[8.508556] (-) TimerEvent: {}
[8.609503] (-) TimerEvent: {}
[8.713829] (-) TimerEvent: {}
[8.815638] (-) TimerEvent: {}
[8.916481] (-) TimerEvent: {}
[9.017352] (-) TimerEvent: {}
[9.117748] (-) TimerEvent: {}
[9.218211] (-) TimerEvent: {}
[9.318607] (-) TimerEvent: {}
[9.419168] (-) TimerEvent: {}
[9.520303] (-) TimerEvent: {}
[9.621789] (-) TimerEvent: {}
[9.722601] (-) TimerEvent: {}
[9.822988] (-) TimerEvent: {}
[9.923913] (-) TimerEvent: {}
[10.024302] (-) TimerEvent: {}
[10.124934] (-) TimerEvent: {}
[10.225356] (-) TimerEvent: {}
[10.327669] (-) TimerEvent: {}
[10.428101] (-) TimerEvent: {}
[10.529198] (-) TimerEvent: {}
[10.630657] (-) TimerEvent: {}
[10.731288] (-) TimerEvent: {}
[10.831960] (-) TimerEvent: {}
[10.932404] (-) TimerEvent: {}
[11.032905] (-) TimerEvent: {}
[11.133320] (-) TimerEvent: {}
[11.234164] (-) TimerEvent: {}
[11.334863] (-) TimerEvent: {}
[11.435253] (-) TimerEvent: {}
[11.535660] (-) TimerEvent: {}
[11.636628] (-) TimerEvent: {}
[11.737083] (-) TimerEvent: {}
[11.837910] (-) TimerEvent: {}
[11.938763] (-) TimerEvent: {}
[12.039186] (-) TimerEvent: {}
[12.139608] (-) TimerEvent: {}
[12.240001] (-) TimerEvent: {}
[12.340617] (-) TimerEvent: {}
[12.441075] (-) TimerEvent: {}
[12.541475] (-) TimerEvent: {}
[12.641887] (-) TimerEvent: {}
[12.742286] (-) TimerEvent: {}
[12.842676] (-) TimerEvent: {}
[12.943067] (-) TimerEvent: {}
[13.043462] (-) TimerEvent: {}
[13.143888] (-) TimerEvent: {}
[13.244589] (-) TimerEvent: {}
[13.346631] (-) TimerEvent: {}
[13.447461] (-) TimerEvent: {}
[13.547844] (-) TimerEvent: {}
[13.648217] (-) TimerEvent: {}
[13.749144] (-) TimerEvent: {}
[13.849577] (-) TimerEvent: {}
[13.949972] (-) TimerEvent: {}
[14.050417] (-) TimerEvent: {}
[14.150810] (-) TimerEvent: {}
[14.251198] (-) TimerEvent: {}
[14.351595] (-) TimerEvent: {}
[14.452041] (-) TimerEvent: {}
[14.552451] (-) TimerEvent: {}
[14.652974] (-) TimerEvent: {}
[14.753536] (-) TimerEvent: {}
[14.853949] (-) TimerEvent: {}
[14.954346] (-) TimerEvent: {}
[15.054810] (-) TimerEvent: {}
[15.155266] (-) TimerEvent: {}
[15.255716] (-) TimerEvent: {}
[15.356161] (-) TimerEvent: {}
[15.456822] (-) TimerEvent: {}
[15.557249] (-) TimerEvent: {}
[15.657606] (-) TimerEvent: {}
[15.757984] (-) TimerEvent: {}
[15.858363] (-) TimerEvent: {}
[15.959272] (-) TimerEvent: {}
[16.059613] (-) TimerEvent: {}
[16.160011] (-) TimerEvent: {}
[16.260501] (-) TimerEvent: {}
[16.361436] (-) TimerEvent: {}
[16.462434] (-) TimerEvent: {}
[16.562860] (-) TimerEvent: {}
[16.663689] (-) TimerEvent: {}
[16.764301] (-) TimerEvent: {}
[16.864911] (-) TimerEvent: {}
[16.965282] (-) TimerEvent: {}
[17.065912] (-) TimerEvent: {}
[17.166602] (-) TimerEvent: {}
[17.267014] (-) TimerEvent: {}
[17.367874] (-) TimerEvent: {}
[17.468257] (-) TimerEvent: {}
[17.568875] (-) TimerEvent: {}
[17.669333] (-) TimerEvent: {}
[17.769958] (-) TimerEvent: {}
[17.870339] (-) TimerEvent: {}
[17.972506] (-) TimerEvent: {}
[18.073354] (-) TimerEvent: {}
[18.173995] (-) TimerEvent: {}
[18.274404] (-) TimerEvent: {}
[18.374796] (-) TimerEvent: {}
[18.475191] (-) TimerEvent: {}
[18.575600] (-) TimerEvent: {}
[18.675998] (-) TimerEvent: {}
[18.776398] (-) TimerEvent: {}
[18.877123] (-) TimerEvent: {}
[18.977651] (-) TimerEvent: {}
[19.078604] (-) TimerEvent: {}
[19.179005] (-) TimerEvent: {}
[19.279727] (-) TimerEvent: {}
[19.380209] (-) TimerEvent: {}
[19.480816] (-) TimerEvent: {}
[19.581765] (-) TimerEvent: {}
[19.682193] (-) TimerEvent: {}
[19.782618] (-) TimerEvent: {}
[19.883135] (-) TimerEvent: {}
[19.983537] (-) TimerEvent: {}
[20.083929] (-) TimerEvent: {}
[20.184333] (-) TimerEvent: {}
[20.284826] (-) TimerEvent: {}
[20.389603] (-) TimerEvent: {}
[20.489990] (-) TimerEvent: {}
[20.590366] (-) TimerEvent: {}
[20.691054] (-) TimerEvent: {}
[20.791891] (-) TimerEvent: {}
[20.892627] (-) TimerEvent: {}
[20.993105] (-) TimerEvent: {}
[21.094050] (-) TimerEvent: {}
[21.194961] (-) TimerEvent: {}
[21.295479] (-) TimerEvent: {}
[21.396447] (-) TimerEvent: {}
[21.496892] (-) TimerEvent: {}
[21.597322] (-) TimerEvent: {}
[21.697910] (-) TimerEvent: {}
[21.798509] (-) TimerEvent: {}
[21.898935] (-) TimerEvent: {}
[21.999327] (-) TimerEvent: {}
[22.099752] (-) TimerEvent: {}
[22.200138] (-) TimerEvent: {}
[22.300492] (-) TimerEvent: {}
[22.400870] (-) TimerEvent: {}
[22.501255] (-) TimerEvent: {}
[22.601609] (-) TimerEvent: {}
[22.701991] (-) TimerEvent: {}
[22.802381] (-) TimerEvent: {}
[22.902825] (-) TimerEvent: {}
[23.003236] (-) TimerEvent: {}
[23.103709] (-) TimerEvent: {}
[23.204210] (-) TimerEvent: {}
[23.304599] (-) TimerEvent: {}
[23.404990] (-) TimerEvent: {}
[23.505372] (-) TimerEvent: {}
[23.605842] (-) TimerEvent: {}
[23.707036] (-) TimerEvent: {}
[23.807569] (-) TimerEvent: {}
[23.908100] (-) TimerEvent: {}
[24.008667] (-) TimerEvent: {}
[24.109363] (-) TimerEvent: {}
[24.209802] (-) TimerEvent: {}
[24.312546] (-) TimerEvent: {}
[24.412918] (-) TimerEvent: {}
[24.513372] (-) TimerEvent: {}
[24.615319] (-) TimerEvent: {}
[24.716035] (-) TimerEvent: {}
[24.816392] (-) TimerEvent: {}
[24.916751] (-) TimerEvent: {}
[25.017327] (-) TimerEvent: {}
[25.117710] (-) TimerEvent: {}
[25.218070] (-) TimerEvent: {}
[25.318419] (-) TimerEvent: {}
[25.418774] (-) TimerEvent: {}
[25.519118] (-) TimerEvent: {}
[25.619472] (-) TimerEvent: {}
[25.719825] (-) TimerEvent: {}
[25.820169] (-) TimerEvent: {}
[25.920898] (-) TimerEvent: {}
[26.021586] (-) TimerEvent: {}
[26.121939] (-) TimerEvent: {}
[26.222486] (-) TimerEvent: {}
[26.323045] (-) TimerEvent: {}
[26.424603] (-) TimerEvent: {}
[26.524974] (-) TimerEvent: {}
[26.625871] (-) TimerEvent: {}
[26.726521] (-) TimerEvent: {}
[26.826971] (-) TimerEvent: {}
[26.927472] (-) TimerEvent: {}
[27.028290] (-) TimerEvent: {}
[27.128994] (-) TimerEvent: {}
[27.229349] (-) TimerEvent: {}
[27.330130] (-) TimerEvent: {}
[27.430703] (-) TimerEvent: {}
[27.531045] (-) TimerEvent: {}
[27.631393] (-) TimerEvent: {}
[27.731763] (-) TimerEvent: {}
[27.832160] (-) TimerEvent: {}
[27.932544] (-) TimerEvent: {}
[28.032887] (-) TimerEvent: {}
[28.133235] (-) TimerEvent: {}
[28.233591] (-) TimerEvent: {}
[28.334151] (-) TimerEvent: {}
[28.434715] (-) TimerEvent: {}
[28.535073] (-) TimerEvent: {}
[28.636238] (-) TimerEvent: {}
[28.736830] (-) TimerEvent: {}
[28.837385] (-) TimerEvent: {}
[28.937793] (-) TimerEvent: {}
[29.038510] (-) TimerEvent: {}
[29.139101] (-) TimerEvent: {}
[29.239446] (-) TimerEvent: {}
[29.339823] (-) TimerEvent: {}
[29.440395] (-) TimerEvent: {}
[29.541001] (-) TimerEvent: {}
[29.642132] (-) TimerEvent: {}
[29.742720] (-) TimerEvent: {}
[29.843466] (-) TimerEvent: {}
[29.944143] (-) TimerEvent: {}
[30.045133] (-) TimerEvent: {}
[30.145549] (-) TimerEvent: {}
[30.245911] (-) TimerEvent: {}
[30.346271] (-) TimerEvent: {}
[30.446685] (-) TimerEvent: {}
[30.547074] (-) TimerEvent: {}
[30.647425] (-) TimerEvent: {}
[30.748061] (-) TimerEvent: {}
[30.848429] (-) TimerEvent: {}
[30.948774] (-) TimerEvent: {}
[31.049121] (-) TimerEvent: {}
[31.149466] (-) TimerEvent: {}
[31.249820] (-) TimerEvent: {}
[31.350372] (-) TimerEvent: {}
[31.450946] (-) TimerEvent: {}
[31.551284] (-) TimerEvent: {}
[31.651601] (-) TimerEvent: {}
[31.751938] (-) TimerEvent: {}
[31.852284] (-) TimerEvent: {}
[31.952612] (-) TimerEvent: {}
[32.052972] (-) TimerEvent: {}
[32.153315] (-) TimerEvent: {}
[32.254095] (-) TimerEvent: {}
[32.354432] (-) TimerEvent: {}
[32.454813] (-) TimerEvent: {}
[32.555406] (-) TimerEvent: {}
[32.655790] (-) TimerEvent: {}
[32.756187] (-) TimerEvent: {}
[32.856967] (-) TimerEvent: {}
[32.959770] (-) TimerEvent: {}
[33.060164] (-) TimerEvent: {}
[33.165856] (-) TimerEvent: {}
[33.267212] (-) TimerEvent: {}
[33.368449] (-) TimerEvent: {}
[33.469064] (-) TimerEvent: {}
[33.569785] (-) TimerEvent: {}
[33.670823] (-) TimerEvent: {}
[33.771636] (-) TimerEvent: {}
[33.872631] (-) TimerEvent: {}
[33.973186] (-) TimerEvent: {}
[34.073600] (-) TimerEvent: {}
[34.174024] (-) TimerEvent: {}
[34.274475] (-) TimerEvent: {}
[34.374914] (-) TimerEvent: {}
[34.475328] (-) TimerEvent: {}
[34.517477] (simple_robot) StdoutLine: {'line': b'[ 25%] \x1b[32m\x1b[1mLinking CXX shared library libgrid_map.so\x1b[0m\n'}
[34.571613] (simple_robot) StdoutLine: {'line': b'[ 33%] \x1b[32m\x1b[1mLinking CXX executable robot_map_node\x1b[0m\n'}
[34.575458] (-) TimerEvent: {}
[34.677364] (-) TimerEvent: {}
[34.778168] (-) TimerEvent: {}
[34.881024] (-) TimerEvent: {}
[34.983625] (-) TimerEvent: {}
[35.087458] (-) TimerEvent: {}
[35.189850] (-) TimerEvent: {}
[35.292484] (-) TimerEvent: {}
[35.396051] (-) TimerEvent: {}
[35.500733] (-) TimerEvent: {}
[35.602932] (-) TimerEvent: {}
[35.703497] (-) TimerEvent: {}
[35.806902] (-) TimerEvent: {}
[35.907498] (-) TimerEvent: {}
[36.008177] (-) TimerEvent: {}
[36.109295] (-) TimerEvent: {}
[36.211900] (-) TimerEvent: {}
[36.312406] (-) TimerEvent: {}
[36.413316] (-) TimerEvent: {}
[36.513687] (-) TimerEvent: {}
[36.614121] (-) TimerEvent: {}
[36.714550] (-) TimerEvent: {}
[36.815209] (-) TimerEvent: {}
[36.916208] (-) TimerEvent: {}
[37.016960] (-) TimerEvent: {}
[37.120197] (-) TimerEvent: {}
[37.220610] (-) TimerEvent: {}
[37.321593] (-) TimerEvent: {}
[37.382741] (simple_robot) StdoutLine: {'line': b'[ 66%] Built target grid_map\n'}
[37.421713] (-) TimerEvent: {}
[37.522188] (-) TimerEvent: {}
[37.623402] (-) TimerEvent: {}
[37.723968] (-) TimerEvent: {}
[37.825354] (-) TimerEvent: {}
[37.926808] (-) TimerEvent: {}
[38.028469] (-) TimerEvent: {}
[38.128943] (-) TimerEvent: {}
[38.229459] (-) TimerEvent: {}
[38.257082] (simple_robot) StdoutLine: {'line': b'[100%] Built target robot_map_node\n'}
[38.296074] (simple_robot) CommandEnded: {'returncode': 0}
[38.297700] (simple_robot) JobProgress: {'identifier': 'simple_robot', 'progress': 'install'}
[38.329383] (simple_robot) Command: {'cmd': ['/usr/bin/cmake', '--install', '/home/martina/rp_project/robot-programming-project/src/simple_robot/build/simple_robot'], 'cwd': '/home/martina/rp_project/robot-programming-project/src/simple_robot/build/simple_robot', 'env': OrderedDict([('GJS_DEBUG_TOPICS', 'JS ERROR;JS LOG'), ('LESSOPEN', '| /usr/bin/env /usr/bin/lesspipe %s 2>/dev/null'), ('CONDA_PROMPT_MODIFIER', '(base)'), ('LC_TIME', 'it_IT.UTF-8'), ('USER', 'martina'), ('XDG_SESSION_TYPE', 'wayland'), ('GIT_ASKPASS', '/usr/share/code/resources/app/extensions/git/dist/askpass.sh'), ('SHLVL', '2'), ('LD_LIBRARY_PATH', '/opt/ros/humble/opt/rviz_ogre_vendor/lib:/opt/ros/humble/lib/x86_64-linux-gnu:/opt/ros/humble/lib::/home/martina/.mujoco/mujoco210/bin:/usr/lib/nvidia:~/anaconda3/lib'), ('HOME', '/home/martina'), ('OLDPWD', '/home/martina/rp_project/robot-programming-project/src/simple_robot'), ('CHROME_DESKTOP', 'code.desktop'), ('TERMINFO', '/home/martina/.terminfo'), ('LESS', '-iRFXMx4'), ('CONDA_SHLVL', '1'), ('DESKTOP_SESSION', 'ubuntu'), ('TERM_PROGRAM_VERSION', '1.97.2'), ('GIO_LAUNCHED_DESKTOP_FILE', '/usr/share/applications/code.desktop'), ('LSCOLORS', 'ExGxDxDxCxDxDxFxFxexEx'), ('GTK_MODULES', 'gail:atk-bridge'), ('GNOME_SHELL_SESSION_MODE', 'ubuntu'), ('VSCODE_GIT_ASKPASS_MAIN', '/usr/share/code/resources/app/extensions/git/dist/askpass-main.js'), ('PAGER', 'less'), ('ROS_PYTHON_VERSION', '3'), ('LC_MONETARY', 'it_IT.UTF-8'), ('MANAGERPID', '887'), ('VSCODE_GIT_ASKPASS_NODE', '/usr/share/code/code'), ('SYSTEMD_EXEC_PID', '1152'), ('DBUS_SESSION_BUS_ADDRESS', 'unix:path=/run/user/1000/bus'), ('P9K_TTY', 'old'), ('GIO_LAUNCHED_DESKTOP_FILE_PID', '3260'), ('COLORTERM', 'truecolor'), ('_CE_M', ''), ('WAYLAND_DISPLAY', 'wayland-0'), ('INFOPATH', ''), ('ROS_DISTRO', 'humble'), ('COLCON_PREFIX_PATH', '/home/martina/rp_project/robot-programming-project/install'), ('LOGNAME', 'martina'), ('_', '/usr/bin/colcon'), ('JOURNAL_STREAM', '8:11413'), ('_P9K_SSH_TTY', '/dev/pts/2'), ('XDG_SESSION_CLASS', 'user'), ('USER_ZDOTDIR', '/home/martina'), ('ROS_VERSION', '2'), ('USERNAME', 'martina'), ('TERM', 'xterm-256color'), ('GNOME_DESKTOP_SESSION_ID', 'this-is-deprecated'), ('_CE_CONDA', ''), ('ROS_LOCALHOST_ONLY', '0'), ('PATH', '/opt/ros/humble/bin:/home/martina/.local/bin:/home/martina/.local/bin:/usr/lib/ccache:.:/home/martina/.mujoco/mujoco210/bin:/usr/lib/nvidia:/home/martina/anaconda3/condabin:/home/martina/bin:/home/martina/.local/bin:/usr/local/sbin:/usr/local/bin:/usr/sbin:/usr/bin:/sbin:/bin:/usr/games:/usr/local/games:/snap/bin:/home/martina/.cache/zsh4humans/v5/fzf/bin:/home/martina/other/install/bin'), ('SESSION_MANAGER', 'local/Martina-ThinkPad-X1-Yoga:@/tmp/.ICE-unix/1105,unix/Martina-ThinkPad-X1-Yoga:/tmp/.ICE-unix/1105'), ('INVOCATION_ID', 'abb78b4b018940349bd4da4c8fed9753'), ('LC_ADDRESS', 'it_IT.UTF-8'), ('XDG_RUNTIME_DIR', '/run/user/1000'), ('XDG_MENU_PREFIX', 'gnome-'), ('GNOME_SETUP_DISPLAY', ':1'), ('GDK_BACKEND', 'x11'), ('DISPLAY', ':0'), ('LANG', 'en_US.UTF-8'), ('LC_TELEPHONE', 'it_IT.UTF-8'), ('XDG_CURRENT_DESKTOP', 'Unity'), ('VSCODE_INJECTION', '1'), ('LD_PRELOAD', ':/usr/lib/x86_64-linux-gnu/libGLEW.so'), ('XDG_SESSION_DESKTOP', 'ubuntu'), ('XMODIFIERS', '@im=ibus'), ('XAUTHORITY', '/run/user/1000/.mutter-Xwaylandauth.L52E22'), ('TERM_PROGRAM', 'vscode'), ('VSCODE_GIT_IPC_HANDLE', '/run/user/1000/vscode-git-f640f2b3f6.sock'), ('LS_COLORS', 'fi=00:mi=00:mh=00:ln=01;36:or=01;31:di=01;34:ow=04;01;34:st=34:tw=04;34:pi=01;33:so=01;33:do=01;33:bd=01;33:cd=01;33:su=01;35:sg=01;35:ca=01;35:ex=01;32:no=38;5;248'), ('TREE_COLORS', 'fi=00:mi=00:mh=00:ln=01;36:or=01;31:di=01;34:ow=01;34:st=34:tw=34:pi=01;33:so=01;33:do=01;33:bd=01;33:cd=01;33:su=01;35:sg=01;35:ca=01;35:ex=01;32'), ('SSH_AGENT_LAUNCHER', 'gnome-keyring'), ('SSH_AUTH_SOCK', '/run/user/1000/keyring/ssh'), ('ORIGINAL_XDG_CURRENT_DESKTOP', 'ubuntu:GNOME'), ('CONDA_PYTHON_EXE', '/home/martina/anaconda3/bin/python'), ('AMENT_PREFIX_PATH', '/home/martina/rp_project/robot-programming-project/install/simple_robot:/opt/ros/humble'), ('LC_NAME', 'it_IT.UTF-8'), ('SHELL', '/usr/local/bin/zsh'), ('DEST', '/home/martina/other/install'), ('QT_ACCESSIBILITY', '1'), ('GDMSESSION', 'ubuntu'), ('CONDA_DEFAULT_ENV', 'base'), ('LC_MEASUREMENT', 'it_IT.UTF-8'), ('LC_IDENTIFICATION', 'it_IT.UTF-8'), ('GJS_DEBUG_OUTPUT', 'stderr'), ('P9K_SSH', '0'), ('QT_IM_MODULE', 'ibus'), ('VSCODE_GIT_ASKPASS_EXTRA_ARGS', ''), ('VSCODE_NONCE', '052e925b-acb5-444f-b870-f20c06506941'), ('LC_ALL', 'en_US.UTF-8'), ('PWD', '/home/martina/rp_project/robot-programming-project/src/simple_robot/build/simple_robot'), ('GPG_TTY', '/dev/pts/2'), ('XDG_DATA_DIRS', '/usr/local/share/:/usr/share/:/var/lib/snapd/desktop'), ('ZDOTDIR', '/home/martina'), ('_P9K_TTY', '/dev/pts/2'), ('CONDA_EXE', '/home/martina/anaconda3/bin/conda'), ('LC_NUMERIC', 'it_IT.UTF-8'), ('PYTHONPATH', '/opt/ros/humble/lib/python3.10/site-packages:/opt/ros/humble/local/lib/python3.10/dist-packages:/home/martina/other/install/lib/python3.10/site-packages/'), ('LC_PAPER', 'it_IT.UTF-8'), ('CONDA_PREFIX', '/home/martina/anaconda3'), ('COLCON', '1'), ('MANPATH', '/usr/local/share/man:/home/martina/.cache/zsh4humans/v5/fzf/man:'), ('CMAKE_PREFIX_PATH', '/home/martina/rp_project/robot-programming-project/install/simple_robot:/opt/ros/humble')]), 'shell': False}
[38.330898] (-) TimerEvent: {}
[38.354195] (simple_robot) StdoutLine: {'line': b'-- Install configuration: ""\n'}
[38.355798] (simple_robot) StdoutLine: {'line': b'-- Installing: /home/martina/rp_project/robot-programming-project/src/simple_robot/install/simple_robot/lib/simple_robot/robot_map_node\n'}
[38.375219] (simple_robot) StdoutLine: {'line': b'-- Set runtime path of "/home/martina/rp_project/robot-programming-project/src/simple_robot/install/simple_robot/lib/simple_robot/robot_map_node" to ""\n'}
[38.376258] (simple_robot) StdoutLine: {'line': b'-- Up-to-date: /home/martina/rp_project/robot-programming-project/src/simple_robot/install/simple_robot/share/ament_index/resource_index/package_run_dependencies/simple_robot\n'}
[38.377168] (simple_robot) StdoutLine: {'line': b'-- Up-to-date: /home/martina/rp_project/robot-programming-project/src/simple_robot/install/simple_robot/share/ament_index/resource_index/parent_prefix_path/simple_robot\n'}
[38.377437] (simple_robot) StdoutLine: {'line': b'-- Up-to-date: /home/martina/rp_project/robot-programming-project/src/simple_robot/install/simple_robot/share/simple_robot/environment/ament_prefix_path.sh\n'}
[38.377667] (simple_robot) StdoutLine: {'line': b'-- Installing: /home/martina/rp_project/robot-programming-project/src/simple_robot/install/simple_robot/share/simple_robot/environment/ament_prefix_path.dsv\n'}
[38.377873] (simple_robot) StdoutLine: {'line': b'-- Up-to-date: /home/martina/rp_project/robot-programming-project/src/simple_robot/install/simple_robot/share/simple_robot/environment/path.sh\n'}
[38.381155] (simple_robot) StdoutLine: {'line': b'-- Installing: /home/martina/rp_project/robot-programming-project/src/simple_robot/install/simple_robot/share/simple_robot/environment/path.dsv\n'}
[38.381445] (simple_robot) StdoutLine: {'line': b'-- Up-to-date: /home/martina/rp_project/robot-programming-project/src/simple_robot/install/simple_robot/share/simple_robot/local_setup.bash\n'}
[38.381738] (simple_robot) StdoutLine: {'line': b'-- Up-to-date: /home/martina/rp_project/robot-programming-project/src/simple_robot/install/simple_robot/share/simple_robot/local_setup.sh\n'}
[38.381976] (simple_robot) StdoutLine: {'line': b'-- Up-to-date: /home/martina/rp_project/robot-programming-project/src/simple_robot/install/simple_robot/share/simple_robot/local_setup.zsh\n'}
[38.382257] (simple_robot) StdoutLine: {'line': b'-- Installing: /home/martina/rp_project/robot-programming-project/src/simple_robot/install/simple_robot/share/simple_robot/local_setup.dsv\n'}
[38.382707] (simple_robot) StdoutLine: {'line': b'-- Installing: /home/martina/rp_project/robot-programming-project/src/simple_robot/install/simple_robot/share/simple_robot/package.dsv\n'}
[38.383006] (simple_robot) StdoutLine: {'line': b'-- Up-to-date: /home/martina/rp_project/robot-programming-project/src/simple_robot/install/simple_robot/share/ament_index/resource_index/packages/simple_robot\n'}
[38.383215] (simple_robot) StdoutLine: {'line': b'-- Up-to-date: /home/martina/rp_project/robot-programming-project/src/simple_robot/install/simple_robot/share/simple_robot/cmake/simple_robotConfig.cmake\n'}
[38.383421] (simple_robot) StdoutLine: {'line': b'-- Up-to-date: /home/martina/rp_project/robot-programming-project/src/simple_robot/install/simple_robot/share/simple_robot/cmake/simple_robotConfig-version.cmake\n'}
[38.384988] (simple_robot) StdoutLine: {'line': b'-- Up-to-date: /home/martina/rp_project/robot-programming-project/src/simple_robot/install/simple_robot/share/simple_robot/package.xml\n'}
[38.391261] (simple_robot) CommandEnded: {'returncode': 0}
[38.431027] (-) TimerEvent: {}
[38.442502] (simple_robot) JobEnded: {'identifier': 'simple_robot', 'rc': 0}
[38.445675] (-) EventReactorShutdown: {}
