[0.267s] DEBUG:colcon:Command line arguments: ['/usr/bin/colcon', 'list', '-p', '--base-paths', '/home/martina/rp_project/robot-programming-project']
[0.267s] DEBUG:colcon:Parsed command line arguments: Namespace(log_base=None, log_level=None, verb_name='list', build_base='build', ignore_user_meta=False, metas=['./colcon.meta'], base_paths=['/home/martina/rp_project/robot-programming-project'], packages_ignore=None, packages_ignore_regex=None, paths=None, packages_up_to=None, packages_up_to_regex=None, packages_above=None, packages_above_and_dependencies=None, packages_above_depth=None, packages_select_by_dep=None, packages_skip_by_dep=None, packages_skip_up_to=None, packages_select_build_failed=False, packages_skip_build_finished=False, packages_select_test_failures=False, packages_skip_test_passed=False, packages_select=None, packages_skip=None, packages_select_regex=None, packages_skip_regex=None, packages_start=None, packages_end=None, allow_overriding=[], topological_order=False, names_only=False, paths_only=True, topological_graph=False, topological_graph_dot=False, topological_graph_density=False, topological_graph_legend=False, topological_graph_dot_cluster=False, topological_graph_dot_include_skipped=False, mixin_files=None, mixin=None, verb_parser=<colcon_mixin.mixin.mixin_argument.MixinArgumentDecorator object at 0x7a3ea7bfb340>, verb_extension=<colcon_package_information.verb.list.ListVerb object at 0x7a3ea7d4dde0>, main=<bound method ListVerb.main of <colcon_package_information.verb.list.ListVerb object at 0x7a3ea7d4dde0>>, mixin_verb=('list',))
[0.795s] Level 1:colcon.colcon_core.package_discovery:discover_packages(colcon_meta) check parameters
[0.796s] Level 1:colcon.colcon_core.package_discovery:discover_packages(recursive) check parameters
[0.796s] Level 1:colcon.colcon_core.package_discovery:discover_packages(ignore) check parameters
[0.796s] Level 1:colcon.colcon_core.package_discovery:discover_packages(path) check parameters
[0.796s] Level 1:colcon.colcon_core.package_discovery:discover_packages(recursive) discover
[0.796s] INFO:colcon.colcon_core.package_discovery:Crawling recursively for packages in '/home/martina/rp_project/robot-programming-project'
[0.796s] Level 1:colcon.colcon_core.package_identification:_identify(/home/martina/rp_project/robot-programming-project) by extensions ['ignore', 'ignore_ament_install']
[0.797s] Level 1:colcon.colcon_core.package_identification:_identify(/home/martina/rp_project/robot-programming-project) by extension 'ignore'
[0.797s] Level 1:colcon.colcon_core.package_identification:_identify(/home/martina/rp_project/robot-programming-project) by extension 'ignore_ament_install'
[0.797s] Level 1:colcon.colcon_core.package_identification:_identify(/home/martina/rp_project/robot-programming-project) by extensions ['colcon_pkg']
[0.797s] Level 1:colcon.colcon_core.package_identification:_identify(/home/martina/rp_project/robot-programming-project) by extension 'colcon_pkg'
[0.797s] Level 1:colcon.colcon_core.package_identification:_identify(/home/martina/rp_project/robot-programming-project) by extensions ['colcon_meta']
[0.797s] Level 1:colcon.colcon_core.package_identification:_identify(/home/martina/rp_project/robot-programming-project) by extension 'colcon_meta'
[0.797s] Level 1:colcon.colcon_core.package_identification:_identify(/home/martina/rp_project/robot-programming-project) by extensions ['ros']
[0.797s] Level 1:colcon.colcon_core.package_identification:_identify(/home/martina/rp_project/robot-programming-project) by extension 'ros'
[0.841s] Level 1:colcon.colcon_core.package_identification:_identify(/home/martina/rp_project/robot-programming-project) by extensions ['cmake', 'python']
[0.843s] Level 1:colcon.colcon_core.package_identification:_identify(/home/martina/rp_project/robot-programming-project) by extension 'cmake'
[0.844s] Level 1:colcon.colcon_core.package_identification:_identify(/home/martina/rp_project/robot-programming-project) by extension 'python'
[0.844s] Level 1:colcon.colcon_core.package_identification:_identify(/home/martina/rp_project/robot-programming-project) by extensions ['python_setup_py']
[0.844s] Level 1:colcon.colcon_core.package_identification:_identify(/home/martina/rp_project/robot-programming-project) by extension 'python_setup_py'
[0.844s] Level 1:colcon.colcon_core.package_identification:_identify(/home/martina/rp_project/robot-programming-project/build) by extensions ['ignore', 'ignore_ament_install']
[0.844s] Level 1:colcon.colcon_core.package_identification:_identify(/home/martina/rp_project/robot-programming-project/build) by extension 'ignore'
[0.845s] Level 1:colcon.colcon_core.package_identification:_identify(/home/martina/rp_project/robot-programming-project/build) ignored
[0.845s] Level 1:colcon.colcon_core.package_identification:_identify(/home/martina/rp_project/robot-programming-project/install) by extensions ['ignore', 'ignore_ament_install']
[0.845s] Level 1:colcon.colcon_core.package_identification:_identify(/home/martina/rp_project/robot-programming-project/install) by extension 'ignore'
[0.845s] Level 1:colcon.colcon_core.package_identification:_identify(/home/martina/rp_project/robot-programming-project/install) ignored
[0.846s] Level 1:colcon.colcon_core.package_identification:_identify(/home/martina/rp_project/robot-programming-project/log) by extensions ['ignore', 'ignore_ament_install']
[0.846s] Level 1:colcon.colcon_core.package_identification:_identify(/home/martina/rp_project/robot-programming-project/log) by extension 'ignore'
[0.846s] Level 1:colcon.colcon_core.package_identification:_identify(/home/martina/rp_project/robot-programming-project/log) ignored
[0.846s] Level 1:colcon.colcon_core.package_identification:_identify(/home/martina/rp_project/robot-programming-project/src) by extensions ['ignore', 'ignore_ament_install']
[0.846s] Level 1:colcon.colcon_core.package_identification:_identify(/home/martina/rp_project/robot-programming-project/src) by extension 'ignore'
[0.847s] Level 1:colcon.colcon_core.package_identification:_identify(/home/martina/rp_project/robot-programming-project/src) by extension 'ignore_ament_install'
[0.847s] Level 1:colcon.colcon_core.package_identification:_identify(/home/martina/rp_project/robot-programming-project/src) by extensions ['colcon_pkg']
[0.847s] Level 1:colcon.colcon_core.package_identification:_identify(/home/martina/rp_project/robot-programming-project/src) by extension 'colcon_pkg'
[0.847s] Level 1:colcon.colcon_core.package_identification:_identify(/home/martina/rp_project/robot-programming-project/src) by extensions ['colcon_meta']
[0.847s] Level 1:colcon.colcon_core.package_identification:_identify(/home/martina/rp_project/robot-programming-project/src) by extension 'colcon_meta'
[0.847s] Level 1:colcon.colcon_core.package_identification:_identify(/home/martina/rp_project/robot-programming-project/src) by extensions ['ros']
[0.847s] Level 1:colcon.colcon_core.package_identification:_identify(/home/martina/rp_project/robot-programming-project/src) by extension 'ros'
[0.848s] Level 1:colcon.colcon_core.package_identification:_identify(/home/martina/rp_project/robot-programming-project/src) by extensions ['cmake', 'python']
[0.848s] Level 1:colcon.colcon_core.package_identification:_identify(/home/martina/rp_project/robot-programming-project/src) by extension 'cmake'
[0.848s] Level 1:colcon.colcon_core.package_identification:_identify(/home/martina/rp_project/robot-programming-project/src) by extension 'python'
[0.848s] Level 1:colcon.colcon_core.package_identification:_identify(/home/martina/rp_project/robot-programming-project/src) by extensions ['python_setup_py']
[0.848s] Level 1:colcon.colcon_core.package_identification:_identify(/home/martina/rp_project/robot-programming-project/src) by extension 'python_setup_py'
[0.848s] Level 1:colcon.colcon_core.package_identification:_identify(/home/martina/rp_project/robot-programming-project/src/simple_robot) by extensions ['ignore', 'ignore_ament_install']
[0.848s] Level 1:colcon.colcon_core.package_identification:_identify(/home/martina/rp_project/robot-programming-project/src/simple_robot) by extension 'ignore'
[0.849s] Level 1:colcon.colcon_core.package_identification:_identify(/home/martina/rp_project/robot-programming-project/src/simple_robot) by extension 'ignore_ament_install'
[0.849s] Level 1:colcon.colcon_core.package_identification:_identify(/home/martina/rp_project/robot-programming-project/src/simple_robot) by extensions ['colcon_pkg']
[0.849s] Level 1:colcon.colcon_core.package_identification:_identify(/home/martina/rp_project/robot-programming-project/src/simple_robot) by extension 'colcon_pkg'
[0.849s] Level 1:colcon.colcon_core.package_identification:_identify(/home/martina/rp_project/robot-programming-project/src/simple_robot) by extensions ['colcon_meta']
[0.849s] Level 1:colcon.colcon_core.package_identification:_identify(/home/martina/rp_project/robot-programming-project/src/simple_robot) by extension 'colcon_meta'
[0.849s] Level 1:colcon.colcon_core.package_identification:_identify(/home/martina/rp_project/robot-programming-project/src/simple_robot) by extensions ['ros']
[0.849s] Level 1:colcon.colcon_core.package_identification:_identify(/home/martina/rp_project/robot-programming-project/src/simple_robot) by extension 'ros'
[0.855s] DEBUG:colcon.colcon_core.package_identification:Package '/home/martina/rp_project/robot-programming-project/src/simple_robot' with type 'ros.ament_cmake' and name 'simple_robot'
[0.856s] Level 1:colcon.colcon_core.package_discovery:discover_packages(recursive) using defaults
