[0.000000] (-) TimerEvent: {}
[0.000747] (simple_robot) JobQueued: {'identifier': 'simple_robot', 'dependencies': OrderedDict()}
[0.000868] (simple_robot) JobStarted: {'identifier': 'simple_robot'}
[0.022963] (simple_robot) JobProgress: {'identifier': 'simple_robot', 'progress': 'cmake'}
[0.023378] (simple_robot) Command: {'cmd': ['/usr/bin/cmake', '/home/martina/rp_project/robot-programming-project/src/simple_robot', '-DCMAKE_INSTALL_PREFIX=/home/martina/rp_project/robot-programming-project/src/simple_robot/install/simple_robot'], 'cwd': '/home/martina/rp_project/robot-programming-project/src/simple_robot/build/simple_robot', 'env': OrderedDict([('GJS_DEBUG_TOPICS', 'JS ERROR;JS LOG'), ('LESSOPEN', '| /usr/bin/env /usr/bin/lesspipe %s 2>/dev/null'), ('CONDA_PROMPT_MODIFIER', '(base)'), ('LC_TIME', 'it_IT.UTF-8'), ('USER', 'martina'), ('XDG_SESSION_TYPE', 'wayland'), ('GIT_ASKPASS', '/usr/share/code/resources/app/extensions/git/dist/askpass.sh'), ('SHLVL', '2'), ('LD_LIBRARY_PATH', '/opt/ros/humble/opt/rviz_ogre_vendor/lib:/opt/ros/humble/lib/x86_64-linux-gnu:/opt/ros/humble/lib::/home/martina/.mujoco/mujoco210/bin:/usr/lib/nvidia:~/anaconda3/lib'), ('HOME', '/home/martina'), ('OLDPWD', '/home/martina/rp_project/robot-programming-project/src/simple_robot'), ('CHROME_DESKTOP', 'code.desktop'), ('TERMINFO', '/home/martina/.terminfo'), ('LESS', '-iRFXMx4'), ('CONDA_SHLVL', '1'), ('DESKTOP_SESSION', 'ubuntu'), ('TERM_PROGRAM_VERSION', '1.97.2'), ('GIO_LAUNCHED_DESKTOP_FILE', '/usr/share/applications/code.desktop'), ('LSCOLORS', 'ExGxDxDxCxDxDxFxFxexEx'), ('GTK_MODULES', 'gail:atk-bridge'), ('GNOME_SHELL_SESSION_MODE', 'ubuntu'), ('VSCODE_GIT_ASKPASS_MAIN', '/usr/share/code/resources/app/extensions/git/dist/askpass-main.js'), ('PAGER', 'less'), ('ROS_PYTHON_VERSION', '3'), ('LC_MONETARY', 'it_IT.UTF-8'), ('MANAGERPID', '887'), ('VSCODE_GIT_ASKPASS_NODE', '/usr/share/code/code'), ('SYSTEMD_EXEC_PID', '1152'), ('DBUS_SESSION_BUS_ADDRESS', 'unix:path=/run/user/1000/bus'), ('P9K_TTY', 'old'), ('GIO_LAUNCHED_DESKTOP_FILE_PID', '3260'), ('COLORTERM', 'truecolor'), ('_CE_M', ''), ('WAYLAND_DISPLAY', 'wayland-0'), ('INFOPATH', ''), ('ROS_DISTRO', 'humble'), ('COLCON_PREFIX_PATH', '/home/martina/rp_project/robot-programming-project/install:/home/martina/rp_project/robot-programming-project/src/simple_robot/install:/home/martina/rp_project/robot-programming-project/install'), ('LOGNAME', 'martina'), ('_', '/usr/bin/colcon'), ('JOURNAL_STREAM', '8:11413'), ('_P9K_SSH_TTY', '/dev/pts/3'), ('XDG_SESSION_CLASS', 'user'), ('USER_ZDOTDIR', '/home/martina'), ('ROS_VERSION', '2'), ('USERNAME', 'martina'), ('TERM', 'xterm-256color'), ('GNOME_DESKTOP_SESSION_ID', 'this-is-deprecated'), ('_CE_CONDA', ''), ('ROS_LOCALHOST_ONLY', '0'), ('PATH', '/opt/ros/humble/bin:/home/martina/.local/bin:/home/martina/.local/bin:/usr/lib/ccache:.:/home/martina/.mujoco/mujoco210/bin:/usr/lib/nvidia:/home/martina/anaconda3/condabin:/home/martina/bin:/home/martina/.local/bin:/usr/local/sbin:/usr/local/bin:/usr/sbin:/usr/bin:/sbin:/bin:/usr/games:/usr/local/games:/snap/bin:/home/martina/.cache/zsh4humans/v5/fzf/bin:/home/martina/other/install/bin'), ('SESSION_MANAGER', 'local/Martina-ThinkPad-X1-Yoga:@/tmp/.ICE-unix/1105,unix/Martina-ThinkPad-X1-Yoga:/tmp/.ICE-unix/1105'), ('INVOCATION_ID', 'abb78b4b018940349bd4da4c8fed9753'), ('LC_ADDRESS', 'it_IT.UTF-8'), ('XDG_RUNTIME_DIR', '/run/user/1000'), ('XDG_MENU_PREFIX', 'gnome-'), ('GNOME_SETUP_DISPLAY', ':1'), ('GDK_BACKEND', 'x11'), ('DISPLAY', ':0'), ('LANG', 'en_US.UTF-8'), ('LC_TELEPHONE', 'it_IT.UTF-8'), ('XDG_CURRENT_DESKTOP', 'Unity'), ('VSCODE_INJECTION', '1'), ('LD_PRELOAD', ':/usr/lib/x86_64-linux-gnu/libGLEW.so'), ('XDG_SESSION_DESKTOP', 'ubuntu'), ('XMODIFIERS', '@im=ibus'), ('XAUTHORITY', '/run/user/1000/.mutter-Xwaylandauth.L52E22'), ('TERM_PROGRAM', 'vscode'), ('VSCODE_GIT_IPC_HANDLE', '/run/user/1000/vscode-git-f640f2b3f6.sock'), ('LS_COLORS', 'fi=00:mi=00:mh=00:ln=01;36:or=01;31:di=01;34:ow=04;01;34:st=34:tw=04;34:pi=01;33:so=01;33:do=01;33:bd=01;33:cd=01;33:su=01;35:sg=01;35:ca=01;35:ex=01;32:no=38;5;248'), ('TREE_COLORS', 'fi=00:mi=00:mh=00:ln=01;36:or=01;31:di=01;34:ow=01;34:st=34:tw=34:pi=01;33:so=01;33:do=01;33:bd=01;33:cd=01;33:su=01;35:sg=01;35:ca=01;35:ex=01;32'), ('SSH_AGENT_LAUNCHER', 'gnome-keyring'), ('SSH_AUTH_SOCK', '/run/user/1000/keyring/ssh'), ('ORIGINAL_XDG_CURRENT_DESKTOP', 'ubuntu:GNOME'), ('CONDA_PYTHON_EXE', '/home/martina/anaconda3/bin/python'), ('AMENT_PREFIX_PATH', '/home/martina/rp_project/robot-programming-project/src/simple_robot/install/simple_robot:/home/martina/rp_project/robot-programming-project/install/simple_robot:/opt/ros/humble'), ('LC_NAME', 'it_IT.UTF-8'), ('SHELL', '/usr/local/bin/zsh'), ('DEST', '/home/martina/other/install'), ('QT_ACCESSIBILITY', '1'), ('GDMSESSION', 'ubuntu'), ('CONDA_DEFAULT_ENV', 'base'), ('LC_MEASUREMENT', 'it_IT.UTF-8'), ('LC_IDENTIFICATION', 'it_IT.UTF-8'), ('GJS_DEBUG_OUTPUT', 'stderr'), ('P9K_SSH', '0'), ('QT_IM_MODULE', 'ibus'), ('VSCODE_GIT_ASKPASS_EXTRA_ARGS', ''), ('VSCODE_NONCE', '1ad4f682-72d1-4075-8257-e4257286b7b3'), ('LC_ALL', 'en_US.UTF-8'), ('PWD', '/home/martina/rp_project/robot-programming-project/src/simple_robot/build/simple_robot'), ('GPG_TTY', '/dev/pts/3'), ('XDG_DATA_DIRS', '/usr/local/share/:/usr/share/:/var/lib/snapd/desktop'), ('ZDOTDIR', '/home/martina'), ('_P9K_TTY', '/dev/pts/3'), ('CONDA_EXE', '/home/martina/anaconda3/bin/conda'), ('LC_NUMERIC', 'it_IT.UTF-8'), ('PYTHONPATH', '/opt/ros/humble/lib/python3.10/site-packages:/opt/ros/humble/local/lib/python3.10/dist-packages:/home/martina/other/install/lib/python3.10/site-packages/'), ('LC_PAPER', 'it_IT.UTF-8'), ('CONDA_PREFIX', '/home/martina/anaconda3'), ('COLCON', '1'), ('MANPATH', '/usr/local/share/man:/home/martina/.cache/zsh4humans/v5/fzf/man:'), ('CMAKE_PREFIX_PATH', '/home/martina/rp_project/robot-programming-project/src/simple_robot/install/simple_robot:/home/martina/rp_project/robot-programming-project/install/simple_robot:/opt/ros/humble')]), 'shell': False}
[0.099123] (-) TimerEvent: {}
[0.199577] (-) TimerEvent: {}
[0.200559] (simple_robot) StdoutLine: {'line': b'-- The C compiler identification is GNU 11.4.0\n'}
[0.300389] (-) TimerEvent: {}
[0.384979] (simple_robot) StdoutLine: {'line': b'-- The CXX compiler identification is GNU 11.4.0\n'}
[0.401112] (-) TimerEvent: {}
[0.433219] (simple_robot) StdoutLine: {'line': b'-- Detecting C compiler ABI info\n'}
[0.501323] (-) TimerEvent: {}
[0.603761] (-) TimerEvent: {}
[0.617835] (simple_robot) StdoutLine: {'line': b'-- Detecting C compiler ABI info - done\n'}
[0.649137] (simple_robot) StdoutLine: {'line': b'-- Check for working C compiler: /usr/lib/ccache/cc - skipped\n'}
[0.649520] (simple_robot) StdoutLine: {'line': b'-- Detecting C compile features\n'}
[0.649724] (simple_robot) StdoutLine: {'line': b'-- Detecting C compile features - done\n'}
[0.655819] (simple_robot) StdoutLine: {'line': b'-- Detecting CXX compiler ABI info\n'}
[0.703878] (-) TimerEvent: {}
[0.810560] (-) TimerEvent: {}
[0.896142] (simple_robot) StdoutLine: {'line': b'-- Detecting CXX compiler ABI info - done\n'}
[0.910690] (-) TimerEvent: {}
[0.936578] (simple_robot) StdoutLine: {'line': b'-- Check for working CXX compiler: /usr/lib/ccache/c++ - skipped\n'}
[0.939773] (simple_robot) StdoutLine: {'line': b'-- Detecting CXX compile features\n'}
[0.943087] (simple_robot) StdoutLine: {'line': b'-- Detecting CXX compile features - done\n'}
[0.969467] (simple_robot) StdoutLine: {'line': b'-- Found OpenCV: /usr (found suitable version "4.5.4", minimum required is "4.5.4") \n'}
[0.973977] (simple_robot) StdoutLine: {'line': b'-- Found ament_cmake: 1.3.11 (/opt/ros/humble/share/ament_cmake/cmake)\n'}
[1.010801] (-) TimerEvent: {}
[1.111376] (-) TimerEvent: {}
[1.212117] (-) TimerEvent: {}
[1.312499] (-) TimerEvent: {}
[1.313217] (simple_robot) StdoutLine: {'line': b'-- Found Python3: /usr/bin/python3 (found version "3.10.12") found components: Interpreter \n'}
[1.412619] (-) TimerEvent: {}
[1.496514] (simple_robot) StdoutLine: {'line': b'-- Found rclcpp: 16.0.11 (/opt/ros/humble/share/rclcpp/cmake)\n'}
[1.512742] (-) TimerEvent: {}
[1.572944] (simple_robot) StdoutLine: {'line': b'-- Found rosidl_generator_c: 3.1.6 (/opt/ros/humble/share/rosidl_generator_c/cmake)\n'}
[1.580978] (simple_robot) StdoutLine: {'line': b'-- Found rosidl_adapter: 3.1.6 (/opt/ros/humble/share/rosidl_adapter/cmake)\n'}
[1.596905] (simple_robot) StdoutLine: {'line': b'-- Found rosidl_generator_cpp: 3.1.6 (/opt/ros/humble/share/rosidl_generator_cpp/cmake)\n'}
[1.612890] (-) TimerEvent: {}
[1.622415] (simple_robot) StdoutLine: {'line': b'-- Using all available rosidl_typesupport_c: rosidl_typesupport_fastrtps_c;rosidl_typesupport_introspection_c\n'}
[1.651578] (simple_robot) StdoutLine: {'line': b'-- Using all available rosidl_typesupport_cpp: rosidl_typesupport_fastrtps_cpp;rosidl_typesupport_introspection_cpp\n'}
[1.713021] (-) TimerEvent: {}
[1.729810] (simple_robot) StdoutLine: {'line': b'-- Found rmw_implementation_cmake: 6.1.2 (/opt/ros/humble/share/rmw_implementation_cmake/cmake)\n'}
[1.734230] (simple_robot) StdoutLine: {'line': b'-- Found rmw_fastrtps_cpp: 6.2.7 (/opt/ros/humble/share/rmw_fastrtps_cpp/cmake)\n'}
[1.813159] (-) TimerEvent: {}
[1.913618] (-) TimerEvent: {}
[1.981814] (simple_robot) StdoutLine: {'line': b'-- Found OpenSSL: /usr/lib/x86_64-linux-gnu/libcrypto.so (found version "3.0.2")  \n'}
[2.013741] (-) TimerEvent: {}
[2.034558] (simple_robot) StdoutLine: {'line': b'-- Found FastRTPS: /opt/ros/humble/include  \n'}
[2.113898] (-) TimerEvent: {}
[2.123072] (simple_robot) StdoutLine: {'line': b"-- Using RMW implementation 'rmw_fastrtps_cpp' as default\n"}
[2.140119] (simple_robot) StdoutLine: {'line': b'-- Looking for pthread.h\n'}
[2.214056] (-) TimerEvent: {}
[2.314832] (-) TimerEvent: {}
[2.318761] (simple_robot) StdoutLine: {'line': b'-- Looking for pthread.h - found\n'}
[2.319231] (simple_robot) StdoutLine: {'line': b'-- Performing Test CMAKE_HAVE_LIBC_PTHREAD\n'}
[2.415459] (-) TimerEvent: {}
[2.514185] (simple_robot) StdoutLine: {'line': b'-- Performing Test CMAKE_HAVE_LIBC_PTHREAD - Success\n'}
[2.517126] (simple_robot) StdoutLine: {'line': b'-- Found Threads: TRUE  \n'}
[2.517478] (-) TimerEvent: {}
[2.617824] (-) TimerEvent: {}
[2.692851] (simple_robot) StdoutLine: {'line': b'-- Found geometry_msgs: 4.2.4 (/opt/ros/humble/share/geometry_msgs/cmake)\n'}
[2.717935] (-) TimerEvent: {}
[2.740378] (simple_robot) StdoutLine: {'line': b'-- Found OpenCV: /usr (found version "4.5.4") \n'}
[2.818098] (-) TimerEvent: {}
[2.919770] (-) TimerEvent: {}
[2.947472] (simple_robot) StdoutLine: {'line': b'-- DATA_DIR: /home/martina/rp_project/robot-programming-project/src/simple_robot/data\n'}
[2.948293] (simple_robot) StdoutLine: {'line': b'-- Configuring done\n'}
[3.019911] (-) TimerEvent: {}
[3.045026] (simple_robot) StdoutLine: {'line': b'-- Generating done\n'}
[3.076429] (simple_robot) StdoutLine: {'line': b'-- Build files have been written to: /home/martina/rp_project/robot-programming-project/src/simple_robot/build/simple_robot\n'}
[3.107266] (simple_robot) CommandEnded: {'returncode': 0}
[3.109907] (simple_robot) JobProgress: {'identifier': 'simple_robot', 'progress': 'build'}
[3.109984] (simple_robot) Command: {'cmd': ['/usr/bin/cmake', '--build', '/home/martina/rp_project/robot-programming-project/src/simple_robot/build/simple_robot', '--', '-j4', '-l4'], 'cwd': '/home/martina/rp_project/robot-programming-project/src/simple_robot/build/simple_robot', 'env': OrderedDict([('GJS_DEBUG_TOPICS', 'JS ERROR;JS LOG'), ('LESSOPEN', '| /usr/bin/env /usr/bin/lesspipe %s 2>/dev/null'), ('CONDA_PROMPT_MODIFIER', '(base)'), ('LC_TIME', 'it_IT.UTF-8'), ('USER', 'martina'), ('XDG_SESSION_TYPE', 'wayland'), ('GIT_ASKPASS', '/usr/share/code/resources/app/extensions/git/dist/askpass.sh'), ('SHLVL', '2'), ('LD_LIBRARY_PATH', '/opt/ros/humble/opt/rviz_ogre_vendor/lib:/opt/ros/humble/lib/x86_64-linux-gnu:/opt/ros/humble/lib::/home/martina/.mujoco/mujoco210/bin:/usr/lib/nvidia:~/anaconda3/lib'), ('HOME', '/home/martina'), ('OLDPWD', '/home/martina/rp_project/robot-programming-project/src/simple_robot'), ('CHROME_DESKTOP', 'code.desktop'), ('TERMINFO', '/home/martina/.terminfo'), ('LESS', '-iRFXMx4'), ('CONDA_SHLVL', '1'), ('DESKTOP_SESSION', 'ubuntu'), ('TERM_PROGRAM_VERSION', '1.97.2'), ('GIO_LAUNCHED_DESKTOP_FILE', '/usr/share/applications/code.desktop'), ('LSCOLORS', 'ExGxDxDxCxDxDxFxFxexEx'), ('GTK_MODULES', 'gail:atk-bridge'), ('GNOME_SHELL_SESSION_MODE', 'ubuntu'), ('VSCODE_GIT_ASKPASS_MAIN', '/usr/share/code/resources/app/extensions/git/dist/askpass-main.js'), ('PAGER', 'less'), ('ROS_PYTHON_VERSION', '3'), ('LC_MONETARY', 'it_IT.UTF-8'), ('MANAGERPID', '887'), ('VSCODE_GIT_ASKPASS_NODE', '/usr/share/code/code'), ('SYSTEMD_EXEC_PID', '1152'), ('DBUS_SESSION_BUS_ADDRESS', 'unix:path=/run/user/1000/bus'), ('P9K_TTY', 'old'), ('GIO_LAUNCHED_DESKTOP_FILE_PID', '3260'), ('COLORTERM', 'truecolor'), ('_CE_M', ''), ('WAYLAND_DISPLAY', 'wayland-0'), ('INFOPATH', ''), ('ROS_DISTRO', 'humble'), ('COLCON_PREFIX_PATH', '/home/martina/rp_project/robot-programming-project/install:/home/martina/rp_project/robot-programming-project/src/simple_robot/install:/home/martina/rp_project/robot-programming-project/install'), ('LOGNAME', 'martina'), ('_', '/usr/bin/colcon'), ('JOURNAL_STREAM', '8:11413'), ('_P9K_SSH_TTY', '/dev/pts/3'), ('XDG_SESSION_CLASS', 'user'), ('USER_ZDOTDIR', '/home/martina'), ('ROS_VERSION', '2'), ('USERNAME', 'martina'), ('TERM', 'xterm-256color'), ('GNOME_DESKTOP_SESSION_ID', 'this-is-deprecated'), ('_CE_CONDA', ''), ('ROS_LOCALHOST_ONLY', '0'), ('PATH', '/opt/ros/humble/bin:/home/martina/.local/bin:/home/martina/.local/bin:/usr/lib/ccache:.:/home/martina/.mujoco/mujoco210/bin:/usr/lib/nvidia:/home/martina/anaconda3/condabin:/home/martina/bin:/home/martina/.local/bin:/usr/local/sbin:/usr/local/bin:/usr/sbin:/usr/bin:/sbin:/bin:/usr/games:/usr/local/games:/snap/bin:/home/martina/.cache/zsh4humans/v5/fzf/bin:/home/martina/other/install/bin'), ('SESSION_MANAGER', 'local/Martina-ThinkPad-X1-Yoga:@/tmp/.ICE-unix/1105,unix/Martina-ThinkPad-X1-Yoga:/tmp/.ICE-unix/1105'), ('INVOCATION_ID', 'abb78b4b018940349bd4da4c8fed9753'), ('LC_ADDRESS', 'it_IT.UTF-8'), ('XDG_RUNTIME_DIR', '/run/user/1000'), ('XDG_MENU_PREFIX', 'gnome-'), ('GNOME_SETUP_DISPLAY', ':1'), ('GDK_BACKEND', 'x11'), ('DISPLAY', ':0'), ('LANG', 'en_US.UTF-8'), ('LC_TELEPHONE', 'it_IT.UTF-8'), ('XDG_CURRENT_DESKTOP', 'Unity'), ('VSCODE_INJECTION', '1'), ('LD_PRELOAD', ':/usr/lib/x86_64-linux-gnu/libGLEW.so'), ('XDG_SESSION_DESKTOP', 'ubuntu'), ('XMODIFIERS', '@im=ibus'), ('XAUTHORITY', '/run/user/1000/.mutter-Xwaylandauth.L52E22'), ('TERM_PROGRAM', 'vscode'), ('VSCODE_GIT_IPC_HANDLE', '/run/user/1000/vscode-git-f640f2b3f6.sock'), ('LS_COLORS', 'fi=00:mi=00:mh=00:ln=01;36:or=01;31:di=01;34:ow=04;01;34:st=34:tw=04;34:pi=01;33:so=01;33:do=01;33:bd=01;33:cd=01;33:su=01;35:sg=01;35:ca=01;35:ex=01;32:no=38;5;248'), ('TREE_COLORS', 'fi=00:mi=00:mh=00:ln=01;36:or=01;31:di=01;34:ow=01;34:st=34:tw=34:pi=01;33:so=01;33:do=01;33:bd=01;33:cd=01;33:su=01;35:sg=01;35:ca=01;35:ex=01;32'), ('SSH_AGENT_LAUNCHER', 'gnome-keyring'), ('SSH_AUTH_SOCK', '/run/user/1000/keyring/ssh'), ('ORIGINAL_XDG_CURRENT_DESKTOP', 'ubuntu:GNOME'), ('CONDA_PYTHON_EXE', '/home/martina/anaconda3/bin/python'), ('AMENT_PREFIX_PATH', '/home/martina/rp_project/robot-programming-project/src/simple_robot/install/simple_robot:/home/martina/rp_project/robot-programming-project/install/simple_robot:/opt/ros/humble'), ('LC_NAME', 'it_IT.UTF-8'), ('SHELL', '/usr/local/bin/zsh'), ('DEST', '/home/martina/other/install'), ('QT_ACCESSIBILITY', '1'), ('GDMSESSION', 'ubuntu'), ('CONDA_DEFAULT_ENV', 'base'), ('LC_MEASUREMENT', 'it_IT.UTF-8'), ('LC_IDENTIFICATION', 'it_IT.UTF-8'), ('GJS_DEBUG_OUTPUT', 'stderr'), ('P9K_SSH', '0'), ('QT_IM_MODULE', 'ibus'), ('VSCODE_GIT_ASKPASS_EXTRA_ARGS', ''), ('VSCODE_NONCE', '1ad4f682-72d1-4075-8257-e4257286b7b3'), ('LC_ALL', 'en_US.UTF-8'), ('PWD', '/home/martina/rp_project/robot-programming-project/src/simple_robot/build/simple_robot'), ('GPG_TTY', '/dev/pts/3'), ('XDG_DATA_DIRS', '/usr/local/share/:/usr/share/:/var/lib/snapd/desktop'), ('ZDOTDIR', '/home/martina'), ('_P9K_TTY', '/dev/pts/3'), ('CONDA_EXE', '/home/martina/anaconda3/bin/conda'), ('LC_NUMERIC', 'it_IT.UTF-8'), ('PYTHONPATH', '/opt/ros/humble/lib/python3.10/site-packages:/opt/ros/humble/local/lib/python3.10/dist-packages:/home/martina/other/install/lib/python3.10/site-packages/'), ('LC_PAPER', 'it_IT.UTF-8'), ('CONDA_PREFIX', '/home/martina/anaconda3'), ('COLCON', '1'), ('MANPATH', '/usr/local/share/man:/home/martina/.cache/zsh4humans/v5/fzf/man:'), ('CMAKE_PREFIX_PATH', '/home/martina/rp_project/robot-programming-project/src/simple_robot/install/simple_robot:/home/martina/rp_project/robot-programming-project/install/simple_robot:/opt/ros/humble')]), 'shell': False}
[3.120094] (-) TimerEvent: {}
[3.224416] (-) TimerEvent: {}
[3.252145] (simple_robot) StdoutLine: {'line': b'\x1b[35m\x1b[1mConsolidate compiler generated dependencies of target robot_map_node\x1b[0m\n'}
[3.278208] (simple_robot) StdoutLine: {'line': b'\x1b[35m\x1b[1mConsolidate compiler generated dependencies of target robot_node\x1b[0m\n'}
[3.324531] (-) TimerEvent: {}
[3.339823] (simple_robot) StdoutLine: {'line': b'\x1b[35m\x1b[1mConsolidate compiler generated dependencies of target grid_map\x1b[0m\n'}
[3.379864] (simple_robot) StdoutLine: {'line': b'[  4%] \x1b[32mBuilding CXX object CMakeFiles/robot_map_node.dir/src/main.cpp.o\x1b[0m\n'}
[3.426146] (-) TimerEvent: {}
[3.459403] (simple_robot) StdoutLine: {'line': b'[  9%] \x1b[32m\x1b[1mLinking CXX executable robot_node\x1b[0m\n'}
[3.474255] (simple_robot) StdoutLine: {'line': b'[ 14%] \x1b[32mBuilding CXX object src/CMakeFiles/grid_map.dir/main.cpp.o\x1b[0m\n'}
[3.530130] (-) TimerEvent: {}
[3.630556] (-) TimerEvent: {}
[3.730954] (-) TimerEvent: {}
[3.831377] (-) TimerEvent: {}
[3.931753] (-) TimerEvent: {}
[4.032135] (-) TimerEvent: {}
[4.132532] (-) TimerEvent: {}
[4.235317] (-) TimerEvent: {}
[4.335723] (-) TimerEvent: {}
[4.436137] (-) TimerEvent: {}
[4.536639] (-) TimerEvent: {}
[4.615230] (simple_robot) StderrLine: {'line': b"/usr/bin/ld: /usr/lib/gcc/x86_64-linux-gnu/11/../../../x86_64-linux-gnu/Scrt1.o: in function `_start':\n"}
[4.615655] (simple_robot) StderrLine: {'line': b"(.text+0x1b): undefined reference to `main'\n"}
[4.636761] (-) TimerEvent: {}
[4.709452] (simple_robot) StderrLine: {'line': b'collect2: error: ld returned 1 exit status\n'}
[4.717209] (simple_robot) StderrLine: {'line': b'gmake[2]: *** [CMakeFiles/robot_node.dir/build.make:253: robot_node] Error 1\n'}
[4.717532] (simple_robot) StderrLine: {'line': b'gmake[1]: *** [CMakeFiles/Makefile2:176: CMakeFiles/robot_node.dir/all] Error 2\n'}
[4.717742] (simple_robot) StderrLine: {'line': b'gmake[1]: *** Waiting for unfinished jobs....\n'}
[4.736998] (-) TimerEvent: {}
[4.837431] (-) TimerEvent: {}
[4.937826] (-) TimerEvent: {}
[5.039190] (-) TimerEvent: {}
[5.139577] (-) TimerEvent: {}
[5.241206] (-) TimerEvent: {}
[5.341822] (-) TimerEvent: {}
[5.442560] (-) TimerEvent: {}
[5.546461] (-) TimerEvent: {}
[5.646900] (-) TimerEvent: {}
[5.747414] (-) TimerEvent: {}
[5.847814] (-) TimerEvent: {}
[5.948250] (-) TimerEvent: {}
[6.050200] (-) TimerEvent: {}
[6.152423] (-) TimerEvent: {}
[6.252871] (-) TimerEvent: {}
[6.353364] (-) TimerEvent: {}
[6.453798] (-) TimerEvent: {}
[6.554273] (-) TimerEvent: {}
[6.657191] (-) TimerEvent: {}
[6.757659] (-) TimerEvent: {}
[6.858064] (-) TimerEvent: {}
[6.958506] (-) TimerEvent: {}
[7.058985] (-) TimerEvent: {}
[7.159721] (-) TimerEvent: {}
[7.260848] (-) TimerEvent: {}
[7.361518] (-) TimerEvent: {}
[7.462346] (-) TimerEvent: {}
[7.564530] (-) TimerEvent: {}
[7.666000] (-) TimerEvent: {}
[7.767724] (-) TimerEvent: {}
[7.868186] (-) TimerEvent: {}
[7.968677] (-) TimerEvent: {}
[8.072214] (-) TimerEvent: {}
[8.172918] (-) TimerEvent: {}
[8.273606] (-) TimerEvent: {}
[8.373983] (-) TimerEvent: {}
[8.474438] (-) TimerEvent: {}
[8.575229] (-) TimerEvent: {}
[8.675979] (-) TimerEvent: {}
[8.776652] (-) TimerEvent: {}
[8.877101] (-) TimerEvent: {}
[8.977517] (-) TimerEvent: {}
[9.077920] (-) TimerEvent: {}
[9.181309] (-) TimerEvent: {}
[9.282086] (-) TimerEvent: {}
[9.382463] (-) TimerEvent: {}
[9.482846] (-) TimerEvent: {}
[9.583500] (-) TimerEvent: {}
[9.684210] (-) TimerEvent: {}
[9.784605] (-) TimerEvent: {}
[9.885579] (-) TimerEvent: {}
[9.988149] (-) TimerEvent: {}
[10.088573] (-) TimerEvent: {}
[10.188955] (-) TimerEvent: {}
[10.289348] (-) TimerEvent: {}
[10.389738] (-) TimerEvent: {}
[10.490128] (-) TimerEvent: {}
[10.590534] (-) TimerEvent: {}
[10.690937] (-) TimerEvent: {}
[10.791322] (-) TimerEvent: {}
[10.891765] (-) TimerEvent: {}
[10.992607] (-) TimerEvent: {}
[11.093134] (-) TimerEvent: {}
[11.195313] (-) TimerEvent: {}
[11.296145] (-) TimerEvent: {}
[11.396760] (-) TimerEvent: {}
[11.497137] (-) TimerEvent: {}
[11.599651] (-) TimerEvent: {}
[11.700043] (-) TimerEvent: {}
[11.803166] (-) TimerEvent: {}
[11.903582] (-) TimerEvent: {}
[12.003983] (-) TimerEvent: {}
[12.104426] (-) TimerEvent: {}
[12.205118] (-) TimerEvent: {}
[12.305780] (-) TimerEvent: {}
[12.406301] (-) TimerEvent: {}
[12.506692] (-) TimerEvent: {}
[12.607090] (-) TimerEvent: {}
[12.707471] (-) TimerEvent: {}
[12.807849] (-) TimerEvent: {}
[12.908305] (-) TimerEvent: {}
[13.008764] (-) TimerEvent: {}
[13.109145] (-) TimerEvent: {}
[13.209544] (-) TimerEvent: {}
[13.309951] (-) TimerEvent: {}
[13.411175] (-) TimerEvent: {}
[13.512435] (-) TimerEvent: {}
[13.613030] (-) TimerEvent: {}
[13.713607] (-) TimerEvent: {}
[13.813985] (-) TimerEvent: {}
[13.914488] (-) TimerEvent: {}
[14.014931] (-) TimerEvent: {}
[14.115315] (-) TimerEvent: {}
[14.215701] (-) TimerEvent: {}
[14.316114] (-) TimerEvent: {}
[14.416501] (-) TimerEvent: {}
[14.516933] (-) TimerEvent: {}
[14.617382] (-) TimerEvent: {}
[14.718170] (-) TimerEvent: {}
[14.819367] (-) TimerEvent: {}
[14.919751] (-) TimerEvent: {}
[15.020274] (-) TimerEvent: {}
[15.121088] (-) TimerEvent: {}
[15.221581] (-) TimerEvent: {}
[15.321977] (-) TimerEvent: {}
[15.422399] (-) TimerEvent: {}
[15.522771] (-) TimerEvent: {}
[15.623184] (-) TimerEvent: {}
[15.723948] (-) TimerEvent: {}
[15.824364] (-) TimerEvent: {}
[15.924737] (-) TimerEvent: {}
[16.025138] (-) TimerEvent: {}
[16.125538] (-) TimerEvent: {}
[16.226147] (-) TimerEvent: {}
[16.326955] (-) TimerEvent: {}
[16.427660] (-) TimerEvent: {}
[16.528082] (-) TimerEvent: {}
[16.628502] (-) TimerEvent: {}
[16.729213] (-) TimerEvent: {}
[16.829711] (-) TimerEvent: {}
[16.930070] (-) TimerEvent: {}
[17.030430] (-) TimerEvent: {}
[17.130775] (-) TimerEvent: {}
[17.231122] (-) TimerEvent: {}
[17.331480] (-) TimerEvent: {}
[17.431880] (-) TimerEvent: {}
[17.532237] (-) TimerEvent: {}
[17.632594] (-) TimerEvent: {}
[17.733425] (-) TimerEvent: {}
[17.834046] (-) TimerEvent: {}
[17.934680] (-) TimerEvent: {}
[18.035027] (-) TimerEvent: {}
[18.135423] (-) TimerEvent: {}
[18.235788] (-) TimerEvent: {}
[18.336208] (-) TimerEvent: {}
[18.436573] (-) TimerEvent: {}
[18.536978] (-) TimerEvent: {}
[18.637576] (-) TimerEvent: {}
[18.737916] (-) TimerEvent: {}
[18.838493] (-) TimerEvent: {}
[18.939034] (-) TimerEvent: {}
[19.039442] (-) TimerEvent: {}
[19.139791] (-) TimerEvent: {}
[19.240159] (-) TimerEvent: {}
[19.340647] (-) TimerEvent: {}
[19.440987] (-) TimerEvent: {}
[19.541582] (-) TimerEvent: {}
[19.644311] (-) TimerEvent: {}
[19.744714] (-) TimerEvent: {}
[19.845105] (-) TimerEvent: {}
[19.945503] (-) TimerEvent: {}
[20.045920] (-) TimerEvent: {}
[20.146353] (-) TimerEvent: {}
[20.192498] (simple_robot) StdoutLine: {'line': b'[ 19%] \x1b[32m\x1b[1mLinking CXX shared library libgrid_map.so\x1b[0m\n'}
[20.223483] (simple_robot) StdoutLine: {'line': b'[ 23%] \x1b[32m\x1b[1mLinking CXX executable robot_map_node\x1b[0m\n'}
[20.246479] (-) TimerEvent: {}
[20.346903] (-) TimerEvent: {}
[20.449753] (-) TimerEvent: {}
[20.550655] (-) TimerEvent: {}
[20.652316] (-) TimerEvent: {}
[20.754427] (-) TimerEvent: {}
[20.855880] (-) TimerEvent: {}
[20.958495] (-) TimerEvent: {}
[21.059438] (-) TimerEvent: {}
[21.160561] (-) TimerEvent: {}
[21.262281] (-) TimerEvent: {}
[21.362680] (-) TimerEvent: {}
[21.463147] (-) TimerEvent: {}
[21.563635] (-) TimerEvent: {}
[21.664135] (-) TimerEvent: {}
[21.764500] (-) TimerEvent: {}
[21.829205] (simple_robot) StdoutLine: {'line': b'[ 47%] Built target grid_map\n'}
[21.864648] (-) TimerEvent: {}
[21.965949] (-) TimerEvent: {}
[22.067169] (-) TimerEvent: {}
[22.167717] (-) TimerEvent: {}
[22.270158] (-) TimerEvent: {}
[22.329562] (simple_robot) StderrLine: {'line': b"/usr/bin/ld: CMakeFiles/robot_map_node.dir/src/main.cpp.o: in function `std::enable_if<rosidl_generator_traits::is_message<geometry_msgs::msg::Pose2D_<std::allocator<void> > >::value, rosidl_message_type_support_t const&>::type rclcpp::get_message_type_support_handle<geometry_msgs::msg::Pose2D_<std::allocator<void> > >()':\n"}
[22.330236] (simple_robot) StderrLine: {'line': b"main.cpp:(.text._ZN6rclcpp31get_message_type_support_handleIN13geometry_msgs3msg7Pose2D_ISaIvEEEEENSt9enable_ifIXsrN23rosidl_generator_traits10is_messageIT_EE5valueERK29rosidl_message_type_support_tE4typeEv[_ZN6rclcpp31get_message_type_support_handleIN13geometry_msgs3msg7Pose2D_ISaIvEEEEENSt9enable_ifIXsrN23rosidl_generator_traits10is_messageIT_EE5valueERK29rosidl_message_type_support_tE4typeEv]+0x10): undefined reference to `rosidl_message_type_support_t const* rosidl_typesupport_cpp::get_message_type_support_handle<geometry_msgs::msg::Pose2D_<std::allocator<void> > >()'\n"}
[22.344127] (simple_robot) StderrLine: {'line': b"/usr/bin/ld: CMakeFiles/robot_map_node.dir/src/main.cpp.o: in function `std::enable_if<rosidl_generator_traits::is_message<std_msgs::msg::Float32_<std::allocator<void> > >::value, rosidl_message_type_support_t const&>::type rclcpp::get_message_type_support_handle<std_msgs::msg::Float32_<std::allocator<void> > >()':\n"}
[22.344445] (simple_robot) StderrLine: {'line': b"main.cpp:(.text._ZN6rclcpp31get_message_type_support_handleIN8std_msgs3msg8Float32_ISaIvEEEEENSt9enable_ifIXsrN23rosidl_generator_traits10is_messageIT_EE5valueERK29rosidl_message_type_support_tE4typeEv[_ZN6rclcpp31get_message_type_support_handleIN8std_msgs3msg8Float32_ISaIvEEEEENSt9enable_ifIXsrN23rosidl_generator_traits10is_messageIT_EE5valueERK29rosidl_message_type_support_tE4typeEv]+0x10): undefined reference to `rosidl_message_type_support_t const* rosidl_typesupport_cpp::get_message_type_support_handle<std_msgs::msg::Float32_<std::allocator<void> > >()'\n"}
[22.370274] (-) TimerEvent: {}
[22.470720] (-) TimerEvent: {}
[22.500298] (simple_robot) StderrLine: {'line': b'collect2: error: ld returned 1 exit status\n'}
[22.505010] (simple_robot) StderrLine: {'line': b'gmake[2]: *** [CMakeFiles/robot_map_node.dir/build.make:269: robot_map_node] Error 1\n'}
[22.506671] (simple_robot) StderrLine: {'line': b'gmake[1]: *** [CMakeFiles/Makefile2:202: CMakeFiles/robot_map_node.dir/all] Error 2\n'}
[22.507116] (simple_robot) StderrLine: {'line': b'gmake: *** [Makefile:146: all] Error 2\n'}
[22.514749] (simple_robot) CommandEnded: {'returncode': 2}
[22.545113] (simple_robot) JobEnded: {'identifier': 'simple_robot', 'rc': 2}
[22.556363] (-) EventReactorShutdown: {}
