[0.000000] (-) TimerEvent: {}
[0.000363] (simple_robot) JobQueued: {'identifier': 'simple_robot', 'dependencies': OrderedDict()}
[0.000430] (simple_robot) JobStarted: {'identifier': 'simple_robot'}
[0.023828] (simple_robot) JobProgress: {'identifier': 'simple_robot', 'progress': 'cmake'}
[0.024816] (simple_robot) Command: {'cmd': ['/usr/bin/cmake', '/home/martina/rp_project/robot-programming-project/src/simple_robot', '-DCMAKE_INSTALL_PREFIX=/home/martina/rp_project/robot-programming-project/src/simple_robot/install/simple_robot'], 'cwd': '/home/martina/rp_project/robot-programming-project/src/simple_robot/build/simple_robot', 'env': OrderedDict([('GJS_DEBUG_TOPICS', 'JS ERROR;JS LOG'), ('LESSOPEN', '| /usr/bin/env /usr/bin/lesspipe %s 2>/dev/null'), ('CONDA_PROMPT_MODIFIER', '(base)'), ('LC_TIME', 'it_IT.UTF-8'), ('USER', 'martina'), ('XDG_SESSION_TYPE', 'wayland'), ('GIT_ASKPASS', '/usr/share/code/resources/app/extensions/git/dist/askpass.sh'), ('SHLVL', '2'), ('LD_LIBRARY_PATH', '/opt/ros/humble/opt/rviz_ogre_vendor/lib:/opt/ros/humble/lib/x86_64-linux-gnu:/opt/ros/humble/lib::/home/martina/.mujoco/mujoco210/bin:/usr/lib/nvidia:~/anaconda3/lib'), ('HOME', '/home/martina'), ('OLDPWD', '/home/martina/rp_project/robot-programming-project/src/simple_robot'), ('CHROME_DESKTOP', 'code.desktop'), ('TERMINFO', '/home/martina/.terminfo'), ('LESS', '-iRFXMx4'), ('CONDA_SHLVL', '1'), ('DESKTOP_SESSION', 'ubuntu'), ('TERM_PROGRAM_VERSION', '1.97.2'), ('GIO_LAUNCHED_DESKTOP_FILE', '/usr/share/applications/code.desktop'), ('LSCOLORS', 'ExGxDxDxCxDxDxFxFxexEx'), ('GTK_MODULES', 'gail:atk-bridge'), ('GNOME_SHELL_SESSION_MODE', 'ubuntu'), ('VSCODE_GIT_ASKPASS_MAIN', '/usr/share/code/resources/app/extensions/git/dist/askpass-main.js'), ('PAGER', 'less'), ('ROS_PYTHON_VERSION', '3'), ('LC_MONETARY', 'it_IT.UTF-8'), ('MANAGERPID', '887'), ('VSCODE_GIT_ASKPASS_NODE', '/usr/share/code/code'), ('SYSTEMD_EXEC_PID', '1152'), ('DBUS_SESSION_BUS_ADDRESS', 'unix:path=/run/user/1000/bus'), ('P9K_TTY', 'old'), ('GIO_LAUNCHED_DESKTOP_FILE_PID', '3260'), ('COLORTERM', 'truecolor'), ('_CE_M', ''), ('WAYLAND_DISPLAY', 'wayland-0'), ('INFOPATH', ''), ('ROS_DISTRO', 'humble'), ('COLCON_PREFIX_PATH', '/home/martina/rp_project/robot-programming-project/install'), ('LOGNAME', 'martina'), ('_', '/usr/bin/colcon'), ('JOURNAL_STREAM', '8:11413'), ('_P9K_SSH_TTY', '/dev/pts/2'), ('XDG_SESSION_CLASS', 'user'), ('USER_ZDOTDIR', '/home/martina'), ('ROS_VERSION', '2'), ('USERNAME', 'martina'), ('TERM', 'xterm-256color'), ('GNOME_DESKTOP_SESSION_ID', 'this-is-deprecated'), ('_CE_CONDA', ''), ('ROS_LOCALHOST_ONLY', '0'), ('PATH', '/opt/ros/humble/bin:/home/martina/.local/bin:/home/martina/.local/bin:/usr/lib/ccache:.:/home/martina/.mujoco/mujoco210/bin:/usr/lib/nvidia:/home/martina/anaconda3/condabin:/home/martina/bin:/home/martina/.local/bin:/usr/local/sbin:/usr/local/bin:/usr/sbin:/usr/bin:/sbin:/bin:/usr/games:/usr/local/games:/snap/bin:/home/martina/.cache/zsh4humans/v5/fzf/bin:/home/martina/other/install/bin'), ('SESSION_MANAGER', 'local/Martina-ThinkPad-X1-Yoga:@/tmp/.ICE-unix/1105,unix/Martina-ThinkPad-X1-Yoga:/tmp/.ICE-unix/1105'), ('INVOCATION_ID', 'abb78b4b018940349bd4da4c8fed9753'), ('LC_ADDRESS', 'it_IT.UTF-8'), ('XDG_RUNTIME_DIR', '/run/user/1000'), ('XDG_MENU_PREFIX', 'gnome-'), ('GNOME_SETUP_DISPLAY', ':1'), ('GDK_BACKEND', 'x11'), ('DISPLAY', ':0'), ('LANG', 'en_US.UTF-8'), ('LC_TELEPHONE', 'it_IT.UTF-8'), ('XDG_CURRENT_DESKTOP', 'Unity'), ('VSCODE_INJECTION', '1'), ('LD_PRELOAD', ':/usr/lib/x86_64-linux-gnu/libGLEW.so'), ('XDG_SESSION_DESKTOP', 'ubuntu'), ('XMODIFIERS', '@im=ibus'), ('XAUTHORITY', '/run/user/1000/.mutter-Xwaylandauth.L52E22'), ('TERM_PROGRAM', 'vscode'), ('VSCODE_GIT_IPC_HANDLE', '/run/user/1000/vscode-git-f640f2b3f6.sock'), ('LS_COLORS', 'fi=00:mi=00:mh=00:ln=01;36:or=01;31:di=01;34:ow=04;01;34:st=34:tw=04;34:pi=01;33:so=01;33:do=01;33:bd=01;33:cd=01;33:su=01;35:sg=01;35:ca=01;35:ex=01;32:no=38;5;248'), ('TREE_COLORS', 'fi=00:mi=00:mh=00:ln=01;36:or=01;31:di=01;34:ow=01;34:st=34:tw=34:pi=01;33:so=01;33:do=01;33:bd=01;33:cd=01;33:su=01;35:sg=01;35:ca=01;35:ex=01;32'), ('SSH_AGENT_LAUNCHER', 'gnome-keyring'), ('SSH_AUTH_SOCK', '/run/user/1000/keyring/ssh'), ('ORIGINAL_XDG_CURRENT_DESKTOP', 'ubuntu:GNOME'), ('CONDA_PYTHON_EXE', '/home/martina/anaconda3/bin/python'), ('AMENT_PREFIX_PATH', '/home/martina/rp_project/robot-programming-project/install/simple_robot:/opt/ros/humble'), ('LC_NAME', 'it_IT.UTF-8'), ('SHELL', '/usr/local/bin/zsh'), ('DEST', '/home/martina/other/install'), ('QT_ACCESSIBILITY', '1'), ('GDMSESSION', 'ubuntu'), ('CONDA_DEFAULT_ENV', 'base'), ('LC_MEASUREMENT', 'it_IT.UTF-8'), ('LC_IDENTIFICATION', 'it_IT.UTF-8'), ('GJS_DEBUG_OUTPUT', 'stderr'), ('P9K_SSH', '0'), ('QT_IM_MODULE', 'ibus'), ('VSCODE_GIT_ASKPASS_EXTRA_ARGS', ''), ('VSCODE_NONCE', '052e925b-acb5-444f-b870-f20c06506941'), ('LC_ALL', 'en_US.UTF-8'), ('PWD', '/home/martina/rp_project/robot-programming-project/src/simple_robot/build/simple_robot'), ('GPG_TTY', '/dev/pts/2'), ('XDG_DATA_DIRS', '/usr/local/share/:/usr/share/:/var/lib/snapd/desktop'), ('ZDOTDIR', '/home/martina'), ('_P9K_TTY', '/dev/pts/2'), ('CONDA_EXE', '/home/martina/anaconda3/bin/conda'), ('LC_NUMERIC', 'it_IT.UTF-8'), ('PYTHONPATH', '/opt/ros/humble/lib/python3.10/site-packages:/opt/ros/humble/local/lib/python3.10/dist-packages:/home/martina/other/install/lib/python3.10/site-packages/'), ('LC_PAPER', 'it_IT.UTF-8'), ('CONDA_PREFIX', '/home/martina/anaconda3'), ('COLCON', '1'), ('MANPATH', '/usr/local/share/man:/home/martina/.cache/zsh4humans/v5/fzf/man:'), ('CMAKE_PREFIX_PATH', '/home/martina/rp_project/robot-programming-project/install/simple_robot:/opt/ros/humble')]), 'shell': False}
[0.099192] (-) TimerEvent: {}
[0.199611] (-) TimerEvent: {}
[0.235750] (simple_robot) StdoutLine: {'line': b'-- The C compiler identification is GNU 11.4.0\n'}
[0.299759] (-) TimerEvent: {}
[0.400127] (-) TimerEvent: {}
[0.503304] (-) TimerEvent: {}
[0.603776] (-) TimerEvent: {}
[0.654900] (simple_robot) StdoutLine: {'line': b'-- The CXX compiler identification is GNU 11.4.0\n'}
[0.705829] (-) TimerEvent: {}
[0.760155] (simple_robot) StdoutLine: {'line': b'-- Detecting C compiler ABI info\n'}
[0.805959] (-) TimerEvent: {}
[0.909184] (-) TimerEvent: {}
[0.988294] (simple_robot) StdoutLine: {'line': b'-- Detecting C compiler ABI info - done\n'}
[1.009304] (-) TimerEvent: {}
[1.034127] (simple_robot) StdoutLine: {'line': b'-- Check for working C compiler: /usr/lib/ccache/cc - skipped\n'}
[1.037331] (simple_robot) StdoutLine: {'line': b'-- Detecting C compile features\n'}
[1.038255] (simple_robot) StdoutLine: {'line': b'-- Detecting C compile features - done\n'}
[1.044988] (simple_robot) StdoutLine: {'line': b'-- Detecting CXX compiler ABI info\n'}
[1.109524] (-) TimerEvent: {}
[1.210550] (-) TimerEvent: {}
[1.270599] (simple_robot) StdoutLine: {'line': b'-- Detecting CXX compiler ABI info - done\n'}
[1.305662] (simple_robot) StdoutLine: {'line': b'-- Check for working CXX compiler: /usr/lib/ccache/c++ - skipped\n'}
[1.307793] (simple_robot) StdoutLine: {'line': b'-- Detecting CXX compile features\n'}
[1.308418] (simple_robot) StdoutLine: {'line': b'-- Detecting CXX compile features - done\n'}
[1.310792] (-) TimerEvent: {}
[1.331798] (simple_robot) StdoutLine: {'line': b'-- Found OpenCV: /usr (found suitable version "4.5.4", minimum required is "4.5.4") \n'}
[1.335932] (simple_robot) StdoutLine: {'line': b'-- Found ament_cmake: 1.3.11 (/opt/ros/humble/share/ament_cmake/cmake)\n'}
[1.411320] (-) TimerEvent: {}
[1.512431] (-) TimerEvent: {}
[1.612805] (-) TimerEvent: {}
[1.713410] (-) TimerEvent: {}
[1.731085] (simple_robot) StdoutLine: {'line': b'-- Found Python3: /usr/bin/python3 (found version "3.10.12") found components: Interpreter \n'}
[1.813526] (-) TimerEvent: {}
[1.897709] (simple_robot) StdoutLine: {'line': b'-- Found rclcpp: 16.0.11 (/opt/ros/humble/share/rclcpp/cmake)\n'}
[1.913687] (-) TimerEvent: {}
[1.976118] (simple_robot) StdoutLine: {'line': b'-- Found rosidl_generator_c: 3.1.6 (/opt/ros/humble/share/rosidl_generator_c/cmake)\n'}
[1.987064] (simple_robot) StdoutLine: {'line': b'-- Found rosidl_adapter: 3.1.6 (/opt/ros/humble/share/rosidl_adapter/cmake)\n'}
[2.004318] (simple_robot) StdoutLine: {'line': b'-- Found rosidl_generator_cpp: 3.1.6 (/opt/ros/humble/share/rosidl_generator_cpp/cmake)\n'}
[2.013765] (-) TimerEvent: {}
[2.031427] (simple_robot) StdoutLine: {'line': b'-- Using all available rosidl_typesupport_c: rosidl_typesupport_fastrtps_c;rosidl_typesupport_introspection_c\n'}
[2.067120] (simple_robot) StdoutLine: {'line': b'-- Using all available rosidl_typesupport_cpp: rosidl_typesupport_fastrtps_cpp;rosidl_typesupport_introspection_cpp\n'}
[2.114915] (-) TimerEvent: {}
[2.169536] (simple_robot) StdoutLine: {'line': b'-- Found rmw_implementation_cmake: 6.1.2 (/opt/ros/humble/share/rmw_implementation_cmake/cmake)\n'}
[2.174314] (simple_robot) StdoutLine: {'line': b'-- Found rmw_fastrtps_cpp: 6.2.7 (/opt/ros/humble/share/rmw_fastrtps_cpp/cmake)\n'}
[2.215032] (-) TimerEvent: {}
[2.315426] (-) TimerEvent: {}
[2.389865] (simple_robot) StdoutLine: {'line': b'-- Found OpenSSL: /usr/lib/x86_64-linux-gnu/libcrypto.so (found version "3.0.2")  \n'}
[2.415563] (-) TimerEvent: {}
[2.442168] (simple_robot) StdoutLine: {'line': b'-- Found FastRTPS: /opt/ros/humble/include  \n'}
[2.515682] (-) TimerEvent: {}
[2.519647] (simple_robot) StdoutLine: {'line': b"-- Using RMW implementation 'rmw_fastrtps_cpp' as default\n"}
[2.534596] (simple_robot) StdoutLine: {'line': b'-- Looking for pthread.h\n'}
[2.615769] (-) TimerEvent: {}
[2.669566] (simple_robot) StdoutLine: {'line': b'-- Looking for pthread.h - found\n'}
[2.670047] (simple_robot) StdoutLine: {'line': b'-- Performing Test CMAKE_HAVE_LIBC_PTHREAD\n'}
[2.715885] (-) TimerEvent: {}
[2.816229] (-) TimerEvent: {}
[2.820532] (simple_robot) StdoutLine: {'line': b'-- Performing Test CMAKE_HAVE_LIBC_PTHREAD - Success\n'}
[2.823026] (simple_robot) StdoutLine: {'line': b'-- Found Threads: TRUE  \n'}
[2.916348] (-) TimerEvent: {}
[2.951940] (simple_robot) StdoutLine: {'line': b'-- Found geometry_msgs: 4.2.4 (/opt/ros/humble/share/geometry_msgs/cmake)\n'}
[2.978468] (simple_robot) StdoutLine: {'line': b'-- Found sensor_msgs: 4.2.4 (/opt/ros/humble/share/sensor_msgs/cmake)\n'}
[3.008970] (simple_robot) StdoutLine: {'line': b'-- Found nav_msgs: 4.2.4 (/opt/ros/humble/share/nav_msgs/cmake)\n'}
[3.016470] (-) TimerEvent: {}
[3.046109] (simple_robot) StdoutLine: {'line': b'-- Found OpenCV: /usr (found version "4.5.4") \n'}
[3.116581] (-) TimerEvent: {}
[3.185756] (simple_robot) StdoutLine: {'line': b'-- DATA_DIR: /home/martina/rp_project/robot-programming-project/src/simple_robot/data\n'}
[3.186098] (simple_robot) StdoutLine: {'line': b'-- Configuring done\n'}
[3.216833] (-) TimerEvent: {}
[3.242588] (simple_robot) StdoutLine: {'line': b'-- Generating done\n'}
[3.256797] (simple_robot) StdoutLine: {'line': b'-- Build files have been written to: /home/martina/rp_project/robot-programming-project/src/simple_robot/build/simple_robot\n'}
[3.285253] (simple_robot) CommandEnded: {'returncode': 0}
[3.287057] (simple_robot) JobProgress: {'identifier': 'simple_robot', 'progress': 'build'}
[3.289062] (simple_robot) Command: {'cmd': ['/usr/bin/cmake', '--build', '/home/martina/rp_project/robot-programming-project/src/simple_robot/build/simple_robot', '--', '-j4', '-l4'], 'cwd': '/home/martina/rp_project/robot-programming-project/src/simple_robot/build/simple_robot', 'env': OrderedDict([('GJS_DEBUG_TOPICS', 'JS ERROR;JS LOG'), ('LESSOPEN', '| /usr/bin/env /usr/bin/lesspipe %s 2>/dev/null'), ('CONDA_PROMPT_MODIFIER', '(base)'), ('LC_TIME', 'it_IT.UTF-8'), ('USER', 'martina'), ('XDG_SESSION_TYPE', 'wayland'), ('GIT_ASKPASS', '/usr/share/code/resources/app/extensions/git/dist/askpass.sh'), ('SHLVL', '2'), ('LD_LIBRARY_PATH', '/opt/ros/humble/opt/rviz_ogre_vendor/lib:/opt/ros/humble/lib/x86_64-linux-gnu:/opt/ros/humble/lib::/home/martina/.mujoco/mujoco210/bin:/usr/lib/nvidia:~/anaconda3/lib'), ('HOME', '/home/martina'), ('OLDPWD', '/home/martina/rp_project/robot-programming-project/src/simple_robot'), ('CHROME_DESKTOP', 'code.desktop'), ('TERMINFO', '/home/martina/.terminfo'), ('LESS', '-iRFXMx4'), ('CONDA_SHLVL', '1'), ('DESKTOP_SESSION', 'ubuntu'), ('TERM_PROGRAM_VERSION', '1.97.2'), ('GIO_LAUNCHED_DESKTOP_FILE', '/usr/share/applications/code.desktop'), ('LSCOLORS', 'ExGxDxDxCxDxDxFxFxexEx'), ('GTK_MODULES', 'gail:atk-bridge'), ('GNOME_SHELL_SESSION_MODE', 'ubuntu'), ('VSCODE_GIT_ASKPASS_MAIN', '/usr/share/code/resources/app/extensions/git/dist/askpass-main.js'), ('PAGER', 'less'), ('ROS_PYTHON_VERSION', '3'), ('LC_MONETARY', 'it_IT.UTF-8'), ('MANAGERPID', '887'), ('VSCODE_GIT_ASKPASS_NODE', '/usr/share/code/code'), ('SYSTEMD_EXEC_PID', '1152'), ('DBUS_SESSION_BUS_ADDRESS', 'unix:path=/run/user/1000/bus'), ('P9K_TTY', 'old'), ('GIO_LAUNCHED_DESKTOP_FILE_PID', '3260'), ('COLORTERM', 'truecolor'), ('_CE_M', ''), ('WAYLAND_DISPLAY', 'wayland-0'), ('INFOPATH', ''), ('ROS_DISTRO', 'humble'), ('COLCON_PREFIX_PATH', '/home/martina/rp_project/robot-programming-project/install'), ('LOGNAME', 'martina'), ('_', '/usr/bin/colcon'), ('JOURNAL_STREAM', '8:11413'), ('_P9K_SSH_TTY', '/dev/pts/2'), ('XDG_SESSION_CLASS', 'user'), ('USER_ZDOTDIR', '/home/martina'), ('ROS_VERSION', '2'), ('USERNAME', 'martina'), ('TERM', 'xterm-256color'), ('GNOME_DESKTOP_SESSION_ID', 'this-is-deprecated'), ('_CE_CONDA', ''), ('ROS_LOCALHOST_ONLY', '0'), ('PATH', '/opt/ros/humble/bin:/home/martina/.local/bin:/home/martina/.local/bin:/usr/lib/ccache:.:/home/martina/.mujoco/mujoco210/bin:/usr/lib/nvidia:/home/martina/anaconda3/condabin:/home/martina/bin:/home/martina/.local/bin:/usr/local/sbin:/usr/local/bin:/usr/sbin:/usr/bin:/sbin:/bin:/usr/games:/usr/local/games:/snap/bin:/home/martina/.cache/zsh4humans/v5/fzf/bin:/home/martina/other/install/bin'), ('SESSION_MANAGER', 'local/Martina-ThinkPad-X1-Yoga:@/tmp/.ICE-unix/1105,unix/Martina-ThinkPad-X1-Yoga:/tmp/.ICE-unix/1105'), ('INVOCATION_ID', 'abb78b4b018940349bd4da4c8fed9753'), ('LC_ADDRESS', 'it_IT.UTF-8'), ('XDG_RUNTIME_DIR', '/run/user/1000'), ('XDG_MENU_PREFIX', 'gnome-'), ('GNOME_SETUP_DISPLAY', ':1'), ('GDK_BACKEND', 'x11'), ('DISPLAY', ':0'), ('LANG', 'en_US.UTF-8'), ('LC_TELEPHONE', 'it_IT.UTF-8'), ('XDG_CURRENT_DESKTOP', 'Unity'), ('VSCODE_INJECTION', '1'), ('LD_PRELOAD', ':/usr/lib/x86_64-linux-gnu/libGLEW.so'), ('XDG_SESSION_DESKTOP', 'ubuntu'), ('XMODIFIERS', '@im=ibus'), ('XAUTHORITY', '/run/user/1000/.mutter-Xwaylandauth.L52E22'), ('TERM_PROGRAM', 'vscode'), ('VSCODE_GIT_IPC_HANDLE', '/run/user/1000/vscode-git-f640f2b3f6.sock'), ('LS_COLORS', 'fi=00:mi=00:mh=00:ln=01;36:or=01;31:di=01;34:ow=04;01;34:st=34:tw=04;34:pi=01;33:so=01;33:do=01;33:bd=01;33:cd=01;33:su=01;35:sg=01;35:ca=01;35:ex=01;32:no=38;5;248'), ('TREE_COLORS', 'fi=00:mi=00:mh=00:ln=01;36:or=01;31:di=01;34:ow=01;34:st=34:tw=34:pi=01;33:so=01;33:do=01;33:bd=01;33:cd=01;33:su=01;35:sg=01;35:ca=01;35:ex=01;32'), ('SSH_AGENT_LAUNCHER', 'gnome-keyring'), ('SSH_AUTH_SOCK', '/run/user/1000/keyring/ssh'), ('ORIGINAL_XDG_CURRENT_DESKTOP', 'ubuntu:GNOME'), ('CONDA_PYTHON_EXE', '/home/martina/anaconda3/bin/python'), ('AMENT_PREFIX_PATH', '/home/martina/rp_project/robot-programming-project/install/simple_robot:/opt/ros/humble'), ('LC_NAME', 'it_IT.UTF-8'), ('SHELL', '/usr/local/bin/zsh'), ('DEST', '/home/martina/other/install'), ('QT_ACCESSIBILITY', '1'), ('GDMSESSION', 'ubuntu'), ('CONDA_DEFAULT_ENV', 'base'), ('LC_MEASUREMENT', 'it_IT.UTF-8'), ('LC_IDENTIFICATION', 'it_IT.UTF-8'), ('GJS_DEBUG_OUTPUT', 'stderr'), ('P9K_SSH', '0'), ('QT_IM_MODULE', 'ibus'), ('VSCODE_GIT_ASKPASS_EXTRA_ARGS', ''), ('VSCODE_NONCE', '052e925b-acb5-444f-b870-f20c06506941'), ('LC_ALL', 'en_US.UTF-8'), ('PWD', '/home/martina/rp_project/robot-programming-project/src/simple_robot/build/simple_robot'), ('GPG_TTY', '/dev/pts/2'), ('XDG_DATA_DIRS', '/usr/local/share/:/usr/share/:/var/lib/snapd/desktop'), ('ZDOTDIR', '/home/martina'), ('_P9K_TTY', '/dev/pts/2'), ('CONDA_EXE', '/home/martina/anaconda3/bin/conda'), ('LC_NUMERIC', 'it_IT.UTF-8'), ('PYTHONPATH', '/opt/ros/humble/lib/python3.10/site-packages:/opt/ros/humble/local/lib/python3.10/dist-packages:/home/martina/other/install/lib/python3.10/site-packages/'), ('LC_PAPER', 'it_IT.UTF-8'), ('CONDA_PREFIX', '/home/martina/anaconda3'), ('COLCON', '1'), ('MANPATH', '/usr/local/share/man:/home/martina/.cache/zsh4humans/v5/fzf/man:'), ('CMAKE_PREFIX_PATH', '/home/martina/rp_project/robot-programming-project/install/simple_robot:/opt/ros/humble')]), 'shell': False}
[3.316959] (-) TimerEvent: {}
[3.417350] (-) TimerEvent: {}
[3.432907] (simple_robot) StdoutLine: {'line': b'\x1b[35m\x1b[1mConsolidate compiler generated dependencies of target grid_map\x1b[0m\n'}
[3.433293] (simple_robot) StdoutLine: {'line': b'\x1b[35m\x1b[1mConsolidate compiler generated dependencies of target robot_map_node\x1b[0m\n'}
[3.519766] (-) TimerEvent: {}
[3.521915] (simple_robot) StdoutLine: {'line': b'[  8%] \x1b[32mBuilding CXX object src/CMakeFiles/grid_map.dir/main.cpp.o\x1b[0m\n'}
[3.526642] (simple_robot) StdoutLine: {'line': b'[ 16%] \x1b[32mBuilding CXX object CMakeFiles/robot_map_node.dir/src/main.cpp.o\x1b[0m\n'}
[3.619902] (-) TimerEvent: {}
[3.720380] (-) TimerEvent: {}
[3.821079] (-) TimerEvent: {}
[3.922609] (-) TimerEvent: {}
[4.025064] (-) TimerEvent: {}
[4.127963] (-) TimerEvent: {}
[4.228949] (-) TimerEvent: {}
[4.330585] (-) TimerEvent: {}
[4.431027] (-) TimerEvent: {}
[4.531441] (-) TimerEvent: {}
[4.631852] (-) TimerEvent: {}
[4.732295] (-) TimerEvent: {}
[4.832749] (-) TimerEvent: {}
[4.933154] (-) TimerEvent: {}
[5.033756] (-) TimerEvent: {}
[5.134139] (-) TimerEvent: {}
[5.234590] (-) TimerEvent: {}
[5.334987] (-) TimerEvent: {}
[5.435389] (-) TimerEvent: {}
[5.535840] (-) TimerEvent: {}
[5.636278] (-) TimerEvent: {}
[5.737760] (-) TimerEvent: {}
[5.838244] (-) TimerEvent: {}
[5.938702] (-) TimerEvent: {}
[6.039107] (-) TimerEvent: {}
[6.139496] (-) TimerEvent: {}
[6.239900] (-) TimerEvent: {}
[6.340505] (-) TimerEvent: {}
[6.440891] (-) TimerEvent: {}
[6.541577] (-) TimerEvent: {}
[6.642028] (-) TimerEvent: {}
[6.742416] (-) TimerEvent: {}
[6.842847] (-) TimerEvent: {}
[6.943789] (-) TimerEvent: {}
[7.044640] (-) TimerEvent: {}
[7.145273] (-) TimerEvent: {}
[7.245812] (-) TimerEvent: {}
[7.346431] (-) TimerEvent: {}
[7.446898] (-) TimerEvent: {}
[7.547365] (-) TimerEvent: {}
[7.647983] (-) TimerEvent: {}
[7.748372] (-) TimerEvent: {}
[7.848988] (-) TimerEvent: {}
[7.949438] (-) TimerEvent: {}
[8.050063] (-) TimerEvent: {}
[8.150457] (-) TimerEvent: {}
[8.250864] (-) TimerEvent: {}
[8.351297] (-) TimerEvent: {}
[8.451660] (-) TimerEvent: {}
[8.552153] (-) TimerEvent: {}
[8.652566] (-) TimerEvent: {}
[8.753115] (-) TimerEvent: {}
[8.854749] (-) TimerEvent: {}
[8.955153] (-) TimerEvent: {}
[9.058757] (-) TimerEvent: {}
[9.160494] (-) TimerEvent: {}
[9.261144] (-) TimerEvent: {}
[9.361583] (-) TimerEvent: {}
[9.462346] (-) TimerEvent: {}
[9.563184] (-) TimerEvent: {}
[9.663981] (-) TimerEvent: {}
[9.764383] (-) TimerEvent: {}
[9.864751] (-) TimerEvent: {}
[9.965135] (-) TimerEvent: {}
[10.065528] (-) TimerEvent: {}
[10.165915] (-) TimerEvent: {}
[10.266297] (-) TimerEvent: {}
[10.366691] (-) TimerEvent: {}
[10.467091] (-) TimerEvent: {}
[10.567501] (-) TimerEvent: {}
[10.668132] (-) TimerEvent: {}
[10.768577] (-) TimerEvent: {}
[10.869031] (-) TimerEvent: {}
[10.969430] (-) TimerEvent: {}
[11.069832] (-) TimerEvent: {}
[11.170222] (-) TimerEvent: {}
[11.270618] (-) TimerEvent: {}
[11.371014] (-) TimerEvent: {}
[11.471421] (-) TimerEvent: {}
[11.571855] (-) TimerEvent: {}
[11.672246] (-) TimerEvent: {}
[11.772721] (-) TimerEvent: {}
[11.873103] (-) TimerEvent: {}
[11.973490] (-) TimerEvent: {}
[12.073876] (-) TimerEvent: {}
[12.174241] (-) TimerEvent: {}
[12.274617] (-) TimerEvent: {}
[12.375011] (-) TimerEvent: {}
[12.475450] (-) TimerEvent: {}
[12.575975] (-) TimerEvent: {}
[12.676490] (-) TimerEvent: {}
[12.777049] (-) TimerEvent: {}
[12.877433] (-) TimerEvent: {}
[12.977826] (-) TimerEvent: {}
[13.078214] (-) TimerEvent: {}
[13.178586] (-) TimerEvent: {}
[13.278994] (-) TimerEvent: {}
[13.379372] (-) TimerEvent: {}
[13.480345] (-) TimerEvent: {}
[13.580751] (-) TimerEvent: {}
[13.681152] (-) TimerEvent: {}
[13.781530] (-) TimerEvent: {}
[13.882148] (-) TimerEvent: {}
[13.982526] (-) TimerEvent: {}
[14.083129] (-) TimerEvent: {}
[14.183510] (-) TimerEvent: {}
[14.284144] (-) TimerEvent: {}
[14.384527] (-) TimerEvent: {}
[14.484936] (-) TimerEvent: {}
[14.585321] (-) TimerEvent: {}
[14.685721] (-) TimerEvent: {}
[14.786112] (-) TimerEvent: {}
[14.886496] (-) TimerEvent: {}
[14.986952] (-) TimerEvent: {}
[15.087343] (-) TimerEvent: {}
[15.187738] (-) TimerEvent: {}
[15.288129] (-) TimerEvent: {}
[15.388517] (-) TimerEvent: {}
[15.489143] (-) TimerEvent: {}
[15.589529] (-) TimerEvent: {}
[15.692767] (-) TimerEvent: {}
[15.793158] (-) TimerEvent: {}
[15.893564] (-) TimerEvent: {}
[15.994001] (-) TimerEvent: {}
[16.094386] (-) TimerEvent: {}
[16.194792] (-) TimerEvent: {}
[16.295198] (-) TimerEvent: {}
[16.395589] (-) TimerEvent: {}
[16.495984] (-) TimerEvent: {}
[16.596401] (-) TimerEvent: {}
[16.696945] (-) TimerEvent: {}
[16.797346] (-) TimerEvent: {}
[16.897755] (-) TimerEvent: {}
[16.998161] (-) TimerEvent: {}
[17.098572] (-) TimerEvent: {}
[17.199146] (-) TimerEvent: {}
[17.299897] (-) TimerEvent: {}
[17.400392] (-) TimerEvent: {}
[17.500891] (-) TimerEvent: {}
[17.601275] (-) TimerEvent: {}
[17.701685] (-) TimerEvent: {}
[17.804323] (-) TimerEvent: {}
[17.904718] (-) TimerEvent: {}
[18.005127] (-) TimerEvent: {}
[18.105521] (-) TimerEvent: {}
[18.205941] (-) TimerEvent: {}
[18.306407] (-) TimerEvent: {}
[18.406910] (-) TimerEvent: {}
[18.507716] (-) TimerEvent: {}
[18.608260] (-) TimerEvent: {}
[18.708787] (-) TimerEvent: {}
[18.809280] (-) TimerEvent: {}
[18.909725] (-) TimerEvent: {}
[19.010115] (-) TimerEvent: {}
[19.110525] (-) TimerEvent: {}
[19.210947] (-) TimerEvent: {}
[19.311354] (-) TimerEvent: {}
[19.411739] (-) TimerEvent: {}
[19.512094] (-) TimerEvent: {}
[19.612462] (-) TimerEvent: {}
[19.713099] (-) TimerEvent: {}
[19.813506] (-) TimerEvent: {}
[19.913929] (-) TimerEvent: {}
[20.014304] (-) TimerEvent: {}
[20.114704] (-) TimerEvent: {}
[20.215097] (-) TimerEvent: {}
[20.315872] (-) TimerEvent: {}
[20.416351] (-) TimerEvent: {}
[20.517263] (-) TimerEvent: {}
[20.618882] (-) TimerEvent: {}
[20.719331] (-) TimerEvent: {}
[20.820199] (-) TimerEvent: {}
[20.922741] (-) TimerEvent: {}
[21.024810] (-) TimerEvent: {}
[21.125863] (-) TimerEvent: {}
[21.226415] (-) TimerEvent: {}
[21.326738] (-) TimerEvent: {}
[21.427075] (-) TimerEvent: {}
[21.527468] (-) TimerEvent: {}
[21.628028] (-) TimerEvent: {}
[21.728376] (-) TimerEvent: {}
[21.828744] (-) TimerEvent: {}
[21.929148] (-) TimerEvent: {}
[22.030796] (-) TimerEvent: {}
[22.131176] (-) TimerEvent: {}
[22.231747] (-) TimerEvent: {}
[22.332542] (-) TimerEvent: {}
[22.432978] (-) TimerEvent: {}
[22.533378] (-) TimerEvent: {}
[22.633759] (-) TimerEvent: {}
[22.734530] (-) TimerEvent: {}
[22.834943] (-) TimerEvent: {}
[22.935316] (-) TimerEvent: {}
[23.035927] (-) TimerEvent: {}
[23.136517] (-) TimerEvent: {}
[23.236937] (-) TimerEvent: {}
[23.337528] (-) TimerEvent: {}
[23.438050] (-) TimerEvent: {}
[23.538805] (-) TimerEvent: {}
[23.639394] (-) TimerEvent: {}
[23.739738] (-) TimerEvent: {}
[23.842748] (-) TimerEvent: {}
[23.943156] (-) TimerEvent: {}
[24.043741] (-) TimerEvent: {}
[24.144083] (-) TimerEvent: {}
[24.244962] (-) TimerEvent: {}
[24.345892] (-) TimerEvent: {}
[24.446235] (-) TimerEvent: {}
[24.546636] (-) TimerEvent: {}
[24.646987] (-) TimerEvent: {}
[24.747337] (-) TimerEvent: {}
[24.847693] (-) TimerEvent: {}
[24.948091] (-) TimerEvent: {}
[25.048472] (-) TimerEvent: {}
[25.148894] (-) TimerEvent: {}
[25.249356] (-) TimerEvent: {}
[25.349822] (-) TimerEvent: {}
[25.450284] (-) TimerEvent: {}
[25.550727] (-) TimerEvent: {}
[25.651086] (-) TimerEvent: {}
[25.756894] (-) TimerEvent: {}
[25.858888] (-) TimerEvent: {}
[25.959261] (-) TimerEvent: {}
[26.061750] (-) TimerEvent: {}
[26.162388] (-) TimerEvent: {}
[26.262747] (-) TimerEvent: {}
[26.363598] (-) TimerEvent: {}
[26.464510] (-) TimerEvent: {}
[26.564927] (-) TimerEvent: {}
[26.665618] (-) TimerEvent: {}
[26.766078] (-) TimerEvent: {}
[26.866431] (-) TimerEvent: {}
[26.966842] (-) TimerEvent: {}
[27.067234] (-) TimerEvent: {}
[27.167651] (-) TimerEvent: {}
[27.268046] (-) TimerEvent: {}
[27.368410] (-) TimerEvent: {}
[27.468767] (-) TimerEvent: {}
[27.569163] (-) TimerEvent: {}
[27.669532] (-) TimerEvent: {}
[27.769957] (-) TimerEvent: {}
[27.870356] (-) TimerEvent: {}
[27.970740] (-) TimerEvent: {}
[28.071374] (-) TimerEvent: {}
[28.171975] (-) TimerEvent: {}
[28.272582] (-) TimerEvent: {}
[28.372955] (-) TimerEvent: {}
[28.473513] (-) TimerEvent: {}
[28.574643] (-) TimerEvent: {}
[28.675220] (-) TimerEvent: {}
[28.776009] (-) TimerEvent: {}
[28.876582] (-) TimerEvent: {}
[28.976978] (-) TimerEvent: {}
[29.077420] (-) TimerEvent: {}
[29.178087] (-) TimerEvent: {}
[29.278439] (-) TimerEvent: {}
[29.378743] (-) TimerEvent: {}
[29.479088] (-) TimerEvent: {}
[29.579433] (-) TimerEvent: {}
[29.679738] (-) TimerEvent: {}
[29.780089] (-) TimerEvent: {}
[29.880440] (-) TimerEvent: {}
[29.980756] (-) TimerEvent: {}
[30.081146] (-) TimerEvent: {}
[30.181521] (-) TimerEvent: {}
[30.281926] (-) TimerEvent: {}
[30.382304] (-) TimerEvent: {}
[30.482705] (-) TimerEvent: {}
[30.583089] (-) TimerEvent: {}
[30.654763] (simple_robot) StdoutLine: {'line': b'[ 25%] \x1b[32m\x1b[1mLinking CXX executable robot_map_node\x1b[0m\n'}
[30.683217] (-) TimerEvent: {}
[30.784108] (-) TimerEvent: {}
[30.786774] (simple_robot) StdoutLine: {'line': b'[ 33%] \x1b[32m\x1b[1mLinking CXX shared library libgrid_map.so\x1b[0m\n'}
[30.885751] (-) TimerEvent: {}
[30.986166] (-) TimerEvent: {}
[31.089491] (-) TimerEvent: {}
[31.191150] (-) TimerEvent: {}
[31.296477] (-) TimerEvent: {}
[31.397279] (-) TimerEvent: {}
[31.502769] (-) TimerEvent: {}
[31.603350] (-) TimerEvent: {}
[31.704054] (-) TimerEvent: {}
[31.806932] (-) TimerEvent: {}
[31.908715] (-) TimerEvent: {}
[32.011870] (-) TimerEvent: {}
[32.115071] (-) TimerEvent: {}
[32.216131] (-) TimerEvent: {}
[32.317578] (-) TimerEvent: {}
[32.419526] (-) TimerEvent: {}
[32.520321] (-) TimerEvent: {}
[32.621711] (-) TimerEvent: {}
[32.722147] (-) TimerEvent: {}
[32.822740] (-) TimerEvent: {}
[32.923604] (-) TimerEvent: {}
[33.024060] (-) TimerEvent: {}
[33.124545] (-) TimerEvent: {}
[33.228747] (-) TimerEvent: {}
[33.329232] (-) TimerEvent: {}
[33.399351] (simple_robot) StdoutLine: {'line': b'[ 66%] Built target grid_map\n'}
[33.429363] (-) TimerEvent: {}
[33.529868] (-) TimerEvent: {}
[33.630436] (-) TimerEvent: {}
[33.731638] (-) TimerEvent: {}
[33.832647] (-) TimerEvent: {}
[33.933628] (-) TimerEvent: {}
[34.034033] (-) TimerEvent: {}
[34.067660] (simple_robot) StdoutLine: {'line': b'[100%] Built target robot_map_node\n'}
[34.101200] (simple_robot) CommandEnded: {'returncode': 0}
[34.102630] (simple_robot) JobProgress: {'identifier': 'simple_robot', 'progress': 'install'}
[34.121476] (simple_robot) Command: {'cmd': ['/usr/bin/cmake', '--install', '/home/martina/rp_project/robot-programming-project/src/simple_robot/build/simple_robot'], 'cwd': '/home/martina/rp_project/robot-programming-project/src/simple_robot/build/simple_robot', 'env': OrderedDict([('GJS_DEBUG_TOPICS', 'JS ERROR;JS LOG'), ('LESSOPEN', '| /usr/bin/env /usr/bin/lesspipe %s 2>/dev/null'), ('CONDA_PROMPT_MODIFIER', '(base)'), ('LC_TIME', 'it_IT.UTF-8'), ('USER', 'martina'), ('XDG_SESSION_TYPE', 'wayland'), ('GIT_ASKPASS', '/usr/share/code/resources/app/extensions/git/dist/askpass.sh'), ('SHLVL', '2'), ('LD_LIBRARY_PATH', '/opt/ros/humble/opt/rviz_ogre_vendor/lib:/opt/ros/humble/lib/x86_64-linux-gnu:/opt/ros/humble/lib::/home/martina/.mujoco/mujoco210/bin:/usr/lib/nvidia:~/anaconda3/lib'), ('HOME', '/home/martina'), ('OLDPWD', '/home/martina/rp_project/robot-programming-project/src/simple_robot'), ('CHROME_DESKTOP', 'code.desktop'), ('TERMINFO', '/home/martina/.terminfo'), ('LESS', '-iRFXMx4'), ('CONDA_SHLVL', '1'), ('DESKTOP_SESSION', 'ubuntu'), ('TERM_PROGRAM_VERSION', '1.97.2'), ('GIO_LAUNCHED_DESKTOP_FILE', '/usr/share/applications/code.desktop'), ('LSCOLORS', 'ExGxDxDxCxDxDxFxFxexEx'), ('GTK_MODULES', 'gail:atk-bridge'), ('GNOME_SHELL_SESSION_MODE', 'ubuntu'), ('VSCODE_GIT_ASKPASS_MAIN', '/usr/share/code/resources/app/extensions/git/dist/askpass-main.js'), ('PAGER', 'less'), ('ROS_PYTHON_VERSION', '3'), ('LC_MONETARY', 'it_IT.UTF-8'), ('MANAGERPID', '887'), ('VSCODE_GIT_ASKPASS_NODE', '/usr/share/code/code'), ('SYSTEMD_EXEC_PID', '1152'), ('DBUS_SESSION_BUS_ADDRESS', 'unix:path=/run/user/1000/bus'), ('P9K_TTY', 'old'), ('GIO_LAUNCHED_DESKTOP_FILE_PID', '3260'), ('COLORTERM', 'truecolor'), ('_CE_M', ''), ('WAYLAND_DISPLAY', 'wayland-0'), ('INFOPATH', ''), ('ROS_DISTRO', 'humble'), ('COLCON_PREFIX_PATH', '/home/martina/rp_project/robot-programming-project/install'), ('LOGNAME', 'martina'), ('_', '/usr/bin/colcon'), ('JOURNAL_STREAM', '8:11413'), ('_P9K_SSH_TTY', '/dev/pts/2'), ('XDG_SESSION_CLASS', 'user'), ('USER_ZDOTDIR', '/home/martina'), ('ROS_VERSION', '2'), ('USERNAME', 'martina'), ('TERM', 'xterm-256color'), ('GNOME_DESKTOP_SESSION_ID', 'this-is-deprecated'), ('_CE_CONDA', ''), ('ROS_LOCALHOST_ONLY', '0'), ('PATH', '/opt/ros/humble/bin:/home/martina/.local/bin:/home/martina/.local/bin:/usr/lib/ccache:.:/home/martina/.mujoco/mujoco210/bin:/usr/lib/nvidia:/home/martina/anaconda3/condabin:/home/martina/bin:/home/martina/.local/bin:/usr/local/sbin:/usr/local/bin:/usr/sbin:/usr/bin:/sbin:/bin:/usr/games:/usr/local/games:/snap/bin:/home/martina/.cache/zsh4humans/v5/fzf/bin:/home/martina/other/install/bin'), ('SESSION_MANAGER', 'local/Martina-ThinkPad-X1-Yoga:@/tmp/.ICE-unix/1105,unix/Martina-ThinkPad-X1-Yoga:/tmp/.ICE-unix/1105'), ('INVOCATION_ID', 'abb78b4b018940349bd4da4c8fed9753'), ('LC_ADDRESS', 'it_IT.UTF-8'), ('XDG_RUNTIME_DIR', '/run/user/1000'), ('XDG_MENU_PREFIX', 'gnome-'), ('GNOME_SETUP_DISPLAY', ':1'), ('GDK_BACKEND', 'x11'), ('DISPLAY', ':0'), ('LANG', 'en_US.UTF-8'), ('LC_TELEPHONE', 'it_IT.UTF-8'), ('XDG_CURRENT_DESKTOP', 'Unity'), ('VSCODE_INJECTION', '1'), ('LD_PRELOAD', ':/usr/lib/x86_64-linux-gnu/libGLEW.so'), ('XDG_SESSION_DESKTOP', 'ubuntu'), ('XMODIFIERS', '@im=ibus'), ('XAUTHORITY', '/run/user/1000/.mutter-Xwaylandauth.L52E22'), ('TERM_PROGRAM', 'vscode'), ('VSCODE_GIT_IPC_HANDLE', '/run/user/1000/vscode-git-f640f2b3f6.sock'), ('LS_COLORS', 'fi=00:mi=00:mh=00:ln=01;36:or=01;31:di=01;34:ow=04;01;34:st=34:tw=04;34:pi=01;33:so=01;33:do=01;33:bd=01;33:cd=01;33:su=01;35:sg=01;35:ca=01;35:ex=01;32:no=38;5;248'), ('TREE_COLORS', 'fi=00:mi=00:mh=00:ln=01;36:or=01;31:di=01;34:ow=01;34:st=34:tw=34:pi=01;33:so=01;33:do=01;33:bd=01;33:cd=01;33:su=01;35:sg=01;35:ca=01;35:ex=01;32'), ('SSH_AGENT_LAUNCHER', 'gnome-keyring'), ('SSH_AUTH_SOCK', '/run/user/1000/keyring/ssh'), ('ORIGINAL_XDG_CURRENT_DESKTOP', 'ubuntu:GNOME'), ('CONDA_PYTHON_EXE', '/home/martina/anaconda3/bin/python'), ('AMENT_PREFIX_PATH', '/home/martina/rp_project/robot-programming-project/install/simple_robot:/opt/ros/humble'), ('LC_NAME', 'it_IT.UTF-8'), ('SHELL', '/usr/local/bin/zsh'), ('DEST', '/home/martina/other/install'), ('QT_ACCESSIBILITY', '1'), ('GDMSESSION', 'ubuntu'), ('CONDA_DEFAULT_ENV', 'base'), ('LC_MEASUREMENT', 'it_IT.UTF-8'), ('LC_IDENTIFICATION', 'it_IT.UTF-8'), ('GJS_DEBUG_OUTPUT', 'stderr'), ('P9K_SSH', '0'), ('QT_IM_MODULE', 'ibus'), ('VSCODE_GIT_ASKPASS_EXTRA_ARGS', ''), ('VSCODE_NONCE', '052e925b-acb5-444f-b870-f20c06506941'), ('LC_ALL', 'en_US.UTF-8'), ('PWD', '/home/martina/rp_project/robot-programming-project/src/simple_robot/build/simple_robot'), ('GPG_TTY', '/dev/pts/2'), ('XDG_DATA_DIRS', '/usr/local/share/:/usr/share/:/var/lib/snapd/desktop'), ('ZDOTDIR', '/home/martina'), ('_P9K_TTY', '/dev/pts/2'), ('CONDA_EXE', '/home/martina/anaconda3/bin/conda'), ('LC_NUMERIC', 'it_IT.UTF-8'), ('PYTHONPATH', '/opt/ros/humble/lib/python3.10/site-packages:/opt/ros/humble/local/lib/python3.10/dist-packages:/home/martina/other/install/lib/python3.10/site-packages/'), ('LC_PAPER', 'it_IT.UTF-8'), ('CONDA_PREFIX', '/home/martina/anaconda3'), ('COLCON', '1'), ('MANPATH', '/usr/local/share/man:/home/martina/.cache/zsh4humans/v5/fzf/man:'), ('CMAKE_PREFIX_PATH', '/home/martina/rp_project/robot-programming-project/install/simple_robot:/opt/ros/humble')]), 'shell': False}
[34.134164] (-) TimerEvent: {}
[34.141249] (simple_robot) StdoutLine: {'line': b'-- Install configuration: ""\n'}
[34.144014] (simple_robot) StdoutLine: {'line': b'-- Installing: /home/martina/rp_project/robot-programming-project/src/simple_robot/install/simple_robot/lib/simple_robot/robot_map_node\n'}
[34.159008] (simple_robot) StdoutLine: {'line': b'-- Set runtime path of "/home/martina/rp_project/robot-programming-project/src/simple_robot/install/simple_robot/lib/simple_robot/robot_map_node" to ""\n'}
[34.159957] (simple_robot) StdoutLine: {'line': b'-- Up-to-date: /home/martina/rp_project/robot-programming-project/src/simple_robot/install/simple_robot/share/ament_index/resource_index/package_run_dependencies/simple_robot\n'}
[34.160687] (simple_robot) StdoutLine: {'line': b'-- Up-to-date: /home/martina/rp_project/robot-programming-project/src/simple_robot/install/simple_robot/share/ament_index/resource_index/parent_prefix_path/simple_robot\n'}
[34.161334] (simple_robot) StdoutLine: {'line': b'-- Up-to-date: /home/martina/rp_project/robot-programming-project/src/simple_robot/install/simple_robot/share/simple_robot/environment/ament_prefix_path.sh\n'}
[34.161843] (simple_robot) StdoutLine: {'line': b'-- Installing: /home/martina/rp_project/robot-programming-project/src/simple_robot/install/simple_robot/share/simple_robot/environment/ament_prefix_path.dsv\n'}
[34.162104] (simple_robot) StdoutLine: {'line': b'-- Up-to-date: /home/martina/rp_project/robot-programming-project/src/simple_robot/install/simple_robot/share/simple_robot/environment/path.sh\n'}
[34.162292] (simple_robot) StdoutLine: {'line': b'-- Installing: /home/martina/rp_project/robot-programming-project/src/simple_robot/install/simple_robot/share/simple_robot/environment/path.dsv\n'}
[34.162485] (simple_robot) StdoutLine: {'line': b'-- Up-to-date: /home/martina/rp_project/robot-programming-project/src/simple_robot/install/simple_robot/share/simple_robot/local_setup.bash\n'}
[34.162686] (simple_robot) StdoutLine: {'line': b'-- Up-to-date: /home/martina/rp_project/robot-programming-project/src/simple_robot/install/simple_robot/share/simple_robot/local_setup.sh\n'}
[34.162858] (simple_robot) StdoutLine: {'line': b'-- Up-to-date: /home/martina/rp_project/robot-programming-project/src/simple_robot/install/simple_robot/share/simple_robot/local_setup.zsh\n'}
[34.163024] (simple_robot) StdoutLine: {'line': b'-- Installing: /home/martina/rp_project/robot-programming-project/src/simple_robot/install/simple_robot/share/simple_robot/local_setup.dsv\n'}
[34.163192] (simple_robot) StdoutLine: {'line': b'-- Installing: /home/martina/rp_project/robot-programming-project/src/simple_robot/install/simple_robot/share/simple_robot/package.dsv\n'}
[34.164045] (simple_robot) StdoutLine: {'line': b'-- Up-to-date: /home/martina/rp_project/robot-programming-project/src/simple_robot/install/simple_robot/share/ament_index/resource_index/packages/simple_robot\n'}
[34.164477] (simple_robot) StdoutLine: {'line': b'-- Up-to-date: /home/martina/rp_project/robot-programming-project/src/simple_robot/install/simple_robot/share/simple_robot/cmake/simple_robotConfig.cmake\n'}
[34.165073] (simple_robot) StdoutLine: {'line': b'-- Up-to-date: /home/martina/rp_project/robot-programming-project/src/simple_robot/install/simple_robot/share/simple_robot/cmake/simple_robotConfig-version.cmake\n'}
[34.165435] (simple_robot) StdoutLine: {'line': b'-- Up-to-date: /home/martina/rp_project/robot-programming-project/src/simple_robot/install/simple_robot/share/simple_robot/package.xml\n'}
[34.166529] (simple_robot) CommandEnded: {'returncode': 0}
[34.198689] (simple_robot) JobEnded: {'identifier': 'simple_robot', 'rc': 0}
[34.199607] (-) EventReactorShutdown: {}
