[0.017s] Invoking command in '/home/martina/rp_project/robot-programming-project/build/simple_robot': CMAKE_PREFIX_PATH=/opt/ros/humble CONDA_PROMPT_MODIFIER=(base) /usr/bin/cmake /home/martina/rp_project/robot-programming-project/src/simple_robot -DCMAKE_INSTALL_PREFIX=/home/martina/rp_project/robot-programming-project/install/simple_robot
[0.176s] -- The C compiler identification is GNU 11.4.0
[0.327s] -- The CXX compiler identification is GNU 11.4.0
[0.352s] -- Detecting C compiler ABI info
[0.481s] -- Detecting C compiler ABI info - done
[0.500s] -- Check for working C compiler: /usr/lib/ccache/cc - skipped
[0.501s] -- Detecting C compile features
[0.502s] -- Detecting C compile features - done
[0.508s] -- Detecting CXX compiler ABI info
[0.635s] -- Detecting CXX compiler ABI info - done
[0.644s] -- Check for working CXX compiler: /usr/lib/ccache/c++ - skipped
[0.644s] -- Detecting CXX compile features
[0.645s] -- Detecting CXX compile features - done
[0.648s] -- Found ament_cmake: 1.3.9 (/opt/ros/humble/share/ament_cmake/cmake)
[0.848s] -- Found Python3: /usr/bin/python3 (found version "3.10.12") found components: Interpreter 
[0.951s] -- Found rclcpp: 16.0.9 (/opt/ros/humble/share/rclcpp/cmake)
[0.998s] -- Found rosidl_generator_c: 3.1.5 (/opt/ros/humble/share/rosidl_generator_c/cmake)
[1.004s] -- Found rosidl_adapter: 3.1.5 (/opt/ros/humble/share/rosidl_adapter/cmake)
[1.013s] -- Found rosidl_generator_cpp: 3.1.5 (/opt/ros/humble/share/rosidl_generator_cpp/cmake)
[1.030s] -- Using all available rosidl_typesupport_c: rosidl_typesupport_fastrtps_c;rosidl_typesupport_introspection_c
[1.052s] -- Using all available rosidl_typesupport_cpp: rosidl_typesupport_fastrtps_cpp;rosidl_typesupport_introspection_cpp
[1.139s] -- Found rmw_implementation_cmake: 6.1.2 (/opt/ros/humble/share/rmw_implementation_cmake/cmake)
[1.142s] -- Found rmw_fastrtps_cpp: 6.2.6 (/opt/ros/humble/share/rmw_fastrtps_cpp/cmake)
[1.371s] -- Found OpenSSL: /usr/lib/x86_64-linux-gnu/libcrypto.so (found version "3.0.2")  
[1.407s] -- Found FastRTPS: /opt/ros/humble/include  
[1.479s] -- Using RMW implementation 'rmw_fastrtps_cpp' as default
[1.492s] -- Looking for pthread.h
[1.669s] -- Looking for pthread.h - found
[1.670s] -- Performing Test CMAKE_HAVE_LIBC_PTHREAD
[1.833s] -- Performing Test CMAKE_HAVE_LIBC_PTHREAD - Success
[1.835s] -- Found Threads: TRUE  
[2.047s] -- Found ament_lint_auto: 0.12.11 (/opt/ros/humble/share/ament_lint_auto/cmake)
[2.143s] -- Added test 'lint_cmake' to check CMake code style
[2.145s] -- Added test 'xmllint' to check XML markup files
[2.146s] -- Configuring done
[2.153s] -- Generating done
[2.155s] -- Build files have been written to: /home/martina/rp_project/robot-programming-project/build/simple_robot
[2.167s] Invoked command in '/home/martina/rp_project/robot-programming-project/build/simple_robot' returned '0': CMAKE_PREFIX_PATH=/opt/ros/humble CONDA_PROMPT_MODIFIER=(base) /usr/bin/cmake /home/martina/rp_project/robot-programming-project/src/simple_robot -DCMAKE_INSTALL_PREFIX=/home/martina/rp_project/robot-programming-project/install/simple_robot
[2.170s] Invoking command in '/home/martina/rp_project/robot-programming-project/build/simple_robot': CMAKE_PREFIX_PATH=/opt/ros/humble CONDA_PROMPT_MODIFIER=(base) /usr/bin/cmake --build /home/martina/rp_project/robot-programming-project/build/simple_robot -- -j4 -l4
[2.254s] Invoked command in '/home/martina/rp_project/robot-programming-project/build/simple_robot' returned '0': CMAKE_PREFIX_PATH=/opt/ros/humble CONDA_PROMPT_MODIFIER=(base) /usr/bin/cmake --build /home/martina/rp_project/robot-programming-project/build/simple_robot -- -j4 -l4
[2.342s] Invoking command in '/home/martina/rp_project/robot-programming-project/build/simple_robot': CMAKE_PREFIX_PATH=/opt/ros/humble CONDA_PROMPT_MODIFIER=(base) /usr/bin/cmake --install /home/martina/rp_project/robot-programming-project/build/simple_robot
[2.358s] -- Install configuration: ""
[2.358s] -- Installing: /home/martina/rp_project/robot-programming-project/install/simple_robot/share/ament_index/resource_index/package_run_dependencies/simple_robot
[2.359s] -- Installing: /home/martina/rp_project/robot-programming-project/install/simple_robot/share/ament_index/resource_index/parent_prefix_path/simple_robot
[2.359s] -- Installing: /home/martina/rp_project/robot-programming-project/install/simple_robot/share/simple_robot/environment/ament_prefix_path.sh
[2.359s] -- Installing: /home/martina/rp_project/robot-programming-project/install/simple_robot/share/simple_robot/environment/ament_prefix_path.dsv
[2.359s] -- Installing: /home/martina/rp_project/robot-programming-project/install/simple_robot/share/simple_robot/environment/path.sh
[2.360s] -- Installing: /home/martina/rp_project/robot-programming-project/install/simple_robot/share/simple_robot/environment/path.dsv
[2.360s] -- Installing: /home/martina/rp_project/robot-programming-project/install/simple_robot/share/simple_robot/local_setup.bash
[2.360s] -- Installing: /home/martina/rp_project/robot-programming-project/install/simple_robot/share/simple_robot/local_setup.sh
[2.360s] -- Installing: /home/martina/rp_project/robot-programming-project/install/simple_robot/share/simple_robot/local_setup.zsh
[2.361s] -- Installing: /home/martina/rp_project/robot-programming-project/install/simple_robot/share/simple_robot/local_setup.dsv
[2.361s] -- Installing: /home/martina/rp_project/robot-programming-project/install/simple_robot/share/simple_robot/package.dsv
[2.361s] -- Installing: /home/martina/rp_project/robot-programming-project/install/simple_robot/share/ament_index/resource_index/packages/simple_robot
[2.362s] -- Installing: /home/martina/rp_project/robot-programming-project/install/simple_robot/share/simple_robot/cmake/simple_robotConfig.cmake
[2.362s] -- Installing: /home/martina/rp_project/robot-programming-project/install/simple_robot/share/simple_robot/cmake/simple_robotConfig-version.cmake
[2.362s] -- Installing: /home/martina/rp_project/robot-programming-project/install/simple_robot/share/simple_robot/package.xml
[2.365s] Invoked command in '/home/martina/rp_project/robot-programming-project/build/simple_robot' returned '0': CMAKE_PREFIX_PATH=/opt/ros/humble CONDA_PROMPT_MODIFIER=(base) /usr/bin/cmake --install /home/martina/rp_project/robot-programming-project/build/simple_robot
