[0.000000] (-) TimerEvent: {}
[0.000895] (simple_robot) JobQueued: {'identifier': 'simple_robot', 'dependencies': OrderedDict()}
[0.001682] (simple_robot) JobStarted: {'identifier': 'simple_robot'}
[0.028829] (simple_robot) JobProgress: {'identifier': 'simple_robot', 'progress': 'cmake'}
[0.028917] (simple_robot) Command: {'cmd': ['/usr/bin/cmake', '/home/martina/rp_project/robot-programming-project/src/simple_robot', '-DCMAKE_INSTALL_PREFIX=/home/martina/rp_project/robot-programming-project/src/simple_robot/install/simple_robot'], 'cwd': '/home/martina/rp_project/robot-programming-project/src/simple_robot/build/simple_robot', 'env': OrderedDict([('GJS_DEBUG_TOPICS', 'JS ERROR;JS LOG'), ('LESSOPEN', '| /usr/bin/env /usr/bin/lesspipe %s 2>/dev/null'), ('CONDA_PROMPT_MODIFIER', '(base)'), ('LC_TIME', 'it_IT.UTF-8'), ('USER', 'martina'), ('XDG_SESSION_TYPE', 'wayland'), ('GIT_ASKPASS', '/usr/share/code/resources/app/extensions/git/dist/askpass.sh'), ('SHLVL', '2'), ('LD_LIBRARY_PATH', '/opt/ros/humble/opt/rviz_ogre_vendor/lib:/opt/ros/humble/lib/x86_64-linux-gnu:/opt/ros/humble/lib::/home/martina/.mujoco/mujoco210/bin:/usr/lib/nvidia:~/anaconda3/lib'), ('HOME', '/home/martina'), ('OLDPWD', '/home/martina/rp_project/robot-programming-project/src/simple_robot'), ('CHROME_DESKTOP', 'code.desktop'), ('TERMINFO', '/home/martina/.terminfo'), ('LESS', '-iRFXMx4'), ('CONDA_SHLVL', '1'), ('DESKTOP_SESSION', 'ubuntu'), ('TERM_PROGRAM_VERSION', '1.97.2'), ('GIO_LAUNCHED_DESKTOP_FILE', '/usr/share/applications/code.desktop'), ('LSCOLORS', 'ExGxDxDxCxDxDxFxFxexEx'), ('GTK_MODULES', 'gail:atk-bridge'), ('GNOME_SHELL_SESSION_MODE', 'ubuntu'), ('VSCODE_GIT_ASKPASS_MAIN', '/usr/share/code/resources/app/extensions/git/dist/askpass-main.js'), ('PAGER', 'less'), ('ROS_PYTHON_VERSION', '3'), ('LC_MONETARY', 'it_IT.UTF-8'), ('MANAGERPID', '887'), ('VSCODE_GIT_ASKPASS_NODE', '/usr/share/code/code'), ('SYSTEMD_EXEC_PID', '1152'), ('DBUS_SESSION_BUS_ADDRESS', 'unix:path=/run/user/1000/bus'), ('P9K_TTY', 'old'), ('GIO_LAUNCHED_DESKTOP_FILE_PID', '3260'), ('COLORTERM', 'truecolor'), ('_CE_M', ''), ('WAYLAND_DISPLAY', 'wayland-0'), ('INFOPATH', ''), ('ROS_DISTRO', 'humble'), ('COLCON_PREFIX_PATH', '/home/martina/rp_project/robot-programming-project/install'), ('LOGNAME', 'martina'), ('_', '/usr/bin/colcon'), ('JOURNAL_STREAM', '8:11413'), ('_P9K_SSH_TTY', '/dev/pts/2'), ('XDG_SESSION_CLASS', 'user'), ('USER_ZDOTDIR', '/home/martina'), ('ROS_VERSION', '2'), ('USERNAME', 'martina'), ('TERM', 'xterm-256color'), ('GNOME_DESKTOP_SESSION_ID', 'this-is-deprecated'), ('_CE_CONDA', ''), ('ROS_LOCALHOST_ONLY', '0'), ('PATH', '/opt/ros/humble/bin:/home/martina/.local/bin:/home/martina/.local/bin:/usr/lib/ccache:.:/home/martina/.mujoco/mujoco210/bin:/usr/lib/nvidia:/home/martina/anaconda3/condabin:/home/martina/bin:/home/martina/.local/bin:/usr/local/sbin:/usr/local/bin:/usr/sbin:/usr/bin:/sbin:/bin:/usr/games:/usr/local/games:/snap/bin:/home/martina/.cache/zsh4humans/v5/fzf/bin:/home/martina/other/install/bin'), ('SESSION_MANAGER', 'local/Martina-ThinkPad-X1-Yoga:@/tmp/.ICE-unix/1105,unix/Martina-ThinkPad-X1-Yoga:/tmp/.ICE-unix/1105'), ('INVOCATION_ID', 'abb78b4b018940349bd4da4c8fed9753'), ('LC_ADDRESS', 'it_IT.UTF-8'), ('XDG_RUNTIME_DIR', '/run/user/1000'), ('XDG_MENU_PREFIX', 'gnome-'), ('GNOME_SETUP_DISPLAY', ':1'), ('GDK_BACKEND', 'x11'), ('DISPLAY', ':0'), ('LANG', 'en_US.UTF-8'), ('LC_TELEPHONE', 'it_IT.UTF-8'), ('XDG_CURRENT_DESKTOP', 'Unity'), ('VSCODE_INJECTION', '1'), ('LD_PRELOAD', ':/usr/lib/x86_64-linux-gnu/libGLEW.so'), ('XDG_SESSION_DESKTOP', 'ubuntu'), ('XMODIFIERS', '@im=ibus'), ('XAUTHORITY', '/run/user/1000/.mutter-Xwaylandauth.L52E22'), ('TERM_PROGRAM', 'vscode'), ('VSCODE_GIT_IPC_HANDLE', '/run/user/1000/vscode-git-f640f2b3f6.sock'), ('LS_COLORS', 'fi=00:mi=00:mh=00:ln=01;36:or=01;31:di=01;34:ow=04;01;34:st=34:tw=04;34:pi=01;33:so=01;33:do=01;33:bd=01;33:cd=01;33:su=01;35:sg=01;35:ca=01;35:ex=01;32:no=38;5;248'), ('TREE_COLORS', 'fi=00:mi=00:mh=00:ln=01;36:or=01;31:di=01;34:ow=01;34:st=34:tw=34:pi=01;33:so=01;33:do=01;33:bd=01;33:cd=01;33:su=01;35:sg=01;35:ca=01;35:ex=01;32'), ('SSH_AGENT_LAUNCHER', 'gnome-keyring'), ('SSH_AUTH_SOCK', '/run/user/1000/keyring/ssh'), ('ORIGINAL_XDG_CURRENT_DESKTOP', 'ubuntu:GNOME'), ('CONDA_PYTHON_EXE', '/home/martina/anaconda3/bin/python'), ('AMENT_PREFIX_PATH', '/home/martina/rp_project/robot-programming-project/install/simple_robot:/opt/ros/humble'), ('LC_NAME', 'it_IT.UTF-8'), ('SHELL', '/usr/local/bin/zsh'), ('DEST', '/home/martina/other/install'), ('QT_ACCESSIBILITY', '1'), ('GDMSESSION', 'ubuntu'), ('CONDA_DEFAULT_ENV', 'base'), ('LC_MEASUREMENT', 'it_IT.UTF-8'), ('LC_IDENTIFICATION', 'it_IT.UTF-8'), ('GJS_DEBUG_OUTPUT', 'stderr'), ('P9K_SSH', '0'), ('QT_IM_MODULE', 'ibus'), ('VSCODE_GIT_ASKPASS_EXTRA_ARGS', ''), ('VSCODE_NONCE', '052e925b-acb5-444f-b870-f20c06506941'), ('LC_ALL', 'en_US.UTF-8'), ('PWD', '/home/martina/rp_project/robot-programming-project/src/simple_robot/build/simple_robot'), ('GPG_TTY', '/dev/pts/2'), ('XDG_DATA_DIRS', '/usr/local/share/:/usr/share/:/var/lib/snapd/desktop'), ('ZDOTDIR', '/home/martina'), ('_P9K_TTY', '/dev/pts/2'), ('CONDA_EXE', '/home/martina/anaconda3/bin/conda'), ('LC_NUMERIC', 'it_IT.UTF-8'), ('PYTHONPATH', '/opt/ros/humble/lib/python3.10/site-packages:/opt/ros/humble/local/lib/python3.10/dist-packages:/home/martina/other/install/lib/python3.10/site-packages/'), ('LC_PAPER', 'it_IT.UTF-8'), ('CONDA_PREFIX', '/home/martina/anaconda3'), ('COLCON', '1'), ('MANPATH', '/usr/local/share/man:/home/martina/.cache/zsh4humans/v5/fzf/man:'), ('CMAKE_PREFIX_PATH', '/home/martina/rp_project/robot-programming-project/install/simple_robot:/opt/ros/humble')]), 'shell': False}
[0.099871] (-) TimerEvent: {}
[0.200354] (-) TimerEvent: {}
[0.235855] (simple_robot) StdoutLine: {'line': b'-- The C compiler identification is GNU 11.4.0\n'}
[0.300470] (-) TimerEvent: {}
[0.403008] (-) TimerEvent: {}
[0.430862] (simple_robot) StdoutLine: {'line': b'-- The CXX compiler identification is GNU 11.4.0\n'}
[0.469544] (simple_robot) StdoutLine: {'line': b'-- Detecting C compiler ABI info\n'}
[0.503158] (-) TimerEvent: {}
[0.604627] (-) TimerEvent: {}
[0.711326] (simple_robot) StdoutLine: {'line': b'-- Detecting C compiler ABI info - done\n'}
[0.711642] (-) TimerEvent: {}
[0.743992] (simple_robot) StdoutLine: {'line': b'-- Check for working C compiler: /usr/lib/ccache/cc - skipped\n'}
[0.745417] (simple_robot) StdoutLine: {'line': b'-- Detecting C compile features\n'}
[0.747923] (simple_robot) StdoutLine: {'line': b'-- Detecting C compile features - done\n'}
[0.759413] (simple_robot) StdoutLine: {'line': b'-- Detecting CXX compiler ABI info\n'}
[0.811831] (-) TimerEvent: {}
[0.912936] (-) TimerEvent: {}
[0.986881] (simple_robot) StdoutLine: {'line': b'-- Detecting CXX compiler ABI info - done\n'}
[1.014400] (-) TimerEvent: {}
[1.025713] (simple_robot) StdoutLine: {'line': b'-- Check for working CXX compiler: /usr/lib/ccache/c++ - skipped\n'}
[1.028416] (simple_robot) StdoutLine: {'line': b'-- Detecting CXX compile features\n'}
[1.037000] (simple_robot) StdoutLine: {'line': b'-- Detecting CXX compile features - done\n'}
[1.071480] (simple_robot) StdoutLine: {'line': b'-- Found OpenCV: /usr (found suitable version "4.5.4", minimum required is "4.5.4") \n'}
[1.075321] (simple_robot) StdoutLine: {'line': b'-- Found ament_cmake: 1.3.11 (/opt/ros/humble/share/ament_cmake/cmake)\n'}
[1.114513] (-) TimerEvent: {}
[1.217839] (-) TimerEvent: {}
[1.318319] (-) TimerEvent: {}
[1.417908] (simple_robot) StdoutLine: {'line': b'-- Found Python3: /usr/bin/python3 (found version "3.10.12") found components: Interpreter \n'}
[1.418921] (-) TimerEvent: {}
[1.520859] (-) TimerEvent: {}
[1.621357] (-) TimerEvent: {}
[1.625458] (simple_robot) StdoutLine: {'line': b'-- Found rclcpp: 16.0.11 (/opt/ros/humble/share/rclcpp/cmake)\n'}
[1.721482] (-) TimerEvent: {}
[1.723145] (simple_robot) StdoutLine: {'line': b'-- Found rosidl_generator_c: 3.1.6 (/opt/ros/humble/share/rosidl_generator_c/cmake)\n'}
[1.734095] (simple_robot) StdoutLine: {'line': b'-- Found rosidl_adapter: 3.1.6 (/opt/ros/humble/share/rosidl_adapter/cmake)\n'}
[1.756214] (simple_robot) StdoutLine: {'line': b'-- Found rosidl_generator_cpp: 3.1.6 (/opt/ros/humble/share/rosidl_generator_cpp/cmake)\n'}
[1.787850] (simple_robot) StdoutLine: {'line': b'-- Using all available rosidl_typesupport_c: rosidl_typesupport_fastrtps_c;rosidl_typesupport_introspection_c\n'}
[1.821682] (-) TimerEvent: {}
[1.834844] (simple_robot) StdoutLine: {'line': b'-- Using all available rosidl_typesupport_cpp: rosidl_typesupport_fastrtps_cpp;rosidl_typesupport_introspection_cpp\n'}
[1.921831] (-) TimerEvent: {}
[1.953428] (simple_robot) StdoutLine: {'line': b'-- Found rmw_implementation_cmake: 6.1.2 (/opt/ros/humble/share/rmw_implementation_cmake/cmake)\n'}
[1.958600] (simple_robot) StdoutLine: {'line': b'-- Found rmw_fastrtps_cpp: 6.2.7 (/opt/ros/humble/share/rmw_fastrtps_cpp/cmake)\n'}
[2.022629] (-) TimerEvent: {}
[2.123033] (-) TimerEvent: {}
[2.223826] (-) TimerEvent: {}
[2.234409] (simple_robot) StdoutLine: {'line': b'-- Found OpenSSL: /usr/lib/x86_64-linux-gnu/libcrypto.so (found version "3.0.2")  \n'}
[2.302499] (simple_robot) StdoutLine: {'line': b'-- Found FastRTPS: /opt/ros/humble/include  \n'}
[2.323941] (-) TimerEvent: {}
[2.388200] (simple_robot) StdoutLine: {'line': b"-- Using RMW implementation 'rmw_fastrtps_cpp' as default\n"}
[2.402640] (simple_robot) StdoutLine: {'line': b'-- Looking for pthread.h\n'}
[2.424055] (-) TimerEvent: {}
[2.524459] (-) TimerEvent: {}
[2.544366] (simple_robot) StdoutLine: {'line': b'-- Looking for pthread.h - found\n'}
[2.545090] (simple_robot) StdoutLine: {'line': b'-- Performing Test CMAKE_HAVE_LIBC_PTHREAD\n'}
[2.631492] (-) TimerEvent: {}
[2.731923] (-) TimerEvent: {}
[2.832392] (-) TimerEvent: {}
[2.932831] (-) TimerEvent: {}
[2.963275] (simple_robot) StdoutLine: {'line': b'-- Performing Test CMAKE_HAVE_LIBC_PTHREAD - Success\n'}
[2.989374] (simple_robot) StdoutLine: {'line': b'-- Found Threads: TRUE  \n'}
[3.033136] (-) TimerEvent: {}
[3.140473] (-) TimerEvent: {}
[3.223076] (simple_robot) StdoutLine: {'line': b'-- Found geometry_msgs: 4.2.4 (/opt/ros/humble/share/geometry_msgs/cmake)\n'}
[3.240603] (-) TimerEvent: {}
[3.261741] (simple_robot) StdoutLine: {'line': b'-- Found sensor_msgs: 4.2.4 (/opt/ros/humble/share/sensor_msgs/cmake)\n'}
[3.312995] (simple_robot) StdoutLine: {'line': b'-- Found nav_msgs: 4.2.4 (/opt/ros/humble/share/nav_msgs/cmake)\n'}
[3.342751] (-) TimerEvent: {}
[3.375074] (simple_robot) StdoutLine: {'line': b'-- Found OpenCV: /usr (found version "4.5.4") \n'}
[3.442840] (-) TimerEvent: {}
[3.545269] (-) TimerEvent: {}
[3.562046] (simple_robot) StdoutLine: {'line': b'-- DATA_DIR: /home/martina/rp_project/robot-programming-project/src/simple_robot/data\n'}
[3.565094] (simple_robot) StdoutLine: {'line': b'-- Configuring done\n'}
[3.631963] (simple_robot) StdoutLine: {'line': b'-- Generating done\n'}
[3.646118] (-) TimerEvent: {}
[3.648621] (simple_robot) StdoutLine: {'line': b'-- Build files have been written to: /home/martina/rp_project/robot-programming-project/src/simple_robot/build/simple_robot\n'}
[3.685689] (simple_robot) CommandEnded: {'returncode': 0}
[3.693341] (simple_robot) JobProgress: {'identifier': 'simple_robot', 'progress': 'build'}
[3.693456] (simple_robot) Command: {'cmd': ['/usr/bin/cmake', '--build', '/home/martina/rp_project/robot-programming-project/src/simple_robot/build/simple_robot', '--', '-j4', '-l4'], 'cwd': '/home/martina/rp_project/robot-programming-project/src/simple_robot/build/simple_robot', 'env': OrderedDict([('GJS_DEBUG_TOPICS', 'JS ERROR;JS LOG'), ('LESSOPEN', '| /usr/bin/env /usr/bin/lesspipe %s 2>/dev/null'), ('CONDA_PROMPT_MODIFIER', '(base)'), ('LC_TIME', 'it_IT.UTF-8'), ('USER', 'martina'), ('XDG_SESSION_TYPE', 'wayland'), ('GIT_ASKPASS', '/usr/share/code/resources/app/extensions/git/dist/askpass.sh'), ('SHLVL', '2'), ('LD_LIBRARY_PATH', '/opt/ros/humble/opt/rviz_ogre_vendor/lib:/opt/ros/humble/lib/x86_64-linux-gnu:/opt/ros/humble/lib::/home/martina/.mujoco/mujoco210/bin:/usr/lib/nvidia:~/anaconda3/lib'), ('HOME', '/home/martina'), ('OLDPWD', '/home/martina/rp_project/robot-programming-project/src/simple_robot'), ('CHROME_DESKTOP', 'code.desktop'), ('TERMINFO', '/home/martina/.terminfo'), ('LESS', '-iRFXMx4'), ('CONDA_SHLVL', '1'), ('DESKTOP_SESSION', 'ubuntu'), ('TERM_PROGRAM_VERSION', '1.97.2'), ('GIO_LAUNCHED_DESKTOP_FILE', '/usr/share/applications/code.desktop'), ('LSCOLORS', 'ExGxDxDxCxDxDxFxFxexEx'), ('GTK_MODULES', 'gail:atk-bridge'), ('GNOME_SHELL_SESSION_MODE', 'ubuntu'), ('VSCODE_GIT_ASKPASS_MAIN', '/usr/share/code/resources/app/extensions/git/dist/askpass-main.js'), ('PAGER', 'less'), ('ROS_PYTHON_VERSION', '3'), ('LC_MONETARY', 'it_IT.UTF-8'), ('MANAGERPID', '887'), ('VSCODE_GIT_ASKPASS_NODE', '/usr/share/code/code'), ('SYSTEMD_EXEC_PID', '1152'), ('DBUS_SESSION_BUS_ADDRESS', 'unix:path=/run/user/1000/bus'), ('P9K_TTY', 'old'), ('GIO_LAUNCHED_DESKTOP_FILE_PID', '3260'), ('COLORTERM', 'truecolor'), ('_CE_M', ''), ('WAYLAND_DISPLAY', 'wayland-0'), ('INFOPATH', ''), ('ROS_DISTRO', 'humble'), ('COLCON_PREFIX_PATH', '/home/martina/rp_project/robot-programming-project/install'), ('LOGNAME', 'martina'), ('_', '/usr/bin/colcon'), ('JOURNAL_STREAM', '8:11413'), ('_P9K_SSH_TTY', '/dev/pts/2'), ('XDG_SESSION_CLASS', 'user'), ('USER_ZDOTDIR', '/home/martina'), ('ROS_VERSION', '2'), ('USERNAME', 'martina'), ('TERM', 'xterm-256color'), ('GNOME_DESKTOP_SESSION_ID', 'this-is-deprecated'), ('_CE_CONDA', ''), ('ROS_LOCALHOST_ONLY', '0'), ('PATH', '/opt/ros/humble/bin:/home/martina/.local/bin:/home/martina/.local/bin:/usr/lib/ccache:.:/home/martina/.mujoco/mujoco210/bin:/usr/lib/nvidia:/home/martina/anaconda3/condabin:/home/martina/bin:/home/martina/.local/bin:/usr/local/sbin:/usr/local/bin:/usr/sbin:/usr/bin:/sbin:/bin:/usr/games:/usr/local/games:/snap/bin:/home/martina/.cache/zsh4humans/v5/fzf/bin:/home/martina/other/install/bin'), ('SESSION_MANAGER', 'local/Martina-ThinkPad-X1-Yoga:@/tmp/.ICE-unix/1105,unix/Martina-ThinkPad-X1-Yoga:/tmp/.ICE-unix/1105'), ('INVOCATION_ID', 'abb78b4b018940349bd4da4c8fed9753'), ('LC_ADDRESS', 'it_IT.UTF-8'), ('XDG_RUNTIME_DIR', '/run/user/1000'), ('XDG_MENU_PREFIX', 'gnome-'), ('GNOME_SETUP_DISPLAY', ':1'), ('GDK_BACKEND', 'x11'), ('DISPLAY', ':0'), ('LANG', 'en_US.UTF-8'), ('LC_TELEPHONE', 'it_IT.UTF-8'), ('XDG_CURRENT_DESKTOP', 'Unity'), ('VSCODE_INJECTION', '1'), ('LD_PRELOAD', ':/usr/lib/x86_64-linux-gnu/libGLEW.so'), ('XDG_SESSION_DESKTOP', 'ubuntu'), ('XMODIFIERS', '@im=ibus'), ('XAUTHORITY', '/run/user/1000/.mutter-Xwaylandauth.L52E22'), ('TERM_PROGRAM', 'vscode'), ('VSCODE_GIT_IPC_HANDLE', '/run/user/1000/vscode-git-f640f2b3f6.sock'), ('LS_COLORS', 'fi=00:mi=00:mh=00:ln=01;36:or=01;31:di=01;34:ow=04;01;34:st=34:tw=04;34:pi=01;33:so=01;33:do=01;33:bd=01;33:cd=01;33:su=01;35:sg=01;35:ca=01;35:ex=01;32:no=38;5;248'), ('TREE_COLORS', 'fi=00:mi=00:mh=00:ln=01;36:or=01;31:di=01;34:ow=01;34:st=34:tw=34:pi=01;33:so=01;33:do=01;33:bd=01;33:cd=01;33:su=01;35:sg=01;35:ca=01;35:ex=01;32'), ('SSH_AGENT_LAUNCHER', 'gnome-keyring'), ('SSH_AUTH_SOCK', '/run/user/1000/keyring/ssh'), ('ORIGINAL_XDG_CURRENT_DESKTOP', 'ubuntu:GNOME'), ('CONDA_PYTHON_EXE', '/home/martina/anaconda3/bin/python'), ('AMENT_PREFIX_PATH', '/home/martina/rp_project/robot-programming-project/install/simple_robot:/opt/ros/humble'), ('LC_NAME', 'it_IT.UTF-8'), ('SHELL', '/usr/local/bin/zsh'), ('DEST', '/home/martina/other/install'), ('QT_ACCESSIBILITY', '1'), ('GDMSESSION', 'ubuntu'), ('CONDA_DEFAULT_ENV', 'base'), ('LC_MEASUREMENT', 'it_IT.UTF-8'), ('LC_IDENTIFICATION', 'it_IT.UTF-8'), ('GJS_DEBUG_OUTPUT', 'stderr'), ('P9K_SSH', '0'), ('QT_IM_MODULE', 'ibus'), ('VSCODE_GIT_ASKPASS_EXTRA_ARGS', ''), ('VSCODE_NONCE', '052e925b-acb5-444f-b870-f20c06506941'), ('LC_ALL', 'en_US.UTF-8'), ('PWD', '/home/martina/rp_project/robot-programming-project/src/simple_robot/build/simple_robot'), ('GPG_TTY', '/dev/pts/2'), ('XDG_DATA_DIRS', '/usr/local/share/:/usr/share/:/var/lib/snapd/desktop'), ('ZDOTDIR', '/home/martina'), ('_P9K_TTY', '/dev/pts/2'), ('CONDA_EXE', '/home/martina/anaconda3/bin/conda'), ('LC_NUMERIC', 'it_IT.UTF-8'), ('PYTHONPATH', '/opt/ros/humble/lib/python3.10/site-packages:/opt/ros/humble/local/lib/python3.10/dist-packages:/home/martina/other/install/lib/python3.10/site-packages/'), ('LC_PAPER', 'it_IT.UTF-8'), ('CONDA_PREFIX', '/home/martina/anaconda3'), ('COLCON', '1'), ('MANPATH', '/usr/local/share/man:/home/martina/.cache/zsh4humans/v5/fzf/man:'), ('CMAKE_PREFIX_PATH', '/home/martina/rp_project/robot-programming-project/install/simple_robot:/opt/ros/humble')]), 'shell': False}
[3.748519] (-) TimerEvent: {}
[3.830408] (simple_robot) StdoutLine: {'line': b'\x1b[35m\x1b[1mConsolidate compiler generated dependencies of target robot_map_node\x1b[0m\n'}
[3.834125] (simple_robot) StdoutLine: {'line': b'\x1b[35m\x1b[1mConsolidate compiler generated dependencies of target grid_map\x1b[0m\n'}
[3.848636] (-) TimerEvent: {}
[3.917516] (simple_robot) StdoutLine: {'line': b'[  8%] \x1b[32mBuilding CXX object src/CMakeFiles/grid_map.dir/main.cpp.o\x1b[0m\n'}
[3.935364] (simple_robot) StdoutLine: {'line': b'[ 16%] \x1b[32mBuilding CXX object CMakeFiles/robot_map_node.dir/src/main.cpp.o\x1b[0m\n'}
[3.949134] (-) TimerEvent: {}
[4.049861] (-) TimerEvent: {}
[4.150813] (-) TimerEvent: {}
[4.253140] (-) TimerEvent: {}
[4.353542] (-) TimerEvent: {}
[4.453955] (-) TimerEvent: {}
[4.554343] (-) TimerEvent: {}
[4.657034] (-) TimerEvent: {}
[4.758418] (-) TimerEvent: {}
[4.861347] (-) TimerEvent: {}
[4.962254] (-) TimerEvent: {}
[5.063850] (-) TimerEvent: {}
[5.164724] (-) TimerEvent: {}
[5.265113] (-) TimerEvent: {}
[5.368836] (-) TimerEvent: {}
[5.469218] (-) TimerEvent: {}
[5.569665] (-) TimerEvent: {}
[5.671189] (-) TimerEvent: {}
[5.775959] (-) TimerEvent: {}
[5.876373] (-) TimerEvent: {}
[5.977995] (-) TimerEvent: {}
[6.078849] (-) TimerEvent: {}
[6.180323] (-) TimerEvent: {}
[6.282159] (-) TimerEvent: {}
[6.382557] (-) TimerEvent: {}
[6.483615] (-) TimerEvent: {}
[6.585702] (-) TimerEvent: {}
[6.689110] (-) TimerEvent: {}
[6.789491] (-) TimerEvent: {}
[6.891054] (-) TimerEvent: {}
[6.993399] (-) TimerEvent: {}
[7.094856] (-) TimerEvent: {}
[7.195285] (-) TimerEvent: {}
[7.296337] (-) TimerEvent: {}
[7.396985] (-) TimerEvent: {}
[7.498697] (-) TimerEvent: {}
[7.599859] (-) TimerEvent: {}
[7.700333] (-) TimerEvent: {}
[7.801121] (-) TimerEvent: {}
[7.902037] (-) TimerEvent: {}
[8.002452] (-) TimerEvent: {}
[8.102853] (-) TimerEvent: {}
[8.203251] (-) TimerEvent: {}
[8.303656] (-) TimerEvent: {}
[8.404065] (-) TimerEvent: {}
[8.504465] (-) TimerEvent: {}
[8.604860] (-) TimerEvent: {}
[8.706178] (-) TimerEvent: {}
[8.806595] (-) TimerEvent: {}
[8.907846] (-) TimerEvent: {}
[9.008234] (-) TimerEvent: {}
[9.108611] (-) TimerEvent: {}
[9.209053] (-) TimerEvent: {}
[9.309436] (-) TimerEvent: {}
[9.409825] (-) TimerEvent: {}
[9.510230] (-) TimerEvent: {}
[9.612839] (-) TimerEvent: {}
[9.713251] (-) TimerEvent: {}
[9.813921] (-) TimerEvent: {}
[9.914370] (-) TimerEvent: {}
[10.014791] (-) TimerEvent: {}
[10.115462] (-) TimerEvent: {}
[10.216124] (-) TimerEvent: {}
[10.316730] (-) TimerEvent: {}
[10.417182] (-) TimerEvent: {}
[10.517561] (-) TimerEvent: {}
[10.617987] (-) TimerEvent: {}
[10.718360] (-) TimerEvent: {}
[10.818742] (-) TimerEvent: {}
[10.919127] (-) TimerEvent: {}
[11.019510] (-) TimerEvent: {}
[11.119901] (-) TimerEvent: {}
[11.220284] (-) TimerEvent: {}
[11.320901] (-) TimerEvent: {}
[11.421278] (-) TimerEvent: {}
[11.521669] (-) TimerEvent: {}
[11.622601] (-) TimerEvent: {}
[11.724225] (-) TimerEvent: {}
[11.824626] (-) TimerEvent: {}
[11.925377] (-) TimerEvent: {}
[12.025831] (-) TimerEvent: {}
[12.126234] (-) TimerEvent: {}
[12.226614] (-) TimerEvent: {}
[12.327021] (-) TimerEvent: {}
[12.427628] (-) TimerEvent: {}
[12.528084] (-) TimerEvent: {}
[12.628520] (-) TimerEvent: {}
[12.728902] (-) TimerEvent: {}
[12.829518] (-) TimerEvent: {}
[12.929927] (-) TimerEvent: {}
[13.030310] (-) TimerEvent: {}
[13.130728] (-) TimerEvent: {}
[13.231124] (-) TimerEvent: {}
[13.331540] (-) TimerEvent: {}
[13.431956] (-) TimerEvent: {}
[13.532384] (-) TimerEvent: {}
[13.632858] (-) TimerEvent: {}
[13.733369] (-) TimerEvent: {}
[13.835838] (-) TimerEvent: {}
[13.936242] (-) TimerEvent: {}
[14.036622] (-) TimerEvent: {}
[14.137053] (-) TimerEvent: {}
[14.237458] (-) TimerEvent: {}
[14.337889] (-) TimerEvent: {}
[14.438272] (-) TimerEvent: {}
[14.538743] (-) TimerEvent: {}
[14.639156] (-) TimerEvent: {}
[14.739540] (-) TimerEvent: {}
[14.840386] (-) TimerEvent: {}
[14.941017] (-) TimerEvent: {}
[15.041625] (-) TimerEvent: {}
[15.142209] (-) TimerEvent: {}
[15.243031] (-) TimerEvent: {}
[15.343418] (-) TimerEvent: {}
[15.444056] (-) TimerEvent: {}
[15.544439] (-) TimerEvent: {}
[15.644824] (-) TimerEvent: {}
[15.745275] (-) TimerEvent: {}
[15.845659] (-) TimerEvent: {}
[15.946296] (-) TimerEvent: {}
[16.046694] (-) TimerEvent: {}
[16.147571] (-) TimerEvent: {}
[16.247969] (-) TimerEvent: {}
[16.348350] (-) TimerEvent: {}
[16.448740] (-) TimerEvent: {}
[16.549132] (-) TimerEvent: {}
[16.649519] (-) TimerEvent: {}
[16.749917] (-) TimerEvent: {}
[16.850286] (-) TimerEvent: {}
[16.950659] (-) TimerEvent: {}
[17.051272] (-) TimerEvent: {}
[17.151653] (-) TimerEvent: {}
[17.252263] (-) TimerEvent: {}
[17.352636] (-) TimerEvent: {}
[17.453046] (-) TimerEvent: {}
[17.553429] (-) TimerEvent: {}
[17.653843] (-) TimerEvent: {}
[17.754283] (-) TimerEvent: {}
[17.854664] (-) TimerEvent: {}
[17.955081] (-) TimerEvent: {}
[18.055571] (-) TimerEvent: {}
[18.156010] (-) TimerEvent: {}
[18.257555] (-) TimerEvent: {}
[18.358754] (-) TimerEvent: {}
[18.459210] (-) TimerEvent: {}
[18.559628] (-) TimerEvent: {}
[18.660049] (-) TimerEvent: {}
[18.760431] (-) TimerEvent: {}
[18.861036] (-) TimerEvent: {}
[18.961797] (-) TimerEvent: {}
[19.062174] (-) TimerEvent: {}
[19.163066] (-) TimerEvent: {}
[19.263470] (-) TimerEvent: {}
[19.364378] (-) TimerEvent: {}
[19.464828] (-) TimerEvent: {}
[19.565291] (-) TimerEvent: {}
[19.666084] (-) TimerEvent: {}
[19.766548] (-) TimerEvent: {}
[19.867039] (-) TimerEvent: {}
[19.967519] (-) TimerEvent: {}
[20.067927] (-) TimerEvent: {}
[20.168351] (-) TimerEvent: {}
[20.268796] (-) TimerEvent: {}
[20.369375] (-) TimerEvent: {}
[20.470230] (-) TimerEvent: {}
[20.571042] (-) TimerEvent: {}
[20.671400] (-) TimerEvent: {}
[20.771801] (-) TimerEvent: {}
[20.872261] (-) TimerEvent: {}
[20.972929] (-) TimerEvent: {}
[21.073333] (-) TimerEvent: {}
[21.173737] (-) TimerEvent: {}
[21.274290] (-) TimerEvent: {}
[21.374722] (-) TimerEvent: {}
[21.475104] (-) TimerEvent: {}
[21.575484] (-) TimerEvent: {}
[21.675956] (-) TimerEvent: {}
[21.776331] (-) TimerEvent: {}
[21.876710] (-) TimerEvent: {}
[21.977376] (-) TimerEvent: {}
[22.077838] (-) TimerEvent: {}
[22.178223] (-) TimerEvent: {}
[22.278631] (-) TimerEvent: {}
[22.379076] (-) TimerEvent: {}
[22.479790] (-) TimerEvent: {}
[22.581727] (-) TimerEvent: {}
[22.682132] (-) TimerEvent: {}
[22.782845] (-) TimerEvent: {}
[22.883705] (-) TimerEvent: {}
[22.984096] (-) TimerEvent: {}
[23.085082] (-) TimerEvent: {}
[23.185466] (-) TimerEvent: {}
[23.286281] (-) TimerEvent: {}
[23.386638] (-) TimerEvent: {}
[23.487020] (-) TimerEvent: {}
[23.587382] (-) TimerEvent: {}
[23.687787] (-) TimerEvent: {}
[23.788146] (-) TimerEvent: {}
[23.888644] (-) TimerEvent: {}
[23.990224] (-) TimerEvent: {}
[24.090835] (-) TimerEvent: {}
[24.191841] (-) TimerEvent: {}
[24.292227] (-) TimerEvent: {}
[24.394029] (-) TimerEvent: {}
[24.494606] (-) TimerEvent: {}
[24.595160] (-) TimerEvent: {}
[24.696056] (-) TimerEvent: {}
[24.796686] (-) TimerEvent: {}
[24.897099] (-) TimerEvent: {}
[24.997682] (-) TimerEvent: {}
[25.098462] (-) TimerEvent: {}
[25.199170] (-) TimerEvent: {}
[25.299499] (-) TimerEvent: {}
[25.400075] (-) TimerEvent: {}
[25.500432] (-) TimerEvent: {}
[25.600791] (-) TimerEvent: {}
[25.701387] (-) TimerEvent: {}
[25.801785] (-) TimerEvent: {}
[25.902122] (-) TimerEvent: {}
[26.002461] (-) TimerEvent: {}
[26.102828] (-) TimerEvent: {}
[26.205846] (-) TimerEvent: {}
[26.306270] (-) TimerEvent: {}
[26.406719] (-) TimerEvent: {}
[26.507723] (-) TimerEvent: {}
[26.609365] (-) TimerEvent: {}
[26.709775] (-) TimerEvent: {}
[26.810139] (-) TimerEvent: {}
[26.910528] (-) TimerEvent: {}
[27.011094] (-) TimerEvent: {}
[27.111807] (-) TimerEvent: {}
[27.212239] (-) TimerEvent: {}
[27.312585] (-) TimerEvent: {}
[27.413127] (-) TimerEvent: {}
[27.513489] (-) TimerEvent: {}
[27.613841] (-) TimerEvent: {}
[27.714240] (-) TimerEvent: {}
[27.814584] (-) TimerEvent: {}
[27.914935] (-) TimerEvent: {}
[28.015267] (-) TimerEvent: {}
[28.115786] (-) TimerEvent: {}
[28.216123] (-) TimerEvent: {}
[28.316462] (-) TimerEvent: {}
[28.416812] (-) TimerEvent: {}
[28.517151] (-) TimerEvent: {}
[28.617498] (-) TimerEvent: {}
[28.717849] (-) TimerEvent: {}
[28.818224] (-) TimerEvent: {}
[28.918885] (-) TimerEvent: {}
[29.019258] (-) TimerEvent: {}
[29.119615] (-) TimerEvent: {}
[29.220280] (-) TimerEvent: {}
[29.320719] (-) TimerEvent: {}
[29.421394] (-) TimerEvent: {}
[29.522058] (-) TimerEvent: {}
[29.623216] (-) TimerEvent: {}
[29.723580] (-) TimerEvent: {}
[29.824168] (-) TimerEvent: {}
[29.924522] (-) TimerEvent: {}
[30.025101] (-) TimerEvent: {}
[30.125957] (-) TimerEvent: {}
[30.226293] (-) TimerEvent: {}
[30.326628] (-) TimerEvent: {}
[30.426974] (-) TimerEvent: {}
[30.527315] (-) TimerEvent: {}
[30.627651] (-) TimerEvent: {}
[30.727999] (-) TimerEvent: {}
[30.828368] (-) TimerEvent: {}
[30.928793] (-) TimerEvent: {}
[31.030849] (-) TimerEvent: {}
[31.131256] (-) TimerEvent: {}
[31.232299] (-) TimerEvent: {}
[31.332640] (-) TimerEvent: {}
[31.433015] (-) TimerEvent: {}
[31.533369] (-) TimerEvent: {}
[31.633842] (-) TimerEvent: {}
[31.734861] (-) TimerEvent: {}
[31.835259] (-) TimerEvent: {}
[31.935704] (-) TimerEvent: {}
[32.036135] (-) TimerEvent: {}
[32.136558] (-) TimerEvent: {}
[32.236978] (-) TimerEvent: {}
[32.337366] (-) TimerEvent: {}
[32.438440] (-) TimerEvent: {}
[32.540615] (-) TimerEvent: {}
[32.625463] (simple_robot) StdoutLine: {'line': b'[ 25%] \x1b[32m\x1b[1mLinking CXX shared library libgrid_map.so\x1b[0m\n'}
[32.640922] (-) TimerEvent: {}
[32.741320] (-) TimerEvent: {}
[32.843852] (-) TimerEvent: {}
[32.944294] (-) TimerEvent: {}
[33.044706] (-) TimerEvent: {}
[33.145449] (-) TimerEvent: {}
[33.246050] (-) TimerEvent: {}
[33.346550] (-) TimerEvent: {}
[33.448155] (-) TimerEvent: {}
[33.457773] (simple_robot) StdoutLine: {'line': b'[ 33%] \x1b[32m\x1b[1mLinking CXX executable robot_map_node\x1b[0m\n'}
[33.548222] (-) TimerEvent: {}
[33.649032] (-) TimerEvent: {}
[33.750843] (-) TimerEvent: {}
[33.851281] (-) TimerEvent: {}
[33.951736] (-) TimerEvent: {}
[34.052288] (-) TimerEvent: {}
[34.153463] (-) TimerEvent: {}
[34.254268] (-) TimerEvent: {}
[34.356716] (-) TimerEvent: {}
[34.458303] (-) TimerEvent: {}
[34.561442] (-) TimerEvent: {}
[34.661893] (-) TimerEvent: {}
[34.762451] (-) TimerEvent: {}
[34.862918] (-) TimerEvent: {}
[34.963348] (-) TimerEvent: {}
[35.063852] (-) TimerEvent: {}
[35.165858] (-) TimerEvent: {}
[35.266322] (-) TimerEvent: {}
[35.366735] (-) TimerEvent: {}
[35.467457] (-) TimerEvent: {}
[35.493838] (simple_robot) StdoutLine: {'line': b'[ 66%] Built target grid_map\n'}
[35.567608] (-) TimerEvent: {}
[35.668182] (-) TimerEvent: {}
[35.768653] (-) TimerEvent: {}
[35.869886] (-) TimerEvent: {}
[35.970833] (-) TimerEvent: {}
[36.071323] (-) TimerEvent: {}
[36.171872] (-) TimerEvent: {}
[36.273575] (-) TimerEvent: {}
[36.374978] (-) TimerEvent: {}
[36.475593] (-) TimerEvent: {}
[36.581865] (-) TimerEvent: {}
[36.682399] (-) TimerEvent: {}
[36.782848] (-) TimerEvent: {}
[36.883274] (-) TimerEvent: {}
[36.983690] (-) TimerEvent: {}
[37.079280] (simple_robot) StdoutLine: {'line': b'[100%] Built target robot_map_node\n'}
[37.083818] (-) TimerEvent: {}
[37.125601] (simple_robot) CommandEnded: {'returncode': 0}
[37.126626] (simple_robot) JobProgress: {'identifier': 'simple_robot', 'progress': 'install'}
[37.157354] (simple_robot) Command: {'cmd': ['/usr/bin/cmake', '--install', '/home/martina/rp_project/robot-programming-project/src/simple_robot/build/simple_robot'], 'cwd': '/home/martina/rp_project/robot-programming-project/src/simple_robot/build/simple_robot', 'env': OrderedDict([('GJS_DEBUG_TOPICS', 'JS ERROR;JS LOG'), ('LESSOPEN', '| /usr/bin/env /usr/bin/lesspipe %s 2>/dev/null'), ('CONDA_PROMPT_MODIFIER', '(base)'), ('LC_TIME', 'it_IT.UTF-8'), ('USER', 'martina'), ('XDG_SESSION_TYPE', 'wayland'), ('GIT_ASKPASS', '/usr/share/code/resources/app/extensions/git/dist/askpass.sh'), ('SHLVL', '2'), ('LD_LIBRARY_PATH', '/opt/ros/humble/opt/rviz_ogre_vendor/lib:/opt/ros/humble/lib/x86_64-linux-gnu:/opt/ros/humble/lib::/home/martina/.mujoco/mujoco210/bin:/usr/lib/nvidia:~/anaconda3/lib'), ('HOME', '/home/martina'), ('OLDPWD', '/home/martina/rp_project/robot-programming-project/src/simple_robot'), ('CHROME_DESKTOP', 'code.desktop'), ('TERMINFO', '/home/martina/.terminfo'), ('LESS', '-iRFXMx4'), ('CONDA_SHLVL', '1'), ('DESKTOP_SESSION', 'ubuntu'), ('TERM_PROGRAM_VERSION', '1.97.2'), ('GIO_LAUNCHED_DESKTOP_FILE', '/usr/share/applications/code.desktop'), ('LSCOLORS', 'ExGxDxDxCxDxDxFxFxexEx'), ('GTK_MODULES', 'gail:atk-bridge'), ('GNOME_SHELL_SESSION_MODE', 'ubuntu'), ('VSCODE_GIT_ASKPASS_MAIN', '/usr/share/code/resources/app/extensions/git/dist/askpass-main.js'), ('PAGER', 'less'), ('ROS_PYTHON_VERSION', '3'), ('LC_MONETARY', 'it_IT.UTF-8'), ('MANAGERPID', '887'), ('VSCODE_GIT_ASKPASS_NODE', '/usr/share/code/code'), ('SYSTEMD_EXEC_PID', '1152'), ('DBUS_SESSION_BUS_ADDRESS', 'unix:path=/run/user/1000/bus'), ('P9K_TTY', 'old'), ('GIO_LAUNCHED_DESKTOP_FILE_PID', '3260'), ('COLORTERM', 'truecolor'), ('_CE_M', ''), ('WAYLAND_DISPLAY', 'wayland-0'), ('INFOPATH', ''), ('ROS_DISTRO', 'humble'), ('COLCON_PREFIX_PATH', '/home/martina/rp_project/robot-programming-project/install'), ('LOGNAME', 'martina'), ('_', '/usr/bin/colcon'), ('JOURNAL_STREAM', '8:11413'), ('_P9K_SSH_TTY', '/dev/pts/2'), ('XDG_SESSION_CLASS', 'user'), ('USER_ZDOTDIR', '/home/martina'), ('ROS_VERSION', '2'), ('USERNAME', 'martina'), ('TERM', 'xterm-256color'), ('GNOME_DESKTOP_SESSION_ID', 'this-is-deprecated'), ('_CE_CONDA', ''), ('ROS_LOCALHOST_ONLY', '0'), ('PATH', '/opt/ros/humble/bin:/home/martina/.local/bin:/home/martina/.local/bin:/usr/lib/ccache:.:/home/martina/.mujoco/mujoco210/bin:/usr/lib/nvidia:/home/martina/anaconda3/condabin:/home/martina/bin:/home/martina/.local/bin:/usr/local/sbin:/usr/local/bin:/usr/sbin:/usr/bin:/sbin:/bin:/usr/games:/usr/local/games:/snap/bin:/home/martina/.cache/zsh4humans/v5/fzf/bin:/home/martina/other/install/bin'), ('SESSION_MANAGER', 'local/Martina-ThinkPad-X1-Yoga:@/tmp/.ICE-unix/1105,unix/Martina-ThinkPad-X1-Yoga:/tmp/.ICE-unix/1105'), ('INVOCATION_ID', 'abb78b4b018940349bd4da4c8fed9753'), ('LC_ADDRESS', 'it_IT.UTF-8'), ('XDG_RUNTIME_DIR', '/run/user/1000'), ('XDG_MENU_PREFIX', 'gnome-'), ('GNOME_SETUP_DISPLAY', ':1'), ('GDK_BACKEND', 'x11'), ('DISPLAY', ':0'), ('LANG', 'en_US.UTF-8'), ('LC_TELEPHONE', 'it_IT.UTF-8'), ('XDG_CURRENT_DESKTOP', 'Unity'), ('VSCODE_INJECTION', '1'), ('LD_PRELOAD', ':/usr/lib/x86_64-linux-gnu/libGLEW.so'), ('XDG_SESSION_DESKTOP', 'ubuntu'), ('XMODIFIERS', '@im=ibus'), ('XAUTHORITY', '/run/user/1000/.mutter-Xwaylandauth.L52E22'), ('TERM_PROGRAM', 'vscode'), ('VSCODE_GIT_IPC_HANDLE', '/run/user/1000/vscode-git-f640f2b3f6.sock'), ('LS_COLORS', 'fi=00:mi=00:mh=00:ln=01;36:or=01;31:di=01;34:ow=04;01;34:st=34:tw=04;34:pi=01;33:so=01;33:do=01;33:bd=01;33:cd=01;33:su=01;35:sg=01;35:ca=01;35:ex=01;32:no=38;5;248'), ('TREE_COLORS', 'fi=00:mi=00:mh=00:ln=01;36:or=01;31:di=01;34:ow=01;34:st=34:tw=34:pi=01;33:so=01;33:do=01;33:bd=01;33:cd=01;33:su=01;35:sg=01;35:ca=01;35:ex=01;32'), ('SSH_AGENT_LAUNCHER', 'gnome-keyring'), ('SSH_AUTH_SOCK', '/run/user/1000/keyring/ssh'), ('ORIGINAL_XDG_CURRENT_DESKTOP', 'ubuntu:GNOME'), ('CONDA_PYTHON_EXE', '/home/martina/anaconda3/bin/python'), ('AMENT_PREFIX_PATH', '/home/martina/rp_project/robot-programming-project/install/simple_robot:/opt/ros/humble'), ('LC_NAME', 'it_IT.UTF-8'), ('SHELL', '/usr/local/bin/zsh'), ('DEST', '/home/martina/other/install'), ('QT_ACCESSIBILITY', '1'), ('GDMSESSION', 'ubuntu'), ('CONDA_DEFAULT_ENV', 'base'), ('LC_MEASUREMENT', 'it_IT.UTF-8'), ('LC_IDENTIFICATION', 'it_IT.UTF-8'), ('GJS_DEBUG_OUTPUT', 'stderr'), ('P9K_SSH', '0'), ('QT_IM_MODULE', 'ibus'), ('VSCODE_GIT_ASKPASS_EXTRA_ARGS', ''), ('VSCODE_NONCE', '052e925b-acb5-444f-b870-f20c06506941'), ('LC_ALL', 'en_US.UTF-8'), ('PWD', '/home/martina/rp_project/robot-programming-project/src/simple_robot/build/simple_robot'), ('GPG_TTY', '/dev/pts/2'), ('XDG_DATA_DIRS', '/usr/local/share/:/usr/share/:/var/lib/snapd/desktop'), ('ZDOTDIR', '/home/martina'), ('_P9K_TTY', '/dev/pts/2'), ('CONDA_EXE', '/home/martina/anaconda3/bin/conda'), ('LC_NUMERIC', 'it_IT.UTF-8'), ('PYTHONPATH', '/opt/ros/humble/lib/python3.10/site-packages:/opt/ros/humble/local/lib/python3.10/dist-packages:/home/martina/other/install/lib/python3.10/site-packages/'), ('LC_PAPER', 'it_IT.UTF-8'), ('CONDA_PREFIX', '/home/martina/anaconda3'), ('COLCON', '1'), ('MANPATH', '/usr/local/share/man:/home/martina/.cache/zsh4humans/v5/fzf/man:'), ('CMAKE_PREFIX_PATH', '/home/martina/rp_project/robot-programming-project/install/simple_robot:/opt/ros/humble')]), 'shell': False}
[37.174905] (simple_robot) StdoutLine: {'line': b'-- Install configuration: ""\n'}
[37.175311] (simple_robot) StdoutLine: {'line': b'-- Installing: /home/martina/rp_project/robot-programming-project/src/simple_robot/install/simple_robot/lib/simple_robot/robot_map_node\n'}
[37.183936] (-) TimerEvent: {}
[37.189950] (simple_robot) StdoutLine: {'line': b'-- Set runtime path of "/home/martina/rp_project/robot-programming-project/src/simple_robot/install/simple_robot/lib/simple_robot/robot_map_node" to ""\n'}
[37.190515] (simple_robot) StdoutLine: {'line': b'-- Up-to-date: /home/martina/rp_project/robot-programming-project/src/simple_robot/install/simple_robot/share/ament_index/resource_index/package_run_dependencies/simple_robot\n'}
[37.190744] (simple_robot) StdoutLine: {'line': b'-- Up-to-date: /home/martina/rp_project/robot-programming-project/src/simple_robot/install/simple_robot/share/ament_index/resource_index/parent_prefix_path/simple_robot\n'}
[37.190956] (simple_robot) StdoutLine: {'line': b'-- Up-to-date: /home/martina/rp_project/robot-programming-project/src/simple_robot/install/simple_robot/share/simple_robot/environment/ament_prefix_path.sh\n'}
[37.191157] (simple_robot) StdoutLine: {'line': b'-- Installing: /home/martina/rp_project/robot-programming-project/src/simple_robot/install/simple_robot/share/simple_robot/environment/ament_prefix_path.dsv\n'}
[37.191359] (simple_robot) StdoutLine: {'line': b'-- Up-to-date: /home/martina/rp_project/robot-programming-project/src/simple_robot/install/simple_robot/share/simple_robot/environment/path.sh\n'}
[37.192536] (simple_robot) StdoutLine: {'line': b'-- Installing: /home/martina/rp_project/robot-programming-project/src/simple_robot/install/simple_robot/share/simple_robot/environment/path.dsv\n'}
[37.192925] (simple_robot) StdoutLine: {'line': b'-- Up-to-date: /home/martina/rp_project/robot-programming-project/src/simple_robot/install/simple_robot/share/simple_robot/local_setup.bash\n'}
[37.193136] (simple_robot) StdoutLine: {'line': b'-- Up-to-date: /home/martina/rp_project/robot-programming-project/src/simple_robot/install/simple_robot/share/simple_robot/local_setup.sh\n'}
[37.193325] (simple_robot) StdoutLine: {'line': b'-- Up-to-date: /home/martina/rp_project/robot-programming-project/src/simple_robot/install/simple_robot/share/simple_robot/local_setup.zsh\n'}
[37.193509] (simple_robot) StdoutLine: {'line': b'-- Installing: /home/martina/rp_project/robot-programming-project/src/simple_robot/install/simple_robot/share/simple_robot/local_setup.dsv\n'}
[37.193685] (simple_robot) StdoutLine: {'line': b'-- Installing: /home/martina/rp_project/robot-programming-project/src/simple_robot/install/simple_robot/share/simple_robot/package.dsv\n'}
[37.193883] (simple_robot) StdoutLine: {'line': b'-- Up-to-date: /home/martina/rp_project/robot-programming-project/src/simple_robot/install/simple_robot/share/ament_index/resource_index/packages/simple_robot\n'}
[37.194068] (simple_robot) StdoutLine: {'line': b'-- Up-to-date: /home/martina/rp_project/robot-programming-project/src/simple_robot/install/simple_robot/share/simple_robot/cmake/simple_robotConfig.cmake\n'}
[37.194260] (simple_robot) StdoutLine: {'line': b'-- Up-to-date: /home/martina/rp_project/robot-programming-project/src/simple_robot/install/simple_robot/share/simple_robot/cmake/simple_robotConfig-version.cmake\n'}
[37.194505] (simple_robot) StdoutLine: {'line': b'-- Up-to-date: /home/martina/rp_project/robot-programming-project/src/simple_robot/install/simple_robot/share/simple_robot/package.xml\n'}
[37.196387] (simple_robot) CommandEnded: {'returncode': 0}
[37.228305] (simple_robot) JobEnded: {'identifier': 'simple_robot', 'rc': 0}
[37.229190] (-) EventReactorShutdown: {}
