[0.024s] Invoking command in '/home/martina/rp_project/robot-programming-project/src/simple_robot/build/simple_robot': CMAKE_PREFIX_PATH=${CMAKE_PREFIX_PATH}:/opt/ros/humble CONDA_PROMPT_MODIFIER=(base) /usr/bin/cmake /home/martina/rp_project/robot-programming-project/src/simple_robot -DCMAKE_INSTALL_PREFIX=/home/martina/rp_project/robot-programming-project/src/simple_robot/install/simple_robot
[0.161s] -- The C compiler identification is GNU 11.4.0
[0.296s] -- The CXX compiler identification is GNU 11.4.0
[0.320s] -- Detecting C compiler ABI info
[0.489s] -- Detecting C compiler ABI info - done
[0.503s] -- Check for working C compiler: /usr/lib/ccache/cc - skipped
[0.503s] -- Detecting C compile features
[0.504s] -- Detecting C compile features - done
[0.512s] -- Detecting CXX compiler ABI info
[0.696s] -- Detecting CXX compiler ABI info - done
[0.711s] -- Check for working CXX compiler: /usr/lib/ccache/c++ - skipped
[0.712s] -- Detecting CXX compile features
[0.713s] -- Detecting CXX compile features - done
[0.735s] -- Found OpenCV: /usr (found suitable version "4.5.4", minimum required is "4.5.4") 
[0.738s] -- Found ament_cmake: 1.3.11 (/opt/ros/humble/share/ament_cmake/cmake)
[1.045s] -- Found Python3: /usr/bin/python3 (found version "3.10.12") found components: Interpreter 
[1.195s] -- Found rclcpp: 16.0.11 (/opt/ros/humble/share/rclcpp/cmake)
[1.268s] -- Found rosidl_generator_c: 3.1.6 (/opt/ros/humble/share/rosidl_generator_c/cmake)
[1.276s] -- Found rosidl_adapter: 3.1.6 (/opt/ros/humble/share/rosidl_adapter/cmake)
[1.290s] -- Found rosidl_generator_cpp: 3.1.6 (/opt/ros/humble/share/rosidl_generator_cpp/cmake)
[1.318s] -- Using all available rosidl_typesupport_c: rosidl_typesupport_fastrtps_c;rosidl_typesupport_introspection_c
[1.351s] -- Using all available rosidl_typesupport_cpp: rosidl_typesupport_fastrtps_cpp;rosidl_typesupport_introspection_cpp
[1.433s] -- Found rmw_implementation_cmake: 6.1.2 (/opt/ros/humble/share/rmw_implementation_cmake/cmake)
[1.437s] -- Found rmw_fastrtps_cpp: 6.2.7 (/opt/ros/humble/share/rmw_fastrtps_cpp/cmake)
[1.659s] -- Found OpenSSL: /usr/lib/x86_64-linux-gnu/libcrypto.so (found version "3.0.2")  
[1.713s] -- Found FastRTPS: /opt/ros/humble/include  
[1.846s] -- Using RMW implementation 'rmw_fastrtps_cpp' as default
[1.869s] -- Looking for pthread.h
[2.111s] -- Looking for pthread.h - found
[2.116s] -- Performing Test CMAKE_HAVE_LIBC_PTHREAD
[2.310s] -- Performing Test CMAKE_HAVE_LIBC_PTHREAD - Success
[2.314s] -- Found Threads: TRUE  
[2.442s] -- Found geometry_msgs: 4.2.4 (/opt/ros/humble/share/geometry_msgs/cmake)
[2.494s] -- Found OpenCV: /usr (found version "4.5.4") 
[2.645s] -- DATA_DIR: /home/martina/rp_project/robot-programming-project/src/simple_robot/data
[2.646s] -- Configuring done
[2.725s] -- Generating done
[2.755s] -- Build files have been written to: /home/martina/rp_project/robot-programming-project/src/simple_robot/build/simple_robot
[2.780s] Invoked command in '/home/martina/rp_project/robot-programming-project/src/simple_robot/build/simple_robot' returned '0': CMAKE_PREFIX_PATH=${CMAKE_PREFIX_PATH}:/opt/ros/humble CONDA_PROMPT_MODIFIER=(base) /usr/bin/cmake /home/martina/rp_project/robot-programming-project/src/simple_robot -DCMAKE_INSTALL_PREFIX=/home/martina/rp_project/robot-programming-project/src/simple_robot/install/simple_robot
[2.784s] Invoking command in '/home/martina/rp_project/robot-programming-project/src/simple_robot/build/simple_robot': CMAKE_PREFIX_PATH=${CMAKE_PREFIX_PATH}:/opt/ros/humble CONDA_PROMPT_MODIFIER=(base) /usr/bin/cmake --build /home/martina/rp_project/robot-programming-project/src/simple_robot/build/simple_robot -- -j4 -l4
[2.910s] [35m[1mConsolidate compiler generated dependencies of target grid_map[0m
[2.911s] [35m[1mConsolidate compiler generated dependencies of target robot_map_node[0m
[2.967s] [  5%] [32mBuilding CXX object CMakeFiles/robot_node.dir/src/robot_node.cpp.o[0m
[2.988s] [ 10%] [32mBuilding CXX object CMakeFiles/robot_node.dir/src/robot.cpp.o[0m
[3.022s] [ 15%] [32mBuilding CXX object src/CMakeFiles/grid_map.dir/main.cpp.o[0m
[3.026s] [ 20%] [32mBuilding CXX object CMakeFiles/robot_map_node.dir/src/main.cpp.o[0m
[4.777s] [01m[K/home/martina/rp_project/robot-programming-project/src/simple_robot/src/main.cpp:3:10:[m[K [01;31m[Kfatal error: [m[Kstd_msgs/msg/float32.hpp: No such file or directory
[4.777s]     3 | #include [01;31m[K"std_msgs/msg/float32.hpp"[m[K
[4.777s]       |          [01;31m[K^~~~~~~~~~~~~~~~~~~~~~~~~~[m[K
[4.777s] compilation terminated.
[4.792s] gmake[2]: *** [CMakeFiles/robot_map_node.dir/build.make:132: CMakeFiles/robot_map_node.dir/src/main.cpp.o] Error 1
[4.792s] gmake[1]: *** [CMakeFiles/Makefile2:202: CMakeFiles/robot_map_node.dir/all] Error 2
[4.792s] gmake[1]: *** Waiting for unfinished jobs....
[4.849s] [ 25%] [32mBuilding CXX object src/CMakeFiles/grid_map.dir/robot_node.cpp.o[0m
[5.225s] [01m[K/home/martina/rp_project/robot-programming-project/src/simple_robot/src/main.cpp:3:10:[m[K [01;31m[Kfatal error: [m[Kstd_msgs/msg/float32.hpp: No such file or directory
[5.225s]     3 | #include [01;31m[K"std_msgs/msg/float32.hpp"[m[K
[5.227s]       |          [01;31m[K^~~~~~~~~~~~~~~~~~~~~~~~~~[m[K
[5.230s] compilation terminated.
[5.240s] gmake[2]: *** [src/CMakeFiles/grid_map.dir/build.make:132: src/CMakeFiles/grid_map.dir/main.cpp.o] Error 1
[5.241s] gmake[2]: *** Waiting for unfinished jobs....
[6.432s] [01m[K/home/martina/rp_project/robot-programming-project/src/simple_robot/src/robot_node.cpp:2:10:[m[K [01;31m[Kfatal error: [m[Kstd_msgs/msg/float32.hpp: No such file or directory
[6.434s]     2 | #include [01;31m[K"std_msgs/msg/float32.hpp"[m[K
[6.434s]       |          [01;31m[K^~~~~~~~~~~~~~~~~~~~~~~~~~[m[K
[6.437s] compilation terminated.
[6.445s] gmake[2]: *** [src/CMakeFiles/grid_map.dir/build.make:146: src/CMakeFiles/grid_map.dir/robot_node.cpp.o] Error 1
[6.451s] gmake[1]: *** [CMakeFiles/Makefile2:228: src/CMakeFiles/grid_map.dir/all] Error 2
[21.328s] [ 30%] [32m[1mLinking CXX executable robot_node[0m
[22.185s] /usr/bin/ld: CMakeFiles/robot_node.dir/src/robot.cpp.o: in function `Robot::draw(cv::Mat&, GridMap const&, unsigned char, int)':
[22.185s] robot.cpp:(.text+0x1f3): undefined reference to `drawCircle(cv::Mat&, Eigen::Matrix<int, 2, 1, 0, 2, 1> const&, int, unsigned char)'
[22.227s] collect2: error: ld returned 1 exit status
[22.230s] gmake[2]: *** [CMakeFiles/robot_node.dir/build.make:237: robot_node] Error 1
[22.231s] gmake[1]: *** [CMakeFiles/Makefile2:176: CMakeFiles/robot_node.dir/all] Error 2
[22.231s] gmake: *** [Makefile:146: all] Error 2
[22.236s] Invoked command in '/home/martina/rp_project/robot-programming-project/src/simple_robot/build/simple_robot' returned '2': CMAKE_PREFIX_PATH=${CMAKE_PREFIX_PATH}:/opt/ros/humble CONDA_PROMPT_MODIFIER=(base) /usr/bin/cmake --build /home/martina/rp_project/robot-programming-project/src/simple_robot/build/simple_robot -- -j4 -l4
