[0.052s] Invoking command in '/home/martina/rp_project/robot-programming-project/src/simple_robot/build/simple_robot': CMAKE_PREFIX_PATH=${CMAKE_PREFIX_PATH}:/opt/ros/humble CONDA_PROMPT_MODIFIER=(base) /usr/bin/cmake /home/martina/rp_project/robot-programming-project/src/simple_robot -DCMAKE_INSTALL_PREFIX=/home/martina/rp_project/robot-programming-project/src/simple_robot/install/simple_robot
[0.390s] -- The C compiler identification is GNU 11.4.0
[0.617s] -- The CXX compiler identification is GNU 11.4.0
[0.652s] -- Detecting C compiler ABI info
[0.829s] -- Detecting C compiler ABI info - done
[0.847s] -- Check for working C compiler: /usr/lib/ccache/cc - skipped
[0.847s] -- Detecting C compile features
[0.847s] -- Detecting C compile features - done
[0.860s] -- Detecting CXX compiler ABI info
[1.148s] -- Detecting CXX compiler ABI info - done
[1.180s] -- Check for working CXX compiler: /usr/lib/ccache/c++ - skipped
[1.182s] -- Detecting CXX compile features
[1.184s] -- Detecting CXX compile features - done
[1.213s] -- Found OpenCV: /usr (found suitable version "4.5.4", minimum required is "4.5.4") 
[1.219s] -- Found ament_cmake: 1.3.11 (/opt/ros/humble/share/ament_cmake/cmake)
[1.649s] -- Found Python3: /usr/bin/python3 (found version "3.10.12") found components: Interpreter 
[1.864s] -- Found rclcpp: 16.0.11 (/opt/ros/humble/share/rclcpp/cmake)
[1.969s] -- Found rosidl_generator_c: 3.1.6 (/opt/ros/humble/share/rosidl_generator_c/cmake)
[1.978s] -- Found rosidl_adapter: 3.1.6 (/opt/ros/humble/share/rosidl_adapter/cmake)
[1.998s] -- Found rosidl_generator_cpp: 3.1.6 (/opt/ros/humble/share/rosidl_generator_cpp/cmake)
[2.033s] -- Using all available rosidl_typesupport_c: rosidl_typesupport_fastrtps_c;rosidl_typesupport_introspection_c
[2.073s] -- Using all available rosidl_typesupport_cpp: rosidl_typesupport_fastrtps_cpp;rosidl_typesupport_introspection_cpp
[2.192s] -- Found rmw_implementation_cmake: 6.1.2 (/opt/ros/humble/share/rmw_implementation_cmake/cmake)
[2.197s] -- Found rmw_fastrtps_cpp: 6.2.7 (/opt/ros/humble/share/rmw_fastrtps_cpp/cmake)
[2.548s] -- Found OpenSSL: /usr/lib/x86_64-linux-gnu/libcrypto.so (found version "3.0.2")  
[2.639s] -- Found FastRTPS: /opt/ros/humble/include  
[2.759s] -- Using RMW implementation 'rmw_fastrtps_cpp' as default
[2.782s] -- Looking for pthread.h
[3.013s] -- Looking for pthread.h - found
[3.013s] -- Performing Test CMAKE_HAVE_LIBC_PTHREAD
[3.265s] -- Performing Test CMAKE_HAVE_LIBC_PTHREAD - Success
[3.281s] -- Found Threads: TRUE  
[3.480s] -- Found geometry_msgs: 4.2.4 (/opt/ros/humble/share/geometry_msgs/cmake)
[3.527s] -- Found sensor_msgs: 4.2.4 (/opt/ros/humble/share/sensor_msgs/cmake)
[3.584s] -- Found nav_msgs: 4.2.4 (/opt/ros/humble/share/nav_msgs/cmake)
[3.655s] -- Found OpenCV: /usr (found version "4.5.4") 
[3.838s] -- DATA_DIR: /home/martina/rp_project/robot-programming-project/src/simple_robot/data
[3.838s] -- Configuring done
[3.894s] -- Generating done
[3.913s] -- Build files have been written to: /home/martina/rp_project/robot-programming-project/src/simple_robot/build/simple_robot
[3.955s] Invoked command in '/home/martina/rp_project/robot-programming-project/src/simple_robot/build/simple_robot' returned '0': CMAKE_PREFIX_PATH=${CMAKE_PREFIX_PATH}:/opt/ros/humble CONDA_PROMPT_MODIFIER=(base) /usr/bin/cmake /home/martina/rp_project/robot-programming-project/src/simple_robot -DCMAKE_INSTALL_PREFIX=/home/martina/rp_project/robot-programming-project/src/simple_robot/install/simple_robot
[3.956s] Invoking command in '/home/martina/rp_project/robot-programming-project/src/simple_robot/build/simple_robot': CMAKE_PREFIX_PATH=${CMAKE_PREFIX_PATH}:/opt/ros/humble CONDA_PROMPT_MODIFIER=(base) /usr/bin/cmake --build /home/martina/rp_project/robot-programming-project/src/simple_robot/build/simple_robot -- -j4 -l4
[4.166s] [35m[1mConsolidate compiler generated dependencies of target grid_map[0m
[4.285s] [35m[1mConsolidate compiler generated dependencies of target robot_map_node[0m
[4.356s] [  8%] [32mBuilding CXX object src/CMakeFiles/grid_map.dir/main.cpp.o[0m
[4.628s] [ 16%] [32mBuilding CXX object CMakeFiles/robot_map_node.dir/src/main.cpp.o[0m
[35.925s] [ 25%] [32m[1mLinking CXX shared library libgrid_map.so[0m
[36.397s] [ 33%] [32m[1mLinking CXX executable robot_map_node[0m
[39.090s] [ 66%] Built target grid_map
[40.767s] [100%] Built target robot_map_node
[40.805s] Invoked command in '/home/martina/rp_project/robot-programming-project/src/simple_robot/build/simple_robot' returned '0': CMAKE_PREFIX_PATH=${CMAKE_PREFIX_PATH}:/opt/ros/humble CONDA_PROMPT_MODIFIER=(base) /usr/bin/cmake --build /home/martina/rp_project/robot-programming-project/src/simple_robot/build/simple_robot -- -j4 -l4
[40.840s] Invoking command in '/home/martina/rp_project/robot-programming-project/src/simple_robot/build/simple_robot': CMAKE_PREFIX_PATH=${CMAKE_PREFIX_PATH}:/opt/ros/humble CONDA_PROMPT_MODIFIER=(base) /usr/bin/cmake --install /home/martina/rp_project/robot-programming-project/src/simple_robot/build/simple_robot
[40.864s] -- Install configuration: ""
[40.865s] -- Installing: /home/martina/rp_project/robot-programming-project/src/simple_robot/install/simple_robot/lib/simple_robot/robot_map_node
[40.884s] -- Set runtime path of "/home/martina/rp_project/robot-programming-project/src/simple_robot/install/simple_robot/lib/simple_robot/robot_map_node" to ""
[40.885s] -- Up-to-date: /home/martina/rp_project/robot-programming-project/src/simple_robot/install/simple_robot/share/ament_index/resource_index/package_run_dependencies/simple_robot
[40.886s] -- Up-to-date: /home/martina/rp_project/robot-programming-project/src/simple_robot/install/simple_robot/share/ament_index/resource_index/parent_prefix_path/simple_robot
[40.888s] -- Up-to-date: /home/martina/rp_project/robot-programming-project/src/simple_robot/install/simple_robot/share/simple_robot/environment/ament_prefix_path.sh
[40.888s] -- Installing: /home/martina/rp_project/robot-programming-project/src/simple_robot/install/simple_robot/share/simple_robot/environment/ament_prefix_path.dsv
[40.889s] -- Up-to-date: /home/martina/rp_project/robot-programming-project/src/simple_robot/install/simple_robot/share/simple_robot/environment/path.sh
[40.889s] -- Installing: /home/martina/rp_project/robot-programming-project/src/simple_robot/install/simple_robot/share/simple_robot/environment/path.dsv
[40.889s] -- Up-to-date: /home/martina/rp_project/robot-programming-project/src/simple_robot/install/simple_robot/share/simple_robot/local_setup.bash
[40.889s] -- Up-to-date: /home/martina/rp_project/robot-programming-project/src/simple_robot/install/simple_robot/share/simple_robot/local_setup.sh
[40.889s] -- Up-to-date: /home/martina/rp_project/robot-programming-project/src/simple_robot/install/simple_robot/share/simple_robot/local_setup.zsh
[40.890s] -- Installing: /home/martina/rp_project/robot-programming-project/src/simple_robot/install/simple_robot/share/simple_robot/local_setup.dsv
[40.890s] -- Installing: /home/martina/rp_project/robot-programming-project/src/simple_robot/install/simple_robot/share/simple_robot/package.dsv
[40.890s] -- Up-to-date: /home/martina/rp_project/robot-programming-project/src/simple_robot/install/simple_robot/share/ament_index/resource_index/packages/simple_robot
[40.890s] -- Up-to-date: /home/martina/rp_project/robot-programming-project/src/simple_robot/install/simple_robot/share/simple_robot/cmake/simple_robotConfig.cmake
[40.892s] -- Up-to-date: /home/martina/rp_project/robot-programming-project/src/simple_robot/install/simple_robot/share/simple_robot/cmake/simple_robotConfig-version.cmake
[40.892s] -- Up-to-date: /home/martina/rp_project/robot-programming-project/src/simple_robot/install/simple_robot/share/simple_robot/package.xml
[40.902s] Invoked command in '/home/martina/rp_project/robot-programming-project/src/simple_robot/build/simple_robot' returned '0': CMAKE_PREFIX_PATH=${CMAKE_PREFIX_PATH}:/opt/ros/humble CONDA_PROMPT_MODIFIER=(base) /usr/bin/cmake --install /home/martina/rp_project/robot-programming-project/src/simple_robot/build/simple_robot
