[0.000000] (-) TimerEvent: {}
[0.000647] (simple_robot) JobQueued: {'identifier': 'simple_robot', 'dependencies': OrderedDict()}
[0.000729] (simple_robot) JobStarted: {'identifier': 'simple_robot'}
[0.038585] (simple_robot) JobProgress: {'identifier': 'simple_robot', 'progress': 'cmake'}
[0.040315] (simple_robot) Command: {'cmd': ['/usr/bin/cmake', '/home/martina/rp_project/robot-programming-project/src/simple_robot', '-DCMAKE_INSTALL_PREFIX=/home/martina/rp_project/robot-programming-project/src/simple_robot/install/simple_robot'], 'cwd': '/home/martina/rp_project/robot-programming-project/src/simple_robot/build/simple_robot', 'env': OrderedDict([('GJS_DEBUG_TOPICS', 'JS ERROR;JS LOG'), ('LESSOPEN', '| /usr/bin/env /usr/bin/lesspipe %s 2>/dev/null'), ('CONDA_PROMPT_MODIFIER', '(base)'), ('LC_TIME', 'it_IT.UTF-8'), ('USER', 'martina'), ('XDG_SESSION_TYPE', 'wayland'), ('GIT_ASKPASS', '/usr/share/code/resources/app/extensions/git/dist/askpass.sh'), ('SHLVL', '2'), ('LD_LIBRARY_PATH', '/opt/ros/humble/opt/rviz_ogre_vendor/lib:/opt/ros/humble/lib/x86_64-linux-gnu:/opt/ros/humble/lib::/home/martina/.mujoco/mujoco210/bin:/usr/lib/nvidia:~/anaconda3/lib'), ('HOME', '/home/martina'), ('OLDPWD', '/home/martina/rp_project/robot-programming-project/src/simple_robot'), ('CHROME_DESKTOP', 'code.desktop'), ('TERMINFO', '/home/martina/.terminfo'), ('LESS', '-iRFXMx4'), ('CONDA_SHLVL', '1'), ('DESKTOP_SESSION', 'ubuntu'), ('TERM_PROGRAM_VERSION', '1.97.2'), ('GIO_LAUNCHED_DESKTOP_FILE', '/usr/share/applications/code.desktop'), ('LSCOLORS', 'ExGxDxDxCxDxDxFxFxexEx'), ('GTK_MODULES', 'gail:atk-bridge'), ('GNOME_SHELL_SESSION_MODE', 'ubuntu'), ('VSCODE_GIT_ASKPASS_MAIN', '/usr/share/code/resources/app/extensions/git/dist/askpass-main.js'), ('PAGER', 'less'), ('ROS_PYTHON_VERSION', '3'), ('LC_MONETARY', 'it_IT.UTF-8'), ('MANAGERPID', '887'), ('VSCODE_GIT_ASKPASS_NODE', '/usr/share/code/code'), ('SYSTEMD_EXEC_PID', '1152'), ('DBUS_SESSION_BUS_ADDRESS', 'unix:path=/run/user/1000/bus'), ('P9K_TTY', 'old'), ('GIO_LAUNCHED_DESKTOP_FILE_PID', '3260'), ('COLORTERM', 'truecolor'), ('_CE_M', ''), ('WAYLAND_DISPLAY', 'wayland-0'), ('INFOPATH', ''), ('ROS_DISTRO', 'humble'), ('COLCON_PREFIX_PATH', '/home/martina/rp_project/robot-programming-project/install'), ('LOGNAME', 'martina'), ('_', '/usr/bin/colcon'), ('JOURNAL_STREAM', '8:11413'), ('_P9K_SSH_TTY', '/dev/pts/2'), ('XDG_SESSION_CLASS', 'user'), ('USER_ZDOTDIR', '/home/martina'), ('ROS_VERSION', '2'), ('USERNAME', 'martina'), ('TERM', 'xterm-256color'), ('GNOME_DESKTOP_SESSION_ID', 'this-is-deprecated'), ('_CE_CONDA', ''), ('ROS_LOCALHOST_ONLY', '0'), ('PATH', '/opt/ros/humble/bin:/home/martina/.local/bin:/home/martina/.local/bin:/usr/lib/ccache:.:/home/martina/.mujoco/mujoco210/bin:/usr/lib/nvidia:/home/martina/anaconda3/condabin:/home/martina/bin:/home/martina/.local/bin:/usr/local/sbin:/usr/local/bin:/usr/sbin:/usr/bin:/sbin:/bin:/usr/games:/usr/local/games:/snap/bin:/home/martina/.cache/zsh4humans/v5/fzf/bin:/home/martina/other/install/bin'), ('SESSION_MANAGER', 'local/Martina-ThinkPad-X1-Yoga:@/tmp/.ICE-unix/1105,unix/Martina-ThinkPad-X1-Yoga:/tmp/.ICE-unix/1105'), ('INVOCATION_ID', 'abb78b4b018940349bd4da4c8fed9753'), ('LC_ADDRESS', 'it_IT.UTF-8'), ('XDG_RUNTIME_DIR', '/run/user/1000'), ('XDG_MENU_PREFIX', 'gnome-'), ('GNOME_SETUP_DISPLAY', ':1'), ('GDK_BACKEND', 'x11'), ('DISPLAY', ':0'), ('LANG', 'en_US.UTF-8'), ('LC_TELEPHONE', 'it_IT.UTF-8'), ('XDG_CURRENT_DESKTOP', 'Unity'), ('VSCODE_INJECTION', '1'), ('LD_PRELOAD', ':/usr/lib/x86_64-linux-gnu/libGLEW.so'), ('XDG_SESSION_DESKTOP', 'ubuntu'), ('XMODIFIERS', '@im=ibus'), ('XAUTHORITY', '/run/user/1000/.mutter-Xwaylandauth.L52E22'), ('TERM_PROGRAM', 'vscode'), ('VSCODE_GIT_IPC_HANDLE', '/run/user/1000/vscode-git-f640f2b3f6.sock'), ('LS_COLORS', 'fi=00:mi=00:mh=00:ln=01;36:or=01;31:di=01;34:ow=04;01;34:st=34:tw=04;34:pi=01;33:so=01;33:do=01;33:bd=01;33:cd=01;33:su=01;35:sg=01;35:ca=01;35:ex=01;32:no=38;5;248'), ('TREE_COLORS', 'fi=00:mi=00:mh=00:ln=01;36:or=01;31:di=01;34:ow=01;34:st=34:tw=34:pi=01;33:so=01;33:do=01;33:bd=01;33:cd=01;33:su=01;35:sg=01;35:ca=01;35:ex=01;32'), ('SSH_AGENT_LAUNCHER', 'gnome-keyring'), ('SSH_AUTH_SOCK', '/run/user/1000/keyring/ssh'), ('ORIGINAL_XDG_CURRENT_DESKTOP', 'ubuntu:GNOME'), ('CONDA_PYTHON_EXE', '/home/martina/anaconda3/bin/python'), ('AMENT_PREFIX_PATH', '/home/martina/rp_project/robot-programming-project/install/simple_robot:/opt/ros/humble'), ('LC_NAME', 'it_IT.UTF-8'), ('SHELL', '/usr/local/bin/zsh'), ('DEST', '/home/martina/other/install'), ('QT_ACCESSIBILITY', '1'), ('GDMSESSION', 'ubuntu'), ('CONDA_DEFAULT_ENV', 'base'), ('LC_MEASUREMENT', 'it_IT.UTF-8'), ('LC_IDENTIFICATION', 'it_IT.UTF-8'), ('GJS_DEBUG_OUTPUT', 'stderr'), ('P9K_SSH', '0'), ('QT_IM_MODULE', 'ibus'), ('VSCODE_GIT_ASKPASS_EXTRA_ARGS', ''), ('VSCODE_NONCE', '052e925b-acb5-444f-b870-f20c06506941'), ('LC_ALL', 'en_US.UTF-8'), ('PWD', '/home/martina/rp_project/robot-programming-project/src/simple_robot/build/simple_robot'), ('GPG_TTY', '/dev/pts/2'), ('XDG_DATA_DIRS', '/usr/local/share/:/usr/share/:/var/lib/snapd/desktop'), ('ZDOTDIR', '/home/martina'), ('_P9K_TTY', '/dev/pts/2'), ('CONDA_EXE', '/home/martina/anaconda3/bin/conda'), ('LC_NUMERIC', 'it_IT.UTF-8'), ('PYTHONPATH', '/opt/ros/humble/lib/python3.10/site-packages:/opt/ros/humble/local/lib/python3.10/dist-packages:/home/martina/other/install/lib/python3.10/site-packages/'), ('LC_PAPER', 'it_IT.UTF-8'), ('CONDA_PREFIX', '/home/martina/anaconda3'), ('COLCON', '1'), ('MANPATH', '/usr/local/share/man:/home/martina/.cache/zsh4humans/v5/fzf/man:'), ('CMAKE_PREFIX_PATH', '/home/martina/rp_project/robot-programming-project/install/simple_robot:/opt/ros/humble')]), 'shell': False}
[0.098124] (-) TimerEvent: {}
[0.199642] (-) TimerEvent: {}
[0.300034] (-) TimerEvent: {}
[0.314753] (simple_robot) StdoutLine: {'line': b'-- The C compiler identification is GNU 11.4.0\n'}
[0.400400] (-) TimerEvent: {}
[0.502110] (-) TimerEvent: {}
[0.592662] (simple_robot) StdoutLine: {'line': b'-- The CXX compiler identification is GNU 11.4.0\n'}
[0.602235] (-) TimerEvent: {}
[0.653011] (simple_robot) StdoutLine: {'line': b'-- Detecting C compiler ABI info\n'}
[0.702357] (-) TimerEvent: {}
[0.802743] (-) TimerEvent: {}
[0.878577] (simple_robot) StdoutLine: {'line': b'-- Detecting C compiler ABI info - done\n'}
[0.896505] (simple_robot) StdoutLine: {'line': b'-- Check for working C compiler: /usr/lib/ccache/cc - skipped\n'}
[0.896925] (simple_robot) StdoutLine: {'line': b'-- Detecting C compile features\n'}
[0.897171] (simple_robot) StdoutLine: {'line': b'-- Detecting C compile features - done\n'}
[0.903769] (-) TimerEvent: {}
[0.904106] (simple_robot) StdoutLine: {'line': b'-- Detecting CXX compiler ABI info\n'}
[1.004037] (-) TimerEvent: {}
[1.076260] (simple_robot) StdoutLine: {'line': b'-- Detecting CXX compiler ABI info - done\n'}
[1.092033] (simple_robot) StdoutLine: {'line': b'-- Check for working CXX compiler: /usr/lib/ccache/c++ - skipped\n'}
[1.095750] (simple_robot) StdoutLine: {'line': b'-- Detecting CXX compile features\n'}
[1.096236] (simple_robot) StdoutLine: {'line': b'-- Detecting CXX compile features - done\n'}
[1.104147] (-) TimerEvent: {}
[1.117703] (simple_robot) StdoutLine: {'line': b'-- Found OpenCV: /usr (found suitable version "4.5.4", minimum required is "4.5.4") \n'}
[1.120804] (simple_robot) StdoutLine: {'line': b'-- Found ament_cmake: 1.3.11 (/opt/ros/humble/share/ament_cmake/cmake)\n'}
[1.204262] (-) TimerEvent: {}
[1.306503] (-) TimerEvent: {}
[1.406951] (-) TimerEvent: {}
[1.507556] (-) TimerEvent: {}
[1.570318] (simple_robot) StdoutLine: {'line': b'-- Found Python3: /usr/bin/python3 (found version "3.10.12") found components: Interpreter \n'}
[1.608008] (-) TimerEvent: {}
[1.708447] (-) TimerEvent: {}
[1.790519] (simple_robot) StdoutLine: {'line': b'-- Found rclcpp: 16.0.11 (/opt/ros/humble/share/rclcpp/cmake)\n'}
[1.808634] (-) TimerEvent: {}
[1.909086] (-) TimerEvent: {}
[2.010317] (-) TimerEvent: {}
[2.084517] (simple_robot) StdoutLine: {'line': b'-- Found rosidl_generator_c: 3.1.6 (/opt/ros/humble/share/rosidl_generator_c/cmake)\n'}
[2.102189] (simple_robot) StdoutLine: {'line': b'-- Found rosidl_adapter: 3.1.6 (/opt/ros/humble/share/rosidl_adapter/cmake)\n'}
[2.110466] (-) TimerEvent: {}
[2.148124] (simple_robot) StdoutLine: {'line': b'-- Found rosidl_generator_cpp: 3.1.6 (/opt/ros/humble/share/rosidl_generator_cpp/cmake)\n'}
[2.203051] (simple_robot) StdoutLine: {'line': b'-- Using all available rosidl_typesupport_c: rosidl_typesupport_fastrtps_c;rosidl_typesupport_introspection_c\n'}
[2.210577] (-) TimerEvent: {}
[2.313624] (-) TimerEvent: {}
[2.320277] (simple_robot) StdoutLine: {'line': b'-- Using all available rosidl_typesupport_cpp: rosidl_typesupport_fastrtps_cpp;rosidl_typesupport_introspection_cpp\n'}
[2.413740] (-) TimerEvent: {}
[2.418243] (simple_robot) StdoutLine: {'line': b'-- Found rmw_implementation_cmake: 6.1.2 (/opt/ros/humble/share/rmw_implementation_cmake/cmake)\n'}
[2.422231] (simple_robot) StdoutLine: {'line': b'-- Found rmw_fastrtps_cpp: 6.2.7 (/opt/ros/humble/share/rmw_fastrtps_cpp/cmake)\n'}
[2.514240] (-) TimerEvent: {}
[2.614704] (-) TimerEvent: {}
[2.669351] (simple_robot) StdoutLine: {'line': b'-- Found OpenSSL: /usr/lib/x86_64-linux-gnu/libcrypto.so (found version "3.0.2")  \n'}
[2.714834] (-) TimerEvent: {}
[2.720030] (simple_robot) StdoutLine: {'line': b'-- Found FastRTPS: /opt/ros/humble/include  \n'}
[2.796632] (simple_robot) StdoutLine: {'line': b"-- Using RMW implementation 'rmw_fastrtps_cpp' as default\n"}
[2.811427] (simple_robot) StdoutLine: {'line': b'-- Looking for pthread.h\n'}
[2.814982] (-) TimerEvent: {}
[2.915503] (-) TimerEvent: {}
[2.961467] (simple_robot) StdoutLine: {'line': b'-- Looking for pthread.h - found\n'}
[2.962067] (simple_robot) StdoutLine: {'line': b'-- Performing Test CMAKE_HAVE_LIBC_PTHREAD\n'}
[3.017519] (-) TimerEvent: {}
[3.117946] (-) TimerEvent: {}
[3.125600] (simple_robot) StdoutLine: {'line': b'-- Performing Test CMAKE_HAVE_LIBC_PTHREAD - Success\n'}
[3.127331] (simple_robot) StdoutLine: {'line': b'-- Found Threads: TRUE  \n'}
[3.218070] (-) TimerEvent: {}
[3.244529] (simple_robot) StdoutLine: {'line': b'-- Found geometry_msgs: 4.2.4 (/opt/ros/humble/share/geometry_msgs/cmake)\n'}
[3.272946] (simple_robot) StdoutLine: {'line': b'-- Found sensor_msgs: 4.2.4 (/opt/ros/humble/share/sensor_msgs/cmake)\n'}
[3.307169] (simple_robot) StdoutLine: {'line': b'-- Found nav_msgs: 4.2.4 (/opt/ros/humble/share/nav_msgs/cmake)\n'}
[3.318172] (-) TimerEvent: {}
[3.346989] (simple_robot) StdoutLine: {'line': b'-- Found OpenCV: /usr (found version "4.5.4") \n'}
[3.418288] (-) TimerEvent: {}
[3.487157] (simple_robot) StdoutLine: {'line': b'-- DATA_DIR: /home/martina/rp_project/robot-programming-project/src/simple_robot/data\n'}
[3.487754] (simple_robot) StdoutLine: {'line': b'-- Configuring done\n'}
[3.519535] (-) TimerEvent: {}
[3.568557] (simple_robot) StdoutLine: {'line': b'-- Generating done\n'}
[3.588881] (simple_robot) StdoutLine: {'line': b'-- Build files have been written to: /home/martina/rp_project/robot-programming-project/src/simple_robot/build/simple_robot\n'}
[3.616609] (simple_robot) CommandEnded: {'returncode': 0}
[3.622269] (-) TimerEvent: {}
[3.623572] (simple_robot) JobProgress: {'identifier': 'simple_robot', 'progress': 'build'}
[3.623890] (simple_robot) Command: {'cmd': ['/usr/bin/cmake', '--build', '/home/martina/rp_project/robot-programming-project/src/simple_robot/build/simple_robot', '--', '-j4', '-l4'], 'cwd': '/home/martina/rp_project/robot-programming-project/src/simple_robot/build/simple_robot', 'env': OrderedDict([('GJS_DEBUG_TOPICS', 'JS ERROR;JS LOG'), ('LESSOPEN', '| /usr/bin/env /usr/bin/lesspipe %s 2>/dev/null'), ('CONDA_PROMPT_MODIFIER', '(base)'), ('LC_TIME', 'it_IT.UTF-8'), ('USER', 'martina'), ('XDG_SESSION_TYPE', 'wayland'), ('GIT_ASKPASS', '/usr/share/code/resources/app/extensions/git/dist/askpass.sh'), ('SHLVL', '2'), ('LD_LIBRARY_PATH', '/opt/ros/humble/opt/rviz_ogre_vendor/lib:/opt/ros/humble/lib/x86_64-linux-gnu:/opt/ros/humble/lib::/home/martina/.mujoco/mujoco210/bin:/usr/lib/nvidia:~/anaconda3/lib'), ('HOME', '/home/martina'), ('OLDPWD', '/home/martina/rp_project/robot-programming-project/src/simple_robot'), ('CHROME_DESKTOP', 'code.desktop'), ('TERMINFO', '/home/martina/.terminfo'), ('LESS', '-iRFXMx4'), ('CONDA_SHLVL', '1'), ('DESKTOP_SESSION', 'ubuntu'), ('TERM_PROGRAM_VERSION', '1.97.2'), ('GIO_LAUNCHED_DESKTOP_FILE', '/usr/share/applications/code.desktop'), ('LSCOLORS', 'ExGxDxDxCxDxDxFxFxexEx'), ('GTK_MODULES', 'gail:atk-bridge'), ('GNOME_SHELL_SESSION_MODE', 'ubuntu'), ('VSCODE_GIT_ASKPASS_MAIN', '/usr/share/code/resources/app/extensions/git/dist/askpass-main.js'), ('PAGER', 'less'), ('ROS_PYTHON_VERSION', '3'), ('LC_MONETARY', 'it_IT.UTF-8'), ('MANAGERPID', '887'), ('VSCODE_GIT_ASKPASS_NODE', '/usr/share/code/code'), ('SYSTEMD_EXEC_PID', '1152'), ('DBUS_SESSION_BUS_ADDRESS', 'unix:path=/run/user/1000/bus'), ('P9K_TTY', 'old'), ('GIO_LAUNCHED_DESKTOP_FILE_PID', '3260'), ('COLORTERM', 'truecolor'), ('_CE_M', ''), ('WAYLAND_DISPLAY', 'wayland-0'), ('INFOPATH', ''), ('ROS_DISTRO', 'humble'), ('COLCON_PREFIX_PATH', '/home/martina/rp_project/robot-programming-project/install'), ('LOGNAME', 'martina'), ('_', '/usr/bin/colcon'), ('JOURNAL_STREAM', '8:11413'), ('_P9K_SSH_TTY', '/dev/pts/2'), ('XDG_SESSION_CLASS', 'user'), ('USER_ZDOTDIR', '/home/martina'), ('ROS_VERSION', '2'), ('USERNAME', 'martina'), ('TERM', 'xterm-256color'), ('GNOME_DESKTOP_SESSION_ID', 'this-is-deprecated'), ('_CE_CONDA', ''), ('ROS_LOCALHOST_ONLY', '0'), ('PATH', '/opt/ros/humble/bin:/home/martina/.local/bin:/home/martina/.local/bin:/usr/lib/ccache:.:/home/martina/.mujoco/mujoco210/bin:/usr/lib/nvidia:/home/martina/anaconda3/condabin:/home/martina/bin:/home/martina/.local/bin:/usr/local/sbin:/usr/local/bin:/usr/sbin:/usr/bin:/sbin:/bin:/usr/games:/usr/local/games:/snap/bin:/home/martina/.cache/zsh4humans/v5/fzf/bin:/home/martina/other/install/bin'), ('SESSION_MANAGER', 'local/Martina-ThinkPad-X1-Yoga:@/tmp/.ICE-unix/1105,unix/Martina-ThinkPad-X1-Yoga:/tmp/.ICE-unix/1105'), ('INVOCATION_ID', 'abb78b4b018940349bd4da4c8fed9753'), ('LC_ADDRESS', 'it_IT.UTF-8'), ('XDG_RUNTIME_DIR', '/run/user/1000'), ('XDG_MENU_PREFIX', 'gnome-'), ('GNOME_SETUP_DISPLAY', ':1'), ('GDK_BACKEND', 'x11'), ('DISPLAY', ':0'), ('LANG', 'en_US.UTF-8'), ('LC_TELEPHONE', 'it_IT.UTF-8'), ('XDG_CURRENT_DESKTOP', 'Unity'), ('VSCODE_INJECTION', '1'), ('LD_PRELOAD', ':/usr/lib/x86_64-linux-gnu/libGLEW.so'), ('XDG_SESSION_DESKTOP', 'ubuntu'), ('XMODIFIERS', '@im=ibus'), ('XAUTHORITY', '/run/user/1000/.mutter-Xwaylandauth.L52E22'), ('TERM_PROGRAM', 'vscode'), ('VSCODE_GIT_IPC_HANDLE', '/run/user/1000/vscode-git-f640f2b3f6.sock'), ('LS_COLORS', 'fi=00:mi=00:mh=00:ln=01;36:or=01;31:di=01;34:ow=04;01;34:st=34:tw=04;34:pi=01;33:so=01;33:do=01;33:bd=01;33:cd=01;33:su=01;35:sg=01;35:ca=01;35:ex=01;32:no=38;5;248'), ('TREE_COLORS', 'fi=00:mi=00:mh=00:ln=01;36:or=01;31:di=01;34:ow=01;34:st=34:tw=34:pi=01;33:so=01;33:do=01;33:bd=01;33:cd=01;33:su=01;35:sg=01;35:ca=01;35:ex=01;32'), ('SSH_AGENT_LAUNCHER', 'gnome-keyring'), ('SSH_AUTH_SOCK', '/run/user/1000/keyring/ssh'), ('ORIGINAL_XDG_CURRENT_DESKTOP', 'ubuntu:GNOME'), ('CONDA_PYTHON_EXE', '/home/martina/anaconda3/bin/python'), ('AMENT_PREFIX_PATH', '/home/martina/rp_project/robot-programming-project/install/simple_robot:/opt/ros/humble'), ('LC_NAME', 'it_IT.UTF-8'), ('SHELL', '/usr/local/bin/zsh'), ('DEST', '/home/martina/other/install'), ('QT_ACCESSIBILITY', '1'), ('GDMSESSION', 'ubuntu'), ('CONDA_DEFAULT_ENV', 'base'), ('LC_MEASUREMENT', 'it_IT.UTF-8'), ('LC_IDENTIFICATION', 'it_IT.UTF-8'), ('GJS_DEBUG_OUTPUT', 'stderr'), ('P9K_SSH', '0'), ('QT_IM_MODULE', 'ibus'), ('VSCODE_GIT_ASKPASS_EXTRA_ARGS', ''), ('VSCODE_NONCE', '052e925b-acb5-444f-b870-f20c06506941'), ('LC_ALL', 'en_US.UTF-8'), ('PWD', '/home/martina/rp_project/robot-programming-project/src/simple_robot/build/simple_robot'), ('GPG_TTY', '/dev/pts/2'), ('XDG_DATA_DIRS', '/usr/local/share/:/usr/share/:/var/lib/snapd/desktop'), ('ZDOTDIR', '/home/martina'), ('_P9K_TTY', '/dev/pts/2'), ('CONDA_EXE', '/home/martina/anaconda3/bin/conda'), ('LC_NUMERIC', 'it_IT.UTF-8'), ('PYTHONPATH', '/opt/ros/humble/lib/python3.10/site-packages:/opt/ros/humble/local/lib/python3.10/dist-packages:/home/martina/other/install/lib/python3.10/site-packages/'), ('LC_PAPER', 'it_IT.UTF-8'), ('CONDA_PREFIX', '/home/martina/anaconda3'), ('COLCON', '1'), ('MANPATH', '/usr/local/share/man:/home/martina/.cache/zsh4humans/v5/fzf/man:'), ('CMAKE_PREFIX_PATH', '/home/martina/rp_project/robot-programming-project/install/simple_robot:/opt/ros/humble')]), 'shell': False}
[3.723557] (-) TimerEvent: {}
[3.769761] (simple_robot) StdoutLine: {'line': b'\x1b[35m\x1b[1mConsolidate compiler generated dependencies of target grid_map\x1b[0m\n'}
[3.771120] (simple_robot) StdoutLine: {'line': b'\x1b[35m\x1b[1mConsolidate compiler generated dependencies of target robot_map_node\x1b[0m\n'}
[3.824239] (-) TimerEvent: {}
[3.883381] (simple_robot) StdoutLine: {'line': b'[  8%] \x1b[32mBuilding CXX object CMakeFiles/robot_map_node.dir/src/main.cpp.o\x1b[0m\n'}
[3.892579] (simple_robot) StdoutLine: {'line': b'[ 16%] \x1b[32mBuilding CXX object src/CMakeFiles/grid_map.dir/main.cpp.o\x1b[0m\n'}
[3.924355] (-) TimerEvent: {}
[4.024765] (-) TimerEvent: {}
[4.125290] (-) TimerEvent: {}
[4.225695] (-) TimerEvent: {}
[4.326107] (-) TimerEvent: {}
[4.427544] (-) TimerEvent: {}
[4.527968] (-) TimerEvent: {}
[4.628342] (-) TimerEvent: {}
[4.728756] (-) TimerEvent: {}
[4.830511] (-) TimerEvent: {}
[4.930947] (-) TimerEvent: {}
[5.032308] (-) TimerEvent: {}
[5.133103] (-) TimerEvent: {}
[5.233635] (-) TimerEvent: {}
[5.334126] (-) TimerEvent: {}
[5.436389] (-) TimerEvent: {}
[5.538709] (-) TimerEvent: {}
[5.640471] (-) TimerEvent: {}
[5.741048] (-) TimerEvent: {}
[5.842088] (-) TimerEvent: {}
[5.943102] (-) TimerEvent: {}
[6.043480] (-) TimerEvent: {}
[6.144530] (-) TimerEvent: {}
[6.244948] (-) TimerEvent: {}
[6.346010] (-) TimerEvent: {}
[6.446395] (-) TimerEvent: {}
[6.546807] (-) TimerEvent: {}
[6.647252] (-) TimerEvent: {}
[6.747774] (-) TimerEvent: {}
[6.848173] (-) TimerEvent: {}
[6.948536] (-) TimerEvent: {}
[7.048911] (-) TimerEvent: {}
[7.149279] (-) TimerEvent: {}
[7.249634] (-) TimerEvent: {}
[7.350086] (-) TimerEvent: {}
[7.450536] (-) TimerEvent: {}
[7.551448] (-) TimerEvent: {}
[7.651827] (-) TimerEvent: {}
[7.752212] (-) TimerEvent: {}
[7.852612] (-) TimerEvent: {}
[7.952999] (-) TimerEvent: {}
[8.053379] (-) TimerEvent: {}
[8.153796] (-) TimerEvent: {}
[8.254181] (-) TimerEvent: {}
[8.354524] (-) TimerEvent: {}
[8.454903] (-) TimerEvent: {}
[8.555286] (-) TimerEvent: {}
[8.655678] (-) TimerEvent: {}
[8.756055] (-) TimerEvent: {}
[8.856451] (-) TimerEvent: {}
[8.956833] (-) TimerEvent: {}
[9.057229] (-) TimerEvent: {}
[9.157624] (-) TimerEvent: {}
[9.258246] (-) TimerEvent: {}
[9.358657] (-) TimerEvent: {}
[9.459509] (-) TimerEvent: {}
[9.560488] (-) TimerEvent: {}
[9.661236] (-) TimerEvent: {}
[9.761889] (-) TimerEvent: {}
[9.862270] (-) TimerEvent: {}
[9.962703] (-) TimerEvent: {}
[10.063534] (-) TimerEvent: {}
[10.164631] (-) TimerEvent: {}
[10.265227] (-) TimerEvent: {}
[10.365598] (-) TimerEvent: {}
[10.465968] (-) TimerEvent: {}
[10.566339] (-) TimerEvent: {}
[10.666755] (-) TimerEvent: {}
[10.767154] (-) TimerEvent: {}
[10.867518] (-) TimerEvent: {}
[10.967901] (-) TimerEvent: {}
[11.068306] (-) TimerEvent: {}
[11.168711] (-) TimerEvent: {}
[11.269100] (-) TimerEvent: {}
[11.369506] (-) TimerEvent: {}
[11.469910] (-) TimerEvent: {}
[11.570291] (-) TimerEvent: {}
[11.670704] (-) TimerEvent: {}
[11.771109] (-) TimerEvent: {}
[11.871520] (-) TimerEvent: {}
[11.972127] (-) TimerEvent: {}
[12.072525] (-) TimerEvent: {}
[12.173186] (-) TimerEvent: {}
[12.274081] (-) TimerEvent: {}
[12.374909] (-) TimerEvent: {}
[12.479510] (-) TimerEvent: {}
[12.579912] (-) TimerEvent: {}
[12.680349] (-) TimerEvent: {}
[12.783974] (-) TimerEvent: {}
[12.884390] (-) TimerEvent: {}
[12.984786] (-) TimerEvent: {}
[13.085174] (-) TimerEvent: {}
[13.185570] (-) TimerEvent: {}
[13.285942] (-) TimerEvent: {}
[13.386351] (-) TimerEvent: {}
[13.486844] (-) TimerEvent: {}
[13.587345] (-) TimerEvent: {}
[13.687851] (-) TimerEvent: {}
[13.788230] (-) TimerEvent: {}
[13.888616] (-) TimerEvent: {}
[13.989003] (-) TimerEvent: {}
[14.089393] (-) TimerEvent: {}
[14.189779] (-) TimerEvent: {}
[14.290895] (-) TimerEvent: {}
[14.395605] (-) TimerEvent: {}
[14.496513] (-) TimerEvent: {}
[14.597841] (-) TimerEvent: {}
[14.699385] (-) TimerEvent: {}
[14.799774] (-) TimerEvent: {}
[14.900261] (-) TimerEvent: {}
[15.000708] (-) TimerEvent: {}
[15.101085] (-) TimerEvent: {}
[15.201520] (-) TimerEvent: {}
[15.302193] (-) TimerEvent: {}
[15.402588] (-) TimerEvent: {}
[15.502970] (-) TimerEvent: {}
[15.603352] (-) TimerEvent: {}
[15.703763] (-) TimerEvent: {}
[15.804149] (-) TimerEvent: {}
[15.904525] (-) TimerEvent: {}
[16.004911] (-) TimerEvent: {}
[16.105293] (-) TimerEvent: {}
[16.205676] (-) TimerEvent: {}
[16.306063] (-) TimerEvent: {}
[16.406485] (-) TimerEvent: {}
[16.508818] (-) TimerEvent: {}
[16.609200] (-) TimerEvent: {}
[16.709612] (-) TimerEvent: {}
[16.810227] (-) TimerEvent: {}
[16.910887] (-) TimerEvent: {}
[17.011510] (-) TimerEvent: {}
[17.111886] (-) TimerEvent: {}
[17.212252] (-) TimerEvent: {}
[17.312658] (-) TimerEvent: {}
[17.413069] (-) TimerEvent: {}
[17.513498] (-) TimerEvent: {}
[17.613886] (-) TimerEvent: {}
[17.714522] (-) TimerEvent: {}
[17.815010] (-) TimerEvent: {}
[17.915469] (-) TimerEvent: {}
[18.015848] (-) TimerEvent: {}
[18.116293] (-) TimerEvent: {}
[18.216915] (-) TimerEvent: {}
[18.317519] (-) TimerEvent: {}
[18.417969] (-) TimerEvent: {}
[18.518992] (-) TimerEvent: {}
[18.619458] (-) TimerEvent: {}
[18.720385] (-) TimerEvent: {}
[18.821055] (-) TimerEvent: {}
[18.921467] (-) TimerEvent: {}
[19.023410] (-) TimerEvent: {}
[19.127278] (-) TimerEvent: {}
[19.230504] (-) TimerEvent: {}
[19.330871] (-) TimerEvent: {}
[19.432181] (-) TimerEvent: {}
[19.534690] (-) TimerEvent: {}
[19.635081] (-) TimerEvent: {}
[19.735723] (-) TimerEvent: {}
[19.836537] (-) TimerEvent: {}
[19.937258] (-) TimerEvent: {}
[20.037777] (-) TimerEvent: {}
[20.138289] (-) TimerEvent: {}
[20.239635] (-) TimerEvent: {}
[20.340129] (-) TimerEvent: {}
[20.440591] (-) TimerEvent: {}
[20.541220] (-) TimerEvent: {}
[20.642867] (-) TimerEvent: {}
[20.743784] (-) TimerEvent: {}
[20.845029] (-) TimerEvent: {}
[20.945405] (-) TimerEvent: {}
[21.045802] (-) TimerEvent: {}
[21.146155] (-) TimerEvent: {}
[21.246505] (-) TimerEvent: {}
[21.346882] (-) TimerEvent: {}
[21.447261] (-) TimerEvent: {}
[21.547858] (-) TimerEvent: {}
[21.648241] (-) TimerEvent: {}
[21.748627] (-) TimerEvent: {}
[21.849007] (-) TimerEvent: {}
[21.949460] (-) TimerEvent: {}
[22.051515] (-) TimerEvent: {}
[22.152672] (-) TimerEvent: {}
[22.253117] (-) TimerEvent: {}
[22.356513] (-) TimerEvent: {}
[22.458005] (-) TimerEvent: {}
[22.559004] (-) TimerEvent: {}
[22.660543] (-) TimerEvent: {}
[22.761005] (-) TimerEvent: {}
[22.862726] (-) TimerEvent: {}
[22.963265] (-) TimerEvent: {}
[23.064408] (-) TimerEvent: {}
[23.165189] (-) TimerEvent: {}
[23.265586] (-) TimerEvent: {}
[23.365939] (-) TimerEvent: {}
[23.469522] (-) TimerEvent: {}
[23.569918] (-) TimerEvent: {}
[23.670660] (-) TimerEvent: {}
[23.771443] (-) TimerEvent: {}
[23.871838] (-) TimerEvent: {}
[23.972502] (-) TimerEvent: {}
[24.072855] (-) TimerEvent: {}
[24.173220] (-) TimerEvent: {}
[24.273635] (-) TimerEvent: {}
[24.374266] (-) TimerEvent: {}
[24.475243] (-) TimerEvent: {}
[24.576095] (-) TimerEvent: {}
[24.676453] (-) TimerEvent: {}
[24.777022] (-) TimerEvent: {}
[24.877359] (-) TimerEvent: {}
[24.977780] (-) TimerEvent: {}
[25.078153] (-) TimerEvent: {}
[25.179483] (-) TimerEvent: {}
[25.280062] (-) TimerEvent: {}
[25.380402] (-) TimerEvent: {}
[25.480886] (-) TimerEvent: {}
[25.581453] (-) TimerEvent: {}
[25.681793] (-) TimerEvent: {}
[25.782133] (-) TimerEvent: {}
[25.882487] (-) TimerEvent: {}
[25.982827] (-) TimerEvent: {}
[26.083429] (-) TimerEvent: {}
[26.184026] (-) TimerEvent: {}
[26.284370] (-) TimerEvent: {}
[26.384744] (-) TimerEvent: {}
[26.485091] (-) TimerEvent: {}
[26.585428] (-) TimerEvent: {}
[26.685781] (-) TimerEvent: {}
[26.786156] (-) TimerEvent: {}
[26.886491] (-) TimerEvent: {}
[26.987269] (-) TimerEvent: {}
[27.087858] (-) TimerEvent: {}
[27.188701] (-) TimerEvent: {}
[27.289519] (-) TimerEvent: {}
[27.390578] (-) TimerEvent: {}
[27.491331] (-) TimerEvent: {}
[27.591715] (-) TimerEvent: {}
[27.692604] (-) TimerEvent: {}
[27.792957] (-) TimerEvent: {}
[27.893297] (-) TimerEvent: {}
[27.993677] (-) TimerEvent: {}
[28.094307] (-) TimerEvent: {}
[28.194874] (-) TimerEvent: {}
[28.295226] (-) TimerEvent: {}
[28.395568] (-) TimerEvent: {}
[28.495913] (-) TimerEvent: {}
[28.596250] (-) TimerEvent: {}
[28.696945] (-) TimerEvent: {}
[28.797287] (-) TimerEvent: {}
[28.897832] (-) TimerEvent: {}
[28.998171] (-) TimerEvent: {}
[29.098517] (-) TimerEvent: {}
[29.198860] (-) TimerEvent: {}
[29.300514] (-) TimerEvent: {}
[29.400900] (-) TimerEvent: {}
[29.501241] (-) TimerEvent: {}
[29.601924] (-) TimerEvent: {}
[29.702277] (-) TimerEvent: {}
[29.802658] (-) TimerEvent: {}
[29.903003] (-) TimerEvent: {}
[30.003349] (-) TimerEvent: {}
[30.103711] (-) TimerEvent: {}
[30.204077] (-) TimerEvent: {}
[30.304488] (-) TimerEvent: {}
[30.405398] (-) TimerEvent: {}
[30.505789] (-) TimerEvent: {}
[30.606180] (-) TimerEvent: {}
[30.706570] (-) TimerEvent: {}
[30.807085] (-) TimerEvent: {}
[30.907770] (-) TimerEvent: {}
[31.009734] (-) TimerEvent: {}
[31.110141] (-) TimerEvent: {}
[31.210501] (-) TimerEvent: {}
[31.310898] (-) TimerEvent: {}
[31.412506] (-) TimerEvent: {}
[31.512888] (-) TimerEvent: {}
[31.613295] (-) TimerEvent: {}
[31.713673] (-) TimerEvent: {}
[31.814020] (-) TimerEvent: {}
[31.914393] (-) TimerEvent: {}
[32.014774] (-) TimerEvent: {}
[32.115160] (-) TimerEvent: {}
[32.215505] (-) TimerEvent: {}
[32.315871] (-) TimerEvent: {}
[32.416539] (-) TimerEvent: {}
[32.517208] (-) TimerEvent: {}
[32.617790] (-) TimerEvent: {}
[32.718191] (-) TimerEvent: {}
[32.819553] (-) TimerEvent: {}
[32.919956] (-) TimerEvent: {}
[33.020381] (-) TimerEvent: {}
[33.120799] (-) TimerEvent: {}
[33.221199] (-) TimerEvent: {}
[33.321620] (-) TimerEvent: {}
[33.404398] (simple_robot) StdoutLine: {'line': b'[ 25%] \x1b[32m\x1b[1mLinking CXX executable robot_map_node\x1b[0m\n'}
[33.422007] (-) TimerEvent: {}
[33.525691] (-) TimerEvent: {}
[33.629506] (-) TimerEvent: {}
[33.685770] (simple_robot) StdoutLine: {'line': b'[ 33%] \x1b[32m\x1b[1mLinking CXX shared library libgrid_map.so\x1b[0m\n'}
[33.736788] (-) TimerEvent: {}
[33.837211] (-) TimerEvent: {}
[33.937681] (-) TimerEvent: {}
[34.038209] (-) TimerEvent: {}
[34.140698] (-) TimerEvent: {}
[34.242510] (-) TimerEvent: {}
[34.346531] (-) TimerEvent: {}
[34.447017] (-) TimerEvent: {}
[34.547539] (-) TimerEvent: {}
[34.648652] (-) TimerEvent: {}
[34.754789] (-) TimerEvent: {}
[34.855485] (-) TimerEvent: {}
[34.960520] (-) TimerEvent: {}
[35.061243] (-) TimerEvent: {}
[35.162514] (-) TimerEvent: {}
[35.264837] (-) TimerEvent: {}
[35.367067] (-) TimerEvent: {}
[35.467790] (-) TimerEvent: {}
[35.568295] (-) TimerEvent: {}
[35.668804] (-) TimerEvent: {}
[35.769478] (-) TimerEvent: {}
[35.871684] (-) TimerEvent: {}
[35.972519] (-) TimerEvent: {}
[36.073497] (-) TimerEvent: {}
[36.174050] (-) TimerEvent: {}
[36.275934] (-) TimerEvent: {}
[36.378772] (-) TimerEvent: {}
[36.479520] (-) TimerEvent: {}
[36.579973] (-) TimerEvent: {}
[36.680379] (-) TimerEvent: {}
[36.780822] (-) TimerEvent: {}
[36.881273] (-) TimerEvent: {}
[36.981740] (-) TimerEvent: {}
[36.989507] (simple_robot) StdoutLine: {'line': b'[ 66%] Built target grid_map\n'}
[37.081871] (-) TimerEvent: {}
[37.183078] (-) TimerEvent: {}
[37.283772] (-) TimerEvent: {}
[37.288578] (simple_robot) StdoutLine: {'line': b'[100%] Built target robot_map_node\n'}
[37.319571] (simple_robot) CommandEnded: {'returncode': 0}
[37.324708] (simple_robot) JobProgress: {'identifier': 'simple_robot', 'progress': 'install'}
[37.346678] (simple_robot) Command: {'cmd': ['/usr/bin/cmake', '--install', '/home/martina/rp_project/robot-programming-project/src/simple_robot/build/simple_robot'], 'cwd': '/home/martina/rp_project/robot-programming-project/src/simple_robot/build/simple_robot', 'env': OrderedDict([('GJS_DEBUG_TOPICS', 'JS ERROR;JS LOG'), ('LESSOPEN', '| /usr/bin/env /usr/bin/lesspipe %s 2>/dev/null'), ('CONDA_PROMPT_MODIFIER', '(base)'), ('LC_TIME', 'it_IT.UTF-8'), ('USER', 'martina'), ('XDG_SESSION_TYPE', 'wayland'), ('GIT_ASKPASS', '/usr/share/code/resources/app/extensions/git/dist/askpass.sh'), ('SHLVL', '2'), ('LD_LIBRARY_PATH', '/opt/ros/humble/opt/rviz_ogre_vendor/lib:/opt/ros/humble/lib/x86_64-linux-gnu:/opt/ros/humble/lib::/home/martina/.mujoco/mujoco210/bin:/usr/lib/nvidia:~/anaconda3/lib'), ('HOME', '/home/martina'), ('OLDPWD', '/home/martina/rp_project/robot-programming-project/src/simple_robot'), ('CHROME_DESKTOP', 'code.desktop'), ('TERMINFO', '/home/martina/.terminfo'), ('LESS', '-iRFXMx4'), ('CONDA_SHLVL', '1'), ('DESKTOP_SESSION', 'ubuntu'), ('TERM_PROGRAM_VERSION', '1.97.2'), ('GIO_LAUNCHED_DESKTOP_FILE', '/usr/share/applications/code.desktop'), ('LSCOLORS', 'ExGxDxDxCxDxDxFxFxexEx'), ('GTK_MODULES', 'gail:atk-bridge'), ('GNOME_SHELL_SESSION_MODE', 'ubuntu'), ('VSCODE_GIT_ASKPASS_MAIN', '/usr/share/code/resources/app/extensions/git/dist/askpass-main.js'), ('PAGER', 'less'), ('ROS_PYTHON_VERSION', '3'), ('LC_MONETARY', 'it_IT.UTF-8'), ('MANAGERPID', '887'), ('VSCODE_GIT_ASKPASS_NODE', '/usr/share/code/code'), ('SYSTEMD_EXEC_PID', '1152'), ('DBUS_SESSION_BUS_ADDRESS', 'unix:path=/run/user/1000/bus'), ('P9K_TTY', 'old'), ('GIO_LAUNCHED_DESKTOP_FILE_PID', '3260'), ('COLORTERM', 'truecolor'), ('_CE_M', ''), ('WAYLAND_DISPLAY', 'wayland-0'), ('INFOPATH', ''), ('ROS_DISTRO', 'humble'), ('COLCON_PREFIX_PATH', '/home/martina/rp_project/robot-programming-project/install'), ('LOGNAME', 'martina'), ('_', '/usr/bin/colcon'), ('JOURNAL_STREAM', '8:11413'), ('_P9K_SSH_TTY', '/dev/pts/2'), ('XDG_SESSION_CLASS', 'user'), ('USER_ZDOTDIR', '/home/martina'), ('ROS_VERSION', '2'), ('USERNAME', 'martina'), ('TERM', 'xterm-256color'), ('GNOME_DESKTOP_SESSION_ID', 'this-is-deprecated'), ('_CE_CONDA', ''), ('ROS_LOCALHOST_ONLY', '0'), ('PATH', '/opt/ros/humble/bin:/home/martina/.local/bin:/home/martina/.local/bin:/usr/lib/ccache:.:/home/martina/.mujoco/mujoco210/bin:/usr/lib/nvidia:/home/martina/anaconda3/condabin:/home/martina/bin:/home/martina/.local/bin:/usr/local/sbin:/usr/local/bin:/usr/sbin:/usr/bin:/sbin:/bin:/usr/games:/usr/local/games:/snap/bin:/home/martina/.cache/zsh4humans/v5/fzf/bin:/home/martina/other/install/bin'), ('SESSION_MANAGER', 'local/Martina-ThinkPad-X1-Yoga:@/tmp/.ICE-unix/1105,unix/Martina-ThinkPad-X1-Yoga:/tmp/.ICE-unix/1105'), ('INVOCATION_ID', 'abb78b4b018940349bd4da4c8fed9753'), ('LC_ADDRESS', 'it_IT.UTF-8'), ('XDG_RUNTIME_DIR', '/run/user/1000'), ('XDG_MENU_PREFIX', 'gnome-'), ('GNOME_SETUP_DISPLAY', ':1'), ('GDK_BACKEND', 'x11'), ('DISPLAY', ':0'), ('LANG', 'en_US.UTF-8'), ('LC_TELEPHONE', 'it_IT.UTF-8'), ('XDG_CURRENT_DESKTOP', 'Unity'), ('VSCODE_INJECTION', '1'), ('LD_PRELOAD', ':/usr/lib/x86_64-linux-gnu/libGLEW.so'), ('XDG_SESSION_DESKTOP', 'ubuntu'), ('XMODIFIERS', '@im=ibus'), ('XAUTHORITY', '/run/user/1000/.mutter-Xwaylandauth.L52E22'), ('TERM_PROGRAM', 'vscode'), ('VSCODE_GIT_IPC_HANDLE', '/run/user/1000/vscode-git-f640f2b3f6.sock'), ('LS_COLORS', 'fi=00:mi=00:mh=00:ln=01;36:or=01;31:di=01;34:ow=04;01;34:st=34:tw=04;34:pi=01;33:so=01;33:do=01;33:bd=01;33:cd=01;33:su=01;35:sg=01;35:ca=01;35:ex=01;32:no=38;5;248'), ('TREE_COLORS', 'fi=00:mi=00:mh=00:ln=01;36:or=01;31:di=01;34:ow=01;34:st=34:tw=34:pi=01;33:so=01;33:do=01;33:bd=01;33:cd=01;33:su=01;35:sg=01;35:ca=01;35:ex=01;32'), ('SSH_AGENT_LAUNCHER', 'gnome-keyring'), ('SSH_AUTH_SOCK', '/run/user/1000/keyring/ssh'), ('ORIGINAL_XDG_CURRENT_DESKTOP', 'ubuntu:GNOME'), ('CONDA_PYTHON_EXE', '/home/martina/anaconda3/bin/python'), ('AMENT_PREFIX_PATH', '/home/martina/rp_project/robot-programming-project/install/simple_robot:/opt/ros/humble'), ('LC_NAME', 'it_IT.UTF-8'), ('SHELL', '/usr/local/bin/zsh'), ('DEST', '/home/martina/other/install'), ('QT_ACCESSIBILITY', '1'), ('GDMSESSION', 'ubuntu'), ('CONDA_DEFAULT_ENV', 'base'), ('LC_MEASUREMENT', 'it_IT.UTF-8'), ('LC_IDENTIFICATION', 'it_IT.UTF-8'), ('GJS_DEBUG_OUTPUT', 'stderr'), ('P9K_SSH', '0'), ('QT_IM_MODULE', 'ibus'), ('VSCODE_GIT_ASKPASS_EXTRA_ARGS', ''), ('VSCODE_NONCE', '052e925b-acb5-444f-b870-f20c06506941'), ('LC_ALL', 'en_US.UTF-8'), ('PWD', '/home/martina/rp_project/robot-programming-project/src/simple_robot/build/simple_robot'), ('GPG_TTY', '/dev/pts/2'), ('XDG_DATA_DIRS', '/usr/local/share/:/usr/share/:/var/lib/snapd/desktop'), ('ZDOTDIR', '/home/martina'), ('_P9K_TTY', '/dev/pts/2'), ('CONDA_EXE', '/home/martina/anaconda3/bin/conda'), ('LC_NUMERIC', 'it_IT.UTF-8'), ('PYTHONPATH', '/opt/ros/humble/lib/python3.10/site-packages:/opt/ros/humble/local/lib/python3.10/dist-packages:/home/martina/other/install/lib/python3.10/site-packages/'), ('LC_PAPER', 'it_IT.UTF-8'), ('CONDA_PREFIX', '/home/martina/anaconda3'), ('COLCON', '1'), ('MANPATH', '/usr/local/share/man:/home/martina/.cache/zsh4humans/v5/fzf/man:'), ('CMAKE_PREFIX_PATH', '/home/martina/rp_project/robot-programming-project/install/simple_robot:/opt/ros/humble')]), 'shell': False}
[37.370701] (simple_robot) StdoutLine: {'line': b'-- Install configuration: ""\n'}
[37.371211] (simple_robot) StdoutLine: {'line': b'-- Installing: /home/martina/rp_project/robot-programming-project/src/simple_robot/install/simple_robot/lib/simple_robot/robot_map_node\n'}
[37.383934] (-) TimerEvent: {}
[37.393211] (simple_robot) StdoutLine: {'line': b'-- Set runtime path of "/home/martina/rp_project/robot-programming-project/src/simple_robot/install/simple_robot/lib/simple_robot/robot_map_node" to ""\n'}
[37.396124] (simple_robot) StdoutLine: {'line': b'-- Up-to-date: /home/martina/rp_project/robot-programming-project/src/simple_robot/install/simple_robot/share/ament_index/resource_index/package_run_dependencies/simple_robot\n'}
[37.398729] (simple_robot) StdoutLine: {'line': b'-- Up-to-date: /home/martina/rp_project/robot-programming-project/src/simple_robot/install/simple_robot/share/ament_index/resource_index/parent_prefix_path/simple_robot\n'}
[37.401950] (simple_robot) StdoutLine: {'line': b'-- Up-to-date: /home/martina/rp_project/robot-programming-project/src/simple_robot/install/simple_robot/share/simple_robot/environment/ament_prefix_path.sh\n'}
[37.403046] (simple_robot) StdoutLine: {'line': b'-- Installing: /home/martina/rp_project/robot-programming-project/src/simple_robot/install/simple_robot/share/simple_robot/environment/ament_prefix_path.dsv\n'}
[37.403282] (simple_robot) StdoutLine: {'line': b'-- Up-to-date: /home/martina/rp_project/robot-programming-project/src/simple_robot/install/simple_robot/share/simple_robot/environment/path.sh\n'}
[37.403491] (simple_robot) StdoutLine: {'line': b'-- Installing: /home/martina/rp_project/robot-programming-project/src/simple_robot/install/simple_robot/share/simple_robot/environment/path.dsv\n'}
[37.403966] (simple_robot) StdoutLine: {'line': b'-- Up-to-date: /home/martina/rp_project/robot-programming-project/src/simple_robot/install/simple_robot/share/simple_robot/local_setup.bash\n'}
[37.404328] (simple_robot) StdoutLine: {'line': b'-- Up-to-date: /home/martina/rp_project/robot-programming-project/src/simple_robot/install/simple_robot/share/simple_robot/local_setup.sh\n'}
[37.404736] (simple_robot) StdoutLine: {'line': b'-- Up-to-date: /home/martina/rp_project/robot-programming-project/src/simple_robot/install/simple_robot/share/simple_robot/local_setup.zsh\n'}
[37.405326] (simple_robot) StdoutLine: {'line': b'-- Installing: /home/martina/rp_project/robot-programming-project/src/simple_robot/install/simple_robot/share/simple_robot/local_setup.dsv\n'}
[37.405501] (simple_robot) StdoutLine: {'line': b'-- Installing: /home/martina/rp_project/robot-programming-project/src/simple_robot/install/simple_robot/share/simple_robot/package.dsv\n'}
[37.405679] (simple_robot) StdoutLine: {'line': b'-- Up-to-date: /home/martina/rp_project/robot-programming-project/src/simple_robot/install/simple_robot/share/ament_index/resource_index/packages/simple_robot\n'}
[37.405829] (simple_robot) StdoutLine: {'line': b'-- Up-to-date: /home/martina/rp_project/robot-programming-project/src/simple_robot/install/simple_robot/share/simple_robot/cmake/simple_robotConfig.cmake\n'}
[37.405971] (simple_robot) StdoutLine: {'line': b'-- Up-to-date: /home/martina/rp_project/robot-programming-project/src/simple_robot/install/simple_robot/share/simple_robot/cmake/simple_robotConfig-version.cmake\n'}
[37.406122] (simple_robot) StdoutLine: {'line': b'-- Up-to-date: /home/martina/rp_project/robot-programming-project/src/simple_robot/install/simple_robot/share/simple_robot/package.xml\n'}
[37.411388] (simple_robot) CommandEnded: {'returncode': 0}
[37.468540] (simple_robot) JobEnded: {'identifier': 'simple_robot', 'rc': 0}
[37.470551] (-) EventReactorShutdown: {}
