[0.000000] (-) TimerEvent: {}
[0.000313] (simple_robot) JobQueued: {'identifier': 'simple_robot', 'dependencies': OrderedDict()}
[0.000861] (simple_robot) JobStarted: {'identifier': 'simple_robot'}
[0.022689] (simple_robot) JobProgress: {'identifier': 'simple_robot', 'progress': 'cmake'}
[0.022798] (simple_robot) Command: {'cmd': ['/usr/bin/cmake', '/home/martina/rp_project/robot-programming-project/src/simple_robot', '-DCMAKE_INSTALL_PREFIX=/home/martina/rp_project/robot-programming-project/src/simple_robot/install/simple_robot'], 'cwd': '/home/martina/rp_project/robot-programming-project/src/simple_robot/build/simple_robot', 'env': OrderedDict([('GJS_DEBUG_TOPICS', 'JS ERROR;JS LOG'), ('LESSOPEN', '| /usr/bin/env /usr/bin/lesspipe %s 2>/dev/null'), ('CONDA_PROMPT_MODIFIER', '(base)'), ('LC_TIME', 'it_IT.UTF-8'), ('USER', 'martina'), ('XDG_SESSION_TYPE', 'wayland'), ('GIT_ASKPASS', '/usr/share/code/resources/app/extensions/git/dist/askpass.sh'), ('SHLVL', '2'), ('LD_LIBRARY_PATH', '/opt/ros/humble/opt/rviz_ogre_vendor/lib:/opt/ros/humble/lib/x86_64-linux-gnu:/opt/ros/humble/lib::/home/martina/.mujoco/mujoco210/bin:/usr/lib/nvidia:~/anaconda3/lib'), ('HOME', '/home/martina'), ('OLDPWD', '/home/martina/rp_project/robot-programming-project/src/simple_robot'), ('CHROME_DESKTOP', 'code.desktop'), ('TERMINFO', '/home/martina/.terminfo'), ('LESS', '-iRFXMx4'), ('CONDA_SHLVL', '1'), ('DESKTOP_SESSION', 'ubuntu'), ('TERM_PROGRAM_VERSION', '1.97.2'), ('GIO_LAUNCHED_DESKTOP_FILE', '/usr/share/applications/code.desktop'), ('LSCOLORS', 'ExGxDxDxCxDxDxFxFxexEx'), ('GTK_MODULES', 'gail:atk-bridge'), ('GNOME_SHELL_SESSION_MODE', 'ubuntu'), ('VSCODE_GIT_ASKPASS_MAIN', '/usr/share/code/resources/app/extensions/git/dist/askpass-main.js'), ('PAGER', 'less'), ('ROS_PYTHON_VERSION', '3'), ('LC_MONETARY', 'it_IT.UTF-8'), ('MANAGERPID', '887'), ('VSCODE_GIT_ASKPASS_NODE', '/usr/share/code/code'), ('SYSTEMD_EXEC_PID', '1152'), ('DBUS_SESSION_BUS_ADDRESS', 'unix:path=/run/user/1000/bus'), ('P9K_TTY', 'old'), ('GIO_LAUNCHED_DESKTOP_FILE_PID', '3260'), ('COLORTERM', 'truecolor'), ('_CE_M', ''), ('WAYLAND_DISPLAY', 'wayland-0'), ('INFOPATH', ''), ('ROS_DISTRO', 'humble'), ('COLCON_PREFIX_PATH', '/home/martina/rp_project/robot-programming-project/install'), ('LOGNAME', 'martina'), ('_', '/usr/bin/colcon'), ('JOURNAL_STREAM', '8:11413'), ('_P9K_SSH_TTY', '/dev/pts/2'), ('XDG_SESSION_CLASS', 'user'), ('USER_ZDOTDIR', '/home/martina'), ('ROS_VERSION', '2'), ('USERNAME', 'martina'), ('TERM', 'xterm-256color'), ('GNOME_DESKTOP_SESSION_ID', 'this-is-deprecated'), ('_CE_CONDA', ''), ('ROS_LOCALHOST_ONLY', '0'), ('PATH', '/opt/ros/humble/bin:/home/martina/.local/bin:/home/martina/.local/bin:/usr/lib/ccache:.:/home/martina/.mujoco/mujoco210/bin:/usr/lib/nvidia:/home/martina/anaconda3/condabin:/home/martina/bin:/home/martina/.local/bin:/usr/local/sbin:/usr/local/bin:/usr/sbin:/usr/bin:/sbin:/bin:/usr/games:/usr/local/games:/snap/bin:/home/martina/.cache/zsh4humans/v5/fzf/bin:/home/martina/other/install/bin'), ('SESSION_MANAGER', 'local/Martina-ThinkPad-X1-Yoga:@/tmp/.ICE-unix/1105,unix/Martina-ThinkPad-X1-Yoga:/tmp/.ICE-unix/1105'), ('INVOCATION_ID', 'abb78b4b018940349bd4da4c8fed9753'), ('LC_ADDRESS', 'it_IT.UTF-8'), ('XDG_RUNTIME_DIR', '/run/user/1000'), ('XDG_MENU_PREFIX', 'gnome-'), ('GNOME_SETUP_DISPLAY', ':1'), ('GDK_BACKEND', 'x11'), ('DISPLAY', ':0'), ('LANG', 'en_US.UTF-8'), ('LC_TELEPHONE', 'it_IT.UTF-8'), ('XDG_CURRENT_DESKTOP', 'Unity'), ('VSCODE_INJECTION', '1'), ('LD_PRELOAD', ':/usr/lib/x86_64-linux-gnu/libGLEW.so'), ('XDG_SESSION_DESKTOP', 'ubuntu'), ('XMODIFIERS', '@im=ibus'), ('XAUTHORITY', '/run/user/1000/.mutter-Xwaylandauth.L52E22'), ('TERM_PROGRAM', 'vscode'), ('VSCODE_GIT_IPC_HANDLE', '/run/user/1000/vscode-git-f640f2b3f6.sock'), ('LS_COLORS', 'fi=00:mi=00:mh=00:ln=01;36:or=01;31:di=01;34:ow=04;01;34:st=34:tw=04;34:pi=01;33:so=01;33:do=01;33:bd=01;33:cd=01;33:su=01;35:sg=01;35:ca=01;35:ex=01;32:no=38;5;248'), ('TREE_COLORS', 'fi=00:mi=00:mh=00:ln=01;36:or=01;31:di=01;34:ow=01;34:st=34:tw=34:pi=01;33:so=01;33:do=01;33:bd=01;33:cd=01;33:su=01;35:sg=01;35:ca=01;35:ex=01;32'), ('SSH_AGENT_LAUNCHER', 'gnome-keyring'), ('SSH_AUTH_SOCK', '/run/user/1000/keyring/ssh'), ('ORIGINAL_XDG_CURRENT_DESKTOP', 'ubuntu:GNOME'), ('CONDA_PYTHON_EXE', '/home/martina/anaconda3/bin/python'), ('AMENT_PREFIX_PATH', '/home/martina/rp_project/robot-programming-project/install/simple_robot:/opt/ros/humble'), ('LC_NAME', 'it_IT.UTF-8'), ('SHELL', '/usr/local/bin/zsh'), ('DEST', '/home/martina/other/install'), ('QT_ACCESSIBILITY', '1'), ('GDMSESSION', 'ubuntu'), ('CONDA_DEFAULT_ENV', 'base'), ('LC_MEASUREMENT', 'it_IT.UTF-8'), ('LC_IDENTIFICATION', 'it_IT.UTF-8'), ('GJS_DEBUG_OUTPUT', 'stderr'), ('P9K_SSH', '0'), ('QT_IM_MODULE', 'ibus'), ('VSCODE_GIT_ASKPASS_EXTRA_ARGS', ''), ('VSCODE_NONCE', '052e925b-acb5-444f-b870-f20c06506941'), ('LC_ALL', 'en_US.UTF-8'), ('PWD', '/home/martina/rp_project/robot-programming-project/src/simple_robot/build/simple_robot'), ('GPG_TTY', '/dev/pts/2'), ('XDG_DATA_DIRS', '/usr/local/share/:/usr/share/:/var/lib/snapd/desktop'), ('ZDOTDIR', '/home/martina'), ('_P9K_TTY', '/dev/pts/2'), ('CONDA_EXE', '/home/martina/anaconda3/bin/conda'), ('LC_NUMERIC', 'it_IT.UTF-8'), ('PYTHONPATH', '/opt/ros/humble/lib/python3.10/site-packages:/opt/ros/humble/local/lib/python3.10/dist-packages:/home/martina/other/install/lib/python3.10/site-packages/'), ('LC_PAPER', 'it_IT.UTF-8'), ('CONDA_PREFIX', '/home/martina/anaconda3'), ('COLCON', '1'), ('MANPATH', '/usr/local/share/man:/home/martina/.cache/zsh4humans/v5/fzf/man:'), ('CMAKE_PREFIX_PATH', '/home/martina/rp_project/robot-programming-project/install/simple_robot:/opt/ros/humble')]), 'shell': False}
[0.100444] (-) TimerEvent: {}
[0.201463] (-) TimerEvent: {}
[0.302247] (-) TimerEvent: {}
[0.368512] (simple_robot) StdoutLine: {'line': b'-- The C compiler identification is GNU 11.4.0\n'}
[0.406603] (-) TimerEvent: {}
[0.509366] (-) TimerEvent: {}
[0.609824] (-) TimerEvent: {}
[0.713365] (-) TimerEvent: {}
[0.813808] (-) TimerEvent: {}
[0.836407] (simple_robot) StdoutLine: {'line': b'-- The CXX compiler identification is GNU 11.4.0\n'}
[0.918227] (-) TimerEvent: {}
[0.965429] (simple_robot) StdoutLine: {'line': b'-- Detecting C compiler ABI info\n'}
[1.018339] (-) TimerEvent: {}
[1.118887] (-) TimerEvent: {}
[1.220529] (-) TimerEvent: {}
[1.321213] (-) TimerEvent: {}
[1.324943] (simple_robot) StdoutLine: {'line': b'-- Detecting C compiler ABI info - done\n'}
[1.358908] (simple_robot) StdoutLine: {'line': b'-- Check for working C compiler: /usr/lib/ccache/cc - skipped\n'}
[1.360287] (simple_robot) StdoutLine: {'line': b'-- Detecting C compile features\n'}
[1.362451] (simple_robot) StdoutLine: {'line': b'-- Detecting C compile features - done\n'}
[1.369968] (simple_robot) StdoutLine: {'line': b'-- Detecting CXX compiler ABI info\n'}
[1.421362] (-) TimerEvent: {}
[1.521838] (-) TimerEvent: {}
[1.571635] (simple_robot) StdoutLine: {'line': b'-- Detecting CXX compiler ABI info - done\n'}
[1.589557] (simple_robot) StdoutLine: {'line': b'-- Check for working CXX compiler: /usr/lib/ccache/c++ - skipped\n'}
[1.590885] (simple_robot) StdoutLine: {'line': b'-- Detecting CXX compile features\n'}
[1.592423] (simple_robot) StdoutLine: {'line': b'-- Detecting CXX compile features - done\n'}
[1.612833] (simple_robot) StdoutLine: {'line': b'-- Found OpenCV: /usr (found suitable version "4.5.4", minimum required is "4.5.4") \n'}
[1.616367] (simple_robot) StdoutLine: {'line': b'-- Found ament_cmake: 1.3.11 (/opt/ros/humble/share/ament_cmake/cmake)\n'}
[1.622071] (-) TimerEvent: {}
[1.722767] (-) TimerEvent: {}
[1.823362] (-) TimerEvent: {}
[1.926341] (-) TimerEvent: {}
[1.966061] (simple_robot) StdoutLine: {'line': b'-- Found Python3: /usr/bin/python3 (found version "3.10.12") found components: Interpreter \n'}
[2.027517] (-) TimerEvent: {}
[2.127919] (-) TimerEvent: {}
[2.149673] (simple_robot) StdoutLine: {'line': b'-- Found rclcpp: 16.0.11 (/opt/ros/humble/share/rclcpp/cmake)\n'}
[2.220826] (simple_robot) StdoutLine: {'line': b'-- Found rosidl_generator_c: 3.1.6 (/opt/ros/humble/share/rosidl_generator_c/cmake)\n'}
[2.228103] (-) TimerEvent: {}
[2.230333] (simple_robot) StdoutLine: {'line': b'-- Found rosidl_adapter: 3.1.6 (/opt/ros/humble/share/rosidl_adapter/cmake)\n'}
[2.245908] (simple_robot) StdoutLine: {'line': b'-- Found rosidl_generator_cpp: 3.1.6 (/opt/ros/humble/share/rosidl_generator_cpp/cmake)\n'}
[2.273470] (simple_robot) StdoutLine: {'line': b'-- Using all available rosidl_typesupport_c: rosidl_typesupport_fastrtps_c;rosidl_typesupport_introspection_c\n'}
[2.311552] (simple_robot) StdoutLine: {'line': b'-- Using all available rosidl_typesupport_cpp: rosidl_typesupport_fastrtps_cpp;rosidl_typesupport_introspection_cpp\n'}
[2.328251] (-) TimerEvent: {}
[2.397399] (simple_robot) StdoutLine: {'line': b'-- Found rmw_implementation_cmake: 6.1.2 (/opt/ros/humble/share/rmw_implementation_cmake/cmake)\n'}
[2.402702] (simple_robot) StdoutLine: {'line': b'-- Found rmw_fastrtps_cpp: 6.2.7 (/opt/ros/humble/share/rmw_fastrtps_cpp/cmake)\n'}
[2.429235] (-) TimerEvent: {}
[2.530086] (-) TimerEvent: {}
[2.632196] (-) TimerEvent: {}
[2.697300] (simple_robot) StdoutLine: {'line': b'-- Found OpenSSL: /usr/lib/x86_64-linux-gnu/libcrypto.so (found version "3.0.2")  \n'}
[2.732333] (-) TimerEvent: {}
[2.769067] (simple_robot) StdoutLine: {'line': b'-- Found FastRTPS: /opt/ros/humble/include  \n'}
[2.832433] (-) TimerEvent: {}
[2.854716] (simple_robot) StdoutLine: {'line': b"-- Using RMW implementation 'rmw_fastrtps_cpp' as default\n"}
[2.870234] (simple_robot) StdoutLine: {'line': b'-- Looking for pthread.h\n'}
[2.932531] (-) TimerEvent: {}
[3.010338] (simple_robot) StdoutLine: {'line': b'-- Looking for pthread.h - found\n'}
[3.011048] (simple_robot) StdoutLine: {'line': b'-- Performing Test CMAKE_HAVE_LIBC_PTHREAD\n'}
[3.032671] (-) TimerEvent: {}
[3.133012] (-) TimerEvent: {}
[3.158543] (simple_robot) StdoutLine: {'line': b'-- Performing Test CMAKE_HAVE_LIBC_PTHREAD - Success\n'}
[3.162527] (simple_robot) StdoutLine: {'line': b'-- Found Threads: TRUE  \n'}
[3.233129] (-) TimerEvent: {}
[3.267955] (simple_robot) StdoutLine: {'line': b'-- Found geometry_msgs: 4.2.4 (/opt/ros/humble/share/geometry_msgs/cmake)\n'}
[3.299356] (simple_robot) StdoutLine: {'line': b'-- Found sensor_msgs: 4.2.4 (/opt/ros/humble/share/sensor_msgs/cmake)\n'}
[3.333562] (-) TimerEvent: {}
[3.340712] (simple_robot) StdoutLine: {'line': b'-- Found nav_msgs: 4.2.4 (/opt/ros/humble/share/nav_msgs/cmake)\n'}
[3.383422] (simple_robot) StdoutLine: {'line': b'-- Found OpenCV: /usr (found version "4.5.4") \n'}
[3.433648] (-) TimerEvent: {}
[3.516170] (simple_robot) StdoutLine: {'line': b'-- DATA_DIR: /home/martina/rp_project/robot-programming-project/src/simple_robot/data\n'}
[3.516714] (simple_robot) StdoutLine: {'line': b'-- Configuring done\n'}
[3.533780] (-) TimerEvent: {}
[3.572284] (simple_robot) StdoutLine: {'line': b'-- Generating done\n'}
[3.590516] (simple_robot) StdoutLine: {'line': b'-- Build files have been written to: /home/martina/rp_project/robot-programming-project/src/simple_robot/build/simple_robot\n'}
[3.617451] (simple_robot) CommandEnded: {'returncode': 0}
[3.619499] (simple_robot) JobProgress: {'identifier': 'simple_robot', 'progress': 'build'}
[3.621492] (simple_robot) Command: {'cmd': ['/usr/bin/cmake', '--build', '/home/martina/rp_project/robot-programming-project/src/simple_robot/build/simple_robot', '--', '-j4', '-l4'], 'cwd': '/home/martina/rp_project/robot-programming-project/src/simple_robot/build/simple_robot', 'env': OrderedDict([('GJS_DEBUG_TOPICS', 'JS ERROR;JS LOG'), ('LESSOPEN', '| /usr/bin/env /usr/bin/lesspipe %s 2>/dev/null'), ('CONDA_PROMPT_MODIFIER', '(base)'), ('LC_TIME', 'it_IT.UTF-8'), ('USER', 'martina'), ('XDG_SESSION_TYPE', 'wayland'), ('GIT_ASKPASS', '/usr/share/code/resources/app/extensions/git/dist/askpass.sh'), ('SHLVL', '2'), ('LD_LIBRARY_PATH', '/opt/ros/humble/opt/rviz_ogre_vendor/lib:/opt/ros/humble/lib/x86_64-linux-gnu:/opt/ros/humble/lib::/home/martina/.mujoco/mujoco210/bin:/usr/lib/nvidia:~/anaconda3/lib'), ('HOME', '/home/martina'), ('OLDPWD', '/home/martina/rp_project/robot-programming-project/src/simple_robot'), ('CHROME_DESKTOP', 'code.desktop'), ('TERMINFO', '/home/martina/.terminfo'), ('LESS', '-iRFXMx4'), ('CONDA_SHLVL', '1'), ('DESKTOP_SESSION', 'ubuntu'), ('TERM_PROGRAM_VERSION', '1.97.2'), ('GIO_LAUNCHED_DESKTOP_FILE', '/usr/share/applications/code.desktop'), ('LSCOLORS', 'ExGxDxDxCxDxDxFxFxexEx'), ('GTK_MODULES', 'gail:atk-bridge'), ('GNOME_SHELL_SESSION_MODE', 'ubuntu'), ('VSCODE_GIT_ASKPASS_MAIN', '/usr/share/code/resources/app/extensions/git/dist/askpass-main.js'), ('PAGER', 'less'), ('ROS_PYTHON_VERSION', '3'), ('LC_MONETARY', 'it_IT.UTF-8'), ('MANAGERPID', '887'), ('VSCODE_GIT_ASKPASS_NODE', '/usr/share/code/code'), ('SYSTEMD_EXEC_PID', '1152'), ('DBUS_SESSION_BUS_ADDRESS', 'unix:path=/run/user/1000/bus'), ('P9K_TTY', 'old'), ('GIO_LAUNCHED_DESKTOP_FILE_PID', '3260'), ('COLORTERM', 'truecolor'), ('_CE_M', ''), ('WAYLAND_DISPLAY', 'wayland-0'), ('INFOPATH', ''), ('ROS_DISTRO', 'humble'), ('COLCON_PREFIX_PATH', '/home/martina/rp_project/robot-programming-project/install'), ('LOGNAME', 'martina'), ('_', '/usr/bin/colcon'), ('JOURNAL_STREAM', '8:11413'), ('_P9K_SSH_TTY', '/dev/pts/2'), ('XDG_SESSION_CLASS', 'user'), ('USER_ZDOTDIR', '/home/martina'), ('ROS_VERSION', '2'), ('USERNAME', 'martina'), ('TERM', 'xterm-256color'), ('GNOME_DESKTOP_SESSION_ID', 'this-is-deprecated'), ('_CE_CONDA', ''), ('ROS_LOCALHOST_ONLY', '0'), ('PATH', '/opt/ros/humble/bin:/home/martina/.local/bin:/home/martina/.local/bin:/usr/lib/ccache:.:/home/martina/.mujoco/mujoco210/bin:/usr/lib/nvidia:/home/martina/anaconda3/condabin:/home/martina/bin:/home/martina/.local/bin:/usr/local/sbin:/usr/local/bin:/usr/sbin:/usr/bin:/sbin:/bin:/usr/games:/usr/local/games:/snap/bin:/home/martina/.cache/zsh4humans/v5/fzf/bin:/home/martina/other/install/bin'), ('SESSION_MANAGER', 'local/Martina-ThinkPad-X1-Yoga:@/tmp/.ICE-unix/1105,unix/Martina-ThinkPad-X1-Yoga:/tmp/.ICE-unix/1105'), ('INVOCATION_ID', 'abb78b4b018940349bd4da4c8fed9753'), ('LC_ADDRESS', 'it_IT.UTF-8'), ('XDG_RUNTIME_DIR', '/run/user/1000'), ('XDG_MENU_PREFIX', 'gnome-'), ('GNOME_SETUP_DISPLAY', ':1'), ('GDK_BACKEND', 'x11'), ('DISPLAY', ':0'), ('LANG', 'en_US.UTF-8'), ('LC_TELEPHONE', 'it_IT.UTF-8'), ('XDG_CURRENT_DESKTOP', 'Unity'), ('VSCODE_INJECTION', '1'), ('LD_PRELOAD', ':/usr/lib/x86_64-linux-gnu/libGLEW.so'), ('XDG_SESSION_DESKTOP', 'ubuntu'), ('XMODIFIERS', '@im=ibus'), ('XAUTHORITY', '/run/user/1000/.mutter-Xwaylandauth.L52E22'), ('TERM_PROGRAM', 'vscode'), ('VSCODE_GIT_IPC_HANDLE', '/run/user/1000/vscode-git-f640f2b3f6.sock'), ('LS_COLORS', 'fi=00:mi=00:mh=00:ln=01;36:or=01;31:di=01;34:ow=04;01;34:st=34:tw=04;34:pi=01;33:so=01;33:do=01;33:bd=01;33:cd=01;33:su=01;35:sg=01;35:ca=01;35:ex=01;32:no=38;5;248'), ('TREE_COLORS', 'fi=00:mi=00:mh=00:ln=01;36:or=01;31:di=01;34:ow=01;34:st=34:tw=34:pi=01;33:so=01;33:do=01;33:bd=01;33:cd=01;33:su=01;35:sg=01;35:ca=01;35:ex=01;32'), ('SSH_AGENT_LAUNCHER', 'gnome-keyring'), ('SSH_AUTH_SOCK', '/run/user/1000/keyring/ssh'), ('ORIGINAL_XDG_CURRENT_DESKTOP', 'ubuntu:GNOME'), ('CONDA_PYTHON_EXE', '/home/martina/anaconda3/bin/python'), ('AMENT_PREFIX_PATH', '/home/martina/rp_project/robot-programming-project/install/simple_robot:/opt/ros/humble'), ('LC_NAME', 'it_IT.UTF-8'), ('SHELL', '/usr/local/bin/zsh'), ('DEST', '/home/martina/other/install'), ('QT_ACCESSIBILITY', '1'), ('GDMSESSION', 'ubuntu'), ('CONDA_DEFAULT_ENV', 'base'), ('LC_MEASUREMENT', 'it_IT.UTF-8'), ('LC_IDENTIFICATION', 'it_IT.UTF-8'), ('GJS_DEBUG_OUTPUT', 'stderr'), ('P9K_SSH', '0'), ('QT_IM_MODULE', 'ibus'), ('VSCODE_GIT_ASKPASS_EXTRA_ARGS', ''), ('VSCODE_NONCE', '052e925b-acb5-444f-b870-f20c06506941'), ('LC_ALL', 'en_US.UTF-8'), ('PWD', '/home/martina/rp_project/robot-programming-project/src/simple_robot/build/simple_robot'), ('GPG_TTY', '/dev/pts/2'), ('XDG_DATA_DIRS', '/usr/local/share/:/usr/share/:/var/lib/snapd/desktop'), ('ZDOTDIR', '/home/martina'), ('_P9K_TTY', '/dev/pts/2'), ('CONDA_EXE', '/home/martina/anaconda3/bin/conda'), ('LC_NUMERIC', 'it_IT.UTF-8'), ('PYTHONPATH', '/opt/ros/humble/lib/python3.10/site-packages:/opt/ros/humble/local/lib/python3.10/dist-packages:/home/martina/other/install/lib/python3.10/site-packages/'), ('LC_PAPER', 'it_IT.UTF-8'), ('CONDA_PREFIX', '/home/martina/anaconda3'), ('COLCON', '1'), ('MANPATH', '/usr/local/share/man:/home/martina/.cache/zsh4humans/v5/fzf/man:'), ('CMAKE_PREFIX_PATH', '/home/martina/rp_project/robot-programming-project/install/simple_robot:/opt/ros/humble')]), 'shell': False}
[3.633905] (-) TimerEvent: {}
[3.736341] (-) TimerEvent: {}
[3.748655] (simple_robot) StdoutLine: {'line': b'\x1b[35m\x1b[1mConsolidate compiler generated dependencies of target robot_map_node\x1b[0m\n'}
[3.767833] (simple_robot) StdoutLine: {'line': b'\x1b[35m\x1b[1mConsolidate compiler generated dependencies of target grid_map\x1b[0m\n'}
[3.837380] (-) TimerEvent: {}
[3.854455] (simple_robot) StdoutLine: {'line': b'[  8%] \x1b[32mBuilding CXX object CMakeFiles/robot_map_node.dir/src/main.cpp.o\x1b[0m\n'}
[3.860381] (simple_robot) StdoutLine: {'line': b'[ 16%] \x1b[32mBuilding CXX object src/CMakeFiles/grid_map.dir/main.cpp.o\x1b[0m\n'}
[3.937506] (-) TimerEvent: {}
[4.039494] (-) TimerEvent: {}
[4.140713] (-) TimerEvent: {}
[4.244211] (-) TimerEvent: {}
[4.347609] (-) TimerEvent: {}
[4.448126] (-) TimerEvent: {}
[4.549008] (-) TimerEvent: {}
[4.649650] (-) TimerEvent: {}
[4.750715] (-) TimerEvent: {}
[4.851109] (-) TimerEvent: {}
[4.951569] (-) TimerEvent: {}
[5.052350] (-) TimerEvent: {}
[5.152761] (-) TimerEvent: {}
[5.254348] (-) TimerEvent: {}
[5.354762] (-) TimerEvent: {}
[5.455678] (-) TimerEvent: {}
[5.556109] (-) TimerEvent: {}
[5.656651] (-) TimerEvent: {}
[5.757340] (-) TimerEvent: {}
[5.858275] (-) TimerEvent: {}
[5.959181] (-) TimerEvent: {}
[6.059850] (-) TimerEvent: {}
[6.160937] (-) TimerEvent: {}
[6.261661] (-) TimerEvent: {}
[6.362176] (-) TimerEvent: {}
[6.462708] (-) TimerEvent: {}
[6.563286] (-) TimerEvent: {}
[6.663726] (-) TimerEvent: {}
[6.764123] (-) TimerEvent: {}
[6.864540] (-) TimerEvent: {}
[6.965188] (-) TimerEvent: {}
[7.066819] (-) TimerEvent: {}
[7.167275] (-) TimerEvent: {}
[7.267707] (-) TimerEvent: {}
[7.368124] (-) TimerEvent: {}
[7.468544] (-) TimerEvent: {}
[7.568935] (-) TimerEvent: {}
[7.671434] (-) TimerEvent: {}
[7.771841] (-) TimerEvent: {}
[7.872493] (-) TimerEvent: {}
[7.972900] (-) TimerEvent: {}
[8.073312] (-) TimerEvent: {}
[8.173684] (-) TimerEvent: {}
[8.274783] (-) TimerEvent: {}
[8.375517] (-) TimerEvent: {}
[8.475891] (-) TimerEvent: {}
[8.576293] (-) TimerEvent: {}
[8.677053] (-) TimerEvent: {}
[8.777447] (-) TimerEvent: {}
[8.877831] (-) TimerEvent: {}
[8.978425] (-) TimerEvent: {}
[9.078798] (-) TimerEvent: {}
[9.179477] (-) TimerEvent: {}
[9.279956] (-) TimerEvent: {}
[9.380349] (-) TimerEvent: {}
[9.480728] (-) TimerEvent: {}
[9.581113] (-) TimerEvent: {}
[9.681732] (-) TimerEvent: {}
[9.782480] (-) TimerEvent: {}
[9.882903] (-) TimerEvent: {}
[9.983569] (-) TimerEvent: {}
[10.083958] (-) TimerEvent: {}
[10.185352] (-) TimerEvent: {}
[10.288336] (-) TimerEvent: {}
[10.388729] (-) TimerEvent: {}
[10.489357] (-) TimerEvent: {}
[10.590092] (-) TimerEvent: {}
[10.690476] (-) TimerEvent: {}
[10.791242] (-) TimerEvent: {}
[10.891794] (-) TimerEvent: {}
[10.992550] (-) TimerEvent: {}
[11.093150] (-) TimerEvent: {}
[11.193563] (-) TimerEvent: {}
[11.293937] (-) TimerEvent: {}
[11.394332] (-) TimerEvent: {}
[11.494797] (-) TimerEvent: {}
[11.595674] (-) TimerEvent: {}
[11.696061] (-) TimerEvent: {}
[11.796474] (-) TimerEvent: {}
[11.897497] (-) TimerEvent: {}
[11.997899] (-) TimerEvent: {}
[12.098277] (-) TimerEvent: {}
[12.198670] (-) TimerEvent: {}
[12.299072] (-) TimerEvent: {}
[12.399529] (-) TimerEvent: {}
[12.499910] (-) TimerEvent: {}
[12.600328] (-) TimerEvent: {}
[12.700710] (-) TimerEvent: {}
[12.801084] (-) TimerEvent: {}
[12.901504] (-) TimerEvent: {}
[13.001943] (-) TimerEvent: {}
[13.103042] (-) TimerEvent: {}
[13.204034] (-) TimerEvent: {}
[13.304686] (-) TimerEvent: {}
[13.405067] (-) TimerEvent: {}
[13.505469] (-) TimerEvent: {}
[13.605923] (-) TimerEvent: {}
[13.706311] (-) TimerEvent: {}
[13.806702] (-) TimerEvent: {}
[13.907084] (-) TimerEvent: {}
[14.007464] (-) TimerEvent: {}
[14.108025] (-) TimerEvent: {}
[14.208445] (-) TimerEvent: {}
[14.308846] (-) TimerEvent: {}
[14.409223] (-) TimerEvent: {}
[14.509667] (-) TimerEvent: {}
[14.610512] (-) TimerEvent: {}
[14.711155] (-) TimerEvent: {}
[14.811557] (-) TimerEvent: {}
[14.911939] (-) TimerEvent: {}
[15.012340] (-) TimerEvent: {}
[15.112854] (-) TimerEvent: {}
[15.213238] (-) TimerEvent: {}
[15.313640] (-) TimerEvent: {}
[15.414031] (-) TimerEvent: {}
[15.514444] (-) TimerEvent: {}
[15.615069] (-) TimerEvent: {}
[15.715585] (-) TimerEvent: {}
[15.816152] (-) TimerEvent: {}
[15.916560] (-) TimerEvent: {}
[16.016945] (-) TimerEvent: {}
[16.118567] (-) TimerEvent: {}
[16.218967] (-) TimerEvent: {}
[16.319362] (-) TimerEvent: {}
[16.419749] (-) TimerEvent: {}
[16.520146] (-) TimerEvent: {}
[16.620632] (-) TimerEvent: {}
[16.721290] (-) TimerEvent: {}
[16.821965] (-) TimerEvent: {}
[16.922350] (-) TimerEvent: {}
[17.022936] (-) TimerEvent: {}
[17.123836] (-) TimerEvent: {}
[17.224215] (-) TimerEvent: {}
[17.324641] (-) TimerEvent: {}
[17.425020] (-) TimerEvent: {}
[17.525397] (-) TimerEvent: {}
[17.625776] (-) TimerEvent: {}
[17.726165] (-) TimerEvent: {}
[17.826842] (-) TimerEvent: {}
[17.927277] (-) TimerEvent: {}
[18.027696] (-) TimerEvent: {}
[18.128157] (-) TimerEvent: {}
[18.229074] (-) TimerEvent: {}
[18.330473] (-) TimerEvent: {}
[18.430865] (-) TimerEvent: {}
[18.531280] (-) TimerEvent: {}
[18.631891] (-) TimerEvent: {}
[18.732299] (-) TimerEvent: {}
[18.832741] (-) TimerEvent: {}
[18.933256] (-) TimerEvent: {}
[19.033745] (-) TimerEvent: {}
[19.134246] (-) TimerEvent: {}
[19.234779] (-) TimerEvent: {}
[19.335359] (-) TimerEvent: {}
[19.435786] (-) TimerEvent: {}
[19.536177] (-) TimerEvent: {}
[19.636809] (-) TimerEvent: {}
[19.737193] (-) TimerEvent: {}
[19.837819] (-) TimerEvent: {}
[19.938295] (-) TimerEvent: {}
[20.038885] (-) TimerEvent: {}
[20.139532] (-) TimerEvent: {}
[20.239873] (-) TimerEvent: {}
[20.340641] (-) TimerEvent: {}
[20.440997] (-) TimerEvent: {}
[20.541432] (-) TimerEvent: {}
[20.641799] (-) TimerEvent: {}
[20.742171] (-) TimerEvent: {}
[20.842779] (-) TimerEvent: {}
[20.943233] (-) TimerEvent: {}
[21.043664] (-) TimerEvent: {}
[21.144114] (-) TimerEvent: {}
[21.244628] (-) TimerEvent: {}
[21.345092] (-) TimerEvent: {}
[21.445532] (-) TimerEvent: {}
[21.546197] (-) TimerEvent: {}
[21.646705] (-) TimerEvent: {}
[21.748400] (-) TimerEvent: {}
[21.849671] (-) TimerEvent: {}
[21.950161] (-) TimerEvent: {}
[22.050632] (-) TimerEvent: {}
[22.151292] (-) TimerEvent: {}
[22.251656] (-) TimerEvent: {}
[22.352003] (-) TimerEvent: {}
[22.452344] (-) TimerEvent: {}
[22.552683] (-) TimerEvent: {}
[22.653108] (-) TimerEvent: {}
[22.753451] (-) TimerEvent: {}
[22.854246] (-) TimerEvent: {}
[22.954847] (-) TimerEvent: {}
[23.055237] (-) TimerEvent: {}
[23.156127] (-) TimerEvent: {}
[23.256504] (-) TimerEvent: {}
[23.356921] (-) TimerEvent: {}
[23.457350] (-) TimerEvent: {}
[23.557876] (-) TimerEvent: {}
[23.658293] (-) TimerEvent: {}
[23.758873] (-) TimerEvent: {}
[23.859318] (-) TimerEvent: {}
[23.959661] (-) TimerEvent: {}
[24.060000] (-) TimerEvent: {}
[24.160336] (-) TimerEvent: {}
[24.261309] (-) TimerEvent: {}
[24.361650] (-) TimerEvent: {}
[24.462521] (-) TimerEvent: {}
[24.562931] (-) TimerEvent: {}
[24.663914] (-) TimerEvent: {}
[24.764885] (-) TimerEvent: {}
[24.865654] (-) TimerEvent: {}
[24.966215] (-) TimerEvent: {}
[25.066623] (-) TimerEvent: {}
[25.166967] (-) TimerEvent: {}
[25.267323] (-) TimerEvent: {}
[25.367695] (-) TimerEvent: {}
[25.468058] (-) TimerEvent: {}
[25.568420] (-) TimerEvent: {}
[25.668756] (-) TimerEvent: {}
[25.769094] (-) TimerEvent: {}
[25.869739] (-) TimerEvent: {}
[25.970085] (-) TimerEvent: {}
[26.070459] (-) TimerEvent: {}
[26.170837] (-) TimerEvent: {}
[26.271195] (-) TimerEvent: {}
[26.371656] (-) TimerEvent: {}
[26.472048] (-) TimerEvent: {}
[26.572755] (-) TimerEvent: {}
[26.673137] (-) TimerEvent: {}
[26.774467] (-) TimerEvent: {}
[26.874840] (-) TimerEvent: {}
[26.975234] (-) TimerEvent: {}
[27.075641] (-) TimerEvent: {}
[27.176356] (-) TimerEvent: {}
[27.277231] (-) TimerEvent: {}
[27.377946] (-) TimerEvent: {}
[27.479345] (-) TimerEvent: {}
[27.579761] (-) TimerEvent: {}
[27.686339] (-) TimerEvent: {}
[27.789341] (-) TimerEvent: {}
[27.892048] (-) TimerEvent: {}
[27.992461] (-) TimerEvent: {}
[28.093593] (-) TimerEvent: {}
[28.194020] (-) TimerEvent: {}
[28.294702] (-) TimerEvent: {}
[28.395371] (-) TimerEvent: {}
[28.495999] (-) TimerEvent: {}
[28.596337] (-) TimerEvent: {}
[28.696673] (-) TimerEvent: {}
[28.797025] (-) TimerEvent: {}
[28.897603] (-) TimerEvent: {}
[28.997961] (-) TimerEvent: {}
[29.098321] (-) TimerEvent: {}
[29.198657] (-) TimerEvent: {}
[29.299009] (-) TimerEvent: {}
[29.399430] (-) TimerEvent: {}
[29.499770] (-) TimerEvent: {}
[29.600144] (-) TimerEvent: {}
[29.700562] (-) TimerEvent: {}
[29.800915] (-) TimerEvent: {}
[29.901299] (-) TimerEvent: {}
[30.001700] (-) TimerEvent: {}
[30.102034] (-) TimerEvent: {}
[30.202638] (-) TimerEvent: {}
[30.303248] (-) TimerEvent: {}
[30.403623] (-) TimerEvent: {}
[30.504331] (-) TimerEvent: {}
[30.604674] (-) TimerEvent: {}
[30.705030] (-) TimerEvent: {}
[30.805341] (-) TimerEvent: {}
[30.905720] (-) TimerEvent: {}
[31.006335] (-) TimerEvent: {}
[31.107049] (-) TimerEvent: {}
[31.207461] (-) TimerEvent: {}
[31.307858] (-) TimerEvent: {}
[31.408246] (-) TimerEvent: {}
[31.508639] (-) TimerEvent: {}
[31.609140] (-) TimerEvent: {}
[31.709647] (-) TimerEvent: {}
[31.774591] (simple_robot) StdoutLine: {'line': b'[ 25%] \x1b[32m\x1b[1mLinking CXX shared library libgrid_map.so\x1b[0m\n'}
[31.809768] (-) TimerEvent: {}
[31.910174] (-) TimerEvent: {}
[32.010602] (-) TimerEvent: {}
[32.112382] (-) TimerEvent: {}
[32.212795] (-) TimerEvent: {}
[32.314252] (-) TimerEvent: {}
[32.417583] (-) TimerEvent: {}
[32.497540] (simple_robot) StdoutLine: {'line': b'[ 33%] \x1b[32m\x1b[1mLinking CXX executable robot_map_node\x1b[0m\n'}
[32.518418] (-) TimerEvent: {}
[32.619746] (-) TimerEvent: {}
[32.722361] (-) TimerEvent: {}
[32.823245] (-) TimerEvent: {}
[32.927944] (-) TimerEvent: {}
[33.028838] (-) TimerEvent: {}
[33.131016] (-) TimerEvent: {}
[33.234593] (-) TimerEvent: {}
[33.336515] (-) TimerEvent: {}
[33.440519] (-) TimerEvent: {}
[33.541041] (-) TimerEvent: {}
[33.641667] (-) TimerEvent: {}
[33.742563] (-) TimerEvent: {}
[33.843032] (-) TimerEvent: {}
[33.943560] (-) TimerEvent: {}
[34.044096] (-) TimerEvent: {}
[34.144612] (-) TimerEvent: {}
[34.245910] (-) TimerEvent: {}
[34.347047] (-) TimerEvent: {}
[34.448373] (-) TimerEvent: {}
[34.551826] (-) TimerEvent: {}
[34.658339] (-) TimerEvent: {}
[34.758738] (-) TimerEvent: {}
[34.859137] (-) TimerEvent: {}
[34.926123] (simple_robot) StdoutLine: {'line': b'[ 66%] Built target grid_map\n'}
[34.959287] (-) TimerEvent: {}
[35.059583] (-) TimerEvent: {}
[35.159924] (-) TimerEvent: {}
[35.262022] (-) TimerEvent: {}
[35.362440] (-) TimerEvent: {}
[35.464554] (-) TimerEvent: {}
[35.565125] (-) TimerEvent: {}
[35.667074] (-) TimerEvent: {}
[35.767674] (-) TimerEvent: {}
[35.869032] (-) TimerEvent: {}
[35.969577] (-) TimerEvent: {}
[36.025517] (simple_robot) StdoutLine: {'line': b'[100%] Built target robot_map_node\n'}
[36.064737] (simple_robot) CommandEnded: {'returncode': 0}
[36.066888] (simple_robot) JobProgress: {'identifier': 'simple_robot', 'progress': 'install'}
[36.069876] (-) TimerEvent: {}
[36.090159] (simple_robot) Command: {'cmd': ['/usr/bin/cmake', '--install', '/home/martina/rp_project/robot-programming-project/src/simple_robot/build/simple_robot'], 'cwd': '/home/martina/rp_project/robot-programming-project/src/simple_robot/build/simple_robot', 'env': OrderedDict([('GJS_DEBUG_TOPICS', 'JS ERROR;JS LOG'), ('LESSOPEN', '| /usr/bin/env /usr/bin/lesspipe %s 2>/dev/null'), ('CONDA_PROMPT_MODIFIER', '(base)'), ('LC_TIME', 'it_IT.UTF-8'), ('USER', 'martina'), ('XDG_SESSION_TYPE', 'wayland'), ('GIT_ASKPASS', '/usr/share/code/resources/app/extensions/git/dist/askpass.sh'), ('SHLVL', '2'), ('LD_LIBRARY_PATH', '/opt/ros/humble/opt/rviz_ogre_vendor/lib:/opt/ros/humble/lib/x86_64-linux-gnu:/opt/ros/humble/lib::/home/martina/.mujoco/mujoco210/bin:/usr/lib/nvidia:~/anaconda3/lib'), ('HOME', '/home/martina'), ('OLDPWD', '/home/martina/rp_project/robot-programming-project/src/simple_robot'), ('CHROME_DESKTOP', 'code.desktop'), ('TERMINFO', '/home/martina/.terminfo'), ('LESS', '-iRFXMx4'), ('CONDA_SHLVL', '1'), ('DESKTOP_SESSION', 'ubuntu'), ('TERM_PROGRAM_VERSION', '1.97.2'), ('GIO_LAUNCHED_DESKTOP_FILE', '/usr/share/applications/code.desktop'), ('LSCOLORS', 'ExGxDxDxCxDxDxFxFxexEx'), ('GTK_MODULES', 'gail:atk-bridge'), ('GNOME_SHELL_SESSION_MODE', 'ubuntu'), ('VSCODE_GIT_ASKPASS_MAIN', '/usr/share/code/resources/app/extensions/git/dist/askpass-main.js'), ('PAGER', 'less'), ('ROS_PYTHON_VERSION', '3'), ('LC_MONETARY', 'it_IT.UTF-8'), ('MANAGERPID', '887'), ('VSCODE_GIT_ASKPASS_NODE', '/usr/share/code/code'), ('SYSTEMD_EXEC_PID', '1152'), ('DBUS_SESSION_BUS_ADDRESS', 'unix:path=/run/user/1000/bus'), ('P9K_TTY', 'old'), ('GIO_LAUNCHED_DESKTOP_FILE_PID', '3260'), ('COLORTERM', 'truecolor'), ('_CE_M', ''), ('WAYLAND_DISPLAY', 'wayland-0'), ('INFOPATH', ''), ('ROS_DISTRO', 'humble'), ('COLCON_PREFIX_PATH', '/home/martina/rp_project/robot-programming-project/install'), ('LOGNAME', 'martina'), ('_', '/usr/bin/colcon'), ('JOURNAL_STREAM', '8:11413'), ('_P9K_SSH_TTY', '/dev/pts/2'), ('XDG_SESSION_CLASS', 'user'), ('USER_ZDOTDIR', '/home/martina'), ('ROS_VERSION', '2'), ('USERNAME', 'martina'), ('TERM', 'xterm-256color'), ('GNOME_DESKTOP_SESSION_ID', 'this-is-deprecated'), ('_CE_CONDA', ''), ('ROS_LOCALHOST_ONLY', '0'), ('PATH', '/opt/ros/humble/bin:/home/martina/.local/bin:/home/martina/.local/bin:/usr/lib/ccache:.:/home/martina/.mujoco/mujoco210/bin:/usr/lib/nvidia:/home/martina/anaconda3/condabin:/home/martina/bin:/home/martina/.local/bin:/usr/local/sbin:/usr/local/bin:/usr/sbin:/usr/bin:/sbin:/bin:/usr/games:/usr/local/games:/snap/bin:/home/martina/.cache/zsh4humans/v5/fzf/bin:/home/martina/other/install/bin'), ('SESSION_MANAGER', 'local/Martina-ThinkPad-X1-Yoga:@/tmp/.ICE-unix/1105,unix/Martina-ThinkPad-X1-Yoga:/tmp/.ICE-unix/1105'), ('INVOCATION_ID', 'abb78b4b018940349bd4da4c8fed9753'), ('LC_ADDRESS', 'it_IT.UTF-8'), ('XDG_RUNTIME_DIR', '/run/user/1000'), ('XDG_MENU_PREFIX', 'gnome-'), ('GNOME_SETUP_DISPLAY', ':1'), ('GDK_BACKEND', 'x11'), ('DISPLAY', ':0'), ('LANG', 'en_US.UTF-8'), ('LC_TELEPHONE', 'it_IT.UTF-8'), ('XDG_CURRENT_DESKTOP', 'Unity'), ('VSCODE_INJECTION', '1'), ('LD_PRELOAD', ':/usr/lib/x86_64-linux-gnu/libGLEW.so'), ('XDG_SESSION_DESKTOP', 'ubuntu'), ('XMODIFIERS', '@im=ibus'), ('XAUTHORITY', '/run/user/1000/.mutter-Xwaylandauth.L52E22'), ('TERM_PROGRAM', 'vscode'), ('VSCODE_GIT_IPC_HANDLE', '/run/user/1000/vscode-git-f640f2b3f6.sock'), ('LS_COLORS', 'fi=00:mi=00:mh=00:ln=01;36:or=01;31:di=01;34:ow=04;01;34:st=34:tw=04;34:pi=01;33:so=01;33:do=01;33:bd=01;33:cd=01;33:su=01;35:sg=01;35:ca=01;35:ex=01;32:no=38;5;248'), ('TREE_COLORS', 'fi=00:mi=00:mh=00:ln=01;36:or=01;31:di=01;34:ow=01;34:st=34:tw=34:pi=01;33:so=01;33:do=01;33:bd=01;33:cd=01;33:su=01;35:sg=01;35:ca=01;35:ex=01;32'), ('SSH_AGENT_LAUNCHER', 'gnome-keyring'), ('SSH_AUTH_SOCK', '/run/user/1000/keyring/ssh'), ('ORIGINAL_XDG_CURRENT_DESKTOP', 'ubuntu:GNOME'), ('CONDA_PYTHON_EXE', '/home/martina/anaconda3/bin/python'), ('AMENT_PREFIX_PATH', '/home/martina/rp_project/robot-programming-project/install/simple_robot:/opt/ros/humble'), ('LC_NAME', 'it_IT.UTF-8'), ('SHELL', '/usr/local/bin/zsh'), ('DEST', '/home/martina/other/install'), ('QT_ACCESSIBILITY', '1'), ('GDMSESSION', 'ubuntu'), ('CONDA_DEFAULT_ENV', 'base'), ('LC_MEASUREMENT', 'it_IT.UTF-8'), ('LC_IDENTIFICATION', 'it_IT.UTF-8'), ('GJS_DEBUG_OUTPUT', 'stderr'), ('P9K_SSH', '0'), ('QT_IM_MODULE', 'ibus'), ('VSCODE_GIT_ASKPASS_EXTRA_ARGS', ''), ('VSCODE_NONCE', '052e925b-acb5-444f-b870-f20c06506941'), ('LC_ALL', 'en_US.UTF-8'), ('PWD', '/home/martina/rp_project/robot-programming-project/src/simple_robot/build/simple_robot'), ('GPG_TTY', '/dev/pts/2'), ('XDG_DATA_DIRS', '/usr/local/share/:/usr/share/:/var/lib/snapd/desktop'), ('ZDOTDIR', '/home/martina'), ('_P9K_TTY', '/dev/pts/2'), ('CONDA_EXE', '/home/martina/anaconda3/bin/conda'), ('LC_NUMERIC', 'it_IT.UTF-8'), ('PYTHONPATH', '/opt/ros/humble/lib/python3.10/site-packages:/opt/ros/humble/local/lib/python3.10/dist-packages:/home/martina/other/install/lib/python3.10/site-packages/'), ('LC_PAPER', 'it_IT.UTF-8'), ('CONDA_PREFIX', '/home/martina/anaconda3'), ('COLCON', '1'), ('MANPATH', '/usr/local/share/man:/home/martina/.cache/zsh4humans/v5/fzf/man:'), ('CMAKE_PREFIX_PATH', '/home/martina/rp_project/robot-programming-project/install/simple_robot:/opt/ros/humble')]), 'shell': False}
[36.110966] (simple_robot) StdoutLine: {'line': b'-- Install configuration: ""\n'}
[36.114417] (simple_robot) StdoutLine: {'line': b'-- Installing: /home/martina/rp_project/robot-programming-project/src/simple_robot/install/simple_robot/lib/simple_robot/robot_map_node\n'}
[36.129722] (simple_robot) StdoutLine: {'line': b'-- Set runtime path of "/home/martina/rp_project/robot-programming-project/src/simple_robot/install/simple_robot/lib/simple_robot/robot_map_node" to ""\n'}
[36.130710] (simple_robot) StdoutLine: {'line': b'-- Up-to-date: /home/martina/rp_project/robot-programming-project/src/simple_robot/install/simple_robot/share/ament_index/resource_index/package_run_dependencies/simple_robot\n'}
[36.130958] (simple_robot) StdoutLine: {'line': b'-- Up-to-date: /home/martina/rp_project/robot-programming-project/src/simple_robot/install/simple_robot/share/ament_index/resource_index/parent_prefix_path/simple_robot\n'}
[36.131307] (simple_robot) StdoutLine: {'line': b'-- Up-to-date: /home/martina/rp_project/robot-programming-project/src/simple_robot/install/simple_robot/share/simple_robot/environment/ament_prefix_path.sh\n'}
[36.131529] (simple_robot) StdoutLine: {'line': b'-- Installing: /home/martina/rp_project/robot-programming-project/src/simple_robot/install/simple_robot/share/simple_robot/environment/ament_prefix_path.dsv\n'}
[36.131731] (simple_robot) StdoutLine: {'line': b'-- Up-to-date: /home/martina/rp_project/robot-programming-project/src/simple_robot/install/simple_robot/share/simple_robot/environment/path.sh\n'}
[36.131946] (simple_robot) StdoutLine: {'line': b'-- Installing: /home/martina/rp_project/robot-programming-project/src/simple_robot/install/simple_robot/share/simple_robot/environment/path.dsv\n'}
[36.132174] (simple_robot) StdoutLine: {'line': b'-- Up-to-date: /home/martina/rp_project/robot-programming-project/src/simple_robot/install/simple_robot/share/simple_robot/local_setup.bash\n'}
[36.132484] (simple_robot) StdoutLine: {'line': b'-- Up-to-date: /home/martina/rp_project/robot-programming-project/src/simple_robot/install/simple_robot/share/simple_robot/local_setup.sh\n'}
[36.132678] (simple_robot) StdoutLine: {'line': b'-- Up-to-date: /home/martina/rp_project/robot-programming-project/src/simple_robot/install/simple_robot/share/simple_robot/local_setup.zsh\n'}
[36.132895] (simple_robot) StdoutLine: {'line': b'-- Installing: /home/martina/rp_project/robot-programming-project/src/simple_robot/install/simple_robot/share/simple_robot/local_setup.dsv\n'}
[36.133079] (simple_robot) StdoutLine: {'line': b'-- Installing: /home/martina/rp_project/robot-programming-project/src/simple_robot/install/simple_robot/share/simple_robot/package.dsv\n'}
[36.133429] (simple_robot) StdoutLine: {'line': b'-- Up-to-date: /home/martina/rp_project/robot-programming-project/src/simple_robot/install/simple_robot/share/ament_index/resource_index/packages/simple_robot\n'}
[36.133761] (simple_robot) StdoutLine: {'line': b'-- Up-to-date: /home/martina/rp_project/robot-programming-project/src/simple_robot/install/simple_robot/share/simple_robot/cmake/simple_robotConfig.cmake\n'}
[36.134112] (simple_robot) StdoutLine: {'line': b'-- Up-to-date: /home/martina/rp_project/robot-programming-project/src/simple_robot/install/simple_robot/share/simple_robot/cmake/simple_robotConfig-version.cmake\n'}
[36.134586] (simple_robot) StdoutLine: {'line': b'-- Up-to-date: /home/martina/rp_project/robot-programming-project/src/simple_robot/install/simple_robot/share/simple_robot/package.xml\n'}
[36.142345] (simple_robot) CommandEnded: {'returncode': 0}
[36.170893] (-) TimerEvent: {}
[36.177510] (simple_robot) JobEnded: {'identifier': 'simple_robot', 'rc': 0}
[36.178711] (-) EventReactorShutdown: {}
