[0.000000] (-) TimerEvent: {}
[0.000553] (simple_robot) JobQueued: {'identifier': 'simple_robot', 'dependencies': OrderedDict()}
[0.003504] (simple_robot) JobStarted: {'identifier': 'simple_robot'}
[0.041991] (simple_robot) JobProgress: {'identifier': 'simple_robot', 'progress': 'cmake'}
[0.042192] (simple_robot) Command: {'cmd': ['/usr/bin/cmake', '/home/martina/rp_project/robot-programming-project/src/simple_robot', '-DCMAKE_INSTALL_PREFIX=/home/martina/rp_project/robot-programming-project/src/simple_robot/install/simple_robot'], 'cwd': '/home/martina/rp_project/robot-programming-project/src/simple_robot/build/simple_robot', 'env': OrderedDict([('GJS_DEBUG_TOPICS', 'JS ERROR;JS LOG'), ('LESSOPEN', '| /usr/bin/env /usr/bin/lesspipe %s 2>/dev/null'), ('CONDA_PROMPT_MODIFIER', '(base)'), ('LC_TIME', 'it_IT.UTF-8'), ('USER', 'martina'), ('XDG_SESSION_TYPE', 'wayland'), ('GIT_ASKPASS', '/usr/share/code/resources/app/extensions/git/dist/askpass.sh'), ('SHLVL', '2'), ('LD_LIBRARY_PATH', '/opt/ros/humble/opt/rviz_ogre_vendor/lib:/opt/ros/humble/lib/x86_64-linux-gnu:/opt/ros/humble/lib::/home/martina/.mujoco/mujoco210/bin:/usr/lib/nvidia:~/anaconda3/lib'), ('HOME', '/home/martina'), ('OLDPWD', '/home/martina/rp_project/robot-programming-project/src/simple_robot'), ('CHROME_DESKTOP', 'code.desktop'), ('TERMINFO', '/home/martina/.terminfo'), ('LESS', '-iRFXMx4'), ('CONDA_SHLVL', '1'), ('DESKTOP_SESSION', 'ubuntu'), ('TERM_PROGRAM_VERSION', '1.97.2'), ('GIO_LAUNCHED_DESKTOP_FILE', '/usr/share/applications/code.desktop'), ('LSCOLORS', 'ExGxDxDxCxDxDxFxFxexEx'), ('GTK_MODULES', 'gail:atk-bridge'), ('GNOME_SHELL_SESSION_MODE', 'ubuntu'), ('VSCODE_GIT_ASKPASS_MAIN', '/usr/share/code/resources/app/extensions/git/dist/askpass-main.js'), ('PAGER', 'less'), ('ROS_PYTHON_VERSION', '3'), ('LC_MONETARY', 'it_IT.UTF-8'), ('MANAGERPID', '887'), ('VSCODE_GIT_ASKPASS_NODE', '/usr/share/code/code'), ('SYSTEMD_EXEC_PID', '1152'), ('DBUS_SESSION_BUS_ADDRESS', 'unix:path=/run/user/1000/bus'), ('P9K_TTY', 'old'), ('GIO_LAUNCHED_DESKTOP_FILE_PID', '3260'), ('COLORTERM', 'truecolor'), ('_CE_M', ''), ('WAYLAND_DISPLAY', 'wayland-0'), ('INFOPATH', ''), ('ROS_DISTRO', 'humble'), ('COLCON_PREFIX_PATH', '/home/martina/rp_project/robot-programming-project/install'), ('LOGNAME', 'martina'), ('_', '/usr/bin/colcon'), ('JOURNAL_STREAM', '8:11413'), ('_P9K_SSH_TTY', '/dev/pts/2'), ('XDG_SESSION_CLASS', 'user'), ('USER_ZDOTDIR', '/home/martina'), ('ROS_VERSION', '2'), ('USERNAME', 'martina'), ('TERM', 'xterm-256color'), ('GNOME_DESKTOP_SESSION_ID', 'this-is-deprecated'), ('_CE_CONDA', ''), ('ROS_LOCALHOST_ONLY', '0'), ('PATH', '/opt/ros/humble/bin:/home/martina/.local/bin:/home/martina/.local/bin:/usr/lib/ccache:.:/home/martina/.mujoco/mujoco210/bin:/usr/lib/nvidia:/home/martina/anaconda3/condabin:/home/martina/bin:/home/martina/.local/bin:/usr/local/sbin:/usr/local/bin:/usr/sbin:/usr/bin:/sbin:/bin:/usr/games:/usr/local/games:/snap/bin:/home/martina/.cache/zsh4humans/v5/fzf/bin:/home/martina/other/install/bin'), ('SESSION_MANAGER', 'local/Martina-ThinkPad-X1-Yoga:@/tmp/.ICE-unix/1105,unix/Martina-ThinkPad-X1-Yoga:/tmp/.ICE-unix/1105'), ('INVOCATION_ID', 'abb78b4b018940349bd4da4c8fed9753'), ('LC_ADDRESS', 'it_IT.UTF-8'), ('XDG_RUNTIME_DIR', '/run/user/1000'), ('XDG_MENU_PREFIX', 'gnome-'), ('GNOME_SETUP_DISPLAY', ':1'), ('GDK_BACKEND', 'x11'), ('DISPLAY', ':0'), ('LANG', 'en_US.UTF-8'), ('LC_TELEPHONE', 'it_IT.UTF-8'), ('XDG_CURRENT_DESKTOP', 'Unity'), ('VSCODE_INJECTION', '1'), ('LD_PRELOAD', ':/usr/lib/x86_64-linux-gnu/libGLEW.so'), ('XDG_SESSION_DESKTOP', 'ubuntu'), ('XMODIFIERS', '@im=ibus'), ('XAUTHORITY', '/run/user/1000/.mutter-Xwaylandauth.L52E22'), ('TERM_PROGRAM', 'vscode'), ('VSCODE_GIT_IPC_HANDLE', '/run/user/1000/vscode-git-f640f2b3f6.sock'), ('LS_COLORS', 'fi=00:mi=00:mh=00:ln=01;36:or=01;31:di=01;34:ow=04;01;34:st=34:tw=04;34:pi=01;33:so=01;33:do=01;33:bd=01;33:cd=01;33:su=01;35:sg=01;35:ca=01;35:ex=01;32:no=38;5;248'), ('TREE_COLORS', 'fi=00:mi=00:mh=00:ln=01;36:or=01;31:di=01;34:ow=01;34:st=34:tw=34:pi=01;33:so=01;33:do=01;33:bd=01;33:cd=01;33:su=01;35:sg=01;35:ca=01;35:ex=01;32'), ('SSH_AGENT_LAUNCHER', 'gnome-keyring'), ('SSH_AUTH_SOCK', '/run/user/1000/keyring/ssh'), ('ORIGINAL_XDG_CURRENT_DESKTOP', 'ubuntu:GNOME'), ('CONDA_PYTHON_EXE', '/home/martina/anaconda3/bin/python'), ('AMENT_PREFIX_PATH', '/home/martina/rp_project/robot-programming-project/install/simple_robot:/opt/ros/humble'), ('LC_NAME', 'it_IT.UTF-8'), ('SHELL', '/usr/local/bin/zsh'), ('DEST', '/home/martina/other/install'), ('QT_ACCESSIBILITY', '1'), ('GDMSESSION', 'ubuntu'), ('CONDA_DEFAULT_ENV', 'base'), ('LC_MEASUREMENT', 'it_IT.UTF-8'), ('LC_IDENTIFICATION', 'it_IT.UTF-8'), ('GJS_DEBUG_OUTPUT', 'stderr'), ('P9K_SSH', '0'), ('QT_IM_MODULE', 'ibus'), ('VSCODE_GIT_ASKPASS_EXTRA_ARGS', ''), ('VSCODE_NONCE', 'f672ca6a-f6db-4411-8134-b3ad71667d44'), ('LC_ALL', 'en_US.UTF-8'), ('PWD', '/home/martina/rp_project/robot-programming-project/src/simple_robot/build/simple_robot'), ('GPG_TTY', '/dev/pts/2'), ('XDG_DATA_DIRS', '/usr/local/share/:/usr/share/:/var/lib/snapd/desktop'), ('ZDOTDIR', '/home/martina'), ('_P9K_TTY', '/dev/pts/2'), ('CONDA_EXE', '/home/martina/anaconda3/bin/conda'), ('LC_NUMERIC', 'it_IT.UTF-8'), ('PYTHONPATH', '/opt/ros/humble/lib/python3.10/site-packages:/opt/ros/humble/local/lib/python3.10/dist-packages:/home/martina/other/install/lib/python3.10/site-packages/'), ('LC_PAPER', 'it_IT.UTF-8'), ('CONDA_PREFIX', '/home/martina/anaconda3'), ('COLCON', '1'), ('MANPATH', '/usr/local/share/man:/home/martina/.cache/zsh4humans/v5/fzf/man:'), ('CMAKE_PREFIX_PATH', '/home/martina/rp_project/robot-programming-project/install/simple_robot:/opt/ros/humble')]), 'shell': False}
[0.101924] (-) TimerEvent: {}
[0.202344] (-) TimerEvent: {}
[0.302788] (-) TimerEvent: {}
[0.310221] (simple_robot) StdoutLine: {'line': b'-- The C compiler identification is GNU 11.4.0\n'}
[0.402922] (-) TimerEvent: {}
[0.502189] (simple_robot) StdoutLine: {'line': b'-- The CXX compiler identification is GNU 11.4.0\n'}
[0.503004] (-) TimerEvent: {}
[0.533003] (simple_robot) StdoutLine: {'line': b'-- Detecting C compiler ABI info\n'}
[0.603143] (-) TimerEvent: {}
[0.703926] (-) TimerEvent: {}
[0.792938] (simple_robot) StdoutLine: {'line': b'-- Detecting C compiler ABI info - done\n'}
[0.804066] (-) TimerEvent: {}
[0.846980] (simple_robot) StdoutLine: {'line': b'-- Check for working C compiler: /usr/lib/ccache/cc - skipped\n'}
[0.847423] (simple_robot) StdoutLine: {'line': b'-- Detecting C compile features\n'}
[0.849971] (simple_robot) StdoutLine: {'line': b'-- Detecting C compile features - done\n'}
[0.866822] (simple_robot) StdoutLine: {'line': b'-- Detecting CXX compiler ABI info\n'}
[0.904736] (-) TimerEvent: {}
[1.005146] (-) TimerEvent: {}
[1.105866] (-) TimerEvent: {}
[1.168081] (simple_robot) StdoutLine: {'line': b'-- Detecting CXX compiler ABI info - done\n'}
[1.196412] (simple_robot) StdoutLine: {'line': b'-- Check for working CXX compiler: /usr/lib/ccache/c++ - skipped\n'}
[1.197681] (simple_robot) StdoutLine: {'line': b'-- Detecting CXX compile features\n'}
[1.199286] (simple_robot) StdoutLine: {'line': b'-- Detecting CXX compile features - done\n'}
[1.205981] (-) TimerEvent: {}
[1.218917] (simple_robot) StdoutLine: {'line': b'-- Found OpenCV: /usr (found suitable version "4.5.4", minimum required is "4.5.4") \n'}
[1.222979] (simple_robot) StdoutLine: {'line': b'-- Found ament_cmake: 1.3.11 (/opt/ros/humble/share/ament_cmake/cmake)\n'}
[1.306178] (-) TimerEvent: {}
[1.406599] (-) TimerEvent: {}
[1.507069] (-) TimerEvent: {}
[1.519234] (simple_robot) StdoutLine: {'line': b'-- Found Python3: /usr/bin/python3 (found version "3.10.12") found components: Interpreter \n'}
[1.607184] (-) TimerEvent: {}
[1.709921] (-) TimerEvent: {}
[1.796335] (simple_robot) StdoutLine: {'line': b'-- Found rclcpp: 16.0.11 (/opt/ros/humble/share/rclcpp/cmake)\n'}
[1.810037] (-) TimerEvent: {}
[1.910683] (-) TimerEvent: {}
[1.916389] (simple_robot) StdoutLine: {'line': b'-- Found rosidl_generator_c: 3.1.6 (/opt/ros/humble/share/rosidl_generator_c/cmake)\n'}
[1.926472] (simple_robot) StdoutLine: {'line': b'-- Found rosidl_adapter: 3.1.6 (/opt/ros/humble/share/rosidl_adapter/cmake)\n'}
[1.948753] (simple_robot) StdoutLine: {'line': b'-- Found rosidl_generator_cpp: 3.1.6 (/opt/ros/humble/share/rosidl_generator_cpp/cmake)\n'}
[1.977050] (simple_robot) StdoutLine: {'line': b'-- Using all available rosidl_typesupport_c: rosidl_typesupport_fastrtps_c;rosidl_typesupport_introspection_c\n'}
[2.010810] (-) TimerEvent: {}
[2.021287] (simple_robot) StdoutLine: {'line': b'-- Using all available rosidl_typesupport_cpp: rosidl_typesupport_fastrtps_cpp;rosidl_typesupport_introspection_cpp\n'}
[2.111027] (-) TimerEvent: {}
[2.135423] (simple_robot) StdoutLine: {'line': b'-- Found rmw_implementation_cmake: 6.1.2 (/opt/ros/humble/share/rmw_implementation_cmake/cmake)\n'}
[2.144111] (simple_robot) StdoutLine: {'line': b'-- Found rmw_fastrtps_cpp: 6.2.7 (/opt/ros/humble/share/rmw_fastrtps_cpp/cmake)\n'}
[2.211181] (-) TimerEvent: {}
[2.313296] (-) TimerEvent: {}
[2.414229] (-) TimerEvent: {}
[2.515290] (simple_robot) StdoutLine: {'line': b'-- Found OpenSSL: /usr/lib/x86_64-linux-gnu/libcrypto.so (found version "3.0.2")  \n'}
[2.515892] (-) TimerEvent: {}
[2.586882] (simple_robot) StdoutLine: {'line': b'-- Found FastRTPS: /opt/ros/humble/include  \n'}
[2.616110] (-) TimerEvent: {}
[2.701164] (simple_robot) StdoutLine: {'line': b"-- Using RMW implementation 'rmw_fastrtps_cpp' as default\n"}
[2.716291] (-) TimerEvent: {}
[2.729029] (simple_robot) StdoutLine: {'line': b'-- Looking for pthread.h\n'}
[2.816432] (-) TimerEvent: {}
[2.916934] (-) TimerEvent: {}
[2.991969] (simple_robot) StdoutLine: {'line': b'-- Looking for pthread.h - found\n'}
[2.992496] (simple_robot) StdoutLine: {'line': b'-- Performing Test CMAKE_HAVE_LIBC_PTHREAD\n'}
[3.019603] (-) TimerEvent: {}
[3.120075] (-) TimerEvent: {}
[3.220550] (-) TimerEvent: {}
[3.230412] (simple_robot) StdoutLine: {'line': b'-- Performing Test CMAKE_HAVE_LIBC_PTHREAD - Success\n'}
[3.231232] (simple_robot) StdoutLine: {'line': b'-- Found Threads: TRUE  \n'}
[3.321405] (-) TimerEvent: {}
[3.393918] (simple_robot) StdoutLine: {'line': b'-- Found geometry_msgs: 4.2.4 (/opt/ros/humble/share/geometry_msgs/cmake)\n'}
[3.422157] (-) TimerEvent: {}
[3.426311] (simple_robot) StdoutLine: {'line': b'-- Found sensor_msgs: 4.2.4 (/opt/ros/humble/share/sensor_msgs/cmake)\n'}
[3.469732] (simple_robot) StdoutLine: {'line': b'-- Found nav_msgs: 4.2.4 (/opt/ros/humble/share/nav_msgs/cmake)\n'}
[3.522284] (-) TimerEvent: {}
[3.525226] (simple_robot) StdoutLine: {'line': b'-- Found OpenCV: /usr (found version "4.5.4") \n'}
[3.622427] (-) TimerEvent: {}
[3.726266] (-) TimerEvent: {}
[3.827019] (-) TimerEvent: {}
[3.925648] (simple_robot) StdoutLine: {'line': b'-- DATA_DIR: /home/martina/rp_project/robot-programming-project/src/simple_robot/data\n'}
[3.926872] (simple_robot) StdoutLine: {'line': b'-- Configuring done\n'}
[3.927234] (-) TimerEvent: {}
[4.030858] (-) TimerEvent: {}
[4.134672] (-) TimerEvent: {}
[4.150777] (simple_robot) StdoutLine: {'line': b'-- Generating done\n'}
[4.194324] (simple_robot) StdoutLine: {'line': b'-- Build files have been written to: /home/martina/rp_project/robot-programming-project/src/simple_robot/build/simple_robot\n'}
[4.234846] (-) TimerEvent: {}
[4.268173] (simple_robot) CommandEnded: {'returncode': 0}
[4.270245] (simple_robot) JobProgress: {'identifier': 'simple_robot', 'progress': 'build'}
[4.270389] (simple_robot) Command: {'cmd': ['/usr/bin/cmake', '--build', '/home/martina/rp_project/robot-programming-project/src/simple_robot/build/simple_robot', '--', '-j4', '-l4'], 'cwd': '/home/martina/rp_project/robot-programming-project/src/simple_robot/build/simple_robot', 'env': OrderedDict([('GJS_DEBUG_TOPICS', 'JS ERROR;JS LOG'), ('LESSOPEN', '| /usr/bin/env /usr/bin/lesspipe %s 2>/dev/null'), ('CONDA_PROMPT_MODIFIER', '(base)'), ('LC_TIME', 'it_IT.UTF-8'), ('USER', 'martina'), ('XDG_SESSION_TYPE', 'wayland'), ('GIT_ASKPASS', '/usr/share/code/resources/app/extensions/git/dist/askpass.sh'), ('SHLVL', '2'), ('LD_LIBRARY_PATH', '/opt/ros/humble/opt/rviz_ogre_vendor/lib:/opt/ros/humble/lib/x86_64-linux-gnu:/opt/ros/humble/lib::/home/martina/.mujoco/mujoco210/bin:/usr/lib/nvidia:~/anaconda3/lib'), ('HOME', '/home/martina'), ('OLDPWD', '/home/martina/rp_project/robot-programming-project/src/simple_robot'), ('CHROME_DESKTOP', 'code.desktop'), ('TERMINFO', '/home/martina/.terminfo'), ('LESS', '-iRFXMx4'), ('CONDA_SHLVL', '1'), ('DESKTOP_SESSION', 'ubuntu'), ('TERM_PROGRAM_VERSION', '1.97.2'), ('GIO_LAUNCHED_DESKTOP_FILE', '/usr/share/applications/code.desktop'), ('LSCOLORS', 'ExGxDxDxCxDxDxFxFxexEx'), ('GTK_MODULES', 'gail:atk-bridge'), ('GNOME_SHELL_SESSION_MODE', 'ubuntu'), ('VSCODE_GIT_ASKPASS_MAIN', '/usr/share/code/resources/app/extensions/git/dist/askpass-main.js'), ('PAGER', 'less'), ('ROS_PYTHON_VERSION', '3'), ('LC_MONETARY', 'it_IT.UTF-8'), ('MANAGERPID', '887'), ('VSCODE_GIT_ASKPASS_NODE', '/usr/share/code/code'), ('SYSTEMD_EXEC_PID', '1152'), ('DBUS_SESSION_BUS_ADDRESS', 'unix:path=/run/user/1000/bus'), ('P9K_TTY', 'old'), ('GIO_LAUNCHED_DESKTOP_FILE_PID', '3260'), ('COLORTERM', 'truecolor'), ('_CE_M', ''), ('WAYLAND_DISPLAY', 'wayland-0'), ('INFOPATH', ''), ('ROS_DISTRO', 'humble'), ('COLCON_PREFIX_PATH', '/home/martina/rp_project/robot-programming-project/install'), ('LOGNAME', 'martina'), ('_', '/usr/bin/colcon'), ('JOURNAL_STREAM', '8:11413'), ('_P9K_SSH_TTY', '/dev/pts/2'), ('XDG_SESSION_CLASS', 'user'), ('USER_ZDOTDIR', '/home/martina'), ('ROS_VERSION', '2'), ('USERNAME', 'martina'), ('TERM', 'xterm-256color'), ('GNOME_DESKTOP_SESSION_ID', 'this-is-deprecated'), ('_CE_CONDA', ''), ('ROS_LOCALHOST_ONLY', '0'), ('PATH', '/opt/ros/humble/bin:/home/martina/.local/bin:/home/martina/.local/bin:/usr/lib/ccache:.:/home/martina/.mujoco/mujoco210/bin:/usr/lib/nvidia:/home/martina/anaconda3/condabin:/home/martina/bin:/home/martina/.local/bin:/usr/local/sbin:/usr/local/bin:/usr/sbin:/usr/bin:/sbin:/bin:/usr/games:/usr/local/games:/snap/bin:/home/martina/.cache/zsh4humans/v5/fzf/bin:/home/martina/other/install/bin'), ('SESSION_MANAGER', 'local/Martina-ThinkPad-X1-Yoga:@/tmp/.ICE-unix/1105,unix/Martina-ThinkPad-X1-Yoga:/tmp/.ICE-unix/1105'), ('INVOCATION_ID', 'abb78b4b018940349bd4da4c8fed9753'), ('LC_ADDRESS', 'it_IT.UTF-8'), ('XDG_RUNTIME_DIR', '/run/user/1000'), ('XDG_MENU_PREFIX', 'gnome-'), ('GNOME_SETUP_DISPLAY', ':1'), ('GDK_BACKEND', 'x11'), ('DISPLAY', ':0'), ('LANG', 'en_US.UTF-8'), ('LC_TELEPHONE', 'it_IT.UTF-8'), ('XDG_CURRENT_DESKTOP', 'Unity'), ('VSCODE_INJECTION', '1'), ('LD_PRELOAD', ':/usr/lib/x86_64-linux-gnu/libGLEW.so'), ('XDG_SESSION_DESKTOP', 'ubuntu'), ('XMODIFIERS', '@im=ibus'), ('XAUTHORITY', '/run/user/1000/.mutter-Xwaylandauth.L52E22'), ('TERM_PROGRAM', 'vscode'), ('VSCODE_GIT_IPC_HANDLE', '/run/user/1000/vscode-git-f640f2b3f6.sock'), ('LS_COLORS', 'fi=00:mi=00:mh=00:ln=01;36:or=01;31:di=01;34:ow=04;01;34:st=34:tw=04;34:pi=01;33:so=01;33:do=01;33:bd=01;33:cd=01;33:su=01;35:sg=01;35:ca=01;35:ex=01;32:no=38;5;248'), ('TREE_COLORS', 'fi=00:mi=00:mh=00:ln=01;36:or=01;31:di=01;34:ow=01;34:st=34:tw=34:pi=01;33:so=01;33:do=01;33:bd=01;33:cd=01;33:su=01;35:sg=01;35:ca=01;35:ex=01;32'), ('SSH_AGENT_LAUNCHER', 'gnome-keyring'), ('SSH_AUTH_SOCK', '/run/user/1000/keyring/ssh'), ('ORIGINAL_XDG_CURRENT_DESKTOP', 'ubuntu:GNOME'), ('CONDA_PYTHON_EXE', '/home/martina/anaconda3/bin/python'), ('AMENT_PREFIX_PATH', '/home/martina/rp_project/robot-programming-project/install/simple_robot:/opt/ros/humble'), ('LC_NAME', 'it_IT.UTF-8'), ('SHELL', '/usr/local/bin/zsh'), ('DEST', '/home/martina/other/install'), ('QT_ACCESSIBILITY', '1'), ('GDMSESSION', 'ubuntu'), ('CONDA_DEFAULT_ENV', 'base'), ('LC_MEASUREMENT', 'it_IT.UTF-8'), ('LC_IDENTIFICATION', 'it_IT.UTF-8'), ('GJS_DEBUG_OUTPUT', 'stderr'), ('P9K_SSH', '0'), ('QT_IM_MODULE', 'ibus'), ('VSCODE_GIT_ASKPASS_EXTRA_ARGS', ''), ('VSCODE_NONCE', 'f672ca6a-f6db-4411-8134-b3ad71667d44'), ('LC_ALL', 'en_US.UTF-8'), ('PWD', '/home/martina/rp_project/robot-programming-project/src/simple_robot/build/simple_robot'), ('GPG_TTY', '/dev/pts/2'), ('XDG_DATA_DIRS', '/usr/local/share/:/usr/share/:/var/lib/snapd/desktop'), ('ZDOTDIR', '/home/martina'), ('_P9K_TTY', '/dev/pts/2'), ('CONDA_EXE', '/home/martina/anaconda3/bin/conda'), ('LC_NUMERIC', 'it_IT.UTF-8'), ('PYTHONPATH', '/opt/ros/humble/lib/python3.10/site-packages:/opt/ros/humble/local/lib/python3.10/dist-packages:/home/martina/other/install/lib/python3.10/site-packages/'), ('LC_PAPER', 'it_IT.UTF-8'), ('CONDA_PREFIX', '/home/martina/anaconda3'), ('COLCON', '1'), ('MANPATH', '/usr/local/share/man:/home/martina/.cache/zsh4humans/v5/fzf/man:'), ('CMAKE_PREFIX_PATH', '/home/martina/rp_project/robot-programming-project/install/simple_robot:/opt/ros/humble')]), 'shell': False}
[4.335432] (-) TimerEvent: {}
[4.439615] (-) TimerEvent: {}
[4.487609] (simple_robot) StdoutLine: {'line': b'\x1b[35m\x1b[1mConsolidate compiler generated dependencies of target grid_map\x1b[0m\n'}
[4.491894] (simple_robot) StdoutLine: {'line': b'\x1b[35m\x1b[1mConsolidate compiler generated dependencies of target robot_map_node\x1b[0m\n'}
[4.541526] (-) TimerEvent: {}
[4.604350] (simple_robot) StdoutLine: {'line': b'[  8%] \x1b[32mBuilding CXX object src/CMakeFiles/grid_map.dir/main.cpp.o\x1b[0m\n'}
[4.642598] (-) TimerEvent: {}
[4.652509] (simple_robot) StdoutLine: {'line': b'[ 16%] \x1b[32mBuilding CXX object CMakeFiles/robot_map_node.dir/src/main.cpp.o\x1b[0m\n'}
[4.742722] (-) TimerEvent: {}
[4.843366] (-) TimerEvent: {}
[4.946922] (-) TimerEvent: {}
[5.047781] (-) TimerEvent: {}
[5.148254] (-) TimerEvent: {}
[5.250381] (-) TimerEvent: {}
[5.350800] (-) TimerEvent: {}
[5.451961] (-) TimerEvent: {}
[5.553679] (-) TimerEvent: {}
[5.656039] (-) TimerEvent: {}
[5.760139] (-) TimerEvent: {}
[5.862905] (-) TimerEvent: {}
[5.963357] (-) TimerEvent: {}
[6.065754] (-) TimerEvent: {}
[6.166272] (-) TimerEvent: {}
[6.268908] (-) TimerEvent: {}
[6.369465] (-) TimerEvent: {}
[6.470020] (-) TimerEvent: {}
[6.571925] (-) TimerEvent: {}
[6.676918] (-) TimerEvent: {}
[6.777329] (-) TimerEvent: {}
[6.881966] (-) TimerEvent: {}
[6.983609] (-) TimerEvent: {}
[7.085205] (-) TimerEvent: {}
[7.186110] (-) TimerEvent: {}
[7.289914] (-) TimerEvent: {}
[7.390442] (-) TimerEvent: {}
[7.492909] (-) TimerEvent: {}
[7.593425] (-) TimerEvent: {}
[7.694650] (-) TimerEvent: {}
[7.796902] (-) TimerEvent: {}
[7.897684] (-) TimerEvent: {}
[8.000326] (-) TimerEvent: {}
[8.106058] (-) TimerEvent: {}
[8.208460] (-) TimerEvent: {}
[8.310935] (-) TimerEvent: {}
[8.414458] (-) TimerEvent: {}
[8.515909] (-) TimerEvent: {}
[8.618374] (-) TimerEvent: {}
[8.720001] (-) TimerEvent: {}
[8.822937] (-) TimerEvent: {}
[8.925915] (-) TimerEvent: {}
[9.027932] (-) TimerEvent: {}
[9.128444] (-) TimerEvent: {}
[9.233656] (-) TimerEvent: {}
[9.334166] (-) TimerEvent: {}
[9.435091] (-) TimerEvent: {}
[9.537392] (-) TimerEvent: {}
[9.639123] (-) TimerEvent: {}
[9.741919] (-) TimerEvent: {}
[9.842399] (-) TimerEvent: {}
[9.951125] (-) TimerEvent: {}
[10.051597] (-) TimerEvent: {}
[10.155744] (-) TimerEvent: {}
[10.258078] (-) TimerEvent: {}
[10.358852] (-) TimerEvent: {}
[10.460882] (-) TimerEvent: {}
[10.563190] (-) TimerEvent: {}
[10.666370] (-) TimerEvent: {}
[10.768869] (-) TimerEvent: {}
[10.869746] (-) TimerEvent: {}
[10.971327] (-) TimerEvent: {}
[11.074361] (-) TimerEvent: {}
[11.177633] (-) TimerEvent: {}
[11.278266] (-) TimerEvent: {}
[11.382155] (-) TimerEvent: {}
[11.482683] (-) TimerEvent: {}
[11.584932] (-) TimerEvent: {}
[11.686035] (-) TimerEvent: {}
[11.786609] (-) TimerEvent: {}
[11.893301] (-) TimerEvent: {}
[11.994928] (-) TimerEvent: {}
[12.095821] (-) TimerEvent: {}
[12.199870] (-) TimerEvent: {}
[12.300348] (-) TimerEvent: {}
[12.403938] (-) TimerEvent: {}
[12.504485] (-) TimerEvent: {}
[12.605326] (-) TimerEvent: {}
[12.706153] (-) TimerEvent: {}
[12.806872] (-) TimerEvent: {}
[12.907512] (-) TimerEvent: {}
[13.008217] (-) TimerEvent: {}
[13.112933] (-) TimerEvent: {}
[13.213429] (-) TimerEvent: {}
[13.313988] (-) TimerEvent: {}
[13.417792] (-) TimerEvent: {}
[13.518388] (-) TimerEvent: {}
[13.619061] (-) TimerEvent: {}
[13.721037] (-) TimerEvent: {}
[13.822475] (-) TimerEvent: {}
[13.927420] (-) TimerEvent: {}
[14.027948] (-) TimerEvent: {}
[14.129857] (-) TimerEvent: {}
[14.231109] (-) TimerEvent: {}
[14.335025] (-) TimerEvent: {}
[14.435733] (-) TimerEvent: {}
[14.536534] (-) TimerEvent: {}
[14.640179] (-) TimerEvent: {}
[14.741919] (-) TimerEvent: {}
[14.846912] (-) TimerEvent: {}
[14.951913] (-) TimerEvent: {}
[15.052409] (-) TimerEvent: {}
[15.152910] (-) TimerEvent: {}
[15.255209] (-) TimerEvent: {}
[15.357925] (-) TimerEvent: {}
[15.459916] (-) TimerEvent: {}
[15.560459] (-) TimerEvent: {}
[15.660919] (-) TimerEvent: {}
[15.762926] (-) TimerEvent: {}
[15.864928] (-) TimerEvent: {}
[15.965369] (-) TimerEvent: {}
[16.068480] (-) TimerEvent: {}
[16.169489] (-) TimerEvent: {}
[16.270361] (-) TimerEvent: {}
[16.372412] (-) TimerEvent: {}
[16.478112] (-) TimerEvent: {}
[16.578604] (-) TimerEvent: {}
[16.679610] (-) TimerEvent: {}
[16.785921] (-) TimerEvent: {}
[16.886399] (-) TimerEvent: {}
[16.986929] (-) TimerEvent: {}
[17.089111] (-) TimerEvent: {}
[17.192924] (-) TimerEvent: {}
[17.295920] (-) TimerEvent: {}
[17.396913] (-) TimerEvent: {}
[17.497851] (-) TimerEvent: {}
[17.598338] (-) TimerEvent: {}
[17.700752] (-) TimerEvent: {}
[17.801239] (-) TimerEvent: {}
[17.902606] (-) TimerEvent: {}
[18.005572] (-) TimerEvent: {}
[18.106629] (-) TimerEvent: {}
[18.209508] (-) TimerEvent: {}
[18.311140] (-) TimerEvent: {}
[18.418928] (-) TimerEvent: {}
[18.519924] (-) TimerEvent: {}
[18.620500] (-) TimerEvent: {}
[18.723424] (-) TimerEvent: {}
[18.823913] (-) TimerEvent: {}
[18.931778] (-) TimerEvent: {}
[19.034959] (-) TimerEvent: {}
[19.137903] (-) TimerEvent: {}
[19.238690] (-) TimerEvent: {}
[19.343344] (-) TimerEvent: {}
[19.449517] (-) TimerEvent: {}
[19.553925] (-) TimerEvent: {}
[19.654444] (-) TimerEvent: {}
[19.756862] (-) TimerEvent: {}
[19.859030] (-) TimerEvent: {}
[19.960029] (-) TimerEvent: {}
[20.063952] (-) TimerEvent: {}
[20.164472] (-) TimerEvent: {}
[20.265091] (-) TimerEvent: {}
[20.368217] (-) TimerEvent: {}
[20.469990] (-) TimerEvent: {}
[20.573662] (-) TimerEvent: {}
[20.675097] (-) TimerEvent: {}
[20.777206] (-) TimerEvent: {}
[20.880510] (-) TimerEvent: {}
[20.982416] (-) TimerEvent: {}
[21.086192] (-) TimerEvent: {}
[21.188045] (-) TimerEvent: {}
[21.288575] (-) TimerEvent: {}
[21.389371] (-) TimerEvent: {}
[21.490908] (-) TimerEvent: {}
[21.593748] (-) TimerEvent: {}
[21.695312] (-) TimerEvent: {}
[21.798908] (-) TimerEvent: {}
[21.904261] (-) TimerEvent: {}
[22.006086] (-) TimerEvent: {}
[22.113354] (-) TimerEvent: {}
[22.214160] (-) TimerEvent: {}
[22.314557] (-) TimerEvent: {}
[22.416551] (-) TimerEvent: {}
[22.517340] (-) TimerEvent: {}
[22.618134] (-) TimerEvent: {}
[22.716748] (simple_robot) StderrLine: {'line': b'gmake[2]: *** [CMakeFiles/robot_map_node.dir/build.make:132: CMakeFiles/robot_map_node.dir/src/main.cpp.o] Interrupt\n'}
[22.718639] (simple_robot) StderrLine: {'line': b'gmake[1]: *** [CMakeFiles/Makefile2:154: CMakeFiles/robot_map_node.dir/all] Interrupt\n'}
[22.718981] (-) TimerEvent: {}
[22.728246] (simple_robot) StderrLine: {'line': b'gmake[2]: *** [src/CMakeFiles/grid_map.dir/build.make:132: src/CMakeFiles/grid_map.dir/main.cpp.o] Interrupt\n'}
[22.729063] (simple_robot) StderrLine: {'line': b'gmake[1]: *** [CMakeFiles/Makefile2:180: src/CMakeFiles/grid_map.dir/all] Interrupt\n'}
[22.737374] (simple_robot) StderrLine: {'line': b'gmake: *** [Makefile:146: all] Interrupt\n'}
[22.819124] (-) TimerEvent: {}
[22.827360] (simple_robot) CommandEnded: {'returncode': -2}
[22.864011] (simple_robot) JobEnded: {'identifier': 'simple_robot', 'rc': 'SIGINT'}
[22.875567] (-) EventReactorShutdown: {}
