[0.000000] (-) TimerEvent: {}
[0.000803] (simple_robot) JobQueued: {'identifier': 'simple_robot', 'dependencies': OrderedDict()}
[0.000911] (simple_robot) JobStarted: {'identifier': 'simple_robot'}
[0.021603] (simple_robot) JobProgress: {'identifier': 'simple_robot', 'progress': 'cmake'}
[0.022284] (simple_robot) Command: {'cmd': ['/usr/bin/cmake', '/home/martina/rp_project/robot-programming-project/src/simple_robot', '-DCMAKE_INSTALL_PREFIX=/home/martina/rp_project/robot-programming-project/src/simple_robot/install/simple_robot'], 'cwd': '/home/martina/rp_project/robot-programming-project/src/simple_robot/build/simple_robot', 'env': OrderedDict([('GJS_DEBUG_TOPICS', 'JS ERROR;JS LOG'), ('LESSOPEN', '| /usr/bin/env /usr/bin/lesspipe %s 2>/dev/null'), ('CONDA_PROMPT_MODIFIER', '(base)'), ('LC_TIME', 'it_IT.UTF-8'), ('USER', 'martina'), ('XDG_SESSION_TYPE', 'wayland'), ('GIT_ASKPASS', '/usr/share/code/resources/app/extensions/git/dist/askpass.sh'), ('SHLVL', '2'), ('LD_LIBRARY_PATH', '/opt/ros/humble/opt/rviz_ogre_vendor/lib:/opt/ros/humble/lib/x86_64-linux-gnu:/opt/ros/humble/lib::/home/martina/.mujoco/mujoco210/bin:/usr/lib/nvidia:~/anaconda3/lib'), ('HOME', '/home/martina'), ('OLDPWD', '/home/martina/rp_project/robot-programming-project/src/simple_robot'), ('CHROME_DESKTOP', 'code.desktop'), ('TERMINFO', '/home/martina/.terminfo'), ('LESS', '-iRFXMx4'), ('CONDA_SHLVL', '1'), ('DESKTOP_SESSION', 'ubuntu'), ('TERM_PROGRAM_VERSION', '1.97.2'), ('GIO_LAUNCHED_DESKTOP_FILE', '/usr/share/applications/code.desktop'), ('LSCOLORS', 'ExGxDxDxCxDxDxFxFxexEx'), ('GTK_MODULES', 'gail:atk-bridge'), ('GNOME_SHELL_SESSION_MODE', 'ubuntu'), ('VSCODE_GIT_ASKPASS_MAIN', '/usr/share/code/resources/app/extensions/git/dist/askpass-main.js'), ('PAGER', 'less'), ('ROS_PYTHON_VERSION', '3'), ('LC_MONETARY', 'it_IT.UTF-8'), ('MANAGERPID', '887'), ('VSCODE_GIT_ASKPASS_NODE', '/usr/share/code/code'), ('SYSTEMD_EXEC_PID', '1152'), ('DBUS_SESSION_BUS_ADDRESS', 'unix:path=/run/user/1000/bus'), ('P9K_TTY', 'old'), ('GIO_LAUNCHED_DESKTOP_FILE_PID', '3260'), ('COLORTERM', 'truecolor'), ('_CE_M', ''), ('WAYLAND_DISPLAY', 'wayland-0'), ('INFOPATH', ''), ('ROS_DISTRO', 'humble'), ('COLCON_PREFIX_PATH', '/home/martina/rp_project/robot-programming-project/install'), ('LOGNAME', 'martina'), ('_', '/usr/bin/colcon'), ('JOURNAL_STREAM', '8:11413'), ('_P9K_SSH_TTY', '/dev/pts/2'), ('XDG_SESSION_CLASS', 'user'), ('USER_ZDOTDIR', '/home/martina'), ('ROS_VERSION', '2'), ('USERNAME', 'martina'), ('TERM', 'xterm-256color'), ('GNOME_DESKTOP_SESSION_ID', 'this-is-deprecated'), ('_CE_CONDA', ''), ('ROS_LOCALHOST_ONLY', '0'), ('PATH', '/opt/ros/humble/bin:/home/martina/.local/bin:/home/martina/.local/bin:/usr/lib/ccache:.:/home/martina/.mujoco/mujoco210/bin:/usr/lib/nvidia:/home/martina/anaconda3/condabin:/home/martina/bin:/home/martina/.local/bin:/usr/local/sbin:/usr/local/bin:/usr/sbin:/usr/bin:/sbin:/bin:/usr/games:/usr/local/games:/snap/bin:/home/martina/.cache/zsh4humans/v5/fzf/bin:/home/martina/other/install/bin'), ('SESSION_MANAGER', 'local/Martina-ThinkPad-X1-Yoga:@/tmp/.ICE-unix/1105,unix/Martina-ThinkPad-X1-Yoga:/tmp/.ICE-unix/1105'), ('INVOCATION_ID', 'abb78b4b018940349bd4da4c8fed9753'), ('LC_ADDRESS', 'it_IT.UTF-8'), ('XDG_RUNTIME_DIR', '/run/user/1000'), ('XDG_MENU_PREFIX', 'gnome-'), ('GNOME_SETUP_DISPLAY', ':1'), ('GDK_BACKEND', 'x11'), ('DISPLAY', ':0'), ('LANG', 'en_US.UTF-8'), ('LC_TELEPHONE', 'it_IT.UTF-8'), ('XDG_CURRENT_DESKTOP', 'Unity'), ('VSCODE_INJECTION', '1'), ('LD_PRELOAD', ':/usr/lib/x86_64-linux-gnu/libGLEW.so'), ('XDG_SESSION_DESKTOP', 'ubuntu'), ('XMODIFIERS', '@im=ibus'), ('XAUTHORITY', '/run/user/1000/.mutter-Xwaylandauth.L52E22'), ('TERM_PROGRAM', 'vscode'), ('VSCODE_GIT_IPC_HANDLE', '/run/user/1000/vscode-git-f640f2b3f6.sock'), ('LS_COLORS', 'fi=00:mi=00:mh=00:ln=01;36:or=01;31:di=01;34:ow=04;01;34:st=34:tw=04;34:pi=01;33:so=01;33:do=01;33:bd=01;33:cd=01;33:su=01;35:sg=01;35:ca=01;35:ex=01;32:no=38;5;248'), ('TREE_COLORS', 'fi=00:mi=00:mh=00:ln=01;36:or=01;31:di=01;34:ow=01;34:st=34:tw=34:pi=01;33:so=01;33:do=01;33:bd=01;33:cd=01;33:su=01;35:sg=01;35:ca=01;35:ex=01;32'), ('SSH_AGENT_LAUNCHER', 'gnome-keyring'), ('SSH_AUTH_SOCK', '/run/user/1000/keyring/ssh'), ('ORIGINAL_XDG_CURRENT_DESKTOP', 'ubuntu:GNOME'), ('CONDA_PYTHON_EXE', '/home/martina/anaconda3/bin/python'), ('AMENT_PREFIX_PATH', '/home/martina/rp_project/robot-programming-project/install/simple_robot:/opt/ros/humble'), ('LC_NAME', 'it_IT.UTF-8'), ('SHELL', '/usr/local/bin/zsh'), ('DEST', '/home/martina/other/install'), ('QT_ACCESSIBILITY', '1'), ('GDMSESSION', 'ubuntu'), ('CONDA_DEFAULT_ENV', 'base'), ('LC_MEASUREMENT', 'it_IT.UTF-8'), ('LC_IDENTIFICATION', 'it_IT.UTF-8'), ('GJS_DEBUG_OUTPUT', 'stderr'), ('P9K_SSH', '0'), ('QT_IM_MODULE', 'ibus'), ('VSCODE_GIT_ASKPASS_EXTRA_ARGS', ''), ('VSCODE_NONCE', '052e925b-acb5-444f-b870-f20c06506941'), ('LC_ALL', 'en_US.UTF-8'), ('PWD', '/home/martina/rp_project/robot-programming-project/src/simple_robot/build/simple_robot'), ('GPG_TTY', '/dev/pts/2'), ('XDG_DATA_DIRS', '/usr/local/share/:/usr/share/:/var/lib/snapd/desktop'), ('ZDOTDIR', '/home/martina'), ('_P9K_TTY', '/dev/pts/2'), ('CONDA_EXE', '/home/martina/anaconda3/bin/conda'), ('LC_NUMERIC', 'it_IT.UTF-8'), ('PYTHONPATH', '/opt/ros/humble/lib/python3.10/site-packages:/opt/ros/humble/local/lib/python3.10/dist-packages:/home/martina/other/install/lib/python3.10/site-packages/'), ('LC_PAPER', 'it_IT.UTF-8'), ('CONDA_PREFIX', '/home/martina/anaconda3'), ('COLCON', '1'), ('MANPATH', '/usr/local/share/man:/home/martina/.cache/zsh4humans/v5/fzf/man:'), ('CMAKE_PREFIX_PATH', '/home/martina/rp_project/robot-programming-project/install/simple_robot:/opt/ros/humble')]), 'shell': False}
[0.101483] (-) TimerEvent: {}
[0.204346] (-) TimerEvent: {}
[0.236480] (simple_robot) StdoutLine: {'line': b'-- The C compiler identification is GNU 11.4.0\n'}
[0.305971] (-) TimerEvent: {}
[0.406632] (-) TimerEvent: {}
[0.488848] (simple_robot) StdoutLine: {'line': b'-- The CXX compiler identification is GNU 11.4.0\n'}
[0.508517] (-) TimerEvent: {}
[0.603997] (simple_robot) StdoutLine: {'line': b'-- Detecting C compiler ABI info\n'}
[0.609502] (-) TimerEvent: {}
[0.710759] (-) TimerEvent: {}
[0.812608] (-) TimerEvent: {}
[0.913034] (-) TimerEvent: {}
[0.962566] (simple_robot) StdoutLine: {'line': b'-- Detecting C compiler ABI info - done\n'}
[0.962895] (simple_robot) StdoutLine: {'line': b'-- Check for working C compiler: /usr/lib/ccache/cc - skipped\n'}
[0.963076] (simple_robot) StdoutLine: {'line': b'-- Detecting C compile features\n'}
[0.963237] (simple_robot) StdoutLine: {'line': b'-- Detecting C compile features - done\n'}
[0.963890] (simple_robot) StdoutLine: {'line': b'-- Detecting CXX compiler ABI info\n'}
[1.014078] (-) TimerEvent: {}
[1.114584] (-) TimerEvent: {}
[1.179920] (simple_robot) StdoutLine: {'line': b'-- Detecting CXX compiler ABI info - done\n'}
[1.202021] (simple_robot) StdoutLine: {'line': b'-- Check for working CXX compiler: /usr/lib/ccache/c++ - skipped\n'}
[1.204082] (simple_robot) StdoutLine: {'line': b'-- Detecting CXX compile features\n'}
[1.206374] (simple_robot) StdoutLine: {'line': b'-- Detecting CXX compile features - done\n'}
[1.214760] (-) TimerEvent: {}
[1.262393] (simple_robot) StdoutLine: {'line': b'-- Found OpenCV: /usr (found suitable version "4.5.4", minimum required is "4.5.4") \n'}
[1.268495] (simple_robot) StdoutLine: {'line': b'-- Found ament_cmake: 1.3.11 (/opt/ros/humble/share/ament_cmake/cmake)\n'}
[1.314866] (-) TimerEvent: {}
[1.415782] (-) TimerEvent: {}
[1.516806] (-) TimerEvent: {}
[1.617174] (-) TimerEvent: {}
[1.631496] (simple_robot) StdoutLine: {'line': b'-- Found Python3: /usr/bin/python3 (found version "3.10.12") found components: Interpreter \n'}
[1.717296] (-) TimerEvent: {}
[1.818584] (-) TimerEvent: {}
[1.845011] (simple_robot) StdoutLine: {'line': b'-- Found rclcpp: 16.0.11 (/opt/ros/humble/share/rclcpp/cmake)\n'}
[1.918956] (-) TimerEvent: {}
[1.951842] (simple_robot) StdoutLine: {'line': b'-- Found rosidl_generator_c: 3.1.6 (/opt/ros/humble/share/rosidl_generator_c/cmake)\n'}
[1.966743] (simple_robot) StdoutLine: {'line': b'-- Found rosidl_adapter: 3.1.6 (/opt/ros/humble/share/rosidl_adapter/cmake)\n'}
[1.991694] (simple_robot) StdoutLine: {'line': b'-- Found rosidl_generator_cpp: 3.1.6 (/opt/ros/humble/share/rosidl_generator_cpp/cmake)\n'}
[2.019303] (-) TimerEvent: {}
[2.030996] (simple_robot) StdoutLine: {'line': b'-- Using all available rosidl_typesupport_c: rosidl_typesupport_fastrtps_c;rosidl_typesupport_introspection_c\n'}
[2.083261] (simple_robot) StdoutLine: {'line': b'-- Using all available rosidl_typesupport_cpp: rosidl_typesupport_fastrtps_cpp;rosidl_typesupport_introspection_cpp\n'}
[2.119452] (-) TimerEvent: {}
[2.210435] (simple_robot) StdoutLine: {'line': b'-- Found rmw_implementation_cmake: 6.1.2 (/opt/ros/humble/share/rmw_implementation_cmake/cmake)\n'}
[2.214287] (simple_robot) StdoutLine: {'line': b'-- Found rmw_fastrtps_cpp: 6.2.7 (/opt/ros/humble/share/rmw_fastrtps_cpp/cmake)\n'}
[2.220495] (-) TimerEvent: {}
[2.325436] (-) TimerEvent: {}
[2.426059] (-) TimerEvent: {}
[2.480192] (simple_robot) StdoutLine: {'line': b'-- Found OpenSSL: /usr/lib/x86_64-linux-gnu/libcrypto.so (found version "3.0.2")  \n'}
[2.526167] (-) TimerEvent: {}
[2.532165] (simple_robot) StdoutLine: {'line': b'-- Found FastRTPS: /opt/ros/humble/include  \n'}
[2.623713] (simple_robot) StdoutLine: {'line': b"-- Using RMW implementation 'rmw_fastrtps_cpp' as default\n"}
[2.626292] (-) TimerEvent: {}
[2.638537] (simple_robot) StdoutLine: {'line': b'-- Looking for pthread.h\n'}
[2.726456] (-) TimerEvent: {}
[2.789008] (simple_robot) StdoutLine: {'line': b'-- Looking for pthread.h - found\n'}
[2.789815] (simple_robot) StdoutLine: {'line': b'-- Performing Test CMAKE_HAVE_LIBC_PTHREAD\n'}
[2.826608] (-) TimerEvent: {}
[2.927309] (-) TimerEvent: {}
[2.949248] (simple_robot) StdoutLine: {'line': b'-- Performing Test CMAKE_HAVE_LIBC_PTHREAD - Success\n'}
[2.951253] (simple_robot) StdoutLine: {'line': b'-- Found Threads: TRUE  \n'}
[3.027423] (-) TimerEvent: {}
[3.065103] (simple_robot) StdoutLine: {'line': b'-- Found geometry_msgs: 4.2.4 (/opt/ros/humble/share/geometry_msgs/cmake)\n'}
[3.096685] (simple_robot) StdoutLine: {'line': b'-- Found sensor_msgs: 4.2.4 (/opt/ros/humble/share/sensor_msgs/cmake)\n'}
[3.127545] (-) TimerEvent: {}
[3.129559] (simple_robot) StdoutLine: {'line': b'-- Found nav_msgs: 4.2.4 (/opt/ros/humble/share/nav_msgs/cmake)\n'}
[3.166674] (simple_robot) StdoutLine: {'line': b'-- Found OpenCV: /usr (found version "4.5.4") \n'}
[3.227661] (-) TimerEvent: {}
[3.328051] (-) TimerEvent: {}
[3.342590] (simple_robot) StdoutLine: {'line': b'-- DATA_DIR: /home/martina/rp_project/robot-programming-project/src/simple_robot/data\n'}
[3.343829] (simple_robot) StdoutLine: {'line': b'-- Configuring done\n'}
[3.410974] (simple_robot) StdoutLine: {'line': b'-- Generating done\n'}
[3.430442] (simple_robot) StdoutLine: {'line': b'-- Build files have been written to: /home/martina/rp_project/robot-programming-project/src/simple_robot/build/simple_robot\n'}
[3.430774] (-) TimerEvent: {}
[3.459545] (simple_robot) CommandEnded: {'returncode': 0}
[3.460666] (simple_robot) JobProgress: {'identifier': 'simple_robot', 'progress': 'build'}
[3.460751] (simple_robot) Command: {'cmd': ['/usr/bin/cmake', '--build', '/home/martina/rp_project/robot-programming-project/src/simple_robot/build/simple_robot', '--', '-j4', '-l4'], 'cwd': '/home/martina/rp_project/robot-programming-project/src/simple_robot/build/simple_robot', 'env': OrderedDict([('GJS_DEBUG_TOPICS', 'JS ERROR;JS LOG'), ('LESSOPEN', '| /usr/bin/env /usr/bin/lesspipe %s 2>/dev/null'), ('CONDA_PROMPT_MODIFIER', '(base)'), ('LC_TIME', 'it_IT.UTF-8'), ('USER', 'martina'), ('XDG_SESSION_TYPE', 'wayland'), ('GIT_ASKPASS', '/usr/share/code/resources/app/extensions/git/dist/askpass.sh'), ('SHLVL', '2'), ('LD_LIBRARY_PATH', '/opt/ros/humble/opt/rviz_ogre_vendor/lib:/opt/ros/humble/lib/x86_64-linux-gnu:/opt/ros/humble/lib::/home/martina/.mujoco/mujoco210/bin:/usr/lib/nvidia:~/anaconda3/lib'), ('HOME', '/home/martina'), ('OLDPWD', '/home/martina/rp_project/robot-programming-project/src/simple_robot'), ('CHROME_DESKTOP', 'code.desktop'), ('TERMINFO', '/home/martina/.terminfo'), ('LESS', '-iRFXMx4'), ('CONDA_SHLVL', '1'), ('DESKTOP_SESSION', 'ubuntu'), ('TERM_PROGRAM_VERSION', '1.97.2'), ('GIO_LAUNCHED_DESKTOP_FILE', '/usr/share/applications/code.desktop'), ('LSCOLORS', 'ExGxDxDxCxDxDxFxFxexEx'), ('GTK_MODULES', 'gail:atk-bridge'), ('GNOME_SHELL_SESSION_MODE', 'ubuntu'), ('VSCODE_GIT_ASKPASS_MAIN', '/usr/share/code/resources/app/extensions/git/dist/askpass-main.js'), ('PAGER', 'less'), ('ROS_PYTHON_VERSION', '3'), ('LC_MONETARY', 'it_IT.UTF-8'), ('MANAGERPID', '887'), ('VSCODE_GIT_ASKPASS_NODE', '/usr/share/code/code'), ('SYSTEMD_EXEC_PID', '1152'), ('DBUS_SESSION_BUS_ADDRESS', 'unix:path=/run/user/1000/bus'), ('P9K_TTY', 'old'), ('GIO_LAUNCHED_DESKTOP_FILE_PID', '3260'), ('COLORTERM', 'truecolor'), ('_CE_M', ''), ('WAYLAND_DISPLAY', 'wayland-0'), ('INFOPATH', ''), ('ROS_DISTRO', 'humble'), ('COLCON_PREFIX_PATH', '/home/martina/rp_project/robot-programming-project/install'), ('LOGNAME', 'martina'), ('_', '/usr/bin/colcon'), ('JOURNAL_STREAM', '8:11413'), ('_P9K_SSH_TTY', '/dev/pts/2'), ('XDG_SESSION_CLASS', 'user'), ('USER_ZDOTDIR', '/home/martina'), ('ROS_VERSION', '2'), ('USERNAME', 'martina'), ('TERM', 'xterm-256color'), ('GNOME_DESKTOP_SESSION_ID', 'this-is-deprecated'), ('_CE_CONDA', ''), ('ROS_LOCALHOST_ONLY', '0'), ('PATH', '/opt/ros/humble/bin:/home/martina/.local/bin:/home/martina/.local/bin:/usr/lib/ccache:.:/home/martina/.mujoco/mujoco210/bin:/usr/lib/nvidia:/home/martina/anaconda3/condabin:/home/martina/bin:/home/martina/.local/bin:/usr/local/sbin:/usr/local/bin:/usr/sbin:/usr/bin:/sbin:/bin:/usr/games:/usr/local/games:/snap/bin:/home/martina/.cache/zsh4humans/v5/fzf/bin:/home/martina/other/install/bin'), ('SESSION_MANAGER', 'local/Martina-ThinkPad-X1-Yoga:@/tmp/.ICE-unix/1105,unix/Martina-ThinkPad-X1-Yoga:/tmp/.ICE-unix/1105'), ('INVOCATION_ID', 'abb78b4b018940349bd4da4c8fed9753'), ('LC_ADDRESS', 'it_IT.UTF-8'), ('XDG_RUNTIME_DIR', '/run/user/1000'), ('XDG_MENU_PREFIX', 'gnome-'), ('GNOME_SETUP_DISPLAY', ':1'), ('GDK_BACKEND', 'x11'), ('DISPLAY', ':0'), ('LANG', 'en_US.UTF-8'), ('LC_TELEPHONE', 'it_IT.UTF-8'), ('XDG_CURRENT_DESKTOP', 'Unity'), ('VSCODE_INJECTION', '1'), ('LD_PRELOAD', ':/usr/lib/x86_64-linux-gnu/libGLEW.so'), ('XDG_SESSION_DESKTOP', 'ubuntu'), ('XMODIFIERS', '@im=ibus'), ('XAUTHORITY', '/run/user/1000/.mutter-Xwaylandauth.L52E22'), ('TERM_PROGRAM', 'vscode'), ('VSCODE_GIT_IPC_HANDLE', '/run/user/1000/vscode-git-f640f2b3f6.sock'), ('LS_COLORS', 'fi=00:mi=00:mh=00:ln=01;36:or=01;31:di=01;34:ow=04;01;34:st=34:tw=04;34:pi=01;33:so=01;33:do=01;33:bd=01;33:cd=01;33:su=01;35:sg=01;35:ca=01;35:ex=01;32:no=38;5;248'), ('TREE_COLORS', 'fi=00:mi=00:mh=00:ln=01;36:or=01;31:di=01;34:ow=01;34:st=34:tw=34:pi=01;33:so=01;33:do=01;33:bd=01;33:cd=01;33:su=01;35:sg=01;35:ca=01;35:ex=01;32'), ('SSH_AGENT_LAUNCHER', 'gnome-keyring'), ('SSH_AUTH_SOCK', '/run/user/1000/keyring/ssh'), ('ORIGINAL_XDG_CURRENT_DESKTOP', 'ubuntu:GNOME'), ('CONDA_PYTHON_EXE', '/home/martina/anaconda3/bin/python'), ('AMENT_PREFIX_PATH', '/home/martina/rp_project/robot-programming-project/install/simple_robot:/opt/ros/humble'), ('LC_NAME', 'it_IT.UTF-8'), ('SHELL', '/usr/local/bin/zsh'), ('DEST', '/home/martina/other/install'), ('QT_ACCESSIBILITY', '1'), ('GDMSESSION', 'ubuntu'), ('CONDA_DEFAULT_ENV', 'base'), ('LC_MEASUREMENT', 'it_IT.UTF-8'), ('LC_IDENTIFICATION', 'it_IT.UTF-8'), ('GJS_DEBUG_OUTPUT', 'stderr'), ('P9K_SSH', '0'), ('QT_IM_MODULE', 'ibus'), ('VSCODE_GIT_ASKPASS_EXTRA_ARGS', ''), ('VSCODE_NONCE', '052e925b-acb5-444f-b870-f20c06506941'), ('LC_ALL', 'en_US.UTF-8'), ('PWD', '/home/martina/rp_project/robot-programming-project/src/simple_robot/build/simple_robot'), ('GPG_TTY', '/dev/pts/2'), ('XDG_DATA_DIRS', '/usr/local/share/:/usr/share/:/var/lib/snapd/desktop'), ('ZDOTDIR', '/home/martina'), ('_P9K_TTY', '/dev/pts/2'), ('CONDA_EXE', '/home/martina/anaconda3/bin/conda'), ('LC_NUMERIC', 'it_IT.UTF-8'), ('PYTHONPATH', '/opt/ros/humble/lib/python3.10/site-packages:/opt/ros/humble/local/lib/python3.10/dist-packages:/home/martina/other/install/lib/python3.10/site-packages/'), ('LC_PAPER', 'it_IT.UTF-8'), ('CONDA_PREFIX', '/home/martina/anaconda3'), ('COLCON', '1'), ('MANPATH', '/usr/local/share/man:/home/martina/.cache/zsh4humans/v5/fzf/man:'), ('CMAKE_PREFIX_PATH', '/home/martina/rp_project/robot-programming-project/install/simple_robot:/opt/ros/humble')]), 'shell': False}
[3.535609] (-) TimerEvent: {}
[3.643459] (-) TimerEvent: {}
[3.692618] (simple_robot) StdoutLine: {'line': b'\x1b[35m\x1b[1mConsolidate compiler generated dependencies of target grid_map\x1b[0m\n'}
[3.736279] (simple_robot) StdoutLine: {'line': b'\x1b[35m\x1b[1mConsolidate compiler generated dependencies of target robot_map_node\x1b[0m\n'}
[3.745455] (-) TimerEvent: {}
[3.806515] (simple_robot) StdoutLine: {'line': b'[  8%] \x1b[32mBuilding CXX object src/CMakeFiles/grid_map.dir/main.cpp.o\x1b[0m\n'}
[3.845595] (-) TimerEvent: {}
[3.859215] (simple_robot) StdoutLine: {'line': b'[ 16%] \x1b[32mBuilding CXX object CMakeFiles/robot_map_node.dir/src/main.cpp.o\x1b[0m\n'}
[3.945736] (-) TimerEvent: {}
[4.049074] (-) TimerEvent: {}
[4.149440] (-) TimerEvent: {}
[4.249836] (-) TimerEvent: {}
[4.350228] (-) TimerEvent: {}
[4.451306] (-) TimerEvent: {}
[4.551806] (-) TimerEvent: {}
[4.652283] (-) TimerEvent: {}
[4.754450] (-) TimerEvent: {}
[4.854856] (-) TimerEvent: {}
[4.955286] (-) TimerEvent: {}
[5.055823] (-) TimerEvent: {}
[5.158097] (-) TimerEvent: {}
[5.258539] (-) TimerEvent: {}
[5.359016] (-) TimerEvent: {}
[5.460151] (-) TimerEvent: {}
[5.560629] (-) TimerEvent: {}
[5.661057] (-) TimerEvent: {}
[5.767804] (-) TimerEvent: {}
[5.868277] (-) TimerEvent: {}
[5.968861] (-) TimerEvent: {}
[6.069464] (-) TimerEvent: {}
[6.171284] (-) TimerEvent: {}
[6.272685] (-) TimerEvent: {}
[6.373469] (-) TimerEvent: {}
[6.474541] (-) TimerEvent: {}
[6.574936] (-) TimerEvent: {}
[6.675937] (-) TimerEvent: {}
[6.776453] (-) TimerEvent: {}
[6.876841] (-) TimerEvent: {}
[6.977960] (-) TimerEvent: {}
[7.078402] (-) TimerEvent: {}
[7.179435] (-) TimerEvent: {}
[7.280107] (-) TimerEvent: {}
[7.380575] (-) TimerEvent: {}
[7.480960] (-) TimerEvent: {}
[7.581592] (-) TimerEvent: {}
[7.681972] (-) TimerEvent: {}
[7.782383] (-) TimerEvent: {}
[7.882826] (-) TimerEvent: {}
[7.983719] (-) TimerEvent: {}
[8.084221] (-) TimerEvent: {}
[8.184630] (-) TimerEvent: {}
[8.287444] (-) TimerEvent: {}
[8.387849] (-) TimerEvent: {}
[8.488258] (-) TimerEvent: {}
[8.590270] (-) TimerEvent: {}
[8.692208] (-) TimerEvent: {}
[8.792641] (-) TimerEvent: {}
[8.893224] (-) TimerEvent: {}
[8.993787] (-) TimerEvent: {}
[9.094219] (-) TimerEvent: {}
[9.194610] (-) TimerEvent: {}
[9.295039] (-) TimerEvent: {}
[9.396780] (-) TimerEvent: {}
[9.497184] (-) TimerEvent: {}
[9.597601] (-) TimerEvent: {}
[9.698117] (-) TimerEvent: {}
[9.798740] (-) TimerEvent: {}
[9.899622] (-) TimerEvent: {}
[10.000431] (-) TimerEvent: {}
[10.100857] (-) TimerEvent: {}
[10.202146] (-) TimerEvent: {}
[10.303458] (-) TimerEvent: {}
[10.404371] (-) TimerEvent: {}
[10.504783] (-) TimerEvent: {}
[10.605413] (-) TimerEvent: {}
[10.708572] (-) TimerEvent: {}
[10.811022] (-) TimerEvent: {}
[10.914052] (-) TimerEvent: {}
[11.015018] (-) TimerEvent: {}
[11.115955] (-) TimerEvent: {}
[11.217784] (-) TimerEvent: {}
[11.319669] (-) TimerEvent: {}
[11.420161] (-) TimerEvent: {}
[11.520936] (-) TimerEvent: {}
[11.621319] (-) TimerEvent: {}
[11.721792] (-) TimerEvent: {}
[11.824469] (-) TimerEvent: {}
[11.924920] (-) TimerEvent: {}
[12.025413] (-) TimerEvent: {}
[12.126156] (-) TimerEvent: {}
[12.228526] (-) TimerEvent: {}
[12.328919] (-) TimerEvent: {}
[12.430038] (-) TimerEvent: {}
[12.531092] (-) TimerEvent: {}
[12.631838] (-) TimerEvent: {}
[12.732534] (-) TimerEvent: {}
[12.833146] (-) TimerEvent: {}
[12.933881] (-) TimerEvent: {}
[13.034530] (-) TimerEvent: {}
[13.134905] (-) TimerEvent: {}
[13.235614] (-) TimerEvent: {}
[13.337472] (-) TimerEvent: {}
[13.437872] (-) TimerEvent: {}
[13.538563] (-) TimerEvent: {}
[13.639267] (-) TimerEvent: {}
[13.739687] (-) TimerEvent: {}
[13.840331] (-) TimerEvent: {}
[13.940754] (-) TimerEvent: {}
[14.041158] (-) TimerEvent: {}
[14.142082] (-) TimerEvent: {}
[14.242761] (-) TimerEvent: {}
[14.345431] (-) TimerEvent: {}
[14.445835] (-) TimerEvent: {}
[14.546443] (-) TimerEvent: {}
[14.646873] (-) TimerEvent: {}
[14.747285] (-) TimerEvent: {}
[14.847684] (-) TimerEvent: {}
[14.948072] (-) TimerEvent: {}
[15.048451] (-) TimerEvent: {}
[15.148849] (-) TimerEvent: {}
[15.249294] (-) TimerEvent: {}
[15.349938] (-) TimerEvent: {}
[15.450393] (-) TimerEvent: {}
[15.550783] (-) TimerEvent: {}
[15.651165] (-) TimerEvent: {}
[15.752077] (-) TimerEvent: {}
[15.852923] (-) TimerEvent: {}
[15.953784] (-) TimerEvent: {}
[16.054159] (-) TimerEvent: {}
[16.154943] (-) TimerEvent: {}
[16.255314] (-) TimerEvent: {}
[16.355767] (-) TimerEvent: {}
[16.456139] (-) TimerEvent: {}
[16.557028] (-) TimerEvent: {}
[16.657440] (-) TimerEvent: {}
[16.757832] (-) TimerEvent: {}
[16.858205] (-) TimerEvent: {}
[16.958629] (-) TimerEvent: {}
[17.059016] (-) TimerEvent: {}
[17.159416] (-) TimerEvent: {}
[17.259800] (-) TimerEvent: {}
[17.360188] (-) TimerEvent: {}
[17.460824] (-) TimerEvent: {}
[17.561223] (-) TimerEvent: {}
[17.661624] (-) TimerEvent: {}
[17.762007] (-) TimerEvent: {}
[17.862397] (-) TimerEvent: {}
[17.962775] (-) TimerEvent: {}
[18.063170] (-) TimerEvent: {}
[18.163830] (-) TimerEvent: {}
[18.264199] (-) TimerEvent: {}
[18.365221] (-) TimerEvent: {}
[18.467457] (-) TimerEvent: {}
[18.568157] (-) TimerEvent: {}
[18.670331] (-) TimerEvent: {}
[18.770743] (-) TimerEvent: {}
[18.871174] (-) TimerEvent: {}
[18.971562] (-) TimerEvent: {}
[19.071968] (-) TimerEvent: {}
[19.172994] (-) TimerEvent: {}
[19.273342] (-) TimerEvent: {}
[19.373728] (-) TimerEvent: {}
[19.474238] (-) TimerEvent: {}
[19.574719] (-) TimerEvent: {}
[19.675466] (-) TimerEvent: {}
[19.775937] (-) TimerEvent: {}
[19.876317] (-) TimerEvent: {}
[19.976772] (-) TimerEvent: {}
[20.077172] (-) TimerEvent: {}
[20.177579] (-) TimerEvent: {}
[20.277972] (-) TimerEvent: {}
[20.378403] (-) TimerEvent: {}
[20.478848] (-) TimerEvent: {}
[20.579298] (-) TimerEvent: {}
[20.679792] (-) TimerEvent: {}
[20.780266] (-) TimerEvent: {}
[20.881185] (-) TimerEvent: {}
[20.982246] (-) TimerEvent: {}
[21.082798] (-) TimerEvent: {}
[21.183219] (-) TimerEvent: {}
[21.283650] (-) TimerEvent: {}
[21.386430] (-) TimerEvent: {}
[21.486826] (-) TimerEvent: {}
[21.587285] (-) TimerEvent: {}
[21.689454] (-) TimerEvent: {}
[21.790142] (-) TimerEvent: {}
[21.890990] (-) TimerEvent: {}
[21.993170] (-) TimerEvent: {}
[22.094532] (-) TimerEvent: {}
[22.196469] (-) TimerEvent: {}
[22.299733] (-) TimerEvent: {}
[22.405694] (-) TimerEvent: {}
[22.506146] (-) TimerEvent: {}
[22.607161] (-) TimerEvent: {}
[22.709450] (-) TimerEvent: {}
[22.809910] (-) TimerEvent: {}
[22.914435] (-) TimerEvent: {}
[23.014858] (-) TimerEvent: {}
[23.115911] (-) TimerEvent: {}
[23.218943] (-) TimerEvent: {}
[23.320913] (-) TimerEvent: {}
[23.422797] (-) TimerEvent: {}
[23.523295] (-) TimerEvent: {}
[23.624952] (-) TimerEvent: {}
[23.728504] (-) TimerEvent: {}
[23.831696] (-) TimerEvent: {}
[23.933585] (-) TimerEvent: {}
[24.034865] (-) TimerEvent: {}
[24.137698] (-) TimerEvent: {}
[24.238090] (-) TimerEvent: {}
[24.341952] (-) TimerEvent: {}
[24.442453] (-) TimerEvent: {}
[24.545933] (-) TimerEvent: {}
[24.647734] (-) TimerEvent: {}
[24.750635] (-) TimerEvent: {}
[24.852849] (-) TimerEvent: {}
[24.956756] (-) TimerEvent: {}
[25.058104] (-) TimerEvent: {}
[25.160712] (-) TimerEvent: {}
[25.261169] (-) TimerEvent: {}
[25.366286] (-) TimerEvent: {}
[25.469271] (-) TimerEvent: {}
[25.570504] (-) TimerEvent: {}
[25.672444] (-) TimerEvent: {}
[25.775752] (-) TimerEvent: {}
[25.877128] (-) TimerEvent: {}
[25.977611] (-) TimerEvent: {}
[26.080484] (-) TimerEvent: {}
[26.181602] (-) TimerEvent: {}
[26.283912] (-) TimerEvent: {}
[26.386585] (-) TimerEvent: {}
[26.486995] (-) TimerEvent: {}
[26.589966] (-) TimerEvent: {}
[26.691515] (-) TimerEvent: {}
[26.793832] (-) TimerEvent: {}
[26.894683] (-) TimerEvent: {}
[26.995405] (-) TimerEvent: {}
[27.097677] (-) TimerEvent: {}
[27.198390] (-) TimerEvent: {}
[27.301062] (-) TimerEvent: {}
[27.402446] (-) TimerEvent: {}
[27.505580] (-) TimerEvent: {}
[27.605995] (-) TimerEvent: {}
[27.707758] (-) TimerEvent: {}
[27.814402] (-) TimerEvent: {}
[27.914819] (-) TimerEvent: {}
[28.015589] (-) TimerEvent: {}
[28.116052] (-) TimerEvent: {}
[28.216940] (-) TimerEvent: {}
[28.319793] (-) TimerEvent: {}
[28.420268] (-) TimerEvent: {}
[28.521072] (-) TimerEvent: {}
[28.622621] (-) TimerEvent: {}
[28.726423] (-) TimerEvent: {}
[28.826891] (-) TimerEvent: {}
[28.927445] (-) TimerEvent: {}
[29.033996] (-) TimerEvent: {}
[29.139445] (-) TimerEvent: {}
[29.240001] (-) TimerEvent: {}
[29.340861] (-) TimerEvent: {}
[29.443302] (-) TimerEvent: {}
[29.546136] (-) TimerEvent: {}
[29.647476] (-) TimerEvent: {}
[29.750631] (-) TimerEvent: {}
[29.851078] (-) TimerEvent: {}
[29.952114] (-) TimerEvent: {}
[30.054777] (-) TimerEvent: {}
[30.155270] (-) TimerEvent: {}
[30.256289] (-) TimerEvent: {}
[30.359149] (-) TimerEvent: {}
[30.459673] (-) TimerEvent: {}
[30.561464] (-) TimerEvent: {}
[30.661939] (-) TimerEvent: {}
[30.766076] (-) TimerEvent: {}
[30.869081] (-) TimerEvent: {}
[30.974774] (-) TimerEvent: {}
[31.076445] (-) TimerEvent: {}
[31.176853] (-) TimerEvent: {}
[31.279708] (-) TimerEvent: {}
[31.384181] (-) TimerEvent: {}
[31.484616] (-) TimerEvent: {}
[31.585599] (-) TimerEvent: {}
[31.686633] (-) TimerEvent: {}
[31.789194] (-) TimerEvent: {}
[31.889829] (-) TimerEvent: {}
[31.991841] (-) TimerEvent: {}
[32.092776] (-) TimerEvent: {}
[32.194435] (-) TimerEvent: {}
[32.295735] (-) TimerEvent: {}
[32.396565] (-) TimerEvent: {}
[32.498588] (-) TimerEvent: {}
[32.600449] (-) TimerEvent: {}
[32.702220] (-) TimerEvent: {}
[32.803527] (-) TimerEvent: {}
[32.904657] (-) TimerEvent: {}
[33.005329] (-) TimerEvent: {}
[33.106562] (-) TimerEvent: {}
[33.208837] (-) TimerEvent: {}
[33.309577] (-) TimerEvent: {}
[33.413759] (-) TimerEvent: {}
[33.514158] (-) TimerEvent: {}
[33.614887] (-) TimerEvent: {}
[33.715562] (-) TimerEvent: {}
[33.816257] (-) TimerEvent: {}
[33.918887] (-) TimerEvent: {}
[34.019391] (-) TimerEvent: {}
[34.122746] (-) TimerEvent: {}
[34.228967] (-) TimerEvent: {}
[34.329653] (-) TimerEvent: {}
[34.432469] (-) TimerEvent: {}
[34.532912] (-) TimerEvent: {}
[34.634277] (-) TimerEvent: {}
[34.736464] (-) TimerEvent: {}
[34.838510] (-) TimerEvent: {}
[34.938971] (-) TimerEvent: {}
[35.039642] (-) TimerEvent: {}
[35.140136] (-) TimerEvent: {}
[35.242004] (-) TimerEvent: {}
[35.344287] (-) TimerEvent: {}
[35.447642] (-) TimerEvent: {}
[35.548075] (-) TimerEvent: {}
[35.654460] (-) TimerEvent: {}
[35.755845] (-) TimerEvent: {}
[35.858076] (-) TimerEvent: {}
[35.960077] (-) TimerEvent: {}
[36.060574] (-) TimerEvent: {}
[36.162675] (-) TimerEvent: {}
[36.263204] (-) TimerEvent: {}
[36.365583] (-) TimerEvent: {}
[36.471450] (-) TimerEvent: {}
[36.571890] (-) TimerEvent: {}
[36.674129] (-) TimerEvent: {}
[36.774663] (-) TimerEvent: {}
[36.875920] (-) TimerEvent: {}
[36.976420] (-) TimerEvent: {}
[37.078653] (-) TimerEvent: {}
[37.183260] (-) TimerEvent: {}
[37.283930] (-) TimerEvent: {}
[37.387456] (-) TimerEvent: {}
[37.491456] (-) TimerEvent: {}
[37.592251] (-) TimerEvent: {}
[37.693552] (-) TimerEvent: {}
[37.796433] (-) TimerEvent: {}
[37.896867] (-) TimerEvent: {}
[37.997476] (-) TimerEvent: {}
[38.098277] (-) TimerEvent: {}
[38.201693] (-) TimerEvent: {}
[38.302794] (-) TimerEvent: {}
[38.403342] (-) TimerEvent: {}
[38.504829] (-) TimerEvent: {}
[38.605316] (-) TimerEvent: {}
[38.710632] (-) TimerEvent: {}
[38.811093] (-) TimerEvent: {}
[38.914440] (-) TimerEvent: {}
[39.014900] (-) TimerEvent: {}
[39.116401] (-) TimerEvent: {}
[39.221644] (-) TimerEvent: {}
[39.322215] (-) TimerEvent: {}
[39.426624] (-) TimerEvent: {}
[39.528793] (-) TimerEvent: {}
[39.629617] (-) TimerEvent: {}
[39.733759] (-) TimerEvent: {}
[39.835483] (-) TimerEvent: {}
[39.936649] (-) TimerEvent: {}
[40.037449] (-) TimerEvent: {}
[40.141188] (-) TimerEvent: {}
[40.249460] (-) TimerEvent: {}
[40.351086] (-) TimerEvent: {}
[40.454671] (-) TimerEvent: {}
[40.560797] (-) TimerEvent: {}
[40.661218] (-) TimerEvent: {}
[40.761863] (-) TimerEvent: {}
[40.862371] (-) TimerEvent: {}
[40.965652] (-) TimerEvent: {}
[41.066436] (-) TimerEvent: {}
[41.167122] (-) TimerEvent: {}
[41.272168] (-) TimerEvent: {}
[41.372655] (-) TimerEvent: {}
[41.474117] (-) TimerEvent: {}
[41.574526] (-) TimerEvent: {}
[41.675008] (-) TimerEvent: {}
[41.781434] (-) TimerEvent: {}
[41.881852] (-) TimerEvent: {}
[41.982689] (-) TimerEvent: {}
[42.083090] (-) TimerEvent: {}
[42.186823] (-) TimerEvent: {}
[42.287192] (-) TimerEvent: {}
[42.387656] (-) TimerEvent: {}
[42.490770] (-) TimerEvent: {}
[42.591461] (-) TimerEvent: {}
[42.695565] (-) TimerEvent: {}
[42.798056] (-) TimerEvent: {}
[42.899659] (-) TimerEvent: {}
[43.003510] (-) TimerEvent: {}
[43.105445] (-) TimerEvent: {}
[43.208951] (-) TimerEvent: {}
[43.309461] (-) TimerEvent: {}
[43.410183] (-) TimerEvent: {}
[43.514127] (-) TimerEvent: {}
[43.615493] (-) TimerEvent: {}
[43.719585] (-) TimerEvent: {}
[43.822442] (-) TimerEvent: {}
[43.922948] (-) TimerEvent: {}
[44.023424] (-) TimerEvent: {}
[44.124107] (-) TimerEvent: {}
[44.224876] (-) TimerEvent: {}
[44.327762] (-) TimerEvent: {}
[44.430878] (-) TimerEvent: {}
[44.533049] (-) TimerEvent: {}
[44.635483] (-) TimerEvent: {}
[44.740444] (-) TimerEvent: {}
[44.841223] (-) TimerEvent: {}
[44.944439] (-) TimerEvent: {}
[45.044868] (-) TimerEvent: {}
[45.145346] (-) TimerEvent: {}
[45.245877] (-) TimerEvent: {}
[45.347021] (-) TimerEvent: {}
[45.448897] (-) TimerEvent: {}
[45.549527] (-) TimerEvent: {}
[45.651840] (-) TimerEvent: {}
[45.752598] (-) TimerEvent: {}
[45.858439] (-) TimerEvent: {}
[45.958959] (-) TimerEvent: {}
[46.059797] (-) TimerEvent: {}
[46.161963] (-) TimerEvent: {}
[46.262857] (-) TimerEvent: {}
[46.365607] (-) TimerEvent: {}
[46.467454] (-) TimerEvent: {}
[46.567932] (-) TimerEvent: {}
[46.670435] (-) TimerEvent: {}
[46.770920] (-) TimerEvent: {}
[46.874846] (-) TimerEvent: {}
[46.977096] (-) TimerEvent: {}
[47.081434] (-) TimerEvent: {}
[47.181851] (-) TimerEvent: {}
[47.282226] (-) TimerEvent: {}
[47.385436] (-) TimerEvent: {}
[47.485833] (-) TimerEvent: {}
[47.589489] (-) TimerEvent: {}
[47.689939] (-) TimerEvent: {}
[47.790401] (-) TimerEvent: {}
[47.890783] (-) TimerEvent: {}
[47.991290] (-) TimerEvent: {}
[48.092953] (-) TimerEvent: {}
[48.193441] (-) TimerEvent: {}
[48.296450] (-) TimerEvent: {}
[48.322592] (simple_robot) StdoutLine: {'line': b'[ 25%] \x1b[32m\x1b[1mLinking CXX executable robot_map_node\x1b[0m\n'}
[48.396591] (-) TimerEvent: {}
[48.497006] (-) TimerEvent: {}
[48.597438] (-) TimerEvent: {}
[48.697837] (-) TimerEvent: {}
[48.800434] (-) TimerEvent: {}
[48.900857] (-) TimerEvent: {}
[49.001269] (-) TimerEvent: {}
[49.101747] (-) TimerEvent: {}
[49.202181] (-) TimerEvent: {}
[49.305448] (-) TimerEvent: {}
[49.405895] (-) TimerEvent: {}
[49.506375] (-) TimerEvent: {}
[49.606968] (-) TimerEvent: {}
[49.707546] (-) TimerEvent: {}
[49.808013] (-) TimerEvent: {}
[49.911454] (-) TimerEvent: {}
[50.011980] (-) TimerEvent: {}
[50.112447] (-) TimerEvent: {}
[50.214444] (-) TimerEvent: {}
[50.314864] (-) TimerEvent: {}
[50.415270] (-) TimerEvent: {}
[50.518454] (-) TimerEvent: {}
[50.618955] (-) TimerEvent: {}
[50.719476] (-) TimerEvent: {}
[50.820084] (-) TimerEvent: {}
[50.920561] (-) TimerEvent: {}
[51.023123] (-) TimerEvent: {}
[51.123632] (-) TimerEvent: {}
[51.224118] (-) TimerEvent: {}
[51.324615] (-) TimerEvent: {}
[51.425192] (-) TimerEvent: {}
[51.528447] (-) TimerEvent: {}
[51.628948] (-) TimerEvent: {}
[51.729448] (-) TimerEvent: {}
[51.829927] (-) TimerEvent: {}
[51.930410] (-) TimerEvent: {}
[52.030840] (-) TimerEvent: {}
[52.133430] (-) TimerEvent: {}
[52.233824] (-) TimerEvent: {}
[52.334270] (-) TimerEvent: {}
[52.434770] (-) TimerEvent: {}
[52.535305] (-) TimerEvent: {}
[52.638460] (-) TimerEvent: {}
[52.738911] (-) TimerEvent: {}
[52.839321] (-) TimerEvent: {}
[52.939792] (-) TimerEvent: {}
[53.040264] (-) TimerEvent: {}
[53.042658] (simple_robot) StdoutLine: {'line': b'[ 58%] Built target robot_map_node\n'}
[53.141551] (-) TimerEvent: {}
[53.198655] (simple_robot) StdoutLine: {'line': b'[ 66%] \x1b[32m\x1b[1mLinking CXX shared library libgrid_map.so\x1b[0m\n'}
[53.241695] (-) TimerEvent: {}
[53.343464] (-) TimerEvent: {}
[53.447616] (-) TimerEvent: {}
[53.548126] (-) TimerEvent: {}
[53.650471] (-) TimerEvent: {}
[53.751071] (-) TimerEvent: {}
[53.851628] (-) TimerEvent: {}
[53.958424] (-) TimerEvent: {}
[54.058963] (-) TimerEvent: {}
[54.159954] (-) TimerEvent: {}
[54.262510] (-) TimerEvent: {}
[54.366280] (-) TimerEvent: {}
[54.467662] (-) TimerEvent: {}
[54.572579] (-) TimerEvent: {}
[54.673551] (-) TimerEvent: {}
[54.774051] (-) TimerEvent: {}
[54.878091] (-) TimerEvent: {}
[54.982931] (-) TimerEvent: {}
[55.083390] (-) TimerEvent: {}
[55.184429] (-) TimerEvent: {}
[55.285466] (-) TimerEvent: {}
[55.385905] (-) TimerEvent: {}
[55.487089] (-) TimerEvent: {}
[55.589059] (-) TimerEvent: {}
[55.689446] (-) TimerEvent: {}
[55.790250] (-) TimerEvent: {}
[55.891422] (-) TimerEvent: {}
[55.991892] (-) TimerEvent: {}
[56.092795] (-) TimerEvent: {}
[56.193300] (-) TimerEvent: {}
[56.259303] (simple_robot) StdoutLine: {'line': b'[100%] Built target grid_map\n'}
[56.290740] (simple_robot) CommandEnded: {'returncode': 0}
[56.292178] (simple_robot) JobProgress: {'identifier': 'simple_robot', 'progress': 'install'}
[56.293398] (-) TimerEvent: {}
[56.316441] (simple_robot) Command: {'cmd': ['/usr/bin/cmake', '--install', '/home/martina/rp_project/robot-programming-project/src/simple_robot/build/simple_robot'], 'cwd': '/home/martina/rp_project/robot-programming-project/src/simple_robot/build/simple_robot', 'env': OrderedDict([('GJS_DEBUG_TOPICS', 'JS ERROR;JS LOG'), ('LESSOPEN', '| /usr/bin/env /usr/bin/lesspipe %s 2>/dev/null'), ('CONDA_PROMPT_MODIFIER', '(base)'), ('LC_TIME', 'it_IT.UTF-8'), ('USER', 'martina'), ('XDG_SESSION_TYPE', 'wayland'), ('GIT_ASKPASS', '/usr/share/code/resources/app/extensions/git/dist/askpass.sh'), ('SHLVL', '2'), ('LD_LIBRARY_PATH', '/opt/ros/humble/opt/rviz_ogre_vendor/lib:/opt/ros/humble/lib/x86_64-linux-gnu:/opt/ros/humble/lib::/home/martina/.mujoco/mujoco210/bin:/usr/lib/nvidia:~/anaconda3/lib'), ('HOME', '/home/martina'), ('OLDPWD', '/home/martina/rp_project/robot-programming-project/src/simple_robot'), ('CHROME_DESKTOP', 'code.desktop'), ('TERMINFO', '/home/martina/.terminfo'), ('LESS', '-iRFXMx4'), ('CONDA_SHLVL', '1'), ('DESKTOP_SESSION', 'ubuntu'), ('TERM_PROGRAM_VERSION', '1.97.2'), ('GIO_LAUNCHED_DESKTOP_FILE', '/usr/share/applications/code.desktop'), ('LSCOLORS', 'ExGxDxDxCxDxDxFxFxexEx'), ('GTK_MODULES', 'gail:atk-bridge'), ('GNOME_SHELL_SESSION_MODE', 'ubuntu'), ('VSCODE_GIT_ASKPASS_MAIN', '/usr/share/code/resources/app/extensions/git/dist/askpass-main.js'), ('PAGER', 'less'), ('ROS_PYTHON_VERSION', '3'), ('LC_MONETARY', 'it_IT.UTF-8'), ('MANAGERPID', '887'), ('VSCODE_GIT_ASKPASS_NODE', '/usr/share/code/code'), ('SYSTEMD_EXEC_PID', '1152'), ('DBUS_SESSION_BUS_ADDRESS', 'unix:path=/run/user/1000/bus'), ('P9K_TTY', 'old'), ('GIO_LAUNCHED_DESKTOP_FILE_PID', '3260'), ('COLORTERM', 'truecolor'), ('_CE_M', ''), ('WAYLAND_DISPLAY', 'wayland-0'), ('INFOPATH', ''), ('ROS_DISTRO', 'humble'), ('COLCON_PREFIX_PATH', '/home/martina/rp_project/robot-programming-project/install'), ('LOGNAME', 'martina'), ('_', '/usr/bin/colcon'), ('JOURNAL_STREAM', '8:11413'), ('_P9K_SSH_TTY', '/dev/pts/2'), ('XDG_SESSION_CLASS', 'user'), ('USER_ZDOTDIR', '/home/martina'), ('ROS_VERSION', '2'), ('USERNAME', 'martina'), ('TERM', 'xterm-256color'), ('GNOME_DESKTOP_SESSION_ID', 'this-is-deprecated'), ('_CE_CONDA', ''), ('ROS_LOCALHOST_ONLY', '0'), ('PATH', '/opt/ros/humble/bin:/home/martina/.local/bin:/home/martina/.local/bin:/usr/lib/ccache:.:/home/martina/.mujoco/mujoco210/bin:/usr/lib/nvidia:/home/martina/anaconda3/condabin:/home/martina/bin:/home/martina/.local/bin:/usr/local/sbin:/usr/local/bin:/usr/sbin:/usr/bin:/sbin:/bin:/usr/games:/usr/local/games:/snap/bin:/home/martina/.cache/zsh4humans/v5/fzf/bin:/home/martina/other/install/bin'), ('SESSION_MANAGER', 'local/Martina-ThinkPad-X1-Yoga:@/tmp/.ICE-unix/1105,unix/Martina-ThinkPad-X1-Yoga:/tmp/.ICE-unix/1105'), ('INVOCATION_ID', 'abb78b4b018940349bd4da4c8fed9753'), ('LC_ADDRESS', 'it_IT.UTF-8'), ('XDG_RUNTIME_DIR', '/run/user/1000'), ('XDG_MENU_PREFIX', 'gnome-'), ('GNOME_SETUP_DISPLAY', ':1'), ('GDK_BACKEND', 'x11'), ('DISPLAY', ':0'), ('LANG', 'en_US.UTF-8'), ('LC_TELEPHONE', 'it_IT.UTF-8'), ('XDG_CURRENT_DESKTOP', 'Unity'), ('VSCODE_INJECTION', '1'), ('LD_PRELOAD', ':/usr/lib/x86_64-linux-gnu/libGLEW.so'), ('XDG_SESSION_DESKTOP', 'ubuntu'), ('XMODIFIERS', '@im=ibus'), ('XAUTHORITY', '/run/user/1000/.mutter-Xwaylandauth.L52E22'), ('TERM_PROGRAM', 'vscode'), ('VSCODE_GIT_IPC_HANDLE', '/run/user/1000/vscode-git-f640f2b3f6.sock'), ('LS_COLORS', 'fi=00:mi=00:mh=00:ln=01;36:or=01;31:di=01;34:ow=04;01;34:st=34:tw=04;34:pi=01;33:so=01;33:do=01;33:bd=01;33:cd=01;33:su=01;35:sg=01;35:ca=01;35:ex=01;32:no=38;5;248'), ('TREE_COLORS', 'fi=00:mi=00:mh=00:ln=01;36:or=01;31:di=01;34:ow=01;34:st=34:tw=34:pi=01;33:so=01;33:do=01;33:bd=01;33:cd=01;33:su=01;35:sg=01;35:ca=01;35:ex=01;32'), ('SSH_AGENT_LAUNCHER', 'gnome-keyring'), ('SSH_AUTH_SOCK', '/run/user/1000/keyring/ssh'), ('ORIGINAL_XDG_CURRENT_DESKTOP', 'ubuntu:GNOME'), ('CONDA_PYTHON_EXE', '/home/martina/anaconda3/bin/python'), ('AMENT_PREFIX_PATH', '/home/martina/rp_project/robot-programming-project/install/simple_robot:/opt/ros/humble'), ('LC_NAME', 'it_IT.UTF-8'), ('SHELL', '/usr/local/bin/zsh'), ('DEST', '/home/martina/other/install'), ('QT_ACCESSIBILITY', '1'), ('GDMSESSION', 'ubuntu'), ('CONDA_DEFAULT_ENV', 'base'), ('LC_MEASUREMENT', 'it_IT.UTF-8'), ('LC_IDENTIFICATION', 'it_IT.UTF-8'), ('GJS_DEBUG_OUTPUT', 'stderr'), ('P9K_SSH', '0'), ('QT_IM_MODULE', 'ibus'), ('VSCODE_GIT_ASKPASS_EXTRA_ARGS', ''), ('VSCODE_NONCE', '052e925b-acb5-444f-b870-f20c06506941'), ('LC_ALL', 'en_US.UTF-8'), ('PWD', '/home/martina/rp_project/robot-programming-project/src/simple_robot/build/simple_robot'), ('GPG_TTY', '/dev/pts/2'), ('XDG_DATA_DIRS', '/usr/local/share/:/usr/share/:/var/lib/snapd/desktop'), ('ZDOTDIR', '/home/martina'), ('_P9K_TTY', '/dev/pts/2'), ('CONDA_EXE', '/home/martina/anaconda3/bin/conda'), ('LC_NUMERIC', 'it_IT.UTF-8'), ('PYTHONPATH', '/opt/ros/humble/lib/python3.10/site-packages:/opt/ros/humble/local/lib/python3.10/dist-packages:/home/martina/other/install/lib/python3.10/site-packages/'), ('LC_PAPER', 'it_IT.UTF-8'), ('CONDA_PREFIX', '/home/martina/anaconda3'), ('COLCON', '1'), ('MANPATH', '/usr/local/share/man:/home/martina/.cache/zsh4humans/v5/fzf/man:'), ('CMAKE_PREFIX_PATH', '/home/martina/rp_project/robot-programming-project/install/simple_robot:/opt/ros/humble')]), 'shell': False}
[56.339824] (simple_robot) StdoutLine: {'line': b'-- Install configuration: ""\n'}
[56.340496] (simple_robot) StdoutLine: {'line': b'-- Installing: /home/martina/rp_project/robot-programming-project/src/simple_robot/install/simple_robot/lib/simple_robot/robot_map_node\n'}
[56.356037] (simple_robot) StdoutLine: {'line': b'-- Set runtime path of "/home/martina/rp_project/robot-programming-project/src/simple_robot/install/simple_robot/lib/simple_robot/robot_map_node" to ""\n'}
[56.356691] (simple_robot) StdoutLine: {'line': b'-- Up-to-date: /home/martina/rp_project/robot-programming-project/src/simple_robot/install/simple_robot/share/ament_index/resource_index/package_run_dependencies/simple_robot\n'}
[56.357259] (simple_robot) StdoutLine: {'line': b'-- Up-to-date: /home/martina/rp_project/robot-programming-project/src/simple_robot/install/simple_robot/share/ament_index/resource_index/parent_prefix_path/simple_robot\n'}
[56.357806] (simple_robot) StdoutLine: {'line': b'-- Up-to-date: /home/martina/rp_project/robot-programming-project/src/simple_robot/install/simple_robot/share/simple_robot/environment/ament_prefix_path.sh\n'}
[56.358386] (simple_robot) StdoutLine: {'line': b'-- Installing: /home/martina/rp_project/robot-programming-project/src/simple_robot/install/simple_robot/share/simple_robot/environment/ament_prefix_path.dsv\n'}
[56.359057] (simple_robot) StdoutLine: {'line': b'-- Up-to-date: /home/martina/rp_project/robot-programming-project/src/simple_robot/install/simple_robot/share/simple_robot/environment/path.sh\n'}
[56.359434] (simple_robot) StdoutLine: {'line': b'-- Installing: /home/martina/rp_project/robot-programming-project/src/simple_robot/install/simple_robot/share/simple_robot/environment/path.dsv\n'}
[56.359907] (simple_robot) StdoutLine: {'line': b'-- Up-to-date: /home/martina/rp_project/robot-programming-project/src/simple_robot/install/simple_robot/share/simple_robot/local_setup.bash\n'}
[56.360336] (simple_robot) StdoutLine: {'line': b'-- Up-to-date: /home/martina/rp_project/robot-programming-project/src/simple_robot/install/simple_robot/share/simple_robot/local_setup.sh\n'}
[56.360783] (simple_robot) StdoutLine: {'line': b'-- Up-to-date: /home/martina/rp_project/robot-programming-project/src/simple_robot/install/simple_robot/share/simple_robot/local_setup.zsh\n'}
[56.361087] (simple_robot) StdoutLine: {'line': b'-- Installing: /home/martina/rp_project/robot-programming-project/src/simple_robot/install/simple_robot/share/simple_robot/local_setup.dsv\n'}
[56.361715] (simple_robot) StdoutLine: {'line': b'-- Installing: /home/martina/rp_project/robot-programming-project/src/simple_robot/install/simple_robot/share/simple_robot/package.dsv\n'}
[56.362289] (simple_robot) StdoutLine: {'line': b'-- Up-to-date: /home/martina/rp_project/robot-programming-project/src/simple_robot/install/simple_robot/share/ament_index/resource_index/packages/simple_robot\n'}
[56.362882] (simple_robot) StdoutLine: {'line': b'-- Up-to-date: /home/martina/rp_project/robot-programming-project/src/simple_robot/install/simple_robot/share/simple_robot/cmake/simple_robotConfig.cmake\n'}
[56.363335] (simple_robot) StdoutLine: {'line': b'-- Up-to-date: /home/martina/rp_project/robot-programming-project/src/simple_robot/install/simple_robot/share/simple_robot/cmake/simple_robotConfig-version.cmake\n'}
[56.363587] (simple_robot) StdoutLine: {'line': b'-- Up-to-date: /home/martina/rp_project/robot-programming-project/src/simple_robot/install/simple_robot/share/simple_robot/package.xml\n'}
[56.367226] (simple_robot) CommandEnded: {'returncode': 0}
[56.393739] (-) TimerEvent: {}
[56.409939] (simple_robot) JobEnded: {'identifier': 'simple_robot', 'rc': 0}
[56.410967] (-) EventReactorShutdown: {}
