[0.025s] Invoking command in '/home/martina/rp_project/robot-programming-project/src/simple_robot/build/simple_robot': CMAKE_PREFIX_PATH=${CMAKE_PREFIX_PATH}:/opt/ros/humble CONDA_PROMPT_MODIFIER=(base) /usr/bin/cmake /home/martina/rp_project/robot-programming-project/src/simple_robot -DCMAKE_INSTALL_PREFIX=/home/martina/rp_project/robot-programming-project/src/simple_robot/install/simple_robot
[0.229s] -- The C compiler identification is GNU 11.4.0
[0.534s] -- The CXX compiler identification is GNU 11.4.0
[0.601s] -- Detecting C compiler ABI info
[0.778s] -- Detecting C compiler ABI info - done
[0.793s] -- Check for working C compiler: /usr/lib/ccache/cc - skipped
[0.796s] -- Detecting C compile features
[0.796s] -- Detecting C compile features - done
[0.801s] -- Detecting CXX compiler ABI info
[1.012s] -- Detecting CXX compiler ABI info - done
[1.033s] -- Check for working CXX compiler: /usr/lib/ccache/c++ - skipped
[1.035s] -- Detecting CXX compile features
[1.035s] -- Detecting CXX compile features - done
[1.064s] -- Found OpenCV: /usr (found suitable version "4.5.4", minimum required is "4.5.4") 
[1.066s] -- Found ament_cmake: 1.3.11 (/opt/ros/humble/share/ament_cmake/cmake)
[1.392s] -- Found Python3: /usr/bin/python3 (found version "3.10.12") found components: Interpreter 
[1.587s] -- Found rclcpp: 16.0.11 (/opt/ros/humble/share/rclcpp/cmake)
[1.674s] -- Found rosidl_generator_c: 3.1.6 (/opt/ros/humble/share/rosidl_generator_c/cmake)
[1.685s] -- Found rosidl_adapter: 3.1.6 (/opt/ros/humble/share/rosidl_adapter/cmake)
[1.710s] -- Found rosidl_generator_cpp: 3.1.6 (/opt/ros/humble/share/rosidl_generator_cpp/cmake)
[1.744s] -- Using all available rosidl_typesupport_c: rosidl_typesupport_fastrtps_c;rosidl_typesupport_introspection_c
[1.786s] -- Using all available rosidl_typesupport_cpp: rosidl_typesupport_fastrtps_cpp;rosidl_typesupport_introspection_cpp
[1.866s] -- Found rmw_implementation_cmake: 6.1.2 (/opt/ros/humble/share/rmw_implementation_cmake/cmake)
[1.870s] -- Found rmw_fastrtps_cpp: 6.2.7 (/opt/ros/humble/share/rmw_fastrtps_cpp/cmake)
[2.078s] -- Found OpenSSL: /usr/lib/x86_64-linux-gnu/libcrypto.so (found version "3.0.2")  
[2.139s] -- Found FastRTPS: /opt/ros/humble/include  
[2.212s] -- Using RMW implementation 'rmw_fastrtps_cpp' as default
[2.226s] -- Looking for pthread.h
[2.372s] -- Looking for pthread.h - found
[2.372s] -- Performing Test CMAKE_HAVE_LIBC_PTHREAD
[2.515s] -- Performing Test CMAKE_HAVE_LIBC_PTHREAD - Success
[2.515s] -- Found Threads: TRUE  
[2.622s] -- Found geometry_msgs: 4.2.4 (/opt/ros/humble/share/geometry_msgs/cmake)
[2.648s] -- Found sensor_msgs: 4.2.4 (/opt/ros/humble/share/sensor_msgs/cmake)
[2.679s] -- Found nav_msgs: 4.2.4 (/opt/ros/humble/share/nav_msgs/cmake)
[2.716s] -- Found OpenCV: /usr (found version "4.5.4") 
[2.846s] -- DATA_DIR: /home/martina/rp_project/robot-programming-project/src/simple_robot/data
[2.847s] -- Configuring done
[2.904s] -- Generating done
[2.919s] -- Build files have been written to: /home/martina/rp_project/robot-programming-project/src/simple_robot/build/simple_robot
[2.950s] Invoked command in '/home/martina/rp_project/robot-programming-project/src/simple_robot/build/simple_robot' returned '0': CMAKE_PREFIX_PATH=${CMAKE_PREFIX_PATH}:/opt/ros/humble CONDA_PROMPT_MODIFIER=(base) /usr/bin/cmake /home/martina/rp_project/robot-programming-project/src/simple_robot -DCMAKE_INSTALL_PREFIX=/home/martina/rp_project/robot-programming-project/src/simple_robot/install/simple_robot
[2.951s] Invoking command in '/home/martina/rp_project/robot-programming-project/src/simple_robot/build/simple_robot': CMAKE_PREFIX_PATH=${CMAKE_PREFIX_PATH}:/opt/ros/humble CONDA_PROMPT_MODIFIER=(base) /usr/bin/cmake --build /home/martina/rp_project/robot-programming-project/src/simple_robot/build/simple_robot -- -j4 -l4
[3.114s] [35m[1mConsolidate compiler generated dependencies of target robot_map_node[0m
[3.121s] [35m[1mConsolidate compiler generated dependencies of target grid_map[0m
[3.218s] [  8%] [32mBuilding CXX object CMakeFiles/robot_map_node.dir/src/main.cpp.o[0m
[3.228s] [ 16%] [32mBuilding CXX object src/CMakeFiles/grid_map.dir/main.cpp.o[0m
[4.576s] [ 25%] [32m[1mLinking CXX executable robot_map_node[0m
[4.578s] [ 33%] [32m[1mLinking CXX shared library libgrid_map.so[0m
[6.790s] [ 66%] Built target grid_map
[7.661s] [100%] Built target robot_map_node
[7.706s] Invoked command in '/home/martina/rp_project/robot-programming-project/src/simple_robot/build/simple_robot' returned '0': CMAKE_PREFIX_PATH=${CMAKE_PREFIX_PATH}:/opt/ros/humble CONDA_PROMPT_MODIFIER=(base) /usr/bin/cmake --build /home/martina/rp_project/robot-programming-project/src/simple_robot/build/simple_robot -- -j4 -l4
[7.747s] Invoking command in '/home/martina/rp_project/robot-programming-project/src/simple_robot/build/simple_robot': CMAKE_PREFIX_PATH=${CMAKE_PREFIX_PATH}:/opt/ros/humble CONDA_PROMPT_MODIFIER=(base) /usr/bin/cmake --install /home/martina/rp_project/robot-programming-project/src/simple_robot/build/simple_robot
[7.764s] -- Install configuration: ""
[7.764s] -- Installing: /home/martina/rp_project/robot-programming-project/src/simple_robot/install/simple_robot/lib/simple_robot/robot_map_node
[7.773s] -- Set runtime path of "/home/martina/rp_project/robot-programming-project/src/simple_robot/install/simple_robot/lib/simple_robot/robot_map_node" to ""
[7.775s] -- Up-to-date: /home/martina/rp_project/robot-programming-project/src/simple_robot/install/simple_robot/share/ament_index/resource_index/package_run_dependencies/simple_robot
[7.775s] -- Up-to-date: /home/martina/rp_project/robot-programming-project/src/simple_robot/install/simple_robot/share/ament_index/resource_index/parent_prefix_path/simple_robot
[7.776s] -- Up-to-date: /home/martina/rp_project/robot-programming-project/src/simple_robot/install/simple_robot/share/simple_robot/environment/ament_prefix_path.sh
[7.776s] -- Installing: /home/martina/rp_project/robot-programming-project/src/simple_robot/install/simple_robot/share/simple_robot/environment/ament_prefix_path.dsv
[7.777s] -- Up-to-date: /home/martina/rp_project/robot-programming-project/src/simple_robot/install/simple_robot/share/simple_robot/environment/path.sh
[7.777s] -- Installing: /home/martina/rp_project/robot-programming-project/src/simple_robot/install/simple_robot/share/simple_robot/environment/path.dsv
[7.777s] -- Up-to-date: /home/martina/rp_project/robot-programming-project/src/simple_robot/install/simple_robot/share/simple_robot/local_setup.bash
[7.777s] -- Up-to-date: /home/martina/rp_project/robot-programming-project/src/simple_robot/install/simple_robot/share/simple_robot/local_setup.sh
[7.778s] -- Up-to-date: /home/martina/rp_project/robot-programming-project/src/simple_robot/install/simple_robot/share/simple_robot/local_setup.zsh
[7.778s] -- Installing: /home/martina/rp_project/robot-programming-project/src/simple_robot/install/simple_robot/share/simple_robot/local_setup.dsv
[7.778s] -- Installing: /home/martina/rp_project/robot-programming-project/src/simple_robot/install/simple_robot/share/simple_robot/package.dsv
[7.780s] -- Up-to-date: /home/martina/rp_project/robot-programming-project/src/simple_robot/install/simple_robot/share/ament_index/resource_index/packages/simple_robot
[7.780s] -- Up-to-date: /home/martina/rp_project/robot-programming-project/src/simple_robot/install/simple_robot/share/simple_robot/cmake/simple_robotConfig.cmake
[7.780s] -- Up-to-date: /home/martina/rp_project/robot-programming-project/src/simple_robot/install/simple_robot/share/simple_robot/cmake/simple_robotConfig-version.cmake
[7.781s] -- Up-to-date: /home/martina/rp_project/robot-programming-project/src/simple_robot/install/simple_robot/share/simple_robot/package.xml
[7.784s] Invoked command in '/home/martina/rp_project/robot-programming-project/src/simple_robot/build/simple_robot' returned '0': CMAKE_PREFIX_PATH=${CMAKE_PREFIX_PATH}:/opt/ros/humble CONDA_PROMPT_MODIFIER=(base) /usr/bin/cmake --install /home/martina/rp_project/robot-programming-project/src/simple_robot/build/simple_robot
