[0.033s] Invoking command in '/home/martina/rp_project/robot-programming-project/src/simple_robot/build/simple_robot': CMAKE_PREFIX_PATH=${CMAKE_PREFIX_PATH}:/opt/ros/humble CONDA_PROMPT_MODIFIER=(base) /usr/bin/cmake /home/martina/rp_project/robot-programming-project/src/simple_robot -DCMAKE_INSTALL_PREFIX=/home/martina/rp_project/robot-programming-project/src/simple_robot/install/simple_robot
[0.296s] -- The C compiler identification is GNU 11.4.0
[0.573s] -- The CXX compiler identification is GNU 11.4.0
[0.619s] -- Detecting C compiler ABI info
[0.807s] -- Detecting C compiler ABI info - done
[0.823s] -- Check for working C compiler: /usr/lib/ccache/cc - skipped
[0.827s] -- Detecting C compile features
[0.827s] -- Detecting C compile features - done
[0.838s] -- Detecting CXX compiler ABI info
[1.059s] -- Detecting CXX compiler ABI info - done
[1.092s] -- Check for working CXX compiler: /usr/lib/ccache/c++ - skipped
[1.092s] -- Detecting CXX compile features
[1.094s] -- Detecting CXX compile features - done
[1.125s] -- Found OpenCV: /usr (found suitable version "4.5.4", minimum required is "4.5.4") 
[1.130s] -- Found ament_cmake: 1.3.11 (/opt/ros/humble/share/ament_cmake/cmake)
[1.524s] -- Found Python3: /usr/bin/python3 (found version "3.10.12") found components: Interpreter 
[1.773s] -- Found rclcpp: 16.0.11 (/opt/ros/humble/share/rclcpp/cmake)
[1.875s] -- Found rosidl_generator_c: 3.1.6 (/opt/ros/humble/share/rosidl_generator_c/cmake)
[1.889s] -- Found rosidl_adapter: 3.1.6 (/opt/ros/humble/share/rosidl_adapter/cmake)
[1.913s] -- Found rosidl_generator_cpp: 3.1.6 (/opt/ros/humble/share/rosidl_generator_cpp/cmake)
[1.947s] -- Using all available rosidl_typesupport_c: rosidl_typesupport_fastrtps_c;rosidl_typesupport_introspection_c
[1.984s] -- Using all available rosidl_typesupport_cpp: rosidl_typesupport_fastrtps_cpp;rosidl_typesupport_introspection_cpp
[2.094s] -- Found rmw_implementation_cmake: 6.1.2 (/opt/ros/humble/share/rmw_implementation_cmake/cmake)
[2.100s] -- Found rmw_fastrtps_cpp: 6.2.7 (/opt/ros/humble/share/rmw_fastrtps_cpp/cmake)
[2.398s] -- Found OpenSSL: /usr/lib/x86_64-linux-gnu/libcrypto.so (found version "3.0.2")  
[2.458s] -- Found FastRTPS: /opt/ros/humble/include  
[2.538s] -- Using RMW implementation 'rmw_fastrtps_cpp' as default
[2.554s] -- Looking for pthread.h
[2.707s] -- Looking for pthread.h - found
[2.708s] -- Performing Test CMAKE_HAVE_LIBC_PTHREAD
[2.897s] -- Performing Test CMAKE_HAVE_LIBC_PTHREAD - Success
[2.906s] -- Found Threads: TRUE  
[3.055s] -- Found geometry_msgs: 4.2.4 (/opt/ros/humble/share/geometry_msgs/cmake)
[3.087s] -- Found sensor_msgs: 4.2.4 (/opt/ros/humble/share/sensor_msgs/cmake)
[3.149s] -- Found nav_msgs: 4.2.4 (/opt/ros/humble/share/nav_msgs/cmake)
[3.234s] -- Found OpenCV: /usr (found version "4.5.4") 
[3.423s] -- DATA_DIR: /home/martina/rp_project/robot-programming-project/src/simple_robot/data
[3.424s] -- Configuring done
[3.475s] -- Generating done
[3.494s] -- Build files have been written to: /home/martina/rp_project/robot-programming-project/src/simple_robot/build/simple_robot
[3.528s] Invoked command in '/home/martina/rp_project/robot-programming-project/src/simple_robot/build/simple_robot' returned '0': CMAKE_PREFIX_PATH=${CMAKE_PREFIX_PATH}:/opt/ros/humble CONDA_PROMPT_MODIFIER=(base) /usr/bin/cmake /home/martina/rp_project/robot-programming-project/src/simple_robot -DCMAKE_INSTALL_PREFIX=/home/martina/rp_project/robot-programming-project/src/simple_robot/install/simple_robot
[3.530s] Invoking command in '/home/martina/rp_project/robot-programming-project/src/simple_robot/build/simple_robot': CMAKE_PREFIX_PATH=${CMAKE_PREFIX_PATH}:/opt/ros/humble CONDA_PROMPT_MODIFIER=(base) /usr/bin/cmake --build /home/martina/rp_project/robot-programming-project/src/simple_robot/build/simple_robot -- -j4 -l4
[3.716s] [35m[1mConsolidate compiler generated dependencies of target robot_map_node[0m
[3.742s] [35m[1mConsolidate compiler generated dependencies of target grid_map[0m
[3.866s] [  8%] [32mBuilding CXX object CMakeFiles/robot_map_node.dir/src/main.cpp.o[0m
[3.899s] [ 16%] [32mBuilding CXX object src/CMakeFiles/grid_map.dir/main.cpp.o[0m
[25.865s] [01m[K/home/martina/rp_project/robot-programming-project/src/simple_robot/src/main.cpp:[m[K In constructor ‘[01m[KMapNode::MapNode()[m[K’:
[25.866s] [01m[K/home/martina/rp_project/robot-programming-project/src/simple_robot/src/main.cpp:190:20:[m[K [01;31m[Kerror: [m[Ktoo few arguments to function ‘[01m[Kvoid closeCanvas(Canvas&)[m[K’
[25.868s]   190 |         [01;31m[KcloseCanvas()[m[K;
[25.868s]       |         [01;31m[K~~~~~~~~~~~^~[m[K
[25.868s] In file included from [01m[K/home/martina/rp_project/robot-programming-project/src/simple_robot/src/../include/grid_map.h:5[m[K,
[25.868s]                  from [01m[K/home/martina/rp_project/robot-programming-project/src/simple_robot/src/main.cpp:9[m[K:
[25.868s] [01m[K/home/martina/rp_project/robot-programming-project/src/simple_robot/src/../include/map_utils.h:20:6:[m[K [01;36m[Knote: [m[Kdeclared here
[25.869s]    20 | void [01;36m[KcloseCanvas[m[K( Canvas& canvas);
[25.869s]       |      [01;36m[K^~~~~~~~~~~[m[K
[25.875s] gmake[2]: *** [src/CMakeFiles/grid_map.dir/build.make:132: src/CMakeFiles/grid_map.dir/main.cpp.o] Error 1
[25.875s] gmake[1]: *** [CMakeFiles/Makefile2:180: src/CMakeFiles/grid_map.dir/all] Error 2
[25.876s] gmake[1]: *** Waiting for unfinished jobs....
[26.245s] [01m[K/home/martina/rp_project/robot-programming-project/src/simple_robot/src/main.cpp:[m[K In constructor ‘[01m[KMapNode::MapNode()[m[K’:
[26.246s] [01m[K/home/martina/rp_project/robot-programming-project/src/simple_robot/src/main.cpp:190:20:[m[K [01;31m[Kerror: [m[Ktoo few arguments to function ‘[01m[Kvoid closeCanvas(Canvas&)[m[K’
[26.246s]   190 |         [01;31m[KcloseCanvas()[m[K;
[26.246s]       |         [01;31m[K~~~~~~~~~~~^~[m[K
[26.246s] In file included from [01m[K/home/martina/rp_project/robot-programming-project/src/simple_robot/src/../include/grid_map.h:5[m[K,
[26.246s]                  from [01m[K/home/martina/rp_project/robot-programming-project/src/simple_robot/src/main.cpp:9[m[K:
[26.246s] [01m[K/home/martina/rp_project/robot-programming-project/src/simple_robot/src/../include/map_utils.h:20:6:[m[K [01;36m[Knote: [m[Kdeclared here
[26.247s]    20 | void [01;36m[KcloseCanvas[m[K( Canvas& canvas);
[26.247s]       |      [01;36m[K^~~~~~~~~~~[m[K
[26.249s] gmake[2]: *** [CMakeFiles/robot_map_node.dir/build.make:132: CMakeFiles/robot_map_node.dir/src/main.cpp.o] Error 1
[26.249s] gmake[1]: *** [CMakeFiles/Makefile2:154: CMakeFiles/robot_map_node.dir/all] Error 2
[26.250s] gmake: *** [Makefile:146: all] Error 2
[26.254s] Invoked command in '/home/martina/rp_project/robot-programming-project/src/simple_robot/build/simple_robot' returned '2': CMAKE_PREFIX_PATH=${CMAKE_PREFIX_PATH}:/opt/ros/humble CONDA_PROMPT_MODIFIER=(base) /usr/bin/cmake --build /home/martina/rp_project/robot-programming-project/src/simple_robot/build/simple_robot -- -j4 -l4
