[0.000000] (-) TimerEvent: {}
[0.000339] (simple_robot) JobQueued: {'identifier': 'simple_robot', 'dependencies': OrderedDict()}
[0.000673] (simple_robot) JobStarted: {'identifier': 'simple_robot'}
[0.019411] (simple_robot) JobProgress: {'identifier': 'simple_robot', 'progress': 'cmake'}
[0.020495] (simple_robot) Command: {'cmd': ['/usr/bin/cmake', '/home/martina/rp_project/robot-programming-project/src/simple_robot', '-DCMAKE_INSTALL_PREFIX=/home/martina/rp_project/robot-programming-project/src/simple_robot/install/simple_robot'], 'cwd': '/home/martina/rp_project/robot-programming-project/src/simple_robot/build/simple_robot', 'env': OrderedDict([('GJS_DEBUG_TOPICS', 'JS ERROR;JS LOG'), ('LESSOPEN', '| /usr/bin/env /usr/bin/lesspipe %s 2>/dev/null'), ('CONDA_PROMPT_MODIFIER', '(base)'), ('LC_TIME', 'it_IT.UTF-8'), ('USER', 'martina'), ('XDG_SESSION_TYPE', 'wayland'), ('GIT_ASKPASS', '/usr/share/code/resources/app/extensions/git/dist/askpass.sh'), ('SHLVL', '2'), ('LD_LIBRARY_PATH', '/opt/ros/humble/opt/rviz_ogre_vendor/lib:/opt/ros/humble/lib/x86_64-linux-gnu:/opt/ros/humble/lib::/home/martina/.mujoco/mujoco210/bin:/usr/lib/nvidia:~/anaconda3/lib'), ('HOME', '/home/martina'), ('OLDPWD', '/home/martina/rp_project/robot-programming-project/src/simple_robot'), ('CHROME_DESKTOP', 'code.desktop'), ('TERMINFO', '/home/martina/.terminfo'), ('LESS', '-iRFXMx4'), ('CONDA_SHLVL', '1'), ('DESKTOP_SESSION', 'ubuntu'), ('TERM_PROGRAM_VERSION', '1.97.2'), ('GIO_LAUNCHED_DESKTOP_FILE', '/usr/share/applications/code.desktop'), ('LSCOLORS', 'ExGxDxDxCxDxDxFxFxexEx'), ('GTK_MODULES', 'gail:atk-bridge'), ('GNOME_SHELL_SESSION_MODE', 'ubuntu'), ('VSCODE_GIT_ASKPASS_MAIN', '/usr/share/code/resources/app/extensions/git/dist/askpass-main.js'), ('PAGER', 'less'), ('ROS_PYTHON_VERSION', '3'), ('LC_MONETARY', 'it_IT.UTF-8'), ('MANAGERPID', '887'), ('VSCODE_GIT_ASKPASS_NODE', '/usr/share/code/code'), ('SYSTEMD_EXEC_PID', '1152'), ('DBUS_SESSION_BUS_ADDRESS', 'unix:path=/run/user/1000/bus'), ('P9K_TTY', 'old'), ('GIO_LAUNCHED_DESKTOP_FILE_PID', '3260'), ('COLORTERM', 'truecolor'), ('_CE_M', ''), ('WAYLAND_DISPLAY', 'wayland-0'), ('INFOPATH', ''), ('ROS_DISTRO', 'humble'), ('COLCON_PREFIX_PATH', '/home/martina/rp_project/robot-programming-project/install:/home/martina/rp_project/robot-programming-project/src/simple_robot/install:/home/martina/rp_project/robot-programming-project/install'), ('LOGNAME', 'martina'), ('_', '/usr/bin/colcon'), ('JOURNAL_STREAM', '8:11413'), ('_P9K_SSH_TTY', '/dev/pts/3'), ('XDG_SESSION_CLASS', 'user'), ('USER_ZDOTDIR', '/home/martina'), ('ROS_VERSION', '2'), ('USERNAME', 'martina'), ('TERM', 'xterm-256color'), ('GNOME_DESKTOP_SESSION_ID', 'this-is-deprecated'), ('_CE_CONDA', ''), ('ROS_LOCALHOST_ONLY', '0'), ('PATH', '/opt/ros/humble/bin:/home/martina/.local/bin:/home/martina/.local/bin:/usr/lib/ccache:.:/home/martina/.mujoco/mujoco210/bin:/usr/lib/nvidia:/home/martina/anaconda3/condabin:/home/martina/bin:/home/martina/.local/bin:/usr/local/sbin:/usr/local/bin:/usr/sbin:/usr/bin:/sbin:/bin:/usr/games:/usr/local/games:/snap/bin:/home/martina/.cache/zsh4humans/v5/fzf/bin:/home/martina/other/install/bin'), ('SESSION_MANAGER', 'local/Martina-ThinkPad-X1-Yoga:@/tmp/.ICE-unix/1105,unix/Martina-ThinkPad-X1-Yoga:/tmp/.ICE-unix/1105'), ('INVOCATION_ID', 'abb78b4b018940349bd4da4c8fed9753'), ('LC_ADDRESS', 'it_IT.UTF-8'), ('XDG_RUNTIME_DIR', '/run/user/1000'), ('XDG_MENU_PREFIX', 'gnome-'), ('GNOME_SETUP_DISPLAY', ':1'), ('GDK_BACKEND', 'x11'), ('DISPLAY', ':0'), ('LANG', 'en_US.UTF-8'), ('LC_TELEPHONE', 'it_IT.UTF-8'), ('XDG_CURRENT_DESKTOP', 'Unity'), ('VSCODE_INJECTION', '1'), ('LD_PRELOAD', ':/usr/lib/x86_64-linux-gnu/libGLEW.so'), ('XDG_SESSION_DESKTOP', 'ubuntu'), ('XMODIFIERS', '@im=ibus'), ('XAUTHORITY', '/run/user/1000/.mutter-Xwaylandauth.L52E22'), ('TERM_PROGRAM', 'vscode'), ('VSCODE_GIT_IPC_HANDLE', '/run/user/1000/vscode-git-f640f2b3f6.sock'), ('LS_COLORS', 'fi=00:mi=00:mh=00:ln=01;36:or=01;31:di=01;34:ow=04;01;34:st=34:tw=04;34:pi=01;33:so=01;33:do=01;33:bd=01;33:cd=01;33:su=01;35:sg=01;35:ca=01;35:ex=01;32:no=38;5;248'), ('TREE_COLORS', 'fi=00:mi=00:mh=00:ln=01;36:or=01;31:di=01;34:ow=01;34:st=34:tw=34:pi=01;33:so=01;33:do=01;33:bd=01;33:cd=01;33:su=01;35:sg=01;35:ca=01;35:ex=01;32'), ('SSH_AGENT_LAUNCHER', 'gnome-keyring'), ('SSH_AUTH_SOCK', '/run/user/1000/keyring/ssh'), ('ORIGINAL_XDG_CURRENT_DESKTOP', 'ubuntu:GNOME'), ('CONDA_PYTHON_EXE', '/home/martina/anaconda3/bin/python'), ('AMENT_PREFIX_PATH', '/home/martina/rp_project/robot-programming-project/src/simple_robot/install/simple_robot:/home/martina/rp_project/robot-programming-project/install/simple_robot:/opt/ros/humble'), ('LC_NAME', 'it_IT.UTF-8'), ('SHELL', '/usr/local/bin/zsh'), ('DEST', '/home/martina/other/install'), ('QT_ACCESSIBILITY', '1'), ('GDMSESSION', 'ubuntu'), ('CONDA_DEFAULT_ENV', 'base'), ('LC_MEASUREMENT', 'it_IT.UTF-8'), ('LC_IDENTIFICATION', 'it_IT.UTF-8'), ('GJS_DEBUG_OUTPUT', 'stderr'), ('P9K_SSH', '0'), ('QT_IM_MODULE', 'ibus'), ('VSCODE_GIT_ASKPASS_EXTRA_ARGS', ''), ('VSCODE_NONCE', '1ad4f682-72d1-4075-8257-e4257286b7b3'), ('LC_ALL', 'en_US.UTF-8'), ('PWD', '/home/martina/rp_project/robot-programming-project/src/simple_robot/build/simple_robot'), ('GPG_TTY', '/dev/pts/3'), ('XDG_DATA_DIRS', '/usr/local/share/:/usr/share/:/var/lib/snapd/desktop'), ('ZDOTDIR', '/home/martina'), ('_P9K_TTY', '/dev/pts/3'), ('CONDA_EXE', '/home/martina/anaconda3/bin/conda'), ('LC_NUMERIC', 'it_IT.UTF-8'), ('PYTHONPATH', '/opt/ros/humble/lib/python3.10/site-packages:/opt/ros/humble/local/lib/python3.10/dist-packages:/home/martina/other/install/lib/python3.10/site-packages/'), ('LC_PAPER', 'it_IT.UTF-8'), ('CONDA_PREFIX', '/home/martina/anaconda3'), ('COLCON', '1'), ('MANPATH', '/usr/local/share/man:/home/martina/.cache/zsh4humans/v5/fzf/man:'), ('CMAKE_PREFIX_PATH', '/home/martina/rp_project/robot-programming-project/src/simple_robot/install/simple_robot:/home/martina/rp_project/robot-programming-project/install/simple_robot:/opt/ros/humble')]), 'shell': False}
[0.099740] (-) TimerEvent: {}
[0.144012] (simple_robot) StdoutLine: {'line': b'-- The C compiler identification is GNU 11.4.0\n'}
[0.199881] (-) TimerEvent: {}
[0.282287] (simple_robot) StdoutLine: {'line': b'-- The CXX compiler identification is GNU 11.4.0\n'}
[0.300211] (-) TimerEvent: {}
[0.311773] (simple_robot) StdoutLine: {'line': b'-- Detecting C compiler ABI info\n'}
[0.400366] (-) TimerEvent: {}
[0.468871] (simple_robot) StdoutLine: {'line': b'-- Detecting C compiler ABI info - done\n'}
[0.479978] (simple_robot) StdoutLine: {'line': b'-- Check for working C compiler: /usr/lib/ccache/cc - skipped\n'}
[0.480428] (simple_robot) StdoutLine: {'line': b'-- Detecting C compile features\n'}
[0.481236] (simple_robot) StdoutLine: {'line': b'-- Detecting C compile features - done\n'}
[0.486433] (simple_robot) StdoutLine: {'line': b'-- Detecting CXX compiler ABI info\n'}
[0.500608] (-) TimerEvent: {}
[0.600989] (-) TimerEvent: {}
[0.669421] (simple_robot) StdoutLine: {'line': b'-- Detecting CXX compiler ABI info - done\n'}
[0.693303] (simple_robot) StdoutLine: {'line': b'-- Check for working CXX compiler: /usr/lib/ccache/c++ - skipped\n'}
[0.695331] (simple_robot) StdoutLine: {'line': b'-- Detecting CXX compile features\n'}
[0.696617] (simple_robot) StdoutLine: {'line': b'-- Detecting CXX compile features - done\n'}
[0.703152] (-) TimerEvent: {}
[0.716239] (simple_robot) StdoutLine: {'line': b'-- Found OpenCV: /usr (found suitable version "4.5.4", minimum required is "4.5.4") \n'}
[0.720154] (simple_robot) StdoutLine: {'line': b'-- Found ament_cmake: 1.3.11 (/opt/ros/humble/share/ament_cmake/cmake)\n'}
[0.803292] (-) TimerEvent: {}
[0.903670] (-) TimerEvent: {}
[0.998837] (simple_robot) StdoutLine: {'line': b'-- Found Python3: /usr/bin/python3 (found version "3.10.12") found components: Interpreter \n'}
[1.003797] (-) TimerEvent: {}
[1.104179] (-) TimerEvent: {}
[1.145986] (simple_robot) StdoutLine: {'line': b'-- Found rclcpp: 16.0.11 (/opt/ros/humble/share/rclcpp/cmake)\n'}
[1.204302] (-) TimerEvent: {}
[1.211925] (simple_robot) StdoutLine: {'line': b'-- Found rosidl_generator_c: 3.1.6 (/opt/ros/humble/share/rosidl_generator_c/cmake)\n'}
[1.222849] (simple_robot) StdoutLine: {'line': b'-- Found rosidl_adapter: 3.1.6 (/opt/ros/humble/share/rosidl_adapter/cmake)\n'}
[1.237464] (simple_robot) StdoutLine: {'line': b'-- Found rosidl_generator_cpp: 3.1.6 (/opt/ros/humble/share/rosidl_generator_cpp/cmake)\n'}
[1.259356] (simple_robot) StdoutLine: {'line': b'-- Using all available rosidl_typesupport_c: rosidl_typesupport_fastrtps_c;rosidl_typesupport_introspection_c\n'}
[1.296624] (simple_robot) StdoutLine: {'line': b'-- Using all available rosidl_typesupport_cpp: rosidl_typesupport_fastrtps_cpp;rosidl_typesupport_introspection_cpp\n'}
[1.304433] (-) TimerEvent: {}
[1.373010] (simple_robot) StdoutLine: {'line': b'-- Found rmw_implementation_cmake: 6.1.2 (/opt/ros/humble/share/rmw_implementation_cmake/cmake)\n'}
[1.376649] (simple_robot) StdoutLine: {'line': b'-- Found rmw_fastrtps_cpp: 6.2.7 (/opt/ros/humble/share/rmw_fastrtps_cpp/cmake)\n'}
[1.404518] (-) TimerEvent: {}
[1.504815] (-) TimerEvent: {}
[1.578416] (simple_robot) StdoutLine: {'line': b'-- Found OpenSSL: /usr/lib/x86_64-linux-gnu/libcrypto.so (found version "3.0.2")  \n'}
[1.604960] (-) TimerEvent: {}
[1.631958] (simple_robot) StdoutLine: {'line': b'-- Found FastRTPS: /opt/ros/humble/include  \n'}
[1.705077] (-) TimerEvent: {}
[1.719311] (simple_robot) StdoutLine: {'line': b"-- Using RMW implementation 'rmw_fastrtps_cpp' as default\n"}
[1.736212] (simple_robot) StdoutLine: {'line': b'-- Looking for pthread.h\n'}
[1.805172] (-) TimerEvent: {}
[1.880158] (simple_robot) StdoutLine: {'line': b'-- Looking for pthread.h - found\n'}
[1.880574] (simple_robot) StdoutLine: {'line': b'-- Performing Test CMAKE_HAVE_LIBC_PTHREAD\n'}
[1.905323] (-) TimerEvent: {}
[2.005847] (-) TimerEvent: {}
[2.020880] (simple_robot) StdoutLine: {'line': b'-- Performing Test CMAKE_HAVE_LIBC_PTHREAD - Success\n'}
[2.023370] (simple_robot) StdoutLine: {'line': b'-- Found Threads: TRUE  \n'}
[2.105950] (-) TimerEvent: {}
[2.126937] (simple_robot) StdoutLine: {'line': b'-- Found geometry_msgs: 4.2.4 (/opt/ros/humble/share/geometry_msgs/cmake)\n'}
[2.161757] (simple_robot) StdoutLine: {'line': b'-- Found OpenCV: /usr (found version "4.5.4") \n'}
[2.206093] (-) TimerEvent: {}
[2.284565] (simple_robot) StdoutLine: {'line': b'-- DATA_DIR: /home/martina/rp_project/robot-programming-project/src/simple_robot/data\n'}
[2.285129] (simple_robot) StdoutLine: {'line': b'-- Configuring done\n'}
[2.306310] (-) TimerEvent: {}
[2.363276] (simple_robot) StdoutLine: {'line': b'-- Generating done\n'}
[2.385465] (simple_robot) StdoutLine: {'line': b'-- Build files have been written to: /home/martina/rp_project/robot-programming-project/src/simple_robot/build/simple_robot\n'}
[2.406543] (-) TimerEvent: {}
[2.413148] (simple_robot) CommandEnded: {'returncode': 0}
[2.417867] (simple_robot) JobProgress: {'identifier': 'simple_robot', 'progress': 'build'}
[2.417942] (simple_robot) Command: {'cmd': ['/usr/bin/cmake', '--build', '/home/martina/rp_project/robot-programming-project/src/simple_robot/build/simple_robot', '--', '-j4', '-l4'], 'cwd': '/home/martina/rp_project/robot-programming-project/src/simple_robot/build/simple_robot', 'env': OrderedDict([('GJS_DEBUG_TOPICS', 'JS ERROR;JS LOG'), ('LESSOPEN', '| /usr/bin/env /usr/bin/lesspipe %s 2>/dev/null'), ('CONDA_PROMPT_MODIFIER', '(base)'), ('LC_TIME', 'it_IT.UTF-8'), ('USER', 'martina'), ('XDG_SESSION_TYPE', 'wayland'), ('GIT_ASKPASS', '/usr/share/code/resources/app/extensions/git/dist/askpass.sh'), ('SHLVL', '2'), ('LD_LIBRARY_PATH', '/opt/ros/humble/opt/rviz_ogre_vendor/lib:/opt/ros/humble/lib/x86_64-linux-gnu:/opt/ros/humble/lib::/home/martina/.mujoco/mujoco210/bin:/usr/lib/nvidia:~/anaconda3/lib'), ('HOME', '/home/martina'), ('OLDPWD', '/home/martina/rp_project/robot-programming-project/src/simple_robot'), ('CHROME_DESKTOP', 'code.desktop'), ('TERMINFO', '/home/martina/.terminfo'), ('LESS', '-iRFXMx4'), ('CONDA_SHLVL', '1'), ('DESKTOP_SESSION', 'ubuntu'), ('TERM_PROGRAM_VERSION', '1.97.2'), ('GIO_LAUNCHED_DESKTOP_FILE', '/usr/share/applications/code.desktop'), ('LSCOLORS', 'ExGxDxDxCxDxDxFxFxexEx'), ('GTK_MODULES', 'gail:atk-bridge'), ('GNOME_SHELL_SESSION_MODE', 'ubuntu'), ('VSCODE_GIT_ASKPASS_MAIN', '/usr/share/code/resources/app/extensions/git/dist/askpass-main.js'), ('PAGER', 'less'), ('ROS_PYTHON_VERSION', '3'), ('LC_MONETARY', 'it_IT.UTF-8'), ('MANAGERPID', '887'), ('VSCODE_GIT_ASKPASS_NODE', '/usr/share/code/code'), ('SYSTEMD_EXEC_PID', '1152'), ('DBUS_SESSION_BUS_ADDRESS', 'unix:path=/run/user/1000/bus'), ('P9K_TTY', 'old'), ('GIO_LAUNCHED_DESKTOP_FILE_PID', '3260'), ('COLORTERM', 'truecolor'), ('_CE_M', ''), ('WAYLAND_DISPLAY', 'wayland-0'), ('INFOPATH', ''), ('ROS_DISTRO', 'humble'), ('COLCON_PREFIX_PATH', '/home/martina/rp_project/robot-programming-project/install:/home/martina/rp_project/robot-programming-project/src/simple_robot/install:/home/martina/rp_project/robot-programming-project/install'), ('LOGNAME', 'martina'), ('_', '/usr/bin/colcon'), ('JOURNAL_STREAM', '8:11413'), ('_P9K_SSH_TTY', '/dev/pts/3'), ('XDG_SESSION_CLASS', 'user'), ('USER_ZDOTDIR', '/home/martina'), ('ROS_VERSION', '2'), ('USERNAME', 'martina'), ('TERM', 'xterm-256color'), ('GNOME_DESKTOP_SESSION_ID', 'this-is-deprecated'), ('_CE_CONDA', ''), ('ROS_LOCALHOST_ONLY', '0'), ('PATH', '/opt/ros/humble/bin:/home/martina/.local/bin:/home/martina/.local/bin:/usr/lib/ccache:.:/home/martina/.mujoco/mujoco210/bin:/usr/lib/nvidia:/home/martina/anaconda3/condabin:/home/martina/bin:/home/martina/.local/bin:/usr/local/sbin:/usr/local/bin:/usr/sbin:/usr/bin:/sbin:/bin:/usr/games:/usr/local/games:/snap/bin:/home/martina/.cache/zsh4humans/v5/fzf/bin:/home/martina/other/install/bin'), ('SESSION_MANAGER', 'local/Martina-ThinkPad-X1-Yoga:@/tmp/.ICE-unix/1105,unix/Martina-ThinkPad-X1-Yoga:/tmp/.ICE-unix/1105'), ('INVOCATION_ID', 'abb78b4b018940349bd4da4c8fed9753'), ('LC_ADDRESS', 'it_IT.UTF-8'), ('XDG_RUNTIME_DIR', '/run/user/1000'), ('XDG_MENU_PREFIX', 'gnome-'), ('GNOME_SETUP_DISPLAY', ':1'), ('GDK_BACKEND', 'x11'), ('DISPLAY', ':0'), ('LANG', 'en_US.UTF-8'), ('LC_TELEPHONE', 'it_IT.UTF-8'), ('XDG_CURRENT_DESKTOP', 'Unity'), ('VSCODE_INJECTION', '1'), ('LD_PRELOAD', ':/usr/lib/x86_64-linux-gnu/libGLEW.so'), ('XDG_SESSION_DESKTOP', 'ubuntu'), ('XMODIFIERS', '@im=ibus'), ('XAUTHORITY', '/run/user/1000/.mutter-Xwaylandauth.L52E22'), ('TERM_PROGRAM', 'vscode'), ('VSCODE_GIT_IPC_HANDLE', '/run/user/1000/vscode-git-f640f2b3f6.sock'), ('LS_COLORS', 'fi=00:mi=00:mh=00:ln=01;36:or=01;31:di=01;34:ow=04;01;34:st=34:tw=04;34:pi=01;33:so=01;33:do=01;33:bd=01;33:cd=01;33:su=01;35:sg=01;35:ca=01;35:ex=01;32:no=38;5;248'), ('TREE_COLORS', 'fi=00:mi=00:mh=00:ln=01;36:or=01;31:di=01;34:ow=01;34:st=34:tw=34:pi=01;33:so=01;33:do=01;33:bd=01;33:cd=01;33:su=01;35:sg=01;35:ca=01;35:ex=01;32'), ('SSH_AGENT_LAUNCHER', 'gnome-keyring'), ('SSH_AUTH_SOCK', '/run/user/1000/keyring/ssh'), ('ORIGINAL_XDG_CURRENT_DESKTOP', 'ubuntu:GNOME'), ('CONDA_PYTHON_EXE', '/home/martina/anaconda3/bin/python'), ('AMENT_PREFIX_PATH', '/home/martina/rp_project/robot-programming-project/src/simple_robot/install/simple_robot:/home/martina/rp_project/robot-programming-project/install/simple_robot:/opt/ros/humble'), ('LC_NAME', 'it_IT.UTF-8'), ('SHELL', '/usr/local/bin/zsh'), ('DEST', '/home/martina/other/install'), ('QT_ACCESSIBILITY', '1'), ('GDMSESSION', 'ubuntu'), ('CONDA_DEFAULT_ENV', 'base'), ('LC_MEASUREMENT', 'it_IT.UTF-8'), ('LC_IDENTIFICATION', 'it_IT.UTF-8'), ('GJS_DEBUG_OUTPUT', 'stderr'), ('P9K_SSH', '0'), ('QT_IM_MODULE', 'ibus'), ('VSCODE_GIT_ASKPASS_EXTRA_ARGS', ''), ('VSCODE_NONCE', '1ad4f682-72d1-4075-8257-e4257286b7b3'), ('LC_ALL', 'en_US.UTF-8'), ('PWD', '/home/martina/rp_project/robot-programming-project/src/simple_robot/build/simple_robot'), ('GPG_TTY', '/dev/pts/3'), ('XDG_DATA_DIRS', '/usr/local/share/:/usr/share/:/var/lib/snapd/desktop'), ('ZDOTDIR', '/home/martina'), ('_P9K_TTY', '/dev/pts/3'), ('CONDA_EXE', '/home/martina/anaconda3/bin/conda'), ('LC_NUMERIC', 'it_IT.UTF-8'), ('PYTHONPATH', '/opt/ros/humble/lib/python3.10/site-packages:/opt/ros/humble/local/lib/python3.10/dist-packages:/home/martina/other/install/lib/python3.10/site-packages/'), ('LC_PAPER', 'it_IT.UTF-8'), ('CONDA_PREFIX', '/home/martina/anaconda3'), ('COLCON', '1'), ('MANPATH', '/usr/local/share/man:/home/martina/.cache/zsh4humans/v5/fzf/man:'), ('CMAKE_PREFIX_PATH', '/home/martina/rp_project/robot-programming-project/src/simple_robot/install/simple_robot:/home/martina/rp_project/robot-programming-project/install/simple_robot:/opt/ros/humble')]), 'shell': False}
[2.508954] (-) TimerEvent: {}
[2.531571] (simple_robot) StdoutLine: {'line': b'\x1b[35m\x1b[1mConsolidate compiler generated dependencies of target robot_node\x1b[0m\n'}
[2.537176] (simple_robot) StdoutLine: {'line': b'\x1b[35m\x1b[1mConsolidate compiler generated dependencies of target grid_map\x1b[0m\n'}
[2.538347] (simple_robot) StdoutLine: {'line': b'\x1b[35m\x1b[1mConsolidate compiler generated dependencies of target robot_map_node\x1b[0m\n'}
[2.610896] (-) TimerEvent: {}
[2.616792] (simple_robot) StdoutLine: {'line': b'[  5%] \x1b[32mBuilding CXX object src/CMakeFiles/grid_map.dir/grid_map.cpp.o\x1b[0m\n'}
[2.630138] (simple_robot) StdoutLine: {'line': b'[ 10%] \x1b[32mBuilding CXX object src/CMakeFiles/grid_map.dir/map_utils.cpp.o\x1b[0m\n'}
[2.652752] (simple_robot) StdoutLine: {'line': b'[ 15%] \x1b[32mBuilding CXX object CMakeFiles/robot_map_node.dir/src/grid_map.cpp.o\x1b[0m\n'}
[2.672275] (simple_robot) StdoutLine: {'line': b'[ 20%] \x1b[32mBuilding CXX object CMakeFiles/robot_node.dir/src/robot_node.cpp.o\x1b[0m\n'}
[2.711025] (-) TimerEvent: {}
[2.811416] (-) TimerEvent: {}
[2.914424] (-) TimerEvent: {}
[3.016160] (-) TimerEvent: {}
[3.116573] (-) TimerEvent: {}
[3.216932] (-) TimerEvent: {}
[3.317837] (-) TimerEvent: {}
[3.418415] (-) TimerEvent: {}
[3.491467] (simple_robot) StdoutLine: {'line': b'[ 25%] \x1b[32mBuilding CXX object CMakeFiles/robot_node.dir/src/robot.cpp.o\x1b[0m\n'}
[3.520135] (-) TimerEvent: {}
[3.620482] (-) TimerEvent: {}
[3.721080] (-) TimerEvent: {}
[3.821781] (-) TimerEvent: {}
[3.922767] (-) TimerEvent: {}
[3.978829] (simple_robot) StdoutLine: {'line': b'[ 30%] \x1b[32mBuilding CXX object src/CMakeFiles/grid_map.dir/robot.cpp.o\x1b[0m\n'}
[4.022872] (-) TimerEvent: {}
[4.123248] (-) TimerEvent: {}
[4.173536] (simple_robot) StdoutLine: {'line': b'[ 35%] \x1b[32mBuilding CXX object CMakeFiles/robot_map_node.dir/src/robot.cpp.o\x1b[0m\n'}
[4.223358] (-) TimerEvent: {}
[4.323756] (-) TimerEvent: {}
[4.425143] (-) TimerEvent: {}
[4.525555] (-) TimerEvent: {}
[4.630380] (-) TimerEvent: {}
[4.709126] (simple_robot) StdoutLine: {'line': b'[ 40%] \x1b[32mBuilding CXX object src/CMakeFiles/grid_map.dir/dmap.cpp.o\x1b[0m\n'}
[4.729274] (-) TimerEvent: {}
[4.829624] (-) TimerEvent: {}
[4.930006] (-) TimerEvent: {}
[4.967153] (simple_robot) StdoutLine: {'line': b'[ 45%] \x1b[32m\x1b[1mLinking CXX executable robot_node\x1b[0m\n'}
[5.030124] (-) TimerEvent: {}
[5.132141] (-) TimerEvent: {}
[5.215257] (simple_robot) StdoutLine: {'line': b'[ 50%] \x1b[32mBuilding CXX object CMakeFiles/robot_map_node.dir/src/dmap.cpp.o\x1b[0m\n'}
[5.235147] (-) TimerEvent: {}
[5.338155] (-) TimerEvent: {}
[5.438589] (-) TimerEvent: {}
[5.539019] (-) TimerEvent: {}
[5.639467] (-) TimerEvent: {}
[5.740196] (-) TimerEvent: {}
[5.841119] (simple_robot) StdoutLine: {'line': b'[ 55%] \x1b[32mBuilding CXX object CMakeFiles/robot_map_node.dir/src/map_utils.cpp.o\x1b[0m\n'}
[5.841931] (-) TimerEvent: {}
[5.876158] (simple_robot) StdoutLine: {'line': b'[ 60%] \x1b[32mBuilding CXX object src/CMakeFiles/grid_map.dir/main.cpp.o\x1b[0m\n'}
[5.882998] (simple_robot) StdoutLine: {'line': b'[ 65%] \x1b[32mBuilding CXX object src/CMakeFiles/grid_map.dir/robot_node.cpp.o\x1b[0m\n'}
[5.942206] (-) TimerEvent: {}
[6.042827] (-) TimerEvent: {}
[6.146298] (-) TimerEvent: {}
[6.247135] (-) TimerEvent: {}
[6.350166] (-) TimerEvent: {}
[6.406271] (simple_robot) StderrLine: {'line': b"/usr/bin/ld: CMakeFiles/robot_node.dir/src/robot.cpp.o: in function `Robot::draw(cv::Mat&, GridMap const&, unsigned char, int)':\n"}
[6.408548] (simple_robot) StderrLine: {'line': b"robot.cpp:(.text+0x1f3): undefined reference to `drawCircle(cv::Mat&, Eigen::Matrix<int, 2, 1, 0, 2, 1> const&, int, unsigned char)'\n"}
[6.451744] (-) TimerEvent: {}
[6.462140] (simple_robot) StderrLine: {'line': b'collect2: error: ld returned 1 exit status\n'}
[6.467025] (simple_robot) StderrLine: {'line': b'gmake[2]: *** [CMakeFiles/robot_node.dir/build.make:237: robot_node] Error 1\n'}
[6.468449] (simple_robot) StderrLine: {'line': b'gmake[1]: *** [CMakeFiles/Makefile2:176: CMakeFiles/robot_node.dir/all] Error 2\n'}
[6.474036] (simple_robot) StderrLine: {'line': b'gmake[1]: *** Waiting for unfinished jobs....\n'}
[6.531670] (simple_robot) StdoutLine: {'line': b'[ 70%] \x1b[32mBuilding CXX object CMakeFiles/robot_map_node.dir/src/main.cpp.o\x1b[0m\n'}
[6.554300] (-) TimerEvent: {}
[6.656228] (-) TimerEvent: {}
[6.759139] (-) TimerEvent: {}
[6.860043] (-) TimerEvent: {}
[6.960485] (-) TimerEvent: {}
[7.062887] (-) TimerEvent: {}
[7.163633] (-) TimerEvent: {}
[7.264551] (-) TimerEvent: {}
[7.366480] (-) TimerEvent: {}
[7.466919] (-) TimerEvent: {}
[7.568760] (-) TimerEvent: {}
[7.669966] (-) TimerEvent: {}
[7.770976] (-) TimerEvent: {}
[7.871807] (-) TimerEvent: {}
[7.972675] (-) TimerEvent: {}
[8.075100] (-) TimerEvent: {}
[8.175497] (-) TimerEvent: {}
[8.276527] (-) TimerEvent: {}
[8.377477] (-) TimerEvent: {}
[8.478359] (-) TimerEvent: {}
[8.586160] (-) TimerEvent: {}
[8.686554] (-) TimerEvent: {}
[8.787004] (-) TimerEvent: {}
[8.887464] (-) TimerEvent: {}
[8.989149] (-) TimerEvent: {}
[9.089573] (-) TimerEvent: {}
[9.189975] (-) TimerEvent: {}
[9.293144] (-) TimerEvent: {}
[9.393803] (-) TimerEvent: {}
[9.494209] (-) TimerEvent: {}
[9.594616] (-) TimerEvent: {}
[9.695569] (-) TimerEvent: {}
[9.796604] (-) TimerEvent: {}
[9.899178] (-) TimerEvent: {}
[9.999609] (-) TimerEvent: {}
[10.100599] (-) TimerEvent: {}
[10.201682] (-) TimerEvent: {}
[10.302683] (-) TimerEvent: {}
[10.403660] (-) TimerEvent: {}
[10.504665] (-) TimerEvent: {}
[10.605283] (-) TimerEvent: {}
[10.706380] (-) TimerEvent: {}
[10.808142] (-) TimerEvent: {}
[10.908543] (-) TimerEvent: {}
[11.009151] (-) TimerEvent: {}
[11.109827] (-) TimerEvent: {}
[11.210253] (-) TimerEvent: {}
[11.316144] (-) TimerEvent: {}
[11.416560] (-) TimerEvent: {}
[11.517024] (-) TimerEvent: {}
[11.618061] (-) TimerEvent: {}
[11.719140] (-) TimerEvent: {}
[11.821005] (-) TimerEvent: {}
[11.922092] (-) TimerEvent: {}
[12.023190] (-) TimerEvent: {}
[12.123796] (-) TimerEvent: {}
[12.225118] (-) TimerEvent: {}
[12.327755] (-) TimerEvent: {}
[12.428862] (-) TimerEvent: {}
[12.529815] (-) TimerEvent: {}
[12.630267] (-) TimerEvent: {}
[12.731366] (-) TimerEvent: {}
[12.832408] (-) TimerEvent: {}
[12.933462] (-) TimerEvent: {}
[13.034131] (-) TimerEvent: {}
[13.135143] (-) TimerEvent: {}
[13.236236] (-) TimerEvent: {}
[13.338237] (-) TimerEvent: {}
[13.439048] (-) TimerEvent: {}
[13.540199] (-) TimerEvent: {}
[13.640612] (-) TimerEvent: {}
[13.741284] (-) TimerEvent: {}
[13.842037] (-) TimerEvent: {}
[13.942940] (-) TimerEvent: {}
[14.043851] (-) TimerEvent: {}
[14.144656] (-) TimerEvent: {}
[14.245560] (-) TimerEvent: {}
[14.347208] (-) TimerEvent: {}
[14.447620] (-) TimerEvent: {}
[14.548677] (-) TimerEvent: {}
[14.649769] (-) TimerEvent: {}
[14.750729] (-) TimerEvent: {}
[14.852229] (-) TimerEvent: {}
[14.952625] (-) TimerEvent: {}
[15.053586] (-) TimerEvent: {}
[15.154728] (-) TimerEvent: {}
[15.255549] (-) TimerEvent: {}
[15.357242] (-) TimerEvent: {}
[15.458089] (-) TimerEvent: {}
[15.559130] (-) TimerEvent: {}
[15.659951] (-) TimerEvent: {}
[15.763150] (-) TimerEvent: {}
[15.863541] (-) TimerEvent: {}
[15.963938] (-) TimerEvent: {}
[16.064926] (-) TimerEvent: {}
[16.168366] (-) TimerEvent: {}
[16.269405] (-) TimerEvent: {}
[16.370559] (-) TimerEvent: {}
[16.471605] (-) TimerEvent: {}
[16.572719] (-) TimerEvent: {}
[16.674097] (-) TimerEvent: {}
[16.774887] (-) TimerEvent: {}
[16.875888] (-) TimerEvent: {}
[16.976552] (-) TimerEvent: {}
[17.077322] (-) TimerEvent: {}
[17.178420] (-) TimerEvent: {}
[17.279323] (-) TimerEvent: {}
[17.380105] (-) TimerEvent: {}
[17.480889] (-) TimerEvent: {}
[17.582843] (-) TimerEvent: {}
[17.684142] (-) TimerEvent: {}
[17.784542] (-) TimerEvent: {}
[17.888162] (-) TimerEvent: {}
[17.988566] (-) TimerEvent: {}
[18.088992] (-) TimerEvent: {}
[18.191036] (-) TimerEvent: {}
[18.291971] (-) TimerEvent: {}
[18.392391] (-) TimerEvent: {}
[18.493548] (-) TimerEvent: {}
[18.595188] (-) TimerEvent: {}
[18.695601] (-) TimerEvent: {}
[18.796011] (-) TimerEvent: {}
[18.897320] (-) TimerEvent: {}
[18.997708] (-) TimerEvent: {}
[19.100329] (-) TimerEvent: {}
[19.200708] (-) TimerEvent: {}
[19.301153] (-) TimerEvent: {}
[19.401554] (-) TimerEvent: {}
[19.501949] (-) TimerEvent: {}
[19.602365] (-) TimerEvent: {}
[19.705326] (-) TimerEvent: {}
[19.805735] (-) TimerEvent: {}
[19.906619] (-) TimerEvent: {}
[20.007829] (-) TimerEvent: {}
[20.111144] (-) TimerEvent: {}
[20.211554] (-) TimerEvent: {}
[20.311943] (-) TimerEvent: {}
[20.412886] (-) TimerEvent: {}
[20.513726] (-) TimerEvent: {}
[20.614101] (-) TimerEvent: {}
[20.715537] (-) TimerEvent: {}
[20.816613] (-) TimerEvent: {}
[20.917262] (-) TimerEvent: {}
[21.018115] (-) TimerEvent: {}
[21.120387] (-) TimerEvent: {}
[21.220791] (-) TimerEvent: {}
[21.321147] (-) TimerEvent: {}
[21.423143] (-) TimerEvent: {}
[21.523649] (-) TimerEvent: {}
[21.625840] (-) TimerEvent: {}
[21.727127] (-) TimerEvent: {}
[21.828138] (-) TimerEvent: {}
[21.928793] (-) TimerEvent: {}
[22.029737] (-) TimerEvent: {}
[22.131680] (-) TimerEvent: {}
[22.232085] (-) TimerEvent: {}
[22.332875] (-) TimerEvent: {}
[22.433970] (-) TimerEvent: {}
[22.535626] (-) TimerEvent: {}
[22.636661] (-) TimerEvent: {}
[22.737548] (-) TimerEvent: {}
[22.837965] (-) TimerEvent: {}
[22.938865] (-) TimerEvent: {}
[23.039684] (-) TimerEvent: {}
[23.140664] (-) TimerEvent: {}
[23.241089] (-) TimerEvent: {}
[23.341923] (-) TimerEvent: {}
[23.443178] (-) TimerEvent: {}
[23.544355] (-) TimerEvent: {}
[23.646300] (-) TimerEvent: {}
[23.747340] (-) TimerEvent: {}
[23.847982] (-) TimerEvent: {}
[23.948916] (-) TimerEvent: {}
[24.049741] (-) TimerEvent: {}
[24.150119] (-) TimerEvent: {}
[24.250972] (-) TimerEvent: {}
[24.351648] (-) TimerEvent: {}
[24.451992] (-) TimerEvent: {}
[24.553132] (-) TimerEvent: {}
[24.653474] (-) TimerEvent: {}
[24.756143] (-) TimerEvent: {}
[24.856517] (-) TimerEvent: {}
[24.957121] (-) TimerEvent: {}
[25.058045] (-) TimerEvent: {}
[25.158671] (-) TimerEvent: {}
[25.260633] (-) TimerEvent: {}
[25.361559] (-) TimerEvent: {}
[25.462286] (-) TimerEvent: {}
[25.506694] (simple_robot) StdoutLine: {'line': b'[ 75%] \x1b[32m\x1b[1mLinking CXX executable robot_map_node\x1b[0m\n'}
[25.562403] (-) TimerEvent: {}
[25.666108] (-) TimerEvent: {}
[25.766489] (-) TimerEvent: {}
[25.866980] (-) TimerEvent: {}
[25.967644] (-) TimerEvent: {}
[26.068045] (-) TimerEvent: {}
[26.168464] (-) TimerEvent: {}
[26.268841] (-) TimerEvent: {}
[26.369261] (-) TimerEvent: {}
[26.469646] (-) TimerEvent: {}
[26.570010] (-) TimerEvent: {}
[26.670374] (-) TimerEvent: {}
[26.771154] (-) TimerEvent: {}
[26.871525] (-) TimerEvent: {}
[26.971911] (-) TimerEvent: {}
[27.072413] (-) TimerEvent: {}
[27.077802] (simple_robot) StderrLine: {'line': b"/usr/bin/ld: CMakeFiles/robot_map_node.dir/src/main.cpp.o: in function `std::enable_if<rosidl_generator_traits::is_message<geometry_msgs::msg::Pose2D_<std::allocator<void> > >::value, rosidl_message_type_support_t const&>::type rclcpp::get_message_type_support_handle<geometry_msgs::msg::Pose2D_<std::allocator<void> > >()':\n"}
[27.078169] (simple_robot) StderrLine: {'line': b"main.cpp:(.text._ZN6rclcpp31get_message_type_support_handleIN13geometry_msgs3msg7Pose2D_ISaIvEEEEENSt9enable_ifIXsrN23rosidl_generator_traits10is_messageIT_EE5valueERK29rosidl_message_type_support_tE4typeEv[_ZN6rclcpp31get_message_type_support_handleIN13geometry_msgs3msg7Pose2D_ISaIvEEEEENSt9enable_ifIXsrN23rosidl_generator_traits10is_messageIT_EE5valueERK29rosidl_message_type_support_tE4typeEv]+0x10): undefined reference to `rosidl_message_type_support_t const* rosidl_typesupport_cpp::get_message_type_support_handle<geometry_msgs::msg::Pose2D_<std::allocator<void> > >()'\n"}
[27.088152] (simple_robot) StderrLine: {'line': b"/usr/bin/ld: CMakeFiles/robot_map_node.dir/src/main.cpp.o: in function `std::enable_if<rosidl_generator_traits::is_message<std_msgs::msg::Float32_<std::allocator<void> > >::value, rosidl_message_type_support_t const&>::type rclcpp::get_message_type_support_handle<std_msgs::msg::Float32_<std::allocator<void> > >()':\n"}
[27.091493] (simple_robot) StderrLine: {'line': b"main.cpp:(.text._ZN6rclcpp31get_message_type_support_handleIN8std_msgs3msg8Float32_ISaIvEEEEENSt9enable_ifIXsrN23rosidl_generator_traits10is_messageIT_EE5valueERK29rosidl_message_type_support_tE4typeEv[_ZN6rclcpp31get_message_type_support_handleIN8std_msgs3msg8Float32_ISaIvEEEEENSt9enable_ifIXsrN23rosidl_generator_traits10is_messageIT_EE5valueERK29rosidl_message_type_support_tE4typeEv]+0x10): undefined reference to `rosidl_message_type_support_t const* rosidl_typesupport_cpp::get_message_type_support_handle<std_msgs::msg::Float32_<std::allocator<void> > >()'\n"}
[27.172543] (-) TimerEvent: {}
[27.237983] (simple_robot) StderrLine: {'line': b'collect2: error: ld returned 1 exit status\n'}
[27.241574] (simple_robot) StderrLine: {'line': b'gmake[2]: *** [CMakeFiles/robot_map_node.dir/build.make:269: robot_map_node] Error 1\n'}
[27.242197] (simple_robot) StderrLine: {'line': b'gmake[1]: *** [CMakeFiles/Makefile2:202: CMakeFiles/robot_map_node.dir/all] Error 2\n'}
[27.273189] (-) TimerEvent: {}
[27.373700] (-) TimerEvent: {}
[27.474103] (-) TimerEvent: {}
[27.574476] (-) TimerEvent: {}
[27.674907] (-) TimerEvent: {}
[27.775307] (-) TimerEvent: {}
[27.875750] (-) TimerEvent: {}
[27.976177] (-) TimerEvent: {}
[28.075560] (simple_robot) StdoutLine: {'line': b'[ 80%] \x1b[32m\x1b[1mLinking CXX shared library libgrid_map.so\x1b[0m\n'}
[28.076249] (-) TimerEvent: {}
[28.176566] (-) TimerEvent: {}
[28.270227] (simple_robot) StderrLine: {'line': b"/usr/bin/ld: CMakeFiles/grid_map.dir/robot_node.cpp.o: in function `main':\n"}
[28.274337] (simple_robot) StderrLine: {'line': b"robot_node.cpp:(.text+0x69): multiple definition of `main'; CMakeFiles/grid_map.dir/main.cpp.o:main.cpp:(.text+0x69): first defined here\n"}
[28.276690] (-) TimerEvent: {}
[28.377278] (-) TimerEvent: {}
[28.478036] (-) TimerEvent: {}
[28.578450] (-) TimerEvent: {}
[28.678912] (-) TimerEvent: {}
[28.779297] (-) TimerEvent: {}
[28.879707] (-) TimerEvent: {}
[28.980345] (-) TimerEvent: {}
[29.080750] (-) TimerEvent: {}
[29.181149] (-) TimerEvent: {}
[29.281539] (-) TimerEvent: {}
[29.381907] (-) TimerEvent: {}
[29.482276] (-) TimerEvent: {}
[29.563809] (simple_robot) StderrLine: {'line': b'collect2: error: ld returned 1 exit status\n'}
[29.566880] (simple_robot) StderrLine: {'line': b'gmake[2]: *** [src/CMakeFiles/grid_map.dir/build.make:285: src/libgrid_map.so] Error 1\n'}
[29.567376] (simple_robot) StderrLine: {'line': b'gmake[1]: *** [CMakeFiles/Makefile2:228: src/CMakeFiles/grid_map.dir/all] Error 2\n'}
[29.567929] (simple_robot) StderrLine: {'line': b'gmake: *** [Makefile:146: all] Error 2\n'}
[29.571739] (simple_robot) CommandEnded: {'returncode': 2}
[29.582799] (-) TimerEvent: {}
[29.594042] (simple_robot) JobEnded: {'identifier': 'simple_robot', 'rc': 2}
[29.595399] (-) EventReactorShutdown: {}
