[0.000000] (-) TimerEvent: {}
[0.000718] (simple_robot) JobQueued: {'identifier': 'simple_robot', 'dependencies': OrderedDict()}
[0.000846] (simple_robot) JobStarted: {'identifier': 'simple_robot'}
[0.033757] (simple_robot) JobProgress: {'identifier': 'simple_robot', 'progress': 'cmake'}
[0.035196] (simple_robot) Command: {'cmd': ['/usr/bin/cmake', '/home/martina/rp_project/robot-programming-project/src/simple_robot', '-DCMAKE_INSTALL_PREFIX=/home/martina/rp_project/robot-programming-project/src/simple_robot/install/simple_robot'], 'cwd': '/home/martina/rp_project/robot-programming-project/src/simple_robot/build/simple_robot', 'env': OrderedDict([('GJS_DEBUG_TOPICS', 'JS ERROR;JS LOG'), ('LESSOPEN', '| /usr/bin/env /usr/bin/lesspipe %s 2>/dev/null'), ('CONDA_PROMPT_MODIFIER', '(base)'), ('LC_TIME', 'it_IT.UTF-8'), ('USER', 'martina'), ('XDG_SESSION_TYPE', 'wayland'), ('GIT_ASKPASS', '/usr/share/code/resources/app/extensions/git/dist/askpass.sh'), ('SHLVL', '2'), ('LD_LIBRARY_PATH', '/opt/ros/humble/opt/rviz_ogre_vendor/lib:/opt/ros/humble/lib/x86_64-linux-gnu:/opt/ros/humble/lib::/home/martina/.mujoco/mujoco210/bin:/usr/lib/nvidia:~/anaconda3/lib'), ('HOME', '/home/martina'), ('OLDPWD', '/home/martina/rp_project/robot-programming-project/src/simple_robot'), ('CHROME_DESKTOP', 'code.desktop'), ('TERMINFO', '/home/martina/.terminfo'), ('LESS', '-iRFXMx4'), ('CONDA_SHLVL', '1'), ('DESKTOP_SESSION', 'ubuntu'), ('TERM_PROGRAM_VERSION', '1.97.2'), ('GIO_LAUNCHED_DESKTOP_FILE', '/usr/share/applications/code.desktop'), ('LSCOLORS', 'ExGxDxDxCxDxDxFxFxexEx'), ('GTK_MODULES', 'gail:atk-bridge'), ('GNOME_SHELL_SESSION_MODE', 'ubuntu'), ('VSCODE_GIT_ASKPASS_MAIN', '/usr/share/code/resources/app/extensions/git/dist/askpass-main.js'), ('PAGER', 'less'), ('ROS_PYTHON_VERSION', '3'), ('LC_MONETARY', 'it_IT.UTF-8'), ('MANAGERPID', '887'), ('VSCODE_GIT_ASKPASS_NODE', '/usr/share/code/code'), ('SYSTEMD_EXEC_PID', '1152'), ('DBUS_SESSION_BUS_ADDRESS', 'unix:path=/run/user/1000/bus'), ('P9K_TTY', 'old'), ('GIO_LAUNCHED_DESKTOP_FILE_PID', '3260'), ('COLORTERM', 'truecolor'), ('_CE_M', ''), ('WAYLAND_DISPLAY', 'wayland-0'), ('INFOPATH', ''), ('ROS_DISTRO', 'humble'), ('COLCON_PREFIX_PATH', '/home/martina/rp_project/robot-programming-project/install'), ('LOGNAME', 'martina'), ('_', '/usr/bin/colcon'), ('JOURNAL_STREAM', '8:11413'), ('_P9K_SSH_TTY', '/dev/pts/2'), ('XDG_SESSION_CLASS', 'user'), ('USER_ZDOTDIR', '/home/martina'), ('ROS_VERSION', '2'), ('USERNAME', 'martina'), ('TERM', 'xterm-256color'), ('GNOME_DESKTOP_SESSION_ID', 'this-is-deprecated'), ('_CE_CONDA', ''), ('ROS_LOCALHOST_ONLY', '0'), ('PATH', '/opt/ros/humble/bin:/home/martina/.local/bin:/home/martina/.local/bin:/usr/lib/ccache:.:/home/martina/.mujoco/mujoco210/bin:/usr/lib/nvidia:/home/martina/anaconda3/condabin:/home/martina/bin:/home/martina/.local/bin:/usr/local/sbin:/usr/local/bin:/usr/sbin:/usr/bin:/sbin:/bin:/usr/games:/usr/local/games:/snap/bin:/home/martina/.cache/zsh4humans/v5/fzf/bin:/home/martina/other/install/bin'), ('SESSION_MANAGER', 'local/Martina-ThinkPad-X1-Yoga:@/tmp/.ICE-unix/1105,unix/Martina-ThinkPad-X1-Yoga:/tmp/.ICE-unix/1105'), ('INVOCATION_ID', 'abb78b4b018940349bd4da4c8fed9753'), ('LC_ADDRESS', 'it_IT.UTF-8'), ('XDG_RUNTIME_DIR', '/run/user/1000'), ('XDG_MENU_PREFIX', 'gnome-'), ('GNOME_SETUP_DISPLAY', ':1'), ('GDK_BACKEND', 'x11'), ('DISPLAY', ':0'), ('LANG', 'en_US.UTF-8'), ('LC_TELEPHONE', 'it_IT.UTF-8'), ('XDG_CURRENT_DESKTOP', 'Unity'), ('VSCODE_INJECTION', '1'), ('LD_PRELOAD', ':/usr/lib/x86_64-linux-gnu/libGLEW.so'), ('XDG_SESSION_DESKTOP', 'ubuntu'), ('XMODIFIERS', '@im=ibus'), ('XAUTHORITY', '/run/user/1000/.mutter-Xwaylandauth.L52E22'), ('TERM_PROGRAM', 'vscode'), ('VSCODE_GIT_IPC_HANDLE', '/run/user/1000/vscode-git-f640f2b3f6.sock'), ('LS_COLORS', 'fi=00:mi=00:mh=00:ln=01;36:or=01;31:di=01;34:ow=04;01;34:st=34:tw=04;34:pi=01;33:so=01;33:do=01;33:bd=01;33:cd=01;33:su=01;35:sg=01;35:ca=01;35:ex=01;32:no=38;5;248'), ('TREE_COLORS', 'fi=00:mi=00:mh=00:ln=01;36:or=01;31:di=01;34:ow=01;34:st=34:tw=34:pi=01;33:so=01;33:do=01;33:bd=01;33:cd=01;33:su=01;35:sg=01;35:ca=01;35:ex=01;32'), ('SSH_AGENT_LAUNCHER', 'gnome-keyring'), ('SSH_AUTH_SOCK', '/run/user/1000/keyring/ssh'), ('ORIGINAL_XDG_CURRENT_DESKTOP', 'ubuntu:GNOME'), ('CONDA_PYTHON_EXE', '/home/martina/anaconda3/bin/python'), ('AMENT_PREFIX_PATH', '/home/martina/rp_project/robot-programming-project/install/simple_robot:/opt/ros/humble'), ('LC_NAME', 'it_IT.UTF-8'), ('SHELL', '/usr/local/bin/zsh'), ('DEST', '/home/martina/other/install'), ('QT_ACCESSIBILITY', '1'), ('GDMSESSION', 'ubuntu'), ('CONDA_DEFAULT_ENV', 'base'), ('LC_MEASUREMENT', 'it_IT.UTF-8'), ('LC_IDENTIFICATION', 'it_IT.UTF-8'), ('GJS_DEBUG_OUTPUT', 'stderr'), ('P9K_SSH', '0'), ('QT_IM_MODULE', 'ibus'), ('VSCODE_GIT_ASKPASS_EXTRA_ARGS', ''), ('VSCODE_NONCE', '052e925b-acb5-444f-b870-f20c06506941'), ('LC_ALL', 'en_US.UTF-8'), ('PWD', '/home/martina/rp_project/robot-programming-project/src/simple_robot/build/simple_robot'), ('GPG_TTY', '/dev/pts/2'), ('XDG_DATA_DIRS', '/usr/local/share/:/usr/share/:/var/lib/snapd/desktop'), ('ZDOTDIR', '/home/martina'), ('_P9K_TTY', '/dev/pts/2'), ('CONDA_EXE', '/home/martina/anaconda3/bin/conda'), ('LC_NUMERIC', 'it_IT.UTF-8'), ('PYTHONPATH', '/opt/ros/humble/lib/python3.10/site-packages:/opt/ros/humble/local/lib/python3.10/dist-packages:/home/martina/other/install/lib/python3.10/site-packages/'), ('LC_PAPER', 'it_IT.UTF-8'), ('CONDA_PREFIX', '/home/martina/anaconda3'), ('COLCON', '1'), ('MANPATH', '/usr/local/share/man:/home/martina/.cache/zsh4humans/v5/fzf/man:'), ('CMAKE_PREFIX_PATH', '/home/martina/rp_project/robot-programming-project/install/simple_robot:/opt/ros/humble')]), 'shell': False}
[0.099785] (-) TimerEvent: {}
[0.200685] (-) TimerEvent: {}
[0.243212] (simple_robot) StdoutLine: {'line': b'-- The C compiler identification is GNU 11.4.0\n'}
[0.300946] (-) TimerEvent: {}
[0.403768] (-) TimerEvent: {}
[0.431276] (simple_robot) StdoutLine: {'line': b'-- The CXX compiler identification is GNU 11.4.0\n'}
[0.471839] (simple_robot) StdoutLine: {'line': b'-- Detecting C compiler ABI info\n'}
[0.504483] (-) TimerEvent: {}
[0.604921] (-) TimerEvent: {}
[0.693729] (simple_robot) StdoutLine: {'line': b'-- Detecting C compiler ABI info - done\n'}
[0.705014] (-) TimerEvent: {}
[0.714481] (simple_robot) StdoutLine: {'line': b'-- Check for working C compiler: /usr/lib/ccache/cc - skipped\n'}
[0.716235] (simple_robot) StdoutLine: {'line': b'-- Detecting C compile features\n'}
[0.716587] (simple_robot) StdoutLine: {'line': b'-- Detecting C compile features - done\n'}
[0.725467] (simple_robot) StdoutLine: {'line': b'-- Detecting CXX compiler ABI info\n'}
[0.805139] (-) TimerEvent: {}
[0.905730] (-) TimerEvent: {}
[1.008967] (-) TimerEvent: {}
[1.111484] (-) TimerEvent: {}
[1.212295] (-) TimerEvent: {}
[1.236602] (simple_robot) StdoutLine: {'line': b'-- Detecting CXX compiler ABI info - done\n'}
[1.296180] (simple_robot) StdoutLine: {'line': b'-- Check for working CXX compiler: /usr/lib/ccache/c++ - skipped\n'}
[1.297573] (simple_robot) StdoutLine: {'line': b'-- Detecting CXX compile features\n'}
[1.299706] (simple_robot) StdoutLine: {'line': b'-- Detecting CXX compile features - done\n'}
[1.312414] (-) TimerEvent: {}
[1.327410] (simple_robot) StdoutLine: {'line': b'-- Found OpenCV: /usr (found suitable version "4.5.4", minimum required is "4.5.4") \n'}
[1.331961] (simple_robot) StdoutLine: {'line': b'-- Found ament_cmake: 1.3.11 (/opt/ros/humble/share/ament_cmake/cmake)\n'}
[1.412656] (-) TimerEvent: {}
[1.513224] (-) TimerEvent: {}
[1.613653] (-) TimerEvent: {}
[1.632654] (simple_robot) StdoutLine: {'line': b'-- Found Python3: /usr/bin/python3 (found version "3.10.12") found components: Interpreter \n'}
[1.713783] (-) TimerEvent: {}
[1.814253] (-) TimerEvent: {}
[1.840558] (simple_robot) StdoutLine: {'line': b'-- Found rclcpp: 16.0.11 (/opt/ros/humble/share/rclcpp/cmake)\n'}
[1.915215] (-) TimerEvent: {}
[1.932476] (simple_robot) StdoutLine: {'line': b'-- Found rosidl_generator_c: 3.1.6 (/opt/ros/humble/share/rosidl_generator_c/cmake)\n'}
[1.946287] (simple_robot) StdoutLine: {'line': b'-- Found rosidl_adapter: 3.1.6 (/opt/ros/humble/share/rosidl_adapter/cmake)\n'}
[1.967438] (simple_robot) StdoutLine: {'line': b'-- Found rosidl_generator_cpp: 3.1.6 (/opt/ros/humble/share/rosidl_generator_cpp/cmake)\n'}
[2.011862] (simple_robot) StdoutLine: {'line': b'-- Using all available rosidl_typesupport_c: rosidl_typesupport_fastrtps_c;rosidl_typesupport_introspection_c\n'}
[2.015918] (-) TimerEvent: {}
[2.058163] (simple_robot) StdoutLine: {'line': b'-- Using all available rosidl_typesupport_cpp: rosidl_typesupport_fastrtps_cpp;rosidl_typesupport_introspection_cpp\n'}
[2.116941] (-) TimerEvent: {}
[2.161540] (simple_robot) StdoutLine: {'line': b'-- Found rmw_implementation_cmake: 6.1.2 (/opt/ros/humble/share/rmw_implementation_cmake/cmake)\n'}
[2.167853] (simple_robot) StdoutLine: {'line': b'-- Found rmw_fastrtps_cpp: 6.2.7 (/opt/ros/humble/share/rmw_fastrtps_cpp/cmake)\n'}
[2.219834] (-) TimerEvent: {}
[2.320284] (-) TimerEvent: {}
[2.420796] (-) TimerEvent: {}
[2.458177] (simple_robot) StdoutLine: {'line': b'-- Found OpenSSL: /usr/lib/x86_64-linux-gnu/libcrypto.so (found version "3.0.2")  \n'}
[2.516152] (simple_robot) StdoutLine: {'line': b'-- Found FastRTPS: /opt/ros/humble/include  \n'}
[2.520924] (-) TimerEvent: {}
[2.594604] (simple_robot) StdoutLine: {'line': b"-- Using RMW implementation 'rmw_fastrtps_cpp' as default\n"}
[2.609369] (simple_robot) StdoutLine: {'line': b'-- Looking for pthread.h\n'}
[2.621069] (-) TimerEvent: {}
[2.721467] (-) TimerEvent: {}
[2.758572] (simple_robot) StdoutLine: {'line': b'-- Looking for pthread.h - found\n'}
[2.758942] (simple_robot) StdoutLine: {'line': b'-- Performing Test CMAKE_HAVE_LIBC_PTHREAD\n'}
[2.822008] (-) TimerEvent: {}
[2.922481] (simple_robot) StdoutLine: {'line': b'-- Performing Test CMAKE_HAVE_LIBC_PTHREAD - Success\n'}
[2.922805] (-) TimerEvent: {}
[2.923313] (simple_robot) StdoutLine: {'line': b'-- Found Threads: TRUE  \n'}
[3.024475] (-) TimerEvent: {}
[3.065687] (simple_robot) StdoutLine: {'line': b'-- Found geometry_msgs: 4.2.4 (/opt/ros/humble/share/geometry_msgs/cmake)\n'}
[3.097726] (simple_robot) StdoutLine: {'line': b'-- Found sensor_msgs: 4.2.4 (/opt/ros/humble/share/sensor_msgs/cmake)\n'}
[3.124599] (-) TimerEvent: {}
[3.135689] (simple_robot) StdoutLine: {'line': b'-- Found nav_msgs: 4.2.4 (/opt/ros/humble/share/nav_msgs/cmake)\n'}
[3.179423] (simple_robot) StdoutLine: {'line': b'-- Found OpenCV: /usr (found version "4.5.4") \n'}
[3.224697] (-) TimerEvent: {}
[3.325094] (-) TimerEvent: {}
[3.340596] (simple_robot) StdoutLine: {'line': b'-- DATA_DIR: /home/martina/rp_project/robot-programming-project/src/simple_robot/data\n'}
[3.343366] (simple_robot) StdoutLine: {'line': b'-- Configuring done\n'}
[3.421671] (simple_robot) StdoutLine: {'line': b'-- Generating done\n'}
[3.425211] (-) TimerEvent: {}
[3.445233] (simple_robot) StdoutLine: {'line': b'-- Build files have been written to: /home/martina/rp_project/robot-programming-project/src/simple_robot/build/simple_robot\n'}
[3.487763] (simple_robot) CommandEnded: {'returncode': 0}
[3.489828] (simple_robot) JobProgress: {'identifier': 'simple_robot', 'progress': 'build'}
[3.494798] (simple_robot) Command: {'cmd': ['/usr/bin/cmake', '--build', '/home/martina/rp_project/robot-programming-project/src/simple_robot/build/simple_robot', '--', '-j4', '-l4'], 'cwd': '/home/martina/rp_project/robot-programming-project/src/simple_robot/build/simple_robot', 'env': OrderedDict([('GJS_DEBUG_TOPICS', 'JS ERROR;JS LOG'), ('LESSOPEN', '| /usr/bin/env /usr/bin/lesspipe %s 2>/dev/null'), ('CONDA_PROMPT_MODIFIER', '(base)'), ('LC_TIME', 'it_IT.UTF-8'), ('USER', 'martina'), ('XDG_SESSION_TYPE', 'wayland'), ('GIT_ASKPASS', '/usr/share/code/resources/app/extensions/git/dist/askpass.sh'), ('SHLVL', '2'), ('LD_LIBRARY_PATH', '/opt/ros/humble/opt/rviz_ogre_vendor/lib:/opt/ros/humble/lib/x86_64-linux-gnu:/opt/ros/humble/lib::/home/martina/.mujoco/mujoco210/bin:/usr/lib/nvidia:~/anaconda3/lib'), ('HOME', '/home/martina'), ('OLDPWD', '/home/martina/rp_project/robot-programming-project/src/simple_robot'), ('CHROME_DESKTOP', 'code.desktop'), ('TERMINFO', '/home/martina/.terminfo'), ('LESS', '-iRFXMx4'), ('CONDA_SHLVL', '1'), ('DESKTOP_SESSION', 'ubuntu'), ('TERM_PROGRAM_VERSION', '1.97.2'), ('GIO_LAUNCHED_DESKTOP_FILE', '/usr/share/applications/code.desktop'), ('LSCOLORS', 'ExGxDxDxCxDxDxFxFxexEx'), ('GTK_MODULES', 'gail:atk-bridge'), ('GNOME_SHELL_SESSION_MODE', 'ubuntu'), ('VSCODE_GIT_ASKPASS_MAIN', '/usr/share/code/resources/app/extensions/git/dist/askpass-main.js'), ('PAGER', 'less'), ('ROS_PYTHON_VERSION', '3'), ('LC_MONETARY', 'it_IT.UTF-8'), ('MANAGERPID', '887'), ('VSCODE_GIT_ASKPASS_NODE', '/usr/share/code/code'), ('SYSTEMD_EXEC_PID', '1152'), ('DBUS_SESSION_BUS_ADDRESS', 'unix:path=/run/user/1000/bus'), ('P9K_TTY', 'old'), ('GIO_LAUNCHED_DESKTOP_FILE_PID', '3260'), ('COLORTERM', 'truecolor'), ('_CE_M', ''), ('WAYLAND_DISPLAY', 'wayland-0'), ('INFOPATH', ''), ('ROS_DISTRO', 'humble'), ('COLCON_PREFIX_PATH', '/home/martina/rp_project/robot-programming-project/install'), ('LOGNAME', 'martina'), ('_', '/usr/bin/colcon'), ('JOURNAL_STREAM', '8:11413'), ('_P9K_SSH_TTY', '/dev/pts/2'), ('XDG_SESSION_CLASS', 'user'), ('USER_ZDOTDIR', '/home/martina'), ('ROS_VERSION', '2'), ('USERNAME', 'martina'), ('TERM', 'xterm-256color'), ('GNOME_DESKTOP_SESSION_ID', 'this-is-deprecated'), ('_CE_CONDA', ''), ('ROS_LOCALHOST_ONLY', '0'), ('PATH', '/opt/ros/humble/bin:/home/martina/.local/bin:/home/martina/.local/bin:/usr/lib/ccache:.:/home/martina/.mujoco/mujoco210/bin:/usr/lib/nvidia:/home/martina/anaconda3/condabin:/home/martina/bin:/home/martina/.local/bin:/usr/local/sbin:/usr/local/bin:/usr/sbin:/usr/bin:/sbin:/bin:/usr/games:/usr/local/games:/snap/bin:/home/martina/.cache/zsh4humans/v5/fzf/bin:/home/martina/other/install/bin'), ('SESSION_MANAGER', 'local/Martina-ThinkPad-X1-Yoga:@/tmp/.ICE-unix/1105,unix/Martina-ThinkPad-X1-Yoga:/tmp/.ICE-unix/1105'), ('INVOCATION_ID', 'abb78b4b018940349bd4da4c8fed9753'), ('LC_ADDRESS', 'it_IT.UTF-8'), ('XDG_RUNTIME_DIR', '/run/user/1000'), ('XDG_MENU_PREFIX', 'gnome-'), ('GNOME_SETUP_DISPLAY', ':1'), ('GDK_BACKEND', 'x11'), ('DISPLAY', ':0'), ('LANG', 'en_US.UTF-8'), ('LC_TELEPHONE', 'it_IT.UTF-8'), ('XDG_CURRENT_DESKTOP', 'Unity'), ('VSCODE_INJECTION', '1'), ('LD_PRELOAD', ':/usr/lib/x86_64-linux-gnu/libGLEW.so'), ('XDG_SESSION_DESKTOP', 'ubuntu'), ('XMODIFIERS', '@im=ibus'), ('XAUTHORITY', '/run/user/1000/.mutter-Xwaylandauth.L52E22'), ('TERM_PROGRAM', 'vscode'), ('VSCODE_GIT_IPC_HANDLE', '/run/user/1000/vscode-git-f640f2b3f6.sock'), ('LS_COLORS', 'fi=00:mi=00:mh=00:ln=01;36:or=01;31:di=01;34:ow=04;01;34:st=34:tw=04;34:pi=01;33:so=01;33:do=01;33:bd=01;33:cd=01;33:su=01;35:sg=01;35:ca=01;35:ex=01;32:no=38;5;248'), ('TREE_COLORS', 'fi=00:mi=00:mh=00:ln=01;36:or=01;31:di=01;34:ow=01;34:st=34:tw=34:pi=01;33:so=01;33:do=01;33:bd=01;33:cd=01;33:su=01;35:sg=01;35:ca=01;35:ex=01;32'), ('SSH_AGENT_LAUNCHER', 'gnome-keyring'), ('SSH_AUTH_SOCK', '/run/user/1000/keyring/ssh'), ('ORIGINAL_XDG_CURRENT_DESKTOP', 'ubuntu:GNOME'), ('CONDA_PYTHON_EXE', '/home/martina/anaconda3/bin/python'), ('AMENT_PREFIX_PATH', '/home/martina/rp_project/robot-programming-project/install/simple_robot:/opt/ros/humble'), ('LC_NAME', 'it_IT.UTF-8'), ('SHELL', '/usr/local/bin/zsh'), ('DEST', '/home/martina/other/install'), ('QT_ACCESSIBILITY', '1'), ('GDMSESSION', 'ubuntu'), ('CONDA_DEFAULT_ENV', 'base'), ('LC_MEASUREMENT', 'it_IT.UTF-8'), ('LC_IDENTIFICATION', 'it_IT.UTF-8'), ('GJS_DEBUG_OUTPUT', 'stderr'), ('P9K_SSH', '0'), ('QT_IM_MODULE', 'ibus'), ('VSCODE_GIT_ASKPASS_EXTRA_ARGS', ''), ('VSCODE_NONCE', '052e925b-acb5-444f-b870-f20c06506941'), ('LC_ALL', 'en_US.UTF-8'), ('PWD', '/home/martina/rp_project/robot-programming-project/src/simple_robot/build/simple_robot'), ('GPG_TTY', '/dev/pts/2'), ('XDG_DATA_DIRS', '/usr/local/share/:/usr/share/:/var/lib/snapd/desktop'), ('ZDOTDIR', '/home/martina'), ('_P9K_TTY', '/dev/pts/2'), ('CONDA_EXE', '/home/martina/anaconda3/bin/conda'), ('LC_NUMERIC', 'it_IT.UTF-8'), ('PYTHONPATH', '/opt/ros/humble/lib/python3.10/site-packages:/opt/ros/humble/local/lib/python3.10/dist-packages:/home/martina/other/install/lib/python3.10/site-packages/'), ('LC_PAPER', 'it_IT.UTF-8'), ('CONDA_PREFIX', '/home/martina/anaconda3'), ('COLCON', '1'), ('MANPATH', '/usr/local/share/man:/home/martina/.cache/zsh4humans/v5/fzf/man:'), ('CMAKE_PREFIX_PATH', '/home/martina/rp_project/robot-programming-project/install/simple_robot:/opt/ros/humble')]), 'shell': False}
[3.526560] (-) TimerEvent: {}
[3.626945] (-) TimerEvent: {}
[3.648877] (simple_robot) StdoutLine: {'line': b'\x1b[35m\x1b[1mConsolidate compiler generated dependencies of target robot_map_node\x1b[0m\n'}
[3.727069] (-) TimerEvent: {}
[3.737031] (simple_robot) StdoutLine: {'line': b'[  8%] \x1b[32mBuilding CXX object CMakeFiles/robot_map_node.dir/src/map_utils.cpp.o\x1b[0m\n'}
[3.827614] (-) TimerEvent: {}
[3.930985] (-) TimerEvent: {}
[4.033486] (-) TimerEvent: {}
[4.133954] (-) TimerEvent: {}
[4.234352] (-) TimerEvent: {}
[4.334808] (-) TimerEvent: {}
[4.435528] (-) TimerEvent: {}
[4.536279] (-) TimerEvent: {}
[4.637471] (-) TimerEvent: {}
[4.737907] (-) TimerEvent: {}
[4.840377] (-) TimerEvent: {}
[4.941431] (-) TimerEvent: {}
[5.041889] (-) TimerEvent: {}
[5.142330] (-) TimerEvent: {}
[5.244109] (-) TimerEvent: {}
[5.345386] (-) TimerEvent: {}
[5.448219] (-) TimerEvent: {}
[5.548683] (-) TimerEvent: {}
[5.649144] (-) TimerEvent: {}
[5.749692] (-) TimerEvent: {}
[5.850157] (-) TimerEvent: {}
[5.950618] (-) TimerEvent: {}
[6.051133] (-) TimerEvent: {}
[6.151598] (-) TimerEvent: {}
[6.252041] (-) TimerEvent: {}
[6.352663] (-) TimerEvent: {}
[6.453116] (-) TimerEvent: {}
[6.553533] (-) TimerEvent: {}
[6.653944] (-) TimerEvent: {}
[6.754304] (-) TimerEvent: {}
[6.854722] (-) TimerEvent: {}
[6.955094] (-) TimerEvent: {}
[7.055459] (-) TimerEvent: {}
[7.155823] (-) TimerEvent: {}
[7.256179] (-) TimerEvent: {}
[7.356598] (-) TimerEvent: {}
[7.456996] (-) TimerEvent: {}
[7.557402] (-) TimerEvent: {}
[7.657774] (-) TimerEvent: {}
[7.758227] (-) TimerEvent: {}
[7.858737] (-) TimerEvent: {}
[7.959143] (-) TimerEvent: {}
[8.059596] (-) TimerEvent: {}
[8.159953] (-) TimerEvent: {}
[8.260300] (-) TimerEvent: {}
[8.360664] (-) TimerEvent: {}
[8.461010] (-) TimerEvent: {}
[8.561414] (-) TimerEvent: {}
[8.661776] (-) TimerEvent: {}
[8.762126] (-) TimerEvent: {}
[8.862493] (-) TimerEvent: {}
[8.962849] (-) TimerEvent: {}
[9.063215] (-) TimerEvent: {}
[9.163548] (-) TimerEvent: {}
[9.263913] (-) TimerEvent: {}
[9.364275] (-) TimerEvent: {}
[9.464623] (-) TimerEvent: {}
[9.564969] (-) TimerEvent: {}
[9.665317] (-) TimerEvent: {}
[9.765647] (-) TimerEvent: {}
[9.865996] (-) TimerEvent: {}
[9.966356] (-) TimerEvent: {}
[10.066743] (-) TimerEvent: {}
[10.099356] (simple_robot) StdoutLine: {'line': b'[ 16%] \x1b[32mBuilding CXX object CMakeFiles/robot_map_node.dir/src/main.cpp.o\x1b[0m\n'}
[10.166859] (-) TimerEvent: {}
[10.267305] (-) TimerEvent: {}
[10.368317] (-) TimerEvent: {}
[10.469478] (-) TimerEvent: {}
[10.571084] (-) TimerEvent: {}
[10.671566] (-) TimerEvent: {}
[10.773519] (-) TimerEvent: {}
[10.873960] (-) TimerEvent: {}
[10.975851] (-) TimerEvent: {}
[11.076206] (-) TimerEvent: {}
[11.176711] (-) TimerEvent: {}
[11.277282] (-) TimerEvent: {}
[11.378523] (-) TimerEvent: {}
[11.479095] (-) TimerEvent: {}
[11.579444] (-) TimerEvent: {}
[11.679806] (-) TimerEvent: {}
[11.780223] (-) TimerEvent: {}
[11.880658] (-) TimerEvent: {}
[11.981026] (-) TimerEvent: {}
[12.081464] (-) TimerEvent: {}
[12.181882] (-) TimerEvent: {}
[12.282362] (-) TimerEvent: {}
[12.384816] (-) TimerEvent: {}
[12.485256] (-) TimerEvent: {}
[12.585655] (-) TimerEvent: {}
[12.686032] (-) TimerEvent: {}
[12.786443] (-) TimerEvent: {}
[12.886802] (-) TimerEvent: {}
[12.987221] (-) TimerEvent: {}
[13.087706] (-) TimerEvent: {}
[13.188118] (-) TimerEvent: {}
[13.289599] (-) TimerEvent: {}
[13.390448] (-) TimerEvent: {}
[13.491213] (-) TimerEvent: {}
[13.591759] (-) TimerEvent: {}
[13.692535] (-) TimerEvent: {}
[13.792959] (-) TimerEvent: {}
[13.893485] (-) TimerEvent: {}
[13.993876] (-) TimerEvent: {}
[14.094272] (-) TimerEvent: {}
[14.194627] (-) TimerEvent: {}
[14.294958] (-) TimerEvent: {}
[14.395323] (-) TimerEvent: {}
[14.495658] (-) TimerEvent: {}
[14.596050] (-) TimerEvent: {}
[14.696404] (-) TimerEvent: {}
[14.796867] (-) TimerEvent: {}
[14.897230] (-) TimerEvent: {}
[14.997576] (-) TimerEvent: {}
[15.097996] (-) TimerEvent: {}
[15.198365] (-) TimerEvent: {}
[15.298751] (-) TimerEvent: {}
[15.399100] (-) TimerEvent: {}
[15.499459] (-) TimerEvent: {}
[15.599770] (-) TimerEvent: {}
[15.700180] (-) TimerEvent: {}
[15.800571] (-) TimerEvent: {}
[15.901299] (-) TimerEvent: {}
[16.001751] (-) TimerEvent: {}
[16.102210] (-) TimerEvent: {}
[16.202979] (-) TimerEvent: {}
[16.303313] (-) TimerEvent: {}
[16.403733] (-) TimerEvent: {}
[16.504184] (-) TimerEvent: {}
[16.605301] (-) TimerEvent: {}
[16.706196] (-) TimerEvent: {}
[16.806542] (-) TimerEvent: {}
[16.906893] (-) TimerEvent: {}
[17.008976] (-) TimerEvent: {}
[17.109364] (-) TimerEvent: {}
[17.209765] (-) TimerEvent: {}
[17.312471] (-) TimerEvent: {}
[17.412842] (-) TimerEvent: {}
[17.513282] (-) TimerEvent: {}
[17.613685] (-) TimerEvent: {}
[17.714041] (-) TimerEvent: {}
[17.815257] (-) TimerEvent: {}
[17.915679] (-) TimerEvent: {}
[18.016186] (-) TimerEvent: {}
[18.117591] (-) TimerEvent: {}
[18.218019] (-) TimerEvent: {}
[18.318438] (-) TimerEvent: {}
[18.418808] (-) TimerEvent: {}
[18.519172] (-) TimerEvent: {}
[18.619561] (-) TimerEvent: {}
[18.719941] (-) TimerEvent: {}
[18.820324] (-) TimerEvent: {}
[18.920751] (-) TimerEvent: {}
[19.021208] (-) TimerEvent: {}
[19.121624] (-) TimerEvent: {}
[19.221991] (-) TimerEvent: {}
[19.322353] (-) TimerEvent: {}
[19.422733] (-) TimerEvent: {}
[19.523133] (-) TimerEvent: {}
[19.623473] (-) TimerEvent: {}
[19.723892] (-) TimerEvent: {}
[19.824267] (-) TimerEvent: {}
[19.924647] (-) TimerEvent: {}
[20.025036] (-) TimerEvent: {}
[20.125379] (-) TimerEvent: {}
[20.225728] (-) TimerEvent: {}
[20.326076] (-) TimerEvent: {}
[20.426457] (-) TimerEvent: {}
[20.526766] (-) TimerEvent: {}
[20.627067] (-) TimerEvent: {}
[20.727415] (-) TimerEvent: {}
[20.827758] (-) TimerEvent: {}
[20.928106] (-) TimerEvent: {}
[21.028459] (-) TimerEvent: {}
[21.128803] (-) TimerEvent: {}
[21.229155] (-) TimerEvent: {}
[21.329504] (-) TimerEvent: {}
[21.429870] (-) TimerEvent: {}
[21.530238] (-) TimerEvent: {}
[21.630585] (-) TimerEvent: {}
[21.730954] (-) TimerEvent: {}
[21.831317] (-) TimerEvent: {}
[21.931651] (-) TimerEvent: {}
[22.032002] (-) TimerEvent: {}
[22.132378] (-) TimerEvent: {}
[22.232731] (-) TimerEvent: {}
[22.333175] (-) TimerEvent: {}
[22.433492] (-) TimerEvent: {}
[22.533832] (-) TimerEvent: {}
[22.634176] (-) TimerEvent: {}
[22.734501] (-) TimerEvent: {}
[22.834888] (-) TimerEvent: {}
[22.935253] (-) TimerEvent: {}
[23.035619] (-) TimerEvent: {}
[23.135977] (-) TimerEvent: {}
[23.236345] (-) TimerEvent: {}
[23.336675] (-) TimerEvent: {}
[23.437035] (-) TimerEvent: {}
[23.537431] (-) TimerEvent: {}
[23.637882] (-) TimerEvent: {}
[23.738292] (-) TimerEvent: {}
[23.838674] (-) TimerEvent: {}
[23.939830] (-) TimerEvent: {}
[24.040197] (-) TimerEvent: {}
[24.140491] (-) TimerEvent: {}
[24.240826] (-) TimerEvent: {}
[24.341194] (-) TimerEvent: {}
[24.441571] (-) TimerEvent: {}
[24.541995] (-) TimerEvent: {}
[24.642453] (-) TimerEvent: {}
[24.742870] (-) TimerEvent: {}
[24.843262] (-) TimerEvent: {}
[24.943581] (-) TimerEvent: {}
[25.043879] (-) TimerEvent: {}
[25.144260] (-) TimerEvent: {}
[25.244604] (-) TimerEvent: {}
[25.344992] (-) TimerEvent: {}
[25.445385] (-) TimerEvent: {}
[25.545801] (-) TimerEvent: {}
[25.646146] (-) TimerEvent: {}
[25.746478] (-) TimerEvent: {}
[25.846821] (-) TimerEvent: {}
[25.947171] (-) TimerEvent: {}
[26.047495] (-) TimerEvent: {}
[26.147843] (-) TimerEvent: {}
[26.248195] (-) TimerEvent: {}
[26.348503] (-) TimerEvent: {}
[26.448890] (-) TimerEvent: {}
[26.549318] (-) TimerEvent: {}
[26.649680] (-) TimerEvent: {}
[26.750071] (-) TimerEvent: {}
[26.850466] (-) TimerEvent: {}
[26.950833] (-) TimerEvent: {}
[27.051284] (-) TimerEvent: {}
[27.151754] (-) TimerEvent: {}
[27.252175] (-) TimerEvent: {}
[27.352643] (-) TimerEvent: {}
[27.453045] (-) TimerEvent: {}
[27.553400] (-) TimerEvent: {}
[27.653790] (-) TimerEvent: {}
[27.754227] (-) TimerEvent: {}
[27.854679] (-) TimerEvent: {}
[27.955032] (-) TimerEvent: {}
[28.055412] (-) TimerEvent: {}
[28.155836] (-) TimerEvent: {}
[28.256229] (-) TimerEvent: {}
[28.356595] (-) TimerEvent: {}
[28.456932] (-) TimerEvent: {}
[28.557292] (-) TimerEvent: {}
[28.657677] (-) TimerEvent: {}
[28.758059] (-) TimerEvent: {}
[28.860464] (-) TimerEvent: {}
[28.962495] (-) TimerEvent: {}
[29.062856] (-) TimerEvent: {}
[29.163250] (-) TimerEvent: {}
[29.263678] (-) TimerEvent: {}
[29.364188] (-) TimerEvent: {}
[29.464493] (-) TimerEvent: {}
[29.564828] (-) TimerEvent: {}
[29.665132] (-) TimerEvent: {}
[29.765795] (-) TimerEvent: {}
[29.866184] (-) TimerEvent: {}
[29.966492] (-) TimerEvent: {}
[30.066887] (-) TimerEvent: {}
[30.167264] (-) TimerEvent: {}
[30.267634] (-) TimerEvent: {}
[30.367964] (-) TimerEvent: {}
[30.468375] (-) TimerEvent: {}
[30.568682] (-) TimerEvent: {}
[30.669024] (-) TimerEvent: {}
[30.769452] (-) TimerEvent: {}
[30.869824] (-) TimerEvent: {}
[30.970346] (-) TimerEvent: {}
[31.070788] (-) TimerEvent: {}
[31.171164] (-) TimerEvent: {}
[31.271568] (-) TimerEvent: {}
[31.371945] (-) TimerEvent: {}
[31.472660] (-) TimerEvent: {}
[31.573044] (-) TimerEvent: {}
[31.673469] (-) TimerEvent: {}
[31.773854] (-) TimerEvent: {}
[31.874261] (-) TimerEvent: {}
[31.974607] (-) TimerEvent: {}
[32.074933] (-) TimerEvent: {}
[32.175317] (-) TimerEvent: {}
[32.275641] (-) TimerEvent: {}
[32.376006] (-) TimerEvent: {}
[32.476367] (-) TimerEvent: {}
[32.576755] (-) TimerEvent: {}
[32.677122] (-) TimerEvent: {}
[32.777477] (-) TimerEvent: {}
[32.877829] (-) TimerEvent: {}
[32.978170] (-) TimerEvent: {}
[33.078506] (-) TimerEvent: {}
[33.178844] (-) TimerEvent: {}
[33.279158] (-) TimerEvent: {}
[33.379561] (-) TimerEvent: {}
[33.479855] (-) TimerEvent: {}
[33.580211] (-) TimerEvent: {}
[33.680503] (-) TimerEvent: {}
[33.780856] (-) TimerEvent: {}
[33.881181] (-) TimerEvent: {}
[33.981524] (-) TimerEvent: {}
[34.081859] (-) TimerEvent: {}
[34.182219] (-) TimerEvent: {}
[34.282583] (-) TimerEvent: {}
[34.382958] (-) TimerEvent: {}
[34.483323] (-) TimerEvent: {}
[34.583684] (-) TimerEvent: {}
[34.684059] (-) TimerEvent: {}
[34.784480] (-) TimerEvent: {}
[34.884809] (-) TimerEvent: {}
[34.985175] (-) TimerEvent: {}
[35.085677] (-) TimerEvent: {}
[35.186149] (-) TimerEvent: {}
[35.286538] (-) TimerEvent: {}
[35.386950] (-) TimerEvent: {}
[35.487352] (-) TimerEvent: {}
[35.587768] (-) TimerEvent: {}
[35.688109] (-) TimerEvent: {}
[35.788482] (-) TimerEvent: {}
[35.889022] (-) TimerEvent: {}
[35.989457] (-) TimerEvent: {}
[36.089878] (-) TimerEvent: {}
[36.190259] (-) TimerEvent: {}
[36.290769] (-) TimerEvent: {}
[36.391153] (-) TimerEvent: {}
[36.491501] (-) TimerEvent: {}
[36.591904] (-) TimerEvent: {}
[36.692287] (-) TimerEvent: {}
[36.792674] (-) TimerEvent: {}
[36.818645] (simple_robot) StdoutLine: {'line': b'[ 25%] \x1b[32m\x1b[1mLinking CXX executable robot_map_node\x1b[0m\n'}
[36.892802] (-) TimerEvent: {}
[36.993133] (-) TimerEvent: {}
[37.093533] (-) TimerEvent: {}
[37.194095] (-) TimerEvent: {}
[37.295492] (-) TimerEvent: {}
[37.395964] (-) TimerEvent: {}
[37.497705] (-) TimerEvent: {}
[37.598276] (-) TimerEvent: {}
[37.698819] (-) TimerEvent: {}
[37.799411] (-) TimerEvent: {}
[37.899936] (-) TimerEvent: {}
[38.000957] (-) TimerEvent: {}
[38.101506] (-) TimerEvent: {}
[38.205599] (-) TimerEvent: {}
[38.306070] (-) TimerEvent: {}
[38.406579] (-) TimerEvent: {}
[38.506968] (-) TimerEvent: {}
[38.607407] (-) TimerEvent: {}
[38.707770] (-) TimerEvent: {}
[38.808135] (-) TimerEvent: {}
[38.908478] (-) TimerEvent: {}
[39.008862] (-) TimerEvent: {}
[39.109209] (-) TimerEvent: {}
[39.209507] (-) TimerEvent: {}
[39.309874] (-) TimerEvent: {}
[39.410298] (-) TimerEvent: {}
[39.510749] (-) TimerEvent: {}
[39.611240] (-) TimerEvent: {}
[39.711694] (-) TimerEvent: {}
[39.793486] (simple_robot) StdoutLine: {'line': b'[ 50%] Built target robot_map_node\n'}
[39.811813] (-) TimerEvent: {}
[39.826993] (simple_robot) StdoutLine: {'line': b'\x1b[35m\x1b[1mConsolidate compiler generated dependencies of target grid_map\x1b[0m\n'}
[39.884548] (simple_robot) StdoutLine: {'line': b'[ 58%] \x1b[32mBuilding CXX object src/CMakeFiles/grid_map.dir/map_utils.cpp.o\x1b[0m\n'}
[39.885748] (simple_robot) StdoutLine: {'line': b'[ 66%] \x1b[32mBuilding CXX object src/CMakeFiles/grid_map.dir/main.cpp.o\x1b[0m\n'}
[39.911935] (-) TimerEvent: {}
[40.017895] (-) TimerEvent: {}
[40.118352] (-) TimerEvent: {}
[40.219585] (-) TimerEvent: {}
[40.326466] (-) TimerEvent: {}
[40.429211] (-) TimerEvent: {}
[40.531481] (-) TimerEvent: {}
[40.631903] (-) TimerEvent: {}
[40.732949] (-) TimerEvent: {}
[40.838500] (-) TimerEvent: {}
[40.938967] (-) TimerEvent: {}
[41.041546] (-) TimerEvent: {}
[41.142022] (-) TimerEvent: {}
[41.242663] (-) TimerEvent: {}
[41.344624] (-) TimerEvent: {}
[41.446635] (-) TimerEvent: {}
[41.548260] (-) TimerEvent: {}
[41.648683] (-) TimerEvent: {}
[41.749475] (-) TimerEvent: {}
[41.849894] (-) TimerEvent: {}
[41.950370] (-) TimerEvent: {}
[42.051464] (-) TimerEvent: {}
[42.151908] (-) TimerEvent: {}
[42.254138] (-) TimerEvent: {}
[42.354591] (-) TimerEvent: {}
[42.455679] (-) TimerEvent: {}
[42.556554] (-) TimerEvent: {}
[42.657175] (-) TimerEvent: {}
[42.765659] (-) TimerEvent: {}
[42.870003] (-) TimerEvent: {}
[42.970674] (-) TimerEvent: {}
[43.071063] (-) TimerEvent: {}
[43.171751] (-) TimerEvent: {}
[43.272338] (-) TimerEvent: {}
[43.373101] (-) TimerEvent: {}
[43.474041] (-) TimerEvent: {}
[43.574441] (-) TimerEvent: {}
[43.674840] (-) TimerEvent: {}
[43.775231] (-) TimerEvent: {}
[43.875626] (-) TimerEvent: {}
[43.976012] (-) TimerEvent: {}
[44.076413] (-) TimerEvent: {}
[44.176808] (-) TimerEvent: {}
[44.277193] (-) TimerEvent: {}
[44.377595] (-) TimerEvent: {}
[44.477994] (-) TimerEvent: {}
[44.578411] (-) TimerEvent: {}
[44.678790] (-) TimerEvent: {}
[44.779182] (-) TimerEvent: {}
[44.879639] (-) TimerEvent: {}
[44.980344] (-) TimerEvent: {}
[45.080739] (-) TimerEvent: {}
[45.181127] (-) TimerEvent: {}
[45.281535] (-) TimerEvent: {}
[45.381923] (-) TimerEvent: {}
[45.482298] (-) TimerEvent: {}
[45.582974] (-) TimerEvent: {}
[45.683368] (-) TimerEvent: {}
[45.783760] (-) TimerEvent: {}
[45.884169] (-) TimerEvent: {}
[45.984561] (-) TimerEvent: {}
[46.084966] (-) TimerEvent: {}
[46.185350] (-) TimerEvent: {}
[46.285744] (-) TimerEvent: {}
[46.386112] (-) TimerEvent: {}
[46.486464] (-) TimerEvent: {}
[46.586868] (-) TimerEvent: {}
[46.687260] (-) TimerEvent: {}
[46.787645] (-) TimerEvent: {}
[46.888055] (-) TimerEvent: {}
[46.988426] (-) TimerEvent: {}
[47.089418] (-) TimerEvent: {}
[47.189743] (-) TimerEvent: {}
[47.290162] (-) TimerEvent: {}
[47.390508] (-) TimerEvent: {}
[47.490890] (-) TimerEvent: {}
[47.591264] (-) TimerEvent: {}
[47.691648] (-) TimerEvent: {}
[47.792021] (-) TimerEvent: {}
[47.892410] (-) TimerEvent: {}
[47.992777] (-) TimerEvent: {}
[48.093136] (-) TimerEvent: {}
[48.193475] (-) TimerEvent: {}
[48.293874] (-) TimerEvent: {}
[48.394311] (-) TimerEvent: {}
[48.494701] (-) TimerEvent: {}
[48.595081] (-) TimerEvent: {}
[48.695464] (-) TimerEvent: {}
[48.795853] (-) TimerEvent: {}
[48.896233] (-) TimerEvent: {}
[48.996602] (-) TimerEvent: {}
[49.097045] (-) TimerEvent: {}
[49.197491] (-) TimerEvent: {}
[49.297842] (-) TimerEvent: {}
[49.398251] (-) TimerEvent: {}
[49.498579] (-) TimerEvent: {}
[49.598926] (-) TimerEvent: {}
[49.699296] (-) TimerEvent: {}
[49.799707] (-) TimerEvent: {}
[49.900074] (-) TimerEvent: {}
[50.000471] (-) TimerEvent: {}
[50.100902] (-) TimerEvent: {}
[50.201319] (-) TimerEvent: {}
[50.301730] (-) TimerEvent: {}
[50.402090] (-) TimerEvent: {}
[50.502486] (-) TimerEvent: {}
[50.602888] (-) TimerEvent: {}
[50.703309] (-) TimerEvent: {}
[50.803698] (-) TimerEvent: {}
[50.904054] (-) TimerEvent: {}
[51.004424] (-) TimerEvent: {}
[51.104780] (-) TimerEvent: {}
[51.205149] (-) TimerEvent: {}
[51.305493] (-) TimerEvent: {}
[51.405835] (-) TimerEvent: {}
[51.506208] (-) TimerEvent: {}
[51.606587] (-) TimerEvent: {}
[51.706966] (-) TimerEvent: {}
[51.807337] (-) TimerEvent: {}
[51.907720] (-) TimerEvent: {}
[52.008079] (-) TimerEvent: {}
[52.108464] (-) TimerEvent: {}
[52.208832] (-) TimerEvent: {}
[52.309228] (-) TimerEvent: {}
[52.409562] (-) TimerEvent: {}
[52.509939] (-) TimerEvent: {}
[52.610318] (-) TimerEvent: {}
[52.710670] (-) TimerEvent: {}
[52.811057] (-) TimerEvent: {}
[52.911546] (-) TimerEvent: {}
[53.011911] (-) TimerEvent: {}
[53.116464] (-) TimerEvent: {}
[53.216845] (-) TimerEvent: {}
[53.317238] (-) TimerEvent: {}
[53.417640] (-) TimerEvent: {}
[53.518010] (-) TimerEvent: {}
[53.618444] (-) TimerEvent: {}
[53.718819] (-) TimerEvent: {}
[53.819184] (-) TimerEvent: {}
[53.919538] (-) TimerEvent: {}
[54.019921] (-) TimerEvent: {}
[54.120573] (-) TimerEvent: {}
[54.220913] (-) TimerEvent: {}
[54.321278] (-) TimerEvent: {}
[54.421674] (-) TimerEvent: {}
[54.522078] (-) TimerEvent: {}
[54.622468] (-) TimerEvent: {}
[54.722895] (-) TimerEvent: {}
[54.823348] (-) TimerEvent: {}
[54.923803] (-) TimerEvent: {}
[55.024218] (-) TimerEvent: {}
[55.124547] (-) TimerEvent: {}
[55.224907] (-) TimerEvent: {}
[55.325271] (-) TimerEvent: {}
[55.425617] (-) TimerEvent: {}
[55.525995] (-) TimerEvent: {}
[55.627469] (-) TimerEvent: {}
[55.727852] (-) TimerEvent: {}
[55.828241] (-) TimerEvent: {}
[55.928588] (-) TimerEvent: {}
[56.028947] (-) TimerEvent: {}
[56.129288] (-) TimerEvent: {}
[56.229601] (-) TimerEvent: {}
[56.329947] (-) TimerEvent: {}
[56.430292] (-) TimerEvent: {}
[56.530608] (-) TimerEvent: {}
[56.630980] (-) TimerEvent: {}
[56.731424] (-) TimerEvent: {}
[56.831795] (-) TimerEvent: {}
[56.932197] (-) TimerEvent: {}
[57.032596] (-) TimerEvent: {}
[57.132997] (-) TimerEvent: {}
[57.233411] (-) TimerEvent: {}
[57.333872] (-) TimerEvent: {}
[57.434350] (-) TimerEvent: {}
[57.534835] (-) TimerEvent: {}
[57.635216] (-) TimerEvent: {}
[57.735564] (-) TimerEvent: {}
[57.836116] (-) TimerEvent: {}
[57.936521] (-) TimerEvent: {}
[58.036920] (-) TimerEvent: {}
[58.137272] (-) TimerEvent: {}
[58.237712] (-) TimerEvent: {}
[58.338102] (-) TimerEvent: {}
[58.438457] (-) TimerEvent: {}
[58.538797] (-) TimerEvent: {}
[58.639179] (-) TimerEvent: {}
[58.739546] (-) TimerEvent: {}
[58.839890] (-) TimerEvent: {}
[58.940333] (-) TimerEvent: {}
[59.040745] (-) TimerEvent: {}
[59.141125] (-) TimerEvent: {}
[59.241464] (-) TimerEvent: {}
[59.341820] (-) TimerEvent: {}
[59.442185] (-) TimerEvent: {}
[59.542556] (-) TimerEvent: {}
[59.642921] (-) TimerEvent: {}
[59.743289] (-) TimerEvent: {}
[59.843671] (-) TimerEvent: {}
[59.944027] (-) TimerEvent: {}
[60.044423] (-) TimerEvent: {}
[60.144827] (-) TimerEvent: {}
[60.245196] (-) TimerEvent: {}
[60.345522] (-) TimerEvent: {}
[60.445894] (-) TimerEvent: {}
[60.546243] (-) TimerEvent: {}
[60.646553] (-) TimerEvent: {}
[60.746916] (-) TimerEvent: {}
[60.847291] (-) TimerEvent: {}
[60.947632] (-) TimerEvent: {}
[61.048021] (-) TimerEvent: {}
[61.148384] (-) TimerEvent: {}
[61.248761] (-) TimerEvent: {}
[61.349206] (-) TimerEvent: {}
[61.449575] (-) TimerEvent: {}
[61.549993] (-) TimerEvent: {}
[61.650416] (-) TimerEvent: {}
[61.750789] (-) TimerEvent: {}
[61.851154] (-) TimerEvent: {}
[61.951492] (-) TimerEvent: {}
[62.051848] (-) TimerEvent: {}
[62.152225] (-) TimerEvent: {}
[62.252670] (-) TimerEvent: {}
[62.353315] (-) TimerEvent: {}
[62.453660] (-) TimerEvent: {}
[62.554055] (-) TimerEvent: {}
[62.654675] (-) TimerEvent: {}
[62.755028] (-) TimerEvent: {}
[62.855450] (-) TimerEvent: {}
[62.955824] (-) TimerEvent: {}
[63.056222] (-) TimerEvent: {}
[63.156527] (-) TimerEvent: {}
[63.256904] (-) TimerEvent: {}
[63.357253] (-) TimerEvent: {}
[63.457597] (-) TimerEvent: {}
[63.557964] (-) TimerEvent: {}
[63.658325] (-) TimerEvent: {}
[63.758648] (-) TimerEvent: {}
[63.859023] (-) TimerEvent: {}
[63.959347] (-) TimerEvent: {}
[64.059700] (-) TimerEvent: {}
[64.160059] (-) TimerEvent: {}
[64.260510] (-) TimerEvent: {}
[64.360910] (-) TimerEvent: {}
[64.461274] (-) TimerEvent: {}
[64.561652] (-) TimerEvent: {}
[64.662051] (-) TimerEvent: {}
[64.762383] (-) TimerEvent: {}
[64.862792] (-) TimerEvent: {}
[64.963175] (-) TimerEvent: {}
[65.064462] (-) TimerEvent: {}
[65.167467] (-) TimerEvent: {}
[65.267857] (-) TimerEvent: {}
[65.368247] (-) TimerEvent: {}
[65.468980] (-) TimerEvent: {}
[65.569435] (-) TimerEvent: {}
[65.669842] (-) TimerEvent: {}
[65.770314] (-) TimerEvent: {}
[65.870735] (-) TimerEvent: {}
[65.971149] (-) TimerEvent: {}
[66.071567] (-) TimerEvent: {}
[66.172172] (-) TimerEvent: {}
[66.272510] (-) TimerEvent: {}
[66.372960] (-) TimerEvent: {}
[66.473338] (-) TimerEvent: {}
[66.573679] (-) TimerEvent: {}
[66.674085] (-) TimerEvent: {}
[66.774456] (-) TimerEvent: {}
[66.868273] (simple_robot) StdoutLine: {'line': b'[ 75%] \x1b[32m\x1b[1mLinking CXX shared library libgrid_map.so\x1b[0m\n'}
[66.874576] (-) TimerEvent: {}
[66.974992] (-) TimerEvent: {}
[67.075349] (-) TimerEvent: {}
[67.176312] (-) TimerEvent: {}
[67.277811] (-) TimerEvent: {}
[67.378264] (-) TimerEvent: {}
[67.479146] (-) TimerEvent: {}
[67.579713] (-) TimerEvent: {}
[67.680858] (-) TimerEvent: {}
[67.781515] (-) TimerEvent: {}
[67.882216] (-) TimerEvent: {}
[67.982819] (-) TimerEvent: {}
[68.084038] (-) TimerEvent: {}
[68.184465] (-) TimerEvent: {}
[68.285878] (-) TimerEvent: {}
[68.386345] (-) TimerEvent: {}
[68.487178] (-) TimerEvent: {}
[68.587556] (-) TimerEvent: {}
[68.687899] (-) TimerEvent: {}
[68.788295] (-) TimerEvent: {}
[68.888692] (-) TimerEvent: {}
[68.989160] (-) TimerEvent: {}
[69.089687] (-) TimerEvent: {}
[69.101054] (simple_robot) StdoutLine: {'line': b'[100%] Built target grid_map\n'}
[69.128249] (simple_robot) CommandEnded: {'returncode': 0}
[69.131017] (simple_robot) JobProgress: {'identifier': 'simple_robot', 'progress': 'install'}
[69.151117] (simple_robot) Command: {'cmd': ['/usr/bin/cmake', '--install', '/home/martina/rp_project/robot-programming-project/src/simple_robot/build/simple_robot'], 'cwd': '/home/martina/rp_project/robot-programming-project/src/simple_robot/build/simple_robot', 'env': OrderedDict([('GJS_DEBUG_TOPICS', 'JS ERROR;JS LOG'), ('LESSOPEN', '| /usr/bin/env /usr/bin/lesspipe %s 2>/dev/null'), ('CONDA_PROMPT_MODIFIER', '(base)'), ('LC_TIME', 'it_IT.UTF-8'), ('USER', 'martina'), ('XDG_SESSION_TYPE', 'wayland'), ('GIT_ASKPASS', '/usr/share/code/resources/app/extensions/git/dist/askpass.sh'), ('SHLVL', '2'), ('LD_LIBRARY_PATH', '/opt/ros/humble/opt/rviz_ogre_vendor/lib:/opt/ros/humble/lib/x86_64-linux-gnu:/opt/ros/humble/lib::/home/martina/.mujoco/mujoco210/bin:/usr/lib/nvidia:~/anaconda3/lib'), ('HOME', '/home/martina'), ('OLDPWD', '/home/martina/rp_project/robot-programming-project/src/simple_robot'), ('CHROME_DESKTOP', 'code.desktop'), ('TERMINFO', '/home/martina/.terminfo'), ('LESS', '-iRFXMx4'), ('CONDA_SHLVL', '1'), ('DESKTOP_SESSION', 'ubuntu'), ('TERM_PROGRAM_VERSION', '1.97.2'), ('GIO_LAUNCHED_DESKTOP_FILE', '/usr/share/applications/code.desktop'), ('LSCOLORS', 'ExGxDxDxCxDxDxFxFxexEx'), ('GTK_MODULES', 'gail:atk-bridge'), ('GNOME_SHELL_SESSION_MODE', 'ubuntu'), ('VSCODE_GIT_ASKPASS_MAIN', '/usr/share/code/resources/app/extensions/git/dist/askpass-main.js'), ('PAGER', 'less'), ('ROS_PYTHON_VERSION', '3'), ('LC_MONETARY', 'it_IT.UTF-8'), ('MANAGERPID', '887'), ('VSCODE_GIT_ASKPASS_NODE', '/usr/share/code/code'), ('SYSTEMD_EXEC_PID', '1152'), ('DBUS_SESSION_BUS_ADDRESS', 'unix:path=/run/user/1000/bus'), ('P9K_TTY', 'old'), ('GIO_LAUNCHED_DESKTOP_FILE_PID', '3260'), ('COLORTERM', 'truecolor'), ('_CE_M', ''), ('WAYLAND_DISPLAY', 'wayland-0'), ('INFOPATH', ''), ('ROS_DISTRO', 'humble'), ('COLCON_PREFIX_PATH', '/home/martina/rp_project/robot-programming-project/install'), ('LOGNAME', 'martina'), ('_', '/usr/bin/colcon'), ('JOURNAL_STREAM', '8:11413'), ('_P9K_SSH_TTY', '/dev/pts/2'), ('XDG_SESSION_CLASS', 'user'), ('USER_ZDOTDIR', '/home/martina'), ('ROS_VERSION', '2'), ('USERNAME', 'martina'), ('TERM', 'xterm-256color'), ('GNOME_DESKTOP_SESSION_ID', 'this-is-deprecated'), ('_CE_CONDA', ''), ('ROS_LOCALHOST_ONLY', '0'), ('PATH', '/opt/ros/humble/bin:/home/martina/.local/bin:/home/martina/.local/bin:/usr/lib/ccache:.:/home/martina/.mujoco/mujoco210/bin:/usr/lib/nvidia:/home/martina/anaconda3/condabin:/home/martina/bin:/home/martina/.local/bin:/usr/local/sbin:/usr/local/bin:/usr/sbin:/usr/bin:/sbin:/bin:/usr/games:/usr/local/games:/snap/bin:/home/martina/.cache/zsh4humans/v5/fzf/bin:/home/martina/other/install/bin'), ('SESSION_MANAGER', 'local/Martina-ThinkPad-X1-Yoga:@/tmp/.ICE-unix/1105,unix/Martina-ThinkPad-X1-Yoga:/tmp/.ICE-unix/1105'), ('INVOCATION_ID', 'abb78b4b018940349bd4da4c8fed9753'), ('LC_ADDRESS', 'it_IT.UTF-8'), ('XDG_RUNTIME_DIR', '/run/user/1000'), ('XDG_MENU_PREFIX', 'gnome-'), ('GNOME_SETUP_DISPLAY', ':1'), ('GDK_BACKEND', 'x11'), ('DISPLAY', ':0'), ('LANG', 'en_US.UTF-8'), ('LC_TELEPHONE', 'it_IT.UTF-8'), ('XDG_CURRENT_DESKTOP', 'Unity'), ('VSCODE_INJECTION', '1'), ('LD_PRELOAD', ':/usr/lib/x86_64-linux-gnu/libGLEW.so'), ('XDG_SESSION_DESKTOP', 'ubuntu'), ('XMODIFIERS', '@im=ibus'), ('XAUTHORITY', '/run/user/1000/.mutter-Xwaylandauth.L52E22'), ('TERM_PROGRAM', 'vscode'), ('VSCODE_GIT_IPC_HANDLE', '/run/user/1000/vscode-git-f640f2b3f6.sock'), ('LS_COLORS', 'fi=00:mi=00:mh=00:ln=01;36:or=01;31:di=01;34:ow=04;01;34:st=34:tw=04;34:pi=01;33:so=01;33:do=01;33:bd=01;33:cd=01;33:su=01;35:sg=01;35:ca=01;35:ex=01;32:no=38;5;248'), ('TREE_COLORS', 'fi=00:mi=00:mh=00:ln=01;36:or=01;31:di=01;34:ow=01;34:st=34:tw=34:pi=01;33:so=01;33:do=01;33:bd=01;33:cd=01;33:su=01;35:sg=01;35:ca=01;35:ex=01;32'), ('SSH_AGENT_LAUNCHER', 'gnome-keyring'), ('SSH_AUTH_SOCK', '/run/user/1000/keyring/ssh'), ('ORIGINAL_XDG_CURRENT_DESKTOP', 'ubuntu:GNOME'), ('CONDA_PYTHON_EXE', '/home/martina/anaconda3/bin/python'), ('AMENT_PREFIX_PATH', '/home/martina/rp_project/robot-programming-project/install/simple_robot:/opt/ros/humble'), ('LC_NAME', 'it_IT.UTF-8'), ('SHELL', '/usr/local/bin/zsh'), ('DEST', '/home/martina/other/install'), ('QT_ACCESSIBILITY', '1'), ('GDMSESSION', 'ubuntu'), ('CONDA_DEFAULT_ENV', 'base'), ('LC_MEASUREMENT', 'it_IT.UTF-8'), ('LC_IDENTIFICATION', 'it_IT.UTF-8'), ('GJS_DEBUG_OUTPUT', 'stderr'), ('P9K_SSH', '0'), ('QT_IM_MODULE', 'ibus'), ('VSCODE_GIT_ASKPASS_EXTRA_ARGS', ''), ('VSCODE_NONCE', '052e925b-acb5-444f-b870-f20c06506941'), ('LC_ALL', 'en_US.UTF-8'), ('PWD', '/home/martina/rp_project/robot-programming-project/src/simple_robot/build/simple_robot'), ('GPG_TTY', '/dev/pts/2'), ('XDG_DATA_DIRS', '/usr/local/share/:/usr/share/:/var/lib/snapd/desktop'), ('ZDOTDIR', '/home/martina'), ('_P9K_TTY', '/dev/pts/2'), ('CONDA_EXE', '/home/martina/anaconda3/bin/conda'), ('LC_NUMERIC', 'it_IT.UTF-8'), ('PYTHONPATH', '/opt/ros/humble/lib/python3.10/site-packages:/opt/ros/humble/local/lib/python3.10/dist-packages:/home/martina/other/install/lib/python3.10/site-packages/'), ('LC_PAPER', 'it_IT.UTF-8'), ('CONDA_PREFIX', '/home/martina/anaconda3'), ('COLCON', '1'), ('MANPATH', '/usr/local/share/man:/home/martina/.cache/zsh4humans/v5/fzf/man:'), ('CMAKE_PREFIX_PATH', '/home/martina/rp_project/robot-programming-project/install/simple_robot:/opt/ros/humble')]), 'shell': False}
[69.169119] (simple_robot) StdoutLine: {'line': b'-- Install configuration: ""\n'}
[69.170028] (simple_robot) StdoutLine: {'line': b'-- Installing: /home/martina/rp_project/robot-programming-project/src/simple_robot/install/simple_robot/lib/simple_robot/robot_map_node\n'}
[69.185259] (simple_robot) StdoutLine: {'line': b'-- Set runtime path of "/home/martina/rp_project/robot-programming-project/src/simple_robot/install/simple_robot/lib/simple_robot/robot_map_node" to ""\n'}
[69.186269] (simple_robot) StdoutLine: {'line': b'-- Up-to-date: /home/martina/rp_project/robot-programming-project/src/simple_robot/install/simple_robot/share/ament_index/resource_index/package_run_dependencies/simple_robot\n'}
[69.186590] (simple_robot) StdoutLine: {'line': b'-- Up-to-date: /home/martina/rp_project/robot-programming-project/src/simple_robot/install/simple_robot/share/ament_index/resource_index/parent_prefix_path/simple_robot\n'}
[69.188520] (simple_robot) StdoutLine: {'line': b'-- Up-to-date: /home/martina/rp_project/robot-programming-project/src/simple_robot/install/simple_robot/share/simple_robot/environment/ament_prefix_path.sh\n'}
[69.188805] (simple_robot) StdoutLine: {'line': b'-- Installing: /home/martina/rp_project/robot-programming-project/src/simple_robot/install/simple_robot/share/simple_robot/environment/ament_prefix_path.dsv\n'}
[69.189133] (simple_robot) StdoutLine: {'line': b'-- Up-to-date: /home/martina/rp_project/robot-programming-project/src/simple_robot/install/simple_robot/share/simple_robot/environment/path.sh\n'}
[69.189360] (simple_robot) StdoutLine: {'line': b'-- Installing: /home/martina/rp_project/robot-programming-project/src/simple_robot/install/simple_robot/share/simple_robot/environment/path.dsv\n'}
[69.189788] (-) TimerEvent: {}
[69.190083] (simple_robot) StdoutLine: {'line': b'-- Up-to-date: /home/martina/rp_project/robot-programming-project/src/simple_robot/install/simple_robot/share/simple_robot/local_setup.bash\n'}
[69.190608] (simple_robot) StdoutLine: {'line': b'-- Up-to-date: /home/martina/rp_project/robot-programming-project/src/simple_robot/install/simple_robot/share/simple_robot/local_setup.sh\n'}
[69.191010] (simple_robot) StdoutLine: {'line': b'-- Up-to-date: /home/martina/rp_project/robot-programming-project/src/simple_robot/install/simple_robot/share/simple_robot/local_setup.zsh\n'}
[69.193040] (simple_robot) StdoutLine: {'line': b'-- Installing: /home/martina/rp_project/robot-programming-project/src/simple_robot/install/simple_robot/share/simple_robot/local_setup.dsv\n'}
[69.193855] (simple_robot) StdoutLine: {'line': b'-- Installing: /home/martina/rp_project/robot-programming-project/src/simple_robot/install/simple_robot/share/simple_robot/package.dsv\n'}
[69.195840] (simple_robot) StdoutLine: {'line': b'-- Up-to-date: /home/martina/rp_project/robot-programming-project/src/simple_robot/install/simple_robot/share/ament_index/resource_index/packages/simple_robot\n'}
[69.198482] (simple_robot) StdoutLine: {'line': b'-- Up-to-date: /home/martina/rp_project/robot-programming-project/src/simple_robot/install/simple_robot/share/simple_robot/cmake/simple_robotConfig.cmake\n'}
[69.198826] (simple_robot) StdoutLine: {'line': b'-- Up-to-date: /home/martina/rp_project/robot-programming-project/src/simple_robot/install/simple_robot/share/simple_robot/cmake/simple_robotConfig-version.cmake\n'}
[69.199580] (simple_robot) StdoutLine: {'line': b'-- Up-to-date: /home/martina/rp_project/robot-programming-project/src/simple_robot/install/simple_robot/share/simple_robot/package.xml\n'}
[69.200549] (simple_robot) CommandEnded: {'returncode': 0}
[69.242016] (simple_robot) JobEnded: {'identifier': 'simple_robot', 'rc': 0}
[69.243264] (-) EventReactorShutdown: {}
